91.207.4.186 - - [04/Mar/2013:23:54:58 -0600] "GET / HTTP/1.1" 200 10513 "http://phone69.ru/" "Mozilla/4.0 (compatible; MSIE 6.0; Windows NT 5.1; SV1; .NET CLR 1.1.4322)"
208.115.113.86 - - [05/Mar/2013:00:57:28 -0600] "GET /robots.txt HTTP/1.1" 404 - "-" "Mozilla/5.0 (compatible; Ezooms/1.0; ezooms.bot@gmail.com)"
173.199.116.211 - - [05/Mar/2013:01:16:17 -0600] "GET /events/carousel_11/carousel_11.html HTTP/1.1" 200 3712 "-" "Mozilla/5.0 (compatible; AhrefsBot/4.0; +http://ahrefs.com/robot/)"
199.21.99.103 - - [05/Mar/2013:02:01:35 -0600] "GET /events/ermy_event/ermy.html HTTP/1.1" 200 3507 "-" "Mozilla/5.0 (compatible; YandexBot/3.0; +http://yandex.com/bots)"
208.115.113.86 - - [05/Mar/2013:02:05:10 -0600] "GET /java_for_joes/index.html HTTP/1.1" 404 - "-" "Mozilla/5.0 (compatible; Ezooms/1.0; ezooms.bot@gmail.com)"
199.21.99.103 - - [05/Mar/2013:03:37:29 -0600] "GET /pdf/Veterans%20Resource%20Fair.pdf HTTP/1.1" 304 - "-" "Mozilla/5.0 (compatible; YandexBot/3.0; +http://yandex.com/bots)"
91.207.4.186 - - [05/Mar/2013:03:50:14 -0600] "GET / HTTP/1.1" 200 10513 "http://pharmacybiz.ru/" "Mozilla/4.0 (compatible; MSIE 6.0; Windows NT 5.1; Maxthon; .NET CLR 1.1.4322)"
91.207.4.186 - - [05/Mar/2013:03:50:15 -0600] "GET / HTTP/1.1" 200 10513 "http://pharmacybiz.ru/" "Mozilla/4.0 (compatible; MSIE 6.0; Windows NT 5.1; Maxthon; .NET CLR 1.1.4322)"
91.207.4.186 - - [05/Mar/2013:03:50:16 -0600] "GET / HTTP/1.1" 200 10513 "http://pharmacybiz.ru/" "Mozilla/4.0 (compatible; MSIE 6.0; Windows NT 5.1; Maxthon; .NET CLR 1.1.4322)"
94.153.64.117 - - [05/Mar/2013:04:47:55 -0600] "GET / HTTP/1.1" 200 10513 "http://onlinekinovse.ru/" "Mozilla/4.0 (compatible; MSIE 6.0; Windows NT 5.1; Maxthon; .NET CLR 1.1.4322)"
94.153.64.117 - - [05/Mar/2013:04:47:56 -0600] "GET / HTTP/1.1" 200 10513 "http://onlinekinovse.ru/" "Mozilla/4.0 (compatible; MSIE 6.0; Windows NT 5.1; Maxthon; .NET CLR 1.1.4322)"
94.153.64.117 - - [05/Mar/2013:04:47:56 -0600] "GET / HTTP/1.1" 200 10513 "http://onlinekinovse.ru/" "Mozilla/4.0 (compatible; MSIE 6.0; Windows NT 5.1; Maxthon; .NET CLR 1.1.4322)"
91.207.9.226 - - [05/Mar/2013:04:49:42 -0600] "GET / HTTP/1.1" 200 10513 "http://remont-ustanovka-tehniki.ru/" "Mozilla/4.0 (compatible; MSIE 6.0; Windows NT 5.1; Maxthon; .NET CLR 1.1.4322)"
91.207.9.226 - - [05/Mar/2013:04:49:46 -0600] "GET / HTTP/1.1" 200 10513 "http://remont-ustanovka-tehniki.ru/" "Mozilla/4.0 (compatible; MSIE 6.0; Windows NT 5.1; Maxthon; .NET CLR 1.1.4322)"
91.207.9.226 - - [05/Mar/2013:04:49:47 -0600] "GET / HTTP/1.1" 200 10513 "http://remont-ustanovka-tehniki.ru/" "Mozilla/4.0 (compatible; MSIE 6.0; Windows NT 5.1; Maxthon; .NET CLR 1.1.4322)"
173.199.116.211 - - [05/Mar/2013:04:49:57 -0600] "GET /_inc/contact.php HTTP/1.1" 200 756 "-" "Mozilla/5.0 (compatible; AhrefsBot/4.0; +http://ahrefs.com/robot/)"
173.199.116.211 - - [05/Mar/2013:04:52:22 -0600] "GET /aboutus.php HTTP/1.1" 200 11667 "-" "Mozilla/5.0 (compatible; AhrefsBot/4.0; +http://ahrefs.com/robot/)"
91.207.4.186 - - [05/Mar/2013:05:20:33 -0600] "GET / HTTP/1.1" 200 10513 "http://bablonow.ru/" "Mozilla/4.0 (compatible; MSIE 6.0; Windows NT 5.1; Maxthon; .NET CLR 1.1.4322)"
91.207.4.186 - - [05/Mar/2013:05:20:34 -0600] "GET / HTTP/1.1" 200 10513 "http://bablonow.ru/" "Mozilla/4.0 (compatible; MSIE 6.0; Windows NT 5.1; Maxthon; .NET CLR 1.1.4322)"
91.207.4.186 - - [05/Mar/2013:05:20:35 -0600] "GET / HTTP/1.1" 200 10513 "http://bablonow.ru/" "Mozilla/4.0 (compatible; MSIE 6.0; Windows NT 5.1; Maxthon; .NET CLR 1.1.4322)"
66.249.74.75 - - [05/Mar/2013:05:53:56 -0600] "GET /robots.txt HTTP/1.1" 404 - "-" "Mozilla/5.0 (compatible; Googlebot/2.1; +http://www.google.com/bot.html)"
66.249.74.223 - - [05/Mar/2013:05:58:22 -0600] "GET /robots.txt HTTP/1.1" 404 - "-" "Mozilla/5.0 (compatible; Googlebot/2.1; +http://www.google.com/bot.html)"
66.249.74.218 - - [05/Mar/2013:05:58:22 -0600] "GET / HTTP/1.1" 200 10513 "-" "SAMSUNG-SGH-E250/1.0 Profile/MIDP-2.0 Configuration/CLDC-1.1 UP.Browser/6.2.3.3.c.1.101 (GUI) MMP/2.0 (compatible; Googlebot-Mobile/2.1; +http://www.google.com/bot.html)"
199.21.99.103 - - [05/Mar/2013:06:18:23 -0600] "GET /events/vet_picnic/vet_picnic.html HTTP/1.1" 200 3163 "-" "Mozilla/5.0 (compatible; YandexBot/3.0; +http://yandex.com/bots)"
46.229.160.208 - - [05/Mar/2013:06:20:39 -0600] "GET /pdf/REVISION2%20Military%20Kids%20Camp%202012%20(2).pdf HTTP/1.1" 200 1691328 "-" "Mozilla/5.0 (Macintosh; U; Intel Mac OS X 10_5_5; en-us) AppleWebKit/525.18 (KHTML, like Gecko) Version/3.1.2 Safari/525.20.1"
157.55.35.80 - - [05/Mar/2013:06:52:52 -0600] "GET /robots.txt HTTP/1.1" 404 - "-" "Mozilla/5.0 (compatible; bingbot/2.0; +http://www.bing.com/bingbot.htm)"
157.55.35.80 - - [05/Mar/2013:06:55:24 -0600] "GET / HTTP/1.1" 200 10513 "-" "Mozilla/5.0 (compatible; bingbot/2.0; +http://www.bing.com/bingbot.htm)"
216.145.17.190 - - [05/Mar/2013:07:24:05 -0600] "GET /robots.txt HTTP/1.0" 404 - "-" "Mozilla/5.0 (Windows; U; Windows NT 5.1; en; rv:1.9.0.13) Gecko/2009073022 Firefox/3.5.2 (.NET CLR 3.5.30729) SurveyBot/2.3 (DomainTools)"
216.145.17.190 - - [05/Mar/2013:07:24:05 -0600] "GET / HTTP/1.1" 200 10513 "http://whois.domaintools.com/operationspokaneheroes.org" "Mozilla/5.0 (Windows; U; Windows NT 5.1; en; rv:1.9.0.13) Gecko/2009073022 Firefox/3.5.2 (.NET CLR 3.5.30729) SurveyBot/2.3 (DomainTools)"
180.76.5.175 - - [05/Mar/2013:07:50:42 -0600] "GET / HTTP/1.1" 200 10513 "-" "Mozilla/5.0 (compatible; Baiduspider/2.0; +http://www.baidu.com/search/spider.html)"
220.181.108.153 - - [05/Mar/2013:07:57:38 -0600] "GET / HTTP/1.1" 200 10513 "-" "Mozilla/5.0 (compatible; Baiduspider/2.0; +http://www.baidu.com/search/spider.html)"
193.106.136.51 - - [05/Mar/2013:08:42:33 -0600] "GET / HTTP/1.1" 200 10513 "http://www.odeialo.ru/" "Mozilla/1.22 (compatible; MSIE 2.0d; Windows NT)"
193.106.136.51 - - [05/Mar/2013:08:42:34 -0600] "GET / HTTP/1.1" 200 10513 "http://www.odeialo.ru/" "Mozilla/1.22 (compatible; MSIE 2.0d; Windows NT)"
94.153.64.117 - - [05/Mar/2013:09:15:44 -0600] "GET / HTTP/1.1" 200 10513 "http://magnetfox.com/" "Mozilla/4.0 (compatible; MSIE 6.0; Windows NT 5.1; FREE; .NET CLR 1.1.4322)"
94.153.64.117 - - [05/Mar/2013:09:15:45 -0600] "GET / HTTP/1.1" 200 10513 "http://magnetfox.com/" "Mozilla/4.0 (compatible; MSIE 6.0; Windows NT 5.1; FREE; .NET CLR 1.1.4322)"
94.153.64.117 - - [05/Mar/2013:09:15:46 -0600] "GET / HTTP/1.1" 200 10513 "http://magnetfox.com/" "Mozilla/4.0 (compatible; MSIE 6.0; Windows NT 5.1; FREE; .NET CLR 1.1.4322)"
178.137.92.96 - - [05/Mar/2013:10:02:58 -0600] "GET / HTTP/1.1" 200 10513 "http://www.a-tg.ru/" "Mozilla/4.0 (compatible; MSIE 5.5; Windows NT 5.0; T312461)"
178.137.92.96 - - [05/Mar/2013:10:02:58 -0600] "GET / HTTP/1.1" 200 10513 "http://problemsdengami.net/" "Opera/9.01 (Windows NT 5.1; U; en)"
178.137.92.96 - - [05/Mar/2013:10:02:59 -0600] "GET / HTTP/1.1" 200 10513 "http://www.a-tg.ru/" "Mozilla/4.0 (compatible; MSIE 5.5; Windows NT 5.0; T312461)"
178.137.92.96 - - [05/Mar/2013:10:02:59 -0600] "GET / HTTP/1.1" 200 10513 "http://problemsdengami.net/" "Opera/9.01 (Windows NT 5.1; U; en)"
178.137.92.96 - - [05/Mar/2013:10:03:00 -0600] "GET / HTTP/1.1" 200 10513 "http://problemsdengami.net/" "Opera/9.01 (Windows NT 5.1; U; en)"
178.137.92.96 - - [05/Mar/2013:10:03:00 -0600] "GET / HTTP/1.1" 200 10513 "http://www.a-tg.ru/" "Mozilla/4.0 (compatible; MSIE 5.5; Windows NT 5.0; T312461)"
132.3.65.78 - - [05/Mar/2013:10:27:39 -0600] "GET /pdf/2010_Top100_Military_Friendly_Employers.pdf HTTP/1.1" 200 711726 "-" "Mozilla/4.0 (compatible;)"
173.199.116.211 - - [05/Mar/2013:10:59:13 -0600] "GET /pdf/174%20Stores%20and%20Business%20Offering%20Military%20Discounts1.pdf HTTP/1.1" 200 122888 "-" "Mozilla/5.0 (compatible; AhrefsBot/4.0; +http://ahrefs.com/robot/)"
173.199.116.211 - - [05/Mar/2013:11:01:41 -0600] "GET /events/vet_picnic/vet_picnic.html HTTP/1.1" 200 3163 "-" "Mozilla/5.0 (compatible; AhrefsBot/4.0; +http://ahrefs.com/robot/)"
199.21.99.103 - - [05/Mar/2013:11:35:06 -0600] "GET /robots.txt HTTP/1.1" 404 - "-" "Mozilla/5.0 (compatible; YandexBot/3.0; +http://yandex.com/bots)"
66.249.74.210 - - [05/Mar/2013:11:44:21 -0600] "GET /images/2_big.gif HTTP/1.1" 304 - "-" "Googlebot-Image/1.0"
92.249.127.111 - - [05/Mar/2013:12:09:35 -0600] "GET / HTTP/1.1" 200 10513 "http://elita-lady.ru/" "Mozilla/5.0 (compatible; news bot /2.1)"
92.249.127.111 - - [05/Mar/2013:12:09:36 -0600] "GET / HTTP/1.1" 200 10513 "http://elita-lady.ru/" "Mozilla/5.0 (compatible; news bot /2.1)"
92.249.127.111 - - [05/Mar/2013:12:09:37 -0600] "GET / HTTP/1.1" 200 10513 "http://elita-lady.ru/" "Mozilla/5.0 (compatible; news bot /2.1)"
66.249.76.146 - - [05/Mar/2013:13:07:48 -0600] "GET /images/2_big.gif HTTP/1.1" 304 - "-" "Googlebot-Image/1.0"
180.76.5.184 - - [05/Mar/2013:13:48:33 -0600] "GET / HTTP/1.1" 200 10513 "-" "Mozilla/5.0 (compatible; Baiduspider/2.0; +http://www.baidu.com/search/spider.html)"
173.199.116.211 - - [05/Mar/2013:14:13:03 -0600] "GET /calendar.php HTTP/1.1" 200 10730 "-" "Mozilla/5.0 (compatible; AhrefsBot/4.0; +http://ahrefs.com/robot/)"
180.76.5.186 - - [05/Mar/2013:14:21:54 -0600] "GET /java_for_joes/index.html HTTP/1.1" 404 - "-" "Mozilla/5.0 (compatible; Baiduspider/2.0; +http://www.baidu.com/search/spider.html)"
66.249.74.8 - - [05/Mar/2013:15:04:09 -0600] "GET /business.php HTTP/1.1" 200 10813 "-" "Mozilla/5.0 (iPhone; U; CPU iPhone OS 4_1 like Mac OS X; en-us) AppleWebKit/532.9 (KHTML, like Gecko) Version/4.0.5 Mobile/8B117 Safari/6531.22.7 (compatible; Googlebot-Mobile/2.1; +http://www.google.com/bot.html)"
173.199.116.211 - - [05/Mar/2013:15:25:49 -0600] "GET /donate.php HTTP/1.1" 200 11699 "-" "Mozilla/5.0 (compatible; AhrefsBot/4.0; +http://ahrefs.com/robot/)"
123.151.148.190 - - [05/Mar/2013:15:44:01 -0600] "GET /robots.txt HTTP/1.1" 404 - "-" "Sosospider+(+http://help.soso.com/webspider.htm)"
123.151.148.190 - - [05/Mar/2013:15:44:01 -0600] "GET / HTTP/1.1" 200 10513 "-" "Sosospider+(+http://help.soso.com/webspider.htm)"
123.151.148.190 - - [05/Mar/2013:15:44:11 -0600] "GET /_inc/slide.php HTTP/1.1" 200 3205 "http://operationspokaneheroes.org/" "Sosospider+(+http://help.soso.com/webspider.htm)"
123.151.148.190 - - [05/Mar/2013:15:44:21 -0600] "GET /css/footer.css HTTP/1.1" 200 752 "http://operationspokaneheroes.org/" "Sosospider+(+http://help.soso.com/webspider.htm)"
123.151.148.190 - - [05/Mar/2013:15:44:31 -0600] "GET /css/global.css HTTP/1.1" 200 13951 "http://operationspokaneheroes.org/" "Sosospider+(+http://help.soso.com/webspider.htm)"
123.151.148.190 - - [05/Mar/2013:15:44:41 -0600] "GET /slider/index.html HTTP/1.1" 200 2395 "http://operationspokaneheroes.org/" "Sosospider+(+http://help.soso.com/webspider.htm)"
173.199.116.211 - - [05/Mar/2013:16:52:31 -0600] "GET /events/ermy_event/ermy.html HTTP/1.1" 200 3507 "-" "Mozilla/5.0 (compatible; AhrefsBot/4.0; +http://ahrefs.com/robot/)"
173.199.116.211 - - [05/Mar/2013:17:35:00 -0600] "GET /pdf/2010_Top100_Military_Friendly_Employers.pdf HTTP/1.1" 200 711726 "-" "Mozilla/5.0 (compatible; AhrefsBot/4.0; +http://ahrefs.com/robot/)"
199.21.99.103 - - [05/Mar/2013:18:21:22 -0600] "GET /pdf/2010_Top100_Military_Friendly_Employers.pdf HTTP/1.1" 200 711726 "-" "Mozilla/5.0 (compatible; YandexBot/3.0; +http://yandex.com/bots)"
199.21.99.103 - - [05/Mar/2013:18:21:28 -0600] "GET /java_for_joes/index.html HTTP/1.1" 404 - "-" "Mozilla/5.0 (compatible; YandexBot/3.0; MirrorDetector; +http://yandex.com/bots)"
199.21.99.103 - - [05/Mar/2013:18:21:30 -0600] "GET /java_for_joes/index.html?3e3ea140 HTTP/1.1" 404 - "-" "Mozilla/5.0 (compatible; YandexBot/3.0; MirrorDetector; +http://yandex.com/bots)"
78.158.11.226 - - [05/Mar/2013:18:43:58 -0600] "GET / HTTP/1.1" 200 10513 "http://evuln.com/tools/malware-scanner/operationspokaneheroes.org/" "Lynx/2.8.5rel.1 libwww-FM/2.15FC SSL-MM/1.4.1c OpenSSL/0.9.7e-dev"
78.158.11.226 - - [05/Mar/2013:18:43:59 -0600] "GET / HTTP/1.1" 200 10513 "http://www.google.com/url?sa=t&rct=j&q=operationspokaneheroes.org&source=web&cd=5&ved=0CF0QFjAE&url=http:%2F%2Foperationspokaneheroes.org%2F&cad=rja" "Lynx/2.8.5rel.1 libwww-FM/2.15FC SSL-MM/1.4.1c OpenSSL/0.9.7e-dev"
78.158.11.226 - - [05/Mar/2013:18:44:00 -0600] "GET /contact.php HTTP/1.1" 200 10519 "http://operationspokaneheroes.org/" "Lynx/2.8.5rel.1 libwww-FM/2.15FC SSL-MM/1.4.1c OpenSSL/0.9.7e-dev"
78.158.11.226 - - [05/Mar/2013:18:44:00 -0600] "GET /events.php HTTP/1.1" 200 6407 "-" "Lynx/2.8.5rel.1 libwww-FM/2.15FC SSL-MM/1.4.1c OpenSSL/0.9.7e-dev"
157.55.35.80 - - [05/Mar/2013:18:44:51 -0600] "GET /robots.txt HTTP/1.1" 404 - "-" "Mozilla/5.0 (compatible; bingbot/2.0; +http://www.bing.com/bingbot.htm)"
157.55.35.80 - - [05/Mar/2013:18:46:13 -0600] "GET / HTTP/1.1" 200 10513 "-" "Mozilla/5.0 (compatible; bingbot/2.0; +http://www.bing.com/bingbot.htm)"
78.158.11.226 - - [05/Mar/2013:19:12:02 -0600] "GET / HTTP/1.1" 200 10513 "http://evuln.com/tools/malware-scanner/operationspokaneheroes.org/" "Lynx/2.8.5rel.1 libwww-FM/2.15FC SSL-MM/1.4.1c OpenSSL/0.9.7e-dev"
78.158.11.226 - - [05/Mar/2013:19:12:03 -0600] "GET / HTTP/1.1" 200 10513 "http://www.google.com/url?sa=t&rct=j&q=operationspokaneheroes.org&source=web&cd=5&ved=0CF0QFjAE&url=http:%2F%2Foperationspokaneheroes.org%2F&cad=rja" "Lynx/2.8.5rel.1 libwww-FM/2.15FC SSL-MM/1.4.1c OpenSSL/0.9.7e-dev"
78.158.11.226 - - [05/Mar/2013:19:12:03 -0600] "GET /contact.php HTTP/1.1" 200 10519 "http://operationspokaneheroes.org/" "Lynx/2.8.5rel.1 libwww-FM/2.15FC SSL-MM/1.4.1c OpenSSL/0.9.7e-dev"
78.158.11.226 - - [05/Mar/2013:19:12:04 -0600] "GET /aboutus.php HTTP/1.1" 200 11667 "-" "Lynx/2.8.5rel.1 libwww-FM/2.15FC SSL-MM/1.4.1c OpenSSL/0.9.7e-dev"
180.76.5.7 - - [05/Mar/2013:19:49:18 -0600] "GET /java_for_joes/index.html HTTP/1.1" 404 - "-" "Mozilla/5.0 (compatible; Baiduspider/2.0; +http://www.baidu.com/search/spider.html)"
157.55.35.34 - - [05/Mar/2013:20:39:58 -0600] "GET /robots.txt HTTP/1.1" 404 - "-" "Mozilla/5.0 (compatible; bingbot/2.0; +http://www.bing.com/bingbot.htm)"
157.55.35.34 - - [05/Mar/2013:20:41:47 -0600] "GET /_inc/slide.php HTTP/1.1" 200 3205 "-" "Mozilla/5.0 (compatible; bingbot/2.0; +http://www.bing.com/bingbot.htm)"
157.55.35.34 - - [05/Mar/2013:20:41:47 -0600] "GET /slider/index.html HTTP/1.1" 200 2395 "-" "Mozilla/5.0 (compatible; bingbot/2.0; +http://www.bing.com/bingbot.htm)"
157.56.93.194 - - [05/Mar/2013:20:50:16 -0600] "GET /events/vet_picnic/vet_picnic.html HTTP/1.1" 200 3163 "-" "Mozilla/5.0 (compatible; bingbot/2.0; +http://www.bing.com/bingbot.htm)"
79.143.179.238 - - [05/Mar/2013:20:52:33 -0600] "GET /java_for_joes/index.html HTTP/1.1" 404 - "-" "Mozilla/4.0 (compatible; MSIE 7.0; Windows NT 6.0; Trident/5.0)"
157.56.93.207 - - [05/Mar/2013:20:52:46 -0600] "GET /events.php HTTP/1.1" 200 6407 "-" "Mozilla/5.0 (compatible; bingbot/2.0; +http://www.bing.com/bingbot.htm)"
157.56.93.207 - - [05/Mar/2013:20:52:46 -0600] "GET /business.php HTTP/1.1" 200 10813 "-" "Mozilla/5.0 (compatible; bingbot/2.0; +http://www.bing.com/bingbot.htm)"
157.56.93.207 - - [05/Mar/2013:20:52:50 -0600] "GET /events/carousel_11/carousel_11.html HTTP/1.1" 200 3712 "-" "Mozilla/5.0 (compatible; bingbot/2.0; +http://www.bing.com/bingbot.htm)"
65.55.52.86 - - [05/Mar/2013:20:53:46 -0600] "GET /calendar.php HTTP/1.1" 200 10730 "-" "Mozilla/5.0 (compatible; bingbot/2.0; +http://www.bing.com/bingbot.htm)"
157.55.32.86 - - [05/Mar/2013:20:59:16 -0600] "GET /contact.php HTTP/1.1" 200 10519 "-" "Mozilla/5.0 (compatible; bingbot/2.0; +http://www.bing.com/bingbot.htm)"
157.55.32.86 - - [05/Mar/2013:20:59:16 -0600] "GET /donate.php HTTP/1.1" 200 11699 "-" "Mozilla/5.0 (compatible; bingbot/2.0; +http://www.bing.com/bingbot.htm)"
157.55.32.86 - - [05/Mar/2013:20:59:21 -0600] "GET /events/ermy_event/ermy.html HTTP/1.1" 200 3507 "-" "Mozilla/5.0 (compatible; bingbot/2.0; +http://www.bing.com/bingbot.htm)"
173.199.116.211 - - [05/Mar/2013:21:10:26 -0600] "GET /join/ HTTP/1.1" 404 - "-" "Mozilla/5.0 (compatible; AhrefsBot/4.0; +http://ahrefs.com/robot/)"
173.199.116.211 - - [05/Mar/2013:21:36:37 -0600] "GET /events.php HTTP/1.1" 200 6407 "-" "Mozilla/5.0 (compatible; AhrefsBot/4.0; +http://ahrefs.com/robot/)"
173.199.116.211 - - [05/Mar/2013:21:56:30 -0600] "GET /join/ HTTP/1.1" 404 - "-" "Mozilla/5.0 (compatible; AhrefsBot/4.0; +http://ahrefs.com/robot/)"
66.249.74.224 - - [05/Mar/2013:22:00:39 -0600] "GET /robots.txt HTTP/1.1" 404 - "-" "Mozilla/5.0 (compatible; Googlebot/2.1; +http://www.google.com/bot.html)"
66.249.74.204 - - [05/Mar/2013:22:00:39 -0600] "GET /java_for_joes/index.html HTTP/1.1" 404 - "-" "Mozilla/5.0 (compatible; Googlebot/2.1; +http://www.google.com/bot.html)"
173.199.116.211 - - [05/Mar/2013:22:23:58 -0600] "GET /slider/index.html HTTP/1.1" 200 2395 "-" "Mozilla/5.0 (compatible; AhrefsBot/4.0; +http://ahrefs.com/robot/)"
180.76.6.233 - - [05/Mar/2013:23:06:17 -0600] "GET /join/ HTTP/1.1" 404 - "-" "Mozilla/5.0 (compatible; Baiduspider/2.0; +http://www.baidu.com/search/spider.html)"
157.55.35.80 - - [06/Mar/2013:00:16:59 -0600] "GET /robots.txt HTTP/1.1" 404 - "-" "Mozilla/5.0 (compatible; bingbot/2.0; +http://www.bing.com/bingbot.htm)"
157.55.35.80 - - [06/Mar/2013:00:18:13 -0600] "GET /slider.html HTTP/1.1" 200 8245 "-" "Mozilla/5.0 (compatible; bingbot/2.0; +http://www.bing.com/bingbot.htm)"
193.106.136.39 - - [06/Mar/2013:00:34:59 -0600] "GET / HTTP/1.1" 200 10513 "http://www.a-tg.ru/" "Mozilla/1.22 (compatible; MSIE 2.0; Windows 95)"
193.106.136.39 - - [06/Mar/2013:00:35:00 -0600] "GET / HTTP/1.1" 200 10513 "http://www.a-tg.ru/" "Mozilla/1.22 (compatible; MSIE 2.0; Windows 95)"
180.76.5.19 - - [06/Mar/2013:01:47:49 -0600] "GET /aboutus.php HTTP/1.1" 200 11667 "-" "Mozilla/5.0 (compatible; Baiduspider/2.0; +http://www.baidu.com/search/spider.html)"
173.199.116.211 - - [06/Mar/2013:02:22:13 -0600] "GET /events/ermy_event/ermy.html HTTP/1.1" 200 3507 "-" "Mozilla/5.0 (compatible; AhrefsBot/4.0; +http://ahrefs.com/robot/)"
199.21.99.103 - - [06/Mar/2013:02:57:30 -0600] "GET /robots.txt HTTP/1.1" 404 - "-" "Mozilla/5.0 (compatible; YandexBot/3.0; +http://yandex.com/bots)"
79.143.179.238 - - [06/Mar/2013:04:05:12 -0600] "GET / HTTP/1.1" 200 10513 "-" "Mozilla/4.0 (compatible; MSIE 7.0; Windows NT 6.0; Trident/5.0)"
65.55.213.245 - - [06/Mar/2013:04:53:23 -0600] "GET /trafficbasedsspsitemap.xml HTTP/1.1" 404 - "-" "Mozilla/5.0 (compatible; bingbot/2.0; +http://www.bing.com/bingbot.htm) SitemapProbe"
65.55.213.245 - - [06/Mar/2013:05:07:12 -0600] "GET /trafficbasedsspsitemap.xml HTTP/1.1" 404 - "-" "Mozilla/5.0 (compatible; bingbot/2.0; +http://www.bing.com/bingbot.htm) SitemapProbe"
89.108.102.171 - - [06/Mar/2013:05:50:32 -0600] "GET / HTTP/1.1" 200 10513 "http://getseo.co.il/" "Mozilla/4.0 (compatible; MSIE 7.0b; Windows NT 6.0)"
89.108.102.171 - - [06/Mar/2013:05:50:36 -0600] "GET / HTTP/1.1" 200 10513 "http://getseo.co.il/" "Mozilla/4.0 (compatible; MSIE 7.0b; Windows NT 6.0)"
157.55.35.80 - - [06/Mar/2013:06:35:31 -0600] "GET /robots.txt HTTP/1.1" 404 - "-" "Mozilla/5.0 (compatible; bingbot/2.0; +http://www.bing.com/bingbot.htm)"
157.55.35.80 - - [06/Mar/2013:06:36:46 -0600] "GET / HTTP/1.1" 200 10513 "-" "Mozilla/5.0 (compatible; bingbot/2.0; +http://www.bing.com/bingbot.htm)"
199.21.99.103 - - [06/Mar/2013:08:26:29 -0600] "GET /robots.txt HTTP/1.1" 404 - "-" "Mozilla/5.0 (compatible; YandexBot/3.0; +http://yandex.com/bots)"
66.249.74.9 - - [06/Mar/2013:10:33:54 -0600] "GET /robots.txt HTTP/1.1" 404 - "-" "Mozilla/5.0 (compatible; Googlebot/2.1; +http://www.google.com/bot.html)"
66.249.74.210 - - [06/Mar/2013:10:33:54 -0600] "GET / HTTP/1.1" 200 10513 "-" "DoCoMo/2.0 N905i(c100;TB;W24H16) (compatible; Googlebot-Mobile/2.1; +http://www.google.com/bot.html)"
199.21.99.103 - - [06/Mar/2013:11:09:30 -0600] "GET / HTTP/1.1" 200 10513 "-" "Mozilla/5.0 (compatible; YandexBot/3.0; +http://yandex.com/bots)"
173.199.119.35 - - [06/Mar/2013:12:32:46 -0600] "GET /aboutus.php HTTP/1.1" 200 11667 "-" "Mozilla/5.0 (compatible; AhrefsBot/4.0; +http://ahrefs.com/robot/)"
94.153.64.117 - - [06/Mar/2013:13:25:44 -0600] "GET / HTTP/1.1" 200 10513 "http://www.ceramic.ru/" "Mozilla/4.0 (compatible; MSIE 6.0; Windows NT 5.1; SV1; .NET CLR 1.1.4322; XMPP Tiscali Communicator v.10.0.2; .NET CLR 2.0.50727)"
94.153.64.117 - - [06/Mar/2013:13:25:45 -0600] "GET / HTTP/1.1" 200 10513 "http://www.ceramic.ru/" "Mozilla/4.0 (compatible; MSIE 6.0; Windows NT 5.1; SV1; .NET CLR 1.1.4322; XMPP Tiscali Communicator v.10.0.2; .NET CLR 2.0.50727)"
94.153.64.117 - - [06/Mar/2013:13:25:47 -0600] "GET / HTTP/1.1" 200 10513 "http://www.ceramic.ru/" "Mozilla/4.0 (compatible; MSIE 6.0; Windows NT 5.1; SV1; .NET CLR 1.1.4322; XMPP Tiscali Communicator v.10.0.2; .NET CLR 2.0.50727)"
66.249.74.74 - - [06/Mar/2013:13:56:57 -0600] "GET /robots.txt HTTP/1.1" 404 - "-" "Mozilla/5.0 (compatible; Googlebot/2.1; +http://www.google.com/bot.html)"
66.249.74.105 - - [06/Mar/2013:13:56:58 -0600] "GET / HTTP/1.1" 200 10513 "-" "Mozilla/5.0 (compatible; Googlebot/2.1; +http://www.google.com/bot.html)"
193.106.136.38 - - [06/Mar/2013:14:18:02 -0600] "GET / HTTP/1.1" 200 10513 "http://www.vseshmotki.com/" "Mozilla/4.0 (compatible; MSIE 6.0; Windows NT 5.1)"
193.106.136.38 - - [06/Mar/2013:14:18:03 -0600] "GET / HTTP/1.1" 200 10513 "http://www.vseshmotki.com/" "Mozilla/4.0 (compatible; MSIE 6.0; Windows NT 5.1)"
173.199.119.35 - - [06/Mar/2013:14:27:35 -0600] "GET / HTTP/1.1" 200 10513 "-" "Mozilla/5.0 (compatible; AhrefsBot/4.0; +http://ahrefs.com/robot/)"
207.109.182.95 - - [06/Mar/2013:14:34:37 -0600] "GET / HTTP/1.1" 200 10513 "-" "Mozilla/5.0 (Windows NT 6.1; WOW64; rv:19.0) Gecko/20100101 Firefox/19.0"
207.109.182.95 - - [06/Mar/2013:14:34:38 -0600] "GET /images/contacticon.png HTTP/1.1" 200 4499 "http://operationspokaneheroes.org/" "Mozilla/5.0 (Windows NT 6.1; WOW64; rv:19.0) Gecko/20100101 Firefox/19.0"
207.109.182.95 - - [06/Mar/2013:14:34:38 -0600] "GET /images/global.png HTTP/1.1" 200 5737 "http://operationspokaneheroes.org/" "Mozilla/5.0 (Windows NT 6.1; WOW64; rv:19.0) Gecko/20100101 Firefox/19.0"
207.109.182.95 - - [06/Mar/2013:14:34:38 -0600] "GET /slider/index.html HTTP/1.1" 200 2395 "http://operationspokaneheroes.org/" "Mozilla/5.0 (Windows NT 6.1; WOW64; rv:19.0) Gecko/20100101 Firefox/19.0"
207.109.182.95 - - [06/Mar/2013:14:34:38 -0600] "GET /_inc/slide.php HTTP/1.1" 200 3205 "http://operationspokaneheroes.org/" "Mozilla/5.0 (Windows NT 6.1; WOW64; rv:19.0) Gecko/20100101 Firefox/19.0"
207.109.182.95 - - [06/Mar/2013:14:34:38 -0600] "GET /css/global.css HTTP/1.1" 200 13951 "http://operationspokaneheroes.org/" "Mozilla/5.0 (Windows NT 6.1; WOW64; rv:19.0) Gecko/20100101 Firefox/19.0"
207.109.182.95 - - [06/Mar/2013:14:34:38 -0600] "GET /css/footer.css HTTP/1.1" 200 752 "http://operationspokaneheroes.org/" "Mozilla/5.0 (Windows NT 6.1; WOW64; rv:19.0) Gecko/20100101 Firefox/19.0"
207.109.182.95 - - [06/Mar/2013:14:34:38 -0600] "GET /images/facebook.png HTTP/1.1" 200 5004 "http://operationspokaneheroes.org/" "Mozilla/5.0 (Windows NT 6.1; WOW64; rv:19.0) Gecko/20100101 Firefox/19.0"
207.109.182.95 - - [06/Mar/2013:14:34:38 -0600] "GET /slider/css/style.css HTTP/1.1" 200 1376 "http://operationspokaneheroes.org/slider/index.html" "Mozilla/5.0 (Windows NT 6.1; WOW64; rv:19.0) Gecko/20100101 Firefox/19.0"
207.109.182.95 - - [06/Mar/2013:14:34:38 -0600] "GET /slider/js/startstop-slider.js HTTP/1.1" 200 1737 "http://operationspokaneheroes.org/slider/index.html" "Mozilla/5.0 (Windows NT 6.1; WOW64; rv:19.0) Gecko/20100101 Firefox/19.0"
207.109.182.95 - - [06/Mar/2013:14:34:38 -0600] "GET /css/slide.css HTTP/1.1" 200 2869 "http://operationspokaneheroes.org/_inc/slide.php" "Mozilla/5.0 (Windows NT 6.1; WOW64; rv:19.0) Gecko/20100101 Firefox/19.0"
207.109.182.95 - - [06/Mar/2013:14:34:38 -0600] "GET /css/style_global.css HTTP/1.1" 200 2621 "http://operationspokaneheroes.org/_inc/slide.php" "Mozilla/5.0 (Windows NT 6.1; WOW64; rv:19.0) Gecko/20100101 Firefox/19.0"
207.109.182.95 - - [06/Mar/2013:14:34:39 -0600] "GET /images/nav2.jpg HTTP/1.1" 200 4444 "http://operationspokaneheroes.org/" "Mozilla/5.0 (Windows NT 6.1; WOW64; rv:19.0) Gecko/20100101 Firefox/19.0"
207.109.182.95 - - [06/Mar/2013:14:34:39 -0600] "GET /mainbk.png HTTP/1.1" 200 290 "http://operationspokaneheroes.org/" "Mozilla/5.0 (Windows NT 6.1; WOW64; rv:19.0) Gecko/20100101 Firefox/19.0"
207.109.182.95 - - [06/Mar/2013:14:34:39 -0600] "GET /images/imagslider-2.png HTTP/1.1" 200 50693 "http://operationspokaneheroes.org/slider/index.html" "Mozilla/5.0 (Windows NT 6.1; WOW64; rv:19.0) Gecko/20100101 Firefox/19.0"
207.109.182.95 - - [06/Mar/2013:14:34:38 -0600] "GET /images/bg2.jpg HTTP/1.1" 200 55206 "http://operationspokaneheroes.org/css/global.css" "Mozilla/5.0 (Windows NT 6.1; WOW64; rv:19.0) Gecko/20100101 Firefox/19.0"
207.109.182.95 - - [06/Mar/2013:14:34:39 -0600] "GET /images/imagslider-1.png HTTP/1.1" 200 52806 "http://operationspokaneheroes.org/slider/index.html" "Mozilla/5.0 (Windows NT 6.1; WOW64; rv:19.0) Gecko/20100101 Firefox/19.0"
207.109.182.95 - - [06/Mar/2013:14:34:38 -0600] "GET /slider/js/jquery-1.2.6.js HTTP/1.1" 200 100196 "http://operationspokaneheroes.org/slider/index.html" "Mozilla/5.0 (Windows NT 6.1; WOW64; rv:19.0) Gecko/20100101 Firefox/19.0"
207.109.182.95 - - [06/Mar/2013:14:34:41 -0600] "GET /images/imagslider-3.png HTTP/1.1" 200 37819 "http://operationspokaneheroes.org/slider/index.html" "Mozilla/5.0 (Windows NT 6.1; WOW64; rv:19.0) Gecko/20100101 Firefox/19.0"
207.109.182.95 - - [06/Mar/2013:14:34:41 -0600] "GET /images/imagslider-4.png HTTP/1.1" 200 40656 "http://operationspokaneheroes.org/slider/index.html" "Mozilla/5.0 (Windows NT 6.1; WOW64; rv:19.0) Gecko/20100101 Firefox/19.0"
207.109.182.95 - - [06/Mar/2013:14:34:43 -0600] "GET /slider/images/slider-bg.jpg HTTP/1.1" 200 3447 "http://operationspokaneheroes.org/slider/css/style.css" "Mozilla/5.0 (Windows NT 6.1; WOW64; rv:19.0) Gecko/20100101 Firefox/19.0"
207.109.182.95 - - [06/Mar/2013:14:34:42 -0600] "GET /images/slder2.png HTTP/1.1" 200 32853 "http://operationspokaneheroes.org/slider/index.html" "Mozilla/5.0 (Windows NT 6.1; WOW64; rv:19.0) Gecko/20100101 Firefox/19.0"
207.109.182.95 - - [06/Mar/2013:14:34:38 -0600] "GET /images/logo.png HTTP/1.1" 200 226129 "http://operationspokaneheroes.org/" "Mozilla/5.0 (Windows NT 6.1; WOW64; rv:19.0) Gecko/20100101 Firefox/19.0"
207.109.182.95 - - [06/Mar/2013:14:34:38 -0600] "GET /js/combined.js HTTP/1.1" 200 169946 "http://operationspokaneheroes.org/_inc/slide.php" "Mozilla/5.0 (Windows NT 6.1; WOW64; rv:19.0) Gecko/20100101 Firefox/19.0"
207.109.182.95 - - [06/Mar/2013:14:34:45 -0600] "GET /images/we_believe.png HTTP/1.1" 200 1785 "http://operationspokaneheroes.org/css/slide.css" "Mozilla/5.0 (Windows NT 6.1; WOW64; rv:19.0) Gecko/20100101 Firefox/19.0"
207.109.182.95 - - [06/Mar/2013:14:34:45 -0600] "GET /images/we_strive.png HTTP/1.1" 200 1981 "http://operationspokaneheroes.org/css/slide.css" "Mozilla/5.0 (Windows NT 6.1; WOW64; rv:19.0) Gecko/20100101 Firefox/19.0"
207.109.182.95 - - [06/Mar/2013:14:34:45 -0600] "GET /images/mission_statement_bg.png HTTP/1.1" 200 11413 "http://operationspokaneheroes.org/css/slide.css" "Mozilla/5.0 (Windows NT 6.1; WOW64; rv:19.0) Gecko/20100101 Firefox/19.0"
207.109.182.95 - - [06/Mar/2013:14:34:45 -0600] "GET /images/we_help.png HTTP/1.1" 200 1514 "http://operationspokaneheroes.org/css/slide.css" "Mozilla/5.0 (Windows NT 6.1; WOW64; rv:19.0) Gecko/20100101 Firefox/19.0"
207.109.182.95 - - [06/Mar/2013:14:34:45 -0600] "GET /images/we_need.png HTTP/1.1" 200 2138 "http://operationspokaneheroes.org/css/slide.css" "Mozilla/5.0 (Windows NT 6.1; WOW64; rv:19.0) Gecko/20100101 Firefox/19.0"
207.109.182.95 - - [06/Mar/2013:14:34:45 -0600] "GET /assets/images/btn_top_search_hover.png HTTP/1.1" 404 - "http://operationspokaneheroes.org/_inc/slide.php" "Mozilla/5.0 (Windows NT 6.1; WOW64; rv:19.0) Gecko/20100101 Firefox/19.0"
207.109.182.95 - - [06/Mar/2013:14:34:45 -0600] "GET /assets/images/btn_main_search_hover.png HTTP/1.1" 404 - "http://operationspokaneheroes.org/_inc/slide.php" "Mozilla/5.0 (Windows NT 6.1; WOW64; rv:19.0) Gecko/20100101 Firefox/19.0"
207.109.182.95 - - [06/Mar/2013:14:34:45 -0600] "GET /images/1.jpg HTTP/1.1" 200 142489 "http://operationspokaneheroes.org/_inc/slide.php" "Mozilla/5.0 (Windows NT 6.1; WOW64; rv:19.0) Gecko/20100101 Firefox/19.0"
207.109.182.95 - - [06/Mar/2013:14:34:45 -0600] "GET /images/2.jpg HTTP/1.1" 200 170993 "http://operationspokaneheroes.org/_inc/slide.php" "Mozilla/5.0 (Windows NT 6.1; WOW64; rv:19.0) Gecko/20100101 Firefox/19.0"
207.109.182.95 - - [06/Mar/2013:14:34:45 -0600] "GET /images/4.jpg HTTP/1.1" 200 186934 "http://operationspokaneheroes.org/_inc/slide.php" "Mozilla/5.0 (Windows NT 6.1; WOW64; rv:19.0) Gecko/20100101 Firefox/19.0"
207.109.182.95 - - [06/Mar/2013:14:34:45 -0600] "GET /images/3.jpg HTTP/1.1" 200 240733 "http://operationspokaneheroes.org/_inc/slide.php" "Mozilla/5.0 (Windows NT 6.1; WOW64; rv:19.0) Gecko/20100101 Firefox/19.0"
207.109.182.95 - - [06/Mar/2013:14:34:51 -0600] "GET /favicon.ico HTTP/1.1" 404 - "-" "Mozilla/5.0 (Windows NT 6.1; WOW64; rv:19.0) Gecko/20100101 Firefox/19.0"
207.109.182.95 - - [06/Mar/2013:14:34:51 -0600] "GET /favicon.ico HTTP/1.1" 404 - "-" "Mozilla/5.0 (Windows NT 6.1; WOW64; rv:19.0) Gecko/20100101 Firefox/19.0"
173.199.119.35 - - [06/Mar/2013:14:40:10 -0600] "GET /business.php HTTP/1.1" 200 10813 "-" "Mozilla/5.0 (compatible; AhrefsBot/4.0; +http://ahrefs.com/robot/)"
92.249.127.111 - - [06/Mar/2013:14:56:27 -0600] "GET / HTTP/1.1" 200 10513 "http://www.a-tg.ru/" "Mozilla/5.0 (compatible; news bot /2.1)"
92.249.127.111 - - [06/Mar/2013:14:56:28 -0600] "GET / HTTP/1.1" 200 10513 "http://www.a-tg.ru/" "Mozilla/5.0 (compatible; news bot /2.1)"
173.199.119.35 - - [06/Mar/2013:15:07:00 -0600] "GET /pdf/2010_Top100_Military_Friendly_Employers.pdf HTTP/1.1" 200 711726 "-" "Mozilla/5.0 (compatible; AhrefsBot/4.0; +http://ahrefs.com/robot/)"
178.137.92.96 - - [06/Mar/2013:15:41:49 -0600] "GET / HTTP/1.1" 200 10513 "http://xxx-russian.ru/" "Mozilla/4.0 (compatible; MSIE 5.5; Windows NT 5.0; T312461)"
178.137.92.96 - - [06/Mar/2013:15:41:50 -0600] "GET / HTTP/1.1" 200 10513 "http://xxx-russian.ru/" "Mozilla/4.0 (compatible; MSIE 5.5; Windows NT 5.0; T312461)"
178.137.92.96 - - [06/Mar/2013:15:41:51 -0600] "GET / HTTP/1.1" 200 10513 "http://xxx-russian.ru/" "Mozilla/4.0 (compatible; MSIE 5.5; Windows NT 5.0; T312461)"
173.199.119.35 - - [06/Mar/2013:16:23:16 -0600] "GET /events/vet_picnic/vet_picnic.html HTTP/1.1" 200 3163 "-" "Mozilla/5.0 (compatible; AhrefsBot/4.0; +http://ahrefs.com/robot/)"
91.207.4.186 - - [06/Mar/2013:16:58:59 -0600] "GET / HTTP/1.1" 200 10513 "http://worldtatoo.ru/" "Mozilla/4.0 (compatible; MSIE 6.0; Windows NT 5.2; Win64; AMD64)"
91.207.4.186 - - [06/Mar/2013:16:59:00 -0600] "GET / HTTP/1.1" 200 10513 "http://worldtatoo.ru/" "Mozilla/4.0 (compatible; MSIE 6.0; Windows NT 5.2; Win64; AMD64)"
91.207.4.186 - - [06/Mar/2013:16:59:02 -0600] "GET / HTTP/1.1" 200 10513 "http://worldtatoo.ru/" "Mozilla/4.0 (compatible; MSIE 6.0; Windows NT 5.2; Win64; AMD64)"
66.249.74.80 - - [06/Mar/2013:16:59:31 -0600] "GET / HTTP/1.1" 200 10513 "-" "Mozilla/5.0 (iPhone; U; CPU iPhone OS 4_1 like Mac OS X; en-us) AppleWebKit/532.9 (KHTML, like Gecko) Version/4.0.5 Mobile/8B117 Safari/6531.22.7 (compatible; Googlebot-Mobile/2.1; +http://www.google.com/bot.html)"
66.249.74.1 - - [06/Mar/2013:17:13:29 -0600] "GET /robots.txt HTTP/1.1" 404 - "-" "Mozilla/5.0 (compatible; Googlebot/2.1; +http://www.google.com/bot.html)"
66.249.74.9 - - [06/Mar/2013:17:13:29 -0600] "GET / HTTP/1.1" 200 10513 "-" "Mozilla/5.0 (iPhone; U; CPU iPhone OS 4_1 like Mac OS X; en-us) AppleWebKit/532.9 (KHTML, like Gecko) Version/4.0.5 Mobile/8B117 Safari/6531.22.7 (compatible; Googlebot-Mobile/2.1; +http://www.google.com/bot.html)"
66.249.74.217 - - [06/Mar/2013:17:24:08 -0600] "GET /css/style_global.css HTTP/1.1" 200 2621 "-" "Mozilla/5.0 (compatible; Googlebot/2.1; +http://www.google.com/bot.html)"
66.249.74.220 - - [06/Mar/2013:17:24:10 -0600] "GET /css/slide.css HTTP/1.1" 200 2869 "-" "Mozilla/5.0 (compatible; Googlebot/2.1; +http://www.google.com/bot.html)"
66.249.74.229 - - [06/Mar/2013:17:24:10 -0600] "GET /slider/css/style.css HTTP/1.1" 200 1376 "-" "Mozilla/5.0 (compatible; Googlebot/2.1; +http://www.google.com/bot.html)"
66.249.74.9 - - [06/Mar/2013:17:24:10 -0600] "GET /css/footer.css HTTP/1.1" 200 752 "-" "Mozilla/5.0 (compatible; Googlebot/2.1; +http://www.google.com/bot.html)"
66.249.74.208 - - [06/Mar/2013:17:24:10 -0600] "GET /css/global.css HTTP/1.1" 200 13951 "-" "Mozilla/5.0 (compatible; Googlebot/2.1; +http://www.google.com/bot.html)"
199.21.99.103 - - [06/Mar/2013:17:49:43 -0600] "GET / HTTP/1.1" 200 10513 "-" "Mozilla/5.0 (compatible; YandexBot/3.0; MirrorDetector; +http://yandex.com/bots)"
199.21.99.103 - - [06/Mar/2013:17:49:47 -0600] "GET / HTTP/1.1" 200 10513 "-" "Mozilla/5.0 (compatible; YandexBot/3.0; MirrorDetector; +http://yandex.com/bots)"
199.21.99.103 - - [06/Mar/2013:17:49:48 -0600] "GET /robots.txt HTTP/1.1" 404 - "-" "Mozilla/5.0 (compatible; YandexBot/3.0; +http://yandex.com/bots)"
199.21.99.103 - - [06/Mar/2013:17:49:51 -0600] "GET / HTTP/1.1" 200 10513 "-" "Mozilla/5.0 (compatible; YandexBot/3.0; MirrorDetector; +http://yandex.com/bots)"
199.21.99.103 - - [06/Mar/2013:17:49:55 -0600] "GET / HTTP/1.1" 200 10513 "-" "Mozilla/5.0 (compatible; YandexBot/3.0; MirrorDetector; +http://yandex.com/bots)"
157.55.35.80 - - [06/Mar/2013:18:40:30 -0600] "GET /robots.txt HTTP/1.1" 404 - "-" "Mozilla/5.0 (compatible; bingbot/2.0; +http://www.bing.com/bingbot.htm)"
157.55.35.80 - - [06/Mar/2013:18:42:43 -0600] "GET / HTTP/1.1" 200 10513 "-" "Mozilla/5.0 (compatible; bingbot/2.0; +http://www.bing.com/bingbot.htm)"
180.153.236.67 - - [06/Mar/2013:19:28:17 -0600] "GET /java_for_joes/index.html?3e3ea140 HTTP/1.1" 404 - "http://operationspokaneheroes.org/java_for_joes/index.html?3e3ea140" "Mozilla/5.0 (Windows; U; Windows NT 5.1; zh-CN; rv:1.8.0.11) Gecko/20070312 Firefox/1.5.0.11; 360Spider"
123.151.148.190 - - [06/Mar/2013:20:27:48 -0600] "HEAD / HTTP/1.1" 200 - "-" "Sosospider+(+http://help.soso.com/webspider.htm)"
174.61.145.156 - - [06/Mar/2013:20:33:54 -0600] "GET / HTTP/1.1" 200 10513 "-" "Mozilla/5.0 (Windows NT 6.1; WOW64) AppleWebKit/537.22 (KHTML, like Gecko) Chrome/25.0.1364.152 Safari/537.22"
174.61.145.156 - - [06/Mar/2013:20:33:54 -0600] "GET /css/footer.css HTTP/1.1" 200 752 "http://www.operationspokaneheroes.org/" "Mozilla/5.0 (Windows NT 6.1; WOW64) AppleWebKit/537.22 (KHTML, like Gecko) Chrome/25.0.1364.152 Safari/537.22"
174.61.145.156 - - [06/Mar/2013:20:33:54 -0600] "GET /slider/index.html HTTP/1.1" 200 2395 "http://www.operationspokaneheroes.org/" "Mozilla/5.0 (Windows NT 6.1; WOW64) AppleWebKit/537.22 (KHTML, like Gecko) Chrome/25.0.1364.152 Safari/537.22"
174.61.145.156 - - [06/Mar/2013:20:33:54 -0600] "GET /images/contacticon.png HTTP/1.1" 200 4499 "http://www.operationspokaneheroes.org/" "Mozilla/5.0 (Windows NT 6.1; WOW64) AppleWebKit/537.22 (KHTML, like Gecko) Chrome/25.0.1364.152 Safari/537.22"
174.61.145.156 - - [06/Mar/2013:20:33:54 -0600] "GET /css/global.css HTTP/1.1" 200 13951 "http://www.operationspokaneheroes.org/" "Mozilla/5.0 (Windows NT 6.1; WOW64) AppleWebKit/537.22 (KHTML, like Gecko) Chrome/25.0.1364.152 Safari/537.22"
174.61.145.156 - - [06/Mar/2013:20:33:54 -0600] "GET /_inc/slide.php HTTP/1.1" 200 3205 "http://www.operationspokaneheroes.org/" "Mozilla/5.0 (Windows NT 6.1; WOW64) AppleWebKit/537.22 (KHTML, like Gecko) Chrome/25.0.1364.152 Safari/537.22"
174.61.145.156 - - [06/Mar/2013:20:33:54 -0600] "GET /images/global.png HTTP/1.1" 200 5737 "http://www.operationspokaneheroes.org/" "Mozilla/5.0 (Windows NT 6.1; WOW64) AppleWebKit/537.22 (KHTML, like Gecko) Chrome/25.0.1364.152 Safari/537.22"
174.61.145.156 - - [06/Mar/2013:20:33:54 -0600] "GET /images/facebook.png HTTP/1.1" 200 5004 "http://www.operationspokaneheroes.org/" "Mozilla/5.0 (Windows NT 6.1; WOW64) AppleWebKit/537.22 (KHTML, like Gecko) Chrome/25.0.1364.152 Safari/537.22"
174.61.145.156 - - [06/Mar/2013:20:33:54 -0600] "GET /slider/css/style.css HTTP/1.1" 200 1376 "http://www.operationspokaneheroes.org/slider/index.html" "Mozilla/5.0 (Windows NT 6.1; WOW64) AppleWebKit/537.22 (KHTML, like Gecko) Chrome/25.0.1364.152 Safari/537.22"
174.61.145.156 - - [06/Mar/2013:20:33:55 -0600] "GET /slider/js/startstop-slider.js HTTP/1.1" 200 1737 "http://www.operationspokaneheroes.org/slider/index.html" "Mozilla/5.0 (Windows NT 6.1; WOW64) AppleWebKit/537.22 (KHTML, like Gecko) Chrome/25.0.1364.152 Safari/537.22"
174.61.145.156 - - [06/Mar/2013:20:33:55 -0600] "GET /css/style_global.css HTTP/1.1" 200 2621 "http://www.operationspokaneheroes.org/_inc/slide.php" "Mozilla/5.0 (Windows NT 6.1; WOW64) AppleWebKit/537.22 (KHTML, like Gecko) Chrome/25.0.1364.152 Safari/537.22"
174.61.145.156 - - [06/Mar/2013:20:33:55 -0600] "GET /css/slide.css HTTP/1.1" 200 2869 "http://www.operationspokaneheroes.org/_inc/slide.php" "Mozilla/5.0 (Windows NT 6.1; WOW64) AppleWebKit/537.22 (KHTML, like Gecko) Chrome/25.0.1364.152 Safari/537.22"
174.61.145.156 - - [06/Mar/2013:20:33:55 -0600] "GET /images/nav2.jpg HTTP/1.1" 200 4444 "http://www.operationspokaneheroes.org/" "Mozilla/5.0 (Windows NT 6.1; WOW64) AppleWebKit/537.22 (KHTML, like Gecko) Chrome/25.0.1364.152 Safari/537.22"
174.61.145.156 - - [06/Mar/2013:20:33:55 -0600] "GET /mainbk.png HTTP/1.1" 200 290 "http://www.operationspokaneheroes.org/" "Mozilla/5.0 (Windows NT 6.1; WOW64) AppleWebKit/537.22 (KHTML, like Gecko) Chrome/25.0.1364.152 Safari/537.22"
174.61.145.156 - - [06/Mar/2013:20:33:55 -0600] "GET /images/bg2.jpg HTTP/1.1" 200 55206 "http://www.operationspokaneheroes.org/" "Mozilla/5.0 (Windows NT 6.1; WOW64) AppleWebKit/537.22 (KHTML, like Gecko) Chrome/25.0.1364.152 Safari/537.22"
174.61.145.156 - - [06/Mar/2013:20:33:54 -0600] "GET /slider/js/jquery-1.2.6.js HTTP/1.1" 200 100196 "http://www.operationspokaneheroes.org/slider/index.html" "Mozilla/5.0 (Windows NT 6.1; WOW64) AppleWebKit/537.22 (KHTML, like Gecko) Chrome/25.0.1364.152 Safari/537.22"
174.61.145.156 - - [06/Mar/2013:20:33:54 -0600] "GET /images/logo.png HTTP/1.1" 200 226129 "http://www.operationspokaneheroes.org/" "Mozilla/5.0 (Windows NT 6.1; WOW64) AppleWebKit/537.22 (KHTML, like Gecko) Chrome/25.0.1364.152 Safari/537.22"
174.61.145.156 - - [06/Mar/2013:20:33:56 -0600] "GET /slider/images/slider-bg.jpg HTTP/1.1" 200 3447 "http://www.operationspokaneheroes.org/slider/index.html" "Mozilla/5.0 (Windows NT 6.1; WOW64) AppleWebKit/537.22 (KHTML, like Gecko) Chrome/25.0.1364.152 Safari/537.22"
174.61.145.156 - - [06/Mar/2013:20:33:56 -0600] "GET /images/slder2.png HTTP/1.1" 200 32853 "http://www.operationspokaneheroes.org/slider/index.html" "Mozilla/5.0 (Windows NT 6.1; WOW64) AppleWebKit/537.22 (KHTML, like Gecko) Chrome/25.0.1364.152 Safari/537.22"
174.61.145.156 - - [06/Mar/2013:20:33:55 -0600] "GET /js/combined.js HTTP/1.1" 200 169946 "http://www.operationspokaneheroes.org/_inc/slide.php" "Mozilla/5.0 (Windows NT 6.1; WOW64) AppleWebKit/537.22 (KHTML, like Gecko) Chrome/25.0.1364.152 Safari/537.22"
174.61.145.156 - - [06/Mar/2013:20:33:56 -0600] "GET /images/imagslider-4.png HTTP/1.1" 200 40656 "http://www.operationspokaneheroes.org/slider/index.html" "Mozilla/5.0 (Windows NT 6.1; WOW64) AppleWebKit/537.22 (KHTML, like Gecko) Chrome/25.0.1364.152 Safari/537.22"
174.61.145.156 - - [06/Mar/2013:20:33:56 -0600] "GET /images/imagslider-1.png HTTP/1.1" 200 52806 "http://www.operationspokaneheroes.org/slider/index.html" "Mozilla/5.0 (Windows NT 6.1; WOW64) AppleWebKit/537.22 (KHTML, like Gecko) Chrome/25.0.1364.152 Safari/537.22"
174.61.145.156 - - [06/Mar/2013:20:33:56 -0600] "GET /images/imagslider-3.png HTTP/1.1" 200 37819 "http://www.operationspokaneheroes.org/slider/index.html" "Mozilla/5.0 (Windows NT 6.1; WOW64) AppleWebKit/537.22 (KHTML, like Gecko) Chrome/25.0.1364.152 Safari/537.22"
174.61.145.156 - - [06/Mar/2013:20:33:56 -0600] "GET /images/imagslider-2.png HTTP/1.1" 200 50693 "http://www.operationspokaneheroes.org/slider/index.html" "Mozilla/5.0 (Windows NT 6.1; WOW64) AppleWebKit/537.22 (KHTML, like Gecko) Chrome/25.0.1364.152 Safari/537.22"
174.61.145.156 - - [06/Mar/2013:20:33:57 -0600] "GET /images/mission_statement_bg.png HTTP/1.1" 200 11413 "http://www.operationspokaneheroes.org/_inc/slide.php" "Mozilla/5.0 (Windows NT 6.1; WOW64) AppleWebKit/537.22 (KHTML, like Gecko) Chrome/25.0.1364.152 Safari/537.22"
174.61.145.156 - - [06/Mar/2013:20:33:57 -0600] "GET /images/we_believe.png HTTP/1.1" 200 1785 "http://www.operationspokaneheroes.org/_inc/slide.php" "Mozilla/5.0 (Windows NT 6.1; WOW64) AppleWebKit/537.22 (KHTML, like Gecko) Chrome/25.0.1364.152 Safari/537.22"
174.61.145.156 - - [06/Mar/2013:20:33:57 -0600] "GET /images/we_strive.png HTTP/1.1" 200 1981 "http://www.operationspokaneheroes.org/_inc/slide.php" "Mozilla/5.0 (Windows NT 6.1; WOW64) AppleWebKit/537.22 (KHTML, like Gecko) Chrome/25.0.1364.152 Safari/537.22"
174.61.145.156 - - [06/Mar/2013:20:33:57 -0600] "GET /images/we_help.png HTTP/1.1" 200 1514 "http://www.operationspokaneheroes.org/_inc/slide.php" "Mozilla/5.0 (Windows NT 6.1; WOW64) AppleWebKit/537.22 (KHTML, like Gecko) Chrome/25.0.1364.152 Safari/537.22"
174.61.145.156 - - [06/Mar/2013:20:33:57 -0600] "GET /images/we_need.png HTTP/1.1" 200 2138 "http://www.operationspokaneheroes.org/_inc/slide.php" "Mozilla/5.0 (Windows NT 6.1; WOW64) AppleWebKit/537.22 (KHTML, like Gecko) Chrome/25.0.1364.152 Safari/537.22"
174.61.145.156 - - [06/Mar/2013:20:33:57 -0600] "GET /assets/images/btn_top_search_hover.png HTTP/1.1" 404 - "http://www.operationspokaneheroes.org/_inc/slide.php" "Mozilla/5.0 (Windows NT 6.1; WOW64) AppleWebKit/537.22 (KHTML, like Gecko) Chrome/25.0.1364.152 Safari/537.22"
174.61.145.156 - - [06/Mar/2013:20:33:58 -0600] "GET /assets/images/btn_main_search_hover.png HTTP/1.1" 404 - "http://www.operationspokaneheroes.org/_inc/slide.php" "Mozilla/5.0 (Windows NT 6.1; WOW64) AppleWebKit/537.22 (KHTML, like Gecko) Chrome/25.0.1364.152 Safari/537.22"
174.61.145.156 - - [06/Mar/2013:20:33:57 -0600] "GET /images/4.jpg HTTP/1.1" 200 186934 "http://www.operationspokaneheroes.org/_inc/slide.php" "Mozilla/5.0 (Windows NT 6.1; WOW64) AppleWebKit/537.22 (KHTML, like Gecko) Chrome/25.0.1364.152 Safari/537.22"
174.61.145.156 - - [06/Mar/2013:20:33:57 -0600] "GET /images/1.jpg HTTP/1.1" 200 142489 "http://www.operationspokaneheroes.org/_inc/slide.php" "Mozilla/5.0 (Windows NT 6.1; WOW64) AppleWebKit/537.22 (KHTML, like Gecko) Chrome/25.0.1364.152 Safari/537.22"
174.61.145.156 - - [06/Mar/2013:20:33:57 -0600] "GET /images/2.jpg HTTP/1.1" 200 170993 "http://www.operationspokaneheroes.org/_inc/slide.php" "Mozilla/5.0 (Windows NT 6.1; WOW64) AppleWebKit/537.22 (KHTML, like Gecko) Chrome/25.0.1364.152 Safari/537.22"
174.61.145.156 - - [06/Mar/2013:20:33:57 -0600] "GET /images/3.jpg HTTP/1.1" 200 240733 "http://www.operationspokaneheroes.org/_inc/slide.php" "Mozilla/5.0 (Windows NT 6.1; WOW64) AppleWebKit/537.22 (KHTML, like Gecko) Chrome/25.0.1364.152 Safari/537.22"
174.61.145.156 - - [06/Mar/2013:20:33:59 -0600] "GET /favicon.ico HTTP/1.1" 404 - "-" "Mozilla/5.0 (Windows NT 6.1; WOW64) AppleWebKit/537.22 (KHTML, like Gecko) Chrome/25.0.1364.152 Safari/537.22"
174.61.145.156 - - [06/Mar/2013:20:34:55 -0600] "GET /contact.php HTTP/1.1" 200 10519 "http://www.operationspokaneheroes.org/" "Mozilla/5.0 (Windows NT 6.1; WOW64) AppleWebKit/537.22 (KHTML, like Gecko) Chrome/25.0.1364.152 Safari/537.22"
174.61.145.156 - - [06/Mar/2013:20:34:55 -0600] "GET /_inc/slide.php HTTP/1.1" 200 3205 "http://www.operationspokaneheroes.org/contact.php" "Mozilla/5.0 (Windows NT 6.1; WOW64) AppleWebKit/537.22 (KHTML, like Gecko) Chrome/25.0.1364.152 Safari/537.22"
174.61.145.156 - - [06/Mar/2013:20:34:55 -0600] "GET /_inc/contact.php HTTP/1.1" 200 756 "http://www.operationspokaneheroes.org/contact.php" "Mozilla/5.0 (Windows NT 6.1; WOW64) AppleWebKit/537.22 (KHTML, like Gecko) Chrome/25.0.1364.152 Safari/537.22"
174.61.145.156 - - [06/Mar/2013:20:34:55 -0600] "GET /css/contact_style.css HTTP/1.1" 200 843 "http://www.operationspokaneheroes.org/_inc/contact.php" "Mozilla/5.0 (Windows NT 6.1; WOW64) AppleWebKit/537.22 (KHTML, like Gecko) Chrome/25.0.1364.152 Safari/537.22"
174.61.145.156 - - [06/Mar/2013:20:34:55 -0600] "GET /assets/images/btn_main_search_hover.png HTTP/1.1" 404 - "http://www.operationspokaneheroes.org/_inc/slide.php" "Mozilla/5.0 (Windows NT 6.1; WOW64) AppleWebKit/537.22 (KHTML, like Gecko) Chrome/25.0.1364.152 Safari/537.22"
174.61.145.156 - - [06/Mar/2013:20:34:55 -0600] "GET /assets/images/btn_top_search_hover.png HTTP/1.1" 404 - "http://www.operationspokaneheroes.org/_inc/slide.php" "Mozilla/5.0 (Windows NT 6.1; WOW64) AppleWebKit/537.22 (KHTML, like Gecko) Chrome/25.0.1364.152 Safari/537.22"
174.61.145.156 - - [06/Mar/2013:20:34:56 -0600] "GET /favicon.ico HTTP/1.1" 404 - "-" "Mozilla/5.0 (Windows NT 6.1; WOW64) AppleWebKit/537.22 (KHTML, like Gecko) Chrome/25.0.1364.152 Safari/537.22"
174.61.145.156 - - [06/Mar/2013:20:39:03 -0600] "GET /index.php HTTP/1.1" 200 10513 "http://www.operationspokaneheroes.org/contact.php" "Mozilla/5.0 (Windows NT 6.1; WOW64) AppleWebKit/537.22 (KHTML, like Gecko) Chrome/25.0.1364.152 Safari/537.22"
174.61.145.156 - - [06/Mar/2013:20:39:03 -0600] "GET /_inc/slide.php HTTP/1.1" 200 3205 "http://www.operationspokaneheroes.org/index.php" "Mozilla/5.0 (Windows NT 6.1; WOW64) AppleWebKit/537.22 (KHTML, like Gecko) Chrome/25.0.1364.152 Safari/537.22"
174.61.145.156 - - [06/Mar/2013:20:39:04 -0600] "GET /assets/images/btn_top_search_hover.png HTTP/1.1" 404 - "http://www.operationspokaneheroes.org/_inc/slide.php" "Mozilla/5.0 (Windows NT 6.1; WOW64) AppleWebKit/537.22 (KHTML, like Gecko) Chrome/25.0.1364.152 Safari/537.22"
174.61.145.156 - - [06/Mar/2013:20:39:04 -0600] "GET /assets/images/btn_main_search_hover.png HTTP/1.1" 404 - "http://www.operationspokaneheroes.org/_inc/slide.php" "Mozilla/5.0 (Windows NT 6.1; WOW64) AppleWebKit/537.22 (KHTML, like Gecko) Chrome/25.0.1364.152 Safari/537.22"
174.61.145.156 - - [06/Mar/2013:20:39:04 -0600] "GET /favicon.ico HTTP/1.1" 404 - "-" "Mozilla/5.0 (Windows NT 6.1; WOW64) AppleWebKit/537.22 (KHTML, like Gecko) Chrome/25.0.1364.152 Safari/537.22"
174.61.145.156 - - [06/Mar/2013:20:39:43 -0600] "GET /aboutus.php HTTP/1.1" 200 11667 "http://www.operationspokaneheroes.org/index.php" "Mozilla/5.0 (Windows NT 6.1; WOW64) AppleWebKit/537.22 (KHTML, like Gecko) Chrome/25.0.1364.152 Safari/537.22"
174.61.145.156 - - [06/Mar/2013:20:39:43 -0600] "GET /_inc/slide.php HTTP/1.1" 200 3205 "http://www.operationspokaneheroes.org/aboutus.php" "Mozilla/5.0 (Windows NT 6.1; WOW64) AppleWebKit/537.22 (KHTML, like Gecko) Chrome/25.0.1364.152 Safari/537.22"
174.61.145.156 - - [06/Mar/2013:20:39:43 -0600] "GET /assets/images/btn_top_search_hover.png HTTP/1.1" 404 - "http://www.operationspokaneheroes.org/_inc/slide.php" "Mozilla/5.0 (Windows NT 6.1; WOW64) AppleWebKit/537.22 (KHTML, like Gecko) Chrome/25.0.1364.152 Safari/537.22"
174.61.145.156 - - [06/Mar/2013:20:39:43 -0600] "GET /assets/images/btn_main_search_hover.png HTTP/1.1" 404 - "http://www.operationspokaneheroes.org/_inc/slide.php" "Mozilla/5.0 (Windows NT 6.1; WOW64) AppleWebKit/537.22 (KHTML, like Gecko) Chrome/25.0.1364.152 Safari/537.22"
174.61.145.156 - - [06/Mar/2013:20:39:44 -0600] "GET /favicon.ico HTTP/1.1" 404 - "-" "Mozilla/5.0 (Windows NT 6.1; WOW64) AppleWebKit/537.22 (KHTML, like Gecko) Chrome/25.0.1364.152 Safari/537.22"
174.61.145.156 - - [06/Mar/2013:20:41:46 -0600] "GET /calendar.php HTTP/1.1" 200 10730 "http://www.operationspokaneheroes.org/aboutus.php" "Mozilla/5.0 (Windows NT 6.1; WOW64) AppleWebKit/537.22 (KHTML, like Gecko) Chrome/25.0.1364.152 Safari/537.22"
174.61.145.156 - - [06/Mar/2013:20:41:46 -0600] "GET /_inc/slide.php HTTP/1.1" 200 3205 "http://www.operationspokaneheroes.org/calendar.php" "Mozilla/5.0 (Windows NT 6.1; WOW64) AppleWebKit/537.22 (KHTML, like Gecko) Chrome/25.0.1364.152 Safari/537.22"
174.61.145.156 - - [06/Mar/2013:20:41:46 -0600] "GET /assets/images/btn_top_search_hover.png HTTP/1.1" 404 - "http://www.operationspokaneheroes.org/_inc/slide.php" "Mozilla/5.0 (Windows NT 6.1; WOW64) AppleWebKit/537.22 (KHTML, like Gecko) Chrome/25.0.1364.152 Safari/537.22"
174.61.145.156 - - [06/Mar/2013:20:41:46 -0600] "GET /assets/images/btn_main_search_hover.png HTTP/1.1" 404 - "http://www.operationspokaneheroes.org/_inc/slide.php" "Mozilla/5.0 (Windows NT 6.1; WOW64) AppleWebKit/537.22 (KHTML, like Gecko) Chrome/25.0.1364.152 Safari/537.22"
174.61.145.156 - - [06/Mar/2013:20:41:47 -0600] "GET /favicon.ico HTTP/1.1" 404 - "-" "Mozilla/5.0 (Windows NT 6.1; WOW64) AppleWebKit/537.22 (KHTML, like Gecko) Chrome/25.0.1364.152 Safari/537.22"
174.61.145.156 - - [06/Mar/2013:20:41:52 -0600] "GET /index.php HTTP/1.1" 200 10513 "http://www.operationspokaneheroes.org/calendar.php" "Mozilla/5.0 (Windows NT 6.1; WOW64) AppleWebKit/537.22 (KHTML, like Gecko) Chrome/25.0.1364.152 Safari/537.22"
174.61.145.156 - - [06/Mar/2013:20:41:53 -0600] "GET /_inc/slide.php HTTP/1.1" 200 3205 "http://www.operationspokaneheroes.org/index.php" "Mozilla/5.0 (Windows NT 6.1; WOW64) AppleWebKit/537.22 (KHTML, like Gecko) Chrome/25.0.1364.152 Safari/537.22"
174.61.145.156 - - [06/Mar/2013:20:41:53 -0600] "GET /assets/images/btn_top_search_hover.png HTTP/1.1" 404 - "http://www.operationspokaneheroes.org/_inc/slide.php" "Mozilla/5.0 (Windows NT 6.1; WOW64) AppleWebKit/537.22 (KHTML, like Gecko) Chrome/25.0.1364.152 Safari/537.22"
174.61.145.156 - - [06/Mar/2013:20:41:53 -0600] "GET /assets/images/btn_main_search_hover.png HTTP/1.1" 404 - "http://www.operationspokaneheroes.org/_inc/slide.php" "Mozilla/5.0 (Windows NT 6.1; WOW64) AppleWebKit/537.22 (KHTML, like Gecko) Chrome/25.0.1364.152 Safari/537.22"
