193.106.136.57 - - [31/Dec/2012:05:13:27 -0600] "GET / HTTP/1.1" 200 10513 "http://www.allremont.ru/" "Mozilla/0.6 Beta (Windows)"
193.106.136.57 - - [31/Dec/2012:05:13:28 -0600] "GET / HTTP/1.1" 200 10513 "http://www.allremont.ru/" "Mozilla/0.6 Beta (Windows)"
218.30.103.147 - - [31/Dec/2012:05:16:29 -0600] "GET /robots.txt HTTP/1.1" 404 - "-" "Sogou web spider/4.0"
218.30.103.147 - - [31/Dec/2012:05:16:32 -0600] "GET / HTTP/1.1" 200 10513 "-" "Sogou web spider/4.0(+http://www.sogou.com/docs/help/webmasters.htm#07)"
92.249.127.111 - - [31/Dec/2012:05:18:58 -0600] "GET / HTTP/1.1" 200 10513 "http://cookingmeat.ru/mutton/recipe13.html" "Mozilla/5.0 (compatible; news bot /2.1)"
92.249.127.111 - - [31/Dec/2012:05:18:58 -0600] "GET / HTTP/1.1" 200 10513 "http://www.ufa-nochi.ru/" "Mozilla/5.0 (compatible; news bot /2.1)"
92.249.127.111 - - [31/Dec/2012:05:18:59 -0600] "GET / HTTP/1.1" 200 10513 "http://cookingmeat.ru/mutton/recipe13.html" "Mozilla/5.0 (compatible; news bot /2.1)"
92.249.127.111 - - [31/Dec/2012:05:18:59 -0600] "GET / HTTP/1.1" 200 10513 "http://www.ufa-nochi.ru/" "Mozilla/5.0 (compatible; news bot /2.1)"
66.249.74.210 - - [31/Dec/2012:05:42:56 -0600] "GET /robots.txt HTTP/1.1" 404 - "-" "Mozilla/5.0 (compatible; Googlebot/2.1; +http://www.google.com/bot.html)"
66.249.74.210 - - [31/Dec/2012:05:42:56 -0600] "GET /java_for_joes/index.html HTTP/1.1" 404 - "-" "Mozilla/5.0 (compatible; Googlebot/2.1; +http://www.google.com/bot.html)"
180.76.5.166 - - [31/Dec/2012:05:54:03 -0600] "GET /robots.txt HTTP/1.1" 404 - "-" "Mozilla/5.0 (Windows NT 5.1; rv:6.0.2) Gecko/20100101 Firefox/6.0.2"
208.115.113.86 - - [31/Dec/2012:06:05:10 -0600] "GET /wedo.php HTTP/1.1" 404 - "-" "Mozilla/5.0 (compatible; Ezooms/1.0; ezooms.bot@gmail.com)"
157.56.93.150 - - [31/Dec/2012:06:46:03 -0600] "GET /robots.txt HTTP/1.1" 404 - "-" "Mozilla/5.0 (compatible; bingbot/2.0; +http://www.bing.com/bingbot.htm)"
157.56.93.150 - - [31/Dec/2012:06:47:58 -0600] "GET /aboutus.php HTTP/1.1" 200 11667 "-" "Mozilla/5.0 (compatible; bingbot/2.0; +http://www.bing.com/bingbot.htm)"
157.56.93.150 - - [31/Dec/2012:06:48:12 -0600] "GET /_inc/slide.php HTTP/1.1" 200 3205 "-" "Mozilla/5.0 (compatible; bingbot/2.0; +http://www.bing.com/bingbot.htm)"
65.55.24.239 - - [31/Dec/2012:06:49:57 -0600] "GET /css/footer.css HTTP/1.1" 200 752 "-" "Mozilla/5.0 (compatible; bingbot/2.0; +http://www.bing.com/bingbot.htm)"
37.139.52.23 - - [31/Dec/2012:07:10:03 -0600] "GET / HTTP/1.1" 200 10513 "http://finonews.clanbb.ru/viewforum.php?id=3" "Mozilla/0.6 Beta (Windows)"
37.139.52.23 - - [31/Dec/2012:07:10:03 -0600] "GET / HTTP/1.1" 200 10513 "http://finonews.clanbb.ru/viewforum.php?id=3" "Mozilla/0.6 Beta (Windows)"
131.253.38.231 - - [31/Dec/2012:07:44:45 -0600] "GET /robots.txt HTTP/1.1" 404 - "-" "msnbot-media/1.1 (+http://search.msn.com/msnbot.htm)"
131.253.38.231 - - [31/Dec/2012:07:44:46 -0600] "GET /images/facebook.png HTTP/1.1" 200 5004 "-" "msnbot-media/1.1 (+http://search.msn.com/msnbot.htm)"
157.56.93.187 - - [31/Dec/2012:07:49:19 -0600] "GET /robots.txt HTTP/1.1" 404 - "-" "Mozilla/5.0 (compatible; bingbot/2.0; +http://www.bing.com/bingbot.htm)"
65.55.52.97 - - [31/Dec/2012:07:50:55 -0600] "GET /css/slide.css HTTP/1.1" 200 2869 "-" "Mozilla/5.0 (compatible; bingbot/2.0; +http://www.bing.com/bingbot.htm)"
157.55.33.100 - - [31/Dec/2012:07:50:57 -0600] "GET /css/style_global.css HTTP/1.1" 200 2621 "-" "Mozilla/5.0 (compatible; bingbot/2.0; +http://www.bing.com/bingbot.htm)"
157.56.93.187 - - [31/Dec/2012:07:51:25 -0600] "GET /js/combined.js HTTP/1.1" 200 169946 "-" "Mozilla/5.0 (compatible; bingbot/2.0; +http://www.bing.com/bingbot.htm)"
208.115.113.86 - - [31/Dec/2012:08:41:27 -0600] "GET /robots.txt HTTP/1.1" 404 - "-" "Mozilla/5.0 (compatible; Ezooms/1.0; ezooms.bot@gmail.com)"
70.230.164.225 - - [31/Dec/2012:08:54:17 -0600] "GET /java_for_joes/index.html HTTP/1.1" 404 - "-" "Mozilla/5.0 (Windows NT 6.1; WOW64; rv:17.0) Gecko/20100101 Firefox/17.0"
70.230.164.225 - - [31/Dec/2012:08:54:17 -0600] "GET /favicon.ico HTTP/1.1" 404 - "-" "Mozilla/5.0 (Windows NT 6.1; WOW64; rv:17.0) Gecko/20100101 Firefox/17.0"
70.230.164.225 - - [31/Dec/2012:08:54:18 -0600] "GET /favicon.ico HTTP/1.1" 404 - "-" "Mozilla/5.0 (Windows NT 6.1; WOW64; rv:17.0) Gecko/20100101 Firefox/17.0"
70.230.164.225 - - [31/Dec/2012:08:54:22 -0600] "GET /java_for_joes/index.html HTTP/1.1" 404 - "-" "Mozilla/5.0 (Windows NT 6.1; WOW64; rv:17.0) Gecko/20100101 Firefox/17.0"
70.230.164.225 - - [31/Dec/2012:08:54:31 -0600] "GET /java_for_joes/index.html HTTP/1.1" 404 - "-" "Mozilla/5.0 (Windows NT 6.1; WOW64; rv:17.0) Gecko/20100101 Firefox/17.0"
70.230.164.225 - - [31/Dec/2012:08:54:32 -0600] "GET /favicon.ico HTTP/1.1" 404 - "-" "Mozilla/5.0 (Windows NT 6.1; WOW64; rv:17.0) Gecko/20100101 Firefox/17.0"
95.108.150.235 - - [31/Dec/2012:09:33:59 -0600] "GET /robots.txt HTTP/1.1" 404 - "-" "Mozilla/5.0 (compatible; YandexBot/3.0; +http://yandex.com/bots)"
95.108.150.235 - - [31/Dec/2012:09:33:59 -0600] "GET /robots.txt HTTP/1.1" 404 - "-" "Mozilla/5.0 (compatible; YandexBot/3.0; +http://yandex.com/bots)"
95.108.150.235 - - [31/Dec/2012:09:34:00 -0600] "GET / HTTP/1.1" 200 10513 "-" "Mozilla/5.0 (compatible; YandexBot/3.0; +http://yandex.com/bots)"
95.108.150.235 - - [31/Dec/2012:09:34:00 -0600] "GET / HTTP/1.1" 200 10513 "-" "Mozilla/5.0 (compatible; YandexBot/3.0; +http://yandex.com/bots)"
95.108.150.235 - - [31/Dec/2012:09:34:15 -0600] "GET / HTTP/1.1" 200 10513 "-" "Mozilla/5.0 (compatible; YandexBot/3.0; +http://yandex.com/bots)"
95.108.150.235 - - [31/Dec/2012:09:34:15 -0600] "GET / HTTP/1.1" 200 10513 "-" "Mozilla/5.0 (compatible; YandexBot/3.0; +http://yandex.com/bots)"
208.115.113.86 - - [31/Dec/2012:09:59:21 -0600] "GET /benefits.php HTTP/1.1" 404 - "-" "Mozilla/5.0 (compatible; Ezooms/1.0; ezooms.bot@gmail.com)"
67.205.7.217 - - [31/Dec/2012:10:23:32 -0600] "GET /wordpress/wp-admin/ HTTP/1.1" 404 - "-" "-"
199.21.99.99 - - [31/Dec/2012:10:50:46 -0600] "GET /robots.txt HTTP/1.1" 404 - "-" "Mozilla/5.0 (compatible; YandexBot/3.0; +http://yandex.com/bots)"
65.55.24.215 - - [31/Dec/2012:11:34:50 -0600] "GET /robots.txt HTTP/1.1" 404 - "-" "Mozilla/5.0 (compatible; bingbot/2.0; +http://www.bing.com/bingbot.htm)"
65.55.24.215 - - [31/Dec/2012:11:36:19 -0600] "GET /events.php HTTP/1.1" 200 6407 "-" "Mozilla/5.0 (compatible; bingbot/2.0; +http://www.bing.com/bingbot.htm)"
65.55.24.239 - - [31/Dec/2012:11:37:49 -0600] "GET /css/footer.css HTTP/1.1" 200 752 "-" "Mozilla/5.0 (compatible; bingbot/2.0; +http://www.bing.com/bingbot.htm)"
157.55.33.100 - - [31/Dec/2012:11:38:19 -0600] "GET /java_for_joes/index.html HTTP/1.1" 404 - "-" "Mozilla/5.0 (compatible; bingbot/2.0; +http://www.bing.com/bingbot.htm)"
157.55.33.100 - - [31/Dec/2012:11:38:19 -0600] "GET /events/vet_picnic/vet_picnic.html HTTP/1.1" 200 3163 "-" "Mozilla/5.0 (compatible; bingbot/2.0; +http://www.bing.com/bingbot.htm)"
157.55.33.29 - - [31/Dec/2012:11:38:49 -0600] "GET /events/ermy_event/ermy.html HTTP/1.1" 200 3507 "-" "Mozilla/5.0 (compatible; bingbot/2.0; +http://www.bing.com/bingbot.htm)"
89.108.102.171 - - [31/Dec/2012:12:06:15 -0600] "GET / HTTP/1.1" 200 10513 "http://popolnit.net/" "Mozilla/4.0 (compatible; MSIE 7.0b; Windows NT 6.0)"
89.108.102.171 - - [31/Dec/2012:12:06:16 -0600] "GET / HTTP/1.1" 200 10513 "http://popolnit.net/" "Mozilla/4.0 (compatible; MSIE 7.0b; Windows NT 6.0)"
173.199.114.211 - - [31/Dec/2012:12:14:22 -0600] "GET /aboutus.php HTTP/1.1" 200 11667 "-" "Mozilla/5.0 (compatible; AhrefsBot/4.0; +http://ahrefs.com/robot/)"
65.55.24.239 - - [31/Dec/2012:12:37:42 -0600] "GET /robots.txt HTTP/1.1" 404 - "-" "Mozilla/5.0 (compatible; bingbot/2.0; +http://www.bing.com/bingbot.htm)"
157.55.32.142 - - [31/Dec/2012:12:37:42 -0600] "GET /robots.txt HTTP/1.1" 404 - "-" "Mozilla/5.0 (compatible; bingbot/2.0; +http://www.bing.com/bingbot.htm)"
157.55.33.29 - - [31/Dec/2012:12:37:42 -0600] "GET /robots.txt HTTP/1.1" 404 - "-" "Mozilla/5.0 (compatible; bingbot/2.0; +http://www.bing.com/bingbot.htm)"
157.55.33.100 - - [31/Dec/2012:12:39:19 -0600] "GET /events/vet_picnic/vet_picnic.html HTTP/1.1" 200 3163 "-" "Mozilla/5.0 (compatible; bingbot/2.0; +http://www.bing.com/bingbot.htm)"
157.55.32.142 - - [31/Dec/2012:12:39:19 -0600] "GET /css/global.css HTTP/1.1" 200 13951 "-" "Mozilla/5.0 (compatible; bingbot/2.0; +http://www.bing.com/bingbot.htm)"
65.55.24.239 - - [31/Dec/2012:12:39:19 -0600] "GET /css/footer.css HTTP/1.1" 200 752 "-" "Mozilla/5.0 (compatible; bingbot/2.0; +http://www.bing.com/bingbot.htm)"
173.199.114.211 - - [31/Dec/2012:12:47:16 -0600] "GET /contact.php HTTP/1.1" 200 10519 "-" "Mozilla/5.0 (compatible; AhrefsBot/4.0; +http://ahrefs.com/robot/)"
173.199.114.211 - - [31/Dec/2012:13:00:43 -0600] "GET /contact.php HTTP/1.1" 200 10519 "-" "Mozilla/5.0 (compatible; AhrefsBot/4.0; +http://ahrefs.com/robot/)"
173.199.114.211 - - [31/Dec/2012:13:46:13 -0600] "GET /donate.php HTTP/1.1" 200 11699 "-" "Mozilla/5.0 (compatible; AhrefsBot/4.0; +http://ahrefs.com/robot/)"
66.249.74.210 - - [31/Dec/2012:14:11:02 -0600] "GET /robots.txt HTTP/1.1" 404 - "-" "Mozilla/5.0 (compatible; Googlebot/2.1; +http://www.google.com/bot.html)"
66.249.74.210 - - [31/Dec/2012:14:11:02 -0600] "GET / HTTP/1.1" 200 10513 "-" "SAMSUNG-SGH-E250/1.0 Profile/MIDP-2.0 Configuration/CLDC-1.1 UP.Browser/6.2.3.3.c.1.101 (GUI) MMP/2.0 (compatible; Googlebot-Mobile/2.1; +http://www.google.com/bot.html)"
173.199.114.211 - - [31/Dec/2012:14:35:50 -0600] "GET /donate.php HTTP/1.1" 200 11699 "-" "Mozilla/5.0 (compatible; AhrefsBot/4.0; +http://ahrefs.com/robot/)"
173.199.114.211 - - [31/Dec/2012:15:27:26 -0600] "GET /aboutus.php HTTP/1.1" 200 11667 "-" "Mozilla/5.0 (compatible; AhrefsBot/4.0; +http://ahrefs.com/robot/)"
157.55.33.29 - - [31/Dec/2012:15:41:35 -0600] "GET /robots.txt HTTP/1.1" 404 - "-" "Mozilla/5.0 (compatible; bingbot/2.0; +http://www.bing.com/bingbot.htm)"
157.55.33.29 - - [31/Dec/2012:15:43:29 -0600] "GET /donate.php HTTP/1.1" 200 11699 "-" "Mozilla/5.0 (compatible; bingbot/2.0; +http://www.bing.com/bingbot.htm)"
173.199.114.211 - - [31/Dec/2012:16:30:25 -0600] "GET /java_for_joes/index.html HTTP/1.1" 404 - "-" "Mozilla/5.0 (compatible; AhrefsBot/4.0; +http://ahrefs.com/robot/)"
199.21.99.99 - - [31/Dec/2012:16:56:09 -0600] "GET /donate.php HTTP/1.1" 200 11699 "-" "Mozilla/5.0 (compatible; YandexBot/3.0; +http://yandex.com/bots)"
139.18.2.17 - - [31/Dec/2012:17:27:15 -0600] "GET /index.php HTTP/1.1" 200 10513 "-" "findlinks/2.6 (+http://wortschatz.uni-leipzig.de/findlinks/)"
85.25.154.15 - - [31/Dec/2012:17:29:02 -0600] "GET /java_for_joes/index.html HTTP/1.1" 404 - "-" "Mozilla/4.0 (compatible; MSIE 6.0; Windows 98; Win 9x4.90)"
108.61.48.234 - - [31/Dec/2012:17:35:33 -0600] "GET / HTTP/1.1" 200 10513 "-" "libwww-perl/6.04"
173.199.114.211 - - [31/Dec/2012:18:01:01 -0600] "GET / HTTP/1.1" 200 10513 "-" "Mozilla/5.0 (compatible; AhrefsBot/4.0; +http://ahrefs.com/robot/)"
66.249.74.210 - - [31/Dec/2012:18:03:28 -0600] "GET / HTTP/1.1" 200 10513 "-" "Mozilla/5.0 (compatible; Googlebot/2.1; +http://www.google.com/bot.html)"
173.199.114.211 - - [31/Dec/2012:18:39:20 -0600] "GET /business.php HTTP/1.1" 200 10813 "-" "Mozilla/5.0 (compatible; AhrefsBot/4.0; +http://ahrefs.com/robot/)"
173.199.114.211 - - [31/Dec/2012:20:15:34 -0600] "GET /pdf/2010_Top100_Military_Friendly_Employers.pdf HTTP/1.1" 200 711726 "-" "Mozilla/5.0 (compatible; AhrefsBot/4.0; +http://ahrefs.com/robot/)"
199.21.99.99 - - [31/Dec/2012:21:15:13 -0600] "GET /contact.php HTTP/1.1" 200 10519 "-" "Mozilla/5.0 (compatible; YandexBot/3.0; +http://yandex.com/bots)"
195.242.218.133 - - [31/Dec/2012:22:30:56 -0600] "GET / HTTP/1.1" 200 10513 "http://www.omskptb.ru/" "Opera/9.00 (Windows NT 4.0; U; en)"
195.242.218.133 - - [31/Dec/2012:22:30:57 -0600] "GET / HTTP/1.1" 200 10513 "http://www.omskptb.ru/" "Opera/9.00 (Windows NT 4.0; U; en)"
173.199.114.211 - - [31/Dec/2012:22:50:00 -0600] "GET /pdf/2010_Top100_Military_Friendly_Employers.pdf HTTP/1.1" 200 711726 "-" "Mozilla/5.0 (compatible; AhrefsBot/4.0; +http://ahrefs.com/robot/)"
173.199.114.211 - - [31/Dec/2012:23:02:56 -0600] "GET /business.php HTTP/1.1" 200 10813 "-" "Mozilla/5.0 (compatible; AhrefsBot/4.0; +http://ahrefs.com/robot/)"
173.199.114.211 - - [31/Dec/2012:23:06:14 -0600] "GET /index.php HTTP/1.1" 200 10513 "-" "Mozilla/5.0 (compatible; AhrefsBot/4.0; +http://ahrefs.com/robot/)"
199.21.99.99 - - [31/Dec/2012:23:12:48 -0600] "GET /robots.txt HTTP/1.1" 404 - "-" "Mozilla/5.0 (compatible; YandexBot/3.0; +http://yandex.com/bots)"
199.21.99.99 - - [31/Dec/2012:23:12:50 -0600] "GET /slider.html HTTP/1.1" 304 - "-" "Mozilla/5.0 (compatible; YandexBot/3.0; +http://yandex.com/bots)"
173.199.114.211 - - [31/Dec/2012:23:21:39 -0600] "GET /pdf/174%20Stores%20and%20Business%20Offering%20Military%20Discounts1.pdf HTTP/1.1" 200 122888 "-" "Mozilla/5.0 (compatible; AhrefsBot/4.0; +http://ahrefs.com/robot/)"
180.76.5.89 - - [31/Dec/2012:23:35:45 -0600] "GET /robots.txt HTTP/1.1" 404 - "-" "Mozilla/5.0 (Windows NT 5.1; rv:6.0.2) Gecko/20100101 Firefox/6.0.2"
66.249.74.210 - - [31/Dec/2012:23:38:36 -0600] "GET /images/global.png HTTP/1.1" 200 5737 "-" "Googlebot-Image/1.0"
65.55.24.215 - - [01/Jan/2013:01:07:05 -0600] "GET /robots.txt HTTP/1.1" 404 - "-" "Mozilla/5.0 (compatible; bingbot/2.0; +http://www.bing.com/bingbot.htm)"
65.55.24.239 - - [01/Jan/2013:01:08:43 -0600] "GET /index.php HTTP/1.1" 200 10513 "-" "Mozilla/5.0 (compatible; bingbot/2.0; +http://www.bing.com/bingbot.htm)"
65.55.24.239 - - [01/Jan/2013:01:08:43 -0600] "GET / HTTP/1.1" 200 10513 "-" "Mozilla/5.0 (compatible; bingbot/2.0; +http://www.bing.com/bingbot.htm)"
65.55.24.215 - - [01/Jan/2013:01:08:43 -0600] "GET /pdf/2010_Top100_Military_Friendly_Employers.pdf HTTP/1.1" 200 711726 "-" "Mozilla/5.0 (compatible; bingbot/2.0; +http://www.bing.com/bingbot.htm)"
157.56.93.150 - - [01/Jan/2013:01:09:13 -0600] "GET /aboutus.php HTTP/1.1" 200 11667 "-" "Mozilla/5.0 (compatible; bingbot/2.0; +http://www.bing.com/bingbot.htm)"
157.55.32.142 - - [01/Jan/2013:01:09:14 -0600] "GET /pdf/OSH%20Freedom%20Fridays%20Sign%20Up%20Sheet.pdf HTTP/1.1" 200 170318 "-" "Mozilla/5.0 (compatible; bingbot/2.0; +http://www.bing.com/bingbot.htm)"
157.55.33.29 - - [01/Jan/2013:01:09:45 -0600] "GET /resources.php HTTP/1.1" 200 10398 "-" "Mozilla/5.0 (compatible; bingbot/2.0; +http://www.bing.com/bingbot.htm)"
157.55.33.29 - - [01/Jan/2013:01:09:45 -0600] "GET /pdf/174%20Stores%20and%20Business%20Offering%20Military%20Discounts1.pdf HTTP/1.1" 200 122888 "-" "Mozilla/5.0 (compatible; bingbot/2.0; +http://www.bing.com/bingbot.htm)"
157.55.33.29 - - [01/Jan/2013:01:09:49 -0600] "GET /pdf/174%20Stores%20and%20Business%20Offering%20Military%20Discounts1.pdf HTTP/1.1" 200 122888 "-" "Mozilla/5.0 (compatible; bingbot/2.0; +http://www.bing.com/bingbot.htm)"
91.223.75.117 - - [01/Jan/2013:01:17:55 -0600] "GET / HTTP/1.1" 200 10513 "http://telegraph.tibidohs.ru/" "Mozilla/4.0 (compatible; MSIE 6.0; Windows NT 5.1; SV1; .NET CLR 1.1.4322; .NET CLR 2.0.50727)"
91.223.75.117 - - [01/Jan/2013:01:17:55 -0600] "GET / HTTP/1.1" 200 10513 "http://telegraph.tibidohs.ru/" "Mozilla/4.0 (compatible; MSIE 6.0; Windows NT 5.1; SV1; .NET CLR 1.1.4322; .NET CLR 2.0.50727)"
173.199.114.211 - - [01/Jan/2013:02:39:38 -0600] "GET /pdf/174%20Stores%20and%20Business%20Offering%20Military%20Discounts1.pdf HTTP/1.1" 200 122888 "-" "Mozilla/5.0 (compatible; AhrefsBot/4.0; +http://ahrefs.com/robot/)"
173.199.114.211 - - [01/Jan/2013:02:57:38 -0600] "GET /index.php HTTP/1.1" 200 10513 "-" "Mozilla/5.0 (compatible; AhrefsBot/4.0; +http://ahrefs.com/robot/)"
173.199.114.211 - - [01/Jan/2013:03:29:09 -0600] "GET /events.php HTTP/1.1" 200 6407 "-" "Mozilla/5.0 (compatible; AhrefsBot/4.0; +http://ahrefs.com/robot/)"
66.249.74.210 - - [01/Jan/2013:03:34:04 -0600] "GET /robots.txt HTTP/1.1" 404 - "-" "Mozilla/5.0 (compatible; Googlebot/2.1; +http://www.google.com/bot.html)"
66.249.74.210 - - [01/Jan/2013:03:34:05 -0600] "GET /contact.php HTTP/1.1" 200 10519 "-" "Mozilla/5.0 (compatible; Googlebot/2.1; +http://www.google.com/bot.html)"
66.249.74.210 - - [01/Jan/2013:03:38:14 -0600] "GET /index.php HTTP/1.1" 200 10513 "-" "Mozilla/5.0 (compatible; Googlebot/2.1; +http://www.google.com/bot.html)"
66.249.74.61 - - [01/Jan/2013:03:44:32 -0600] "GET /robots.txt HTTP/1.1" 404 - "-" "Mozilla/5.0 (compatible; Googlebot/2.1; +http://www.google.com/bot.html)"
66.249.74.61 - - [01/Jan/2013:03:44:32 -0600] "GET /index.php HTTP/1.1" 200 10513 "-" "Mozilla/5.0 (compatible; Googlebot/2.1; +http://www.google.com/bot.html)"
66.249.74.210 - - [01/Jan/2013:03:48:07 -0600] "GET /calendar.php HTTP/1.1" 200 10709 "-" "Mozilla/5.0 (compatible; Googlebot/2.1; +http://www.google.com/bot.html)"
65.55.24.239 - - [01/Jan/2013:04:17:12 -0600] "GET /robots.txt HTTP/1.1" 404 - "-" "Mozilla/5.0 (compatible; bingbot/2.0; +http://www.bing.com/bingbot.htm)"
65.55.52.97 - - [01/Jan/2013:04:18:43 -0600] "GET /pdf/WAwillvetsFINAL.pdf HTTP/1.1" 200 4202968 "-" "Mozilla/5.0 (compatible; bingbot/2.0; +http://www.bing.com/bingbot.htm)"
65.55.24.239 - - [01/Jan/2013:04:18:43 -0600] "GET / HTTP/1.1" 200 10513 "-" "Mozilla/5.0 (compatible; bingbot/2.0; +http://www.bing.com/bingbot.htm)"
65.55.24.239 - - [01/Jan/2013:04:18:43 -0600] "GET /index.php HTTP/1.1" 200 10513 "-" "Mozilla/5.0 (compatible; bingbot/2.0; +http://www.bing.com/bingbot.htm)"
157.55.33.100 - - [01/Jan/2013:04:18:44 -0600] "GET /pdf/Veterans%20Resource%20Fair%20Exhib%20App.pdf HTTP/1.1" 200 26168 "-" "Mozilla/5.0 (compatible; bingbot/2.0; +http://www.bing.com/bingbot.htm)"
65.55.24.239 - - [01/Jan/2013:04:18:46 -0600] "GET /slider.html HTTP/1.1" 200 8245 "-" "Mozilla/5.0 (compatible; bingbot/2.0; +http://www.bing.com/bingbot.htm)"
65.55.24.239 - - [01/Jan/2013:04:18:46 -0600] "GET /freedom.php HTTP/1.1" 200 10912 "-" "Mozilla/5.0 (compatible; bingbot/2.0; +http://www.bing.com/bingbot.htm)"
65.55.24.215 - - [01/Jan/2013:04:19:12 -0600] "GET /events.php HTTP/1.1" 200 6407 "-" "Mozilla/5.0 (compatible; bingbot/2.0; +http://www.bing.com/bingbot.htm)"
157.56.93.187 - - [01/Jan/2013:04:19:17 -0600] "GET /pdf/Veterans%20Resource%20Fair.pdf HTTP/1.1" 200 390899 "-" "Mozilla/5.0 (compatible; bingbot/2.0; +http://www.bing.com/bingbot.htm)"
157.56.93.150 - - [01/Jan/2013:04:19:47 -0600] "GET /aboutus.php HTTP/1.1" 200 11667 "-" "Mozilla/5.0 (compatible; bingbot/2.0; +http://www.bing.com/bingbot.htm)"
157.56.93.150 - - [01/Jan/2013:04:19:47 -0600] "GET /_inc/slide.php HTTP/1.1" 200 3205 "-" "Mozilla/5.0 (compatible; bingbot/2.0; +http://www.bing.com/bingbot.htm)"
157.55.33.29 - - [01/Jan/2013:04:20:44 -0600] "GET /donate.php HTTP/1.1" 200 11699 "-" "Mozilla/5.0 (compatible; bingbot/2.0; +http://www.bing.com/bingbot.htm)"
157.55.33.29 - - [01/Jan/2013:04:20:44 -0600] "GET /resources.php HTTP/1.1" 200 10398 "-" "Mozilla/5.0 (compatible; bingbot/2.0; +http://www.bing.com/bingbot.htm)"
77.75.77.36 - - [01/Jan/2013:04:21:23 -0600] "GET /robots.txt HTTP/1.1" 404 - "-" "SeznamBot/3.0 (+http://fulltext.sblog.cz/)"
77.75.77.36 - - [01/Jan/2013:04:21:25 -0600] "GET / HTTP/1.1" 200 10513 "-" "SeznamBot/3.0 (+http://fulltext.sblog.cz/)"
173.199.114.211 - - [01/Jan/2013:05:21:21 -0600] "GET / HTTP/1.1" 200 10513 "-" "Mozilla/5.0 (compatible; AhrefsBot/4.0; +http://ahrefs.com/robot/)"
58.68.242.164 - - [01/Jan/2013:07:07:31 -0600] "HEAD / HTTP/1.1" 200 - "-" "Mozilla/5.0 (compatible; JikeSpider; +http://shoulu.jike.com/spider.html)"
58.68.242.164 - - [01/Jan/2013:07:07:31 -0600] "GET / HTTP/1.1" 200 10513 "-" "Mozilla/5.0 (compatible; JikeSpider; +http://shoulu.jike.com/spider.html)"
180.76.5.191 - - [01/Jan/2013:07:42:55 -0600] "GET /business.php HTTP/1.1" 200 10813 "-" "Mozilla/5.0 (compatible; Baiduspider/2.0; +http://www.baidu.com/search/spider.html)"
173.199.114.211 - - [01/Jan/2013:07:45:27 -0600] "GET /pdf/Cellphones%20for%20Soldiers%20press%20release.pdf HTTP/1.1" 404 - "-" "Mozilla/5.0 (compatible; AhrefsBot/4.0; +http://ahrefs.com/robot/)"
173.199.114.211 - - [01/Jan/2013:09:07:34 -0600] "GET /java_for_joes/index.html?3e3ea140 HTTP/1.1" 404 - "-" "Mozilla/5.0 (compatible; AhrefsBot/4.0; +http://ahrefs.com/robot/)"
173.199.114.211 - - [01/Jan/2013:10:27:09 -0600] "GET /calendar.php HTTP/1.1" 200 10709 "-" "Mozilla/5.0 (compatible; AhrefsBot/4.0; +http://ahrefs.com/robot/)"
132.3.65.68 - - [01/Jan/2013:11:45:00 -0600] "GET /pdf/Operation%20Wings%20of%20Hope%20Poster.pdf HTTP/1.0" 200 298825 "http://www.google.com/url?sa=t&rct=j&q=operation+care+for+the+troops+SPOKANE&source=web&cd=1&ved=0CDEQFjAA&url=http%3A%2F%2Fwww.operationspokaneheroes.org%2Fpdf%2FOperation%2520Wings%2520of%2520Hope%2520Poster.pdf&ei=hCDjUKeVIJH9qAHO3AE&usg=AFQjCNEk5z5C47H7VaL3Wjf44qcjwKlU_A&bvm=bv.1355534169,d.aWM" "Mozilla/4.0 (compatible; MSIE 8.0; Windows NT 6.1; Trident/4.0; SLCC2; .NET CLR 2.0.50727; .NET CLR 3.5.30729; .NET CLR 3.0.30729; .NET4.0C; .NET4.0E; InfoPath.3; MS-RTC LM 8)"
66.249.74.210 - - [01/Jan/2013:12:12:12 -0600] "GET /robots.txt HTTP/1.1" 404 - "-" "Mozilla/5.0 (compatible; Googlebot/2.1; +http://www.google.com/bot.html)"
66.249.74.210 - - [01/Jan/2013:12:12:12 -0600] "GET /java_for_joes/index.html HTTP/1.1" 404 - "-" "Mozilla/5.0 (compatible; Googlebot/2.1; +http://www.google.com/bot.html)"
65.55.24.239 - - [01/Jan/2013:12:22:32 -0600] "GET /robots.txt HTTP/1.1" 404 - "-" "Mozilla/5.0 (compatible; bingbot/2.0; +http://www.bing.com/bingbot.htm)"
65.55.24.239 - - [01/Jan/2013:12:24:25 -0600] "GET / HTTP/1.1" 200 10513 "-" "Mozilla/5.0 (compatible; bingbot/2.0; +http://www.bing.com/bingbot.htm)"
66.249.74.61 - - [01/Jan/2013:14:05:06 -0600] "GET /robots.txt HTTP/1.1" 404 - "-" "Mozilla/5.0 (compatible; Googlebot/2.1; +http://www.google.com/bot.html)"
66.249.74.61 - - [01/Jan/2013:14:05:06 -0600] "GET /aboutus.php HTTP/1.1" 200 11667 "-" "Mozilla/5.0 (compatible; Googlebot/2.1; +http://www.google.com/bot.html)"
66.249.74.210 - - [01/Jan/2013:14:06:57 -0600] "GET /pdf/2010_Top100_Military_Friendly_Employers.pdf HTTP/1.1" 304 - "-" "Mozilla/5.0 (compatible; Googlebot/2.1; +http://www.google.com/bot.html)"
66.249.74.210 - - [01/Jan/2013:14:17:05 -0600] "GET / HTTP/1.1" 200 10513 "-" "DoCoMo/2.0 N905i(c100;TB;W24H16) (compatible; Googlebot-Mobile/2.1; +http://www.google.com/bot.html)"
180.76.6.227 - - [01/Jan/2013:14:56:12 -0600] "GET /java_for_joes/index.html HTTP/1.1" 404 - "-" "Mozilla/5.0 (compatible; Baiduspider/2.0; +http://www.baidu.com/search/spider.html)"
101.226.167.247 - - [01/Jan/2013:17:31:01 -0600] "GET /robots.txt HTTP/1.1" 404 - "http://www.operationspokaneheroes.org/robots.txt" "Mozilla/4.0 (compatible; MSIE 8.0; Windows NT 6.1; Trident/4.0; SLCC2; .NET CLR 2.0.50727; .NET CLR 3.5.30729; .NET CLR 3.0.30729; Media Center PC 6.0; MDDR; .NET4.0C; .NET4.0E; .NET CLR 1.1.4322; Tablet PC 2.0)"
199.21.99.99 - - [01/Jan/2013:17:51:20 -0600] "GET /robots.txt HTTP/1.1" 404 - "-" "Mozilla/5.0 (compatible; YandexBot/3.0; +http://yandex.com/bots)"
199.21.99.99 - - [01/Jan/2013:17:51:23 -0600] "GET / HTTP/1.1" 200 10513 "-" "Mozilla/5.0 (compatible; YandexBot/3.0; +http://yandex.com/bots)"
65.55.24.239 - - [01/Jan/2013:18:02:58 -0600] "GET /robots.txt HTTP/1.1" 404 - "-" "Mozilla/5.0 (compatible; bingbot/2.0; +http://www.bing.com/bingbot.htm)"
65.55.24.239 - - [01/Jan/2013:18:04:49 -0600] "GET / HTTP/1.1" 200 10513 "-" "Mozilla/5.0 (compatible; bingbot/2.0; +http://www.bing.com/bingbot.htm)"
199.21.99.99 - - [01/Jan/2013:18:15:28 -0600] "GET /robots.txt HTTP/1.1" 404 - "-" "Mozilla/5.0 (compatible; YandexBot/3.0; +http://yandex.com/bots)"
46.164.242.245 - - [01/Jan/2013:18:29:31 -0600] "GET / HTTP/1.1" 200 10513 "-" "Mozilla/3.6 (compatible; MSIE 7.0; Windows NT 6.1; en-US; rv:1.9.2.16) Gecko/20110319 MRA 5.6 (build 03278) Firefox/3.6.16"
65.55.24.239 - - [01/Jan/2013:18:33:21 -0600] "GET / HTTP/1.1" 200 10513 "-" "Mozilla/5.0 (compatible; bingbot/2.0; +http://www.bing.com/bingbot.htm)"
131.253.39.186 - - [01/Jan/2013:19:04:00 -0600] "GET /robots.txt HTTP/1.1" 404 - "-" "msnbot-media/1.1 (+http://search.msn.com/msnbot.htm)"
131.253.39.186 - - [01/Jan/2013:19:04:00 -0600] "GET /images/facebook.png HTTP/1.1" 200 5004 "-" "msnbot-media/1.1 (+http://search.msn.com/msnbot.htm)"
184.173.246.239 - - [01/Jan/2013:19:31:49 -0600] "HEAD / HTTP/1.1" 200 - "http://haroyoshi.com" "Mozilla/4.0 (compatible; MSIE 7.0; Windows NT 5.1; .NET CLR 1.1.4322; .NET CLR 2.0.50727; .NET CLR 3.0.04506.30)"
65.55.24.239 - - [01/Jan/2013:19:35:53 -0600] "GET /robots.txt HTTP/1.1" 404 - "-" "Mozilla/5.0 (compatible; bingbot/2.0; +http://www.bing.com/bingbot.htm)"
65.55.24.239 - - [01/Jan/2013:19:37:19 -0600] "GET / HTTP/1.1" 200 10513 "-" "Mozilla/5.0 (compatible; bingbot/2.0; +http://www.bing.com/bingbot.htm)"
1.202.218.21 - - [01/Jan/2013:21:01:32 -0600] "GET /robots.txt HTTP/1.1" 404 - "-" "Mozilla/5.0 (compatible; JikeSpider; +http://shoulu.jike.com/spider.html)"
199.21.99.99 - - [01/Jan/2013:21:07:15 -0600] "GET /pdf/2010_Top100_Military_Friendly_Employers.pdf HTTP/1.1" 304 - "-" "Mozilla/5.0 (compatible; YandexBot/3.0; +http://yandex.com/bots)"
101.226.167.247 - - [01/Jan/2013:21:34:36 -0600] "GET /robots.txt HTTP/1.1" 404 - "http://www.operationspokaneheroes.org/robots.txt" "Mozilla/4.0 (compatible; MSIE 8.0; Windows NT 6.1; Trident/4.0; SLCC2; .NET CLR 2.0.50727; .NET CLR 3.5.30729; .NET CLR 3.0.30729; Media Center PC 6.0; MDDR; .NET4.0C; .NET4.0E; .NET CLR 1.1.4322; Tablet PC 2.0)"
66.249.74.210 - - [02/Jan/2013:02:13:17 -0600] "GET /robots.txt HTTP/1.1" 404 - "-" "Mozilla/5.0 (compatible; Googlebot/2.1; +http://www.google.com/bot.html)"
66.249.74.210 - - [02/Jan/2013:02:13:17 -0600] "GET / HTTP/1.1" 200 10513 "-" "Mozilla/5.0 (compatible; Googlebot/2.1; +http://www.google.com/bot.html)"
65.55.215.104 - - [02/Jan/2013:04:08:19 -0600] "GET /robots.txt HTTP/1.1" 404 - "-" "msnbot-media/1.1 (+http://search.msn.com/msnbot.htm)"
65.55.215.104 - - [02/Jan/2013:04:08:19 -0600] "GET /images/contacticon.png HTTP/1.1" 200 4499 "-" "msnbot-media/1.1 (+http://search.msn.com/msnbot.htm)"
199.21.99.99 - - [02/Jan/2013:04:48:04 -0600] "GET /calendar.php HTTP/1.1" 200 10709 "-" "Mozilla/5.0 (compatible; YandexBot/3.0; +http://yandex.com/bots)"
208.115.111.70 - - [02/Jan/2013:06:48:59 -0600] "GET /robots.txt HTTP/1.1" 404 - "-" "Mozilla/5.0 (compatible; Ezooms/1.0; ezooms.bot@gmail.com)"
208.115.111.70 - - [02/Jan/2013:08:00:03 -0600] "GET /calendar.php HTTP/1.1" 200 10709 "-" "Mozilla/5.0 (compatible; Ezooms/1.0; ezooms.bot@gmail.com)"
199.21.99.99 - - [02/Jan/2013:08:17:25 -0600] "GET /robots.txt HTTP/1.1" 404 - "-" "Mozilla/5.0 (compatible; YandexBot/3.0; +http://yandex.com/bots)"
173.199.115.59 - - [02/Jan/2013:09:32:26 -0600] "GET /aboutus.php HTTP/1.1" 200 11667 "-" "Mozilla/5.0 (compatible; AhrefsBot/4.0; +http://ahrefs.com/robot/)"
199.21.99.99 - - [02/Jan/2013:09:53:09 -0600] "GET /contact.php HTTP/1.1" 200 10519 "-" "Mozilla/5.0 (compatible; YandexBot/3.0; +http://yandex.com/bots)"
218.30.103.147 - - [02/Jan/2013:10:05:55 -0600] "GET /robots.txt HTTP/1.1" 404 - "-" "Sogou web spider/4.0"
218.30.103.147 - - [02/Jan/2013:10:05:56 -0600] "GET / HTTP/1.1" 200 10513 "-" "Sogou web spider/4.0(+http://www.sogou.com/docs/help/webmasters.htm#07)"
218.30.103.147 - - [02/Jan/2013:11:01:37 -0600] "GET / HTTP/1.1" 200 10513 "-" "Sogou web spider/4.0(+http://www.sogou.com/docs/help/webmasters.htm#07)"
199.21.99.99 - - [02/Jan/2013:11:17:12 -0600] "GET /_inc/contact.php HTTP/1.1" 200 756 "-" "Mozilla/5.0 (compatible; YandexBot/3.0; +http://yandex.com/bots)"
173.199.115.59 - - [02/Jan/2013:11:44:50 -0600] "GET /contact.php HTTP/1.1" 200 10519 "-" "Mozilla/5.0 (compatible; AhrefsBot/4.0; +http://ahrefs.com/robot/)"
58.68.242.164 - - [02/Jan/2013:11:50:58 -0600] "HEAD / HTTP/1.1" 200 - "-" "Mozilla/5.0 (compatible; JikeSpider; +http://shoulu.jike.com/spider.html)"
58.68.242.164 - - [02/Jan/2013:11:50:59 -0600] "GET / HTTP/1.1" 200 10513 "-" "Mozilla/5.0 (compatible; JikeSpider; +http://shoulu.jike.com/spider.html)"
132.3.65.68 - - [02/Jan/2013:11:51:41 -0600] "GET /css/footer.css HTTP/1.0" 200 752 "-" "Mozilla/4.0 (compatible;)"
132.3.65.68 - - [02/Jan/2013:11:52:11 -0600] "GET /images/nav2.jpg HTTP/1.0" 200 4444 "-" "Mozilla/4.0 (compatible;)"
66.45.169.252 - - [02/Jan/2013:12:37:35 -0600] "GET / HTTP/1.1" 200 10513 "http://www.google.com/url?sa=t&rct=j&q=operation%20spokane%20heroes&source=web&cd=1&sqi=2&ved=0CC8QFjAA&url=http%3A%2F%2Foperationspokaneheroes.org%2F&ei=aH7kUKnaM8WkiQLA1oGABg&usg=AFQjCNGGuKExGUEgtWK2o7s2b3sBxGCH3Q&bvm=bv.1355534169,d.cGE" "Mozilla/5.0 (compatible; MSIE 9.0; Windows NT 6.1; Trident/5.0)"
66.45.169.252 - - [02/Jan/2013:12:37:35 -0600] "GET /css/global.css HTTP/1.1" 304 - "http://operationspokaneheroes.org/" "Mozilla/5.0 (compatible; MSIE 9.0; Windows NT 6.1; Trident/5.0)"
66.45.169.252 - - [02/Jan/2013:12:37:35 -0600] "GET /images/global.png HTTP/1.1" 200 5737 "http://operationspokaneheroes.org/" "Mozilla/5.0 (compatible; MSIE 9.0; Windows NT 6.1; Trident/5.0)"
66.45.169.252 - - [02/Jan/2013:12:37:35 -0600] "GET /css/footer.css HTTP/1.1" 304 - "http://operationspokaneheroes.org/" "Mozilla/5.0 (compatible; MSIE 9.0; Windows NT 6.1; Trident/5.0)"
66.45.169.252 - - [02/Jan/2013:12:37:35 -0600] "GET /images/facebook.png HTTP/1.1" 200 5004 "http://operationspokaneheroes.org/" "Mozilla/5.0 (compatible; MSIE 9.0; Windows NT 6.1; Trident/5.0)"
66.45.169.252 - - [02/Jan/2013:12:37:35 -0600] "GET /images/contacticon.png HTTP/1.1" 200 4499 "http://operationspokaneheroes.org/" "Mozilla/5.0 (compatible; MSIE 9.0; Windows NT 6.1; Trident/5.0)"
66.45.169.252 - - [02/Jan/2013:12:37:35 -0600] "GET /slider/index.html HTTP/1.1" 200 1496 "http://operationspokaneheroes.org/" "Mozilla/5.0 (compatible; MSIE 9.0; Windows NT 6.1; Trident/5.0)"
66.45.169.252 - - [02/Jan/2013:12:37:35 -0600] "GET /_inc/slide.php HTTP/1.1" 200 3205 "http://operationspokaneheroes.org/" "Mozilla/5.0 (compatible; MSIE 9.0; Windows NT 6.1; Trident/5.0)"
66.45.169.252 - - [02/Jan/2013:12:37:35 -0600] "GET /images/nav2.jpg HTTP/1.1" 200 4444 "http://operationspokaneheroes.org/" "Mozilla/5.0 (compatible; MSIE 9.0; Windows NT 6.1; Trident/5.0)"
66.45.169.252 - - [02/Jan/2013:12:37:35 -0600] "GET /mainbk.png HTTP/1.1" 200 290 "http://operationspokaneheroes.org/" "Mozilla/5.0 (compatible; MSIE 9.0; Windows NT 6.1; Trident/5.0)"
66.45.169.252 - - [02/Jan/2013:12:37:35 -0600] "GET /slider/css/style.css HTTP/1.1" 304 - "http://operationspokaneheroes.org/slider/index.html" "Mozilla/5.0 (compatible; MSIE 9.0; Windows NT 6.1; Trident/5.0)"
66.45.169.252 - - [02/Jan/2013:12:37:35 -0600] "GET /slider/js/startstop-slider.js HTTP/1.1" 304 - "http://operationspokaneheroes.org/slider/index.html" "Mozilla/5.0 (compatible; MSIE 9.0; Windows NT 6.1; Trident/5.0)"
66.45.169.252 - - [02/Jan/2013:12:37:35 -0600] "GET /slider/js/jquery-1.2.6.js HTTP/1.1" 304 - "http://operationspokaneheroes.org/slider/index.html" "Mozilla/5.0 (compatible; MSIE 9.0; Windows NT 6.1; Trident/5.0)"
66.45.169.252 - - [02/Jan/2013:12:37:35 -0600] "GET /css/slide.css HTTP/1.1" 304 - "http://operationspokaneheroes.org/_inc/slide.php" "Mozilla/5.0 (compatible; MSIE 9.0; Windows NT 6.1; Trident/5.0)"
66.45.169.252 - - [02/Jan/2013:12:37:35 -0600] "GET /images/bg2.jpg HTTP/1.1" 200 55206 "http://operationspokaneheroes.org/" "Mozilla/5.0 (compatible; MSIE 9.0; Windows NT 6.1; Trident/5.0)"
66.45.169.252 - - [02/Jan/2013:12:37:36 -0600] "GET /css/style_global.css HTTP/1.1" 304 - "http://operationspokaneheroes.org/_inc/slide.php" "Mozilla/5.0 (compatible; MSIE 9.0; Windows NT 6.1; Trident/5.0)"
66.45.169.252 - - [02/Jan/2013:12:37:36 -0600] "GET /js/combined.js HTTP/1.1" 304 - "http://operationspokaneheroes.org/_inc/slide.php" "Mozilla/5.0 (compatible; MSIE 9.0; Windows NT 6.1; Trident/5.0)"
66.45.169.252 - - [02/Jan/2013:12:37:36 -0600] "GET /slider/images/slider-bg.jpg HTTP/1.1" 200 3447 "http://operationspokaneheroes.org/slider/index.html" "Mozilla/5.0 (compatible; MSIE 9.0; Windows NT 6.1; Trident/5.0)"
66.45.169.252 - - [02/Jan/2013:12:37:35 -0600] "GET /images/slder2.png HTTP/1.1" 200 32853 "http://operationspokaneheroes.org/slider/index.html" "Mozilla/5.0 (compatible; MSIE 9.0; Windows NT 6.1; Trident/5.0)"
66.45.169.252 - - [02/Jan/2013:12:37:35 -0600] "GET /images/imagslider-1.png HTTP/1.1" 200 67116 "http://operationspokaneheroes.org/slider/index.html" "Mozilla/5.0 (compatible; MSIE 9.0; Windows NT 6.1; Trident/5.0)"
66.45.169.252 - - [02/Jan/2013:12:37:36 -0600] "GET /assets/images/btn_top_search_hover.png HTTP/1.1" 404 - "http://operationspokaneheroes.org/_inc/slide.php" "Mozilla/5.0 (compatible; MSIE 9.0; Windows NT 6.1; Trident/5.0)"
66.45.169.252 - - [02/Jan/2013:12:37:36 -0600] "GET /assets/images/btn_main_search_hover.png HTTP/1.1" 404 - "http://operationspokaneheroes.org/_inc/slide.php" "Mozilla/5.0 (compatible; MSIE 9.0; Windows NT 6.1; Trident/5.0)"
66.45.169.252 - - [02/Jan/2013:12:37:35 -0600] "GET /images/logo.png HTTP/1.1" 200 226129 "http://operationspokaneheroes.org/" "Mozilla/5.0 (compatible; MSIE 9.0; Windows NT 6.1; Trident/5.0)"
66.45.169.252 - - [02/Jan/2013:12:37:36 -0600] "GET /images/mission_statement_bg.png HTTP/1.1" 200 11413 "http://operationspokaneheroes.org/_inc/slide.php" "Mozilla/5.0 (compatible; MSIE 9.0; Windows NT 6.1; Trident/5.0)"
66.45.169.252 - - [02/Jan/2013:12:37:36 -0600] "GET /favicon.ico HTTP/1.1" 404 - "-" "Mozilla/5.0 (compatible; MSIE 9.0; Windows NT 6.1; Trident/5.0)"
66.45.169.252 - - [02/Jan/2013:12:37:36 -0600] "GET /images/we_believe.png HTTP/1.1" 200 1785 "http://operationspokaneheroes.org/_inc/slide.php" "Mozilla/5.0 (compatible; MSIE 9.0; Windows NT 6.1; Trident/5.0)"
66.45.169.252 - - [02/Jan/2013:12:37:36 -0600] "GET /images/1.jpg HTTP/1.1" 200 142489 "http://operationspokaneheroes.org/_inc/slide.php" "Mozilla/5.0 (compatible; MSIE 9.0; Windows NT 6.1; Trident/5.0)"
66.45.169.252 - - [02/Jan/2013:12:37:36 -0600] "GET /images/4.jpg HTTP/1.1" 200 186934 "http://operationspokaneheroes.org/_inc/slide.php" "Mozilla/5.0 (compatible; MSIE 9.0; Windows NT 6.1; Trident/5.0)"
66.45.169.252 - - [02/Jan/2013:12:37:36 -0600] "GET /images/2.jpg HTTP/1.1" 200 170993 "http://operationspokaneheroes.org/_inc/slide.php" "Mozilla/5.0 (compatible; MSIE 9.0; Windows NT 6.1; Trident/5.0)"
66.45.169.252 - - [02/Jan/2013:12:37:36 -0600] "GET /images/we_strive.png HTTP/1.1" 200 1981 "http://operationspokaneheroes.org/_inc/slide.php" "Mozilla/5.0 (compatible; MSIE 9.0; Windows NT 6.1; Trident/5.0)"
66.45.169.252 - - [02/Jan/2013:12:37:36 -0600] "GET /images/we_help.png HTTP/1.1" 200 1514 "http://operationspokaneheroes.org/_inc/slide.php" "Mozilla/5.0 (compatible; MSIE 9.0; Windows NT 6.1; Trident/5.0)"
66.45.169.252 - - [02/Jan/2013:12:37:36 -0600] "GET /images/we_need.png HTTP/1.1" 200 2138 "http://operationspokaneheroes.org/_inc/slide.php" "Mozilla/5.0 (compatible; MSIE 9.0; Windows NT 6.1; Trident/5.0)"
66.45.169.252 - - [02/Jan/2013:12:37:36 -0600] "GET /images/3.jpg HTTP/1.1" 200 240733 "http://operationspokaneheroes.org/_inc/slide.php" "Mozilla/5.0 (compatible; MSIE 9.0; Windows NT 6.1; Trident/5.0)"
66.45.169.252 - - [02/Jan/2013:12:37:47 -0600] "GET /events.php HTTP/1.1" 200 6407 "http://operationspokaneheroes.org/" "Mozilla/5.0 (compatible; MSIE 9.0; Windows NT 6.1; Trident/5.0)"
66.45.169.252 - - [02/Jan/2013:12:37:47 -0600] "GET /events/carousel_11/carousel_11.html HTTP/1.1" 200 3712 "http://operationspokaneheroes.org/events.php" "Mozilla/5.0 (compatible; MSIE 9.0; Windows NT 6.1; Trident/5.0)"
66.45.169.252 - - [02/Jan/2013:12:37:47 -0600] "GET /events/vet_picnic/vet_picnic.html HTTP/1.1" 200 3163 "http://operationspokaneheroes.org/events.php" "Mozilla/5.0 (compatible; MSIE 9.0; Windows NT 6.1; Trident/5.0)"
66.45.169.252 - - [02/Jan/2013:12:37:47 -0600] "GET /events/ermy_event/ermy.html HTTP/1.1" 200 3507 "http://operationspokaneheroes.org/events.php" "Mozilla/5.0 (compatible; MSIE 9.0; Windows NT 6.1; Trident/5.0)"
66.45.169.252 - - [02/Jan/2013:12:37:47 -0600] "GET /events/carousel_11/css/style.css HTTP/1.1" 200 1149 "http://operationspokaneheroes.org/events/carousel_11/carousel_11.html" "Mozilla/5.0 (compatible; MSIE 9.0; Windows NT 6.1; Trident/5.0)"
66.45.169.252 - - [02/Jan/2013:12:37:47 -0600] "GET /events/carousel_11/js/jquery.movingboxes.min.js HTTP/1.1" 200 4663 "http://operationspokaneheroes.org/events/carousel_11/carousel_11.html" "Mozilla/5.0 (compatible; MSIE 9.0; Windows NT 6.1; Trident/5.0)"
66.45.169.252 - - [02/Jan/2013:12:37:47 -0600] "GET /events/Brittanycozza-.png HTTP/1.1" 200 156325 "http://operationspokaneheroes.org/events.php" "Mozilla/5.0 (compatible; MSIE 9.0; Windows NT 6.1; Trident/5.0)"
66.45.169.252 - - [02/Jan/2013:12:37:47 -0600] "GET /events/carousel_11/images/6.jpg HTTP/1.1" 200 154334 "http://operationspokaneheroes.org/events/carousel_11/carousel_11.html" "Mozilla/5.0 (compatible; MSIE 9.0; Windows NT 6.1; Trident/5.0)"
66.45.169.252 - - [02/Jan/2013:12:37:47 -0600] "GET /events/carousel_11/images/8.jpg HTTP/1.1" 200 136957 "http://operationspokaneheroes.org/events/carousel_11/carousel_11.html" "Mozilla/5.0 (compatible; MSIE 9.0; Windows NT 6.1; Trident/5.0)"
66.45.169.252 - - [02/Jan/2013:12:37:47 -0600] "GET /events/carousel_11/images/9.jpg HTTP/1.1" 200 166085 "http://operationspokaneheroes.org/events/carousel_11/carousel_11.html" "Mozilla/5.0 (compatible; MSIE 9.0; Windows NT 6.1; Trident/5.0)"
66.45.169.252 - - [02/Jan/2013:12:37:47 -0600] "GET /events/carousel_11/images/10.jpg HTTP/1.1" 200 165405 "http://operationspokaneheroes.org/events/carousel_11/carousel_11.html" "Mozilla/5.0 (compatible; MSIE 9.0; Windows NT 6.1; Trident/5.0)"
66.45.169.252 - - [02/Jan/2013:12:37:47 -0600] "GET /events/carousel_11/images/5.jpg HTTP/1.1" 200 157898 "http://operationspokaneheroes.org/events/carousel_11/carousel_11.html" "Mozilla/5.0 (compatible; MSIE 9.0; Windows NT 6.1; Trident/5.0)"
66.45.169.252 - - [02/Jan/2013:12:37:47 -0600] "GET /events/carousel_11/images/11.jpg HTTP/1.1" 200 171021 "http://operationspokaneheroes.org/events/carousel_11/carousel_11.html" "Mozilla/5.0 (compatible; MSIE 9.0; Windows NT 6.1; Trident/5.0)"
66.45.169.252 - - [02/Jan/2013:12:37:48 -0600] "GET /events/carousel_11/images/3.jpg HTTP/1.1" 200 168442 "http://operationspokaneheroes.org/events/carousel_11/carousel_11.html" "Mozilla/5.0 (compatible; MSIE 9.0; Windows NT 6.1; Trident/5.0)"
66.45.169.252 - - [02/Jan/2013:12:37:47 -0600] "GET /events/carousel_11/images/7.jpg HTTP/1.1" 200 162292 "http://operationspokaneheroes.org/events/carousel_11/carousel_11.html" "Mozilla/5.0 (compatible; MSIE 9.0; Windows NT 6.1; Trident/5.0)"
66.45.169.252 - - [02/Jan/2013:12:37:48 -0600] "GET /events/vet_picnic/css/style.css HTTP/1.1" 200 1149 "http://operationspokaneheroes.org/events/vet_picnic/vet_picnic.html" "Mozilla/5.0 (compatible; MSIE 9.0; Windows NT 6.1; Trident/5.0)"
66.45.169.252 - - [02/Jan/2013:12:37:48 -0600] "GET /events/vet_picnic/js/jquery.movingboxes.min.js HTTP/1.1" 200 4663 "http://operationspokaneheroes.org/events/vet_picnic/vet_picnic.html" "Mozilla/5.0 (compatible; MSIE 9.0; Windows NT 6.1; Trident/5.0)"
66.45.169.252 - - [02/Jan/2013:12:37:48 -0600] "GET /events/carousel_11/images/4.jpg HTTP/1.1" 200 162289 "http://operationspokaneheroes.org/events/carousel_11/carousel_11.html" "Mozilla/5.0 (compatible; MSIE 9.0; Windows NT 6.1; Trident/5.0)"
66.45.169.252 - - [02/Jan/2013:12:37:48 -0600] "GET /events/vet_picnic/images/67.jpg HTTP/1.1" 404 - "http://operationspokaneheroes.org/events/vet_picnic/vet_picnic.html" "Mozilla/5.0 (compatible; MSIE 9.0; Windows NT 6.1; Trident/5.0)"
66.45.169.252 - - [02/Jan/2013:12:37:48 -0600] "GET /events/carousel_11/images/2.jpg HTTP/1.1" 200 158920 "http://operationspokaneheroes.org/events/carousel_11/carousel_11.html" "Mozilla/5.0 (compatible; MSIE 9.0; Windows NT 6.1; Trident/5.0)"
66.45.169.252 - - [02/Jan/2013:12:37:48 -0600] "GET /events/vet_picnic/images/4.jpg HTTP/1.1" 200 181214 "http://operationspokaneheroes.org/events/vet_picnic/vet_picnic.html" "Mozilla/5.0 (compatible; MSIE 9.0; Windows NT 6.1; Trident/5.0)"
66.45.169.252 - - [02/Jan/2013:12:37:48 -0600] "GET /events/vet_picnic/images/6.jpg HTTP/1.1" 200 169784 "http://operationspokaneheroes.org/events/vet_picnic/vet_picnic.html" "Mozilla/5.0 (compatible; MSIE 9.0; Windows NT 6.1; Trident/5.0)"
66.45.169.252 - - [02/Jan/2013:12:37:48 -0600] "GET /events/vet_picnic/images/5.jpg HTTP/1.1" 200 197080 "http://operationspokaneheroes.org/events/vet_picnic/vet_picnic.html" "Mozilla/5.0 (compatible; MSIE 9.0; Windows NT 6.1; Trident/5.0)"
66.45.169.252 - - [02/Jan/2013:12:37:48 -0600] "GET /events/vet_picnic/images/3.jpg HTTP/1.1" 200 197588 "http://operationspokaneheroes.org/events/vet_picnic/vet_picnic.html" "Mozilla/5.0 (compatible; MSIE 9.0; Windows NT 6.1; Trident/5.0)"
66.45.169.252 - - [02/Jan/2013:12:37:48 -0600] "GET /events/ermy_event/css/style.css HTTP/1.1" 200 1149 "http://operationspokaneheroes.org/events/ermy_event/ermy.html" "Mozilla/5.0 (compatible; MSIE 9.0; Windows NT 6.1; Trident/5.0)"
66.45.169.252 - - [02/Jan/2013:12:37:48 -0600] "GET /events/vet_picnic/images/2.jpg HTTP/1.1" 200 184758 "http://operationspokaneheroes.org/events/vet_picnic/vet_picnic.html" "Mozilla/5.0 (compatible; MSIE 9.0; Windows NT 6.1; Trident/5.0)"
66.45.169.252 - - [02/Jan/2013:12:37:48 -0600] "GET /events/ermy_event/js/jquery.movingboxes.min.js HTTP/1.1" 200 4663 "http://operationspokaneheroes.org/events/ermy_event/ermy.html" "Mozilla/5.0 (compatible; MSIE 9.0; Windows NT 6.1; Trident/5.0)"
66.45.169.252 - - [02/Jan/2013:12:37:48 -0600] "GET /events/ermy_event/images/10.jpg HTTP/1.1" 200 123002 "http://operationspokaneheroes.org/events/ermy_event/ermy.html" "Mozilla/5.0 (compatible; MSIE 9.0; Windows NT 6.1; Trident/5.0)"
66.45.169.252 - - [02/Jan/2013:12:37:48 -0600] "GET /events/vet_picnic/images/1.jpg HTTP/1.1" 200 200220 "http://operationspokaneheroes.org/events/vet_picnic/vet_picnic.html" "Mozilla/5.0 (compatible; MSIE 9.0; Windows NT 6.1; Trident/5.0)"
66.45.169.252 - - [02/Jan/2013:12:37:48 -0600] "GET /events/ermy_event/images/9.jpg HTTP/1.1" 200 115800 "http://operationspokaneheroes.org/events/ermy_event/ermy.html" "Mozilla/5.0 (compatible; MSIE 9.0; Windows NT 6.1; Trident/5.0)"
66.45.169.252 - - [02/Jan/2013:12:37:48 -0600] "GET /events/ermy_event/images/8.jpg HTTP/1.1" 200 104457 "http://operationspokaneheroes.org/events/ermy_event/ermy.html" "Mozilla/5.0 (compatible; MSIE 9.0; Windows NT 6.1; Trident/5.0)"
66.45.169.252 - - [02/Jan/2013:12:37:48 -0600] "GET /events/ermy_event/images/7.jpg HTTP/1.1" 200 113303 "http://operationspokaneheroes.org/events/ermy_event/ermy.html" "Mozilla/5.0 (compatible; MSIE 9.0; Windows NT 6.1; Trident/5.0)"
66.45.169.252 - - [02/Jan/2013:12:37:48 -0600] "GET /events/ermy_event/images/6.jpg HTTP/1.1" 200 110464 "http://operationspokaneheroes.org/events/ermy_event/ermy.html" "Mozilla/5.0 (compatible; MSIE 9.0; Windows NT 6.1; Trident/5.0)"
66.45.169.252 - - [02/Jan/2013:12:37:48 -0600] "GET /events/ermy_event/images/5.jpg HTTP/1.1" 200 97554 "http://operationspokaneheroes.org/events/ermy_event/ermy.html" "Mozilla/5.0 (compatible; MSIE 9.0; Windows NT 6.1; Trident/5.0)"
66.45.169.252 - - [02/Jan/2013:12:37:48 -0600] "GET /events/ermy_event/images/4.jpg HTTP/1.1" 200 94569 "http://operationspokaneheroes.org/events/ermy_event/ermy.html" "Mozilla/5.0 (compatible; MSIE 9.0; Windows NT 6.1; Trident/5.0)"
66.45.169.252 - - [02/Jan/2013:12:37:48 -0600] "GET /events/ermy_event/images/3.jpg HTTP/1.1" 200 101406 "http://operationspokaneheroes.org/events/ermy_event/ermy.html" "Mozilla/5.0 (compatible; MSIE 9.0; Windows NT 6.1; Trident/5.0)"
66.45.169.252 - - [02/Jan/2013:12:37:48 -0600] "GET /events/ermy_event/images/2.jpg HTTP/1.1" 200 114501 "http://operationspokaneheroes.org/events/ermy_event/ermy.html" "Mozilla/5.0 (compatible; MSIE 9.0; Windows NT 6.1; Trident/5.0)"
66.45.169.252 - - [02/Jan/2013:12:37:48 -0600] "GET /events/ermy_event/images/1.jpg HTTP/1.1" 200 104778 "http://operationspokaneheroes.org/events/ermy_event/ermy.html" "Mozilla/5.0 (compatible; MSIE 9.0; Windows NT 6.1; Trident/5.0)"
66.45.169.252 - - [02/Jan/2013:12:37:50 -0600] "GET /events/carousel_11/images/leftarrow.png HTTP/1.1" 200 3371 "http://operationspokaneheroes.org/events/carousel_11/carousel_11.html" "Mozilla/5.0 (compatible; MSIE 9.0; Windows NT 6.1; Trident/5.0)"
66.45.169.252 - - [02/Jan/2013:12:37:50 -0600] "GET /events/carousel_11/images/rightarrow.png HTTP/1.1" 200 3351 "http://operationspokaneheroes.org/events/carousel_11/carousel_11.html" "Mozilla/5.0 (compatible; MSIE 9.0; Windows NT 6.1; Trident/5.0)"
66.45.169.252 - - [02/Jan/2013:12:37:50 -0600] "GET /events/vet_picnic/images/leftarrow.png HTTP/1.1" 200 3371 "http://operationspokaneheroes.org/events/vet_picnic/vet_picnic.html" "Mozilla/5.0 (compatible; MSIE 9.0; Windows NT 6.1; Trident/5.0)"
66.45.169.252 - - [02/Jan/2013:12:37:50 -0600] "GET /events/vet_picnic/images/rightarrow.png HTTP/1.1" 200 3351 "http://operationspokaneheroes.org/events/vet_picnic/vet_picnic.html" "Mozilla/5.0 (compatible; MSIE 9.0; Windows NT 6.1; Trident/5.0)"
66.45.169.252 - - [02/Jan/2013:12:37:50 -0600] "GET /events/ermy_event/images/rightarrow.png HTTP/1.1" 200 3351 "http://operationspokaneheroes.org/events/ermy_event/ermy.html" "Mozilla/5.0 (compatible; MSIE 9.0; Windows NT 6.1; Trident/5.0)"
66.45.169.252 - - [02/Jan/2013:12:37:50 -0600] "GET /events/ermy_event/images/leftarrow.png HTTP/1.1" 200 3371 "http://operationspokaneheroes.org/events/ermy_event/ermy.html" "Mozilla/5.0 (compatible; MSIE 9.0; Windows NT 6.1; Trident/5.0)"
66.45.169.252 - - [02/Jan/2013:12:37:50 -0600] "GET /events/ermy_event/images/leftshadow.png HTTP/1.1" 200 153 "http://operationspokaneheroes.org/events/ermy_event/ermy.html" "Mozilla/5.0 (compatible; MSIE 9.0; Windows NT 6.1; Trident/5.0)"
66.45.169.252 - - [02/Jan/2013:12:37:50 -0600] "GET /events/ermy_event/images/rightshadow.png HTTP/1.1" 200 147 "http://operationspokaneheroes.org/events/ermy_event/ermy.html" "Mozilla/5.0 (compatible; MSIE 9.0; Windows NT 6.1; Trident/5.0)"
66.45.169.252 - - [02/Jan/2013:12:37:50 -0600] "GET /events/vet_picnic/images/rightshadow.png HTTP/1.1" 200 147 "http://operationspokaneheroes.org/events/vet_picnic/vet_picnic.html" "Mozilla/5.0 (compatible; MSIE 9.0; Windows NT 6.1; Trident/5.0)"
66.45.169.252 - - [02/Jan/2013:12:37:50 -0600] "GET /events/carousel_11/images/rightshadow.png HTTP/1.1" 200 147 "http://operationspokaneheroes.org/events/carousel_11/carousel_11.html" "Mozilla/5.0 (compatible; MSIE 9.0; Windows NT 6.1; Trident/5.0)"
66.45.169.252 - - [02/Jan/2013:12:37:50 -0600] "GET /events/vet_picnic/images/leftshadow.png HTTP/1.1" 200 153 "http://operationspokaneheroes.org/events/vet_picnic/vet_picnic.html" "Mozilla/5.0 (compatible; MSIE 9.0; Windows NT 6.1; Trident/5.0)"
66.45.169.252 - - [02/Jan/2013:12:37:50 -0600] "GET /events/carousel_11/images/leftshadow.png HTTP/1.1" 200 153 "http://operationspokaneheroes.org/events/carousel_11/carousel_11.html" "Mozilla/5.0 (compatible; MSIE 9.0; Windows NT 6.1; Trident/5.0)"
66.45.169.252 - - [02/Jan/2013:12:38:13 -0600] "GET /assets/images/btn_main_search_hover.png HTTP/1.1" 404 - "http://operationspokaneheroes.org/_inc/slide.php" "Mozilla/5.0 (compatible; MSIE 9.0; Windows NT 6.1; Trident/5.0)"
66.45.169.252 - - [02/Jan/2013:12:38:13 -0600] "GET /assets/images/btn_top_search_hover.png HTTP/1.1" 404 - "http://operationspokaneheroes.org/_inc/slide.php" "Mozilla/5.0 (compatible; MSIE 9.0; Windows NT 6.1; Trident/5.0)"
65.55.24.239 - - [02/Jan/2013:12:45:48 -0600] "GET /robots.txt HTTP/1.1" 404 - "-" "Mozilla/5.0 (compatible; bingbot/2.0; +http://www.bing.com/bingbot.htm)"
65.55.24.239 - - [02/Jan/2013:12:50:01 -0600] "GET / HTTP/1.1" 200 10513 "-" "Mozilla/5.0 (compatible; bingbot/2.0; +http://www.bing.com/bingbot.htm)"
66.162.139.136 - - [02/Jan/2013:13:04:09 -0600] "GET / HTTP/1.1" 200 10513 "http://www.google.com/url?sa=t&rct=j&q=operation%20spokane%20heroes&source=web&cd=1&ved=0CDIQFjAA&url=http%3A%2F%2Foperationspokaneheroes.org%2F&ei=pITkUJHTD4esjALew4GgCQ&usg=AFQjCNGGuKExGUEgtWK2o7s2b3sBxGCH3Q&bvm=bv.1355534169,d.cGE" "Mozilla/4.0 (compatible; MSIE 8.0; Windows NT 5.1; Trident/4.0; .NET CLR 2.0.50727; .NET4.0C)"
66.162.139.136 - - [02/Jan/2013:13:04:09 -0600] "GET /images/global.png HTTP/1.1" 200 5737 "http://operationspokaneheroes.org/" "Mozilla/4.0 (compatible; MSIE 8.0; Windows NT 5.1; Trident/4.0; .NET CLR 2.0.50727; .NET4.0C)"
66.162.139.136 - - [02/Jan/2013:13:04:09 -0600] "GET /images/facebook.png HTTP/1.1" 200 5004 "http://operationspokaneheroes.org/" "Mozilla/4.0 (compatible; MSIE 8.0; Windows NT 5.1; Trident/4.0; .NET CLR 2.0.50727; .NET4.0C)"
66.162.139.136 - - [02/Jan/2013:13:04:09 -0600] "GET /css/footer.css HTTP/1.1" 200 752 "http://operationspokaneheroes.org/" "Mozilla/4.0 (compatible; MSIE 8.0; Windows NT 5.1; Trident/4.0; .NET CLR 2.0.50727; .NET4.0C)"
66.162.139.136 - - [02/Jan/2013:13:04:09 -0600] "GET /css/global.css HTTP/1.1" 200 13951 "http://operationspokaneheroes.org/" "Mozilla/4.0 (compatible; MSIE 8.0; Windows NT 5.1; Trident/4.0; .NET CLR 2.0.50727; .NET4.0C)"
66.162.139.136 - - [02/Jan/2013:13:04:09 -0600] "GET /images/contacticon.png HTTP/1.1" 200 4499 "http://operationspokaneheroes.org/" "Mozilla/4.0 (compatible; MSIE 8.0; Windows NT 5.1; Trident/4.0; .NET CLR 2.0.50727; .NET4.0C)"
66.162.139.136 - - [02/Jan/2013:13:04:09 -0600] "GET /slider/index.html HTTP/1.1" 200 1496 "http://operationspokaneheroes.org/" "Mozilla/4.0 (compatible; MSIE 8.0; Windows NT 5.1; Trident/4.0; .NET CLR 2.0.50727; .NET4.0C)"
66.162.139.136 - - [02/Jan/2013:13:04:09 -0600] "GET /images/nav2.jpg HTTP/1.1" 200 4444 "http://operationspokaneheroes.org/" "Mozilla/4.0 (compatible; MSIE 8.0; Windows NT 5.1; Trident/4.0; .NET CLR 2.0.50727; .NET4.0C)"
66.162.139.136 - - [02/Jan/2013:13:04:09 -0600] "GET /_inc/slide.php HTTP/1.1" 200 3205 "http://operationspokaneheroes.org/" "Mozilla/4.0 (compatible; MSIE 8.0; Windows NT 5.1; Trident/4.0; .NET CLR 2.0.50727; .NET4.0C)"
