208.115.111.70 - - [28/Feb/2013:04:23:19 -0600] "GET /index.php HTTP/1.1" 200 10513 "-" "Mozilla/5.0 (compatible; Ezooms/1.0; ezooms.bot@gmail.com)"
173.199.115.75 - - [28/Feb/2013:04:28:59 -0600] "GET /index.php HTTP/1.1" 200 10513 "-" "Mozilla/5.0 (compatible; AhrefsBot/4.0; +http://ahrefs.com/robot/)"
180.76.5.62 - - [28/Feb/2013:04:33:54 -0600] "GET /java_for_joes/index.html HTTP/1.1" 404 - "-" "Mozilla/5.0 (compatible; Baiduspider/2.0; +http://www.baidu.com/search/spider.html)"
220.181.108.85 - - [28/Feb/2013:04:44:18 -0600] "GET / HTTP/1.1" 200 10513 "-" "Mozilla/5.0 (compatible; Baiduspider/2.0; +http://www.baidu.com/search/spider.html)"
220.181.108.123 - - [28/Feb/2013:04:47:34 -0600] "GET /aboutus.php HTTP/1.1" 200 11667 "-" "Mozilla/5.0 (compatible; Baiduspider/2.0; +http://www.baidu.com/search/spider.html)"
220.181.108.94 - - [28/Feb/2013:04:50:54 -0600] "GET /css/global.css HTTP/1.1" 200 13951 "-" "Mozilla/5.0 (compatible; Baiduspider/2.0; +http://www.baidu.com/search/spider.html)"
220.181.108.105 - - [28/Feb/2013:04:54:17 -0600] "GET /calendar.php HTTP/1.1" 200 10730 "-" "Mozilla/5.0 (compatible; Baiduspider/2.0; +http://www.baidu.com/search/spider.html)"
220.181.108.171 - - [28/Feb/2013:04:57:34 -0600] "GET /donate.php HTTP/1.1" 200 11699 "-" "Mozilla/5.0 (compatible; Baiduspider/2.0; +http://www.baidu.com/search/spider.html)"
220.181.108.81 - - [28/Feb/2013:05:00:54 -0600] "GET /business.php HTTP/1.1" 200 10813 "-" "Mozilla/5.0 (compatible; Baiduspider/2.0; +http://www.baidu.com/search/spider.html)"
220.181.108.159 - - [28/Feb/2013:05:04:17 -0600] "GET /_inc/slide.php HTTP/1.1" 200 3205 "-" "Mozilla/5.0 (compatible; Baiduspider/2.0; +http://www.baidu.com/search/spider.html)"
220.181.108.102 - - [28/Feb/2013:05:07:35 -0600] "GET /contact.php HTTP/1.1" 200 10519 "-" "Mozilla/5.0 (compatible; Baiduspider/2.0; +http://www.baidu.com/search/spider.html)"
220.181.108.151 - - [28/Feb/2013:05:10:58 -0600] "GET /css/footer.css HTTP/1.1" 200 752 "-" "Mozilla/5.0 (compatible; Baiduspider/2.0; +http://www.baidu.com/search/spider.html)"
220.181.108.84 - - [28/Feb/2013:05:14:15 -0600] "GET /slider/index.html HTTP/1.1" 200 2395 "-" "Mozilla/5.0 (compatible; Baiduspider/2.0; +http://www.baidu.com/search/spider.html)"
220.181.108.122 - - [28/Feb/2013:05:14:15 -0600] "GET /slider/ HTTP/1.1" 200 2395 "-" "Mozilla/5.0 (compatible; Baiduspider/2.0; +http://www.baidu.com/search/spider.html)"
220.181.108.89 - - [28/Feb/2013:05:17:35 -0600] "GET /events.php HTTP/1.1" 200 6407 "-" "Mozilla/5.0 (compatible; Baiduspider/2.0; +http://www.baidu.com/search/spider.html)"
220.181.108.119 - - [28/Feb/2013:05:20:54 -0600] "GET /index.php HTTP/1.1" 200 10513 "-" "Mozilla/5.0 (compatible; Baiduspider/2.0; +http://www.baidu.com/search/spider.html)"
220.181.108.117 - - [28/Feb/2013:05:20:57 -0600] "GET / HTTP/1.1" 200 10513 "-" "Mozilla/5.0 (compatible; Baiduspider/2.0; +http://www.baidu.com/search/spider.html)"
173.199.115.75 - - [28/Feb/2013:05:42:15 -0600] "GET /business.php HTTP/1.1" 200 10813 "-" "Mozilla/5.0 (compatible; AhrefsBot/4.0; +http://ahrefs.com/robot/)"
199.21.99.103 - - [28/Feb/2013:05:47:38 -0600] "GET /robots.txt HTTP/1.1" 404 - "-" "Mozilla/5.0 (compatible; YandexBot/3.0; +http://yandex.com/bots)"
173.199.115.75 - - [28/Feb/2013:06:00:45 -0600] "GET / HTTP/1.1" 200 10513 "-" "Mozilla/5.0 (compatible; AhrefsBot/4.0; +http://ahrefs.com/robot/)"
157.55.32.152 - - [28/Feb/2013:06:57:05 -0600] "GET /robots.txt HTTP/1.1" 404 - "-" "Mozilla/5.0 (compatible; bingbot/2.0; +http://www.bing.com/bingbot.htm)"
157.55.32.152 - - [28/Feb/2013:06:58:21 -0600] "GET / HTTP/1.1" 200 10513 "-" "Mozilla/5.0 (compatible; bingbot/2.0; +http://www.bing.com/bingbot.htm)"
199.21.99.103 - - [28/Feb/2013:07:22:03 -0600] "GET /robots.txt HTTP/1.1" 404 - "-" "Mozilla/5.0 (compatible; YandexBot/3.0; +http://yandex.com/bots)"
199.21.99.103 - - [28/Feb/2013:07:22:04 -0600] "GET / HTTP/1.1" 200 10513 "-" "Mozilla/5.0 (compatible; YandexBot/3.0; MirrorDetector; +http://yandex.com/bots)"
199.21.99.103 - - [28/Feb/2013:07:22:05 -0600] "GET / HTTP/1.1" 200 10513 "-" "Mozilla/5.0 (compatible; YandexBot/3.0; MirrorDetector; +http://yandex.com/bots)"
199.21.99.103 - - [28/Feb/2013:07:22:09 -0600] "GET / HTTP/1.1" 200 10513 "-" "Mozilla/5.0 (compatible; YandexBot/3.0; MirrorDetector; +http://yandex.com/bots)"
199.21.99.103 - - [28/Feb/2013:07:22:10 -0600] "GET / HTTP/1.1" 200 10513 "-" "Mozilla/5.0 (compatible; YandexBot/3.0; MirrorDetector; +http://yandex.com/bots)"
66.249.74.210 - - [28/Feb/2013:07:41:03 -0600] "GET /robots.txt HTTP/1.1" 404 - "-" "Mozilla/5.0 (compatible; Googlebot/2.1; +http://www.google.com/bot.html)"
66.249.74.210 - - [28/Feb/2013:07:41:03 -0600] "GET / HTTP/1.1" 200 10513 "-" "DoCoMo/2.0 N905i(c100;TB;W24H16) (compatible; Googlebot-Mobile/2.1; +http://www.google.com/bot.html)"
91.207.9.226 - - [28/Feb/2013:07:55:00 -0600] "GET / HTTP/1.1" 200 10513 "http://komportal.ru/" "Mozilla/4.0 (compatible; MSIE 6.0; Windows NT 5.1; SV1; .NET CLR 1.1.4322) NS8/0.9.6"
91.207.9.226 - - [28/Feb/2013:07:55:01 -0600] "GET / HTTP/1.1" 200 10513 "http://komportal.ru/" "Mozilla/4.0 (compatible; MSIE 6.0; Windows NT 5.1; SV1; .NET CLR 1.1.4322) NS8/0.9.6"
91.207.9.226 - - [28/Feb/2013:07:55:02 -0600] "GET / HTTP/1.1" 200 10513 "http://komportal.ru/" "Mozilla/4.0 (compatible; MSIE 6.0; Windows NT 5.1; SV1; .NET CLR 1.1.4322) NS8/0.9.6"
91.207.4.186 - - [28/Feb/2013:08:26:49 -0600] "GET / HTTP/1.1" 200 10513 "http://5forex.ru/" "Mozilla/4.0 (compatible; MSIE 6.0; Windows NT 5.1; SV1; .NET CLR 1.1.4322) Babya Discoverer  8.0:"
91.207.4.186 - - [28/Feb/2013:08:26:50 -0600] "GET / HTTP/1.1" 200 10513 "http://5forex.ru/" "Mozilla/4.0 (compatible; MSIE 6.0; Windows NT 5.1; SV1; .NET CLR 1.1.4322) Babya Discoverer  8.0:"
91.207.4.186 - - [28/Feb/2013:08:26:51 -0600] "GET / HTTP/1.1" 200 10513 "http://5forex.ru/" "Mozilla/4.0 (compatible; MSIE 6.0; Windows NT 5.1; SV1; .NET CLR 1.1.4322) Babya Discoverer  8.0:"
173.199.115.75 - - [28/Feb/2013:08:42:50 -0600] "GET /aboutus.php HTTP/1.1" 200 11667 "-" "Mozilla/5.0 (compatible; AhrefsBot/4.0; +http://ahrefs.com/robot/)"
173.242.124.160 - - [28/Feb/2013:08:43:10 -0600] "GET /robots.txt HTTP/1.0" 404 - "-" "Mozilla/5.0 (compatible; MJ12bot/v1.4.3; http://www.majestic12.co.uk/bot.php?+)"
173.242.124.160 - - [28/Feb/2013:08:43:12 -0600] "GET /java_for_joes/index.html HTTP/1.0" 404 - "-" "Mozilla/5.0 (compatible; MJ12bot/v1.4.3; http://www.majestic12.co.uk/bot.php?+)"
65.55.52.86 - - [28/Feb/2013:08:55:32 -0600] "GET /robots.txt HTTP/1.1" 404 - "-" "Mozilla/5.0 (compatible; bingbot/2.0; +http://www.bing.com/bingbot.htm)"
65.55.52.86 - - [28/Feb/2013:08:57:00 -0600] "GET /calendar.php HTTP/1.1" 200 10730 "-" "Mozilla/5.0 (compatible; bingbot/2.0; +http://www.bing.com/bingbot.htm)"
157.56.229.189 - - [28/Feb/2013:09:12:51 -0600] "GET /pdf/ HTTP/1.1" 200 3079 "-" "Mozilla/5.0 (compatible; bingbot/2.0; +http://www.bing.com/bingbot.htm)"
173.199.115.75 - - [28/Feb/2013:09:25:41 -0600] "GET /slider/index.html HTTP/1.1" 200 2395 "-" "Mozilla/5.0 (compatible; AhrefsBot/4.0; +http://ahrefs.com/robot/)"
157.55.32.88 - - [28/Feb/2013:09:26:20 -0600] "GET /events/bbq/va_bbq.html HTTP/1.1" 200 3479 "-" "Mozilla/5.0 (compatible; bingbot/2.0; +http://www.bing.com/bingbot.htm)"
157.55.32.88 - - [28/Feb/2013:09:26:20 -0600] "GET /pdf/Operation%20Wings%20of%20Hope%20Poster.pdf HTTP/1.1" 200 298825 "-" "Mozilla/5.0 (compatible; bingbot/2.0; +http://www.bing.com/bingbot.htm)"
157.56.93.207 - - [28/Feb/2013:09:34:22 -0600] "GET /business.php HTTP/1.1" 200 10813 "-" "Mozilla/5.0 (compatible; bingbot/2.0; +http://www.bing.com/bingbot.htm)"
157.56.93.207 - - [28/Feb/2013:09:34:22 -0600] "GET /_inc/contact.php HTTP/1.1" 200 756 "-" "Mozilla/5.0 (compatible; bingbot/2.0; +http://www.bing.com/bingbot.htm)"
157.56.93.207 - - [28/Feb/2013:09:34:26 -0600] "GET /pdf/Operation%20Wings%20of%20Hope.pdf HTTP/1.1" 200 52094 "-" "Mozilla/5.0 (compatible; bingbot/2.0; +http://www.bing.com/bingbot.htm)"
157.55.35.85 - - [28/Feb/2013:09:56:21 -0600] "GET /contact.php HTTP/1.1" 200 10519 "-" "Mozilla/5.0 (compatible; bingbot/2.0; +http://www.bing.com/bingbot.htm)"
157.55.35.34 - - [28/Feb/2013:09:56:51 -0600] "GET /pdf/Operation%20Wings%20of%20Hope%20-%20Kids.pdf HTTP/1.1" 200 34092 "-" "Mozilla/5.0 (compatible; bingbot/2.0; +http://www.bing.com/bingbot.htm)"
157.55.35.34 - - [28/Feb/2013:09:56:51 -0600] "GET /_inc/slide.php HTTP/1.1" 200 3205 "-" "Mozilla/5.0 (compatible; bingbot/2.0; +http://www.bing.com/bingbot.htm)"
199.21.99.103 - - [28/Feb/2013:11:32:57 -0600] "GET /robots.txt HTTP/1.1" 404 - "-" "Mozilla/5.0 (compatible; YandexBot/3.0; +http://yandex.com/bots)"
199.21.99.103 - - [28/Feb/2013:11:34:48 -0600] "GET /aboutus.php HTTP/1.1" 200 11667 "-" "Mozilla/5.0 (compatible; YandexBot/3.0; +http://yandex.com/bots)"
66.77.33.167 - - [28/Feb/2013:12:43:51 -0600] "GET / HTTP/1.1" 200 10513 "http://www.google.com/hws/search?hl=en&client=dell-usuk-rel&channel=us-psp&ibd=&q=spokane+military" "Mozilla/4.0 (compatible; MSIE 8.0; Windows NT 5.1; Trident/4.0; .NET CLR 1.1.4322; .NET CLR 2.0.50727; .NET CLR 3.0.4506.2152; .NET CLR 3.5.30729; .NET4.0C; .NET4.0E)"
66.77.33.167 - - [28/Feb/2013:12:43:51 -0600] "GET /images/contacticon.png HTTP/1.1" 200 4499 "http://operationspokaneheroes.org/" "Mozilla/4.0 (compatible; MSIE 8.0; Windows NT 5.1; Trident/4.0; .NET CLR 1.1.4322; .NET CLR 2.0.50727; .NET CLR 3.0.4506.2152; .NET CLR 3.5.30729; .NET4.0C; .NET4.0E)"
66.77.33.167 - - [28/Feb/2013:12:43:51 -0600] "GET /images/global.png HTTP/1.1" 200 5737 "http://operationspokaneheroes.org/" "Mozilla/4.0 (compatible; MSIE 8.0; Windows NT 5.1; Trident/4.0; .NET CLR 1.1.4322; .NET CLR 2.0.50727; .NET CLR 3.0.4506.2152; .NET CLR 3.5.30729; .NET4.0C; .NET4.0E)"
66.77.33.167 - - [28/Feb/2013:12:43:51 -0600] "GET /css/footer.css HTTP/1.1" 200 752 "http://operationspokaneheroes.org/" "Mozilla/4.0 (compatible; MSIE 8.0; Windows NT 5.1; Trident/4.0; .NET CLR 1.1.4322; .NET CLR 2.0.50727; .NET CLR 3.0.4506.2152; .NET CLR 3.5.30729; .NET4.0C; .NET4.0E)"
66.77.33.167 - - [28/Feb/2013:12:43:51 -0600] "GET /css/global.css HTTP/1.1" 200 13951 "http://operationspokaneheroes.org/" "Mozilla/4.0 (compatible; MSIE 8.0; Windows NT 5.1; Trident/4.0; .NET CLR 1.1.4322; .NET CLR 2.0.50727; .NET CLR 3.0.4506.2152; .NET CLR 3.5.30729; .NET4.0C; .NET4.0E)"
66.77.33.167 - - [28/Feb/2013:12:43:52 -0600] "GET /images/facebook.png HTTP/1.1" 200 5004 "http://operationspokaneheroes.org/" "Mozilla/4.0 (compatible; MSIE 8.0; Windows NT 5.1; Trident/4.0; .NET CLR 1.1.4322; .NET CLR 2.0.50727; .NET CLR 3.0.4506.2152; .NET CLR 3.5.30729; .NET4.0C; .NET4.0E)"
66.77.33.167 - - [28/Feb/2013:12:43:52 -0600] "GET /images/nav2.jpg HTTP/1.1" 200 4444 "http://operationspokaneheroes.org/" "Mozilla/4.0 (compatible; MSIE 8.0; Windows NT 5.1; Trident/4.0; .NET CLR 1.1.4322; .NET CLR 2.0.50727; .NET CLR 3.0.4506.2152; .NET CLR 3.5.30729; .NET4.0C; .NET4.0E)"
66.77.33.167 - - [28/Feb/2013:12:43:52 -0600] "GET /mainbk.png HTTP/1.1" 200 290 "http://operationspokaneheroes.org/" "Mozilla/4.0 (compatible; MSIE 8.0; Windows NT 5.1; Trident/4.0; .NET CLR 1.1.4322; .NET CLR 2.0.50727; .NET CLR 3.0.4506.2152; .NET CLR 3.5.30729; .NET4.0C; .NET4.0E)"
66.77.33.167 - - [28/Feb/2013:12:43:52 -0600] "GET /slider/index.html HTTP/1.1" 200 2395 "http://operationspokaneheroes.org/" "Mozilla/4.0 (compatible; MSIE 8.0; Windows NT 5.1; Trident/4.0; .NET CLR 1.1.4322; .NET CLR 2.0.50727; .NET CLR 3.0.4506.2152; .NET CLR 3.5.30729; .NET4.0C; .NET4.0E)"
66.77.33.167 - - [28/Feb/2013:12:43:52 -0600] "GET /_inc/slide.php HTTP/1.1" 200 3205 "http://operationspokaneheroes.org/" "Mozilla/4.0 (compatible; MSIE 8.0; Windows NT 5.1; Trident/4.0; .NET CLR 1.1.4322; .NET CLR 2.0.50727; .NET CLR 3.0.4506.2152; .NET CLR 3.5.30729; .NET4.0C; .NET4.0E)"
66.77.33.167 - - [28/Feb/2013:12:43:52 -0600] "GET /slider/css/style.css HTTP/1.1" 200 1376 "http://operationspokaneheroes.org/slider/index.html" "Mozilla/4.0 (compatible; MSIE 8.0; Windows NT 5.1; Trident/4.0; .NET CLR 1.1.4322; .NET CLR 2.0.50727; .NET CLR 3.0.4506.2152; .NET CLR 3.5.30729; .NET4.0C; .NET4.0E)"
66.77.33.167 - - [28/Feb/2013:12:43:51 -0600] "GET /images/logo.png HTTP/1.1" 200 226129 "http://operationspokaneheroes.org/" "Mozilla/4.0 (compatible; MSIE 8.0; Windows NT 5.1; Trident/4.0; .NET CLR 1.1.4322; .NET CLR 2.0.50727; .NET CLR 3.0.4506.2152; .NET CLR 3.5.30729; .NET4.0C; .NET4.0E)"
66.77.33.167 - - [28/Feb/2013:12:43:52 -0600] "GET /css/style_global.css HTTP/1.1" 200 2621 "http://operationspokaneheroes.org/_inc/slide.php" "Mozilla/4.0 (compatible; MSIE 8.0; Windows NT 5.1; Trident/4.0; .NET CLR 1.1.4322; .NET CLR 2.0.50727; .NET CLR 3.0.4506.2152; .NET CLR 3.5.30729; .NET4.0C; .NET4.0E)"
66.77.33.167 - - [28/Feb/2013:12:43:52 -0600] "GET /css/slide.css HTTP/1.1" 200 2869 "http://operationspokaneheroes.org/_inc/slide.php" "Mozilla/4.0 (compatible; MSIE 8.0; Windows NT 5.1; Trident/4.0; .NET CLR 1.1.4322; .NET CLR 2.0.50727; .NET CLR 3.0.4506.2152; .NET CLR 3.5.30729; .NET4.0C; .NET4.0E)"
66.77.33.167 - - [28/Feb/2013:12:43:52 -0600] "GET /images/bg2.jpg HTTP/1.1" 200 55206 "http://operationspokaneheroes.org/" "Mozilla/4.0 (compatible; MSIE 8.0; Windows NT 5.1; Trident/4.0; .NET CLR 1.1.4322; .NET CLR 2.0.50727; .NET CLR 3.0.4506.2152; .NET CLR 3.5.30729; .NET4.0C; .NET4.0E)"
66.77.33.167 - - [28/Feb/2013:12:43:52 -0600] "GET /slider/js/jquery-1.2.6.js HTTP/1.1" 200 100196 "http://operationspokaneheroes.org/slider/index.html" "Mozilla/4.0 (compatible; MSIE 8.0; Windows NT 5.1; Trident/4.0; .NET CLR 1.1.4322; .NET CLR 2.0.50727; .NET CLR 3.0.4506.2152; .NET CLR 3.5.30729; .NET4.0C; .NET4.0E)"
66.77.33.167 - - [28/Feb/2013:12:43:52 -0600] "GET /slider/js/startstop-slider.js HTTP/1.1" 200 1737 "http://operationspokaneheroes.org/slider/index.html" "Mozilla/4.0 (compatible; MSIE 8.0; Windows NT 5.1; Trident/4.0; .NET CLR 1.1.4322; .NET CLR 2.0.50727; .NET CLR 3.0.4506.2152; .NET CLR 3.5.30729; .NET4.0C; .NET4.0E)"
66.77.33.167 - - [28/Feb/2013:12:43:52 -0600] "GET /images/imagslider-4.png HTTP/1.1" 200 40656 "http://operationspokaneheroes.org/slider/index.html" "Mozilla/4.0 (compatible; MSIE 8.0; Windows NT 5.1; Trident/4.0; .NET CLR 1.1.4322; .NET CLR 2.0.50727; .NET CLR 3.0.4506.2152; .NET CLR 3.5.30729; .NET4.0C; .NET4.0E)"
66.77.33.167 - - [28/Feb/2013:12:43:52 -0600] "GET /images/imagslider-3.png HTTP/1.1" 200 37819 "http://operationspokaneheroes.org/slider/index.html" "Mozilla/4.0 (compatible; MSIE 8.0; Windows NT 5.1; Trident/4.0; .NET CLR 1.1.4322; .NET CLR 2.0.50727; .NET CLR 3.0.4506.2152; .NET CLR 3.5.30729; .NET4.0C; .NET4.0E)"
66.77.33.167 - - [28/Feb/2013:12:43:53 -0600] "GET /images/slder2.png HTTP/1.1" 200 32853 "http://operationspokaneheroes.org/slider/index.html" "Mozilla/4.0 (compatible; MSIE 8.0; Windows NT 5.1; Trident/4.0; .NET CLR 1.1.4322; .NET CLR 2.0.50727; .NET CLR 3.0.4506.2152; .NET CLR 3.5.30729; .NET4.0C; .NET4.0E)"
66.77.33.167 - - [28/Feb/2013:12:43:52 -0600] "GET /js/combined.js HTTP/1.1" 200 169946 "http://operationspokaneheroes.org/_inc/slide.php" "Mozilla/4.0 (compatible; MSIE 8.0; Windows NT 5.1; Trident/4.0; .NET CLR 1.1.4322; .NET CLR 2.0.50727; .NET CLR 3.0.4506.2152; .NET CLR 3.5.30729; .NET4.0C; .NET4.0E)"
66.77.33.167 - - [28/Feb/2013:12:43:53 -0600] "GET /slider/images/slider-bg.jpg HTTP/1.1" 200 3447 "http://operationspokaneheroes.org/slider/index.html" "Mozilla/4.0 (compatible; MSIE 8.0; Windows NT 5.1; Trident/4.0; .NET CLR 1.1.4322; .NET CLR 2.0.50727; .NET CLR 3.0.4506.2152; .NET CLR 3.5.30729; .NET4.0C; .NET4.0E)"
66.77.33.167 - - [28/Feb/2013:12:43:53 -0600] "GET /images/we_believe.png HTTP/1.1" 200 1785 "http://operationspokaneheroes.org/_inc/slide.php" "Mozilla/4.0 (compatible; MSIE 8.0; Windows NT 5.1; Trident/4.0; .NET CLR 1.1.4322; .NET CLR 2.0.50727; .NET CLR 3.0.4506.2152; .NET CLR 3.5.30729; .NET4.0C; .NET4.0E)"
66.77.33.167 - - [28/Feb/2013:12:43:52 -0600] "GET /images/imagslider-1.png HTTP/1.1" 200 52806 "http://operationspokaneheroes.org/slider/index.html" "Mozilla/4.0 (compatible; MSIE 8.0; Windows NT 5.1; Trident/4.0; .NET CLR 1.1.4322; .NET CLR 2.0.50727; .NET CLR 3.0.4506.2152; .NET CLR 3.5.30729; .NET4.0C; .NET4.0E)"
66.77.33.167 - - [28/Feb/2013:12:43:53 -0600] "GET /images/mission_statement_bg.png HTTP/1.1" 200 11413 "http://operationspokaneheroes.org/_inc/slide.php" "Mozilla/4.0 (compatible; MSIE 8.0; Windows NT 5.1; Trident/4.0; .NET CLR 1.1.4322; .NET CLR 2.0.50727; .NET CLR 3.0.4506.2152; .NET CLR 3.5.30729; .NET4.0C; .NET4.0E)"
66.77.33.167 - - [28/Feb/2013:12:43:53 -0600] "GET /images/imagslider-2.png HTTP/1.1" 200 50693 "http://operationspokaneheroes.org/slider/index.html" "Mozilla/4.0 (compatible; MSIE 8.0; Windows NT 5.1; Trident/4.0; .NET CLR 1.1.4322; .NET CLR 2.0.50727; .NET CLR 3.0.4506.2152; .NET CLR 3.5.30729; .NET4.0C; .NET4.0E)"
66.77.33.167 - - [28/Feb/2013:12:43:53 -0600] "GET /images/we_strive.png HTTP/1.1" 200 1981 "http://operationspokaneheroes.org/_inc/slide.php" "Mozilla/4.0 (compatible; MSIE 8.0; Windows NT 5.1; Trident/4.0; .NET CLR 1.1.4322; .NET CLR 2.0.50727; .NET CLR 3.0.4506.2152; .NET CLR 3.5.30729; .NET4.0C; .NET4.0E)"
66.77.33.167 - - [28/Feb/2013:12:43:53 -0600] "GET /images/2.jpg HTTP/1.1" 200 170993 "http://operationspokaneheroes.org/_inc/slide.php" "Mozilla/4.0 (compatible; MSIE 8.0; Windows NT 5.1; Trident/4.0; .NET CLR 1.1.4322; .NET CLR 2.0.50727; .NET CLR 3.0.4506.2152; .NET CLR 3.5.30729; .NET4.0C; .NET4.0E)"
66.77.33.167 - - [28/Feb/2013:12:43:53 -0600] "GET /images/we_help.png HTTP/1.1" 200 1514 "http://operationspokaneheroes.org/_inc/slide.php" "Mozilla/4.0 (compatible; MSIE 8.0; Windows NT 5.1; Trident/4.0; .NET CLR 1.1.4322; .NET CLR 2.0.50727; .NET CLR 3.0.4506.2152; .NET CLR 3.5.30729; .NET4.0C; .NET4.0E)"
66.77.33.167 - - [28/Feb/2013:12:43:53 -0600] "GET /images/4.jpg HTTP/1.1" 200 186934 "http://operationspokaneheroes.org/_inc/slide.php" "Mozilla/4.0 (compatible; MSIE 8.0; Windows NT 5.1; Trident/4.0; .NET CLR 1.1.4322; .NET CLR 2.0.50727; .NET CLR 3.0.4506.2152; .NET CLR 3.5.30729; .NET4.0C; .NET4.0E)"
66.77.33.167 - - [28/Feb/2013:12:43:53 -0600] "GET /images/we_need.png HTTP/1.1" 200 2138 "http://operationspokaneheroes.org/_inc/slide.php" "Mozilla/4.0 (compatible; MSIE 8.0; Windows NT 5.1; Trident/4.0; .NET CLR 1.1.4322; .NET CLR 2.0.50727; .NET CLR 3.0.4506.2152; .NET CLR 3.5.30729; .NET4.0C; .NET4.0E)"
66.77.33.167 - - [28/Feb/2013:12:43:53 -0600] "GET /assets/images/btn_top_search_hover.png HTTP/1.1" 404 - "http://operationspokaneheroes.org/_inc/slide.php" "Mozilla/4.0 (compatible; MSIE 8.0; Windows NT 5.1; Trident/4.0; .NET CLR 1.1.4322; .NET CLR 2.0.50727; .NET CLR 3.0.4506.2152; .NET CLR 3.5.30729; .NET4.0C; .NET4.0E)"
66.77.33.167 - - [28/Feb/2013:12:43:53 -0600] "GET /images/3.jpg HTTP/1.1" 200 240733 "http://operationspokaneheroes.org/_inc/slide.php" "Mozilla/4.0 (compatible; MSIE 8.0; Windows NT 5.1; Trident/4.0; .NET CLR 1.1.4322; .NET CLR 2.0.50727; .NET CLR 3.0.4506.2152; .NET CLR 3.5.30729; .NET4.0C; .NET4.0E)"
66.77.33.167 - - [28/Feb/2013:12:43:53 -0600] "GET /assets/images/btn_main_search_hover.png HTTP/1.1" 404 - "http://operationspokaneheroes.org/_inc/slide.php" "Mozilla/4.0 (compatible; MSIE 8.0; Windows NT 5.1; Trident/4.0; .NET CLR 1.1.4322; .NET CLR 2.0.50727; .NET CLR 3.0.4506.2152; .NET CLR 3.5.30729; .NET4.0C; .NET4.0E)"
66.77.33.167 - - [28/Feb/2013:12:43:53 -0600] "GET /images/1.jpg HTTP/1.1" 200 142489 "http://operationspokaneheroes.org/_inc/slide.php" "Mozilla/4.0 (compatible; MSIE 8.0; Windows NT 5.1; Trident/4.0; .NET CLR 1.1.4322; .NET CLR 2.0.50727; .NET CLR 3.0.4506.2152; .NET CLR 3.5.30729; .NET4.0C; .NET4.0E)"
66.77.33.167 - - [28/Feb/2013:12:44:26 -0600] "GET /events.php HTTP/1.1" 200 6407 "http://operationspokaneheroes.org/" "Mozilla/4.0 (compatible; MSIE 8.0; Windows NT 5.1; Trident/4.0; .NET CLR 1.1.4322; .NET CLR 2.0.50727; .NET CLR 3.0.4506.2152; .NET CLR 3.5.30729; .NET4.0C; .NET4.0E)"
66.77.33.167 - - [28/Feb/2013:12:44:26 -0600] "GET /events/carousel_11/carousel_11.html HTTP/1.1" 200 3712 "http://operationspokaneheroes.org/events.php" "Mozilla/4.0 (compatible; MSIE 8.0; Windows NT 5.1; Trident/4.0; .NET CLR 1.1.4322; .NET CLR 2.0.50727; .NET CLR 3.0.4506.2152; .NET CLR 3.5.30729; .NET4.0C; .NET4.0E)"
66.77.33.167 - - [28/Feb/2013:12:44:26 -0600] "GET /events/vet_picnic/vet_picnic.html HTTP/1.1" 200 3163 "http://operationspokaneheroes.org/events.php" "Mozilla/4.0 (compatible; MSIE 8.0; Windows NT 5.1; Trident/4.0; .NET CLR 1.1.4322; .NET CLR 2.0.50727; .NET CLR 3.0.4506.2152; .NET CLR 3.5.30729; .NET4.0C; .NET4.0E)"
66.77.33.167 - - [28/Feb/2013:12:44:26 -0600] "GET /events/ermy_event/ermy.html HTTP/1.1" 200 3507 "http://operationspokaneheroes.org/events.php" "Mozilla/4.0 (compatible; MSIE 8.0; Windows NT 5.1; Trident/4.0; .NET CLR 1.1.4322; .NET CLR 2.0.50727; .NET CLR 3.0.4506.2152; .NET CLR 3.5.30729; .NET4.0C; .NET4.0E)"
66.77.33.167 - - [28/Feb/2013:12:44:26 -0600] "GET /events/carousel_11/css/style.css HTTP/1.1" 200 1149 "http://operationspokaneheroes.org/events/carousel_11/carousel_11.html" "Mozilla/4.0 (compatible; MSIE 8.0; Windows NT 5.1; Trident/4.0; .NET CLR 1.1.4322; .NET CLR 2.0.50727; .NET CLR 3.0.4506.2152; .NET CLR 3.5.30729; .NET4.0C; .NET4.0E)"
66.77.33.167 - - [28/Feb/2013:12:44:26 -0600] "GET /events/vet_picnic/css/style.css HTTP/1.1" 200 1149 "http://operationspokaneheroes.org/events/vet_picnic/vet_picnic.html" "Mozilla/4.0 (compatible; MSIE 8.0; Windows NT 5.1; Trident/4.0; .NET CLR 1.1.4322; .NET CLR 2.0.50727; .NET CLR 3.0.4506.2152; .NET CLR 3.5.30729; .NET4.0C; .NET4.0E)"
66.77.33.167 - - [28/Feb/2013:12:44:26 -0600] "GET /events/ermy_event/css/style.css HTTP/1.1" 200 1149 "http://operationspokaneheroes.org/events/ermy_event/ermy.html" "Mozilla/4.0 (compatible; MSIE 8.0; Windows NT 5.1; Trident/4.0; .NET CLR 1.1.4322; .NET CLR 2.0.50727; .NET CLR 3.0.4506.2152; .NET CLR 3.5.30729; .NET4.0C; .NET4.0E)"
66.77.33.167 - - [28/Feb/2013:12:44:26 -0600] "GET /events/carousel_11/js/jquery.movingboxes.min.js HTTP/1.1" 200 4663 "http://operationspokaneheroes.org/events/carousel_11/carousel_11.html" "Mozilla/4.0 (compatible; MSIE 8.0; Windows NT 5.1; Trident/4.0; .NET CLR 1.1.4322; .NET CLR 2.0.50727; .NET CLR 3.0.4506.2152; .NET CLR 3.5.30729; .NET4.0C; .NET4.0E)"
66.77.33.167 - - [28/Feb/2013:12:44:26 -0600] "GET /events/Brittanycozza-.png HTTP/1.1" 200 156325 "http://operationspokaneheroes.org/events.php" "Mozilla/4.0 (compatible; MSIE 8.0; Windows NT 5.1; Trident/4.0; .NET CLR 1.1.4322; .NET CLR 2.0.50727; .NET CLR 3.0.4506.2152; .NET CLR 3.5.30729; .NET4.0C; .NET4.0E)"
66.77.33.167 - - [28/Feb/2013:12:44:26 -0600] "GET /events/vet_picnic/js/jquery.movingboxes.min.js HTTP/1.1" 200 4663 "http://operationspokaneheroes.org/events/vet_picnic/vet_picnic.html" "Mozilla/4.0 (compatible; MSIE 8.0; Windows NT 5.1; Trident/4.0; .NET CLR 1.1.4322; .NET CLR 2.0.50727; .NET CLR 3.0.4506.2152; .NET CLR 3.5.30729; .NET4.0C; .NET4.0E)"
66.77.33.167 - - [28/Feb/2013:12:44:26 -0600] "GET /events/ermy_event/js/jquery.movingboxes.min.js HTTP/1.1" 200 4663 "http://operationspokaneheroes.org/events/ermy_event/ermy.html" "Mozilla/4.0 (compatible; MSIE 8.0; Windows NT 5.1; Trident/4.0; .NET CLR 1.1.4322; .NET CLR 2.0.50727; .NET CLR 3.0.4506.2152; .NET CLR 3.5.30729; .NET4.0C; .NET4.0E)"
66.77.33.167 - - [28/Feb/2013:12:44:27 -0600] "GET /events/carousel_11/images/8.jpg HTTP/1.1" 200 136957 "http://operationspokaneheroes.org/events/carousel_11/carousel_11.html" "Mozilla/4.0 (compatible; MSIE 8.0; Windows NT 5.1; Trident/4.0; .NET CLR 1.1.4322; .NET CLR 2.0.50727; .NET CLR 3.0.4506.2152; .NET CLR 3.5.30729; .NET4.0C; .NET4.0E)"
66.77.33.167 - - [28/Feb/2013:12:44:27 -0600] "GET /events/carousel_11/images/5.jpg HTTP/1.1" 200 157898 "http://operationspokaneheroes.org/events/carousel_11/carousel_11.html" "Mozilla/4.0 (compatible; MSIE 8.0; Windows NT 5.1; Trident/4.0; .NET CLR 1.1.4322; .NET CLR 2.0.50727; .NET CLR 3.0.4506.2152; .NET CLR 3.5.30729; .NET4.0C; .NET4.0E)"
66.77.33.167 - - [28/Feb/2013:12:44:27 -0600] "GET /events/carousel_11/images/7.jpg HTTP/1.1" 200 162292 "http://operationspokaneheroes.org/events/carousel_11/carousel_11.html" "Mozilla/4.0 (compatible; MSIE 8.0; Windows NT 5.1; Trident/4.0; .NET CLR 1.1.4322; .NET CLR 2.0.50727; .NET CLR 3.0.4506.2152; .NET CLR 3.5.30729; .NET4.0C; .NET4.0E)"
66.77.33.167 - - [28/Feb/2013:12:44:27 -0600] "GET /events/carousel_11/images/11.jpg HTTP/1.1" 200 171021 "http://operationspokaneheroes.org/events/carousel_11/carousel_11.html" "Mozilla/4.0 (compatible; MSIE 8.0; Windows NT 5.1; Trident/4.0; .NET CLR 1.1.4322; .NET CLR 2.0.50727; .NET CLR 3.0.4506.2152; .NET CLR 3.5.30729; .NET4.0C; .NET4.0E)"
66.77.33.167 - - [28/Feb/2013:12:44:27 -0600] "GET /events/carousel_11/images/9.jpg HTTP/1.1" 200 166085 "http://operationspokaneheroes.org/events/carousel_11/carousel_11.html" "Mozilla/4.0 (compatible; MSIE 8.0; Windows NT 5.1; Trident/4.0; .NET CLR 1.1.4322; .NET CLR 2.0.50727; .NET CLR 3.0.4506.2152; .NET CLR 3.5.30729; .NET4.0C; .NET4.0E)"
66.77.33.167 - - [28/Feb/2013:12:44:27 -0600] "GET /events/carousel_11/images/10.jpg HTTP/1.1" 200 165405 "http://operationspokaneheroes.org/events/carousel_11/carousel_11.html" "Mozilla/4.0 (compatible; MSIE 8.0; Windows NT 5.1; Trident/4.0; .NET CLR 1.1.4322; .NET CLR 2.0.50727; .NET CLR 3.0.4506.2152; .NET CLR 3.5.30729; .NET4.0C; .NET4.0E)"
66.77.33.167 - - [28/Feb/2013:12:44:27 -0600] "GET /events/carousel_11/images/4.jpg HTTP/1.1" 200 162289 "http://operationspokaneheroes.org/events/carousel_11/carousel_11.html" "Mozilla/4.0 (compatible; MSIE 8.0; Windows NT 5.1; Trident/4.0; .NET CLR 1.1.4322; .NET CLR 2.0.50727; .NET CLR 3.0.4506.2152; .NET CLR 3.5.30729; .NET4.0C; .NET4.0E)"
66.77.33.167 - - [28/Feb/2013:12:44:27 -0600] "GET /events/carousel_11/images/6.jpg HTTP/1.1" 200 154334 "http://operationspokaneheroes.org/events/carousel_11/carousel_11.html" "Mozilla/4.0 (compatible; MSIE 8.0; Windows NT 5.1; Trident/4.0; .NET CLR 1.1.4322; .NET CLR 2.0.50727; .NET CLR 3.0.4506.2152; .NET CLR 3.5.30729; .NET4.0C; .NET4.0E)"
66.77.33.167 - - [28/Feb/2013:12:44:27 -0600] "GET /events/carousel_11/images/3.jpg HTTP/1.1" 200 168442 "http://operationspokaneheroes.org/events/carousel_11/carousel_11.html" "Mozilla/4.0 (compatible; MSIE 8.0; Windows NT 5.1; Trident/4.0; .NET CLR 1.1.4322; .NET CLR 2.0.50727; .NET CLR 3.0.4506.2152; .NET CLR 3.5.30729; .NET4.0C; .NET4.0E)"
66.77.33.167 - - [28/Feb/2013:12:44:27 -0600] "GET /events/ermy_event/images/5.jpg HTTP/1.1" 200 97554 "http://operationspokaneheroes.org/events/ermy_event/ermy.html" "Mozilla/4.0 (compatible; MSIE 8.0; Windows NT 5.1; Trident/4.0; .NET CLR 1.1.4322; .NET CLR 2.0.50727; .NET CLR 3.0.4506.2152; .NET CLR 3.5.30729; .NET4.0C; .NET4.0E)"
66.77.33.167 - - [28/Feb/2013:12:44:27 -0600] "GET /events/carousel_11/images/2.jpg HTTP/1.1" 200 158920 "http://operationspokaneheroes.org/events/carousel_11/carousel_11.html" "Mozilla/4.0 (compatible; MSIE 8.0; Windows NT 5.1; Trident/4.0; .NET CLR 1.1.4322; .NET CLR 2.0.50727; .NET CLR 3.0.4506.2152; .NET CLR 3.5.30729; .NET4.0C; .NET4.0E)"
66.77.33.167 - - [28/Feb/2013:12:44:27 -0600] "GET /events/ermy_event/images/10.jpg HTTP/1.1" 200 123002 "http://operationspokaneheroes.org/events/ermy_event/ermy.html" "Mozilla/4.0 (compatible; MSIE 8.0; Windows NT 5.1; Trident/4.0; .NET CLR 1.1.4322; .NET CLR 2.0.50727; .NET CLR 3.0.4506.2152; .NET CLR 3.5.30729; .NET4.0C; .NET4.0E)"
66.77.33.167 - - [28/Feb/2013:12:44:27 -0600] "GET /events/ermy_event/images/7.jpg HTTP/1.1" 200 113303 "http://operationspokaneheroes.org/events/ermy_event/ermy.html" "Mozilla/4.0 (compatible; MSIE 8.0; Windows NT 5.1; Trident/4.0; .NET CLR 1.1.4322; .NET CLR 2.0.50727; .NET CLR 3.0.4506.2152; .NET CLR 3.5.30729; .NET4.0C; .NET4.0E)"
66.77.33.167 - - [28/Feb/2013:12:44:27 -0600] "GET /events/ermy_event/images/8.jpg HTTP/1.1" 200 104457 "http://operationspokaneheroes.org/events/ermy_event/ermy.html" "Mozilla/4.0 (compatible; MSIE 8.0; Windows NT 5.1; Trident/4.0; .NET CLR 1.1.4322; .NET CLR 2.0.50727; .NET CLR 3.0.4506.2152; .NET CLR 3.5.30729; .NET4.0C; .NET4.0E)"
66.77.33.167 - - [28/Feb/2013:12:44:28 -0600] "GET /events/ermy_event/images/6.jpg HTTP/1.1" 200 110464 "http://operationspokaneheroes.org/events/ermy_event/ermy.html" "Mozilla/4.0 (compatible; MSIE 8.0; Windows NT 5.1; Trident/4.0; .NET CLR 1.1.4322; .NET CLR 2.0.50727; .NET CLR 3.0.4506.2152; .NET CLR 3.5.30729; .NET4.0C; .NET4.0E)"
66.77.33.167 - - [28/Feb/2013:12:44:28 -0600] "GET /events/ermy_event/images/4.jpg HTTP/1.1" 200 94569 "http://operationspokaneheroes.org/events/ermy_event/ermy.html" "Mozilla/4.0 (compatible; MSIE 8.0; Windows NT 5.1; Trident/4.0; .NET CLR 1.1.4322; .NET CLR 2.0.50727; .NET CLR 3.0.4506.2152; .NET CLR 3.5.30729; .NET4.0C; .NET4.0E)"
66.77.33.167 - - [28/Feb/2013:12:44:28 -0600] "GET /events/ermy_event/images/3.jpg HTTP/1.1" 200 101406 "http://operationspokaneheroes.org/events/ermy_event/ermy.html" "Mozilla/4.0 (compatible; MSIE 8.0; Windows NT 5.1; Trident/4.0; .NET CLR 1.1.4322; .NET CLR 2.0.50727; .NET CLR 3.0.4506.2152; .NET CLR 3.5.30729; .NET4.0C; .NET4.0E)"
66.77.33.167 - - [28/Feb/2013:12:44:28 -0600] "GET /events/vet_picnic/images/67.jpg HTTP/1.1" 404 - "http://operationspokaneheroes.org/events/vet_picnic/vet_picnic.html" "Mozilla/4.0 (compatible; MSIE 8.0; Windows NT 5.1; Trident/4.0; .NET CLR 1.1.4322; .NET CLR 2.0.50727; .NET CLR 3.0.4506.2152; .NET CLR 3.5.30729; .NET4.0C; .NET4.0E)"
66.77.33.167 - - [28/Feb/2013:12:44:28 -0600] "GET /events/vet_picnic/images/3.jpg HTTP/1.1" 200 197588 "http://operationspokaneheroes.org/events/vet_picnic/vet_picnic.html" "Mozilla/4.0 (compatible; MSIE 8.0; Windows NT 5.1; Trident/4.0; .NET CLR 1.1.4322; .NET CLR 2.0.50727; .NET CLR 3.0.4506.2152; .NET CLR 3.5.30729; .NET4.0C; .NET4.0E)"
66.77.33.167 - - [28/Feb/2013:12:44:28 -0600] "GET /events/vet_picnic/images/6.jpg HTTP/1.1" 200 169784 "http://operationspokaneheroes.org/events/vet_picnic/vet_picnic.html" "Mozilla/4.0 (compatible; MSIE 8.0; Windows NT 5.1; Trident/4.0; .NET CLR 1.1.4322; .NET CLR 2.0.50727; .NET CLR 3.0.4506.2152; .NET CLR 3.5.30729; .NET4.0C; .NET4.0E)"
66.77.33.167 - - [28/Feb/2013:12:44:28 -0600] "GET /events/ermy_event/images/9.jpg HTTP/1.1" 200 115800 "http://operationspokaneheroes.org/events/ermy_event/ermy.html" "Mozilla/4.0 (compatible; MSIE 8.0; Windows NT 5.1; Trident/4.0; .NET CLR 1.1.4322; .NET CLR 2.0.50727; .NET CLR 3.0.4506.2152; .NET CLR 3.5.30729; .NET4.0C; .NET4.0E)"
66.77.33.167 - - [28/Feb/2013:12:44:28 -0600] "GET /events/vet_picnic/images/4.jpg HTTP/1.1" 200 181214 "http://operationspokaneheroes.org/events/vet_picnic/vet_picnic.html" "Mozilla/4.0 (compatible; MSIE 8.0; Windows NT 5.1; Trident/4.0; .NET CLR 1.1.4322; .NET CLR 2.0.50727; .NET CLR 3.0.4506.2152; .NET CLR 3.5.30729; .NET4.0C; .NET4.0E)"
66.77.33.167 - - [28/Feb/2013:12:44:28 -0600] "GET /events/vet_picnic/images/2.jpg HTTP/1.1" 200 184758 "http://operationspokaneheroes.org/events/vet_picnic/vet_picnic.html" "Mozilla/4.0 (compatible; MSIE 8.0; Windows NT 5.1; Trident/4.0; .NET CLR 1.1.4322; .NET CLR 2.0.50727; .NET CLR 3.0.4506.2152; .NET CLR 3.5.30729; .NET4.0C; .NET4.0E)"
66.77.33.167 - - [28/Feb/2013:12:44:28 -0600] "GET /events/ermy_event/images/2.jpg HTTP/1.1" 200 114501 "http://operationspokaneheroes.org/events/ermy_event/ermy.html" "Mozilla/4.0 (compatible; MSIE 8.0; Windows NT 5.1; Trident/4.0; .NET CLR 1.1.4322; .NET CLR 2.0.50727; .NET CLR 3.0.4506.2152; .NET CLR 3.5.30729; .NET4.0C; .NET4.0E)"
66.77.33.167 - - [28/Feb/2013:12:44:28 -0600] "GET /events/vet_picnic/images/1.jpg HTTP/1.1" 200 200220 "http://operationspokaneheroes.org/events/vet_picnic/vet_picnic.html" "Mozilla/4.0 (compatible; MSIE 8.0; Windows NT 5.1; Trident/4.0; .NET CLR 1.1.4322; .NET CLR 2.0.50727; .NET CLR 3.0.4506.2152; .NET CLR 3.5.30729; .NET4.0C; .NET4.0E)"
66.77.33.167 - - [28/Feb/2013:12:44:29 -0600] "GET /events/ermy_event/images/1.jpg HTTP/1.1" 200 104778 "http://operationspokaneheroes.org/events/ermy_event/ermy.html" "Mozilla/4.0 (compatible; MSIE 8.0; Windows NT 5.1; Trident/4.0; .NET CLR 1.1.4322; .NET CLR 2.0.50727; .NET CLR 3.0.4506.2152; .NET CLR 3.5.30729; .NET4.0C; .NET4.0E)"
66.77.33.167 - - [28/Feb/2013:12:44:29 -0600] "GET /events/carousel_11/images/leftshadow.png HTTP/1.1" 200 153 "http://operationspokaneheroes.org/events/carousel_11/carousel_11.html" "Mozilla/4.0 (compatible; MSIE 8.0; Windows NT 5.1; Trident/4.0; .NET CLR 1.1.4322; .NET CLR 2.0.50727; .NET CLR 3.0.4506.2152; .NET CLR 3.5.30729; .NET4.0C; .NET4.0E)"
66.77.33.167 - - [28/Feb/2013:12:44:29 -0600] "GET /events/vet_picnic/images/5.jpg HTTP/1.1" 200 197080 "http://operationspokaneheroes.org/events/vet_picnic/vet_picnic.html" "Mozilla/4.0 (compatible; MSIE 8.0; Windows NT 5.1; Trident/4.0; .NET CLR 1.1.4322; .NET CLR 2.0.50727; .NET CLR 3.0.4506.2152; .NET CLR 3.5.30729; .NET4.0C; .NET4.0E)"
66.77.33.167 - - [28/Feb/2013:12:44:29 -0600] "GET /events/carousel_11/images/leftarrow.png HTTP/1.1" 200 3371 "http://operationspokaneheroes.org/events/carousel_11/carousel_11.html" "Mozilla/4.0 (compatible; MSIE 8.0; Windows NT 5.1; Trident/4.0; .NET CLR 1.1.4322; .NET CLR 2.0.50727; .NET CLR 3.0.4506.2152; .NET CLR 3.5.30729; .NET4.0C; .NET4.0E)"
66.77.33.167 - - [28/Feb/2013:12:44:29 -0600] "GET /events/carousel_11/images/rightarrow.png HTTP/1.1" 200 3351 "http://operationspokaneheroes.org/events/carousel_11/carousel_11.html" "Mozilla/4.0 (compatible; MSIE 8.0; Windows NT 5.1; Trident/4.0; .NET CLR 1.1.4322; .NET CLR 2.0.50727; .NET CLR 3.0.4506.2152; .NET CLR 3.5.30729; .NET4.0C; .NET4.0E)"
66.77.33.167 - - [28/Feb/2013:12:44:29 -0600] "GET /events/carousel_11/images/rightshadow.png HTTP/1.1" 200 147 "http://operationspokaneheroes.org/events/carousel_11/carousel_11.html" "Mozilla/4.0 (compatible; MSIE 8.0; Windows NT 5.1; Trident/4.0; .NET CLR 1.1.4322; .NET CLR 2.0.50727; .NET CLR 3.0.4506.2152; .NET CLR 3.5.30729; .NET4.0C; .NET4.0E)"
66.77.33.167 - - [28/Feb/2013:12:44:30 -0600] "GET /events/ermy_event/images/leftarrow.png HTTP/1.1" 200 3371 "http://operationspokaneheroes.org/events/ermy_event/ermy.html" "Mozilla/4.0 (compatible; MSIE 8.0; Windows NT 5.1; Trident/4.0; .NET CLR 1.1.4322; .NET CLR 2.0.50727; .NET CLR 3.0.4506.2152; .NET CLR 3.5.30729; .NET4.0C; .NET4.0E)"
66.77.33.167 - - [28/Feb/2013:12:44:30 -0600] "GET /events/ermy_event/images/leftshadow.png HTTP/1.1" 200 153 "http://operationspokaneheroes.org/events/ermy_event/ermy.html" "Mozilla/4.0 (compatible; MSIE 8.0; Windows NT 5.1; Trident/4.0; .NET CLR 1.1.4322; .NET CLR 2.0.50727; .NET CLR 3.0.4506.2152; .NET CLR 3.5.30729; .NET4.0C; .NET4.0E)"
66.77.33.167 - - [28/Feb/2013:12:44:30 -0600] "GET /events/ermy_event/images/rightarrow.png HTTP/1.1" 200 3351 "http://operationspokaneheroes.org/events/ermy_event/ermy.html" "Mozilla/4.0 (compatible; MSIE 8.0; Windows NT 5.1; Trident/4.0; .NET CLR 1.1.4322; .NET CLR 2.0.50727; .NET CLR 3.0.4506.2152; .NET CLR 3.5.30729; .NET4.0C; .NET4.0E)"
66.77.33.167 - - [28/Feb/2013:12:44:30 -0600] "GET /events/ermy_event/images/rightshadow.png HTTP/1.1" 200 147 "http://operationspokaneheroes.org/events/ermy_event/ermy.html" "Mozilla/4.0 (compatible; MSIE 8.0; Windows NT 5.1; Trident/4.0; .NET CLR 1.1.4322; .NET CLR 2.0.50727; .NET CLR 3.0.4506.2152; .NET CLR 3.5.30729; .NET4.0C; .NET4.0E)"
66.77.33.167 - - [28/Feb/2013:12:44:30 -0600] "GET /events/vet_picnic/images/leftshadow.png HTTP/1.1" 200 153 "http://operationspokaneheroes.org/events/vet_picnic/vet_picnic.html" "Mozilla/4.0 (compatible; MSIE 8.0; Windows NT 5.1; Trident/4.0; .NET CLR 1.1.4322; .NET CLR 2.0.50727; .NET CLR 3.0.4506.2152; .NET CLR 3.5.30729; .NET4.0C; .NET4.0E)"
66.77.33.167 - - [28/Feb/2013:12:44:30 -0600] "GET /events/vet_picnic/images/leftarrow.png HTTP/1.1" 200 3371 "http://operationspokaneheroes.org/events/vet_picnic/vet_picnic.html" "Mozilla/4.0 (compatible; MSIE 8.0; Windows NT 5.1; Trident/4.0; .NET CLR 1.1.4322; .NET CLR 2.0.50727; .NET CLR 3.0.4506.2152; .NET CLR 3.5.30729; .NET4.0C; .NET4.0E)"
66.77.33.167 - - [28/Feb/2013:12:44:31 -0600] "GET /events/vet_picnic/images/rightarrow.png HTTP/1.1" 200 3351 "http://operationspokaneheroes.org/events/vet_picnic/vet_picnic.html" "Mozilla/4.0 (compatible; MSIE 8.0; Windows NT 5.1; Trident/4.0; .NET CLR 1.1.4322; .NET CLR 2.0.50727; .NET CLR 3.0.4506.2152; .NET CLR 3.5.30729; .NET4.0C; .NET4.0E)"
66.77.33.167 - - [28/Feb/2013:12:44:31 -0600] "GET /events/vet_picnic/images/rightshadow.png HTTP/1.1" 200 147 "http://operationspokaneheroes.org/events/vet_picnic/vet_picnic.html" "Mozilla/4.0 (compatible; MSIE 8.0; Windows NT 5.1; Trident/4.0; .NET CLR 1.1.4322; .NET CLR 2.0.50727; .NET CLR 3.0.4506.2152; .NET CLR 3.5.30729; .NET4.0C; .NET4.0E)"
173.199.115.75 - - [28/Feb/2013:13:34:02 -0600] "GET /events/carousel_11/carousel_11.html HTTP/1.1" 200 3712 "-" "Mozilla/5.0 (compatible; AhrefsBot/4.0; +http://ahrefs.com/robot/)"
173.199.115.75 - - [28/Feb/2013:13:48:29 -0600] "GET /join/ HTTP/1.1" 404 - "-" "Mozilla/5.0 (compatible; AhrefsBot/4.0; +http://ahrefs.com/robot/)"
206.193.5.4 - - [28/Feb/2013:13:52:23 -0600] "GET /pdf/REVISION2%20Military%20Kids%20Camp%202012%20(2).pdf HTTP/1.1" 200 1691328 "https://www.google.com/" "Mozilla/5.0 (Windows NT 5.1) AppleWebKit/537.22 (KHTML, like Gecko) Chrome/25.0.1364.97 Safari/537.22"
206.193.5.4 - - [28/Feb/2013:13:52:27 -0600] "GET /favicon.ico HTTP/1.1" 404 - "-" "Mozilla/5.0 (Windows NT 5.1) AppleWebKit/537.22 (KHTML, like Gecko) Chrome/25.0.1364.97 Safari/537.22"
206.193.5.4 - - [28/Feb/2013:13:52:27 -0600] "GET /pdf/REVISION2%20Military%20Kids%20Camp%202012%20(2).pdf HTTP/1.1" 206 32768 "http://www.operationspokaneheroes.org/pdf/REVISION2%20Military%20Kids%20Camp%202012%20(2).pdf" "Mozilla/5.0 (Windows NT 5.1) AppleWebKit/537.22 (KHTML, like Gecko) Chrome/25.0.1364.97 Safari/537.22"
206.193.5.4 - - [28/Feb/2013:13:52:27 -0600] "GET /pdf/REVISION2%20Military%20Kids%20Camp%202012%20(2).pdf HTTP/1.1" 206 1621116 "http://www.operationspokaneheroes.org/pdf/REVISION2%20Military%20Kids%20Camp%202012%20(2).pdf" "Mozilla/5.0 (Windows NT 5.1) AppleWebKit/537.22 (KHTML, like Gecko) Chrome/25.0.1364.97 Safari/537.22"
206.193.5.4 - - [28/Feb/2013:13:52:29 -0600] "GET /pdf/REVISION2%20Military%20Kids%20Camp%202012%20(2).pdf HTTP/1.1" 206 37444 "http://www.operationspokaneheroes.org/pdf/REVISION2%20Military%20Kids%20Camp%202012%20(2).pdf" "Mozilla/5.0 (Windows NT 5.1) AppleWebKit/537.22 (KHTML, like Gecko) Chrome/25.0.1364.97 Safari/537.22"
206.193.5.4 - - [28/Feb/2013:13:52:29 -0600] "GET /favicon.ico HTTP/1.1" 404 - "-" "Mozilla/5.0 (Windows NT 5.1) AppleWebKit/537.22 (KHTML, like Gecko) Chrome/25.0.1364.97 Safari/537.22"
180.76.5.88 - - [28/Feb/2013:14:52:46 -0600] "GET /calendar.php HTTP/1.1" 200 10730 "-" "Mozilla/5.0 (compatible; Baiduspider/2.0; +http://www.baidu.com/search/spider.html)"
173.199.115.75 - - [28/Feb/2013:15:18:46 -0600] "GET /_inc/contact.php HTTP/1.1" 200 756 "-" "Mozilla/5.0 (compatible; AhrefsBot/4.0; +http://ahrefs.com/robot/)"
173.199.115.75 - - [28/Feb/2013:15:35:33 -0600] "GET /donate.php HTTP/1.1" 200 11699 "-" "Mozilla/5.0 (compatible; AhrefsBot/4.0; +http://ahrefs.com/robot/)"
178.137.92.96 - - [28/Feb/2013:16:21:03 -0600] "GET / HTTP/1.1" 200 10513 "http://parketpeterburg.ru/" "Mozilla/4.61 [en] (X11; U; ) - BrowseX (2.0.0 Windows)"
178.137.92.96 - - [28/Feb/2013:16:21:05 -0600] "GET / HTTP/1.1" 200 10513 "http://parketpeterburg.ru/" "Mozilla/4.61 [en] (X11; U; ) - BrowseX (2.0.0 Windows)"
178.137.92.96 - - [28/Feb/2013:16:21:06 -0600] "GET / HTTP/1.1" 200 10513 "http://parketpeterburg.ru/" "Mozilla/4.61 [en] (X11; U; ) - BrowseX (2.0.0 Windows)"
208.115.113.86 - - [28/Feb/2013:16:52:44 -0600] "GET /robots.txt HTTP/1.1" 404 - "-" "Mozilla/5.0 (compatible; Ezooms/1.0; ezooms.bot@gmail.com)"
173.199.115.75 - - [28/Feb/2013:17:20:14 -0600] "GET /events/ermy_event/ermy.html HTTP/1.1" 200 3507 "-" "Mozilla/5.0 (compatible; AhrefsBot/4.0; +http://ahrefs.com/robot/)"
94.153.64.117 - - [28/Feb/2013:17:40:24 -0600] "GET / HTTP/1.1" 200 10513 "http://www.arch-skin.ru/" "Mozilla/4.0 (compatible; MSIE 6.0; MSIE 5.5; Windows NT 5.0) Opera 7.02 Bork-edition [en]"
94.153.64.117 - - [28/Feb/2013:17:40:25 -0600] "GET / HTTP/1.1" 200 10513 "http://www.arch-skin.ru/" "Mozilla/4.0 (compatible; MSIE 6.0; MSIE 5.5; Windows NT 5.0) Opera 7.02 Bork-edition [en]"
94.153.64.117 - - [28/Feb/2013:17:40:26 -0600] "GET / HTTP/1.1" 200 10513 "http://www.arch-skin.ru/" "Mozilla/4.0 (compatible; MSIE 6.0; MSIE 5.5; Windows NT 5.0) Opera 7.02 Bork-edition [en]"
173.199.115.75 - - [28/Feb/2013:17:42:23 -0600] "GET /calendar.php HTTP/1.1" 200 10730 "-" "Mozilla/5.0 (compatible; AhrefsBot/4.0; +http://ahrefs.com/robot/)"
208.115.113.86 - - [28/Feb/2013:17:59:22 -0600] "GET /wedo.php HTTP/1.1" 404 - "-" "Mozilla/5.0 (compatible; Ezooms/1.0; ezooms.bot@gmail.com)"
66.249.74.69 - - [28/Feb/2013:18:11:12 -0600] "GET /robots.txt HTTP/1.1" 404 - "-" "Mozilla/5.0 (compatible; Googlebot/2.1; +http://www.google.com/bot.html)"
66.249.74.107 - - [28/Feb/2013:18:11:12 -0600] "GET / HTTP/1.1" 200 10513 "-" "Mozilla/5.0 (iPhone; U; CPU iPhone OS 4_1 like Mac OS X; en-us) AppleWebKit/532.9 (KHTML, like Gecko) Version/4.0.5 Mobile/8B117 Safari/6531.22.7 (compatible; Googlebot-Mobile/2.1; +http://www.google.com/bot.html)"
101.226.169.208 - - [28/Feb/2013:18:23:52 -0600] "GET /java_for_joes/index.html HTTP/1.1" 404 - "http://operationspokaneheroes.org/java_for_joes/index.html" "Mozilla/4.0 (compatible; MSIE 8.0; Windows NT 6.1; Trident/4.0; SLCC2; .NET CLR 2.0.50727; .NET CLR 3.5.30729; .NET CLR 3.0.30729; Media Center PC 6.0; MDDR; .NET4.0C; .NET4.0E; .NET CLR 1.1.4322; Tablet PC 2.0); 360Spider"
66.249.74.222 - - [28/Feb/2013:18:24:05 -0600] "GET /robots.txt HTTP/1.1" 404 - "-" "Mozilla/5.0 (compatible; Googlebot/2.1; +http://www.google.com/bot.html)"
66.249.74.2 - - [28/Feb/2013:18:24:05 -0600] "GET / HTTP/1.1" 200 10513 "-" "Mozilla/5.0 (iPhone; U; CPU iPhone OS 4_1 like Mac OS X; en-us) AppleWebKit/532.9 (KHTML, like Gecko) Version/4.0.5 Mobile/8B117 Safari/6531.22.7 (compatible; Googlebot-Mobile/2.1; +http://www.google.com/bot.html)"
66.249.74.233 - - [28/Feb/2013:18:32:31 -0600] "GET /events/carousel_11/images/2.jpg HTTP/1.1" 304 - "-" "Googlebot-Image/1.0"
66.249.74.8 - - [28/Feb/2013:18:37:47 -0600] "GET /css/style_global.css HTTP/1.1" 200 2621 "-" "Mozilla/5.0 (compatible; Googlebot/2.1; +http://www.google.com/bot.html)"
66.249.74.216 - - [28/Feb/2013:18:37:47 -0600] "GET /css/global.css HTTP/1.1" 200 13951 "-" "Mozilla/5.0 (compatible; Googlebot/2.1; +http://www.google.com/bot.html)"
66.249.74.206 - - [28/Feb/2013:18:37:47 -0600] "GET /css/footer.css HTTP/1.1" 200 752 "-" "Mozilla/5.0 (compatible; Googlebot/2.1; +http://www.google.com/bot.html)"
205.178.190.235 - - [28/Feb/2013:18:39:16 -0600] "HEAD /java_for_joes/index.html HTTP/1.1" 404 - "-" "Mozilla/4.0 (compatible; MSIE 6.0; Windows NT 5.2; SV1; .NET CLR 1.1.4322; .NET CLR 2.0.50727)"
173.199.115.75 - - [28/Feb/2013:18:44:01 -0600] "GET /pdf/2010_Top100_Military_Friendly_Employers.pdf HTTP/1.1" 200 711726 "-" "Mozilla/5.0 (compatible; AhrefsBot/4.0; +http://ahrefs.com/robot/)"
37.57.25.225 - - [28/Feb/2013:18:44:52 -0600] "GET /wp-login.php HTTP/1.0" 404 - "http://www.operationspokaneheroes.org/wp-login.php" "Mozilla/4.0 (compatible; MSIE 6.0; Windows 98; Win 9x 4.90)"
205.178.190.235 - - [28/Feb/2013:18:47:27 -0600] "GET /java_for_joes/index.html HTTP/1.1" 404 - "-" "Mozilla/4.0 (compatible; MSIE 7.0; Windows NT 5.2; Trident/4.0; .NET CLR 1.1.4322; .NET CLR 2.0.50727; .NET CLR 3.0.4506.2152; .NET CLR 3.5.30729; .NET4.0C; .NET4.0E)"
199.21.99.103 - - [28/Feb/2013:19:16:04 -0600] "GET /slider/index.html HTTP/1.1" 200 2395 "-" "Mozilla/5.0 (compatible; YandexBot/3.0; +http://yandex.com/bots)"
199.21.99.103 - - [28/Feb/2013:19:17:39 -0600] "GET /pdf/GetConnected2013.pdf HTTP/1.1" 200 131597 "-" "Mozilla/5.0 (compatible; YandexBot/3.0; +http://yandex.com/bots)"
199.21.99.103 - - [28/Feb/2013:19:20:59 -0600] "GET /pdf/2013%20salish%20conference%20powwow.pdf HTTP/1.1" 200 185446 "-" "Mozilla/5.0 (compatible; YandexBot/3.0; +http://yandex.com/bots)"
199.21.99.103 - - [28/Feb/2013:19:21:25 -0600] "GET /pdf/VetsDay_Flyer2.pdf HTTP/1.1" 200 2364673 "-" "Mozilla/5.0 (compatible; YandexBot/3.0; +http://yandex.com/bots)"
199.21.99.103 - - [28/Feb/2013:19:38:25 -0600] "GET /pdf/AFLP%203%20Plate.pdf HTTP/1.1" 200 511881 "-" "Mozilla/5.0 (compatible; YandexBot/3.0; +http://yandex.com/bots)"
157.55.32.86 - - [28/Feb/2013:20:03:02 -0600] "GET /robots.txt HTTP/1.1" 404 - "-" "Mozilla/5.0 (compatible; bingbot/2.0; +http://www.bing.com/bingbot.htm)"
157.55.32.86 - - [28/Feb/2013:20:04:55 -0600] "GET /business_discount.php HTTP/1.1" 404 - "-" "Mozilla/5.0 (compatible; bingbot/2.0; +http://www.bing.com/bingbot.htm)"
173.199.115.75 - - [28/Feb/2013:20:09:22 -0600] "GET /join/ HTTP/1.1" 404 - "-" "Mozilla/5.0 (compatible; AhrefsBot/4.0; +http://ahrefs.com/robot/)"
38.229.70.44 - - [28/Feb/2013:20:09:57 -0600] "GET /java_for_joes/index.html HTTP/1.0" 404 - "-" "Mozilla/5.0 (Windows NT 6.1; WOW64; rv:18.0) Gecko/20100101 Firefox/18.0"
173.199.115.75 - - [28/Feb/2013:20:40:11 -0600] "GET /pdf/174%20Stores%20and%20Business%20Offering%20Military%20Discounts1.pdf HTTP/1.1" 200 122888 "-" "Mozilla/5.0 (compatible; AhrefsBot/4.0; +http://ahrefs.com/robot/)"
65.55.52.86 - - [28/Feb/2013:21:05:26 -0600] "GET /robots.txt HTTP/1.1" 404 - "-" "Mozilla/5.0 (compatible; bingbot/2.0; +http://www.bing.com/bingbot.htm)"
65.55.52.86 - - [28/Feb/2013:21:07:24 -0600] "GET /calendar.php HTTP/1.1" 200 10730 "-" "Mozilla/5.0 (compatible; bingbot/2.0; +http://www.bing.com/bingbot.htm)"
157.56.229.189 - - [28/Feb/2013:21:08:55 -0600] "GET /pdf/ HTTP/1.1" 200 3083 "-" "Mozilla/5.0 (compatible; bingbot/2.0; +http://www.bing.com/bingbot.htm)"
157.55.32.86 - - [28/Feb/2013:21:27:50 -0600] "GET /contact.php HTTP/1.1" 200 10519 "-" "Mozilla/5.0 (compatible; bingbot/2.0; +http://www.bing.com/bingbot.htm)"
157.55.32.86 - - [28/Feb/2013:21:27:50 -0600] "GET /donate.php HTTP/1.1" 200 11699 "-" "Mozilla/5.0 (compatible; bingbot/2.0; +http://www.bing.com/bingbot.htm)"
157.56.93.207 - - [28/Feb/2013:21:45:20 -0600] "GET /events.php HTTP/1.1" 200 6407 "-" "Mozilla/5.0 (compatible; bingbot/2.0; +http://www.bing.com/bingbot.htm)"
157.56.93.207 - - [28/Feb/2013:21:45:20 -0600] "GET /business.php HTTP/1.1" 200 10813 "-" "Mozilla/5.0 (compatible; bingbot/2.0; +http://www.bing.com/bingbot.htm)"
220.181.108.123 - - [28/Feb/2013:21:53:15 -0600] "GET /business.php HTTP/1.1" 200 10813 "-" "Mozilla/5.0 (compatible; Baiduspider/2.0; +http://www.baidu.com/search/spider.html)"
194.44.168.135 - - [28/Feb/2013:22:20:21 -0600] "GET /java_for_joes/index.html HTTP/1.0" 404 - "http://javaforjoes.org/" "Mozilla/5.0 (compatible; Googlebot/2.1; +http://www.google.com/bot.html)"
180.153.236.204 - - [28/Feb/2013:22:21:19 -0600] "GET /java_for_joes/index.html HTTP/1.1" 404 - "http://operationspokaneheroes.org/java_for_joes/index.html" "Mozilla/5.0 (Windows; U; Windows NT 5.1; zh-CN; rv:1.8.0.11) Gecko/20070312 Firefox/1.5.0.11; 360Spider"
92.249.127.111 - - [28/Feb/2013:22:28:13 -0600] "GET / HTTP/1.1" 200 10513 "http://unslavik.ya.ru/replies.xml?item_no=27" "Mozilla/5.0 (compatible; news bot /2.1)"
92.249.127.111 - - [28/Feb/2013:22:28:14 -0600] "GET / HTTP/1.1" 200 10513 "http://unslavik.ya.ru/replies.xml?item_no=27" "Mozilla/5.0 (compatible; news bot /2.1)"
38.229.70.44 - - [28/Feb/2013:22:46:26 -0600] "GET /java_for_joes/index.html HTTP/1.0" 404 - "-" "Mozilla/5.0 (Windows NT 6.1; WOW64; rv:18.0) Gecko/20100101 Firefox/18.0"
208.115.111.70 - - [28/Feb/2013:22:58:05 -0600] "GET /robots.txt HTTP/1.1" 404 - "-" "Mozilla/5.0 (compatible; Ezooms/1.0; ezooms.bot@gmail.com)"
66.249.74.236 - - [28/Feb/2013:23:01:48 -0600] "GET /_inc/contact.php HTTP/1.1" 200 756 "-" "SAMSUNG-SGH-E250/1.0 Profile/MIDP-2.0 Configuration/CLDC-1.1 UP.Browser/6.2.3.3.c.1.101 (GUI) MMP/2.0 (compatible; Googlebot-Mobile/2.1; +http://www.google.com/bot.html)"
66.249.74.223 - - [28/Feb/2013:23:04:09 -0600] "GET /events/carousel_11/images/2.jpg HTTP/1.1" 304 - "-" "Googlebot-Image/1.0"
208.115.111.70 - - [28/Feb/2013:23:08:18 -0600] "GET /java_for_joes/index.html?2110d400 HTTP/1.1" 404 - "-" "Mozilla/5.0 (compatible; Ezooms/1.0; ezooms.bot@gmail.com)"
173.199.115.75 - - [28/Feb/2013:23:32:38 -0600] "GET /contact.php HTTP/1.1" 200 10519 "-" "Mozilla/5.0 (compatible; AhrefsBot/4.0; +http://ahrefs.com/robot/)"
199.21.99.103 - - [28/Feb/2013:23:36:19 -0600] "GET /robots.txt HTTP/1.1" 404 - "-" "Mozilla/5.0 (compatible; YandexBot/3.0; +http://yandex.com/bots)"
173.199.115.75 - - [28/Feb/2013:23:47:15 -0600] "GET / HTTP/1.1" 200 10513 "-" "Mozilla/5.0 (compatible; AhrefsBot/4.0; +http://ahrefs.com/robot/)"
173.199.115.75 - - [28/Feb/2013:23:53:07 -0600] "GET /events/carousel_11/carousel_11.html HTTP/1.1" 200 3712 "-" "Mozilla/5.0 (compatible; AhrefsBot/4.0; +http://ahrefs.com/robot/)"
173.199.115.75 - - [01/Mar/2013:00:35:51 -0600] "GET /events/ermy_event/ermy.html HTTP/1.1" 200 3507 "-" "Mozilla/5.0 (compatible; AhrefsBot/4.0; +http://ahrefs.com/robot/)"
157.55.35.34 - - [01/Mar/2013:01:18:33 -0600] "GET /robots.txt HTTP/1.1" 404 - "-" "Mozilla/5.0 (compatible; bingbot/2.0; +http://www.bing.com/bingbot.htm)"
157.55.35.34 - - [01/Mar/2013:01:20:20 -0600] "GET /slider/index.html HTTP/1.1" 200 2395 "-" "Mozilla/5.0 (compatible; bingbot/2.0; +http://www.bing.com/bingbot.htm)"
157.55.35.34 - - [01/Mar/2013:01:20:20 -0600] "GET /_inc/slide.php HTTP/1.1" 200 3205 "-" "Mozilla/5.0 (compatible; bingbot/2.0; +http://www.bing.com/bingbot.htm)"
66.249.74.230 - - [01/Mar/2013:01:44:34 -0600] "GET / HTTP/1.1" 200 10513 "-" "Mozilla/5.0 (compatible; Googlebot/2.1; +http://www.google.com/bot.html)"
66.249.74.210 - - [01/Mar/2013:01:59:28 -0600] "GET /events/carousel_11/carousel_11.html HTTP/1.1" 200 3712 "-" "DoCoMo/2.0 N905i(c100;TB;W24H16) (compatible; Googlebot-Mobile/2.1; +http://www.google.com/bot.html)"
