66.249.66.91 - - [24/Dec/2013:01:21:44 -0600] "GET /robots.txt HTTP/1.1" 404 - "-" "Mozilla/5.0 (compatible; Googlebot/2.1; +http://www.google.com/bot.html)"
220.181.89.245 - - [24/Dec/2013:01:44:11 -0600] "GET /robots.txt HTTP/1.1" 404 - "-" "Sogou web spider/4.0(+http://www.sogou.com/docs/help/webmasters.htm#07)"
220.181.89.245 - - [24/Dec/2013:01:44:10 -0600] "GET / HTTP/1.1" 200 10635 "-" "Sogou web spider/4.0(+http://www.sogou.com/docs/help/webmasters.htm#07)"
66.249.74.41 - - [24/Dec/2013:02:22:42 -0600] "GET /donate.php HTTP/1.1" 200 11699 "-" "Mozilla/5.0 (iPhone; CPU iPhone OS 6_0 like Mac OS X) AppleWebKit/536.26 (KHTML, like Gecko) Version/6.0 Mobile/10A5376e Safari/8536.25 (compatible; Googlebot-Mobile/2.1; +http://www.google.com/bot.html)"
66.249.74.43 - - [24/Dec/2013:02:29:11 -0600] "GET / HTTP/1.1" 200 10635 "-" "Mozilla/5.0 (iPhone; CPU iPhone OS 6_0 like Mac OS X) AppleWebKit/536.26 (KHTML, like Gecko) Version/6.0 Mobile/10A5376e Safari/8536.25 (compatible; Googlebot-Mobile/2.1; +http://www.google.com/bot.html)"
65.55.24.245 - - [24/Dec/2013:03:08:11 -0600] "GET /robots.txt HTTP/1.1" 404 - "-" "Mozilla/5.0 (compatible; bingbot/2.0; +http://www.bing.com/bingbot.htm)"
65.55.24.245 - - [24/Dec/2013:03:09:22 -0600] "GET / HTTP/1.1" 200 10635 "-" "Mozilla/5.0 (compatible; bingbot/2.0; +http://www.bing.com/bingbot.htm)"
65.55.24.245 - - [24/Dec/2013:03:58:18 -0600] "GET /robots.txt HTTP/1.1" 404 - "-" "Mozilla/5.0 (compatible; bingbot/2.0; +http://www.bing.com/bingbot.htm)"
65.55.24.245 - - [24/Dec/2013:04:18:19 -0600] "GET / HTTP/1.1" 200 10635 "-" "Mozilla/5.0 (compatible; bingbot/2.0; +http://www.bing.com/bingbot.htm)"
157.56.92.148 - - [24/Dec/2013:04:41:41 -0600] "GET /pdf/January%20Flyers.pdf HTTP/1.1" 200 5543019 "-" "Mozilla/5.0 (compatible; bingbot/2.0; +http://www.bing.com/bingbot.htm)"
66.249.74.41 - - [24/Dec/2013:07:06:31 -0600] "GET / HTTP/1.1" 200 10635 "-" "SAMSUNG-SGH-E250/1.0 Profile/MIDP-2.0 Configuration/CLDC-1.1 UP.Browser/6.2.3.3.c.1.101 (GUI) MMP/2.0 (compatible; Googlebot-Mobile/2.1; +http://www.google.com/bot.html)"
180.76.5.63 - - [24/Dec/2013:07:17:19 -0600] "GET /pdf/NAVY%20HOLIDAY%20CARE%20PACKAGES.pdf HTTP/1.1" 200 52326 "-" "Mozilla/5.0 (compatible; Baiduspider/2.0; +http://www.baidu.com/search/spider.html)"
66.78.218.2 - - [24/Dec/2013:07:50:26 -0600] "GET / HTTP/1.1" 200 10635 "http://www.bing.com/search?q=heroes+spoken&form=MSNH14&refig=edf1043d43464b4d81dc6918d8e0318c&pq=heroes+spoken&sc=0-11&sp=-1&qs=n&sk=" "Mozilla/4.0 (compatible; MSIE 8.0; Windows NT 6.1; Trident/4.0; SLCC2; .NET CLR 2.0.50727; .NET CLR 3.5.30729; .NET CLR 3.0.30729; Media Center PC 6.0; .NET4.0C; .NET4.0E)"
180.76.6.51 - - [24/Dec/2013:08:39:13 -0600] "GET /events/bbq/css/style.css HTTP/1.1" 200 1149 "-" "Mozilla/5.0 (compatible; Baiduspider/2.0; +http://www.baidu.com/search/spider.html)"
82.80.249.139 - - [24/Dec/2013:09:04:16 -0600] "GET /java_for_joes/index.html HTTP/1.0" 404 - "-" "Mozilla/5.0 (X11; Ubuntu; Linux x86_64; rv:11.0) Gecko/20100101 Firefox/11.0"
157.56.92.148 - - [24/Dec/2013:09:31:51 -0600] "GET /robots.txt HTTP/1.1" 404 - "-" "Mozilla/5.0 (compatible; bingbot/2.0; +http://www.bing.com/bingbot.htm)"
216.152.243.214 - - [24/Dec/2013:09:42:21 -0600] "GET /aboutus.php HTTP/1.1" 200 11667 "-" "Mozilla/4.0 (compatible; MSIE 6.0; Windows NT 5.1)"
216.152.243.214 - - [24/Dec/2013:09:42:27 -0600] "POST /aboutus.php/trackback/ HTTP/1.1" 200 11667 "http://operationspokaneheroes.org/aboutus.php" "Mozilla/4.0 (compatible; MSIE 6.0; Windows NT 5.1)"
162.243.146.143 - - [24/Dec/2013:09:45:39 -0600] "GET / HTTP/1.1" 200 10635 "-" "Wget/1.13.4 (linux-gnu)"
157.56.92.148 - - [24/Dec/2013:10:23:19 -0600] "GET /_inc/contact.php HTTP/1.1" 200 756 "-" "Mozilla/5.0 (compatible; bingbot/2.0; +http://www.bing.com/bingbot.htm)"
157.56.92.148 - - [24/Dec/2013:10:23:19 -0600] "GET /java_for_joes/index.html HTTP/1.1" 404 - "-" "Mozilla/5.0 (compatible; bingbot/2.0; +http://www.bing.com/bingbot.htm)"
66.220.7.244 - - [24/Dec/2013:10:39:10 -0600] "GET / HTTP/1.1" 200 10635 "http://mawords.com/operationspokaneheroes.org" "Mozilla/5.0 (Windows NT 5.1; rv:21.0) Gecko/20100101 Firefox/21.0"
180.76.6.148 - - [24/Dec/2013:11:35:40 -0600] "GET /pdf/Spokane%20Indians%20Pennant%20poster-color%20copy.pdf HTTP/1.1" 200 1793914 "-" "Mozilla/5.0 (Windows NT 5.1; rv:6.0.2) Gecko/20100101 Firefox/6.0.2"
192.96.204.42 - - [24/Dec/2013:11:59:50 -0600] "HEAD / HTTP/1.1" 200 - "http://domainsigma.com/whois/operationspokaneheroes.org" "Mozilla/5.0 (Windows NT 5.1) AppleWebKit/537.36 (KHTML, like Gecko) Chrome/31.0.1650.16 Safari/537.36"
157.55.35.95 - - [24/Dec/2013:12:03:50 -0600] "GET /robots.txt HTTP/1.1" 404 - "-" "Mozilla/5.0 (compatible; bingbot/2.0; +http://www.bing.com/bingbot.htm)"
157.55.35.95 - - [24/Dec/2013:12:07:39 -0600] "GET /slider/index.html HTTP/1.1" 304 - "-" "Mozilla/5.0 (compatible; bingbot/2.0; +http://www.bing.com/bingbot.htm)"
65.55.24.245 - - [24/Dec/2013:13:33:14 -0600] "GET /robots.txt HTTP/1.1" 404 - "-" "Mozilla/5.0 (compatible; bingbot/2.0; +http://www.bing.com/bingbot.htm)"
65.55.24.245 - - [24/Dec/2013:13:35:41 -0600] "GET / HTTP/1.1" 200 10635 "-" "Mozilla/5.0 (compatible; bingbot/2.0; +http://www.bing.com/bingbot.htm)"
66.249.74.41 - - [24/Dec/2013:14:32:06 -0600] "GET /robots.txt HTTP/1.1" 404 - "-" "Mozilla/5.0 (compatible; Googlebot/2.1; +http://www.google.com/bot.html)"
66.249.74.43 - - [24/Dec/2013:14:38:21 -0600] "GET /robots.txt HTTP/1.1" 404 - "-" "Mozilla/5.0 (compatible; Googlebot/2.1; +http://www.google.com/bot.html)"
66.249.74.43 - - [24/Dec/2013:14:38:21 -0600] "GET /contact.php HTTP/1.1" 200 10519 "-" "Mozilla/5.0 (iPhone; CPU iPhone OS 6_0 like Mac OS X) AppleWebKit/536.26 (KHTML, like Gecko) Version/6.0 Mobile/10A5376e Safari/8536.25 (compatible; Googlebot-Mobile/2.1; +http://www.google.com/bot.html)"
66.249.74.43 - - [24/Dec/2013:14:45:26 -0600] "GET /css/slide.css HTTP/1.1" 200 2869 "-" "Mozilla/5.0 (compatible; Googlebot/2.1; +http://www.google.com/bot.html)"
66.249.74.43 - - [24/Dec/2013:14:45:26 -0600] "GET /css/style_global.css HTTP/1.1" 200 2621 "-" "Mozilla/5.0 (compatible; Googlebot/2.1; +http://www.google.com/bot.html)"
66.249.74.43 - - [24/Dec/2013:14:45:30 -0600] "GET /css/footer.css HTTP/1.1" 200 752 "-" "Mozilla/5.0 (compatible; Googlebot/2.1; +http://www.google.com/bot.html)"
66.249.74.43 - - [24/Dec/2013:14:45:34 -0600] "GET /css/contact_style.css HTTP/1.1" 200 843 "-" "Mozilla/5.0 (compatible; Googlebot/2.1; +http://www.google.com/bot.html)"
66.249.74.43 - - [24/Dec/2013:14:45:38 -0600] "GET /css/global.css HTTP/1.1" 200 13951 "-" "Mozilla/5.0 (compatible; Googlebot/2.1; +http://www.google.com/bot.html)"
65.55.24.245 - - [24/Dec/2013:15:10:16 -0600] "GET /robots.txt HTTP/1.1" 404 - "-" "Mozilla/5.0 (compatible; bingbot/2.0; +http://www.bing.com/bingbot.htm)"
65.55.24.245 - - [24/Dec/2013:15:13:08 -0600] "GET / HTTP/1.1" 200 10635 "-" "Mozilla/5.0 (compatible; bingbot/2.0; +http://www.bing.com/bingbot.htm)"
157.55.33.178 - - [24/Dec/2013:16:47:04 -0600] "GET /robots.txt HTTP/1.1" 404 - "-" "Mozilla/5.0 (compatible; bingbot/2.0; +http://www.bing.com/bingbot.htm)"
157.55.33.178 - - [24/Dec/2013:17:24:17 -0600] "GET /pdf/ HTTP/1.1" 200 4185 "-" "Mozilla/5.0 (compatible; bingbot/2.0; +http://www.bing.com/bingbot.htm)"
46.229.160.208 - - [24/Dec/2013:18:00:12 -0600] "GET /pdf/Idaho+DOL+Sep+-+Oct+2013.pdf HTTP/1.1" 200 522959 "-" "Mozilla/5.0 (Macintosh; U; Intel Mac OS X 10.5; en-US; rv:1.9.0.5) Gecko/2008120121 Firefox/3.0.5"
66.249.74.43 - - [24/Dec/2013:18:23:58 -0600] "GET / HTTP/1.1" 200 10635 "-" "DoCoMo/2.0 N905i(c100;TB;W24H16) (compatible; Googlebot-Mobile/2.1; +http://www.google.com/bot.html)"
157.56.92.148 - - [24/Dec/2013:19:15:59 -0600] "GET /robots.txt HTTP/1.1" 404 - "-" "Mozilla/5.0 (compatible; bingbot/2.0; +http://www.bing.com/bingbot.htm)"
109.169.29.30 - - [24/Dec/2013:19:18:35 -0600] "GET /robots.txt HTTP/1.1" 404 - "-" "Mozilla/5.0 (compatible; aiHitBot/2.8; +http://endb-consolidated.aihit.com/)"
109.169.29.30 - - [24/Dec/2013:19:18:36 -0600] "GET /java_for_joes/index.html HTTP/1.1" 404 - "-" "Mozilla/5.0 (compatible; aiHitBot/2.8; +http://endb-consolidated.aihit.com/)"
157.56.92.148 - - [24/Dec/2013:19:50:23 -0600] "GET /java_for_joes/press_release.pdf HTTP/1.1" 404 - "-" "Mozilla/5.0 (compatible; bingbot/2.0; +http://www.bing.com/bingbot.htm)"
208.115.111.70 - - [25/Dec/2013:00:09:38 -0600] "GET /robots.txt HTTP/1.1" 404 - "-" "Mozilla/5.0 (compatible; Ezooms/1.0; help@moz.com)"
65.55.24.245 - - [25/Dec/2013:00:31:36 -0600] "GET /robots.txt HTTP/1.1" 404 - "-" "Mozilla/5.0 (compatible; bingbot/2.0; +http://www.bing.com/bingbot.htm)"
65.55.24.245 - - [25/Dec/2013:00:44:10 -0600] "GET / HTTP/1.1" 200 10635 "-" "Mozilla/5.0 (compatible; bingbot/2.0; +http://www.bing.com/bingbot.htm)"
208.115.111.70 - - [25/Dec/2013:01:17:13 -0600] "GET /calendar.php HTTP/1.1" 200 10644 "-" "Mozilla/5.0 (compatible; Ezooms/1.0; help@moz.com)"
81.209.177.95 - - [25/Dec/2013:01:54:26 -0600] "GET /robots.txt HTTP/1.1" 404 - "-" "netEstate NE Crawler (+http://www.website-datenbank.de/)"
81.209.177.202 - - [25/Dec/2013:01:54:33 -0600] "GET / HTTP/1.1" 200 10635 "-" "netEstate NE Crawler (+http://www.website-datenbank.de/)"
84.19.190.38 - - [25/Dec/2013:01:55:19 -0600] "GET /robots.txt HTTP/1.1" 404 - "-" "Mozilla/5.0 (compatible; UnisterBot; crawler@unister.de)"
84.19.190.38 - - [25/Dec/2013:01:55:19 -0600] "GET / HTTP/1.1" 200 10635 "-" "Mozilla/5.0 (compatible; UnisterBot; crawler@unister.de)"
84.19.190.38 - - [25/Dec/2013:02:01:23 -0600] "GET /aboutus.php HTTP/1.1" 200 11667 "-" "Mozilla/5.0 (compatible; UnisterBot; crawler@unister.de)"
84.19.190.38 - - [25/Dec/2013:02:06:04 -0600] "GET /donate.php HTTP/1.1" 200 11699 "-" "Mozilla/5.0 (compatible; UnisterBot; crawler@unister.de)"
65.55.24.245 - - [25/Dec/2013:02:14:36 -0600] "GET /robots.txt HTTP/1.1" 404 - "-" "Mozilla/5.0 (compatible; bingbot/2.0; +http://www.bing.com/bingbot.htm)"
65.55.24.245 - - [25/Dec/2013:02:15:24 -0600] "GET / HTTP/1.1" 200 10635 "-" "Mozilla/5.0 (compatible; bingbot/2.0; +http://www.bing.com/bingbot.htm)"
38.111.147.84 - - [25/Dec/2013:03:05:47 -0600] "GET /robots.txt HTTP/1.0" 404 - "-" "TurnitinBot/2.1 (http://www.turnitin.com/robot/crawlerinfo.html)"
38.111.147.84 - - [25/Dec/2013:03:05:47 -0600] "GET /robots.txt HTTP/1.0" 404 - "-" "TurnitinBot/2.1 (http://www.turnitin.com/robot/crawlerinfo.html)"
38.111.147.84 - - [25/Dec/2013:03:05:52 -0600] "GET /events.php HTTP/1.0" 200 6407 "-" "TurnitinBot/2.1 (http://www.turnitin.com/robot/crawlerinfo.html)"
38.111.147.84 - - [25/Dec/2013:03:06:22 -0600] "GET /events.php HTTP/1.0" 200 6407 "-" "TurnitinBot/2.1 (http://www.turnitin.com/robot/crawlerinfo.html)"
204.12.208.234 - - [25/Dec/2013:03:50:45 -0600] "GET /robots.txt HTTP/1.0" 404 - "-" "Mozilla/5.0 (compatible; MJ12bot/v1.4.4; http://www.majestic12.co.uk/bot.php?+)"
204.12.208.234 - - [25/Dec/2013:03:50:47 -0600] "GET /java_for_joes/index.html HTTP/1.0" 404 - "-" "Mozilla/5.0 (compatible; MJ12bot/v1.4.4; http://www.majestic12.co.uk/bot.php?+)"
65.55.52.119 - - [25/Dec/2013:04:20:03 -0600] "GET /robots.txt HTTP/1.1" 404 - "-" "Mozilla/5.0 (compatible; bingbot/2.0; +http://www.bing.com/bingbot.htm)"
65.55.52.119 - - [25/Dec/2013:04:23:13 -0600] "GET /business.php HTTP/1.1" 200 10813 "-" "Mozilla/5.0 (compatible; bingbot/2.0; +http://www.bing.com/bingbot.htm)"
180.76.6.141 - - [25/Dec/2013:04:43:13 -0600] "GET /css/compact_style.css HTTP/1.1" 200 4934 "-" "Mozilla/5.0 (compatible; Baiduspider/2.0; +http://www.baidu.com/search/spider.html)"
180.76.5.31 - - [25/Dec/2013:05:22:47 -0600] "GET /pdf/Spokane%20Indians%20Pennant%20poster-color%20copy.pdf HTTP/1.1" 200 1793914 "-" "Mozilla/5.0 (compatible; Baiduspider/2.0; +http://www.baidu.com/search/spider.html)"
66.249.73.216 - - [25/Dec/2013:06:44:28 -0600] "GET /robots.txt HTTP/1.1" 404 - "-" "Mozilla/5.0 (compatible; Googlebot/2.1; +http://www.google.com/bot.html)"
66.249.73.216 - - [25/Dec/2013:06:44:29 -0600] "GET / HTTP/1.1" 200 10635 "-" "Mozilla/5.0 (iPhone; CPU iPhone OS 6_0 like Mac OS X) AppleWebKit/536.26 (KHTML, like Gecko) Version/6.0 Mobile/10A5376e Safari/8536.25 (compatible; Googlebot-Mobile/2.1; +http://www.google.com/bot.html)"
66.249.73.216 - - [25/Dec/2013:06:53:58 -0600] "GET /slider/css/style.css HTTP/1.1" 200 1379 "-" "Mozilla/5.0 (compatible; Googlebot/2.1; +http://www.google.com/bot.html)"
77.87.221.170 - - [25/Dec/2013:09:32:45 -0600] "GET /slider/index.html HTTP/1.1" 200 2900 "http://operationspokaneheroes.org/" "Mozilla/5.0 (X11; U; Linux; pl-PL) AppleWebKit/532.4 (KHTML, like Gecko) Qt/4.6.3 Safari/532.4"
77.87.221.170 - - [25/Dec/2013:09:32:45 -0600] "GET /css/global.css HTTP/1.1" 200 13951 "http://operationspokaneheroes.org/" "Mozilla/5.0 (X11; U; Linux; pl-PL) AppleWebKit/532.4 (KHTML, like Gecko) Qt/4.6.3 Safari/532.4"
77.87.221.170 - - [25/Dec/2013:09:32:46 -0600] "GET /slider/css/style.css HTTP/1.1" 200 1379 "http://operationspokaneheroes.org/slider/index.html" "Mozilla/5.0 (X11; U; Linux; pl-PL) AppleWebKit/532.4 (KHTML, like Gecko) Qt/4.6.3 Safari/532.4"
77.87.221.170 - - [25/Dec/2013:09:32:46 -0600] "GET /images/slder2.png HTTP/1.1" 200 32853 "http://operationspokaneheroes.org/slider/index.html" "Mozilla/5.0 (X11; U; Linux; pl-PL) AppleWebKit/532.4 (KHTML, like Gecko) Qt/4.6.3 Safari/532.4"
77.87.221.170 - - [25/Dec/2013:09:32:46 -0600] "GET /slider/images/imagslider-2.png HTTP/1.1" 200 62889 "http://operationspokaneheroes.org/slider/index.html" "Mozilla/5.0 (X11; U; Linux; pl-PL) AppleWebKit/532.4 (KHTML, like Gecko) Qt/4.6.3 Safari/532.4"
77.87.221.170 - - [25/Dec/2013:09:32:47 -0600] "GET /images/bg2.jpg HTTP/1.1" 200 55206 "http://operationspokaneheroes.org/" "Mozilla/5.0 (X11; U; Linux; pl-PL) AppleWebKit/532.4 (KHTML, like Gecko) Qt/4.6.3 Safari/532.4"
77.87.221.170 - - [25/Dec/2013:09:32:46 -0600] "GET /slider/images/imagslider-1.png HTTP/1.1" 200 69960 "http://operationspokaneheroes.org/slider/index.html" "Mozilla/5.0 (X11; U; Linux; pl-PL) AppleWebKit/532.4 (KHTML, like Gecko) Qt/4.6.3 Safari/532.4"
77.87.221.170 - - [25/Dec/2013:09:32:47 -0600] "GET /images/nav2.jpg HTTP/1.1" 200 4444 "http://operationspokaneheroes.org/" "Mozilla/5.0 (X11; U; Linux; pl-PL) AppleWebKit/532.4 (KHTML, like Gecko) Qt/4.6.3 Safari/532.4"
77.87.221.170 - - [25/Dec/2013:09:32:47 -0600] "GET /mainbk.png HTTP/1.1" 200 290 "http://operationspokaneheroes.org/" "Mozilla/5.0 (X11; U; Linux; pl-PL) AppleWebKit/532.4 (KHTML, like Gecko) Qt/4.6.3 Safari/532.4"
77.87.221.170 - - [25/Dec/2013:09:32:48 -0600] "GET /slider/images/slider-bg.jpg HTTP/1.1" 200 3447 "http://operationspokaneheroes.org/slider/index.html" "Mozilla/5.0 (X11; U; Linux; pl-PL) AppleWebKit/532.4 (KHTML, like Gecko) Qt/4.6.3 Safari/532.4"
77.87.221.170 - - [25/Dec/2013:09:32:48 -0600] "GET /images/contacticon.png HTTP/1.1" 200 4499 "http://operationspokaneheroes.org/" "Mozilla/5.0 (X11; U; Linux; pl-PL) AppleWebKit/532.4 (KHTML, like Gecko) Qt/4.6.3 Safari/532.4"
77.87.221.170 - - [25/Dec/2013:09:32:49 -0600] "GET /images/global.png HTTP/1.1" 200 5737 "http://operationspokaneheroes.org/" "Mozilla/5.0 (X11; U; Linux; pl-PL) AppleWebKit/532.4 (KHTML, like Gecko) Qt/4.6.3 Safari/532.4"
77.87.221.170 - - [25/Dec/2013:09:32:45 -0600] "GET /images/logo.png HTTP/1.1" 200 226129 "http://operationspokaneheroes.org/" "Mozilla/5.0 (X11; U; Linux; pl-PL) AppleWebKit/532.4 (KHTML, like Gecko) Qt/4.6.3 Safari/532.4"
77.87.221.170 - - [25/Dec/2013:09:32:40 -0600] "GET / HTTP/1.1" 200 8571 "-" "Mozilla/5.0 (X11; U; Linux; pl-PL) AppleWebKit/532.4 (KHTML, like Gecko) Qt/4.6.3 Safari/532.4"
77.87.221.170 - - [25/Dec/2013:09:32:45 -0600] "GET /_inc/slide.php HTTP/1.1" 200 3205 "http://operationspokaneheroes.org/" "Mozilla/5.0 (X11; U; Linux; pl-PL) AppleWebKit/532.4 (KHTML, like Gecko) Qt/4.6.3 Safari/532.4"
65.55.24.245 - - [25/Dec/2013:09:35:27 -0600] "GET /robots.txt HTTP/1.1" 404 - "-" "Mozilla/5.0 (compatible; bingbot/2.0; +http://www.bing.com/bingbot.htm)"
66.249.73.216 - - [25/Dec/2013:09:41:27 -0600] "GET /pdf/Hiring%20Our%20Heroes%20Sept%202013%20Career%20Fair%20Flyer.pdf HTTP/1.1" 304 - "-" "Mozilla/5.0 (iPhone; CPU iPhone OS 6_0 like Mac OS X) AppleWebKit/536.26 (KHTML, like Gecko) Version/6.0 Mobile/10A5376e Safari/8536.25 (compatible; Googlebot-Mobile/2.1; +http://www.google.com/bot.html)"
65.55.24.245 - - [25/Dec/2013:09:42:54 -0600] "GET /pdf/2013%20-%20Women%20Warriors%20and%20the%20Cowgirls%20Flyer.pdf HTTP/1.1" 200 379297 "-" "Mozilla/5.0 (compatible; bingbot/2.0; +http://www.bing.com/bingbot.htm)"
199.21.99.103 - - [25/Dec/2013:10:16:20 -0600] "GET /robots.txt HTTP/1.1" 404 - "-" "Mozilla/5.0 (compatible; YandexBot/3.0; +http://yandex.com/bots)"
162.243.146.199 - - [25/Dec/2013:10:24:26 -0600] "GET / HTTP/1.1" 200 10635 "-" "Wget/1.13.4 (linux-gnu)"
220.181.108.143 - - [25/Dec/2013:10:55:00 -0600] "GET /contact.php HTTP/1.1" 200 10519 "-" "Mozilla/5.0 (compatible; Baiduspider/2.0; +http://www.baidu.com/search/spider.html)"
199.21.99.103 - - [25/Dec/2013:12:49:51 -0600] "GET /events/carousel_11/carousel_11.html HTTP/1.1" 200 3712 "-" "Mozilla/5.0 (compatible; YandexBot/3.0; +http://yandex.com/bots)"
65.55.24.245 - - [25/Dec/2013:13:42:39 -0600] "GET /robots.txt HTTP/1.1" 404 - "-" "Mozilla/5.0 (compatible; bingbot/2.0; +http://www.bing.com/bingbot.htm)"
65.55.24.245 - - [25/Dec/2013:13:43:19 -0600] "GET / HTTP/1.1" 200 280 "-" "Mozilla/5.0 (compatible; bingbot/2.0; +http://www.bing.com/bingbot.htm)"
65.55.24.245 - - [25/Dec/2013:13:45:19 -0600] "GET / HTTP/1.0" 200 10635 "-" "Mozilla/5.0 (compatible; bingbot/2.0; +http://www.bing.com/bingbot.htm)"
91.123.195.136 - - [25/Dec/2013:14:48:42 -0600] "GET /java_for_joes/index.html HTTP/1.0" 404 - "-" "Mozilla/5.0 (Windows NT 6.1; WOW64; rv:23.0) Gecko/20100101 Firefox/23.0"
65.55.24.245 - - [25/Dec/2013:15:13:38 -0600] "GET /robots.txt HTTP/1.1" 404 - "-" "Mozilla/5.0 (compatible; bingbot/2.0; +http://www.bing.com/bingbot.htm)"
65.55.24.245 - - [25/Dec/2013:15:19:25 -0600] "GET / HTTP/1.1" 200 10635 "-" "Mozilla/5.0 (compatible; bingbot/2.0; +http://www.bing.com/bingbot.htm)"
66.249.73.216 - - [25/Dec/2013:17:18:12 -0600] "GET /business.php HTTP/1.1" 200 10813 "-" "Mozilla/5.0 (iPhone; CPU iPhone OS 6_0 like Mac OS X) AppleWebKit/536.26 (KHTML, like Gecko) Version/6.0 Mobile/10A5376e Safari/8536.25 (compatible; Googlebot-Mobile/2.1; +http://www.google.com/bot.html)"
66.249.73.216 - - [25/Dec/2013:17:24:09 -0600] "GET /css/footer.css HTTP/1.1" 200 752 "-" "Mozilla/5.0 (compatible; Googlebot/2.1; +http://www.google.com/bot.html)"
66.249.73.216 - - [25/Dec/2013:17:24:15 -0600] "GET /css/slide.css HTTP/1.1" 200 2869 "-" "Mozilla/5.0 (compatible; Googlebot/2.1; +http://www.google.com/bot.html)"
66.249.73.216 - - [25/Dec/2013:17:24:22 -0600] "GET /css/global.css HTTP/1.1" 200 13951 "-" "Mozilla/5.0 (compatible; Googlebot/2.1; +http://www.google.com/bot.html)"
66.249.73.216 - - [25/Dec/2013:17:24:26 -0600] "GET /css/style_global.css HTTP/1.1" 200 2621 "-" "Mozilla/5.0 (compatible; Googlebot/2.1; +http://www.google.com/bot.html)"
180.76.6.158 - - [25/Dec/2013:20:07:39 -0600] "GET /slider/ HTTP/1.1" 200 2900 "-" "Mozilla/5.0 (compatible; Baiduspider/2.0; +http://www.baidu.com/search/spider.html)"
66.249.73.216 - - [25/Dec/2013:20:36:03 -0600] "GET /robots.txt HTTP/1.1" 404 - "-" "Mozilla/5.0 (compatible; Googlebot/2.1; +http://www.google.com/bot.html)"
66.249.73.216 - - [25/Dec/2013:20:36:03 -0600] "GET / HTTP/1.1" 200 10635 "-" "Mozilla/5.0 (compatible; Googlebot/2.1; +http://www.google.com/bot.html)"
65.52.246.161 - - [25/Dec/2013:21:02:06 -0600] "GET / HTTP/1.1" 200 10635 "-" "Mozilla/5.0 (compatible; MSIE 10.0; Windows NT 6.1; Trident/6.0)"
180.76.5.30 - - [25/Dec/2013:21:13:18 -0600] "GET /java_for_joes/index.html HTTP/1.1" 404 - "-" "Mozilla/5.0 (compatible; Baiduspider/2.0; +http://www.baidu.com/search/spider.html)"
66.249.73.216 - - [25/Dec/2013:21:39:00 -0600] "GET /java_for_joes/index.html HTTP/1.1" 404 - "-" "Mozilla/5.0 (compatible; Googlebot/2.1; +http://www.google.com/bot.html)"
202.46.49.130 - - [25/Dec/2013:21:46:39 -0600] "GET /java_for_joes/index.html HTTP/1.1" 404 - "-" "Mozilla/5.0 (Windows NT 6.1; WOW64; rv:22.0) Gecko/20100101 Firefox/22.0"
185.10.104.194 - - [25/Dec/2013:22:19:59 -0600] "GET /java_for_joes/index.html HTTP/1.1" 404 - "-" "Mozilla/5.0 (Windows NT 6.1; WOW64; rv:22.0) Gecko/20100101 Firefox/22.0"
66.249.73.53 - - [25/Dec/2013:22:53:18 -0600] "GET /robots.txt HTTP/1.1" 404 - "-" "Mozilla/5.0 (compatible; Googlebot/2.1; +http://www.google.com/bot.html)"
66.249.73.53 - - [25/Dec/2013:22:53:18 -0600] "GET / HTTP/1.1" 200 10635 "-" "SAMSUNG-SGH-E250/1.0 Profile/MIDP-2.0 Configuration/CLDC-1.1 UP.Browser/6.2.3.3.c.1.101 (GUI) MMP/2.0 (compatible; Googlebot-Mobile/2.1; +http://www.google.com/bot.html)"
180.76.6.147 - - [25/Dec/2013:23:18:48 -0600] "GET /pdf/Operation%20Wings%20of%20Hope%20-%20Kids.pdf HTTP/1.1" 200 34092 "-" "Mozilla/5.0 (Windows NT 5.1; rv:6.0.2) Gecko/20100101 Firefox/6.0.2"
66.249.73.216 - - [25/Dec/2013:23:38:42 -0600] "GET / HTTP/1.1" 200 10635 "-" "SAMSUNG-SGH-E250/1.0 Profile/MIDP-2.0 Configuration/CLDC-1.1 UP.Browser/6.2.3.3.c.1.101 (GUI) MMP/2.0 (compatible; Googlebot-Mobile/2.1; +http://www.google.com/bot.html)"
65.55.24.245 - - [25/Dec/2013:23:46:31 -0600] "GET /robots.txt HTTP/1.1" 404 - "-" "Mozilla/5.0 (compatible; bingbot/2.0; +http://www.bing.com/bingbot.htm)"
65.55.24.245 - - [25/Dec/2013:23:50:01 -0600] "GET / HTTP/1.1" 200 10635 "-" "Mozilla/5.0 (compatible; bingbot/2.0; +http://www.bing.com/bingbot.htm)"
206.225.83.83 - - [26/Dec/2013:00:08:05 -0600] "GET / HTTP/1.1" 200 10635 "-" "Mozilla/4.0 (compatible; MSIE 8.0; Windows NT 6.1; WOW64; Trident/4.0; SLCC2; .NET CLR 2.0.50727; .NET CLR 3.5.30729; .NET CLR 3.0.30729; Media Center PC 6.0; InfoPath.2; MS-RTC LM 8)"
66.249.73.53 - - [26/Dec/2013:01:26:53 -0600] "GET / HTTP/1.1" 200 10635 "-" "Mozilla/5.0 (compatible; Googlebot/2.1; +http://www.google.com/bot.html)"
66.249.73.53 - - [26/Dec/2013:01:28:12 -0600] "GET /css/slide.css HTTP/1.1" 200 2869 "-" "Mozilla/5.0 (compatible; Googlebot/2.1; +http://www.google.com/bot.html)"
66.249.73.53 - - [26/Dec/2013:01:28:17 -0600] "GET /css/global.css HTTP/1.1" 200 13951 "-" "Mozilla/5.0 (compatible; Googlebot/2.1; +http://www.google.com/bot.html)"
66.249.73.53 - - [26/Dec/2013:01:28:20 -0600] "GET /css/footer.css HTTP/1.1" 200 752 "-" "Mozilla/5.0 (compatible; Googlebot/2.1; +http://www.google.com/bot.html)"
66.249.73.53 - - [26/Dec/2013:01:28:23 -0600] "GET /css/style_global.css HTTP/1.1" 200 2621 "-" "Mozilla/5.0 (compatible; Googlebot/2.1; +http://www.google.com/bot.html)"
66.249.73.53 - - [26/Dec/2013:01:28:26 -0600] "GET /slider/css/style.css HTTP/1.1" 200 1379 "-" "Mozilla/5.0 (compatible; Googlebot/2.1; +http://www.google.com/bot.html)"
66.249.73.53 - - [26/Dec/2013:01:28:33 -0600] "GET /slider/js/startstop-slider.js HTTP/1.1" 200 1737 "-" "Mozilla/5.0 (compatible; Googlebot/2.1; +http://www.google.com/bot.html)"
66.249.73.53 - - [26/Dec/2013:01:28:40 -0600] "GET /slider/js/jquery-1.2.6.js HTTP/1.1" 200 100196 "-" "Mozilla/5.0 (compatible; Googlebot/2.1; +http://www.google.com/bot.html)"
202.46.49.12 - - [26/Dec/2013:01:34:08 -0600] "GET / HTTP/1.1" 200 10455 "-" "Mozilla/4.0 (compatible; MSIE 7.0; Windows NT 6.0)"
119.63.193.195 - - [26/Dec/2013:01:36:15 -0600] "GET / HTTP/1.1" 200 10455 "-" "Mozilla/4.0 (compatible; MSIE 7.0; Windows NT 6.0)"
157.56.92.174 - - [26/Dec/2013:01:55:41 -0600] "GET /robots.txt HTTP/1.1" 404 - "-" "Mozilla/5.0 (compatible; bingbot/2.0; +http://www.bing.com/bingbot.htm)"
157.56.92.174 - - [26/Dec/2013:01:58:05 -0600] "GET /pdf/2010_Top100_Military_Friendly_Employers.pdf HTTP/1.1" 200 711726 "-" "Mozilla/5.0 (compatible; bingbot/2.0; +http://www.bing.com/bingbot.htm)"
65.55.24.245 - - [26/Dec/2013:02:59:19 -0600] "GET /robots.txt HTTP/1.1" 404 - "-" "Mozilla/5.0 (compatible; bingbot/2.0; +http://www.bing.com/bingbot.htm)"
65.55.24.245 - - [26/Dec/2013:03:00:52 -0600] "GET / HTTP/1.1" 200 10635 "-" "Mozilla/5.0 (compatible; bingbot/2.0; +http://www.bing.com/bingbot.htm)"
180.76.5.19 - - [26/Dec/2013:04:55:44 -0600] "GET / HTTP/1.1" 200 10635 "-" "Mozilla/5.0 (compatible; Baiduspider/2.0; +http://www.baidu.com/search/spider.html)"
50.135.240.232 - - [26/Dec/2013:05:08:18 -0600] "GET /images/logo.png HTTP/1.1" 200 226129 "-" "Mozilla/5.0 (iPhone; CPU iPhone OS 6_1_3 like Mac OS X) AppleWebKit/536.26 (KHTML, like Gecko) GSA/3.1.0.23513 Mobile/10B329 Safari/8536.25"
149.210.156.136 - - [26/Dec/2013:06:08:48 -0600] "GET / HTTP/1.1" 200 10635 "-" "Mozilla/5.0 (X11; Ubuntu; Linux x86_64; rv:20.0) Gecko/20100101 Firefox/20.0"
180.76.5.214 - - [26/Dec/2013:06:17:43 -0600] "GET /pdf/Survival%20Camp%202013%202%20pg%20flyer.pdf HTTP/1.1" 200 781521 "-" "Mozilla/5.0 (compatible; Baiduspider/2.0; +http://www.baidu.com/search/spider.html)"
180.76.5.202 - - [26/Dec/2013:06:18:36 -0600] "GET /pdf/Operation%20Wings%20of%20Hope.pdf HTTP/1.1" 200 52094 "-" "Mozilla/5.0 (Windows NT 5.1; rv:6.0.2) Gecko/20100101 Firefox/6.0.2"
66.249.73.216 - - [26/Dec/2013:07:20:35 -0600] "GET /pdf/freaky_farms.pdf HTTP/1.1" 200 390664 "-" "Mozilla/5.0 (compatible; Googlebot/2.1; +http://www.google.com/bot.html)"
180.76.6.152 - - [26/Dec/2013:08:01:06 -0600] "GET /java_for_joes/index.html HTTP/1.1" 404 - "-" "Mozilla/5.0 (compatible; Baiduspider/2.0; +http://www.baidu.com/search/spider.html)"
66.249.73.216 - - [26/Dec/2013:08:21:54 -0600] "GET /pdf/Holiday%20Navy%20Care%20Packages%20Media%20Advisory.pdf HTTP/1.1" 200 100101 "-" "Mozilla/5.0 (compatible; Googlebot/2.1; +http://www.google.com/bot.html)"
202.46.48.148 - - [26/Dec/2013:08:34:27 -0600] "GET /java_for_joes/index.html HTTP/1.1" 404 - "-" "Mozilla/5.0 (Windows NT 6.1; WOW64; rv:22.0) Gecko/20100101 Firefox/22.0"
185.10.104.132 - - [26/Dec/2013:09:07:57 -0600] "GET /java_for_joes/index.html HTTP/1.1" 404 - "-" "Mozilla/5.0 (Windows NT 6.1; WOW64; rv:22.0) Gecko/20100101 Firefox/22.0"
66.249.73.216 - - [26/Dec/2013:09:21:38 -0600] "GET /robots.txt HTTP/1.1" 404 - "-" "Mozilla/5.0 (compatible; Googlebot/2.1; +http://www.google.com/bot.html)"
66.249.73.216 - - [26/Dec/2013:09:21:38 -0600] "GET /pdf/OSH%20Freedom%20Fridays%20Flyer%20-%20Informational%20Handout%20Final.pdf HTTP/1.1" 200 726093 "-" "Mozilla/5.0 (compatible; Googlebot/2.1; +http://www.google.com/bot.html)"
180.76.6.17 - - [26/Dec/2013:09:23:25 -0600] "GET /java_for_joes/index.html HTTP/1.1" 404 - "-" "Mozilla/5.0 (compatible; Baiduspider/2.0; +http://www.baidu.com/search/spider.html)"
202.46.63.207 - - [26/Dec/2013:09:53:13 -0600] "GET /java_for_joes/index.html HTTP/1.1" 404 - "-" "Mozilla/5.0 (Windows NT 6.1; WOW64; rv:22.0) Gecko/20100101 Firefox/22.0"
66.249.73.216 - - [26/Dec/2013:10:21:22 -0600] "GET /pdf/2013%20Salute%20Armed%20Forces.pdf HTTP/1.1" 304 - "-" "Mozilla/5.0 (compatible; Googlebot/2.1; +http://www.google.com/bot.html)"
180.76.6.134 - - [26/Dec/2013:10:24:44 -0600] "GET / HTTP/1.1" 200 10635 "-" "Mozilla/5.0 (compatible; Baiduspider/2.0; +http://www.baidu.com/search/spider.html)"
202.46.49.128 - - [26/Dec/2013:10:26:32 -0600] "GET /java_for_joes/index.html HTTP/1.1" 404 - "-" "Mozilla/5.0 (Windows NT 6.1; WOW64; rv:22.0) Gecko/20100101 Firefox/22.0"
185.10.104.196 - - [26/Dec/2013:10:59:52 -0600] "GET /java_for_joes/index.html HTTP/1.1" 404 - "-" "Mozilla/5.0 (Windows NT 6.1; WOW64; rv:22.0) Gecko/20100101 Firefox/22.0"
66.249.73.216 - - [26/Dec/2013:11:02:14 -0600] "GET /pdf/Welcome%20Home%20Event%20Flyer%202012.pdf HTTP/1.1" 304 - "-" "Mozilla/5.0 (compatible; Googlebot/2.1; +http://www.google.com/bot.html)"
66.249.73.53 - - [26/Dec/2013:11:17:58 -0600] "GET /robots.txt HTTP/1.1" 404 - "-" "Mozilla/5.0 (compatible; Googlebot/2.1; +http://www.google.com/bot.html)"
65.55.24.245 - - [26/Dec/2013:11:49:43 -0600] "GET /robots.txt HTTP/1.1" 404 - "-" "Mozilla/5.0 (compatible; bingbot/2.0; +http://www.bing.com/bingbot.htm)"
65.55.24.245 - - [26/Dec/2013:11:56:46 -0600] "GET / HTTP/1.1" 200 10635 "-" "Mozilla/5.0 (compatible; bingbot/2.0; +http://www.bing.com/bingbot.htm)"
66.249.73.216 - - [26/Dec/2013:12:14:33 -0600] "GET /slider/index.html HTTP/1.1" 304 - "-" "Mozilla/5.0 (compatible; Googlebot/2.1; +http://www.google.com/bot.html)"
180.76.6.139 - - [26/Dec/2013:12:27:24 -0600] "GET /pdf/osh_show.pdf HTTP/1.1" 200 6794939 "-" "Mozilla/5.0 (Windows NT 5.1; rv:6.0.2) Gecko/20100101 Firefox/6.0.2"
66.249.73.216 - - [26/Dec/2013:12:29:42 -0600] "GET /index.php HTTP/1.1" 200 10635 "-" "Mozilla/5.0 (compatible; Googlebot/2.1; +http://www.google.com/bot.html)"
157.55.32.112 - - [26/Dec/2013:12:53:39 -0600] "GET /java_for_joes/index.html HTTP/1.1" 404 - "-" "Mozilla/5.0 (compatible; bingbot/2.0; +http://www.bing.com/bingbot.htm)"
66.249.73.216 - - [26/Dec/2013:12:58:39 -0600] "GET /events/care_package/care.html HTTP/1.1" 304 - "-" "Mozilla/5.0 (compatible; Googlebot/2.1; +http://www.google.com/bot.html)"
132.3.65.82 - - [26/Dec/2013:13:15:31 -0600] "GET /css/contact_style.css HTTP/1.1" 200 843 "-" "Mozilla/4.0 (compatible;)"
66.249.73.216 - - [26/Dec/2013:13:19:40 -0600] "GET /events.php HTTP/1.1" 200 6407 "-" "Mozilla/5.0 (compatible; Googlebot/2.1; +http://www.google.com/bot.html)"
65.55.24.245 - - [26/Dec/2013:13:38:39 -0600] "GET /robots.txt HTTP/1.1" 404 - "-" "Mozilla/5.0 (compatible; bingbot/2.0; +http://www.bing.com/bingbot.htm)"
65.55.24.245 - - [26/Dec/2013:13:43:02 -0600] "GET / HTTP/1.1" 200 10635 "-" "Mozilla/5.0 (compatible; bingbot/2.0; +http://www.bing.com/bingbot.htm)"
131.253.24.10 - - [26/Dec/2013:13:44:39 -0600] "GET /robots.txt HTTP/1.1" 404 - "-" "msnbot-media/1.1 (+http://search.msn.com/msnbot.htm)"
131.253.24.10 - - [26/Dec/2013:13:44:40 -0600] "GET /images/contacticon.png HTTP/1.1" 200 4499 "-" "msnbot-media/1.1 (+http://search.msn.com/msnbot.htm)"
67.185.80.128 - - [26/Dec/2013:13:50:24 -0600] "GET /aboutus.php HTTP/1.1" 200 11667 "https://www.google.com/" "Mozilla/5.0 (Windows NT 5.1) AppleWebKit/537.36 (KHTML, like Gecko) Chrome/31.0.1650.63 Safari/537.36"
67.185.80.128 - - [26/Dec/2013:13:50:25 -0600] "GET /css/global.css HTTP/1.1" 200 13951 "http://www.operationspokaneheroes.org/aboutus.php" "Mozilla/5.0 (Windows NT 5.1) AppleWebKit/537.36 (KHTML, like Gecko) Chrome/31.0.1650.63 Safari/537.36"
67.185.80.128 - - [26/Dec/2013:13:50:25 -0600] "GET /images/global.png HTTP/1.1" 200 5737 "http://www.operationspokaneheroes.org/aboutus.php" "Mozilla/5.0 (Windows NT 5.1) AppleWebKit/537.36 (KHTML, like Gecko) Chrome/31.0.1650.63 Safari/537.36"
67.185.80.128 - - [26/Dec/2013:13:50:25 -0600] "GET /images/facebook.png HTTP/1.1" 200 5004 "http://www.operationspokaneheroes.org/aboutus.php" "Mozilla/5.0 (Windows NT 5.1) AppleWebKit/537.36 (KHTML, like Gecko) Chrome/31.0.1650.63 Safari/537.36"
67.185.80.128 - - [26/Dec/2013:13:50:25 -0600] "GET /css/footer.css HTTP/1.1" 200 752 "http://www.operationspokaneheroes.org/aboutus.php" "Mozilla/5.0 (Windows NT 5.1) AppleWebKit/537.36 (KHTML, like Gecko) Chrome/31.0.1650.63 Safari/537.36"
67.185.80.128 - - [26/Dec/2013:13:50:25 -0600] "GET /mainbk.png HTTP/1.1" 200 290 "http://www.operationspokaneheroes.org/aboutus.php" "Mozilla/5.0 (Windows NT 5.1) AppleWebKit/537.36 (KHTML, like Gecko) Chrome/31.0.1650.63 Safari/537.36"
67.185.80.128 - - [26/Dec/2013:13:50:25 -0600] "GET /images/nav2.jpg HTTP/1.1" 200 4444 "http://www.operationspokaneheroes.org/aboutus.php" "Mozilla/5.0 (Windows NT 5.1) AppleWebKit/537.36 (KHTML, like Gecko) Chrome/31.0.1650.63 Safari/537.36"
67.185.80.128 - - [26/Dec/2013:13:50:25 -0600] "GET /images/bg2.jpg HTTP/1.1" 200 55206 "http://www.operationspokaneheroes.org/aboutus.php" "Mozilla/5.0 (Windows NT 5.1) AppleWebKit/537.36 (KHTML, like Gecko) Chrome/31.0.1650.63 Safari/537.36"
67.185.80.128 - - [26/Dec/2013:13:50:25 -0600] "GET /images/logo.png HTTP/1.1" 200 226129 "http://www.operationspokaneheroes.org/aboutus.php" "Mozilla/5.0 (Windows NT 5.1) AppleWebKit/537.36 (KHTML, like Gecko) Chrome/31.0.1650.63 Safari/537.36"
67.185.80.128 - - [26/Dec/2013:13:50:26 -0600] "GET /images/contacticon.png HTTP/1.1" 200 4499 "http://www.operationspokaneheroes.org/aboutus.php" "Mozilla/5.0 (Windows NT 5.1) AppleWebKit/537.36 (KHTML, like Gecko) Chrome/31.0.1650.63 Safari/537.36"
67.185.80.128 - - [26/Dec/2013:13:50:26 -0600] "GET /css/slide.css HTTP/1.1" 200 2869 "http://www.operationspokaneheroes.org/_inc/slide.php" "Mozilla/5.0 (Windows NT 5.1) AppleWebKit/537.36 (KHTML, like Gecko) Chrome/31.0.1650.63 Safari/537.36"
67.185.80.128 - - [26/Dec/2013:13:50:26 -0600] "GET /css/style_global.css HTTP/1.1" 200 2621 "http://www.operationspokaneheroes.org/_inc/slide.php" "Mozilla/5.0 (Windows NT 5.1) AppleWebKit/537.36 (KHTML, like Gecko) Chrome/31.0.1650.63 Safari/537.36"
67.185.80.128 - - [26/Dec/2013:13:50:26 -0600] "GET /js/combined.js HTTP/1.1" 200 169946 "http://www.operationspokaneheroes.org/_inc/slide.php" "Mozilla/5.0 (Windows NT 5.1) AppleWebKit/537.36 (KHTML, like Gecko) Chrome/31.0.1650.63 Safari/537.36"
67.185.80.128 - - [26/Dec/2013:13:50:27 -0600] "GET /images/2.jpg HTTP/1.1" 200 170993 "http://www.operationspokaneheroes.org/_inc/slide.php" "Mozilla/5.0 (Windows NT 5.1) AppleWebKit/537.36 (KHTML, like Gecko) Chrome/31.0.1650.63 Safari/537.36"
67.185.80.128 - - [26/Dec/2013:13:50:27 -0600] "GET /images/mission_statement_bg.png HTTP/1.1" 200 11413 "http://www.operationspokaneheroes.org/_inc/slide.php" "Mozilla/5.0 (Windows NT 5.1) AppleWebKit/537.36 (KHTML, like Gecko) Chrome/31.0.1650.63 Safari/537.36"
67.185.80.128 - - [26/Dec/2013:13:50:25 -0600] "GET /_inc/slide.php HTTP/1.1" 200 3205 "http://www.operationspokaneheroes.org/aboutus.php" "Mozilla/5.0 (Windows NT 5.1) AppleWebKit/537.36 (KHTML, like Gecko) Chrome/31.0.1650.63 Safari/537.36"
67.185.80.128 - - [26/Dec/2013:13:50:29 -0600] "GET /images/we_believe.png HTTP/1.1" 200 1785 "http://www.operationspokaneheroes.org/_inc/slide.php" "Mozilla/5.0 (Windows NT 5.1) AppleWebKit/537.36 (KHTML, like Gecko) Chrome/31.0.1650.63 Safari/537.36"
67.185.80.128 - - [26/Dec/2013:13:50:29 -0600] "GET /images/we_strive.png HTTP/1.1" 200 1981 "http://www.operationspokaneheroes.org/_inc/slide.php" "Mozilla/5.0 (Windows NT 5.1) AppleWebKit/537.36 (KHTML, like Gecko) Chrome/31.0.1650.63 Safari/537.36"
67.185.80.128 - - [26/Dec/2013:13:50:29 -0600] "GET /images/we_help.png HTTP/1.1" 200 1514 "http://www.operationspokaneheroes.org/_inc/slide.php" "Mozilla/5.0 (Windows NT 5.1) AppleWebKit/537.36 (KHTML, like Gecko) Chrome/31.0.1650.63 Safari/537.36"
67.185.80.128 - - [26/Dec/2013:13:50:29 -0600] "GET /assets/images/btn_top_search_hover.png HTTP/1.1" 404 - "http://www.operationspokaneheroes.org/_inc/slide.php" "Mozilla/5.0 (Windows NT 5.1) AppleWebKit/537.36 (KHTML, like Gecko) Chrome/31.0.1650.63 Safari/537.36"
67.185.80.128 - - [26/Dec/2013:13:50:29 -0600] "GET /assets/images/btn_main_search_hover.png HTTP/1.1" 404 - "http://www.operationspokaneheroes.org/_inc/slide.php" "Mozilla/5.0 (Windows NT 5.1) AppleWebKit/537.36 (KHTML, like Gecko) Chrome/31.0.1650.63 Safari/537.36"
67.185.80.128 - - [26/Dec/2013:13:50:29 -0600] "GET /images/4.jpg HTTP/1.1" 200 186934 "http://www.operationspokaneheroes.org/_inc/slide.php" "Mozilla/5.0 (Windows NT 5.1) AppleWebKit/537.36 (KHTML, like Gecko) Chrome/31.0.1650.63 Safari/537.36"
67.185.80.128 - - [26/Dec/2013:13:50:29 -0600] "GET /images/1.jpg HTTP/1.1" 200 142489 "http://www.operationspokaneheroes.org/_inc/slide.php" "Mozilla/5.0 (Windows NT 5.1) AppleWebKit/537.36 (KHTML, like Gecko) Chrome/31.0.1650.63 Safari/537.36"
67.185.80.128 - - [26/Dec/2013:13:50:29 -0600] "GET /images/3.jpg HTTP/1.1" 200 240733 "http://www.operationspokaneheroes.org/_inc/slide.php" "Mozilla/5.0 (Windows NT 5.1) AppleWebKit/537.36 (KHTML, like Gecko) Chrome/31.0.1650.63 Safari/537.36"
67.185.80.128 - - [26/Dec/2013:13:50:29 -0600] "GET /images/we_need.png HTTP/1.1" 200 2138 "http://www.operationspokaneheroes.org/_inc/slide.php" "Mozilla/5.0 (Windows NT 5.1) AppleWebKit/537.36 (KHTML, like Gecko) Chrome/31.0.1650.63 Safari/537.36"
67.185.80.128 - - [26/Dec/2013:13:50:30 -0600] "GET /favicon.ico HTTP/1.1" 404 - "-" "Mozilla/5.0 (Windows NT 5.1) AppleWebKit/537.36 (KHTML, like Gecko) Chrome/31.0.1650.63 Safari/537.36"
66.249.73.216 - - [26/Dec/2013:13:59:10 -0600] "GET /_inc/events.php HTTP/1.1" 200 5967 "-" "Mozilla/5.0 (compatible; Googlebot/2.1; +http://www.google.com/bot.html)"
66.249.73.216 - - [26/Dec/2013:14:00:09 -0600] "GET /js/jquery.jcarousel.pack.js HTTP/1.1" 200 8891 "http://operationspokaneheroes.org/_inc/events.php" "Mozilla/5.0 (compatible; Googlebot/2.1; +http://www.google.com/bot.html)"
66.249.73.53 - - [26/Dec/2013:14:07:16 -0600] "GET / HTTP/1.1" 200 10635 "-" "Mozilla/5.0 (iPhone; CPU iPhone OS 6_0 like Mac OS X) AppleWebKit/536.26 (KHTML, like Gecko) Version/6.0 Mobile/10A5376e Safari/8536.25 (compatible; Googlebot-Mobile/2.1; +http://www.google.com/bot.html)"
66.249.73.216 - - [26/Dec/2013:14:13:23 -0600] "GET /contact.php HTTP/1.1" 200 10519 "-" "Mozilla/5.0 (iPhone; CPU iPhone OS 6_0 like Mac OS X) AppleWebKit/536.26 (KHTML, like Gecko) Version/6.0 Mobile/10A5376e Safari/8536.25 (compatible; Googlebot-Mobile/2.1; +http://www.google.com/bot.html)"
66.249.73.216 - - [26/Dec/2013:14:24:04 -0600] "GET /css/contact_style.css HTTP/1.1" 200 843 "-" "Mozilla/5.0 (compatible; Googlebot/2.1; +http://www.google.com/bot.html)"
66.249.73.216 - - [26/Dec/2013:14:24:06 -0600] "GET /css/footer.css HTTP/1.1" 200 752 "-" "Mozilla/5.0 (compatible; Googlebot/2.1; +http://www.google.com/bot.html)"
66.249.73.216 - - [26/Dec/2013:14:24:08 -0600] "GET /css/global.css HTTP/1.1" 200 13951 "-" "Mozilla/5.0 (compatible; Googlebot/2.1; +http://www.google.com/bot.html)"
66.249.73.216 - - [26/Dec/2013:14:24:12 -0600] "GET /css/style_global.css HTTP/1.1" 200 2621 "-" "Mozilla/5.0 (compatible; Googlebot/2.1; +http://www.google.com/bot.html)"
66.249.73.216 - - [26/Dec/2013:14:24:16 -0600] "GET /css/slide.css HTTP/1.1" 200 2869 "-" "Mozilla/5.0 (compatible; Googlebot/2.1; +http://www.google.com/bot.html)"
66.249.73.216 - - [26/Dec/2013:14:24:20 -0600] "GET /js/combined.js HTTP/1.1" 200 169946 "-" "Mozilla/5.0 (compatible; Googlebot/2.1; +http://www.google.com/bot.html)"
65.55.215.43 - - [26/Dec/2013:14:38:11 -0600] "GET /robots.txt HTTP/1.1" 404 - "-" "msnbot-media/1.1 (+http://search.msn.com/msnbot.htm)"
65.55.215.43 - - [26/Dec/2013:14:38:12 -0600] "GET /images/global.png HTTP/1.1" 200 5737 "-" "msnbot-media/1.1 (+http://search.msn.com/msnbot.htm)"
66.249.73.216 - - [26/Dec/2013:14:55:33 -0600] "GET /pdf/Operation%20Wings%20of%20Hope.pdf HTTP/1.1" 304 - "-" "Mozilla/5.0 (compatible; Googlebot/2.1; +http://www.google.com/bot.html)"
66.249.73.53 - - [26/Dec/2013:15:19:50 -0600] "GET /events.php HTTP/1.1" 200 6407 "-" "Mozilla/5.0 (iPhone; CPU iPhone OS 6_0 like Mac OS X) AppleWebKit/536.26 (KHTML, like Gecko) Version/6.0 Mobile/10A5376e Safari/8536.25 (compatible; Googlebot-Mobile/2.1; +http://www.google.com/bot.html)"
66.249.73.53 - - [26/Dec/2013:15:24:00 -0600] "GET /events/carousel_11/css/style.css HTTP/1.1" 200 1149 "-" "Mozilla/5.0 (compatible; Googlebot/2.1; +http://www.google.com/bot.html)"
66.249.73.53 - - [26/Dec/2013:15:24:01 -0600] "GET /events/vet_picnic/css/style.css HTTP/1.1" 200 1149 "-" "Mozilla/5.0 (compatible; Googlebot/2.1; +http://www.google.com/bot.html)"
66.249.73.53 - - [26/Dec/2013:15:24:04 -0600] "GET /events/ermy_event/css/style.css HTTP/1.1" 200 1149 "-" "Mozilla/5.0 (compatible; Googlebot/2.1; +http://www.google.com/bot.html)"
66.249.73.216 - - [26/Dec/2013:15:38:49 -0600] "GET /pdf/ready_set_go.pdf HTTP/1.1" 304 - "-" "Mozilla/5.0 (compatible; Googlebot/2.1; +http://www.google.com/bot.html)"
66.249.73.216 - - [26/Dec/2013:16:23:05 -0600] "GET /events/bbq/va_bbq.html HTTP/1.1" 304 - "-" "Mozilla/5.0 (compatible; Googlebot/2.1; +http://www.google.com/bot.html)"
66.249.73.216 - - [26/Dec/2013:17:19:15 -0600] "GET /donate.php HTTP/1.1" 200 11699 "-" "Mozilla/5.0 (compatible; Googlebot/2.1; +http://www.google.com/bot.html)"
220.181.89.245 - - [26/Dec/2013:17:21:23 -0600] "GET /robots.txt HTTP/1.1" 404 - "-" "Sogou web spider/4.0(+http://www.sogou.com/docs/help/webmasters.htm#07)"
220.181.89.245 - - [26/Dec/2013:17:21:27 -0600] "GET / HTTP/1.1" 200 10635 "-" "Sogou web spider/4.0(+http://www.sogou.com/docs/help/webmasters.htm#07)"
46.229.160.208 - - [26/Dec/2013:17:48:31 -0600] "GET /pdf/2013%20Salute%20Armed%20Forces.pdf HTTP/1.1" 200 1749455 "-" "Mozilla/4.0 (compatible; MSIE 7.0; Windows NT 6.0; SLCC1; .NET CLR 2.0.50727; .NET CLR 3.0.04506)"
66.249.73.216 - - [26/Dec/2013:17:55:10 -0600] "GET /pdf/2013%20Salute%20Armed%20Forces.pdf HTTP/1.1" 304 - "-" "Mozilla/5.0 (compatible; Googlebot/2.1; +http://www.google.com/bot.html)"
66.249.73.216 - - [26/Dec/2013:18:12:16 -0600] "GET / HTTP/1.1" 200 10635 "-" "DoCoMo/2.0 N905i(c100;TB;W24H16) (compatible; Googlebot-Mobile/2.1; +http://www.google.com/bot.html)"
180.76.5.196 - - [26/Dec/2013:18:15:15 -0600] "GET /pdf/WAwillvetsFINAL.pdf HTTP/1.1" 200 4202968 "-" "Mozilla/5.0 (Windows NT 5.1; rv:6.0.2) Gecko/20100101 Firefox/6.0.2"
149.210.156.61 - - [26/Dec/2013:19:58:58 -0600] "GET /java_for_joes/index.html HTTP/1.1" 404 - "-" "Mozilla/5.0 (X11; Ubuntu; Linux x86_64; rv:20.0) Gecko/20100101 Firefox/20.0"
66.90.112.155 - - [26/Dec/2013:20:19:52 -0600] "GET /contact.php' HTTP/1.1" 404 - "-" "Mozila/4.0 (compatible; MSIE 6.0; Windows NT 5.1;)"
101.227.4.27 - - [26/Dec/2013:21:14:19 -0600] "GET /robots.txt HTTP/1.1" 404 - "-" "Mozilla/5.0 ()"
101.227.4.27 - - [26/Dec/2013:21:14:21 -0600] "HEAD /java_for_joes/index.html HTTP/1.1" 404 - "-" "Mozilla/5.0 (compatible; YYSpider; +http://www.yunyun.com/spider.html)"
101.227.4.27 - - [26/Dec/2013:21:14:21 -0600] "GET /java_for_joes/index.html HTTP/1.1" 404 - "-" "Mozilla/5.0 (compatible; YYSpider; +http://www.yunyun.com/spider.html)"
66.249.73.53 - - [26/Dec/2013:21:57:52 -0600] "GET /aboutus.php HTTP/1.1" 200 11667 "-" "Mozilla/5.0 (iPhone; CPU iPhone OS 6_0 like Mac OS X) AppleWebKit/536.26 (KHTML, like Gecko) Version/6.0 Mobile/10A5376e Safari/8536.25 (compatible; Googlebot-Mobile/2.1; +http://www.google.com/bot.html)"
65.55.215.43 - - [26/Dec/2013:23:36:10 -0600] "GET /robots.txt HTTP/1.1" 404 - "-" "msnbot-media/1.1 (+http://search.msn.com/msnbot.htm)"
65.55.215.43 - - [26/Dec/2013:23:36:10 -0600] "GET /images/global.png HTTP/1.1" 200 5737 "-" "msnbot-media/1.1 (+http://search.msn.com/msnbot.htm)"
180.76.6.136 - - [26/Dec/2013:23:52:24 -0600] "GET /pdf/OSH%20Freedom%20Fridays%20Flyer%20w-back.pdf HTTP/1.1" 200 1146408 "-" "Mozilla/5.0 (compatible; Baiduspider/2.0; +http://www.baidu.com/search/spider.html)"
66.249.73.216 - - [26/Dec/2013:23:59:19 -0600] "GET /robots.txt HTTP/1.1" 404 - "-" "Mozilla/5.0 (compatible; Googlebot/2.1; +http://www.google.com/bot.html)"
66.249.73.216 - - [26/Dec/2013:23:59:20 -0600] "GET /contact.php HTTP/1.1" 200 10519 "-" "Mozilla/5.0 (compatible; Googlebot/2.1; +http://www.google.com/bot.html)"
77.75.73.32 - - [27/Dec/2013:00:10:02 -0600] "GET /robots.txt HTTP/1.1" 404 - "-" "SeznamBot/3.0 (+http://fulltext.sblog.cz/)"
77.75.73.32 - - [27/Dec/2013:00:10:04 -0600] "GET /events.php HTTP/1.1" 200 6407 "-" "SeznamBot/3.0 (+http://fulltext.sblog.cz/)"
66.249.73.53 - - [27/Dec/2013:00:39:41 -0600] "GET /robots.txt HTTP/1.1" 404 - "-" "Mozilla/5.0 (compatible; Googlebot/2.1; +http://www.google.com/bot.html)"
66.249.73.53 - - [27/Dec/2013:00:39:41 -0600] "GET /index.php HTTP/1.1" 200 10635 "-" "Mozilla/5.0 (compatible; Googlebot/2.1; +http://www.google.com/bot.html)"
66.249.73.53 - - [27/Dec/2013:00:53:06 -0600] "GET /resources.php HTTP/1.1" 200 10398 "-" "Mozilla/5.0 (compatible; Googlebot/2.1; +http://www.google.com/bot.html)"
66.249.73.53 - - [27/Dec/2013:02:11:08 -0600] "GET /slider/css/style.css HTTP/1.1" 200 1379 "-" "Mozilla/5.0 (compatible; Googlebot/2.1; +http://www.google.com/bot.html)"
157.56.93.94 - - [27/Dec/2013:02:46:26 -0600] "GET /robots.txt HTTP/1.1" 404 - "-" "Mozilla/5.0 (compatible; bingbot/2.0; +http://www.bing.com/bingbot.htm)"
157.56.93.94 - - [27/Dec/2013:02:47:07 -0600] "GET / HTTP/1.1" 200 10635 "-" "Mozilla/5.0 (compatible; bingbot/2.0; +http://www.bing.com/bingbot.htm)"
66.249.73.53 - - [27/Dec/2013:03:12:23 -0600] "GET /donate.php HTTP/1.1" 200 11699 "-" "Mozilla/5.0 (iPhone; CPU iPhone OS 6_0 like Mac OS X) AppleWebKit/536.26 (KHTML, like Gecko) Version/6.0 Mobile/10A5376e Safari/8536.25 (compatible; Googlebot-Mobile/2.1; +http://www.google.com/bot.html)"
66.249.73.53 - - [27/Dec/2013:03:14:40 -0600] "GET /css/slide.css HTTP/1.1" 200 2869 "-" "Mozilla/5.0 (compatible; Googlebot/2.1; +http://www.google.com/bot.html)"
66.249.73.53 - - [27/Dec/2013:03:14:42 -0600] "GET /css/global.css HTTP/1.1" 200 13951 "-" "Mozilla/5.0 (compatible; Googlebot/2.1; +http://www.google.com/bot.html)"
66.249.73.53 - - [27/Dec/2013:03:14:43 -0600] "GET /css/footer.css HTTP/1.1" 200 752 "-" "Mozilla/5.0 (compatible; Googlebot/2.1; +http://www.google.com/bot.html)"
66.249.73.53 - - [27/Dec/2013:03:14:44 -0600] "GET /css/style_global.css HTTP/1.1" 200 2621 "-" "Mozilla/5.0 (compatible; Googlebot/2.1; +http://www.google.com/bot.html)"
66.249.73.216 - - [27/Dec/2013:03:17:55 -0600] "GET /business.php HTTP/1.1" 200 10813 "-" "Mozilla/5.0 (iPhone; CPU iPhone OS 6_0 like Mac OS X) AppleWebKit/536.26 (KHTML, like Gecko) Version/6.0 Mobile/10A5376e Safari/8536.25 (compatible; Googlebot-Mobile/2.1; +http://www.google.com/bot.html)"
178.122.3.158 - - [27/Dec/2013:03:50:39 -0600] "GET / HTTP/1.1" 200 10635 "http://operationspokaneheroes.org/" "Mozilla/5.0 (Macintosh; Intel Mac OS X 10.8; rv:22.0) Gecko/20100101 Firefox/22.0"
178.122.3.158 - - [27/Dec/2013:03:50:46 -0600] "GET /wordpress HTTP/1.1" 404 - "http://operationspokaneheroes.org/wordpress" "Mozilla/5.0 (Macintosh; Intel Mac OS X 10.8; rv:22.0) Gecko/20100101 Firefox/22.0"
178.122.3.158 - - [27/Dec/2013:03:50:58 -0600] "GET /wp HTTP/1.1" 404 - "http://operationspokaneheroes.org/wp" "Mozilla/5.0 (Macintosh; Intel Mac OS X 10.8; rv:22.0) Gecko/20100101 Firefox/22.0"
178.122.3.158 - - [27/Dec/2013:03:51:07 -0600] "GET /joomla HTTP/1.1" 404 - "http://operationspokaneheroes.org/joomla" "Mozilla/5.0 (Macintosh; Intel Mac OS X 10.8; rv:22.0) Gecko/20100101 Firefox/22.0"
178.122.3.158 - - [27/Dec/2013:03:51:12 -0600] "GET /drupal HTTP/1.1" 404 - "http://operationspokaneheroes.org/drupal" "Mozilla/5.0 (Macintosh; Intel Mac OS X 10.8; rv:22.0) Gecko/20100101 Firefox/22.0"
178.123.49.122 - - [27/Dec/2013:03:51:36 -0600] "GET /blog HTTP/1.1" 404 - "http://operationspokaneheroes.org/blog" "Mozilla/5.0 (Macintosh; Intel Mac OS X 10.8; rv:22.0) Gecko/20100101 Firefox/22.0"
178.122.3.158 - - [27/Dec/2013:03:51:19 -0600] "GET /blog HTTP/1.1" 404 - "http://operationspokaneheroes.org/blog" "Mozilla/5.0 (Macintosh; Intel Mac OS X 10.8; rv:22.0) Gecko/20100101 Firefox/22.0"
37.53.255.108 - - [27/Dec/2013:03:52:27 -0600] "GET /blog HTTP/1.1" 404 - "http://operationspokaneheroes.org/blog" "Mozilla/5.0 (Macintosh; Intel Mac OS X 10.8; rv:22.0) Gecko/20100101 Firefox/22.0"
66.249.73.53 - - [27/Dec/2013:04:59:28 -0600] "GET /donate.php HTTP/1.1" 200 11699 "-" "Mozilla/5.0 (compatible; Googlebot/2.1; +http://www.google.com/bot.html)"
131.253.24.10 - - [27/Dec/2013:05:16:09 -0600] "GET /robots.txt HTTP/1.1" 404 - "-" "msnbot-media/1.1 (+http://search.msn.com/msnbot.htm)"
131.253.24.10 - - [27/Dec/2013:05:16:10 -0600] "GET /images/contacticon.png HTTP/1.1" 200 4499 "-" "msnbot-media/1.1 (+http://search.msn.com/msnbot.htm)"
202.46.55.36 - - [27/Dec/2013:05:34:32 -0600] "GET / HTTP/1.1" 200 10455 "-" "Mozilla/4.0 (compatible; MSIE 7.0; Windows NT 6.0)"
119.63.193.194 - - [27/Dec/2013:05:36:39 -0600] "GET / HTTP/1.1" 200 10455 "-" "Mozilla/4.0 (compatible; MSIE 7.0; Windows NT 6.0)"
162.243.146.199 - - [27/Dec/2013:06:15:40 -0600] "GET / HTTP/1.1" 200 10635 "-" "Wget/1.13.4 (linux-gnu)"
199.21.99.103 - - [27/Dec/2013:06:41:15 -0600] "GET /robots.txt HTTP/1.1" 404 - "-" "Mozilla/5.0 (compatible; YandexBot/3.0; +http://yandex.com/bots)"
199.21.99.103 - - [27/Dec/2013:06:41:16 -0600] "GET /robots.txt HTTP/1.1" 404 - "-" "Mozilla/5.0 (compatible; YandexBot/3.0; +http://yandex.com/bots)"
199.21.99.103 - - [27/Dec/2013:06:41:18 -0600] "GET / HTTP/1.1" 200 10635 "-" "Mozilla/5.0 (compatible; YandexBot/3.0; +http://yandex.com/bots)"
199.21.99.103 - - [27/Dec/2013:06:41:18 -0600] "GET / HTTP/1.1" 200 10635 "-" "Mozilla/5.0 (compatible; YandexBot/3.0; +http://yandex.com/bots)"
199.21.99.103 - - [27/Dec/2013:06:41:24 -0600] "GET / HTTP/1.1" 200 10635 "-" "Mozilla/5.0 (compatible; YandexBot/3.0; +http://yandex.com/bots)"
199.21.99.103 - - [27/Dec/2013:06:41:26 -0600] "GET / HTTP/1.1" 200 10635 "-" "Mozilla/5.0 (compatible; YandexBot/3.0; +http://yandex.com/bots)"
74.52.245.146 - - [27/Dec/2013:07:08:55 -0600] "GET / HTTP/1.0" 200 10635 "-" "Mozilla/5.0 (X11; U; Linux i686; en-US; rv:1.7.5) Gecko/20041107 Firefox/1.0"
157.55.35.81 - - [27/Dec/2013:07:12:05 -0600] "GET /robots.txt HTTP/1.1" 404 - "-" "Mozilla/5.0 (compatible; bingbot/2.0; +http://www.bing.com/bingbot.htm)"
157.55.35.81 - - [27/Dec/2013:07:15:20 -0600] "GET /benefits.php HTTP/1.1" 404 - "-" "Mozilla/5.0 (compatible; bingbot/2.0; +http://www.bing.com/bingbot.htm)"
208.115.111.70 - - [27/Dec/2013:07:19:14 -0600] "GET /robots.txt HTTP/1.1" 404 - "-" "Mozilla/5.0 (compatible; Ezooms/1.0; help@moz.com)"
208.115.111.70 - - [27/Dec/2013:08:40:47 -0600] "GET /aboutus.php HTTP/1.1" 200 11667 "-" "Mozilla/5.0 (compatible; Ezooms/1.0; help@moz.com)"
66.249.74.41 - - [27/Dec/2013:10:08:57 -0600] "GET /robots.txt HTTP/1.1" 404 - "-" "Mozilla/5.0 (compatible; Googlebot/2.1; +http://www.google.com/bot.html)"
66.249.74.41 - - [27/Dec/2013:10:08:57 -0600] "GET /events.php HTTP/1.1" 200 6407 "-" "Mozilla/5.0 (compatible; Googlebot/2.1; +http://www.google.com/bot.html)"
173.203.60.237 - - [27/Dec/2013:10:31:00 -0600] "GET / HTTP/1.1" 200 10635 "-" "Mozilla/5.0 (Windows NT 5.1; rv:24.0) Gecko/20100101 Firefox/24.0"
