67.185.70.78 - - [07/Feb/2013:16:56:59 -0600] "GET /css/style_global.css HTTP/1.1" 200 2621 "http://www.operationspokaneheroes.org/_inc/slide.php" "Mozilla/5.0 (compatible; MSIE 9.0; Windows NT 6.1; WOW64; Trident/5.0)"
67.185.70.78 - - [07/Feb/2013:16:56:59 -0600] "GET /images/slder2.png HTTP/1.1" 200 32853 "http://www.operationspokaneheroes.org/slider/index.html" "Mozilla/5.0 (compatible; MSIE 9.0; Windows NT 6.1; WOW64; Trident/5.0)"
67.185.70.78 - - [07/Feb/2013:16:56:59 -0600] "GET /images/imagslider-1.png HTTP/1.1" 200 67116 "http://www.operationspokaneheroes.org/slider/index.html" "Mozilla/5.0 (compatible; MSIE 9.0; Windows NT 6.1; WOW64; Trident/5.0)"
67.185.70.78 - - [07/Feb/2013:16:56:59 -0600] "GET /images/bg2.jpg HTTP/1.1" 200 55206 "http://www.operationspokaneheroes.org/" "Mozilla/5.0 (compatible; MSIE 9.0; Windows NT 6.1; WOW64; Trident/5.0)"
67.185.70.78 - - [07/Feb/2013:16:56:59 -0600] "GET /slider/js/jquery-1.2.6.js HTTP/1.1" 200 100196 "http://www.operationspokaneheroes.org/slider/index.html" "Mozilla/5.0 (compatible; MSIE 9.0; Windows NT 6.1; WOW64; Trident/5.0)"
67.185.70.78 - - [07/Feb/2013:16:56:59 -0600] "GET /slider/images/slider-bg.jpg HTTP/1.1" 200 3447 "http://www.operationspokaneheroes.org/slider/index.html" "Mozilla/5.0 (compatible; MSIE 9.0; Windows NT 6.1; WOW64; Trident/5.0)"
67.185.70.78 - - [07/Feb/2013:16:56:58 -0600] "GET /images/logo.png HTTP/1.1" 200 226129 "http://www.operationspokaneheroes.org/" "Mozilla/5.0 (compatible; MSIE 9.0; Windows NT 6.1; WOW64; Trident/5.0)"
67.185.70.78 - - [07/Feb/2013:16:56:59 -0600] "GET /js/combined.js HTTP/1.1" 200 169946 "http://www.operationspokaneheroes.org/_inc/slide.php" "Mozilla/5.0 (compatible; MSIE 9.0; Windows NT 6.1; WOW64; Trident/5.0)"
67.185.70.78 - - [07/Feb/2013:16:57:00 -0600] "GET /assets/images/btn_main_search_hover.png HTTP/1.1" 404 - "http://www.operationspokaneheroes.org/_inc/slide.php" "Mozilla/5.0 (compatible; MSIE 9.0; Windows NT 6.1; WOW64; Trident/5.0)"
67.185.70.78 - - [07/Feb/2013:16:57:00 -0600] "GET /assets/images/btn_top_search_hover.png HTTP/1.1" 404 - "http://www.operationspokaneheroes.org/_inc/slide.php" "Mozilla/5.0 (compatible; MSIE 9.0; Windows NT 6.1; WOW64; Trident/5.0)"
67.185.70.78 - - [07/Feb/2013:16:57:00 -0600] "GET /images/mission_statement_bg.png HTTP/1.1" 200 11413 "http://www.operationspokaneheroes.org/_inc/slide.php" "Mozilla/5.0 (compatible; MSIE 9.0; Windows NT 6.1; WOW64; Trident/5.0)"
173.252.100.116 - - [07/Feb/2013:16:57:00 -0600] "HEAD /images/contacticon.png HTTP/1.1" 200 - "-" "facebookexternalhit/1.1 (+http://www.facebook.com/externalhit_uatext.php)"
173.252.100.116 - - [07/Feb/2013:16:57:00 -0600] "HEAD /images/global.png HTTP/1.1" 200 - "-" "facebookexternalhit/1.1 (+http://www.facebook.com/externalhit_uatext.php)"
173.252.100.114 - - [07/Feb/2013:16:57:00 -0600] "HEAD /images/facebook.png HTTP/1.1" 200 - "-" "facebookexternalhit/1.1 (+http://www.facebook.com/externalhit_uatext.php)"
173.252.100.112 - - [07/Feb/2013:16:57:00 -0600] "HEAD /images/logo.png HTTP/1.1" 200 - "-" "facebookexternalhit/1.1 (+http://www.facebook.com/externalhit_uatext.php)"
67.185.70.78 - - [07/Feb/2013:16:57:00 -0600] "GET /images/we_believe.png HTTP/1.1" 200 1785 "http://www.operationspokaneheroes.org/_inc/slide.php" "Mozilla/5.0 (compatible; MSIE 9.0; Windows NT 6.1; WOW64; Trident/5.0)"
67.185.70.78 - - [07/Feb/2013:16:57:00 -0600] "GET /images/we_strive.png HTTP/1.1" 200 1981 "http://www.operationspokaneheroes.org/_inc/slide.php" "Mozilla/5.0 (compatible; MSIE 9.0; Windows NT 6.1; WOW64; Trident/5.0)"
67.185.70.78 - - [07/Feb/2013:16:57:00 -0600] "GET /images/we_need.png HTTP/1.1" 200 2138 "http://www.operationspokaneheroes.org/_inc/slide.php" "Mozilla/5.0 (compatible; MSIE 9.0; Windows NT 6.1; WOW64; Trident/5.0)"
67.185.70.78 - - [07/Feb/2013:16:57:00 -0600] "GET /images/we_help.png HTTP/1.1" 200 1514 "http://www.operationspokaneheroes.org/_inc/slide.php" "Mozilla/5.0 (compatible; MSIE 9.0; Windows NT 6.1; WOW64; Trident/5.0)"
67.185.70.78 - - [07/Feb/2013:16:57:00 -0600] "GET /images/3.jpg HTTP/1.1" 200 240733 "http://www.operationspokaneheroes.org/_inc/slide.php" "Mozilla/5.0 (compatible; MSIE 9.0; Windows NT 6.1; WOW64; Trident/5.0)"
67.185.70.78 - - [07/Feb/2013:16:57:00 -0600] "GET /favicon.ico HTTP/1.1" 404 - "-" "Mozilla/5.0 (compatible; MSIE 9.0; Windows NT 6.1; WOW64; Trident/5.0)"
67.185.70.78 - - [07/Feb/2013:16:57:00 -0600] "GET /images/1.jpg HTTP/1.1" 200 142489 "http://www.operationspokaneheroes.org/_inc/slide.php" "Mozilla/5.0 (compatible; MSIE 9.0; Windows NT 6.1; WOW64; Trident/5.0)"
67.185.70.78 - - [07/Feb/2013:16:57:00 -0600] "GET /images/4.jpg HTTP/1.1" 200 186934 "http://www.operationspokaneheroes.org/_inc/slide.php" "Mozilla/5.0 (compatible; MSIE 9.0; Windows NT 6.1; WOW64; Trident/5.0)"
67.185.70.78 - - [07/Feb/2013:16:57:00 -0600] "GET /images/2.jpg HTTP/1.1" 200 170993 "http://www.operationspokaneheroes.org/_inc/slide.php" "Mozilla/5.0 (compatible; MSIE 9.0; Windows NT 6.1; WOW64; Trident/5.0)"
173.252.103.1 - - [07/Feb/2013:16:57:02 -0600] "GET /images/logo.png HTTP/1.1" 200 226129 "-" "facebookexternalhit/1.1 (+http://www.facebook.com/externalhit_uatext.php)"
67.185.70.78 - - [07/Feb/2013:16:58:26 -0600] "GET /contact.php HTTP/1.1" 200 10519 "http://www.operationspokaneheroes.org/" "Mozilla/5.0 (compatible; MSIE 9.0; Windows NT 6.1; WOW64; Trident/5.0)"
67.185.70.78 - - [07/Feb/2013:16:58:26 -0600] "GET /_inc/slide.php HTTP/1.1" 200 3205 "http://www.operationspokaneheroes.org/contact.php" "Mozilla/5.0 (compatible; MSIE 9.0; Windows NT 6.1; WOW64; Trident/5.0)"
67.185.70.78 - - [07/Feb/2013:16:58:27 -0600] "GET /_inc/contact.php HTTP/1.1" 200 756 "http://www.operationspokaneheroes.org/contact.php" "Mozilla/5.0 (compatible; MSIE 9.0; Windows NT 6.1; WOW64; Trident/5.0)"
67.185.70.78 - - [07/Feb/2013:16:58:27 -0600] "GET /assets/images/btn_top_search_hover.png HTTP/1.1" 404 - "http://www.operationspokaneheroes.org/_inc/slide.php" "Mozilla/5.0 (compatible; MSIE 9.0; Windows NT 6.1; WOW64; Trident/5.0)"
67.185.70.78 - - [07/Feb/2013:16:58:27 -0600] "GET /assets/images/btn_main_search_hover.png HTTP/1.1" 404 - "http://www.operationspokaneheroes.org/_inc/slide.php" "Mozilla/5.0 (compatible; MSIE 9.0; Windows NT 6.1; WOW64; Trident/5.0)"
67.185.70.78 - - [07/Feb/2013:16:58:27 -0600] "GET /css/contact_style.css HTTP/1.1" 200 843 "http://www.operationspokaneheroes.org/_inc/contact.php" "Mozilla/5.0 (compatible; MSIE 9.0; Windows NT 6.1; WOW64; Trident/5.0)"
67.185.70.78 - - [07/Feb/2013:16:58:27 -0600] "GET /favicon.ico HTTP/1.1" 404 - "-" "Mozilla/5.0 (compatible; MSIE 9.0; Windows NT 6.1; WOW64; Trident/5.0)"
184.169.191.67 - - [07/Feb/2013:17:18:03 -0600] "GET /robots.txt HTTP/1.0" 404 - "-" "Web front page analyser. robots.txt complaint (norw.acd.inst@gmail.com)"
184.169.191.67 - - [07/Feb/2013:17:18:08 -0600] "GET / HTTP/1.0" 200 10513 "-" "-"
66.249.73.188 - - [07/Feb/2013:17:37:18 -0600] "GET /robots.txt HTTP/1.1" 404 - "-" "Mozilla/5.0 (compatible; Googlebot/2.1; +http://www.google.com/bot.html)"
66.249.73.188 - - [07/Feb/2013:17:37:18 -0600] "GET / HTTP/1.1" 200 10513 "-" "Mozilla/5.0 (iPhone; U; CPU iPhone OS 4_1 like Mac OS X; en-us) AppleWebKit/532.9 (KHTML, like Gecko) Version/4.0.5 Mobile/8B117 Safari/6531.22.7 (compatible; Googlebot-Mobile/2.1; +http://www.google.com/bot.html)"
66.249.73.188 - - [07/Feb/2013:17:39:39 -0600] "GET /slider/js/startstop-slider.js HTTP/1.1" 200 1737 "-" "Mozilla/5.0 (compatible; Googlebot/2.1; +http://www.google.com/bot.html)"
66.249.73.188 - - [07/Feb/2013:17:39:43 -0600] "GET /css/slide.css HTTP/1.1" 200 2869 "-" "Mozilla/5.0 (compatible; Googlebot/2.1; +http://www.google.com/bot.html)"
66.249.73.188 - - [07/Feb/2013:17:39:46 -0600] "GET /css/footer.css HTTP/1.1" 200 752 "-" "Mozilla/5.0 (compatible; Googlebot/2.1; +http://www.google.com/bot.html)"
66.249.73.188 - - [07/Feb/2013:17:39:48 -0600] "GET /css/style_global.css HTTP/1.1" 200 2621 "-" "Mozilla/5.0 (compatible; Googlebot/2.1; +http://www.google.com/bot.html)"
66.249.73.188 - - [07/Feb/2013:17:39:50 -0600] "GET /slider/index.html HTTP/1.1" 200 1496 "-" "Mozilla/5.0 (compatible; Googlebot/2.1; +http://www.google.com/bot.html)"
66.249.73.188 - - [07/Feb/2013:17:39:52 -0600] "GET /slider/css/style.css HTTP/1.1" 200 1382 "-" "Mozilla/5.0 (compatible; Googlebot/2.1; +http://www.google.com/bot.html)"
66.249.73.188 - - [07/Feb/2013:17:39:54 -0600] "GET /slider/js/jquery-1.2.6.js HTTP/1.1" 200 100196 "-" "Mozilla/5.0 (compatible; Googlebot/2.1; +http://www.google.com/bot.html)"
69.58.178.57 - - [07/Feb/2013:18:25:09 -0600] "GET /robots.txt HTTP/1.1" 404 - "-" "Mozilla/5.0 (X11; Ubuntu; Linux i686; rv:14.0; ips-agent) Gecko/20100101 Firefox/14.0.1"
69.58.178.57 - - [07/Feb/2013:18:25:10 -0600] "GET / HTTP/1.1" 200 10513 "-" "Mozilla/5.0 (X11; Ubuntu; Linux i686; rv:14.0; ips-agent) Gecko/20100101 Firefox/14.0.1"
69.58.178.57 - - [07/Feb/2013:18:25:11 -0600] "GET / HTTP/1.1" 200 10513 "-" "BlackBerry9000/4.6.0.167 Profile/MIDP-2.0 Configuration/CLDC-1.1 VendorID/102 ips-agent"
69.58.178.57 - - [07/Feb/2013:18:25:13 -0600] "GET /aboutus.php HTTP/1.1" 200 11667 "-" "Mozilla/5.0 (X11; Ubuntu; Linux i686; rv:14.0; ips-agent) Gecko/20100101 Firefox/14.0.1"
69.58.178.57 - - [07/Feb/2013:18:25:14 -0600] "GET /contact.php HTTP/1.1" 200 10519 "-" "Mozilla/5.0 (X11; Ubuntu; Linux i686; rv:14.0; ips-agent) Gecko/20100101 Firefox/14.0.1"
69.58.178.57 - - [07/Feb/2013:18:25:15 -0600] "GET /index.php HTTP/1.1" 200 10513 "-" "Mozilla/5.0 (X11; Ubuntu; Linux i686; rv:14.0; ips-agent) Gecko/20100101 Firefox/14.0.1"
69.58.178.57 - - [07/Feb/2013:18:25:16 -0600] "GET /donate.php HTTP/1.1" 200 11699 "-" "Mozilla/5.0 (X11; Ubuntu; Linux i686; rv:14.0; ips-agent) Gecko/20100101 Firefox/14.0.1"
69.58.178.57 - - [07/Feb/2013:18:25:18 -0600] "GET /business.php HTTP/1.1" 200 10813 "-" "Mozilla/5.0 (X11; Ubuntu; Linux i686; rv:14.0; ips-agent) Gecko/20100101 Firefox/14.0.1"
69.58.178.57 - - [07/Feb/2013:18:25:19 -0600] "GET /calendar.php HTTP/1.1" 200 10709 "-" "Mozilla/5.0 (X11; Ubuntu; Linux i686; rv:14.0; ips-agent) Gecko/20100101 Firefox/14.0.1"
69.58.178.57 - - [07/Feb/2013:18:25:20 -0600] "GET /events.php HTTP/1.1" 200 6407 "-" "Mozilla/5.0 (X11; Ubuntu; Linux i686; rv:14.0; ips-agent) Gecko/20100101 Firefox/14.0.1"
69.58.178.57 - - [07/Feb/2013:18:25:21 -0600] "GET /_inc/slide.php HTTP/1.1" 200 3205 "-" "Mozilla/5.0 (X11; Ubuntu; Linux i686; rv:14.0; ips-agent) Gecko/20100101 Firefox/14.0.1"
69.58.178.57 - - [07/Feb/2013:18:25:23 -0600] "GET /slider/index.html HTTP/1.1" 200 1496 "-" "Mozilla/5.0 (X11; Ubuntu; Linux i686; rv:14.0; ips-agent) Gecko/20100101 Firefox/14.0.1"
180.76.5.62 - - [07/Feb/2013:19:47:45 -0600] "GET /a HTTP/1.1" 404 - "-" "Mozilla/5.0 (compatible; Baiduspider/2.0; +http://www.baidu.com/search/spider.html)"
206.225.82.64 - - [08/Feb/2013:01:45:41 -0600] "GET / HTTP/1.1" 200 10513 "-" "Mozilla/5.0 (compatible; MSIE 9.0; Windows NT 6.1; WOW64; Trident/5.0)"
206.225.82.64 - - [08/Feb/2013:01:45:41 -0600] "GET /css/global.css HTTP/1.1" 200 13951 "http://operationspokaneheroes.org/" "Mozilla/5.0 (compatible; MSIE 9.0; Windows NT 6.1; WOW64; Trident/5.0)"
206.225.82.64 - - [08/Feb/2013:01:45:41 -0600] "GET /images/contacticon.png HTTP/1.1" 200 4499 "http://operationspokaneheroes.org/" "Mozilla/5.0 (compatible; MSIE 9.0; Windows NT 6.1; WOW64; Trident/5.0)"
206.225.82.64 - - [08/Feb/2013:01:45:41 -0600] "GET /images/global.png HTTP/1.1" 200 5737 "http://operationspokaneheroes.org/" "Mozilla/5.0 (compatible; MSIE 9.0; Windows NT 6.1; WOW64; Trident/5.0)"
206.225.82.64 - - [08/Feb/2013:01:45:41 -0600] "GET /images/facebook.png HTTP/1.1" 200 5004 "http://operationspokaneheroes.org/" "Mozilla/5.0 (compatible; MSIE 9.0; Windows NT 6.1; WOW64; Trident/5.0)"
206.225.82.64 - - [08/Feb/2013:01:45:41 -0600] "GET /css/footer.css HTTP/1.1" 200 752 "http://operationspokaneheroes.org/" "Mozilla/5.0 (compatible; MSIE 9.0; Windows NT 6.1; WOW64; Trident/5.0)"
206.225.82.64 - - [08/Feb/2013:01:45:41 -0600] "GET /_inc/slide.php HTTP/1.1" 200 3205 "http://operationspokaneheroes.org/" "Mozilla/5.0 (compatible; MSIE 9.0; Windows NT 6.1; WOW64; Trident/5.0)"
206.225.82.64 - - [08/Feb/2013:01:45:41 -0600] "GET /images/logo.png HTTP/1.1" 200 226129 "http://operationspokaneheroes.org/" "Mozilla/5.0 (compatible; MSIE 9.0; Windows NT 6.1; WOW64; Trident/5.0)"
206.225.82.64 - - [08/Feb/2013:01:45:41 -0600] "GET /slider/index.html HTTP/1.1" 200 1496 "http://operationspokaneheroes.org/" "Mozilla/5.0 (compatible; MSIE 9.0; Windows NT 6.1; WOW64; Trident/5.0)"
206.225.82.64 - - [08/Feb/2013:01:45:41 -0600] "GET /mainbk.png HTTP/1.1" 200 290 "http://operationspokaneheroes.org/" "Mozilla/5.0 (compatible; MSIE 9.0; Windows NT 6.1; WOW64; Trident/5.0)"
206.225.82.64 - - [08/Feb/2013:01:45:41 -0600] "GET /images/nav2.jpg HTTP/1.1" 200 4444 "http://operationspokaneheroes.org/" "Mozilla/5.0 (compatible; MSIE 9.0; Windows NT 6.1; WOW64; Trident/5.0)"
206.225.82.64 - - [08/Feb/2013:01:45:41 -0600] "GET /images/bg2.jpg HTTP/1.1" 200 55206 "http://operationspokaneheroes.org/" "Mozilla/5.0 (compatible; MSIE 9.0; Windows NT 6.1; WOW64; Trident/5.0)"
206.225.82.64 - - [08/Feb/2013:01:45:45 -0600] "GET /css/slide.css HTTP/1.1" 200 2869 "http://operationspokaneheroes.org/_inc/slide.php" "Mozilla/5.0 (compatible; MSIE 9.0; Windows NT 6.1; WOW64; Trident/5.0)"
206.225.82.64 - - [08/Feb/2013:01:45:47 -0600] "GET /css/style_global.css HTTP/1.1" 200 2621 "http://operationspokaneheroes.org/_inc/slide.php" "Mozilla/5.0 (compatible; MSIE 9.0; Windows NT 6.1; WOW64; Trident/5.0)"
206.225.82.64 - - [08/Feb/2013:01:45:49 -0600] "GET /js/combined.js HTTP/1.1" 200 169946 "http://operationspokaneheroes.org/_inc/slide.php" "Mozilla/5.0 (compatible; MSIE 9.0; Windows NT 6.1; WOW64; Trident/5.0)"
206.225.82.64 - - [08/Feb/2013:01:45:51 -0600] "GET /slider/css/style.css HTTP/1.1" 200 1382 "http://operationspokaneheroes.org/slider/index.html" "Mozilla/5.0 (compatible; MSIE 9.0; Windows NT 6.1; WOW64; Trident/5.0)"
206.225.82.64 - - [08/Feb/2013:01:45:53 -0600] "GET /slider/js/jquery-1.2.6.js HTTP/1.1" 200 100196 "http://operationspokaneheroes.org/slider/index.html" "Mozilla/5.0 (compatible; MSIE 9.0; Windows NT 6.1; WOW64; Trident/5.0)"
206.225.82.64 - - [08/Feb/2013:01:45:53 -0600] "GET /images/slder2.png HTTP/1.1" 200 32853 "http://operationspokaneheroes.org/slider/index.html" "Mozilla/5.0 (compatible; MSIE 9.0; Windows NT 6.1; WOW64; Trident/5.0)"
206.225.82.64 - - [08/Feb/2013:01:45:53 -0600] "GET /slider/js/startstop-slider.js HTTP/1.1" 200 1737 "http://operationspokaneheroes.org/slider/index.html" "Mozilla/5.0 (compatible; MSIE 9.0; Windows NT 6.1; WOW64; Trident/5.0)"
206.225.82.64 - - [08/Feb/2013:01:45:53 -0600] "GET /assets/images/btn_top_search_hover.png HTTP/1.1" 404 - "http://operationspokaneheroes.org/_inc/slide.php" "Mozilla/5.0 (compatible; MSIE 9.0; Windows NT 6.1; WOW64; Trident/5.0)"
206.225.82.64 - - [08/Feb/2013:01:45:53 -0600] "GET /assets/images/btn_main_search_hover.png HTTP/1.1" 404 - "http://operationspokaneheroes.org/_inc/slide.php" "Mozilla/5.0 (compatible; MSIE 9.0; Windows NT 6.1; WOW64; Trident/5.0)"
206.225.82.64 - - [08/Feb/2013:01:45:53 -0600] "GET /images/imagslider-1.png HTTP/1.1" 200 67116 "http://operationspokaneheroes.org/slider/index.html" "Mozilla/5.0 (compatible; MSIE 9.0; Windows NT 6.1; WOW64; Trident/5.0)"
206.225.82.64 - - [08/Feb/2013:01:45:53 -0600] "GET /images/we_need.png HTTP/1.1" 200 2138 "http://operationspokaneheroes.org/_inc/slide.php" "Mozilla/5.0 (compatible; MSIE 9.0; Windows NT 6.1; WOW64; Trident/5.0)"
206.225.82.64 - - [08/Feb/2013:01:45:53 -0600] "GET /images/we_help.png HTTP/1.1" 200 1514 "http://operationspokaneheroes.org/_inc/slide.php" "Mozilla/5.0 (compatible; MSIE 9.0; Windows NT 6.1; WOW64; Trident/5.0)"
206.225.82.64 - - [08/Feb/2013:01:45:53 -0600] "GET /images/1.jpg HTTP/1.1" 200 142489 "http://operationspokaneheroes.org/_inc/slide.php" "Mozilla/5.0 (compatible; MSIE 9.0; Windows NT 6.1; WOW64; Trident/5.0)"
206.225.82.64 - - [08/Feb/2013:01:45:54 -0600] "GET /images/we_strive.png HTTP/1.1" 200 1981 "http://operationspokaneheroes.org/_inc/slide.php" "Mozilla/5.0 (compatible; MSIE 9.0; Windows NT 6.1; WOW64; Trident/5.0)"
206.225.82.64 - - [08/Feb/2013:01:45:53 -0600] "GET /images/3.jpg HTTP/1.1" 200 240733 "http://operationspokaneheroes.org/_inc/slide.php" "Mozilla/5.0 (compatible; MSIE 9.0; Windows NT 6.1; WOW64; Trident/5.0)"
206.225.82.64 - - [08/Feb/2013:01:45:54 -0600] "GET /images/we_believe.png HTTP/1.1" 200 1785 "http://operationspokaneheroes.org/_inc/slide.php" "Mozilla/5.0 (compatible; MSIE 9.0; Windows NT 6.1; WOW64; Trident/5.0)"
206.225.82.64 - - [08/Feb/2013:01:45:54 -0600] "GET /images/4.jpg HTTP/1.1" 200 186934 "http://operationspokaneheroes.org/_inc/slide.php" "Mozilla/5.0 (compatible; MSIE 9.0; Windows NT 6.1; WOW64; Trident/5.0)"
206.225.82.64 - - [08/Feb/2013:01:45:54 -0600] "GET /images/mission_statement_bg.png HTTP/1.1" 200 11413 "http://operationspokaneheroes.org/_inc/slide.php" "Mozilla/5.0 (compatible; MSIE 9.0; Windows NT 6.1; WOW64; Trident/5.0)"
206.225.82.64 - - [08/Feb/2013:01:45:54 -0600] "GET /slider/images/slider-bg.jpg HTTP/1.1" 200 3447 "http://operationspokaneheroes.org/slider/index.html" "Mozilla/5.0 (compatible; MSIE 9.0; Windows NT 6.1; WOW64; Trident/5.0)"
206.225.82.64 - - [08/Feb/2013:01:45:54 -0600] "GET /images/2.jpg HTTP/1.1" 200 170993 "http://operationspokaneheroes.org/_inc/slide.php" "Mozilla/5.0 (compatible; MSIE 9.0; Windows NT 6.1; WOW64; Trident/5.0)"
180.76.5.166 - - [08/Feb/2013:01:49:06 -0600] "GET /events/lilac_parade/css/style.css HTTP/1.1" 200 1149 "-" "Mozilla/5.0 (compatible; Baiduspider/2.0; +http://www.baidu.com/search/spider.html)"
180.76.5.90 - - [08/Feb/2013:04:35:50 -0600] "GET /java_for_joes/index.html HTTP/1.1" 404 - "-" "Mozilla/5.0 (compatible; Baiduspider/2.0; +http://www.baidu.com/search/spider.html)"
173.199.114.171 - - [08/Feb/2013:05:05:11 -0600] "GET /donate.php HTTP/1.1" 200 11699 "-" "Mozilla/5.0 (compatible; AhrefsBot/4.0; +http://ahrefs.com/robot/)"
173.199.114.171 - - [08/Feb/2013:06:15:00 -0600] "GET /aboutus.php HTTP/1.1" 200 11667 "-" "Mozilla/5.0 (compatible; AhrefsBot/4.0; +http://ahrefs.com/robot/)"
107.22.85.237 - - [08/Feb/2013:09:02:27 -0600] "GET /robots.txt HTTP/1.1" 404 - "-" "Mozilla/5.0 (compatible; spbot/3.1; +http://www.seoprofiler.com/bot )"
107.22.85.237 - - [08/Feb/2013:09:02:28 -0600] "GET / HTTP/1.1" 200 10513 "-" "Mozilla/5.0 (compatible; spbot/3.1; +http://www.seoprofiler.com/bot )"
180.76.5.172 - - [08/Feb/2013:09:51:36 -0600] "GET /robots.txt HTTP/1.1" 404 - "-" "Mozilla/5.0 (Windows NT 5.1; rv:6.0.2) Gecko/20100101 Firefox/6.0.2"
107.22.85.237 - - [08/Feb/2013:10:08:00 -0600] "GET /_inc/slide.php HTTP/1.1" 200 3205 "-" "Mozilla/5.0 (compatible; spbot/3.1; +http://www.seoprofiler.com/bot )"
107.22.85.237 - - [08/Feb/2013:11:39:42 -0600] "GET /join/ HTTP/1.1" 404 - "-" "Mozilla/5.0 (compatible; spbot/3.1; +http://www.seoprofiler.com/bot )"
66.249.73.188 - - [08/Feb/2013:12:07:51 -0600] "GET /robots.txt HTTP/1.1" 404 - "-" "Mozilla/5.0 (compatible; Googlebot/2.1; +http://www.google.com/bot.html)"
66.249.73.188 - - [08/Feb/2013:12:07:51 -0600] "GET / HTTP/1.1" 200 10513 "-" "DoCoMo/2.0 N905i(c100;TB;W24H16) (compatible; Googlebot-Mobile/2.1; +http://www.google.com/bot.html)"
66.249.73.188 - - [08/Feb/2013:12:21:31 -0600] "GET / HTTP/1.1" 200 10513 "-" "Mozilla/5.0 (compatible; Googlebot/2.1; +http://www.google.com/bot.html)"
107.22.85.237 - - [08/Feb/2013:13:37:46 -0600] "GET /contact.php HTTP/1.1" 200 10519 "-" "Mozilla/5.0 (compatible; spbot/3.1; +http://www.seoprofiler.com/bot )"
72.30.161.215 - - [08/Feb/2013:13:40:19 -0600] "GET /robots.txt HTTP/1.0" 404 - "-" "Mozilla/5.0 (compatible; Yahoo! Slurp; http://help.yahoo.com/help/us/ysearch/slurp)"
72.30.161.215 - - [08/Feb/2013:13:40:19 -0600] "GET /donate.php HTTP/1.0" 200 11699 "-" "Mozilla/5.0 (compatible; Yahoo! Slurp; http://help.yahoo.com/help/us/ysearch/slurp)"
72.30.161.215 - - [08/Feb/2013:13:40:23 -0600] "GET /css/global.css HTTP/1.0" 200 13951 "http://operationspokaneheroes.org/donate.php" "Mozilla/5.0 (compatible; Yahoo! Slurp; http://help.yahoo.com/help/us/ysearch/slurp)"
72.30.161.215 - - [08/Feb/2013:13:40:26 -0600] "GET /css/footer.css HTTP/1.0" 304 - "http://operationspokaneheroes.org/donate.php" "Mozilla/5.0 (compatible; Yahoo! Slurp; http://help.yahoo.com/help/us/ysearch/slurp)"
72.30.161.215 - - [08/Feb/2013:13:40:26 -0600] "GET /_inc/slide.php HTTP/1.0" 200 3205 "http://operationspokaneheroes.org/donate.php" "Mozilla/5.0 (compatible; Yahoo! Slurp; http://help.yahoo.com/help/us/ysearch/slurp)"
72.30.161.215 - - [08/Feb/2013:13:40:30 -0600] "GET /css/slide.css HTTP/1.0" 304 - "http://operationspokaneheroes.org/_inc/slide.php" "Mozilla/5.0 (compatible; Yahoo! Slurp; http://help.yahoo.com/help/us/ysearch/slurp)"
72.30.161.215 - - [08/Feb/2013:13:40:33 -0600] "GET /css/style_global.css HTTP/1.0" 304 - "http://operationspokaneheroes.org/_inc/slide.php" "Mozilla/5.0 (compatible; Yahoo! Slurp; http://help.yahoo.com/help/us/ysearch/slurp)"
107.22.85.237 - - [08/Feb/2013:14:18:03 -0600] "GET /_inc/contact.php HTTP/1.1" 200 756 "-" "Mozilla/5.0 (compatible; spbot/3.1; +http://www.seoprofiler.com/bot )"
208.115.111.70 - - [08/Feb/2013:14:53:42 -0600] "GET /robots.txt HTTP/1.1" 404 - "-" "Mozilla/5.0 (compatible; Ezooms/1.0; ezooms.bot@gmail.com)"
208.115.111.70 - - [08/Feb/2013:15:01:24 -0600] "GET /aboutus.php HTTP/1.1" 200 11667 "-" "Mozilla/5.0 (compatible; Ezooms/1.0; ezooms.bot@gmail.com)"
92.162.212.154 - - [08/Feb/2013:15:07:45 -0600] "GET /robots.txt HTTP/1.0" 404 - "-" "Mozilla/5.0 (compatible; MJ12bot/v1.4.3; http://www.majestic12.co.uk/bot.php?+)"
92.162.212.154 - - [08/Feb/2013:15:07:51 -0600] "GET /business.php HTTP/1.1" 200 10813 "-" "Mozilla/5.0 (compatible; MJ12bot/v1.4.3; http://www.majestic12.co.uk/bot.php?+)"
173.45.73.18 - - [08/Feb/2013:15:43:32 -0600] "GET / HTTP/1.1" 200 10513 "-" "Mozilla/5.0 (Windows NT 6.1; rv:16.0) Gecko/20100101 Firefox/16.0"
85.25.95.50 - - [08/Feb/2013:15:58:24 -0600] "GET / HTTP/1.1" 200 10513 "-" "Mozilla/4.0 (compatible; MSIE 6.0; Windows 98; Win 9x4.90)"
107.22.85.237 - - [08/Feb/2013:16:30:57 -0600] "GET /robots.txt HTTP/1.1" 404 - "-" "Mozilla/5.0 (compatible; spbot/3.1; +http://www.seoprofiler.com/bot )"
107.22.85.237 - - [08/Feb/2013:16:30:58 -0600] "GET /calendar.php HTTP/1.1" 200 10709 "-" "Mozilla/5.0 (compatible; spbot/3.1; +http://www.seoprofiler.com/bot )"
199.21.99.99 - - [08/Feb/2013:17:54:28 -0600] "GET /robots.txt HTTP/1.1" 404 - "-" "Mozilla/5.0 (compatible; YandexBot/3.0; +http://yandex.com/bots)"
199.21.99.99 - - [08/Feb/2013:17:54:30 -0600] "GET /pdf/ready_set_go.pdf HTTP/1.1" 304 - "-" "Mozilla/5.0 (compatible; YandexBot/3.0; +http://yandex.com/bots)"
107.22.85.237 - - [08/Feb/2013:17:57:39 -0600] "GET /events.php HTTP/1.1" 200 6407 "-" "Mozilla/5.0 (compatible; spbot/3.1; +http://www.seoprofiler.com/bot )"
107.22.85.237 - - [08/Feb/2013:18:56:30 -0600] "GET /events/carousel_11/carousel_11.html HTTP/1.1" 200 3712 "-" "Mozilla/5.0 (compatible; spbot/3.1; +http://www.seoprofiler.com/bot )"
65.55.24.239 - - [08/Feb/2013:19:40:08 -0600] "GET /robots.txt HTTP/1.1" 404 - "-" "Mozilla/5.0 (compatible; bingbot/2.0; +http://www.bing.com/bingbot.htm)"
65.55.24.239 - - [08/Feb/2013:19:41:44 -0600] "GET / HTTP/1.1" 200 10513 "-" "Mozilla/5.0 (compatible; bingbot/2.0; +http://www.bing.com/bingbot.htm)"
188.143.232.244 - - [08/Feb/2013:20:04:18 -0600] "GET / HTTP/1.1" 200 10513 "-" "Mozilla/4.0 (compatible; MSIE 6.0; Windows NT 5.1; SV1)"
188.143.232.244 - - [08/Feb/2013:20:04:19 -0600] "GET /slider/index.html HTTP/1.1" 200 1496 "-" "Mozilla/4.0 (compatible; MSIE 6.0; Windows NT 5.1; SV1)"
188.143.232.244 - - [08/Feb/2013:20:04:19 -0600] "GET /_inc/slide.php HTTP/1.1" 200 3205 "-" "Mozilla/4.0 (compatible; MSIE 6.0; Windows NT 5.1; SV1)"
188.143.232.244 - - [08/Feb/2013:20:04:20 -0600] "GET /index.php HTTP/1.1" 200 10513 "-" "Mozilla/4.0 (compatible; MSIE 6.0; Windows NT 5.1; SV1)"
188.143.232.244 - - [08/Feb/2013:20:04:20 -0600] "GET /aboutus.php HTTP/1.1" 200 11667 "-" "Mozilla/4.0 (compatible; MSIE 6.0; Windows NT 5.1; SV1)"
188.143.232.244 - - [08/Feb/2013:20:04:21 -0600] "GET /contact.php HTTP/1.1" 200 10519 "-" "Mozilla/4.0 (compatible; MSIE 6.0; Windows NT 5.1; SV1)"
188.143.232.244 - - [08/Feb/2013:20:04:22 -0600] "GET /donate.php HTTP/1.1" 200 11699 "-" "Mozilla/4.0 (compatible; MSIE 6.0; Windows NT 5.1; SV1)"
188.143.232.244 - - [08/Feb/2013:20:04:22 -0600] "GET /business.php HTTP/1.1" 200 10813 "-" "Mozilla/4.0 (compatible; MSIE 6.0; Windows NT 5.1; SV1)"
188.143.232.244 - - [08/Feb/2013:20:04:23 -0600] "GET /calendar.php HTTP/1.1" 200 10709 "-" "Mozilla/4.0 (compatible; MSIE 6.0; Windows NT 5.1; SV1)"
188.143.232.244 - - [08/Feb/2013:20:04:24 -0600] "GET /events.php HTTP/1.1" 200 6407 "-" "Mozilla/4.0 (compatible; MSIE 6.0; Windows NT 5.1; SV1)"
38.111.147.84 - - [08/Feb/2013:20:18:12 -0600] "GET /robots.txt HTTP/1.0" 404 - "-" "TurnitinBot/2.1 (http://www.turnitin.com/robot/crawlerinfo.html)"
38.111.147.84 - - [08/Feb/2013:20:18:14 -0600] "GET /robots.txt HTTP/1.0" 404 - "-" "TurnitinBot/2.1 (http://www.turnitin.com/robot/crawlerinfo.html)"
38.111.147.84 - - [08/Feb/2013:20:19:05 -0600] "GET /pdf/2010_Top100_Military_Friendly_Employers.pdf HTTP/1.0" 304 - "-" "TurnitinBot/2.1 (http://www.turnitin.com/robot/crawlerinfo.html)"
38.111.147.84 - - [08/Feb/2013:20:19:57 -0600] "GET /pdf/174%20Stores%20and%20Business%20Offering%20Military%20Discounts1.pdf HTTP/1.0" 304 - "-" "TurnitinBot/2.1 (http://www.turnitin.com/robot/crawlerinfo.html)"
38.111.147.84 - - [08/Feb/2013:20:20:50 -0600] "GET /calendar.php HTTP/1.0" 200 10709 "-" "TurnitinBot/2.1 (http://www.turnitin.com/robot/crawlerinfo.html)"
38.111.147.84 - - [08/Feb/2013:20:21:38 -0600] "GET /business.php HTTP/1.0" 200 10813 "-" "TurnitinBot/2.1 (http://www.turnitin.com/robot/crawlerinfo.html)"
38.111.147.84 - - [08/Feb/2013:20:22:29 -0600] "GET /robots.txt HTTP/1.0" 404 - "-" "TurnitinBot/2.1 (http://www.turnitin.com/robot/crawlerinfo.html)"
38.111.147.84 - - [08/Feb/2013:20:22:39 -0600] "GET /pdf/2010_Top100_Military_Friendly_Employers.pdf HTTP/1.0" 304 - "-" "TurnitinBot/2.1 (http://www.turnitin.com/robot/crawlerinfo.html)"
38.111.147.84 - - [08/Feb/2013:20:23:36 -0600] "GET /pdf/174%20Stores%20and%20Business%20Offering%20Military%20Discounts1.pdf HTTP/1.0" 304 - "-" "TurnitinBot/2.1 (http://www.turnitin.com/robot/crawlerinfo.html)"
38.111.147.84 - - [08/Feb/2013:20:24:44 -0600] "GET /index.php HTTP/1.0" 200 10513 "-" "TurnitinBot/2.1 (http://www.turnitin.com/robot/crawlerinfo.html)"
38.111.147.84 - - [08/Feb/2013:20:25:48 -0600] "GET /donate.php HTTP/1.0" 200 11699 "-" "TurnitinBot/2.1 (http://www.turnitin.com/robot/crawlerinfo.html)"
38.111.147.84 - - [08/Feb/2013:20:26:52 -0600] "GET /contact.php HTTP/1.0" 200 10519 "-" "TurnitinBot/2.1 (http://www.turnitin.com/robot/crawlerinfo.html)"
38.111.147.84 - - [08/Feb/2013:20:27:45 -0600] "GET /robots.txt HTTP/1.0" 404 - "-" "TurnitinBot/2.1 (http://www.turnitin.com/robot/crawlerinfo.html)"
38.111.147.84 - - [08/Feb/2013:20:27:55 -0600] "GET /calendar.php HTTP/1.0" 200 10709 "-" "TurnitinBot/2.1 (http://www.turnitin.com/robot/crawlerinfo.html)"
38.111.147.84 - - [08/Feb/2013:20:28:59 -0600] "GET /aboutus.php HTTP/1.0" 200 11667 "-" "TurnitinBot/2.1 (http://www.turnitin.com/robot/crawlerinfo.html)"
38.111.147.84 - - [08/Feb/2013:20:29:57 -0600] "GET /business.php HTTP/1.0" 200 10813 "-" "TurnitinBot/2.1 (http://www.turnitin.com/robot/crawlerinfo.html)"
38.111.147.84 - - [08/Feb/2013:20:30:51 -0600] "GET /aboutus.php HTTP/1.0" 200 11667 "-" "TurnitinBot/2.1 (http://www.turnitin.com/robot/crawlerinfo.html)"
157.55.33.98 - - [08/Feb/2013:20:37:21 -0600] "GET /robots.txt HTTP/1.1" 404 - "-" "Mozilla/5.0 (compatible; bingbot/2.0; +http://www.bing.com/bingbot.htm)"
157.55.33.98 - - [08/Feb/2013:20:38:45 -0600] "GET /donate.php HTTP/1.1" 200 11699 "-" "Mozilla/5.0 (compatible; bingbot/2.0; +http://www.bing.com/bingbot.htm)"
157.55.33.98 - - [08/Feb/2013:20:38:45 -0600] "GET /resources.php HTTP/1.1" 200 10398 "-" "Mozilla/5.0 (compatible; bingbot/2.0; +http://www.bing.com/bingbot.htm)"
65.55.24.239 - - [08/Feb/2013:21:00:44 -0600] "GET / HTTP/1.1" 200 10513 "-" "Mozilla/5.0 (compatible; bingbot/2.0; +http://www.bing.com/bingbot.htm)"
65.55.24.239 - - [08/Feb/2013:21:00:44 -0600] "GET /index.php HTTP/1.1" 200 10513 "-" "Mozilla/5.0 (compatible; bingbot/2.0; +http://www.bing.com/bingbot.htm)"
65.55.24.239 - - [08/Feb/2013:21:00:46 -0600] "GET /freedom.php HTTP/1.1" 200 10912 "-" "Mozilla/5.0 (compatible; bingbot/2.0; +http://www.bing.com/bingbot.htm)"
65.55.24.239 - - [08/Feb/2013:21:00:46 -0600] "GET /slider.html HTTP/1.1" 200 8245 "-" "Mozilla/5.0 (compatible; bingbot/2.0; +http://www.bing.com/bingbot.htm)"
157.55.35.34 - - [08/Feb/2013:21:04:14 -0600] "GET /aboutus.php HTTP/1.1" 200 11667 "-" "Mozilla/5.0 (compatible; bingbot/2.0; +http://www.bing.com/bingbot.htm)"
157.55.33.79 - - [08/Feb/2013:21:05:44 -0600] "GET /events.php HTTP/1.1" 200 6407 "-" "Mozilla/5.0 (compatible; bingbot/2.0; +http://www.bing.com/bingbot.htm)"
107.22.85.237 - - [08/Feb/2013:21:43:26 -0600] "GET /events/vet_picnic/vet_picnic.html HTTP/1.1" 200 3163 "-" "Mozilla/5.0 (compatible; spbot/3.1; +http://www.seoprofiler.com/bot )"
107.22.85.237 - - [08/Feb/2013:23:38:39 -0600] "GET /events/ermy_event/ermy.html HTTP/1.1" 200 3507 "-" "Mozilla/5.0 (compatible; spbot/3.1; +http://www.seoprofiler.com/bot )"
66.249.73.188 - - [09/Feb/2013:00:35:01 -0600] "GET /robots.txt HTTP/1.1" 404 - "-" "Mozilla/5.0 (compatible; Googlebot/2.1; +http://www.google.com/bot.html)"
66.249.73.188 - - [09/Feb/2013:00:35:02 -0600] "GET /images/imagslider-1.png HTTP/1.1" 304 - "-" "Googlebot-Image/1.0"
107.22.85.237 - - [09/Feb/2013:02:19:40 -0600] "GET /slider/index.html HTTP/1.1" 200 1496 "-" "Mozilla/5.0 (compatible; spbot/3.1; +http://www.seoprofiler.com/bot )"
180.76.5.146 - - [09/Feb/2013:04:54:24 -0600] "GET /css/global.css HTTP/1.1" 200 13951 "-" "Mozilla/5.0 (compatible; Baiduspider/2.0; +http://www.baidu.com/search/spider.html)"
107.22.85.237 - - [09/Feb/2013:05:05:36 -0600] "GET /business.php HTTP/1.1" 200 10813 "-" "Mozilla/5.0 (compatible; spbot/3.1; +http://www.seoprofiler.com/bot )"
66.249.73.188 - - [09/Feb/2013:07:29:05 -0600] "GET /robots.txt HTTP/1.1" 404 - "-" "Mozilla/5.0 (compatible; Googlebot/2.1; +http://www.google.com/bot.html)"
66.249.73.188 - - [09/Feb/2013:07:29:05 -0600] "GET / HTTP/1.1" 200 10513 "-" "SAMSUNG-SGH-E250/1.0 Profile/MIDP-2.0 Configuration/CLDC-1.1 UP.Browser/6.2.3.3.c.1.101 (GUI) MMP/2.0 (compatible; Googlebot-Mobile/2.1; +http://www.google.com/bot.html)"
107.22.85.237 - - [09/Feb/2013:07:39:15 -0600] "GET /donate.php HTTP/1.1" 200 11699 "-" "Mozilla/5.0 (compatible; spbot/3.1; +http://www.seoprofiler.com/bot )"
65.55.24.239 - - [09/Feb/2013:08:21:15 -0600] "GET /robots.txt HTTP/1.1" 404 - "-" "Mozilla/5.0 (compatible; bingbot/2.0; +http://www.bing.com/bingbot.htm)"
95.108.150.235 - - [09/Feb/2013:08:22:12 -0600] "GET /robots.txt HTTP/1.1" 404 - "-" "Mozilla/5.0 (compatible; YandexBot/3.0; +http://yandex.com/bots)"
95.108.150.235 - - [09/Feb/2013:08:22:12 -0600] "GET /robots.txt HTTP/1.1" 404 - "-" "Mozilla/5.0 (compatible; YandexBot/3.0; +http://yandex.com/bots)"
95.108.150.235 - - [09/Feb/2013:08:22:13 -0600] "GET / HTTP/1.1" 200 10513 "-" "Mozilla/5.0 (compatible; YandexBot/3.0; +http://yandex.com/bots)"
95.108.150.235 - - [09/Feb/2013:08:22:13 -0600] "GET / HTTP/1.1" 200 10513 "-" "Mozilla/5.0 (compatible; YandexBot/3.0; +http://yandex.com/bots)"
95.108.150.235 - - [09/Feb/2013:08:22:14 -0600] "GET / HTTP/1.1" 200 10513 "-" "Mozilla/5.0 (compatible; YandexBot/3.0; +http://yandex.com/bots)"
95.108.150.235 - - [09/Feb/2013:08:22:14 -0600] "GET / HTTP/1.1" 200 10513 "-" "Mozilla/5.0 (compatible; YandexBot/3.0; +http://yandex.com/bots)"
65.55.24.239 - - [09/Feb/2013:08:23:06 -0600] "GET / HTTP/1.1" 200 10513 "-" "Mozilla/5.0 (compatible; bingbot/2.0; +http://www.bing.com/bingbot.htm)"
176.31.14.28 - - [09/Feb/2013:09:23:59 -0600] "GET / HTTP/1.1" 200 10513 "-" "Opera/9.80 (X11; Linux i686; U; en) Presto/2.8.131 Version/11.11"
180.76.5.52 - - [09/Feb/2013:09:28:00 -0600] "GET / HTTP/1.1" 200 10513 "-" "Mozilla/5.0 (compatible; Baiduspider/2.0; +http://www.baidu.com/search/spider.html)"
173.199.115.99 - - [09/Feb/2013:09:59:38 -0600] "GET /donate.php HTTP/1.1" 200 11699 "-" "Mozilla/5.0 (compatible; AhrefsBot/4.0; +http://ahrefs.com/robot/)"
107.22.85.237 - - [09/Feb/2013:11:28:23 -0600] "GET /aboutus.php HTTP/1.1" 200 11667 "-" "Mozilla/5.0 (compatible; spbot/3.1; +http://www.seoprofiler.com/bot )"
180.76.5.16 - - [09/Feb/2013:13:58:15 -0600] "GET /robots.txt HTTP/1.1" 404 - "-" "Mozilla/5.0 (Windows NT 5.1; rv:6.0.2) Gecko/20100101 Firefox/6.0.2"
208.115.111.70 - - [09/Feb/2013:14:52:52 -0600] "GET /robots.txt HTTP/1.1" 404 - "-" "Mozilla/5.0 (compatible; Ezooms/1.0; ezooms.bot@gmail.com)"
202.46.52.30 - - [09/Feb/2013:15:17:47 -0600] "GET / HTTP/1.1" 200 10513 "-" "Mozilla/4.0 (compatible; MSIE 7.0; Windows NT 6.0)"
119.63.193.131 - - [09/Feb/2013:15:19:10 -0600] "GET / HTTP/1.1" 200 10513 "-" "Mozilla/4.0 (compatible; MSIE 7.0; Windows NT 6.0)"
180.76.6.36 - - [09/Feb/2013:15:25:52 -0600] "GET / HTTP/1.1" 200 10513 "-" "Mozilla/5.0 (compatible; Baiduspider/2.0; +http://www.baidu.com/search/spider.html)"
199.21.99.99 - - [09/Feb/2013:15:41:39 -0600] "GET /robots.txt HTTP/1.1" 404 - "-" "Mozilla/5.0 (compatible; YandexBot/3.0; +http://yandex.com/bots)"
176.9.111.204 - - [09/Feb/2013:15:47:01 -0600] "GET / HTTP/1.1" 200 10513 "-" "Mozilla/4.0 (compatible; MSIE 7.0; Windows NT 5.1)"
208.115.111.70 - - [09/Feb/2013:15:57:33 -0600] "GET /calendar.php HTTP/1.1" 200 10709 "-" "Mozilla/5.0 (compatible; Ezooms/1.0; ezooms.bot@gmail.com)"
173.199.115.99 - - [09/Feb/2013:16:03:27 -0600] "GET /java_for_joes/index.html?3e3ea140 HTTP/1.1" 404 - "-" "Mozilla/5.0 (compatible; AhrefsBot/4.0; +http://ahrefs.com/robot/)"
173.199.115.99 - - [09/Feb/2013:16:05:29 -0600] "GET /calendar.php HTTP/1.1" 200 10709 "-" "Mozilla/5.0 (compatible; AhrefsBot/4.0; +http://ahrefs.com/robot/)"
212.59.28.77 - - [09/Feb/2013:16:15:08 -0600] "GET / HTTP/1.1" 200 10513 "-" "Mozilla/4.0 (compatible; MSIE 6.0; Windows NT 5.1; SV1)"
212.59.28.77 - - [09/Feb/2013:16:15:10 -0600] "POST /trackback/ HTTP/1.1" 404 - "http://operationspokaneheroes.org/" "Mozilla/4.0 (compatible; MSIE 6.0; Windows NT 5.1; SV1; TencentTraveler)"
173.199.115.99 - - [09/Feb/2013:17:36:32 -0600] "GET /aboutus.php HTTP/1.1" 200 11667 "-" "Mozilla/5.0 (compatible; AhrefsBot/4.0; +http://ahrefs.com/robot/)"
173.199.115.99 - - [09/Feb/2013:18:10:41 -0600] "GET /pdf/174%20Stores%20and%20Business%20Offering%20Military%20Discounts1.pdf HTTP/1.1" 200 122888 "-" "Mozilla/5.0 (compatible; AhrefsBot/4.0; +http://ahrefs.com/robot/)"
208.115.111.70 - - [09/Feb/2013:19:15:37 -0600] "GET /robots.txt HTTP/1.1" 404 - "-" "Mozilla/5.0 (compatible; Ezooms/1.0; ezooms.bot@gmail.com)"
65.55.24.239 - - [09/Feb/2013:19:30:17 -0600] "GET /robots.txt HTTP/1.1" 404 - "-" "Mozilla/5.0 (compatible; bingbot/2.0; +http://www.bing.com/bingbot.htm)"
65.55.24.239 - - [09/Feb/2013:19:32:06 -0600] "GET / HTTP/1.1" 200 10513 "-" "Mozilla/5.0 (compatible; bingbot/2.0; +http://www.bing.com/bingbot.htm)"
208.115.111.70 - - [09/Feb/2013:20:20:24 -0600] "GET /index.php HTTP/1.1" 200 10513 "-" "Mozilla/5.0 (compatible; Ezooms/1.0; ezooms.bot@gmail.com)"
180.76.5.136 - - [09/Feb/2013:21:27:18 -0600] "GET /index.php HTTP/1.1" 200 10513 "-" "Mozilla/5.0 (compatible; Baiduspider/2.0; +http://www.baidu.com/search/spider.html)"
180.76.6.225 - - [09/Feb/2013:21:27:19 -0600] "GET / HTTP/1.1" 200 10513 "-" "Mozilla/5.0 (compatible; Baiduspider/2.0; +http://www.baidu.com/search/spider.html)"
199.21.99.99 - - [09/Feb/2013:21:55:45 -0600] "GET /pdf/2010_Top100_Military_Friendly_Employers.pdf HTTP/1.1" 304 - "-" "Mozilla/5.0 (compatible; YandexBot/3.0; +http://yandex.com/bots)"
157.55.33.98 - - [09/Feb/2013:23:02:13 -0600] "GET /robots.txt HTTP/1.1" 404 - "-" "Mozilla/5.0 (compatible; bingbot/2.0; +http://www.bing.com/bingbot.htm)"
157.55.33.98 - - [09/Feb/2013:23:03:44 -0600] "GET /resources.php HTTP/1.1" 200 10398 "-" "Mozilla/5.0 (compatible; bingbot/2.0; +http://www.bing.com/bingbot.htm)"
157.55.33.98 - - [09/Feb/2013:23:03:44 -0600] "GET /pdf/174%20Stores%20and%20Business%20Offering%20Military%20Discounts1.pdf HTTP/1.1" 200 122888 "-" "Mozilla/5.0 (compatible; bingbot/2.0; +http://www.bing.com/bingbot.htm)"
157.55.32.88 - - [09/Feb/2013:23:22:45 -0600] "GET /pdf/OSH%20Freedom%20Fridays%20Sign%20Up%20Sheet.pdf HTTP/1.1" 200 170318 "-" "Mozilla/5.0 (compatible; bingbot/2.0; +http://www.bing.com/bingbot.htm)"
157.55.33.79 - - [09/Feb/2013:23:25:15 -0600] "GET /pdf/2010_Top100_Military_Friendly_Employers.pdf HTTP/1.1" 200 711726 "-" "Mozilla/5.0 (compatible; bingbot/2.0; +http://www.bing.com/bingbot.htm)"
98.137.206.230 - - [09/Feb/2013:23:28:08 -0600] "GET / HTTP/1.1" 200 10513 "-" "Mozilla/5.0 (compatible; Yahoo! Slurp/3.0; http://help.yahoo.com/help/us/ysearch/slurp) NOT Firefox/3.5"
98.137.206.230 - - [09/Feb/2013:23:28:08 -0600] "GET /images/global.png HTTP/1.1" 200 5737 "http://operationspokaneheroes.org/" "Mozilla/5.0 (compatible; Yahoo! Slurp/3.0; http://help.yahoo.com/help/us/ysearch/slurp) NOT Firefox/3.5"
98.137.206.230 - - [09/Feb/2013:23:28:08 -0600] "GET /images/contacticon.png HTTP/1.1" 200 4499 "http://operationspokaneheroes.org/" "Mozilla/5.0 (compatible; Yahoo! Slurp/3.0; http://help.yahoo.com/help/us/ysearch/slurp) NOT Firefox/3.5"
98.137.206.230 - - [09/Feb/2013:23:28:08 -0600] "GET /slider/index.html HTTP/1.1" 200 1496 "http://operationspokaneheroes.org/" "Mozilla/5.0 (compatible; Yahoo! Slurp/3.0; http://help.yahoo.com/help/us/ysearch/slurp) NOT Firefox/3.5"
98.137.206.230 - - [09/Feb/2013:23:28:08 -0600] "GET /_inc/slide.php HTTP/1.1" 200 3205 "http://operationspokaneheroes.org/" "Mozilla/5.0 (compatible; Yahoo! Slurp/3.0; http://help.yahoo.com/help/us/ysearch/slurp) NOT Firefox/3.5"
98.137.206.230 - - [09/Feb/2013:23:28:08 -0600] "GET /css/global.css HTTP/1.1" 200 13951 "http://operationspokaneheroes.org/" "Mozilla/5.0 (compatible; Yahoo! Slurp/3.0; http://help.yahoo.com/help/us/ysearch/slurp) NOT Firefox/3.5"
98.137.206.230 - - [09/Feb/2013:23:28:08 -0600] "GET /css/footer.css HTTP/1.1" 200 752 "http://operationspokaneheroes.org/" "Mozilla/5.0 (compatible; Yahoo! Slurp/3.0; http://help.yahoo.com/help/us/ysearch/slurp) NOT Firefox/3.5"
98.137.206.230 - - [09/Feb/2013:23:28:08 -0600] "GET /slider/css/style.css HTTP/1.1" 200 1382 "http://operationspokaneheroes.org/slider/index.html" "Mozilla/5.0 (compatible; Yahoo! Slurp/3.0; http://help.yahoo.com/help/us/ysearch/slurp) NOT Firefox/3.5"
98.137.206.230 - - [09/Feb/2013:23:28:08 -0600] "GET /slider/js/startstop-slider.js HTTP/1.1" 200 1737 "http://operationspokaneheroes.org/slider/index.html" "Mozilla/5.0 (compatible; Yahoo! Slurp/3.0; http://help.yahoo.com/help/us/ysearch/slurp) NOT Firefox/3.5"
98.137.206.230 - - [09/Feb/2013:23:28:08 -0600] "GET /css/slide.css HTTP/1.1" 200 2869 "http://operationspokaneheroes.org/_inc/slide.php" "Mozilla/5.0 (compatible; Yahoo! Slurp/3.0; http://help.yahoo.com/help/us/ysearch/slurp) NOT Firefox/3.5"
98.137.206.230 - - [09/Feb/2013:23:28:08 -0600] "GET /css/style_global.css HTTP/1.1" 200 2621 "http://operationspokaneheroes.org/_inc/slide.php" "Mozilla/5.0 (compatible; Yahoo! Slurp/3.0; http://help.yahoo.com/help/us/ysearch/slurp) NOT Firefox/3.5"
98.137.206.230 - - [09/Feb/2013:23:28:08 -0600] "GET /images/facebook.png HTTP/1.1" 200 5004 "http://operationspokaneheroes.org/" "Mozilla/5.0 (compatible; Yahoo! Slurp/3.0; http://help.yahoo.com/help/us/ysearch/slurp) NOT Firefox/3.5"
98.137.206.230 - - [09/Feb/2013:23:28:08 -0600] "GET /images/slder2.png HTTP/1.1" 200 32853 "http://operationspokaneheroes.org/slider/index.html" "Mozilla/5.0 (compatible; Yahoo! Slurp/3.0; http://help.yahoo.com/help/us/ysearch/slurp) NOT Firefox/3.5"
98.137.206.230 - - [09/Feb/2013:23:28:08 -0600] "GET /slider/js/jquery-1.2.6.js HTTP/1.1" 200 100196 "http://operationspokaneheroes.org/slider/index.html" "Mozilla/5.0 (compatible; Yahoo! Slurp/3.0; http://help.yahoo.com/help/us/ysearch/slurp) NOT Firefox/3.5"
98.137.206.230 - - [09/Feb/2013:23:28:08 -0600] "GET /images/imagslider-1.png HTTP/1.1" 200 67116 "http://operationspokaneheroes.org/slider/index.html" "Mozilla/5.0 (compatible; Yahoo! Slurp/3.0; http://help.yahoo.com/help/us/ysearch/slurp) NOT Firefox/3.5"
98.137.206.230 - - [09/Feb/2013:23:28:08 -0600] "GET /images/logo.png HTTP/1.1" 200 226129 "http://operationspokaneheroes.org/" "Mozilla/5.0 (compatible; Yahoo! Slurp/3.0; http://help.yahoo.com/help/us/ysearch/slurp) NOT Firefox/3.5"
98.137.206.230 - - [09/Feb/2013:23:28:09 -0600] "GET /images/nav2.jpg HTTP/1.1" 200 4444 "http://operationspokaneheroes.org/" "Mozilla/5.0 (compatible; Yahoo! Slurp/3.0; http://help.yahoo.com/help/us/ysearch/slurp) NOT Firefox/3.5"
98.137.206.230 - - [09/Feb/2013:23:28:08 -0600] "GET /images/bg2.jpg HTTP/1.1" 200 55206 "http://operationspokaneheroes.org/css/global.css" "Mozilla/5.0 (compatible; Yahoo! Slurp/3.0; http://help.yahoo.com/help/us/ysearch/slurp) NOT Firefox/3.5"
98.137.206.230 - - [09/Feb/2013:23:28:09 -0600] "GET /mainbk.png HTTP/1.1" 200 290 "http://operationspokaneheroes.org/" "Mozilla/5.0 (compatible; Yahoo! Slurp/3.0; http://help.yahoo.com/help/us/ysearch/slurp) NOT Firefox/3.5"
98.137.206.230 - - [09/Feb/2013:23:28:09 -0600] "GET /slider/images/slider-bg.jpg HTTP/1.1" 200 3447 "http://operationspokaneheroes.org/slider/css/style.css" "Mozilla/5.0 (compatible; Yahoo! Slurp/3.0; http://help.yahoo.com/help/us/ysearch/slurp) NOT Firefox/3.5"
98.137.206.230 - - [09/Feb/2013:23:28:08 -0600] "GET /js/combined.js HTTP/1.1" 200 169946 "http://operationspokaneheroes.org/_inc/slide.php" "Mozilla/5.0 (compatible; Yahoo! Slurp/3.0; http://help.yahoo.com/help/us/ysearch/slurp) NOT Firefox/3.5"
98.137.206.230 - - [09/Feb/2013:23:28:09 -0600] "GET /images/we_believe.png HTTP/1.1" 200 1785 "http://operationspokaneheroes.org/css/slide.css" "Mozilla/5.0 (compatible; Yahoo! Slurp/3.0; http://help.yahoo.com/help/us/ysearch/slurp) NOT Firefox/3.5"
98.137.206.230 - - [09/Feb/2013:23:28:09 -0600] "GET /images/mission_statement_bg.png HTTP/1.1" 200 11413 "http://operationspokaneheroes.org/css/slide.css" "Mozilla/5.0 (compatible; Yahoo! Slurp/3.0; http://help.yahoo.com/help/us/ysearch/slurp) NOT Firefox/3.5"
98.137.206.230 - - [09/Feb/2013:23:28:09 -0600] "GET /images/we_strive.png HTTP/1.1" 200 1981 "http://operationspokaneheroes.org/css/slide.css" "Mozilla/5.0 (compatible; Yahoo! Slurp/3.0; http://help.yahoo.com/help/us/ysearch/slurp) NOT Firefox/3.5"
98.137.206.230 - - [09/Feb/2013:23:28:09 -0600] "GET /images/we_help.png HTTP/1.1" 200 1514 "http://operationspokaneheroes.org/css/slide.css" "Mozilla/5.0 (compatible; Yahoo! Slurp/3.0; http://help.yahoo.com/help/us/ysearch/slurp) NOT Firefox/3.5"
98.137.206.230 - - [09/Feb/2013:23:28:09 -0600] "GET /images/we_need.png HTTP/1.1" 200 2138 "http://operationspokaneheroes.org/css/slide.css" "Mozilla/5.0 (compatible; Yahoo! Slurp/3.0; http://help.yahoo.com/help/us/ysearch/slurp) NOT Firefox/3.5"
98.137.206.230 - - [09/Feb/2013:23:28:09 -0600] "GET /assets/images/btn_top_search_hover.png HTTP/1.1" 404 - "http://operationspokaneheroes.org/_inc/slide.php" "Mozilla/5.0 (compatible; Yahoo! Slurp/3.0; http://help.yahoo.com/help/us/ysearch/slurp) NOT Firefox/3.5"
98.137.206.230 - - [09/Feb/2013:23:28:09 -0600] "GET /assets/images/btn_main_search_hover.png HTTP/1.1" 404 - "http://operationspokaneheroes.org/_inc/slide.php" "Mozilla/5.0 (compatible; Yahoo! Slurp/3.0; http://help.yahoo.com/help/us/ysearch/slurp) NOT Firefox/3.5"
98.137.206.230 - - [09/Feb/2013:23:28:09 -0600] "GET /images/2.jpg HTTP/1.1" 200 170993 "http://operationspokaneheroes.org/_inc/slide.php" "Mozilla/5.0 (compatible; Yahoo! Slurp/3.0; http://help.yahoo.com/help/us/ysearch/slurp) NOT Firefox/3.5"
98.137.206.230 - - [09/Feb/2013:23:28:09 -0600] "GET /images/4.jpg HTTP/1.1" 200 186934 "http://operationspokaneheroes.org/_inc/slide.php" "Mozilla/5.0 (compatible; Yahoo! Slurp/3.0; http://help.yahoo.com/help/us/ysearch/slurp) NOT Firefox/3.5"
98.137.206.230 - - [09/Feb/2013:23:28:09 -0600] "GET /images/3.jpg HTTP/1.1" 200 240733 "http://operationspokaneheroes.org/_inc/slide.php" "Mozilla/5.0 (compatible; Yahoo! Slurp/3.0; http://help.yahoo.com/help/us/ysearch/slurp) NOT Firefox/3.5"
98.137.206.230 - - [09/Feb/2013:23:28:09 -0600] "GET /images/1.jpg HTTP/1.1" 200 142489 "http://operationspokaneheroes.org/_inc/slide.php" "Mozilla/5.0 (compatible; Yahoo! Slurp/3.0; http://help.yahoo.com/help/us/ysearch/slurp) NOT Firefox/3.5"
65.55.24.239 - - [09/Feb/2013:23:31:15 -0600] "GET / HTTP/1.1" 200 10513 "-" "Mozilla/5.0 (compatible; bingbot/2.0; +http://www.bing.com/bingbot.htm)"
65.55.24.239 - - [09/Feb/2013:23:31:15 -0600] "GET /index.php HTTP/1.1" 200 10513 "-" "Mozilla/5.0 (compatible; bingbot/2.0; +http://www.bing.com/bingbot.htm)"
157.55.35.34 - - [09/Feb/2013:23:32:45 -0600] "GET /aboutus.php HTTP/1.1" 200 11667 "-" "Mozilla/5.0 (compatible; bingbot/2.0; +http://www.bing.com/bingbot.htm)"
66.249.73.188 - - [09/Feb/2013:23:59:58 -0600] "GET /robots.txt HTTP/1.1" 404 - "-" "Mozilla/5.0 (compatible; Googlebot/2.1; +http://www.google.com/bot.html)"
66.249.73.188 - - [09/Feb/2013:23:59:59 -0600] "GET / HTTP/1.1" 200 10513 "-" "Mozilla/5.0 (compatible; Googlebot/2.1; +http://www.google.com/bot.html)"
208.115.111.70 - - [10/Feb/2013:00:00:20 -0600] "GET /robots.txt HTTP/1.1" 404 - "-" "Mozilla/5.0 (compatible; Ezooms/1.0; ezooms.bot@gmail.com)"
66.249.73.188 - - [10/Feb/2013:00:10:06 -0600] "GET /css/style_global.css HTTP/1.1" 200 2621 "-" "Mozilla/5.0 (compatible; Googlebot/2.1; +http://www.google.com/bot.html)"
66.249.73.188 - - [10/Feb/2013:00:10:09 -0600] "GET /css/slide.css HTTP/1.1" 200 2869 "-" "Mozilla/5.0 (compatible; Googlebot/2.1; +http://www.google.com/bot.html)"
66.249.73.188 - - [10/Feb/2013:00:10:12 -0600] "GET /css/global.css HTTP/1.1" 200 13951 "-" "Mozilla/5.0 (compatible; Googlebot/2.1; +http://www.google.com/bot.html)"
66.249.73.188 - - [10/Feb/2013:00:10:15 -0600] "GET /css/footer.css HTTP/1.1" 200 752 "-" "Mozilla/5.0 (compatible; Googlebot/2.1; +http://www.google.com/bot.html)"
66.249.73.188 - - [10/Feb/2013:00:10:17 -0600] "GET /slider/css/style.css HTTP/1.1" 200 1382 "-" "Mozilla/5.0 (compatible; Googlebot/2.1; +http://www.google.com/bot.html)"
66.249.73.188 - - [10/Feb/2013:00:10:19 -0600] "GET /js/combined.js HTTP/1.1" 200 169946 "-" "Mozilla/5.0 (compatible; Googlebot/2.1; +http://www.google.com/bot.html)"
66.249.73.241 - - [10/Feb/2013:00:13:18 -0600] "GET /robots.txt HTTP/1.1" 404 - "-" "Mozilla/5.0 (compatible; Googlebot/2.1; +http://www.google.com/bot.html)"
66.249.73.241 - - [10/Feb/2013:00:13:18 -0600] "GET / HTTP/1.1" 200 10513 "-" "Mozilla/5.0 (compatible; Googlebot/2.1; +http://www.google.com/bot.html)"
199.21.99.99 - - [10/Feb/2013:01:04:38 -0600] "GET /events/ermy_event/ermy.html HTTP/1.1" 200 3507 "-" "Mozilla/5.0 (compatible; YandexBot/3.0; +http://yandex.com/bots)"
208.115.111.70 - - [10/Feb/2013:01:23:08 -0600] "GET /index.php HTTP/1.1" 200 10513 "-" "Mozilla/5.0 (compatible; Ezooms/1.0; ezooms.bot@gmail.com)"
180.76.6.211 - - [10/Feb/2013:03:26:05 -0600] "GET /css/slide.css HTTP/1.1" 200 2869 "-" "Mozilla/5.0 (compatible; Baiduspider/2.0; +http://www.baidu.com/search/spider.html)"
199.21.99.99 - - [10/Feb/2013:03:56:45 -0600] "GET /robots.txt HTTP/1.1" 404 - "-" "Mozilla/5.0 (compatible; YandexBot/3.0; +http://yandex.com/bots)"
65.55.215.73 - - [10/Feb/2013:05:23:12 -0600] "GET /robots.txt HTTP/1.1" 404 - "-" "msnbot-media/1.1 (+http://search.msn.com/msnbot.htm)"
65.55.215.73 - - [10/Feb/2013:05:23:13 -0600] "GET /images/facebook.png HTTP/1.1" 200 5004 "-" "msnbot-media/1.1 (+http://search.msn.com/msnbot.htm)"
85.25.110.133 - - [10/Feb/2013:05:41:24 -0600] "GET /java_for_joes/index.html HTTP/1.1" 404 - "-" "Mozilla/4.0 (compatible; MSIE 6.0; Windows 98; Win 9x4.90)"
70.86.17.98 - - [10/Feb/2013:05:46:49 -0600] "HEAD / HTTP/1.1" 200 - "http://haroyoshi.com" "Mozilla/5.0 (compatible; MSIE 9.0; Windows NT 6.1; WOW64; Trident/5.0)"
208.90.57.196 - - [10/Feb/2013:07:16:42 -0600] "GET / HTTP/1.1" 200 10513 "-" "Mozilla/5.0 (Macintosh; Intel Mac OS X 10.6; rv:2.0.1) Gecko/20100101 Firefox/4.0.1"
208.90.57.196 - - [10/Feb/2013:07:16:53 -0600] "GET /aboutus.php HTTP/1.1" 200 11667 "-" "Mozilla/5.0 (Macintosh; Intel Mac OS X 10.6; rv:2.0.1) Gecko/20100101 Firefox/4.0.1"
208.90.57.196 - - [10/Feb/2013:07:16:59 -0600] "GET /_inc/slide.php HTTP/1.1" 200 3205 "-" "Mozilla/5.0 (Macintosh; Intel Mac OS X 10.6; rv:2.0.1) Gecko/20100101 Firefox/4.0.1"
208.90.57.196 - - [10/Feb/2013:07:17:01 -0600] "GET /slider/index.html HTTP/1.1" 200 1496 "-" "Mozilla/5.0 (Macintosh; Intel Mac OS X 10.6; rv:2.0.1) Gecko/20100101 Firefox/4.0.1"
65.55.24.239 - - [10/Feb/2013:07:41:01 -0600] "GET /robots.txt HTTP/1.1" 404 - "-" "Mozilla/5.0 (compatible; bingbot/2.0; +http://www.bing.com/bingbot.htm)"
65.55.24.239 - - [10/Feb/2013:07:42:46 -0600] "GET / HTTP/1.1" 200 10513 "-" "Mozilla/5.0 (compatible; bingbot/2.0; +http://www.bing.com/bingbot.htm)"
66.249.73.188 - - [10/Feb/2013:08:04:43 -0600] "GET /robots.txt HTTP/1.1" 404 - "-" "Mozilla/5.0 (compatible; Googlebot/2.1; +http://www.google.com/bot.html)"
66.249.73.188 - - [10/Feb/2013:08:04:43 -0600] "GET / HTTP/1.1" 200 10513 "-" "DoCoMo/2.0 N905i(c100;TB;W24H16) (compatible; Googlebot-Mobile/2.1; +http://www.google.com/bot.html)"
208.115.111.70 - - [10/Feb/2013:10:40:15 -0600] "GET /robots.txt HTTP/1.1" 404 - "-" "Mozilla/5.0 (compatible; Ezooms/1.0; ezooms.bot@gmail.com)"
218.30.103.147 - - [10/Feb/2013:12:00:03 -0600] "GET /robots.txt HTTP/1.1" 404 - "-" "Sogou web spider/4.0"
