66.249.73.53 - - [02/Apr/2014:05:45:56 -0500] "GET /pdf/Welcome%20Home%20Event%20Flyer%202012.pdf HTTP/1.1" 200 462917 "-" "Mozilla/5.0 (compatible; Googlebot/2.1; +http://www.google.com/bot.html)"
178.154.243.83 - - [02/Apr/2014:06:07:27 -0500] "GET /events/ermy_event/images/2.jpg HTTP/1.1" 304 - "-" "Mozilla/5.0 (compatible; YandexImages/3.0; +http://yandex.com/bots)"
207.241.226.218 - - [02/Apr/2014:06:14:41 -0500] "GET /robots.txt HTTP/1.1" 404 - "-" "Mozilla/5.0 (compatible; archive.org_bot; Wayback Machine Live Record; +http://archive.org/details/archive.org_bot)"
207.241.226.218 - - [02/Apr/2014:06:14:41 -0500] "GET /robots.txt HTTP/1.1" 404 - "-" "Mozilla/5.0 (compatible; archive.org_bot; Wayback Machine Live Record; +http://archive.org/details/archive.org_bot)"
66.249.73.53 - - [02/Apr/2014:06:26:12 -0500] "GET /pdf/pearl%20harbor_map.pdf HTTP/1.1" 200 1596009 "-" "Mozilla/5.0 (compatible; Googlebot/2.1; +http://www.google.com/bot.html)"
178.154.243.83 - - [02/Apr/2014:06:30:28 -0500] "GET /events/ermy_event/images/1.jpg HTTP/1.1" 304 - "-" "Mozilla/5.0 (compatible; YandexImages/3.0; +http://yandex.com/bots)"
178.154.243.83 - - [02/Apr/2014:07:01:52 -0500] "GET /events/carousel_11/images/7.jpg HTTP/1.1" 304 - "-" "Mozilla/5.0 (compatible; YandexImages/3.0; +http://yandex.com/bots)"
66.249.73.53 - - [02/Apr/2014:07:43:01 -0500] "GET /pdf/Operation%20Wings%20of%20Hope%20-%20Kids.pdf HTTP/1.1" 304 - "-" "Mozilla/5.0 (compatible; Googlebot/2.1; +http://www.google.com/bot.html)"
66.249.73.53 - - [02/Apr/2014:08:01:28 -0500] "GET /events/ermy_event/ermy.html HTTP/1.1" 304 - "-" "Mozilla/5.0 (compatible; Googlebot/2.1; +http://www.google.com/bot.html)"
66.249.65.205 - - [02/Apr/2014:08:44:41 -0500] "GET /css/slide.css HTTP/1.1" 200 2869 "-" "Mozilla/5.0 (compatible; Googlebot/2.1; +http://www.google.com/bot.html)"
66.249.65.13 - - [02/Apr/2014:08:44:42 -0500] "GET /css/style_global.css HTTP/1.1" 200 2621 "-" "Mozilla/5.0 (compatible; Googlebot/2.1; +http://www.google.com/bot.html)"
66.249.65.205 - - [02/Apr/2014:08:44:42 -0500] "GET /css/global.css HTTP/1.1" 200 13951 "-" "Mozilla/5.0 (compatible; Googlebot/2.1; +http://www.google.com/bot.html)"
66.249.65.13 - - [02/Apr/2014:08:44:43 -0500] "GET /css/footer.css HTTP/1.1" 200 752 "-" "Mozilla/5.0 (compatible; Googlebot/2.1; +http://www.google.com/bot.html)"
66.249.65.205 - - [02/Apr/2014:09:40:26 -0500] "GET /pdf/MCL%20Breakfast%20-%20March%202012.pdf HTTP/1.1" 200 3577153 "-" "Mozilla/5.0 (compatible; Googlebot/2.1; +http://www.google.com/bot.html)"
148.251.11.133 - - [02/Apr/2014:09:46:14 -0500] "GET /robots.txt HTTP/1.1" 404 - "-" "Apache-HttpClient/4.3 (java 1.5)"
148.251.11.133 - - [02/Apr/2014:09:46:15 -0500] "GET / HTTP/1.1" 200 10635 "-" "Apache-HttpClient/4.3 (java 1.5)"
157.55.32.117 - - [02/Apr/2014:09:54:13 -0500] "GET /contact.php HTTP/1.1" 200 10519 "-" "Mozilla/5.0 (compatible; bingbot/2.0; +http://www.bing.com/bingbot.htm)"
178.154.243.83 - - [02/Apr/2014:10:35:39 -0500] "GET /robots.txt HTTP/1.1" 404 - "-" "Mozilla/5.0 (compatible; YandexImages/3.0; +http://yandex.com/bots)"
66.225.13.46 - - [02/Apr/2014:10:35:59 -0500] "GET /images/slder2.png HTTP/1.0" 200 32853 "-" "Mozilla/5.0 (Windows NT 6.1) AppleWebKit/537.36 (KHTML, like Gecko) Chrome/33.0.1750.154 Safari/537.36"
178.154.243.83 - - [02/Apr/2014:11:11:59 -0500] "GET /events/ermy_event/images/6.jpg HTTP/1.1" 304 - "-" "Mozilla/5.0 (compatible; YandexImages/3.0; +http://yandex.com/bots)"
180.76.5.143 - - [02/Apr/2014:11:40:56 -0500] "GET /pdf/Operation%20Wings%20of%20Hope%20Poster.pdf HTTP/1.1" 304 - "-" "Mozilla/5.0 (Windows NT 5.1; rv:6.0.2) Gecko/20100101 Firefox/6.0.2"
178.154.243.83 - - [02/Apr/2014:11:48:20 -0500] "GET /events/carousel_11/images/3.jpg HTTP/1.1" 304 - "-" "Mozilla/5.0 (compatible; YandexImages/3.0; +http://yandex.com/bots)"
178.154.243.83 - - [02/Apr/2014:12:24:40 -0500] "GET /events/vet_picnic/images/1.jpg HTTP/1.1" 304 - "-" "Mozilla/5.0 (compatible; YandexImages/3.0; +http://yandex.com/bots)"
208.115.111.70 - - [02/Apr/2014:12:58:48 -0500] "GET /robots.txt HTTP/1.1" 404 - "-" "Mozilla/5.0 (compatible; Ezooms/1.0; help@moz.com)"
208.115.111.70 - - [02/Apr/2014:12:58:48 -0500] "GET /robots.txt HTTP/1.1" 404 - "-" "Mozilla/5.0 (compatible; Ezooms/1.0; help@moz.com)"
178.154.243.83 - - [02/Apr/2014:13:01:01 -0500] "GET /events/vet_picnic/images/4.jpg HTTP/1.1" 304 - "-" "Mozilla/5.0 (compatible; YandexImages/3.0; +http://yandex.com/bots)"
208.115.111.70 - - [02/Apr/2014:13:16:44 -0500] "GET / HTTP/1.1" 200 10635 "-" "Mozilla/5.0 (compatible; Ezooms/1.0; help@moz.com)"
208.115.113.86 - - [02/Apr/2014:13:35:09 -0500] "GET /robots.txt HTTP/1.1" 404 - "-" "Mozilla/5.0 (compatible; Ezooms/1.0; help@moz.com)"
178.154.243.83 - - [02/Apr/2014:13:37:21 -0500] "GET /events/Brittanycozza-.png HTTP/1.1" 304 - "-" "Mozilla/5.0 (compatible; YandexImages/3.0; +http://yandex.com/bots)"
157.55.32.87 - - [02/Apr/2014:13:46:29 -0500] "GET /robots.txt HTTP/1.1" 404 - "-" "Mozilla/5.0 (compatible; bingbot/2.0; +http://www.bing.com/bingbot.htm)"
157.55.32.87 - - [02/Apr/2014:13:47:47 -0500] "GET / HTTP/1.1" 200 10635 "-" "Mozilla/5.0 (compatible; bingbot/2.0; +http://www.bing.com/bingbot.htm)"
208.115.111.70 - - [02/Apr/2014:14:03:36 -0500] "GET /events.php HTTP/1.1" 200 6407 "-" "Mozilla/5.0 (compatible; Ezooms/1.0; help@moz.com)"
178.154.243.83 - - [02/Apr/2014:14:23:04 -0500] "GET /events/vet_picnic/images/2.jpg HTTP/1.1" 304 - "-" "Mozilla/5.0 (compatible; YandexImages/3.0; +http://yandex.com/bots)"
23.251.159.107 - - [02/Apr/2014:14:27:43 -0500] "GET / HTTP/1.0" 200 10635 "-" "Wget/1.12 (linux-gnu)"
208.115.113.86 - - [02/Apr/2014:15:03:21 -0500] "GET /wedo.php HTTP/1.1" 404 - "-" "Mozilla/5.0 (compatible; Ezooms/1.0; help@moz.com)"
180.76.5.155 - - [02/Apr/2014:15:11:10 -0500] "GET /pdf/osh_show.pdf HTTP/1.1" 200 6794939 "-" "Mozilla/5.0 (Windows NT 5.1; rv:6.0.2) Gecko/20100101 Firefox/6.0.2"
157.55.32.87 - - [02/Apr/2014:16:08:09 -0500] "GET /robots.txt HTTP/1.1" 404 - "-" "Mozilla/5.0 (compatible; bingbot/2.0; +http://www.bing.com/bingbot.htm)"
157.55.32.87 - - [02/Apr/2014:16:08:10 -0500] "GET / HTTP/1.1" 200 10635 "-" "Mozilla/5.0 (compatible; bingbot/2.0; +http://www.bing.com/bingbot.htm)"
180.76.6.50 - - [02/Apr/2014:16:17:23 -0500] "GET /java_for_joes/index.html HTTP/1.1" 404 - "-" "Mozilla/5.0 (compatible; Baiduspider/2.0; +http://www.baidu.com/search/spider.html)"
202.46.62.149 - - [02/Apr/2014:16:50:44 -0500] "GET /java_for_joes/index.html?3e3ea140 HTTP/1.1" 404 - "-" "Mozilla/5.0 (Windows NT 6.1; WOW64; rv:22.0) Gecko/20100101 Firefox/22.0"
157.55.33.183 - - [02/Apr/2014:16:56:04 -0500] "GET /robots.txt HTTP/1.1" 404 - "-" "Mozilla/5.0 (compatible; bingbot/2.0; +http://www.bing.com/bingbot.htm)"
157.55.33.183 - - [02/Apr/2014:17:00:52 -0500] "GET / HTTP/1.1" 200 10635 "-" "Mozilla/5.0 (compatible; bingbot/2.0; +http://www.bing.com/bingbot.htm)"
23.251.156.71 - - [02/Apr/2014:17:11:08 -0500] "GET / HTTP/1.0" 200 10635 "-" "Wget/1.12 (linux-gnu)"
185.10.104.130 - - [02/Apr/2014:17:24:03 -0500] "GET /java_for_joes/index.html HTTP/1.1" 404 - "-" "Mozilla/5.0 (Windows NT 6.1; WOW64; rv:22.0) Gecko/20100101 Firefox/22.0"
208.115.113.86 - - [02/Apr/2014:18:06:47 -0500] "GET /robots.txt HTTP/1.1" 404 - "-" "Mozilla/5.0 (compatible; Ezooms/1.0; help@moz.com)"
180.76.5.173 - - [02/Apr/2014:18:23:00 -0500] "GET /pdf/2012%204th%20of%20July%20Pennant%20Run%20Entry%20Form%205-14-12.pdf HTTP/1.1" 304 - "-" "Mozilla/5.0 (Windows NT 5.1; rv:6.0.2) Gecko/20100101 Firefox/6.0.2"
217.69.133.29 - - [02/Apr/2014:19:04:35 -0500] "GET /robots.txt HTTP/1.1" 404 - "-" "Mozilla/5.0 (compatible; Linux x86_64; Mail.RU_Bot/2.0; +http://go.mail.ru/help/robots)"
217.69.133.29 - - [02/Apr/2014:19:04:36 -0500] "GET /java_for_joes/index.html HTTP/1.1" 404 - "-" "Mozilla/5.0 (compatible; Linux x86_64; Mail.RU_Bot/2.0; +http://go.mail.ru/help/robots)"
65.55.215.58 - - [02/Apr/2014:19:27:19 -0500] "GET /robots.txt HTTP/1.1" 404 - "-" "msnbot-media/1.1 (+http://search.msn.com/msnbot.htm)"
65.55.215.58 - - [02/Apr/2014:19:27:19 -0500] "GET /events/Brittanycozza-.png HTTP/1.1" 200 156325 "-" "msnbot-media/1.1 (+http://search.msn.com/msnbot.htm)"
157.55.32.117 - - [02/Apr/2014:19:34:59 -0500] "GET /calendar.php HTTP/1.1" 200 10644 "-" "Mozilla/5.0 (compatible; bingbot/2.0; +http://www.bing.com/bingbot.htm)"
180.76.6.156 - - [02/Apr/2014:19:57:24 -0500] "GET /a HTTP/1.1" 404 - "-" "Mozilla/5.0 (compatible; Baiduspider/2.0; +http://www.baidu.com/search/spider.html)"
208.115.113.86 - - [02/Apr/2014:19:57:48 -0500] "GET /benefits.php HTTP/1.1" 404 - "-" "Mozilla/5.0 (compatible; Ezooms/1.0; help@moz.com)"
208.115.111.70 - - [02/Apr/2014:20:08:16 -0500] "GET /robots.txt HTTP/1.1" 404 - "-" "Mozilla/5.0 (compatible; Ezooms/1.0; help@moz.com)"
178.154.243.83 - - [02/Apr/2014:20:46:02 -0500] "GET /events/ermy_event/images/4.jpg HTTP/1.1" 304 - "-" "Mozilla/5.0 (compatible; YandexImages/3.0; +http://yandex.com/bots)"
66.249.68.205 - - [02/Apr/2014:20:54:13 -0500] "GET /robots.txt HTTP/1.1" 404 - "-" "Mozilla/5.0 (compatible; Googlebot/2.1; +http://www.google.com/bot.html)"
66.249.75.61 - - [02/Apr/2014:20:54:14 -0500] "GET / HTTP/1.1" 200 10635 "-" "DoCoMo/2.0 N905i(c100;TB;W24H16) (compatible; Googlebot-Mobile/2.1; +http://www.google.com/bot.html)"
208.115.111.70 - - [02/Apr/2014:21:24:49 -0500] "GET /index.php HTTP/1.1" 200 10635 "-" "Mozilla/5.0 (compatible; Ezooms/1.0; help@moz.com)"
66.249.68.187 - - [02/Apr/2014:21:38:47 -0500] "GET /robots.txt HTTP/1.1" 404 - "-" "Mozilla/5.0 (compatible; Googlebot/2.1; +http://www.google.com/bot.html)"
66.249.75.210 - - [02/Apr/2014:21:38:47 -0500] "GET / HTTP/1.1" 200 10635 "-" "DoCoMo/2.0 N905i(c100;TB;W24H16) (compatible; Googlebot-Mobile/2.1; +http://www.google.com/bot.html)"
180.76.6.233 - - [02/Apr/2014:22:09:41 -0500] "GET /robots.txt HTTP/1.1" 404 - "-" "Mozilla/5.0 (Windows NT 5.1; rv:6.0.2) Gecko/20100101 Firefox/6.0.2"
217.69.133.29 - - [02/Apr/2014:22:09:43 -0500] "GET /robots.txt HTTP/1.1" 404 - "-" "Mozilla/5.0 (compatible; Linux x86_64; Mail.RU_Bot/2.0; +http://go.mail.ru/help/robots)"
217.69.133.31 - - [02/Apr/2014:22:09:44 -0500] "GET /_inc/slide.php HTTP/1.1" 200 3205 "-" "Mozilla/5.0 (compatible; Linux x86_64; Mail.RU_Bot/2.0; +http://go.mail.ru/help/robots)"
66.249.68.205 - - [02/Apr/2014:22:17:47 -0500] "GET / HTTP/1.1" 200 10635 "-" "Mozilla/5.0 (iPhone; CPU iPhone OS 6_0 like Mac OS X) AppleWebKit/536.26 (KHTML, like Gecko) Version/6.0 Mobile/10A5376e Safari/8536.25 (compatible; Googlebot/2.1; +http://www.google.com/bot.html)"
180.76.5.196 - - [02/Apr/2014:22:25:28 -0500] "GET /pdf/January%20Flyers.pdf HTTP/1.1" 200 5543019 "-" "Mozilla/5.0 (Windows NT 5.1; rv:6.0.2) Gecko/20100101 Firefox/6.0.2"
66.249.68.155 - - [02/Apr/2014:22:37:01 -0500] "GET / HTTP/1.1" 200 10635 "-" "Mozilla/5.0 (iPhone; CPU iPhone OS 6_0 like Mac OS X) AppleWebKit/536.26 (KHTML, like Gecko) Version/6.0 Mobile/10A5376e Safari/8536.25 (compatible; Googlebot/2.1; +http://www.google.com/bot.html)"
66.249.68.205 - - [02/Apr/2014:22:56:11 -0500] "GET /slider/css/style.css HTTP/1.1" 200 1379 "-" "Mozilla/5.0 (compatible; Googlebot/2.1; +http://www.google.com/bot.html)"
157.55.32.154 - - [02/Apr/2014:22:57:38 -0500] "GET /robots.txt HTTP/1.1" 404 - "-" "Mozilla/5.0 (compatible; bingbot/2.0; +http://www.bing.com/bingbot.htm)"
157.55.32.154 - - [02/Apr/2014:22:57:40 -0500] "GET /business.php HTTP/1.1" 200 10813 "-" "Mozilla/5.0 (compatible; bingbot/2.0; +http://www.bing.com/bingbot.htm)"
199.21.99.103 - - [03/Apr/2014:00:26:58 -0500] "GET /robots.txt HTTP/1.1" 404 - "-" "Mozilla/5.0 (compatible; YandexBot/3.0; +http://yandex.com/bots)"
199.21.99.103 - - [03/Apr/2014:00:26:58 -0500] "GET /robots.txt HTTP/1.1" 404 - "-" "Mozilla/5.0 (compatible; YandexBot/3.0; +http://yandex.com/bots)"
199.21.99.103 - - [03/Apr/2014:00:27:00 -0500] "GET / HTTP/1.1" 200 10635 "-" "Mozilla/5.0 (compatible; YandexBot/3.0; +http://yandex.com/bots)"
199.21.99.103 - - [03/Apr/2014:00:27:02 -0500] "GET / HTTP/1.1" 200 10635 "-" "Mozilla/5.0 (compatible; YandexBot/3.0; +http://yandex.com/bots)"
199.21.99.103 - - [03/Apr/2014:00:27:07 -0500] "GET / HTTP/1.1" 200 10635 "-" "Mozilla/5.0 (compatible; YandexBot/3.0; +http://yandex.com/bots)"
199.21.99.103 - - [03/Apr/2014:00:27:08 -0500] "GET / HTTP/1.1" 200 10635 "-" "Mozilla/5.0 (compatible; YandexBot/3.0; +http://yandex.com/bots)"
180.76.6.49 - - [03/Apr/2014:02:54:05 -0500] "GET /pdf/2013%20salish%20conference%20powwow.pdf HTTP/1.1" 304 - "-" "Mozilla/5.0 (Windows NT 5.1; rv:6.0.2) Gecko/20100101 Firefox/6.0.2"
180.76.6.159 - - [03/Apr/2014:03:19:20 -0500] "GET / HTTP/1.1" 200 10635 "-" "Mozilla/5.0 (compatible; Baiduspider/2.0; +http://www.baidu.com/search/spider.html)"
157.55.33.183 - - [03/Apr/2014:03:24:39 -0500] "GET / HTTP/1.1" 200 10635 "-" "Mozilla/5.0 (compatible; bingbot/2.0; +http://www.bing.com/bingbot.htm)"
66.249.68.13 - - [03/Apr/2014:03:31:40 -0500] "GET / HTTP/1.1" 200 10635 "-" "SAMSUNG-SGH-E250/1.0 Profile/MIDP-2.0 Configuration/CLDC-1.1 UP.Browser/6.2.3.3.c.1.101 (GUI) MMP/2.0 (compatible; Googlebot-Mobile/2.1; +http://www.google.com/bot.html)"
66.249.68.155 - - [03/Apr/2014:04:15:36 -0500] "GET / HTTP/1.1" 200 10635 "-" "SAMSUNG-SGH-E250/1.0 Profile/MIDP-2.0 Configuration/CLDC-1.1 UP.Browser/6.2.3.3.c.1.101 (GUI) MMP/2.0 (compatible; Googlebot-Mobile/2.1; +http://www.google.com/bot.html)"
180.76.5.170 - - [03/Apr/2014:04:22:49 -0500] "GET /pdf/WAwillvetsFINAL.pdf HTTP/1.1" 200 4202968 "-" "Mozilla/5.0 (Windows NT 5.1; rv:6.0.2) Gecko/20100101 Firefox/6.0.2"
157.55.33.183 - - [03/Apr/2014:04:34:59 -0500] "GET / HTTP/1.1" 200 10635 "-" "Mozilla/5.0 (compatible; bingbot/2.0; +http://www.bing.com/bingbot.htm)"
157.55.32.117 - - [03/Apr/2014:04:36:00 -0500] "GET /_inc/slide.php HTTP/1.1" 200 3205 "-" "Mozilla/5.0 (compatible; bingbot/2.0; +http://www.bing.com/bingbot.htm)"
157.55.33.113 - - [03/Apr/2014:04:36:18 -0500] "GET /css/footer.css HTTP/1.1" 200 752 "-" "Mozilla/5.0 (compatible; bingbot/2.0; +http://www.bing.com/bingbot.htm)"
157.55.33.113 - - [03/Apr/2014:04:36:19 -0500] "GET /slider/index.html HTTP/1.1" 200 2900 "-" "Mozilla/5.0 (compatible; bingbot/2.0; +http://www.bing.com/bingbot.htm)"
157.55.33.183 - - [03/Apr/2014:04:36:38 -0500] "GET /css/global.css HTTP/1.1" 200 13951 "-" "Mozilla/5.0 (compatible; bingbot/2.0; +http://www.bing.com/bingbot.htm)"
180.76.5.19 - - [03/Apr/2014:04:57:48 -0500] "GET / HTTP/1.1" 200 10635 "-" "Mozilla/5.0 (compatible; Baiduspider/2.0; +http://www.baidu.com/search/spider.html)"
5.50.52.142 - - [03/Apr/2014:05:07:46 -0500] "GET /robots.txt HTTP/1.0" 404 - "-" "Mozilla/5.0 (compatible; MJ12bot/v1.4.4; http://www.majestic12.co.uk/bot.php?+)"
5.50.52.142 - - [03/Apr/2014:05:07:48 -0500] "GET /_inc/contact.php HTTP/1.1" 200 756 "-" "Mozilla/5.0 (compatible; MJ12bot/v1.4.4; http://www.majestic12.co.uk/bot.php?+)"
5.50.52.142 - - [03/Apr/2014:05:07:49 -0500] "GET /events/carousel_11/carousel_11.html HTTP/1.1" 200 3712 "-" "Mozilla/5.0 (compatible; MJ12bot/v1.4.4; http://www.majestic12.co.uk/bot.php?+)"
5.50.52.142 - - [03/Apr/2014:05:07:51 -0500] "GET /events/ermy_event/ermy.html HTTP/1.1" 200 3507 "-" "Mozilla/5.0 (compatible; MJ12bot/v1.4.4; http://www.majestic12.co.uk/bot.php?+)"
5.50.52.142 - - [03/Apr/2014:05:07:53 -0500] "GET /freedom.php HTTP/1.1" 200 11227 "-" "Mozilla/5.0 (compatible; MJ12bot/v1.4.4; http://www.majestic12.co.uk/bot.php?+)"
157.55.33.183 - - [03/Apr/2014:05:27:57 -0500] "GET /robots.txt HTTP/1.1" 404 - "-" "Mozilla/5.0 (compatible; bingbot/2.0; +http://www.bing.com/bingbot.htm)"
157.55.33.183 - - [03/Apr/2014:05:33:40 -0500] "GET / HTTP/1.1" 200 10635 "-" "Mozilla/5.0 (compatible; bingbot/2.0; +http://www.bing.com/bingbot.htm)"
157.55.32.117 - - [03/Apr/2014:05:36:40 -0500] "GET /css/style_global.css HTTP/1.1" 200 2621 "-" "Mozilla/5.0 (compatible; bingbot/2.0; +http://www.bing.com/bingbot.htm)"
157.55.32.117 - - [03/Apr/2014:05:36:41 -0500] "GET /js/combined.js HTTP/1.1" 200 169946 "-" "Mozilla/5.0 (compatible; bingbot/2.0; +http://www.bing.com/bingbot.htm)"
157.55.32.117 - - [03/Apr/2014:05:36:42 -0500] "GET /slider/css/style.css HTTP/1.1" 200 1379 "-" "Mozilla/5.0 (compatible; bingbot/2.0; +http://www.bing.com/bingbot.htm)"
157.55.32.187 - - [03/Apr/2014:05:37:00 -0500] "GET /slider/js/jquery-1.2.6.js HTTP/1.1" 200 100196 "-" "Mozilla/5.0 (compatible; bingbot/2.0; +http://www.bing.com/bingbot.htm)"
157.55.33.25 - - [03/Apr/2014:05:39:23 -0500] "GET /css/slide.css HTTP/1.1" 200 2869 "-" "Mozilla/5.0 (compatible; bingbot/2.0; +http://www.bing.com/bingbot.htm)"
157.55.33.25 - - [03/Apr/2014:05:39:24 -0500] "GET /slider/js/startstop-slider.js HTTP/1.1" 200 1737 "-" "Mozilla/5.0 (compatible; bingbot/2.0; +http://www.bing.com/bingbot.htm)"
180.76.6.146 - - [03/Apr/2014:05:57:08 -0500] "GET /pdf/Gunny%20Poster%20Final.pdf HTTP/1.1" 304 - "-" "Mozilla/5.0 (Windows NT 5.1; rv:6.0.2) Gecko/20100101 Firefox/6.0.2"
180.76.6.144 - - [03/Apr/2014:06:32:31 -0500] "GET /slider/index.html HTTP/1.1" 200 2900 "-" "Mozilla/5.0 (compatible; Baiduspider/2.0; +http://www.baidu.com/search/spider.html)"
180.76.6.17 - - [03/Apr/2014:06:32:31 -0500] "GET /slider/ HTTP/1.1" 200 2900 "-" "Mozilla/5.0 (compatible; Baiduspider/2.0; +http://www.baidu.com/search/spider.html)"
46.118.158.11 - - [03/Apr/2014:06:48:41 -0500] "GET /contact.php HTTP/1.1" 200 10519 "-" "-"
66.249.68.13 - - [03/Apr/2014:07:28:37 -0500] "GET / HTTP/1.1" 200 10635 "-" "Mozilla/5.0 (compatible; Googlebot/2.1; +http://www.google.com/bot.html)"
180.76.6.55 - - [03/Apr/2014:07:48:42 -0500] "GET /pdf/Operation%20Wings%20of%20Hope%20-%20Kids.pdf HTTP/1.1" 200 34092 "-" "Mozilla/5.0 (Windows NT 5.1; rv:6.0.2) Gecko/20100101 Firefox/6.0.2"
192.95.29.155 - - [03/Apr/2014:09:06:45 -0500] "GET /robots.txt HTTP/1.1" 404 - "-" "Mozilla/5.0 (compatible; meanpathbot/1.0; +http://www.meanpath.com/meanpathbot.html)"
192.95.29.155 - - [03/Apr/2014:09:06:45 -0500] "GET / HTTP/1.1" 200 10635 "-" "Mozilla/5.0 (compatible; meanpathbot/1.0; +http://www.meanpath.com/meanpathbot.html)"
192.99.15.56 - - [03/Apr/2014:09:09:26 -0500] "GET /java_for_joes/index.html HTTP/1.1" 404 - "-" "Mozilla/5.0 (compatible; meanpathbot/1.0; +http://www.meanpath.com/meanpathbot.html)"
88.71.50.100 - - [03/Apr/2014:09:10:46 -0500] "GET /robots.txt HTTP/1.0" 404 - "-" "Mozilla/5.0 (compatible; MJ12bot/v1.4.4; http://www.majestic12.co.uk/bot.php?+)"
88.71.50.100 - - [03/Apr/2014:09:10:50 -0500] "GET /events/vet_picnic/vet_picnic.html HTTP/1.1" 200 3163 "-" "Mozilla/5.0 (compatible; MJ12bot/v1.4.4; http://www.majestic12.co.uk/bot.php?+)"
180.76.5.145 - - [03/Apr/2014:09:15:03 -0500] "GET /pdf/Welcome%20Home%20Event%20Flyer%202012.pdf HTTP/1.1" 304 - "-" "Mozilla/5.0 (Windows NT 5.1; rv:6.0.2) Gecko/20100101 Firefox/6.0.2"
106.120.173.159 - - [03/Apr/2014:10:05:45 -0500] "GET /robots.txt HTTP/1.1" 404 - "-" "Sogou web spider/4.0(+http://www.sogou.com/docs/help/webmasters.htm#07)"
106.120.173.159 - - [03/Apr/2014:10:05:46 -0500] "GET / HTTP/1.1" 200 10635 "-" "Sogou web spider/4.0(+http://www.sogou.com/docs/help/webmasters.htm#07)"
31.202.241.242 - - [03/Apr/2014:10:21:26 -0500] "GET /java_for_joes/index.html HTTP/1.0" 404 - "http://indlf.com" "Mozilla/4.61 [en] (X11; U; ) - BrowseX (2.0.0 Windows)"
31.202.241.242 - - [03/Apr/2014:10:21:27 -0500] "GET /java_for_joes/index.html HTTP/1.0" 404 - "http://indlf.com" "Mozilla/4.76 [en] (Windows NT 5.0; U)"
31.202.241.242 - - [03/Apr/2014:10:21:27 -0500] "GET /index.html HTTP/1.0" 404 - "http://indlf.com" "Mozilla/4.76 [en] (Windows NT 5.0; U)"
31.202.241.242 - - [03/Apr/2014:10:21:28 -0500] "GET /java_for_joes/index.html HTTP/1.0" 404 - "http://indlf.com" "Mozilla/4.61 [en] (X11; U; ) - BrowseX (2.0.0 Windows)"
31.202.241.242 - - [03/Apr/2014:10:21:28 -0500] "GET /index.html HTTP/1.0" 404 - "http://indlf.com" "Mozilla/4.61 [en] (X11; U; ) - BrowseX (2.0.0 Windows)"
31.202.241.242 - - [03/Apr/2014:10:21:28 -0500] "GET /java_for_joes/index.html HTTP/1.0" 404 - "http://indlf.com" "Mozilla/4.0 (compatible; MSIE 6.0; Windows NT 5.1) Netscape/8.0.4"
31.202.241.242 - - [03/Apr/2014:10:21:29 -0500] "GET /index.html HTTP/1.0" 404 - "http://indlf.com" "Mozilla/4.0 (compatible; MSIE 6.0; Windows NT 5.1) Netscape/8.0.4"
31.202.241.242 - - [03/Apr/2014:10:21:29 -0500] "GET /java_for_joes/index.html HTTP/1.0" 404 - "http://indlf.com" "Mozilla/4.0 (compatible; MSIE 6.0; Windows NT 5.0; Avant Browser [avantbrowser.com]; Hotbar 4.4.5.0)"
31.202.241.242 - - [03/Apr/2014:10:21:30 -0500] "GET /index.html HTTP/1.0" 404 - "http://indlf.com" "Mozilla/4.0 (compatible; MSIE 6.0; Windows NT 5.0; Avant Browser [avantbrowser.com]; Hotbar 4.4.5.0)"
180.76.6.232 - - [03/Apr/2014:10:26:37 -0500] "GET /robots.txt HTTP/1.1" 404 - "-" "Mozilla/5.0 (Windows NT 5.1; rv:6.0.2) Gecko/20100101 Firefox/6.0.2"
183.60.215.42 - - [03/Apr/2014:10:30:54 -0500] "GET /robots.txt HTTP/1.1" 404 - "-" "Mozilla/5.0 (compatible; EasouSpider; +http://www.easou.com/search/spider.html)"
78.46.41.37 - - [03/Apr/2014:11:09:02 -0500] "GET / HTTP/1.1" 200 10635 "-" "-"
207.170.225.18 - - [03/Apr/2014:11:17:57 -0500] "GET / HTTP/1.1" 200 10635 "http://www.amazon.com/websearch/ref=bit_bds-p24_serp_ie_us_display?ie=UTF8&tagbase=bds-p24&tag=bds-p24-serp-us-ie-20&tbrId=v1_abb-channel-24_2db28051761041cb8a7ea0bdaaa97566_39_1007_20131008_US_ie_ds_&query=Operation+Spokane+Heroes" "Mozilla/4.0 (compatible; MSIE 8.0; Windows NT 6.1; Trident/4.0; AlexaToolbar/amzni-3.0; GTB7.5; SLCC2; .NET CLR 2.0.50727; .NET CLR 3.5.30729; .NET CLR 3.0.30729; Media Center PC 6.0; .NET4.0C; .NET4.0E; AlexaToolbar/amzni-3.0)"
207.170.225.18 - - [03/Apr/2014:11:17:57 -0500] "GET /images/global.png HTTP/1.1" 200 5737 "http://www.operationspokaneheroes.org/" "Mozilla/4.0 (compatible; MSIE 8.0; Windows NT 6.1; Trident/4.0; AlexaToolbar/amzni-3.0; GTB7.5; SLCC2; .NET CLR 2.0.50727; .NET CLR 3.5.30729; .NET CLR 3.0.30729; Media Center PC 6.0; .NET4.0C; .NET4.0E; AlexaToolbar/amzni-3.0)"
207.170.225.18 - - [03/Apr/2014:11:17:57 -0500] "GET /images/facebook.png HTTP/1.1" 200 5004 "http://www.operationspokaneheroes.org/" "Mozilla/4.0 (compatible; MSIE 8.0; Windows NT 6.1; Trident/4.0; AlexaToolbar/amzni-3.0; GTB7.5; SLCC2; .NET CLR 2.0.50727; .NET CLR 3.5.30729; .NET CLR 3.0.30729; Media Center PC 6.0; .NET4.0C; .NET4.0E; AlexaToolbar/amzni-3.0)"
207.170.225.18 - - [03/Apr/2014:11:17:57 -0500] "GET /css/footer.css HTTP/1.1" 200 752 "http://www.operationspokaneheroes.org/" "Mozilla/4.0 (compatible; MSIE 8.0; Windows NT 6.1; Trident/4.0; AlexaToolbar/amzni-3.0; GTB7.5; SLCC2; .NET CLR 2.0.50727; .NET CLR 3.5.30729; .NET CLR 3.0.30729; Media Center PC 6.0; .NET4.0C; .NET4.0E; AlexaToolbar/amzni-3.0)"
207.170.225.18 - - [03/Apr/2014:11:17:57 -0500] "GET /images/contacticon.png HTTP/1.1" 200 4499 "http://www.operationspokaneheroes.org/" "Mozilla/4.0 (compatible; MSIE 8.0; Windows NT 6.1; Trident/4.0; AlexaToolbar/amzni-3.0; GTB7.5; SLCC2; .NET CLR 2.0.50727; .NET CLR 3.5.30729; .NET CLR 3.0.30729; Media Center PC 6.0; .NET4.0C; .NET4.0E; AlexaToolbar/amzni-3.0)"
207.170.225.18 - - [03/Apr/2014:11:17:57 -0500] "GET /css/global.css HTTP/1.1" 200 13951 "http://www.operationspokaneheroes.org/" "Mozilla/4.0 (compatible; MSIE 8.0; Windows NT 6.1; Trident/4.0; AlexaToolbar/amzni-3.0; GTB7.5; SLCC2; .NET CLR 2.0.50727; .NET CLR 3.5.30729; .NET CLR 3.0.30729; Media Center PC 6.0; .NET4.0C; .NET4.0E; AlexaToolbar/amzni-3.0)"
207.170.225.18 - - [03/Apr/2014:11:17:58 -0500] "GET /slider/index.html HTTP/1.1" 200 2900 "http://www.operationspokaneheroes.org/" "Mozilla/4.0 (compatible; MSIE 8.0; Windows NT 6.1; Trident/4.0; AlexaToolbar/amzni-3.0; GTB7.5; SLCC2; .NET CLR 2.0.50727; .NET CLR 3.5.30729; .NET CLR 3.0.30729; Media Center PC 6.0; .NET4.0C; .NET4.0E; AlexaToolbar/amzni-3.0)"
207.170.225.18 - - [03/Apr/2014:11:17:57 -0500] "GET /images/nav2.jpg HTTP/1.1" 200 4444 "http://www.operationspokaneheroes.org/" "Mozilla/4.0 (compatible; MSIE 8.0; Windows NT 6.1; Trident/4.0; AlexaToolbar/amzni-3.0; GTB7.5; SLCC2; .NET CLR 2.0.50727; .NET CLR 3.5.30729; .NET CLR 3.0.30729; Media Center PC 6.0; .NET4.0C; .NET4.0E; AlexaToolbar/amzni-3.0)"
207.170.225.18 - - [03/Apr/2014:11:17:57 -0500] "GET /mainbk.png HTTP/1.1" 200 290 "http://www.operationspokaneheroes.org/" "Mozilla/4.0 (compatible; MSIE 8.0; Windows NT 6.1; Trident/4.0; AlexaToolbar/amzni-3.0; GTB7.5; SLCC2; .NET CLR 2.0.50727; .NET CLR 3.5.30729; .NET CLR 3.0.30729; Media Center PC 6.0; .NET4.0C; .NET4.0E; AlexaToolbar/amzni-3.0)"
207.170.225.18 - - [03/Apr/2014:11:17:57 -0500] "GET /images/logo.png HTTP/1.1" 200 226129 "http://www.operationspokaneheroes.org/" "Mozilla/4.0 (compatible; MSIE 8.0; Windows NT 6.1; Trident/4.0; AlexaToolbar/amzni-3.0; GTB7.5; SLCC2; .NET CLR 2.0.50727; .NET CLR 3.5.30729; .NET CLR 3.0.30729; Media Center PC 6.0; .NET4.0C; .NET4.0E; AlexaToolbar/amzni-3.0)"
207.170.225.18 - - [03/Apr/2014:11:17:57 -0500] "GET /_inc/slide.php HTTP/1.1" 200 3205 "http://www.operationspokaneheroes.org/" "Mozilla/4.0 (compatible; MSIE 8.0; Windows NT 6.1; Trident/4.0; AlexaToolbar/amzni-3.0; GTB7.5; SLCC2; .NET CLR 2.0.50727; .NET CLR 3.5.30729; .NET CLR 3.0.30729; Media Center PC 6.0; .NET4.0C; .NET4.0E; AlexaToolbar/amzni-3.0)"
207.170.225.18 - - [03/Apr/2014:11:17:58 -0500] "GET /slider/css/style.css HTTP/1.1" 200 1379 "http://www.operationspokaneheroes.org/slider/index.html" "Mozilla/4.0 (compatible; MSIE 8.0; Windows NT 6.1; Trident/4.0; AlexaToolbar/amzni-3.0; GTB7.5; SLCC2; .NET CLR 2.0.50727; .NET CLR 3.5.30729; .NET CLR 3.0.30729; Media Center PC 6.0; .NET4.0C; .NET4.0E; AlexaToolbar/amzni-3.0)"
207.170.225.18 - - [03/Apr/2014:11:17:57 -0500] "GET /images/bg2.jpg HTTP/1.1" 200 55206 "http://www.operationspokaneheroes.org/" "Mozilla/4.0 (compatible; MSIE 8.0; Windows NT 6.1; Trident/4.0; AlexaToolbar/amzni-3.0; GTB7.5; SLCC2; .NET CLR 2.0.50727; .NET CLR 3.5.30729; .NET CLR 3.0.30729; Media Center PC 6.0; .NET4.0C; .NET4.0E; AlexaToolbar/amzni-3.0)"
207.170.225.18 - - [03/Apr/2014:11:17:58 -0500] "GET /slider/css/style.css HTTP/1.1" 200 1379 "http://www.operationspokaneheroes.org/slider/index.html" "Mozilla/4.0 (compatible; MSIE 8.0; Windows NT 6.1; Trident/4.0; AlexaToolbar/amzni-3.0; GTB7.5; SLCC2; .NET CLR 2.0.50727; .NET CLR 3.5.30729; .NET CLR 3.0.30729; Media Center PC 6.0; .NET4.0C; .NET4.0E; AlexaToolbar/amzni-3.0)"
207.170.225.18 - - [03/Apr/2014:11:17:58 -0500] "GET /css/slide.css HTTP/1.1" 200 2869 "http://www.operationspokaneheroes.org/_inc/slide.php" "Mozilla/4.0 (compatible; MSIE 8.0; Windows NT 6.1; Trident/4.0; AlexaToolbar/amzni-3.0; GTB7.5; SLCC2; .NET CLR 2.0.50727; .NET CLR 3.5.30729; .NET CLR 3.0.30729; Media Center PC 6.0; .NET4.0C; .NET4.0E; AlexaToolbar/amzni-3.0)"
207.170.225.18 - - [03/Apr/2014:11:17:58 -0500] "GET /slider/js/jquery-1.2.6.js HTTP/1.1" 200 100196 "http://www.operationspokaneheroes.org/slider/index.html" "Mozilla/4.0 (compatible; MSIE 8.0; Windows NT 6.1; Trident/4.0; AlexaToolbar/amzni-3.0; GTB7.5; SLCC2; .NET CLR 2.0.50727; .NET CLR 3.5.30729; .NET CLR 3.0.30729; Media Center PC 6.0; .NET4.0C; .NET4.0E; AlexaToolbar/amzni-3.0)"
207.170.225.18 - - [03/Apr/2014:11:17:58 -0500] "GET /css/style_global.css HTTP/1.1" 200 2621 "http://www.operationspokaneheroes.org/_inc/slide.php" "Mozilla/4.0 (compatible; MSIE 8.0; Windows NT 6.1; Trident/4.0; AlexaToolbar/amzni-3.0; GTB7.5; SLCC2; .NET CLR 2.0.50727; .NET CLR 3.5.30729; .NET CLR 3.0.30729; Media Center PC 6.0; .NET4.0C; .NET4.0E; AlexaToolbar/amzni-3.0)"
207.170.225.18 - - [03/Apr/2014:11:17:59 -0500] "GET /js/combined.js HTTP/1.1" 200 169946 "http://www.operationspokaneheroes.org/_inc/slide.php" "Mozilla/4.0 (compatible; MSIE 8.0; Windows NT 6.1; Trident/4.0; AlexaToolbar/amzni-3.0; GTB7.5; SLCC2; .NET CLR 2.0.50727; .NET CLR 3.5.30729; .NET CLR 3.0.30729; Media Center PC 6.0; .NET4.0C; .NET4.0E; AlexaToolbar/amzni-3.0)"
207.170.225.18 - - [03/Apr/2014:11:18:01 -0500] "GET /images/mission_statement_bg.png HTTP/1.1" 200 11413 "http://www.operationspokaneheroes.org/_inc/slide.php" "Mozilla/4.0 (compatible; MSIE 8.0; Windows NT 6.1; Trident/4.0; AlexaToolbar/amzni-3.0; GTB7.5; SLCC2; .NET CLR 2.0.50727; .NET CLR 3.5.30729; .NET CLR 3.0.30729; Media Center PC 6.0; .NET4.0C; .NET4.0E; AlexaToolbar/amzni-3.0)"
207.170.225.18 - - [03/Apr/2014:11:18:01 -0500] "GET /images/we_believe.png HTTP/1.1" 200 1785 "http://www.operationspokaneheroes.org/_inc/slide.php" "Mozilla/4.0 (compatible; MSIE 8.0; Windows NT 6.1; Trident/4.0; AlexaToolbar/amzni-3.0; GTB7.5; SLCC2; .NET CLR 2.0.50727; .NET CLR 3.5.30729; .NET CLR 3.0.30729; Media Center PC 6.0; .NET4.0C; .NET4.0E; AlexaToolbar/amzni-3.0)"
207.170.225.18 - - [03/Apr/2014:11:18:01 -0500] "GET /images/we_strive.png HTTP/1.1" 200 1981 "http://www.operationspokaneheroes.org/_inc/slide.php" "Mozilla/4.0 (compatible; MSIE 8.0; Windows NT 6.1; Trident/4.0; AlexaToolbar/amzni-3.0; GTB7.5; SLCC2; .NET CLR 2.0.50727; .NET CLR 3.5.30729; .NET CLR 3.0.30729; Media Center PC 6.0; .NET4.0C; .NET4.0E; AlexaToolbar/amzni-3.0)"
207.170.225.18 - - [03/Apr/2014:11:18:01 -0500] "GET /images/we_help.png HTTP/1.1" 200 1514 "http://www.operationspokaneheroes.org/_inc/slide.php" "Mozilla/4.0 (compatible; MSIE 8.0; Windows NT 6.1; Trident/4.0; AlexaToolbar/amzni-3.0; GTB7.5; SLCC2; .NET CLR 2.0.50727; .NET CLR 3.5.30729; .NET CLR 3.0.30729; Media Center PC 6.0; .NET4.0C; .NET4.0E; AlexaToolbar/amzni-3.0)"
207.170.225.18 - - [03/Apr/2014:11:18:01 -0500] "GET /images/4.jpg HTTP/1.1" 200 186934 "http://www.operationspokaneheroes.org/_inc/slide.php" "Mozilla/4.0 (compatible; MSIE 8.0; Windows NT 6.1; Trident/4.0; AlexaToolbar/amzni-3.0; GTB7.5; SLCC2; .NET CLR 2.0.50727; .NET CLR 3.5.30729; .NET CLR 3.0.30729; Media Center PC 6.0; .NET4.0C; .NET4.0E; AlexaToolbar/amzni-3.0)"
207.170.225.18 - - [03/Apr/2014:11:18:01 -0500] "GET /images/we_need.png HTTP/1.1" 200 2138 "http://www.operationspokaneheroes.org/_inc/slide.php" "Mozilla/4.0 (compatible; MSIE 8.0; Windows NT 6.1; Trident/4.0; AlexaToolbar/amzni-3.0; GTB7.5; SLCC2; .NET CLR 2.0.50727; .NET CLR 3.5.30729; .NET CLR 3.0.30729; Media Center PC 6.0; .NET4.0C; .NET4.0E; AlexaToolbar/amzni-3.0)"
207.170.225.18 - - [03/Apr/2014:11:18:01 -0500] "GET /images/2.jpg HTTP/1.1" 200 170993 "http://www.operationspokaneheroes.org/_inc/slide.php" "Mozilla/4.0 (compatible; MSIE 8.0; Windows NT 6.1; Trident/4.0; AlexaToolbar/amzni-3.0; GTB7.5; SLCC2; .NET CLR 2.0.50727; .NET CLR 3.5.30729; .NET CLR 3.0.30729; Media Center PC 6.0; .NET4.0C; .NET4.0E; AlexaToolbar/amzni-3.0)"
207.170.225.18 - - [03/Apr/2014:11:18:01 -0500] "GET /assets/images/btn_top_search_hover.png HTTP/1.1" 404 - "http://www.operationspokaneheroes.org/_inc/slide.php" "Mozilla/4.0 (compatible; MSIE 8.0; Windows NT 6.1; Trident/4.0; AlexaToolbar/amzni-3.0; GTB7.5; SLCC2; .NET CLR 2.0.50727; .NET CLR 3.5.30729; .NET CLR 3.0.30729; Media Center PC 6.0; .NET4.0C; .NET4.0E; AlexaToolbar/amzni-3.0)"
207.170.225.18 - - [03/Apr/2014:11:18:01 -0500] "GET /assets/images/btn_main_search_hover.png HTTP/1.1" 404 - "http://www.operationspokaneheroes.org/_inc/slide.php" "Mozilla/4.0 (compatible; MSIE 8.0; Windows NT 6.1; Trident/4.0; AlexaToolbar/amzni-3.0; GTB7.5; SLCC2; .NET CLR 2.0.50727; .NET CLR 3.5.30729; .NET CLR 3.0.30729; Media Center PC 6.0; .NET4.0C; .NET4.0E; AlexaToolbar/amzni-3.0)"
207.170.225.18 - - [03/Apr/2014:11:18:01 -0500] "GET /slider/js/startstop-slider.js HTTP/1.1" 200 1737 "http://www.operationspokaneheroes.org/slider/index.html" "Mozilla/4.0 (compatible; MSIE 8.0; Windows NT 6.1; Trident/4.0; AlexaToolbar/amzni-3.0; GTB7.5; SLCC2; .NET CLR 2.0.50727; .NET CLR 3.5.30729; .NET CLR 3.0.30729; Media Center PC 6.0; .NET4.0C; .NET4.0E; AlexaToolbar/amzni-3.0)"
207.170.225.18 - - [03/Apr/2014:11:18:01 -0500] "GET /images/1.jpg HTTP/1.1" 200 142489 "http://www.operationspokaneheroes.org/_inc/slide.php" "Mozilla/4.0 (compatible; MSIE 8.0; Windows NT 6.1; Trident/4.0; AlexaToolbar/amzni-3.0; GTB7.5; SLCC2; .NET CLR 2.0.50727; .NET CLR 3.5.30729; .NET CLR 3.0.30729; Media Center PC 6.0; .NET4.0C; .NET4.0E; AlexaToolbar/amzni-3.0)"
207.170.225.18 - - [03/Apr/2014:11:18:01 -0500] "GET /images/3.jpg HTTP/1.1" 200 240733 "http://www.operationspokaneheroes.org/_inc/slide.php" "Mozilla/4.0 (compatible; MSIE 8.0; Windows NT 6.1; Trident/4.0; AlexaToolbar/amzni-3.0; GTB7.5; SLCC2; .NET CLR 2.0.50727; .NET CLR 3.5.30729; .NET CLR 3.0.30729; Media Center PC 6.0; .NET4.0C; .NET4.0E; AlexaToolbar/amzni-3.0)"
207.170.225.18 - - [03/Apr/2014:11:18:02 -0500] "GET /slider/images/imagslider-1.png HTTP/1.1" 200 69960 "http://www.operationspokaneheroes.org/slider/index.html" "Mozilla/4.0 (compatible; MSIE 8.0; Windows NT 6.1; Trident/4.0; AlexaToolbar/amzni-3.0; GTB7.5; SLCC2; .NET CLR 2.0.50727; .NET CLR 3.5.30729; .NET CLR 3.0.30729; Media Center PC 6.0; .NET4.0C; .NET4.0E; AlexaToolbar/amzni-3.0)"
207.170.225.18 - - [03/Apr/2014:11:18:02 -0500] "GET /slider/images/slider-bg.jpg HTTP/1.1" 200 3447 "http://www.operationspokaneheroes.org/slider/index.html" "Mozilla/4.0 (compatible; MSIE 8.0; Windows NT 6.1; Trident/4.0; AlexaToolbar/amzni-3.0; GTB7.5; SLCC2; .NET CLR 2.0.50727; .NET CLR 3.5.30729; .NET CLR 3.0.30729; Media Center PC 6.0; .NET4.0C; .NET4.0E; AlexaToolbar/amzni-3.0)"
207.170.225.18 - - [03/Apr/2014:11:18:03 -0500] "GET /slider/images/imagslider-2.png HTTP/1.1" 200 62889 "http://www.operationspokaneheroes.org/slider/index.html" "Mozilla/4.0 (compatible; MSIE 8.0; Windows NT 6.1; Trident/4.0; AlexaToolbar/amzni-3.0; GTB7.5; SLCC2; .NET CLR 2.0.50727; .NET CLR 3.5.30729; .NET CLR 3.0.30729; Media Center PC 6.0; .NET4.0C; .NET4.0E; AlexaToolbar/amzni-3.0)"
207.170.225.18 - - [03/Apr/2014:11:18:04 -0500] "GET /images/slder2.png HTTP/1.1" 200 32853 "http://www.operationspokaneheroes.org/slider/index.html" "Mozilla/4.0 (compatible; MSIE 8.0; Windows NT 6.1; Trident/4.0; AlexaToolbar/amzni-3.0; GTB7.5; SLCC2; .NET CLR 2.0.50727; .NET CLR 3.5.30729; .NET CLR 3.0.30729; Media Center PC 6.0; .NET4.0C; .NET4.0E; AlexaToolbar/amzni-3.0)"
207.170.225.18 - - [03/Apr/2014:11:18:06 -0500] "GET /favicon.ico HTTP/1.1" 404 - "-" "Mozilla/4.0 (compatible; MSIE 8.0; Windows NT 6.1; Trident/4.0; AlexaToolbar/amzni-3.0; GTB7.5; SLCC2; .NET CLR 2.0.50727; .NET CLR 3.5.30729; .NET CLR 3.0.30729; Media Center PC 6.0; .NET4.0C; .NET4.0E; AlexaToolbar/amzni-3.0)"
207.170.225.18 - - [03/Apr/2014:11:18:22 -0500] "GET /pdf/Idaho+DOL+Sep+-+Oct+2013.pdf HTTP/1.1" 200 522959 "http://www.operationspokaneheroes.org/slider/index.html" "Mozilla/4.0 (compatible; MSIE 8.0; Windows NT 6.1; Trident/4.0; AlexaToolbar/amzni-3.0; GTB7.5; SLCC2; .NET CLR 2.0.50727; .NET CLR 3.5.30729; .NET CLR 3.0.30729; Media Center PC 6.0; .NET4.0C; .NET4.0E; AlexaToolbar/amzni-3.0)"
207.170.225.18 - - [03/Apr/2014:11:18:23 -0500] "GET /pdf/Idaho+DOL+Sep+-+Oct+2013.pdf HTTP/1.1" 206 466462 "-" "Mozilla/4.0 (compatible; MSIE 8.0; Windows NT 6.1; Trident/4.0; AlexaToolbar/amzni-3.0; GTB7.5; SLCC2; .NET CLR 2.0.50727; .NET CLR 3.5.30729; .NET CLR 3.0.30729; Media Center PC 6.0; .NET4.0C; .NET4.0E; AlexaToolbar/amzni-3.0)"
207.170.225.18 - - [03/Apr/2014:11:18:58 -0500] "GET /pdf/Idaho+DOL+Sep+-+Oct+2013.pdf HTTP/1.1" 206 466959 "http://www.operationspokaneheroes.org/slider/index.html" "Mozilla/4.0 (compatible; MSIE 8.0; Windows NT 6.1; Trident/4.0; AlexaToolbar/amzni-3.0; GTB7.5; SLCC2; .NET CLR 2.0.50727; .NET CLR 3.5.30729; .NET CLR 3.0.30729; Media Center PC 6.0; .NET4.0C; .NET4.0E; AlexaToolbar/amzni-3.0)"
207.170.225.18 - - [03/Apr/2014:11:18:59 -0500] "GET /pdf/Idaho+DOL+Sep+-+Oct+2013.pdf HTTP/1.1" 206 437950 "-" "Mozilla/4.0 (compatible; MSIE 8.0; Windows NT 6.1; Trident/4.0; AlexaToolbar/amzni-3.0; GTB7.5; SLCC2; .NET CLR 2.0.50727; .NET CLR 3.5.30729; .NET CLR 3.0.30729; Media Center PC 6.0; .NET4.0C; .NET4.0E; AlexaToolbar/amzni-3.0)"
207.170.225.18 - - [03/Apr/2014:11:21:05 -0500] "GET /aboutus.php HTTP/1.1" 200 11667 "http://www.operationspokaneheroes.org/" "Mozilla/4.0 (compatible; MSIE 8.0; Windows NT 6.1; Trident/4.0; AlexaToolbar/amzni-3.0; GTB7.5; SLCC2; .NET CLR 2.0.50727; .NET CLR 3.5.30729; .NET CLR 3.0.30729; Media Center PC 6.0; .NET4.0C; .NET4.0E; AlexaToolbar/amzni-3.0)"
207.170.225.18 - - [03/Apr/2014:11:21:06 -0500] "GET /images/global.png HTTP/1.1" 304 - "http://www.operationspokaneheroes.org/aboutus.php" "Mozilla/4.0 (compatible; MSIE 8.0; Windows NT 6.1; Trident/4.0; AlexaToolbar/amzni-3.0; GTB7.5; SLCC2; .NET CLR 2.0.50727; .NET CLR 3.5.30729; .NET CLR 3.0.30729; Media Center PC 6.0; .NET4.0C; .NET4.0E; AlexaToolbar/amzni-3.0)"
207.170.225.18 - - [03/Apr/2014:11:21:06 -0500] "GET /css/global.css HTTP/1.1" 304 - "http://www.operationspokaneheroes.org/aboutus.php" "Mozilla/4.0 (compatible; MSIE 8.0; Windows NT 6.1; Trident/4.0; AlexaToolbar/amzni-3.0; GTB7.5; SLCC2; .NET CLR 2.0.50727; .NET CLR 3.5.30729; .NET CLR 3.0.30729; Media Center PC 6.0; .NET4.0C; .NET4.0E; AlexaToolbar/amzni-3.0)"
207.170.225.18 - - [03/Apr/2014:11:21:06 -0500] "GET /images/logo.png HTTP/1.1" 304 - "http://www.operationspokaneheroes.org/aboutus.php" "Mozilla/4.0 (compatible; MSIE 8.0; Windows NT 6.1; Trident/4.0; AlexaToolbar/amzni-3.0; GTB7.5; SLCC2; .NET CLR 2.0.50727; .NET CLR 3.5.30729; .NET CLR 3.0.30729; Media Center PC 6.0; .NET4.0C; .NET4.0E; AlexaToolbar/amzni-3.0)"
207.170.225.18 - - [03/Apr/2014:11:21:06 -0500] "GET /images/contacticon.png HTTP/1.1" 304 - "http://www.operationspokaneheroes.org/aboutus.php" "Mozilla/4.0 (compatible; MSIE 8.0; Windows NT 6.1; Trident/4.0; AlexaToolbar/amzni-3.0; GTB7.5; SLCC2; .NET CLR 2.0.50727; .NET CLR 3.5.30729; .NET CLR 3.0.30729; Media Center PC 6.0; .NET4.0C; .NET4.0E; AlexaToolbar/amzni-3.0)"
207.170.225.18 - - [03/Apr/2014:11:21:06 -0500] "GET /css/footer.css HTTP/1.1" 304 - "http://www.operationspokaneheroes.org/aboutus.php" "Mozilla/4.0 (compatible; MSIE 8.0; Windows NT 6.1; Trident/4.0; AlexaToolbar/amzni-3.0; GTB7.5; SLCC2; .NET CLR 2.0.50727; .NET CLR 3.5.30729; .NET CLR 3.0.30729; Media Center PC 6.0; .NET4.0C; .NET4.0E; AlexaToolbar/amzni-3.0)"
207.170.225.18 - - [03/Apr/2014:11:21:06 -0500] "GET /images/facebook.png HTTP/1.1" 304 - "http://www.operationspokaneheroes.org/aboutus.php" "Mozilla/4.0 (compatible; MSIE 8.0; Windows NT 6.1; Trident/4.0; AlexaToolbar/amzni-3.0; GTB7.5; SLCC2; .NET CLR 2.0.50727; .NET CLR 3.5.30729; .NET CLR 3.0.30729; Media Center PC 6.0; .NET4.0C; .NET4.0E; AlexaToolbar/amzni-3.0)"
207.170.225.18 - - [03/Apr/2014:11:21:06 -0500] "GET /images/bg2.jpg HTTP/1.1" 304 - "http://www.operationspokaneheroes.org/aboutus.php" "Mozilla/4.0 (compatible; MSIE 8.0; Windows NT 6.1; Trident/4.0; AlexaToolbar/amzni-3.0; GTB7.5; SLCC2; .NET CLR 2.0.50727; .NET CLR 3.5.30729; .NET CLR 3.0.30729; Media Center PC 6.0; .NET4.0C; .NET4.0E; AlexaToolbar/amzni-3.0)"
207.170.225.18 - - [03/Apr/2014:11:21:06 -0500] "GET /images/nav2.jpg HTTP/1.1" 304 - "http://www.operationspokaneheroes.org/aboutus.php" "Mozilla/4.0 (compatible; MSIE 8.0; Windows NT 6.1; Trident/4.0; AlexaToolbar/amzni-3.0; GTB7.5; SLCC2; .NET CLR 2.0.50727; .NET CLR 3.5.30729; .NET CLR 3.0.30729; Media Center PC 6.0; .NET4.0C; .NET4.0E; AlexaToolbar/amzni-3.0)"
207.170.225.18 - - [03/Apr/2014:11:21:06 -0500] "GET /mainbk.png HTTP/1.1" 304 - "http://www.operationspokaneheroes.org/aboutus.php" "Mozilla/4.0 (compatible; MSIE 8.0; Windows NT 6.1; Trident/4.0; AlexaToolbar/amzni-3.0; GTB7.5; SLCC2; .NET CLR 2.0.50727; .NET CLR 3.5.30729; .NET CLR 3.0.30729; Media Center PC 6.0; .NET4.0C; .NET4.0E; AlexaToolbar/amzni-3.0)"
207.170.225.18 - - [03/Apr/2014:11:21:06 -0500] "GET /_inc/slide.php HTTP/1.1" 200 3205 "http://www.operationspokaneheroes.org/aboutus.php" "Mozilla/4.0 (compatible; MSIE 8.0; Windows NT 6.1; Trident/4.0; AlexaToolbar/amzni-3.0; GTB7.5; SLCC2; .NET CLR 2.0.50727; .NET CLR 3.5.30729; .NET CLR 3.0.30729; Media Center PC 6.0; .NET4.0C; .NET4.0E; AlexaToolbar/amzni-3.0)"
207.170.225.18 - - [03/Apr/2014:11:21:06 -0500] "GET /css/style_global.css HTTP/1.1" 304 - "http://www.operationspokaneheroes.org/_inc/slide.php" "Mozilla/4.0 (compatible; MSIE 8.0; Windows NT 6.1; Trident/4.0; AlexaToolbar/amzni-3.0; GTB7.5; SLCC2; .NET CLR 2.0.50727; .NET CLR 3.5.30729; .NET CLR 3.0.30729; Media Center PC 6.0; .NET4.0C; .NET4.0E; AlexaToolbar/amzni-3.0)"
207.170.225.18 - - [03/Apr/2014:11:21:06 -0500] "GET /css/slide.css HTTP/1.1" 304 - "http://www.operationspokaneheroes.org/_inc/slide.php" "Mozilla/4.0 (compatible; MSIE 8.0; Windows NT 6.1; Trident/4.0; AlexaToolbar/amzni-3.0; GTB7.5; SLCC2; .NET CLR 2.0.50727; .NET CLR 3.5.30729; .NET CLR 3.0.30729; Media Center PC 6.0; .NET4.0C; .NET4.0E; AlexaToolbar/amzni-3.0)"
207.170.225.18 - - [03/Apr/2014:11:21:06 -0500] "GET /js/combined.js HTTP/1.1" 304 - "http://www.operationspokaneheroes.org/_inc/slide.php" "Mozilla/4.0 (compatible; MSIE 8.0; Windows NT 6.1; Trident/4.0; AlexaToolbar/amzni-3.0; GTB7.5; SLCC2; .NET CLR 2.0.50727; .NET CLR 3.5.30729; .NET CLR 3.0.30729; Media Center PC 6.0; .NET4.0C; .NET4.0E; AlexaToolbar/amzni-3.0)"
207.170.225.18 - - [03/Apr/2014:11:21:06 -0500] "GET /images/mission_statement_bg.png HTTP/1.1" 304 - "http://www.operationspokaneheroes.org/_inc/slide.php" "Mozilla/4.0 (compatible; MSIE 8.0; Windows NT 6.1; Trident/4.0; AlexaToolbar/amzni-3.0; GTB7.5; SLCC2; .NET CLR 2.0.50727; .NET CLR 3.5.30729; .NET CLR 3.0.30729; Media Center PC 6.0; .NET4.0C; .NET4.0E; AlexaToolbar/amzni-3.0)"
207.170.225.18 - - [03/Apr/2014:11:21:06 -0500] "GET /images/2.jpg HTTP/1.1" 304 - "http://www.operationspokaneheroes.org/_inc/slide.php" "Mozilla/4.0 (compatible; MSIE 8.0; Windows NT 6.1; Trident/4.0; AlexaToolbar/amzni-3.0; GTB7.5; SLCC2; .NET CLR 2.0.50727; .NET CLR 3.5.30729; .NET CLR 3.0.30729; Media Center PC 6.0; .NET4.0C; .NET4.0E; AlexaToolbar/amzni-3.0)"
207.170.225.18 - - [03/Apr/2014:11:21:06 -0500] "GET /images/4.jpg HTTP/1.1" 304 - "http://www.operationspokaneheroes.org/_inc/slide.php" "Mozilla/4.0 (compatible; MSIE 8.0; Windows NT 6.1; Trident/4.0; AlexaToolbar/amzni-3.0; GTB7.5; SLCC2; .NET CLR 2.0.50727; .NET CLR 3.5.30729; .NET CLR 3.0.30729; Media Center PC 6.0; .NET4.0C; .NET4.0E; AlexaToolbar/amzni-3.0)"
207.170.225.18 - - [03/Apr/2014:11:21:06 -0500] "GET /images/we_believe.png HTTP/1.1" 304 - "http://www.operationspokaneheroes.org/_inc/slide.php" "Mozilla/4.0 (compatible; MSIE 8.0; Windows NT 6.1; Trident/4.0; AlexaToolbar/amzni-3.0; GTB7.5; SLCC2; .NET CLR 2.0.50727; .NET CLR 3.5.30729; .NET CLR 3.0.30729; Media Center PC 6.0; .NET4.0C; .NET4.0E; AlexaToolbar/amzni-3.0)"
207.170.225.18 - - [03/Apr/2014:11:21:06 -0500] "GET /images/3.jpg HTTP/1.1" 304 - "http://www.operationspokaneheroes.org/_inc/slide.php" "Mozilla/4.0 (compatible; MSIE 8.0; Windows NT 6.1; Trident/4.0; AlexaToolbar/amzni-3.0; GTB7.5; SLCC2; .NET CLR 2.0.50727; .NET CLR 3.5.30729; .NET CLR 3.0.30729; Media Center PC 6.0; .NET4.0C; .NET4.0E; AlexaToolbar/amzni-3.0)"
207.170.225.18 - - [03/Apr/2014:11:21:06 -0500] "GET /images/we_strive.png HTTP/1.1" 304 - "http://www.operationspokaneheroes.org/_inc/slide.php" "Mozilla/4.0 (compatible; MSIE 8.0; Windows NT 6.1; Trident/4.0; AlexaToolbar/amzni-3.0; GTB7.5; SLCC2; .NET CLR 2.0.50727; .NET CLR 3.5.30729; .NET CLR 3.0.30729; Media Center PC 6.0; .NET4.0C; .NET4.0E; AlexaToolbar/amzni-3.0)"
207.170.225.18 - - [03/Apr/2014:11:21:06 -0500] "GET /images/we_help.png HTTP/1.1" 304 - "http://www.operationspokaneheroes.org/_inc/slide.php" "Mozilla/4.0 (compatible; MSIE 8.0; Windows NT 6.1; Trident/4.0; AlexaToolbar/amzni-3.0; GTB7.5; SLCC2; .NET CLR 2.0.50727; .NET CLR 3.5.30729; .NET CLR 3.0.30729; Media Center PC 6.0; .NET4.0C; .NET4.0E; AlexaToolbar/amzni-3.0)"
207.170.225.18 - - [03/Apr/2014:11:21:06 -0500] "GET /images/1.jpg HTTP/1.1" 304 - "http://www.operationspokaneheroes.org/_inc/slide.php" "Mozilla/4.0 (compatible; MSIE 8.0; Windows NT 6.1; Trident/4.0; AlexaToolbar/amzni-3.0; GTB7.5; SLCC2; .NET CLR 2.0.50727; .NET CLR 3.5.30729; .NET CLR 3.0.30729; Media Center PC 6.0; .NET4.0C; .NET4.0E; AlexaToolbar/amzni-3.0)"
207.170.225.18 - - [03/Apr/2014:11:21:06 -0500] "GET /images/we_need.png HTTP/1.1" 304 - "http://www.operationspokaneheroes.org/_inc/slide.php" "Mozilla/4.0 (compatible; MSIE 8.0; Windows NT 6.1; Trident/4.0; AlexaToolbar/amzni-3.0; GTB7.5; SLCC2; .NET CLR 2.0.50727; .NET CLR 3.5.30729; .NET CLR 3.0.30729; Media Center PC 6.0; .NET4.0C; .NET4.0E; AlexaToolbar/amzni-3.0)"
207.170.225.18 - - [03/Apr/2014:11:21:06 -0500] "GET /assets/images/btn_top_search_hover.png HTTP/1.1" 404 - "http://www.operationspokaneheroes.org/_inc/slide.php" "Mozilla/4.0 (compatible; MSIE 8.0; Windows NT 6.1; Trident/4.0; AlexaToolbar/amzni-3.0; GTB7.5; SLCC2; .NET CLR 2.0.50727; .NET CLR 3.5.30729; .NET CLR 3.0.30729; Media Center PC 6.0; .NET4.0C; .NET4.0E; AlexaToolbar/amzni-3.0)"
207.170.225.18 - - [03/Apr/2014:11:21:06 -0500] "GET /assets/images/btn_main_search_hover.png HTTP/1.1" 404 - "http://www.operationspokaneheroes.org/_inc/slide.php" "Mozilla/4.0 (compatible; MSIE 8.0; Windows NT 6.1; Trident/4.0; AlexaToolbar/amzni-3.0; GTB7.5; SLCC2; .NET CLR 2.0.50727; .NET CLR 3.5.30729; .NET CLR 3.0.30729; Media Center PC 6.0; .NET4.0C; .NET4.0E; AlexaToolbar/amzni-3.0)"
207.170.225.18 - - [03/Apr/2014:11:21:07 -0500] "GET /favicon.ico HTTP/1.1" 404 - "-" "Mozilla/4.0 (compatible; MSIE 8.0; Windows NT 6.1; Trident/4.0; AlexaToolbar/amzni-3.0; GTB7.5; SLCC2; .NET CLR 2.0.50727; .NET CLR 3.5.30729; .NET CLR 3.0.30729; Media Center PC 6.0; .NET4.0C; .NET4.0E; AlexaToolbar/amzni-3.0)"
207.170.225.18 - - [03/Apr/2014:11:21:15 -0500] "GET /index.php HTTP/1.1" 200 10635 "http://www.operationspokaneheroes.org/aboutus.php" "Mozilla/4.0 (compatible; MSIE 8.0; Windows NT 6.1; Trident/4.0; AlexaToolbar/amzni-3.0; GTB7.5; SLCC2; .NET CLR 2.0.50727; .NET CLR 3.5.30729; .NET CLR 3.0.30729; Media Center PC 6.0; .NET4.0C; .NET4.0E; AlexaToolbar/amzni-3.0)"
207.170.225.18 - - [03/Apr/2014:11:21:15 -0500] "GET /slider/index.html HTTP/1.1" 304 - "http://www.operationspokaneheroes.org/index.php" "Mozilla/4.0 (compatible; MSIE 8.0; Windows NT 6.1; Trident/4.0; AlexaToolbar/amzni-3.0; GTB7.5; SLCC2; .NET CLR 2.0.50727; .NET CLR 3.5.30729; .NET CLR 3.0.30729; Media Center PC 6.0; .NET4.0C; .NET4.0E; AlexaToolbar/amzni-3.0)"
207.170.225.18 - - [03/Apr/2014:11:21:15 -0500] "GET /_inc/slide.php HTTP/1.1" 200 3205 "http://www.operationspokaneheroes.org/index.php" "Mozilla/4.0 (compatible; MSIE 8.0; Windows NT 6.1; Trident/4.0; AlexaToolbar/amzni-3.0; GTB7.5; SLCC2; .NET CLR 2.0.50727; .NET CLR 3.5.30729; .NET CLR 3.0.30729; Media Center PC 6.0; .NET4.0C; .NET4.0E; AlexaToolbar/amzni-3.0)"
207.170.225.18 - - [03/Apr/2014:11:21:16 -0500] "GET /slider/css/style.css HTTP/1.1" 304 - "http://www.operationspokaneheroes.org/slider/index.html" "Mozilla/4.0 (compatible; MSIE 8.0; Windows NT 6.1; Trident/4.0; AlexaToolbar/amzni-3.0; GTB7.5; SLCC2; .NET CLR 2.0.50727; .NET CLR 3.5.30729; .NET CLR 3.0.30729; Media Center PC 6.0; .NET4.0C; .NET4.0E; AlexaToolbar/amzni-3.0)"
207.170.225.18 - - [03/Apr/2014:11:21:16 -0500] "GET /slider/js/jquery-1.2.6.js HTTP/1.1" 304 - "http://www.operationspokaneheroes.org/slider/index.html" "Mozilla/4.0 (compatible; MSIE 8.0; Windows NT 6.1; Trident/4.0; AlexaToolbar/amzni-3.0; GTB7.5; SLCC2; .NET CLR 2.0.50727; .NET CLR 3.5.30729; .NET CLR 3.0.30729; Media Center PC 6.0; .NET4.0C; .NET4.0E; AlexaToolbar/amzni-3.0)"
207.170.225.18 - - [03/Apr/2014:11:21:16 -0500] "GET /slider/js/startstop-slider.js HTTP/1.1" 304 - "http://www.operationspokaneheroes.org/slider/index.html" "Mozilla/4.0 (compatible; MSIE 8.0; Windows NT 6.1; Trident/4.0; AlexaToolbar/amzni-3.0; GTB7.5; SLCC2; .NET CLR 2.0.50727; .NET CLR 3.5.30729; .NET CLR 3.0.30729; Media Center PC 6.0; .NET4.0C; .NET4.0E; AlexaToolbar/amzni-3.0)"
207.170.225.18 - - [03/Apr/2014:11:21:16 -0500] "GET /slider/images/imagslider-1.png HTTP/1.1" 304 - "http://www.operationspokaneheroes.org/slider/index.html" "Mozilla/4.0 (compatible; MSIE 8.0; Windows NT 6.1; Trident/4.0; AlexaToolbar/amzni-3.0; GTB7.5; SLCC2; .NET CLR 2.0.50727; .NET CLR 3.5.30729; .NET CLR 3.0.30729; Media Center PC 6.0; .NET4.0C; .NET4.0E; AlexaToolbar/amzni-3.0)"
207.170.225.18 - - [03/Apr/2014:11:21:16 -0500] "GET /slider/images/imagslider-2.png HTTP/1.1" 304 - "http://www.operationspokaneheroes.org/slider/index.html" "Mozilla/4.0 (compatible; MSIE 8.0; Windows NT 6.1; Trident/4.0; AlexaToolbar/amzni-3.0; GTB7.5; SLCC2; .NET CLR 2.0.50727; .NET CLR 3.5.30729; .NET CLR 3.0.30729; Media Center PC 6.0; .NET4.0C; .NET4.0E; AlexaToolbar/amzni-3.0)"
207.170.225.18 - - [03/Apr/2014:11:21:16 -0500] "GET /images/slder2.png HTTP/1.1" 304 - "http://www.operationspokaneheroes.org/slider/index.html" "Mozilla/4.0 (compatible; MSIE 8.0; Windows NT 6.1; Trident/4.0; AlexaToolbar/amzni-3.0; GTB7.5; SLCC2; .NET CLR 2.0.50727; .NET CLR 3.5.30729; .NET CLR 3.0.30729; Media Center PC 6.0; .NET4.0C; .NET4.0E; AlexaToolbar/amzni-3.0)"
207.170.225.18 - - [03/Apr/2014:11:21:16 -0500] "GET /slider/images/slider-bg.jpg HTTP/1.1" 304 - "http://www.operationspokaneheroes.org/slider/index.html" "Mozilla/4.0 (compatible; MSIE 8.0; Windows NT 6.1; Trident/4.0; AlexaToolbar/amzni-3.0; GTB7.5; SLCC2; .NET CLR 2.0.50727; .NET CLR 3.5.30729; .NET CLR 3.0.30729; Media Center PC 6.0; .NET4.0C; .NET4.0E; AlexaToolbar/amzni-3.0)"
207.170.225.18 - - [03/Apr/2014:11:21:16 -0500] "GET /assets/images/btn_main_search_hover.png HTTP/1.1" 404 - "http://www.operationspokaneheroes.org/_inc/slide.php" "Mozilla/4.0 (compatible; MSIE 8.0; Windows NT 6.1; Trident/4.0; AlexaToolbar/amzni-3.0; GTB7.5; SLCC2; .NET CLR 2.0.50727; .NET CLR 3.5.30729; .NET CLR 3.0.30729; Media Center PC 6.0; .NET4.0C; .NET4.0E; AlexaToolbar/amzni-3.0)"
207.170.225.18 - - [03/Apr/2014:11:21:16 -0500] "GET /assets/images/btn_top_search_hover.png HTTP/1.1" 404 - "http://www.operationspokaneheroes.org/_inc/slide.php" "Mozilla/4.0 (compatible; MSIE 8.0; Windows NT 6.1; Trident/4.0; AlexaToolbar/amzni-3.0; GTB7.5; SLCC2; .NET CLR 2.0.50727; .NET CLR 3.5.30729; .NET CLR 3.0.30729; Media Center PC 6.0; .NET4.0C; .NET4.0E; AlexaToolbar/amzni-3.0)"
