189.81.21.202 - - [01/Apr/2014:09:19:23 -0500] "GET /assets/images/btn_top_search_hover.png HTTP/1.1" 404 - "http://operationspokaneheroes.org/_inc/slide.php" "Mozilla/5.0 (Windows NT 6.1; WOW64) AppleWebKit/537.36 (KHTML, like Gecko) Chrome/32.0.1700.107 Safari/537.36"
189.81.21.202 - - [01/Apr/2014:09:19:23 -0500] "GET /assets/images/btn_main_search_hover.png HTTP/1.1" 404 - "http://operationspokaneheroes.org/_inc/slide.php" "Mozilla/5.0 (Windows NT 6.1; WOW64) AppleWebKit/537.36 (KHTML, like Gecko) Chrome/32.0.1700.107 Safari/537.36"
189.81.21.202 - - [01/Apr/2014:09:19:23 -0500] "GET /images/3.jpg HTTP/1.1" 200 240733 "http://operationspokaneheroes.org/_inc/slide.php" "Mozilla/5.0 (Windows NT 6.1; WOW64) AppleWebKit/537.36 (KHTML, like Gecko) Chrome/32.0.1700.107 Safari/537.36"
189.81.21.202 - - [01/Apr/2014:09:19:22 -0500] "GET /images/2.jpg HTTP/1.1" 200 170993 "http://operationspokaneheroes.org/_inc/slide.php" "Mozilla/5.0 (Windows NT 6.1; WOW64) AppleWebKit/537.36 (KHTML, like Gecko) Chrome/32.0.1700.107 Safari/537.36"
189.81.21.202 - - [01/Apr/2014:09:19:23 -0500] "GET /images/1.jpg HTTP/1.1" 200 142489 "http://operationspokaneheroes.org/_inc/slide.php" "Mozilla/5.0 (Windows NT 6.1; WOW64) AppleWebKit/537.36 (KHTML, like Gecko) Chrome/32.0.1700.107 Safari/537.36"
180.76.6.46 - - [01/Apr/2014:09:43:07 -0500] "GET /pdf/ HTTP/1.1" 200 4189 "-" "Mozilla/5.0 (compatible; Baiduspider/2.0; +http://www.baidu.com/search/spider.html)"
157.55.32.87 - - [01/Apr/2014:10:31:53 -0500] "GET / HTTP/1.1" 200 10635 "-" "Mozilla/5.0 (compatible; bingbot/2.0; +http://www.bing.com/bingbot.htm)"
66.249.73.53 - - [01/Apr/2014:10:57:50 -0500] "GET / HTTP/1.1" 200 10635 "-" "Mozilla/5.0 (iPhone; CPU iPhone OS 6_0 like Mac OS X) AppleWebKit/536.26 (KHTML, like Gecko) Version/6.0 Mobile/10A5376e Safari/8536.25 (compatible; Googlebot/2.1; +http://www.google.com/bot.html)"
54.184.80.132 - - [01/Apr/2014:11:25:15 -0500] "GET /robots.txt HTTP/1.1" 404 - "-" "Python-urllib/2.7"
66.249.73.216 - - [01/Apr/2014:11:43:13 -0500] "GET / HTTP/1.1" 200 10635 "-" "Mozilla/5.0 (iPhone; CPU iPhone OS 6_0 like Mac OS X) AppleWebKit/536.26 (KHTML, like Gecko) Version/6.0 Mobile/10A5376e Safari/8536.25 (compatible; Googlebot/2.1; +http://www.google.com/bot.html)"
180.76.5.150 - - [01/Apr/2014:11:59:10 -0500] "GET /pdf/osh_show.pdf HTTP/1.1" 200 6794939 "-" "Mozilla/5.0 (Windows NT 5.1; rv:6.0.2) Gecko/20100101 Firefox/6.0.2"
66.249.73.216 - - [01/Apr/2014:12:00:29 -0500] "GET /css/style_global.css HTTP/1.1" 200 2621 "-" "Mozilla/5.0 (compatible; Googlebot/2.1; +http://www.google.com/bot.html)"
66.249.73.216 - - [01/Apr/2014:12:00:30 -0500] "GET /css/global.css HTTP/1.1" 200 13951 "-" "Mozilla/5.0 (compatible; Googlebot/2.1; +http://www.google.com/bot.html)"
66.249.73.216 - - [01/Apr/2014:12:00:32 -0500] "GET /css/footer.css HTTP/1.1" 200 752 "-" "Mozilla/5.0 (compatible; Googlebot/2.1; +http://www.google.com/bot.html)"
66.249.73.216 - - [01/Apr/2014:12:00:33 -0500] "GET /css/slide.css HTTP/1.1" 200 2869 "-" "Mozilla/5.0 (compatible; Googlebot/2.1; +http://www.google.com/bot.html)"
66.249.73.216 - - [01/Apr/2014:12:00:34 -0500] "GET /js/combined.js HTTP/1.1" 200 169946 "-" "Mozilla/5.0 (compatible; Googlebot/2.1; +http://www.google.com/bot.html)"
66.249.73.216 - - [01/Apr/2014:12:00:34 -0500] "GET /slider/index.html HTTP/1.1" 200 2900 "-" "Mozilla/5.0 (compatible; Googlebot/2.1; +http://www.google.com/bot.html)"
106.120.173.159 - - [01/Apr/2014:12:06:54 -0500] "GET /robots.txt HTTP/1.1" 404 - "-" "Sogou web spider/4.0(+http://www.sogou.com/docs/help/webmasters.htm#07)"
106.120.173.159 - - [01/Apr/2014:12:06:59 -0500] "GET / HTTP/1.1" 200 10635 "-" "Sogou web spider/4.0(+http://www.sogou.com/docs/help/webmasters.htm#07)"
178.154.243.83 - - [01/Apr/2014:12:18:04 -0500] "GET /robots.txt HTTP/1.1" 404 - "-" "Mozilla/5.0 (compatible; YandexImages/3.0; +http://yandex.com/bots)"
96.39.150.38 - - [01/Apr/2014:12:40:41 -0500] "GET / HTTP/1.1" 200 10635 "http://www.fairchild.af.mil/units/publicaffairs/communityrelations/index.asp" "Mozilla/5.0 (Windows NT 6.1; WOW64) AppleWebKit/537.36 (KHTML, like Gecko) Chrome/33.0.1750.154 Safari/537.36"
96.39.150.38 - - [01/Apr/2014:12:40:42 -0500] "GET /css/global.css HTTP/1.1" 200 13951 "http://www.operationspokaneheroes.org/" "Mozilla/5.0 (Windows NT 6.1; WOW64) AppleWebKit/537.36 (KHTML, like Gecko) Chrome/33.0.1750.154 Safari/537.36"
96.39.150.38 - - [01/Apr/2014:12:40:42 -0500] "GET /css/footer.css HTTP/1.1" 200 752 "http://www.operationspokaneheroes.org/" "Mozilla/5.0 (Windows NT 6.1; WOW64) AppleWebKit/537.36 (KHTML, like Gecko) Chrome/33.0.1750.154 Safari/537.36"
96.39.150.38 - - [01/Apr/2014:12:40:42 -0500] "GET /images/contacticon.png HTTP/1.1" 200 4499 "http://www.operationspokaneheroes.org/" "Mozilla/5.0 (Windows NT 6.1; WOW64) AppleWebKit/537.36 (KHTML, like Gecko) Chrome/33.0.1750.154 Safari/537.36"
96.39.150.38 - - [01/Apr/2014:12:40:42 -0500] "GET /slider/index.html HTTP/1.1" 200 2900 "http://www.operationspokaneheroes.org/" "Mozilla/5.0 (Windows NT 6.1; WOW64) AppleWebKit/537.36 (KHTML, like Gecko) Chrome/33.0.1750.154 Safari/537.36"
96.39.150.38 - - [01/Apr/2014:12:40:42 -0500] "GET /_inc/slide.php HTTP/1.1" 200 3205 "http://www.operationspokaneheroes.org/" "Mozilla/5.0 (Windows NT 6.1; WOW64) AppleWebKit/537.36 (KHTML, like Gecko) Chrome/33.0.1750.154 Safari/537.36"
96.39.150.38 - - [01/Apr/2014:12:40:42 -0500] "GET /images/global.png HTTP/1.1" 200 5737 "http://www.operationspokaneheroes.org/" "Mozilla/5.0 (Windows NT 6.1; WOW64) AppleWebKit/537.36 (KHTML, like Gecko) Chrome/33.0.1750.154 Safari/537.36"
96.39.150.38 - - [01/Apr/2014:12:40:42 -0500] "GET /images/facebook.png HTTP/1.1" 200 5004 "http://www.operationspokaneheroes.org/" "Mozilla/5.0 (Windows NT 6.1; WOW64) AppleWebKit/537.36 (KHTML, like Gecko) Chrome/33.0.1750.154 Safari/537.36"
96.39.150.38 - - [01/Apr/2014:12:40:42 -0500] "GET /slider/css/style.css HTTP/1.1" 200 1379 "http://www.operationspokaneheroes.org/slider/index.html" "Mozilla/5.0 (Windows NT 6.1; WOW64) AppleWebKit/537.36 (KHTML, like Gecko) Chrome/33.0.1750.154 Safari/537.36"
96.39.150.38 - - [01/Apr/2014:12:40:42 -0500] "GET /slider/js/startstop-slider.js HTTP/1.1" 200 1737 "http://www.operationspokaneheroes.org/slider/index.html" "Mozilla/5.0 (Windows NT 6.1; WOW64) AppleWebKit/537.36 (KHTML, like Gecko) Chrome/33.0.1750.154 Safari/537.36"
96.39.150.38 - - [01/Apr/2014:12:40:42 -0500] "GET /images/logo.png HTTP/1.1" 200 226129 "http://www.operationspokaneheroes.org/" "Mozilla/5.0 (Windows NT 6.1; WOW64) AppleWebKit/537.36 (KHTML, like Gecko) Chrome/33.0.1750.154 Safari/537.36"
96.39.150.38 - - [01/Apr/2014:12:40:42 -0500] "GET /css/slide.css HTTP/1.1" 200 2869 "http://www.operationspokaneheroes.org/_inc/slide.php" "Mozilla/5.0 (Windows NT 6.1; WOW64) AppleWebKit/537.36 (KHTML, like Gecko) Chrome/33.0.1750.154 Safari/537.36"
96.39.150.38 - - [01/Apr/2014:12:40:42 -0500] "GET /css/style_global.css HTTP/1.1" 200 2621 "http://www.operationspokaneheroes.org/_inc/slide.php" "Mozilla/5.0 (Windows NT 6.1; WOW64) AppleWebKit/537.36 (KHTML, like Gecko) Chrome/33.0.1750.154 Safari/537.36"
96.39.150.38 - - [01/Apr/2014:12:40:42 -0500] "GET /images/nav2.jpg HTTP/1.1" 200 4444 "http://www.operationspokaneheroes.org/" "Mozilla/5.0 (Windows NT 6.1; WOW64) AppleWebKit/537.36 (KHTML, like Gecko) Chrome/33.0.1750.154 Safari/537.36"
96.39.150.38 - - [01/Apr/2014:12:40:42 -0500] "GET /mainbk.png HTTP/1.1" 200 290 "http://www.operationspokaneheroes.org/" "Mozilla/5.0 (Windows NT 6.1; WOW64) AppleWebKit/537.36 (KHTML, like Gecko) Chrome/33.0.1750.154 Safari/537.36"
96.39.150.38 - - [01/Apr/2014:12:40:42 -0500] "GET /slider/images/imagslider-2.png HTTP/1.1" 200 62889 "http://www.operationspokaneheroes.org/slider/index.html" "Mozilla/5.0 (Windows NT 6.1; WOW64) AppleWebKit/537.36 (KHTML, like Gecko) Chrome/33.0.1750.154 Safari/537.36"
96.39.150.38 - - [01/Apr/2014:12:40:42 -0500] "GET /slider/js/jquery-1.2.6.js HTTP/1.1" 200 100196 "http://www.operationspokaneheroes.org/slider/index.html" "Mozilla/5.0 (Windows NT 6.1; WOW64) AppleWebKit/537.36 (KHTML, like Gecko) Chrome/33.0.1750.154 Safari/537.36"
96.39.150.38 - - [01/Apr/2014:12:40:42 -0500] "GET /images/bg2.jpg HTTP/1.1" 200 55206 "http://www.operationspokaneheroes.org/" "Mozilla/5.0 (Windows NT 6.1; WOW64) AppleWebKit/537.36 (KHTML, like Gecko) Chrome/33.0.1750.154 Safari/537.36"
96.39.150.38 - - [01/Apr/2014:12:40:42 -0500] "GET /slider/images/slider-bg.jpg HTTP/1.1" 200 3447 "http://www.operationspokaneheroes.org/slider/index.html" "Mozilla/5.0 (Windows NT 6.1; WOW64) AppleWebKit/537.36 (KHTML, like Gecko) Chrome/33.0.1750.154 Safari/537.36"
96.39.150.38 - - [01/Apr/2014:12:40:42 -0500] "GET /images/slder2.png HTTP/1.1" 200 32853 "http://www.operationspokaneheroes.org/slider/index.html" "Mozilla/5.0 (Windows NT 6.1; WOW64) AppleWebKit/537.36 (KHTML, like Gecko) Chrome/33.0.1750.154 Safari/537.36"
96.39.150.38 - - [01/Apr/2014:12:40:42 -0500] "GET /slider/images/imagslider-1.png HTTP/1.1" 200 69960 "http://www.operationspokaneheroes.org/slider/index.html" "Mozilla/5.0 (Windows NT 6.1; WOW64) AppleWebKit/537.36 (KHTML, like Gecko) Chrome/33.0.1750.154 Safari/537.36"
96.39.150.38 - - [01/Apr/2014:12:40:42 -0500] "GET /js/combined.js HTTP/1.1" 200 169946 "http://www.operationspokaneheroes.org/_inc/slide.php" "Mozilla/5.0 (Windows NT 6.1; WOW64) AppleWebKit/537.36 (KHTML, like Gecko) Chrome/33.0.1750.154 Safari/537.36"
96.39.150.38 - - [01/Apr/2014:12:40:43 -0500] "GET /images/we_strive.png HTTP/1.1" 200 1981 "http://www.operationspokaneheroes.org/_inc/slide.php" "Mozilla/5.0 (Windows NT 6.1; WOW64) AppleWebKit/537.36 (KHTML, like Gecko) Chrome/33.0.1750.154 Safari/537.36"
96.39.150.38 - - [01/Apr/2014:12:40:43 -0500] "GET /images/we_believe.png HTTP/1.1" 200 1785 "http://www.operationspokaneheroes.org/_inc/slide.php" "Mozilla/5.0 (Windows NT 6.1; WOW64) AppleWebKit/537.36 (KHTML, like Gecko) Chrome/33.0.1750.154 Safari/537.36"
96.39.150.38 - - [01/Apr/2014:12:40:43 -0500] "GET /images/mission_statement_bg.png HTTP/1.1" 200 11413 "http://www.operationspokaneheroes.org/_inc/slide.php" "Mozilla/5.0 (Windows NT 6.1; WOW64) AppleWebKit/537.36 (KHTML, like Gecko) Chrome/33.0.1750.154 Safari/537.36"
96.39.150.38 - - [01/Apr/2014:12:40:43 -0500] "GET /images/we_help.png HTTP/1.1" 200 1514 "http://www.operationspokaneheroes.org/_inc/slide.php" "Mozilla/5.0 (Windows NT 6.1; WOW64) AppleWebKit/537.36 (KHTML, like Gecko) Chrome/33.0.1750.154 Safari/537.36"
96.39.150.38 - - [01/Apr/2014:12:40:43 -0500] "GET /images/we_need.png HTTP/1.1" 200 2138 "http://www.operationspokaneheroes.org/_inc/slide.php" "Mozilla/5.0 (Windows NT 6.1; WOW64) AppleWebKit/537.36 (KHTML, like Gecko) Chrome/33.0.1750.154 Safari/537.36"
96.39.150.38 - - [01/Apr/2014:12:40:43 -0500] "GET /images/2.jpg HTTP/1.1" 200 170993 "http://www.operationspokaneheroes.org/_inc/slide.php" "Mozilla/5.0 (Windows NT 6.1; WOW64) AppleWebKit/537.36 (KHTML, like Gecko) Chrome/33.0.1750.154 Safari/537.36"
96.39.150.38 - - [01/Apr/2014:12:40:43 -0500] "GET /assets/images/btn_top_search_hover.png HTTP/1.1" 404 - "http://www.operationspokaneheroes.org/_inc/slide.php" "Mozilla/5.0 (Windows NT 6.1; WOW64) AppleWebKit/537.36 (KHTML, like Gecko) Chrome/33.0.1750.154 Safari/537.36"
96.39.150.38 - - [01/Apr/2014:12:40:43 -0500] "GET /assets/images/btn_main_search_hover.png HTTP/1.1" 404 - "http://www.operationspokaneheroes.org/_inc/slide.php" "Mozilla/5.0 (Windows NT 6.1; WOW64) AppleWebKit/537.36 (KHTML, like Gecko) Chrome/33.0.1750.154 Safari/537.36"
96.39.150.38 - - [01/Apr/2014:12:40:43 -0500] "GET /images/4.jpg HTTP/1.1" 200 186934 "http://www.operationspokaneheroes.org/_inc/slide.php" "Mozilla/5.0 (Windows NT 6.1; WOW64) AppleWebKit/537.36 (KHTML, like Gecko) Chrome/33.0.1750.154 Safari/537.36"
96.39.150.38 - - [01/Apr/2014:12:40:43 -0500] "GET /images/3.jpg HTTP/1.1" 200 240733 "http://www.operationspokaneheroes.org/_inc/slide.php" "Mozilla/5.0 (Windows NT 6.1; WOW64) AppleWebKit/537.36 (KHTML, like Gecko) Chrome/33.0.1750.154 Safari/537.36"
96.39.150.38 - - [01/Apr/2014:12:40:43 -0500] "GET /images/1.jpg HTTP/1.1" 200 142489 "http://www.operationspokaneheroes.org/_inc/slide.php" "Mozilla/5.0 (Windows NT 6.1; WOW64) AppleWebKit/537.36 (KHTML, like Gecko) Chrome/33.0.1750.154 Safari/537.36"
96.39.150.38 - - [01/Apr/2014:12:40:43 -0500] "GET /favicon.ico HTTP/1.1" 404 - "-" "Mozilla/5.0 (Windows NT 6.1; WOW64) AppleWebKit/537.36 (KHTML, like Gecko) Chrome/33.0.1750.154 Safari/537.36"
178.154.243.83 - - [01/Apr/2014:13:17:53 -0500] "GET /events/carousel_11/images/10.jpg HTTP/1.1" 304 - "-" "Mozilla/5.0 (compatible; YandexImages/3.0; +http://yandex.com/bots)"
66.220.152.114 - - [01/Apr/2014:13:19:52 -0500] "GET / HTTP/1.1" 200 10635 "-" "facebookexternalhit/1.1 (+http://www.facebook.com/externalhit_uatext.php)"
66.220.152.116 - - [01/Apr/2014:13:19:54 -0500] "GET /images/facebook.png HTTP/1.1" 200 5004 "http://www.operationspokaneheroes.org/" "facebookexternalhit/1.1 (+http://www.facebook.com/externalhit_uatext.php)"
66.220.152.119 - - [01/Apr/2014:13:19:54 -0500] "GET /images/global.png HTTP/1.1" 200 5737 "http://www.operationspokaneheroes.org/" "facebookexternalhit/1.1 (+http://www.facebook.com/externalhit_uatext.php)"
69.171.248.6 - - [01/Apr/2014:13:19:56 -0500] "GET /images/global.png HTTP/1.1" 200 5737 "-" "facebookexternalhit/1.1 (+http://www.facebook.com/externalhit_uatext.php)"
69.171.248.2 - - [01/Apr/2014:13:19:56 -0500] "GET /images/facebook.png HTTP/1.1" 200 5004 "-" "facebookexternalhit/1.1 (+http://www.facebook.com/externalhit_uatext.php)"
98.247.90.77 - - [01/Apr/2014:13:37:03 -0500] "GET / HTTP/1.1" 200 10635 "http://www.google.com/url?sa=t&rct=j&q=&esrc=s&source=web&cd=1&ved=0CCcQFjAA&url=http%3A%2F%2Fwww.operationspokaneheroes.org%2F&ei=TAc7U-2iBcmflQWjpoH4Cw&usg=AFQjCNELhoWkVVZy6dp_kJlmhnClIeUkrg&bvm=bv.63934634,d.dGI" "Mozilla/5.0 (Windows NT 6.1; WOW64; Trident/7.0; rv:11.0) like Gecko"
98.247.90.77 - - [01/Apr/2014:13:37:04 -0500] "GET /images/contacticon.png HTTP/1.1" 200 4499 "http://www.operationspokaneheroes.org/" "Mozilla/5.0 (Windows NT 6.1; WOW64; Trident/7.0; rv:11.0) like Gecko"
98.247.90.77 - - [01/Apr/2014:13:37:04 -0500] "GET /images/facebook.png HTTP/1.1" 200 5004 "http://www.operationspokaneheroes.org/" "Mozilla/5.0 (Windows NT 6.1; WOW64; Trident/7.0; rv:11.0) like Gecko"
98.247.90.77 - - [01/Apr/2014:13:37:04 -0500] "GET /images/global.png HTTP/1.1" 200 5737 "http://www.operationspokaneheroes.org/" "Mozilla/5.0 (Windows NT 6.1; WOW64; Trident/7.0; rv:11.0) like Gecko"
98.247.90.77 - - [01/Apr/2014:13:37:04 -0500] "GET /css/footer.css HTTP/1.1" 200 752 "http://www.operationspokaneheroes.org/" "Mozilla/5.0 (Windows NT 6.1; WOW64; Trident/7.0; rv:11.0) like Gecko"
98.247.90.77 - - [01/Apr/2014:13:37:03 -0500] "GET /css/global.css HTTP/1.1" 200 13951 "http://www.operationspokaneheroes.org/" "Mozilla/5.0 (Windows NT 6.1; WOW64; Trident/7.0; rv:11.0) like Gecko"
98.247.90.77 - - [01/Apr/2014:13:37:04 -0500] "GET /slider/index.html HTTP/1.1" 200 2900 "http://www.operationspokaneheroes.org/" "Mozilla/5.0 (Windows NT 6.1; WOW64; Trident/7.0; rv:11.0) like Gecko"
98.247.90.77 - - [01/Apr/2014:13:37:04 -0500] "GET /mainbk.png HTTP/1.1" 200 290 "http://www.operationspokaneheroes.org/" "Mozilla/5.0 (Windows NT 6.1; WOW64; Trident/7.0; rv:11.0) like Gecko"
98.247.90.77 - - [01/Apr/2014:13:37:04 -0500] "GET /images/nav2.jpg HTTP/1.1" 200 4444 "http://www.operationspokaneheroes.org/" "Mozilla/5.0 (Windows NT 6.1; WOW64; Trident/7.0; rv:11.0) like Gecko"
98.247.90.77 - - [01/Apr/2014:13:37:04 -0500] "GET /_inc/slide.php HTTP/1.1" 200 3205 "http://www.operationspokaneheroes.org/" "Mozilla/5.0 (Windows NT 6.1; WOW64; Trident/7.0; rv:11.0) like Gecko"
98.247.90.77 - - [01/Apr/2014:13:37:04 -0500] "GET /slider/css/style.css HTTP/1.1" 200 1379 "http://www.operationspokaneheroes.org/slider/index.html" "Mozilla/5.0 (Windows NT 6.1; WOW64; Trident/7.0; rv:11.0) like Gecko"
98.247.90.77 - - [01/Apr/2014:13:37:04 -0500] "GET /slider/js/startstop-slider.js HTTP/1.1" 200 1737 "http://www.operationspokaneheroes.org/slider/index.html" "Mozilla/5.0 (Windows NT 6.1; WOW64; Trident/7.0; rv:11.0) like Gecko"
98.247.90.77 - - [01/Apr/2014:13:37:04 -0500] "GET /css/slide.css HTTP/1.1" 200 2869 "http://www.operationspokaneheroes.org/_inc/slide.php" "Mozilla/5.0 (Windows NT 6.1; WOW64; Trident/7.0; rv:11.0) like Gecko"
98.247.90.77 - - [01/Apr/2014:13:37:04 -0500] "GET /css/style_global.css HTTP/1.1" 200 2621 "http://www.operationspokaneheroes.org/_inc/slide.php" "Mozilla/5.0 (Windows NT 6.1; WOW64; Trident/7.0; rv:11.0) like Gecko"
98.247.90.77 - - [01/Apr/2014:13:37:04 -0500] "GET /images/bg2.jpg HTTP/1.1" 200 55206 "http://www.operationspokaneheroes.org/" "Mozilla/5.0 (Windows NT 6.1; WOW64; Trident/7.0; rv:11.0) like Gecko"
98.247.90.77 - - [01/Apr/2014:13:37:04 -0500] "GET /images/slder2.png HTTP/1.1" 200 32853 "http://www.operationspokaneheroes.org/slider/index.html" "Mozilla/5.0 (Windows NT 6.1; WOW64; Trident/7.0; rv:11.0) like Gecko"
98.247.90.77 - - [01/Apr/2014:13:37:04 -0500] "GET /slider/js/jquery-1.2.6.js HTTP/1.1" 200 100196 "http://www.operationspokaneheroes.org/slider/index.html" "Mozilla/5.0 (Windows NT 6.1; WOW64; Trident/7.0; rv:11.0) like Gecko"
98.247.90.77 - - [01/Apr/2014:13:37:04 -0500] "GET /images/logo.png HTTP/1.1" 200 226129 "http://www.operationspokaneheroes.org/" "Mozilla/5.0 (Windows NT 6.1; WOW64; Trident/7.0; rv:11.0) like Gecko"
98.247.90.77 - - [01/Apr/2014:13:37:04 -0500] "GET /slider/images/imagslider-1.png HTTP/1.1" 200 69960 "http://www.operationspokaneheroes.org/slider/index.html" "Mozilla/5.0 (Windows NT 6.1; WOW64; Trident/7.0; rv:11.0) like Gecko"
98.247.90.77 - - [01/Apr/2014:13:37:04 -0500] "GET /slider/images/slider-bg.jpg HTTP/1.1" 200 3447 "http://www.operationspokaneheroes.org/slider/index.html" "Mozilla/5.0 (Windows NT 6.1; WOW64; Trident/7.0; rv:11.0) like Gecko"
98.247.90.77 - - [01/Apr/2014:13:37:04 -0500] "GET /slider/images/imagslider-2.png HTTP/1.1" 200 62889 "http://www.operationspokaneheroes.org/slider/index.html" "Mozilla/5.0 (Windows NT 6.1; WOW64; Trident/7.0; rv:11.0) like Gecko"
98.247.90.77 - - [01/Apr/2014:13:37:04 -0500] "GET /js/combined.js HTTP/1.1" 200 169946 "http://www.operationspokaneheroes.org/_inc/slide.php" "Mozilla/5.0 (Windows NT 6.1; WOW64; Trident/7.0; rv:11.0) like Gecko"
98.247.90.77 - - [01/Apr/2014:13:37:04 -0500] "GET /assets/images/btn_main_search_hover.png HTTP/1.1" 404 - "http://www.operationspokaneheroes.org/_inc/slide.php" "Mozilla/5.0 (Windows NT 6.1; WOW64; Trident/7.0; rv:11.0) like Gecko"
98.247.90.77 - - [01/Apr/2014:13:37:04 -0500] "GET /images/mission_statement_bg.png HTTP/1.1" 200 11413 "http://www.operationspokaneheroes.org/_inc/slide.php" "Mozilla/5.0 (Windows NT 6.1; WOW64; Trident/7.0; rv:11.0) like Gecko"
98.247.90.77 - - [01/Apr/2014:13:37:04 -0500] "GET /assets/images/btn_top_search_hover.png HTTP/1.1" 404 - "http://www.operationspokaneheroes.org/_inc/slide.php" "Mozilla/5.0 (Windows NT 6.1; WOW64; Trident/7.0; rv:11.0) like Gecko"
98.247.90.77 - - [01/Apr/2014:13:37:04 -0500] "GET /images/we_need.png HTTP/1.1" 200 2138 "http://www.operationspokaneheroes.org/_inc/slide.php" "Mozilla/5.0 (Windows NT 6.1; WOW64; Trident/7.0; rv:11.0) like Gecko"
98.247.90.77 - - [01/Apr/2014:13:37:04 -0500] "GET /images/we_help.png HTTP/1.1" 200 1514 "http://www.operationspokaneheroes.org/_inc/slide.php" "Mozilla/5.0 (Windows NT 6.1; WOW64; Trident/7.0; rv:11.0) like Gecko"
98.247.90.77 - - [01/Apr/2014:13:37:04 -0500] "GET /images/we_believe.png HTTP/1.1" 200 1785 "http://www.operationspokaneheroes.org/_inc/slide.php" "Mozilla/5.0 (Windows NT 6.1; WOW64; Trident/7.0; rv:11.0) like Gecko"
98.247.90.77 - - [01/Apr/2014:13:37:04 -0500] "GET /images/1.jpg HTTP/1.1" 200 142489 "http://www.operationspokaneheroes.org/_inc/slide.php" "Mozilla/5.0 (Windows NT 6.1; WOW64; Trident/7.0; rv:11.0) like Gecko"
98.247.90.77 - - [01/Apr/2014:13:37:04 -0500] "GET /images/we_strive.png HTTP/1.1" 200 1981 "http://www.operationspokaneheroes.org/_inc/slide.php" "Mozilla/5.0 (Windows NT 6.1; WOW64; Trident/7.0; rv:11.0) like Gecko"
98.247.90.77 - - [01/Apr/2014:13:37:04 -0500] "GET /images/2.jpg HTTP/1.1" 200 170993 "http://www.operationspokaneheroes.org/_inc/slide.php" "Mozilla/5.0 (Windows NT 6.1; WOW64; Trident/7.0; rv:11.0) like Gecko"
98.247.90.77 - - [01/Apr/2014:13:37:04 -0500] "GET /favicon.ico HTTP/1.1" 404 - "-" "Mozilla/5.0 (Windows NT 6.1; Win64; x64; Trident/7.0; rv:11.0) like Gecko"
98.247.90.77 - - [01/Apr/2014:13:37:04 -0500] "GET /images/4.jpg HTTP/1.1" 200 186934 "http://www.operationspokaneheroes.org/_inc/slide.php" "Mozilla/5.0 (Windows NT 6.1; WOW64; Trident/7.0; rv:11.0) like Gecko"
98.247.90.77 - - [01/Apr/2014:13:37:04 -0500] "GET /images/3.jpg HTTP/1.1" 200 240733 "http://www.operationspokaneheroes.org/_inc/slide.php" "Mozilla/5.0 (Windows NT 6.1; WOW64; Trident/7.0; rv:11.0) like Gecko"
77.75.77.36 - - [01/Apr/2014:13:44:51 -0500] "GET /robots.txt HTTP/1.1" 404 - "-" "Mozilla/5.0 (compatible; SeznamBot/3.2; +http://fulltext.sblog.cz/)"
77.75.77.36 - - [01/Apr/2014:13:44:53 -0500] "GET /aboutus.php HTTP/1.1" 200 11667 "-" "Mozilla/5.0 (compatible; SeznamBot/3.2; +http://fulltext.sblog.cz/)"
178.154.243.83 - - [01/Apr/2014:14:17:42 -0500] "GET /events/carousel_11/images/11.jpg HTTP/1.1" 304 - "-" "Mozilla/5.0 (compatible; YandexImages/3.0; +http://yandex.com/bots)"
157.55.32.87 - - [01/Apr/2014:14:47:56 -0500] "GET /robots.txt HTTP/1.1" 404 - "-" "Mozilla/5.0 (compatible; bingbot/2.0; +http://www.bing.com/bingbot.htm)"
157.55.32.87 - - [01/Apr/2014:14:48:09 -0500] "GET / HTTP/1.1" 200 10635 "-" "Mozilla/5.0 (compatible; bingbot/2.0; +http://www.bing.com/bingbot.htm)"
23.251.151.200 - - [01/Apr/2014:14:53:12 -0500] "GET / HTTP/1.0" 200 10635 "-" "Wget/1.12 (linux-gnu)"
93.160.60.22 - - [01/Apr/2014:15:11:13 -0500] "GET / HTTP/1.1" 200 10635 "-" "Mozilla/4.0 (compatible; MSIE 7.0; Windows NT 5.0) LinkCheck by Siteimprove.com"
178.154.243.83 - - [01/Apr/2014:15:36:36 -0500] "GET /events/carousel_11/images/4.jpg HTTP/1.1" 304 - "-" "Mozilla/5.0 (compatible; YandexImages/3.0; +http://yandex.com/bots)"
66.225.13.46 - - [01/Apr/2014:15:38:54 -0500] "GET / HTTP/1.0" 200 10635 "http://www.google.com/url?sa=t&rct=j&q=&esrc=s&frm=1&source=web&cd=1&sqi=2&ved=0CCYQFjAA&url=http%3A%2F%2Fwww.operationspokaneheroes.org%2F&ei=1CM7U4GBKsmBlQXl_YGAAQ&usg=AFQjCNELhoWkVVZy6dp_kJlmhnClIeUkrg&bvm=bv.63934634,d.aWc" "Mozilla/5.0 (compatible; MSIE 9.0; Windows NT 6.1; Win64; x64; Trident/5.0; MDDSJS)"
66.225.13.46 - - [01/Apr/2014:15:38:54 -0500] "GET /images/global.png HTTP/1.0" 200 5737 "http://www.operationspokaneheroes.org/" "Mozilla/5.0 (compatible; MSIE 9.0; Windows NT 6.1; Win64; x64; Trident/5.0; MDDSJS)"
66.225.13.46 - - [01/Apr/2014:15:38:54 -0500] "GET /images/contacticon.png HTTP/1.0" 200 4499 "http://www.operationspokaneheroes.org/" "Mozilla/5.0 (compatible; MSIE 9.0; Windows NT 6.1; Win64; x64; Trident/5.0; MDDSJS)"
66.225.13.46 - - [01/Apr/2014:15:38:54 -0500] "GET /css/global.css HTTP/1.0" 200 13951 "http://www.operationspokaneheroes.org/" "Mozilla/5.0 (compatible; MSIE 9.0; Windows NT 6.1; Win64; x64; Trident/5.0; MDDSJS)"
66.225.13.46 - - [01/Apr/2014:15:38:54 -0500] "GET /css/footer.css HTTP/1.0" 200 752 "http://www.operationspokaneheroes.org/" "Mozilla/5.0 (compatible; MSIE 9.0; Windows NT 6.1; Win64; x64; Trident/5.0; MDDSJS)"
66.225.13.46 - - [01/Apr/2014:15:38:54 -0500] "GET /images/facebook.png HTTP/1.0" 200 5004 "http://www.operationspokaneheroes.org/" "Mozilla/5.0 (compatible; MSIE 9.0; Windows NT 6.1; Win64; x64; Trident/5.0; MDDSJS)"
66.225.13.46 - - [01/Apr/2014:15:38:54 -0500] "GET /slider/index.html HTTP/1.0" 200 2900 "http://www.operationspokaneheroes.org/" "Mozilla/5.0 (compatible; MSIE 9.0; Windows NT 6.1; Win64; x64; Trident/5.0; MDDSJS)"
66.225.13.46 - - [01/Apr/2014:15:38:54 -0500] "GET /images/nav2.jpg HTTP/1.0" 200 4444 "http://www.operationspokaneheroes.org/" "Mozilla/5.0 (compatible; MSIE 9.0; Windows NT 6.1; Win64; x64; Trident/5.0; MDDSJS)"
66.225.13.46 - - [01/Apr/2014:15:38:54 -0500] "GET /mainbk.png HTTP/1.0" 200 290 "http://www.operationspokaneheroes.org/" "Mozilla/5.0 (compatible; MSIE 9.0; Windows NT 6.1; Win64; x64; Trident/5.0; MDDSJS)"
66.225.13.46 - - [01/Apr/2014:15:38:54 -0500] "GET /_inc/slide.php HTTP/1.0" 200 3205 "http://www.operationspokaneheroes.org/" "Mozilla/5.0 (compatible; MSIE 9.0; Windows NT 6.1; Win64; x64; Trident/5.0; MDDSJS)"
66.225.13.46 - - [01/Apr/2014:15:38:54 -0500] "GET /slider/css/style.css HTTP/1.0" 200 1379 "http://www.operationspokaneheroes.org/slider/index.html" "Mozilla/5.0 (compatible; MSIE 9.0; Windows NT 6.1; Win64; x64; Trident/5.0; MDDSJS)"
66.225.13.46 - - [01/Apr/2014:15:38:54 -0500] "GET /slider/js/startstop-slider.js HTTP/1.0" 200 1737 "http://www.operationspokaneheroes.org/slider/index.html" "Mozilla/5.0 (compatible; MSIE 9.0; Windows NT 6.1; Win64; x64; Trident/5.0; MDDSJS)"
66.225.13.46 - - [01/Apr/2014:15:38:54 -0500] "GET /images/logo.png HTTP/1.0" 200 226129 "http://www.operationspokaneheroes.org/" "Mozilla/5.0 (compatible; MSIE 9.0; Windows NT 6.1; Win64; x64; Trident/5.0; MDDSJS)"
66.225.13.46 - - [01/Apr/2014:15:38:54 -0500] "GET /images/bg2.jpg HTTP/1.0" 200 55206 "http://www.operationspokaneheroes.org/" "Mozilla/5.0 (compatible; MSIE 9.0; Windows NT 6.1; Win64; x64; Trident/5.0; MDDSJS)"
66.225.13.46 - - [01/Apr/2014:15:38:54 -0500] "GET /images/slder2.png HTTP/1.0" 200 32853 "http://www.operationspokaneheroes.org/slider/index.html" "Mozilla/5.0 (compatible; MSIE 9.0; Windows NT 6.1; Win64; x64; Trident/5.0; MDDSJS)"
66.225.13.46 - - [01/Apr/2014:15:38:54 -0500] "GET /slider/js/jquery-1.2.6.js HTTP/1.0" 200 100196 "http://www.operationspokaneheroes.org/slider/index.html" "Mozilla/5.0 (compatible; MSIE 9.0; Windows NT 6.1; Win64; x64; Trident/5.0; MDDSJS)"
66.225.13.46 - - [01/Apr/2014:15:38:55 -0500] "GET /css/slide.css HTTP/1.0" 200 2869 "http://www.operationspokaneheroes.org/_inc/slide.php" "Mozilla/5.0 (compatible; MSIE 9.0; Windows NT 6.1; Win64; x64; Trident/5.0; MDDSJS)"
66.225.13.46 - - [01/Apr/2014:15:38:55 -0500] "GET /css/style_global.css HTTP/1.0" 200 2621 "http://www.operationspokaneheroes.org/_inc/slide.php" "Mozilla/5.0 (compatible; MSIE 9.0; Windows NT 6.1; Win64; x64; Trident/5.0; MDDSJS)"
66.225.13.46 - - [01/Apr/2014:15:38:55 -0500] "GET /slider/images/imagslider-2.png HTTP/1.0" 200 62889 "http://www.operationspokaneheroes.org/slider/index.html" "Mozilla/5.0 (compatible; MSIE 9.0; Windows NT 6.1; Win64; x64; Trident/5.0; MDDSJS)"
66.225.13.46 - - [01/Apr/2014:15:38:55 -0500] "GET /slider/images/slider-bg.jpg HTTP/1.0" 200 3447 "http://www.operationspokaneheroes.org/slider/index.html" "Mozilla/5.0 (compatible; MSIE 9.0; Windows NT 6.1; Win64; x64; Trident/5.0; MDDSJS)"
66.225.13.46 - - [01/Apr/2014:15:38:55 -0500] "GET /js/combined.js HTTP/1.0" 200 169946 "http://www.operationspokaneheroes.org/_inc/slide.php" "Mozilla/5.0 (compatible; MSIE 9.0; Windows NT 6.1; Win64; x64; Trident/5.0; MDDSJS)"
66.225.13.46 - - [01/Apr/2014:15:38:54 -0500] "GET /slider/images/imagslider-1.png HTTP/1.0" 200 69960 "http://www.operationspokaneheroes.org/slider/index.html" "Mozilla/5.0 (compatible; MSIE 9.0; Windows NT 6.1; Win64; x64; Trident/5.0; MDDSJS)"
66.225.13.46 - - [01/Apr/2014:15:38:55 -0500] "GET /assets/images/btn_top_search_hover.png HTTP/1.0" 404 - "http://www.operationspokaneheroes.org/_inc/slide.php" "Mozilla/5.0 (compatible; MSIE 9.0; Windows NT 6.1; Win64; x64; Trident/5.0; MDDSJS)"
66.225.13.46 - - [01/Apr/2014:15:38:55 -0500] "GET /assets/images/btn_main_search_hover.png HTTP/1.0" 404 - "http://www.operationspokaneheroes.org/_inc/slide.php" "Mozilla/5.0 (compatible; MSIE 9.0; Windows NT 6.1; Win64; x64; Trident/5.0; MDDSJS)"
66.225.13.46 - - [01/Apr/2014:15:38:55 -0500] "GET /images/we_strive.png HTTP/1.0" 200 1981 "http://www.operationspokaneheroes.org/_inc/slide.php" "Mozilla/5.0 (compatible; MSIE 9.0; Windows NT 6.1; Win64; x64; Trident/5.0; MDDSJS)"
66.225.13.46 - - [01/Apr/2014:15:38:55 -0500] "GET /favicon.ico HTTP/1.0" 404 - "-" "Mozilla/5.0 (compatible; MSIE 9.0; Windows NT 6.1; Win64; x64; Trident/5.0; MDDSJS)"
66.225.13.46 - - [01/Apr/2014:15:38:55 -0500] "GET /images/mission_statement_bg.png HTTP/1.0" 200 11413 "http://www.operationspokaneheroes.org/_inc/slide.php" "Mozilla/5.0 (compatible; MSIE 9.0; Windows NT 6.1; Win64; x64; Trident/5.0; MDDSJS)"
66.225.13.46 - - [01/Apr/2014:15:38:55 -0500] "GET /images/we_help.png HTTP/1.0" 200 1514 "http://www.operationspokaneheroes.org/_inc/slide.php" "Mozilla/5.0 (compatible; MSIE 9.0; Windows NT 6.1; Win64; x64; Trident/5.0; MDDSJS)"
66.225.13.46 - - [01/Apr/2014:15:38:55 -0500] "GET /images/2.jpg HTTP/1.0" 200 170993 "http://www.operationspokaneheroes.org/_inc/slide.php" "Mozilla/5.0 (compatible; MSIE 9.0; Windows NT 6.1; Win64; x64; Trident/5.0; MDDSJS)"
66.225.13.46 - - [01/Apr/2014:15:38:55 -0500] "GET /images/we_believe.png HTTP/1.0" 200 1785 "http://www.operationspokaneheroes.org/_inc/slide.php" "Mozilla/5.0 (compatible; MSIE 9.0; Windows NT 6.1; Win64; x64; Trident/5.0; MDDSJS)"
66.225.13.46 - - [01/Apr/2014:15:38:55 -0500] "GET /images/3.jpg HTTP/1.0" 200 240733 "http://www.operationspokaneheroes.org/_inc/slide.php" "Mozilla/5.0 (compatible; MSIE 9.0; Windows NT 6.1; Win64; x64; Trident/5.0; MDDSJS)"
66.225.13.46 - - [01/Apr/2014:15:38:55 -0500] "GET /images/we_need.png HTTP/1.0" 200 2138 "http://www.operationspokaneheroes.org/_inc/slide.php" "Mozilla/5.0 (compatible; MSIE 9.0; Windows NT 6.1; Win64; x64; Trident/5.0; MDDSJS)"
66.225.13.46 - - [01/Apr/2014:15:38:55 -0500] "GET /images/1.jpg HTTP/1.0" 200 142489 "http://www.operationspokaneheroes.org/_inc/slide.php" "Mozilla/5.0 (compatible; MSIE 9.0; Windows NT 6.1; Win64; x64; Trident/5.0; MDDSJS)"
66.225.13.46 - - [01/Apr/2014:15:38:55 -0500] "GET /images/4.jpg HTTP/1.0" 200 186934 "http://www.operationspokaneheroes.org/_inc/slide.php" "Mozilla/5.0 (compatible; MSIE 9.0; Windows NT 6.1; Win64; x64; Trident/5.0; MDDSJS)"
180.76.6.60 - - [01/Apr/2014:16:04:06 -0500] "GET /pdf/AFLP%203%20Plate.pdf HTTP/1.1" 304 - "-" "Mozilla/5.0 (Windows NT 5.1; rv:6.0.2) Gecko/20100101 Firefox/6.0.2"
208.115.111.70 - - [01/Apr/2014:16:08:44 -0500] "GET /robots.txt HTTP/1.1" 404 - "-" "Mozilla/5.0 (compatible; Ezooms/1.0; help@moz.com)"
157.55.32.87 - - [01/Apr/2014:16:41:37 -0500] "GET / HTTP/1.1" 200 10635 "-" "Mozilla/5.0 (compatible; bingbot/2.0; +http://www.bing.com/bingbot.htm)"
208.115.111.70 - - [01/Apr/2014:17:23:09 -0500] "GET /aboutus.php HTTP/1.1" 200 11667 "-" "Mozilla/5.0 (compatible; Ezooms/1.0; help@moz.com)"
220.181.108.169 - - [01/Apr/2014:18:10:41 -0500] "GET / HTTP/1.1" 200 10635 "-" "Mozilla/5.0 (compatible; Baiduspider/2.0; +http://www.baidu.com/search/spider.html)"
123.125.71.106 - - [01/Apr/2014:18:17:31 -0500] "GET / HTTP/1.1" 200 10635 "-" "Mozilla/5.0 (compatible; Baiduspider/2.0; +http://www.baidu.com/search/spider.html)"
157.55.32.87 - - [01/Apr/2014:19:21:24 -0500] "GET / HTTP/1.1" 200 10635 "-" "Mozilla/5.0 (compatible; bingbot/2.0; +http://www.bing.com/bingbot.htm)"
202.46.61.27 - - [01/Apr/2014:19:44:52 -0500] "GET / HTTP/1.1" 200 10635 "-" "Mozilla/4.0 (compatible; MSIE 7.0; Windows NT 6.0)"
119.63.193.195 - - [01/Apr/2014:19:44:57 -0500] "GET / HTTP/1.1" 200 10635 "-" "Mozilla/4.0 (compatible; MSIE 7.0; Windows NT 6.0)"
180.76.6.153 - - [01/Apr/2014:19:51:51 -0500] "GET /pdf/Hiring%20Our%20Heroes%20Sept%202013%20Career%20Fair%20Flyer.pdf HTTP/1.1" 304 - "-" "Mozilla/5.0 (Windows NT 5.1; rv:6.0.2) Gecko/20100101 Firefox/6.0.2"
208.115.111.70 - - [01/Apr/2014:20:09:37 -0500] "GET /robots.txt HTTP/1.1" 404 - "-" "Mozilla/5.0 (compatible; Ezooms/1.0; help@moz.com)"
207.118.73.112 - - [01/Apr/2014:20:35:16 -0500] "GET / HTTP/1.1" 200 10635 "http://www.google.com/search?hl=en&redir_esc=&client=ms-android-hms-tmobile-us&source=android-launcher-widget&v=134000000&qsubts=1396402480724&action=devloc&q=assistance+for+spokane+families+in+need&v=134000000" "Mozilla/5.0 (Linux; U; Android 2.3.6; en-us; SGH-T679 Build/GINGERBREAD) AppleWebKit/533.1 (KHTML, like Gecko) Version/4.0 Mobile Safari/533.1"
207.118.73.112 - - [01/Apr/2014:20:35:16 -0500] "GET /css/global.css HTTP/1.1" 200 13951 "http://www.operationspokaneheroes.org/" "Mozilla/5.0 (Linux; U; Android 2.3.6; en-us; SGH-T679 Build/GINGERBREAD) AppleWebKit/533.1 (KHTML, like Gecko) Version/4.0 Mobile Safari/533.1"
207.118.73.112 - - [01/Apr/2014:20:35:16 -0500] "GET /images/global.png HTTP/1.1" 200 5737 "http://www.operationspokaneheroes.org/" "Mozilla/5.0 (Linux; U; Android 2.3.6; en-us; SGH-T679 Build/GINGERBREAD) AppleWebKit/533.1 (KHTML, like Gecko) Version/4.0 Mobile Safari/533.1"
207.118.73.112 - - [01/Apr/2014:20:35:16 -0500] "GET /images/contacticon.png HTTP/1.1" 200 4499 "http://www.operationspokaneheroes.org/" "Mozilla/5.0 (Linux; U; Android 2.3.6; en-us; SGH-T679 Build/GINGERBREAD) AppleWebKit/533.1 (KHTML, like Gecko) Version/4.0 Mobile Safari/533.1"
207.118.73.112 - - [01/Apr/2014:20:35:16 -0500] "GET /slider/index.html HTTP/1.1" 200 2900 "http://www.operationspokaneheroes.org/" "Mozilla/5.0 (Linux; U; Android 2.3.6; en-us; SGH-T679 Build/GINGERBREAD) AppleWebKit/533.1 (KHTML, like Gecko) Version/4.0 Mobile Safari/533.1"
207.118.73.112 - - [01/Apr/2014:20:35:16 -0500] "GET /css/footer.css HTTP/1.1" 200 752 "http://www.operationspokaneheroes.org/" "Mozilla/5.0 (Linux; U; Android 2.3.6; en-us; SGH-T679 Build/GINGERBREAD) AppleWebKit/533.1 (KHTML, like Gecko) Version/4.0 Mobile Safari/533.1"
207.118.73.112 - - [01/Apr/2014:20:35:16 -0500] "GET /images/facebook.png HTTP/1.1" 200 5004 "http://www.operationspokaneheroes.org/" "Mozilla/5.0 (Linux; U; Android 2.3.6; en-us; SGH-T679 Build/GINGERBREAD) AppleWebKit/533.1 (KHTML, like Gecko) Version/4.0 Mobile Safari/533.1"
207.118.73.112 - - [01/Apr/2014:20:35:16 -0500] "GET /_inc/slide.php HTTP/1.1" 200 3205 "http://www.operationspokaneheroes.org/" "Mozilla/5.0 (Linux; U; Android 2.3.6; en-us; SGH-T679 Build/GINGERBREAD) AppleWebKit/533.1 (KHTML, like Gecko) Version/4.0 Mobile Safari/533.1"
207.118.73.112 - - [01/Apr/2014:20:35:17 -0500] "GET /images/nav2.jpg HTTP/1.1" 200 4444 "http://www.operationspokaneheroes.org/" "Mozilla/5.0 (Linux; U; Android 2.3.6; en-us; SGH-T679 Build/GINGERBREAD) AppleWebKit/533.1 (KHTML, like Gecko) Version/4.0 Mobile Safari/533.1"
207.118.73.112 - - [01/Apr/2014:20:35:17 -0500] "GET /mainbk.png HTTP/1.1" 200 290 "http://www.operationspokaneheroes.org/" "Mozilla/5.0 (Linux; U; Android 2.3.6; en-us; SGH-T679 Build/GINGERBREAD) AppleWebKit/533.1 (KHTML, like Gecko) Version/4.0 Mobile Safari/533.1"
207.118.73.112 - - [01/Apr/2014:20:35:17 -0500] "GET /slider/css/style.css HTTP/1.1" 200 1379 "http://www.operationspokaneheroes.org/slider/index.html" "Mozilla/5.0 (Linux; U; Android 2.3.6; en-us; SGH-T679 Build/GINGERBREAD) AppleWebKit/533.1 (KHTML, like Gecko) Version/4.0 Mobile Safari/533.1"
207.118.73.112 - - [01/Apr/2014:20:35:17 -0500] "GET /slider/js/startstop-slider.js HTTP/1.1" 200 1737 "http://www.operationspokaneheroes.org/slider/index.html" "Mozilla/5.0 (Linux; U; Android 2.3.6; en-us; SGH-T679 Build/GINGERBREAD) AppleWebKit/533.1 (KHTML, like Gecko) Version/4.0 Mobile Safari/533.1"
207.118.73.112 - - [01/Apr/2014:20:35:17 -0500] "GET /css/slide.css HTTP/1.1" 200 2869 "http://www.operationspokaneheroes.org/_inc/slide.php" "Mozilla/5.0 (Linux; U; Android 2.3.6; en-us; SGH-T679 Build/GINGERBREAD) AppleWebKit/533.1 (KHTML, like Gecko) Version/4.0 Mobile Safari/533.1"
207.118.73.112 - - [01/Apr/2014:20:35:17 -0500] "GET /css/style_global.css HTTP/1.1" 200 2621 "http://www.operationspokaneheroes.org/_inc/slide.php" "Mozilla/5.0 (Linux; U; Android 2.3.6; en-us; SGH-T679 Build/GINGERBREAD) AppleWebKit/533.1 (KHTML, like Gecko) Version/4.0 Mobile Safari/533.1"
207.118.73.112 - - [01/Apr/2014:20:35:17 -0500] "GET /images/bg2.jpg HTTP/1.1" 200 55206 "http://www.operationspokaneheroes.org/" "Mozilla/5.0 (Linux; U; Android 2.3.6; en-us; SGH-T679 Build/GINGERBREAD) AppleWebKit/533.1 (KHTML, like Gecko) Version/4.0 Mobile Safari/533.1"
207.118.73.112 - - [01/Apr/2014:20:35:17 -0500] "GET /slider/js/jquery-1.2.6.js HTTP/1.1" 200 100196 "http://www.operationspokaneheroes.org/slider/index.html" "Mozilla/5.0 (Linux; U; Android 2.3.6; en-us; SGH-T679 Build/GINGERBREAD) AppleWebKit/533.1 (KHTML, like Gecko) Version/4.0 Mobile Safari/533.1"
207.118.73.112 - - [01/Apr/2014:20:35:16 -0500] "GET /images/logo.png HTTP/1.1" 200 226129 "http://www.operationspokaneheroes.org/" "Mozilla/5.0 (Linux; U; Android 2.3.6; en-us; SGH-T679 Build/GINGERBREAD) AppleWebKit/533.1 (KHTML, like Gecko) Version/4.0 Mobile Safari/533.1"
207.118.73.112 - - [01/Apr/2014:20:35:19 -0500] "GET /slider/images/slider-bg.jpg HTTP/1.1" 200 3447 "http://www.operationspokaneheroes.org/slider/index.html" "Mozilla/5.0 (Linux; U; Android 2.3.6; en-us; SGH-T679 Build/GINGERBREAD) AppleWebKit/533.1 (KHTML, like Gecko) Version/4.0 Mobile Safari/533.1"
207.118.73.112 - - [01/Apr/2014:20:35:19 -0500] "GET /images/slder2.png HTTP/1.1" 200 32853 "http://www.operationspokaneheroes.org/slider/index.html" "Mozilla/5.0 (Linux; U; Android 2.3.6; en-us; SGH-T679 Build/GINGERBREAD) AppleWebKit/533.1 (KHTML, like Gecko) Version/4.0 Mobile Safari/533.1"
207.118.73.112 - - [01/Apr/2014:20:35:19 -0500] "GET /slider/images/imagslider-1.png HTTP/1.1" 200 69960 "http://www.operationspokaneheroes.org/slider/index.html" "Mozilla/5.0 (Linux; U; Android 2.3.6; en-us; SGH-T679 Build/GINGERBREAD) AppleWebKit/533.1 (KHTML, like Gecko) Version/4.0 Mobile Safari/533.1"
207.118.73.112 - - [01/Apr/2014:20:35:20 -0500] "GET /slider/images/imagslider-2.png HTTP/1.1" 200 62889 "http://www.operationspokaneheroes.org/slider/index.html" "Mozilla/5.0 (Linux; U; Android 2.3.6; en-us; SGH-T679 Build/GINGERBREAD) AppleWebKit/533.1 (KHTML, like Gecko) Version/4.0 Mobile Safari/533.1"
207.118.73.112 - - [01/Apr/2014:20:35:17 -0500] "GET /js/combined.js HTTP/1.1" 200 169946 "http://www.operationspokaneheroes.org/_inc/slide.php" "Mozilla/5.0 (Linux; U; Android 2.3.6; en-us; SGH-T679 Build/GINGERBREAD) AppleWebKit/533.1 (KHTML, like Gecko) Version/4.0 Mobile Safari/533.1"
207.118.73.112 - - [01/Apr/2014:20:35:22 -0500] "GET /images/mission_statement_bg.png HTTP/1.1" 200 11413 "http://www.operationspokaneheroes.org/_inc/slide.php" "Mozilla/5.0 (Linux; U; Android 2.3.6; en-us; SGH-T679 Build/GINGERBREAD) AppleWebKit/533.1 (KHTML, like Gecko) Version/4.0 Mobile Safari/533.1"
207.118.73.112 - - [01/Apr/2014:20:35:22 -0500] "GET /images/we_believe.png HTTP/1.1" 200 1785 "http://www.operationspokaneheroes.org/_inc/slide.php" "Mozilla/5.0 (Linux; U; Android 2.3.6; en-us; SGH-T679 Build/GINGERBREAD) AppleWebKit/533.1 (KHTML, like Gecko) Version/4.0 Mobile Safari/533.1"
207.118.73.112 - - [01/Apr/2014:20:35:22 -0500] "GET /images/we_strive.png HTTP/1.1" 200 1981 "http://www.operationspokaneheroes.org/_inc/slide.php" "Mozilla/5.0 (Linux; U; Android 2.3.6; en-us; SGH-T679 Build/GINGERBREAD) AppleWebKit/533.1 (KHTML, like Gecko) Version/4.0 Mobile Safari/533.1"
207.118.73.112 - - [01/Apr/2014:20:35:22 -0500] "GET /images/we_help.png HTTP/1.1" 200 1514 "http://www.operationspokaneheroes.org/_inc/slide.php" "Mozilla/5.0 (Linux; U; Android 2.3.6; en-us; SGH-T679 Build/GINGERBREAD) AppleWebKit/533.1 (KHTML, like Gecko) Version/4.0 Mobile Safari/533.1"
207.118.73.112 - - [01/Apr/2014:20:35:22 -0500] "GET /images/we_need.png HTTP/1.1" 200 2138 "http://www.operationspokaneheroes.org/_inc/slide.php" "Mozilla/5.0 (Linux; U; Android 2.3.6; en-us; SGH-T679 Build/GINGERBREAD) AppleWebKit/533.1 (KHTML, like Gecko) Version/4.0 Mobile Safari/533.1"
207.118.73.112 - - [01/Apr/2014:20:35:22 -0500] "GET /assets/images/btn_top_search_hover.png HTTP/1.1" 404 - "http://www.operationspokaneheroes.org/_inc/slide.php" "Mozilla/5.0 (Linux; U; Android 2.3.6; en-us; SGH-T679 Build/GINGERBREAD) AppleWebKit/533.1 (KHTML, like Gecko) Version/4.0 Mobile Safari/533.1"
207.118.73.112 - - [01/Apr/2014:20:35:22 -0500] "GET /assets/images/btn_main_search_hover.png HTTP/1.1" 404 - "http://www.operationspokaneheroes.org/_inc/slide.php" "Mozilla/5.0 (Linux; U; Android 2.3.6; en-us; SGH-T679 Build/GINGERBREAD) AppleWebKit/533.1 (KHTML, like Gecko) Version/4.0 Mobile Safari/533.1"
207.118.73.112 - - [01/Apr/2014:20:35:22 -0500] "GET /images/4.jpg HTTP/1.1" 200 186934 "http://www.operationspokaneheroes.org/_inc/slide.php" "Mozilla/5.0 (Linux; U; Android 2.3.6; en-us; SGH-T679 Build/GINGERBREAD) AppleWebKit/533.1 (KHTML, like Gecko) Version/4.0 Mobile Safari/533.1"
207.118.73.112 - - [01/Apr/2014:20:35:22 -0500] "GET /images/3.jpg HTTP/1.1" 200 240733 "http://www.operationspokaneheroes.org/_inc/slide.php" "Mozilla/5.0 (Linux; U; Android 2.3.6; en-us; SGH-T679 Build/GINGERBREAD) AppleWebKit/533.1 (KHTML, like Gecko) Version/4.0 Mobile Safari/533.1"
207.118.73.112 - - [01/Apr/2014:20:35:22 -0500] "GET /images/2.jpg HTTP/1.1" 200 170993 "http://www.operationspokaneheroes.org/_inc/slide.php" "Mozilla/5.0 (Linux; U; Android 2.3.6; en-us; SGH-T679 Build/GINGERBREAD) AppleWebKit/533.1 (KHTML, like Gecko) Version/4.0 Mobile Safari/533.1"
207.118.73.112 - - [01/Apr/2014:20:35:22 -0500] "GET /images/1.jpg HTTP/1.1" 200 142489 "http://www.operationspokaneheroes.org/_inc/slide.php" "Mozilla/5.0 (Linux; U; Android 2.3.6; en-us; SGH-T679 Build/GINGERBREAD) AppleWebKit/533.1 (KHTML, like Gecko) Version/4.0 Mobile Safari/533.1"
207.118.73.112 - - [01/Apr/2014:20:35:26 -0500] "GET /favicon.ico HTTP/1.1" 404 - "http://www.operationspokaneheroes.org/" "Mozilla/5.0 (Linux; U; Android 2.3.6; en-us; SGH-T679 Build/GINGERBREAD) AppleWebKit/533.1 (KHTML, like Gecko) Version/4.0 Mobile Safari/533.1"
208.115.111.70 - - [01/Apr/2014:21:18:37 -0500] "GET /aboutus.php HTTP/1.1" 200 11667 "-" "Mozilla/5.0 (compatible; Ezooms/1.0; help@moz.com)"
178.154.243.83 - - [01/Apr/2014:22:17:08 -0500] "GET /events/carousel_11/images/2.jpg HTTP/1.1" 304 - "-" "Mozilla/5.0 (compatible; YandexImages/3.0; +http://yandex.com/bots)"
66.249.73.216 - - [01/Apr/2014:22:50:41 -0500] "GET /robots.txt HTTP/1.1" 404 - "-" "Mozilla/5.0 (compatible; Googlebot/2.1; +http://www.google.com/bot.html)"
66.249.73.216 - - [01/Apr/2014:22:50:41 -0500] "GET /pdf/Hiring%20Our%20Heroes%20Sept%202013%20Career%20Fair%20Flyer.pdf HTTP/1.1" 304 - "-" "SAMSUNG-SGH-E250/1.0 Profile/MIDP-2.0 Configuration/CLDC-1.1 UP.Browser/6.2.3.3.c.1.101 (GUI) MMP/2.0 (compatible; Googlebot-Mobile/2.1; +http://www.google.com/bot.html)"
180.76.6.143 - - [01/Apr/2014:23:25:01 -0500] "GET /pdf/OSH%20Freedom%20Fridays%20Flyer%20w-back.pdf HTTP/1.1" 200 1146408 "-" "Mozilla/5.0 (Windows NT 5.1; rv:6.0.2) Gecko/20100101 Firefox/6.0.2"
66.249.73.53 - - [01/Apr/2014:23:53:25 -0500] "GET /robots.txt HTTP/1.1" 404 - "-" "Mozilla/5.0 (compatible; Googlebot/2.1; +http://www.google.com/bot.html)"
66.249.73.53 - - [01/Apr/2014:23:53:25 -0500] "GET /pdf/REVISION2%20Military%20Kids%20Camp%202012%20(2).pdf HTTP/1.1" 200 1691328 "-" "Mozilla/5.0 (compatible; Googlebot/2.1; +http://www.google.com/bot.html)"
68.180.224.176 - - [01/Apr/2014:23:53:47 -0500] "GET /robots.txt HTTP/1.1" 404 - "-" "Mozilla/5.0 (compatible; Yahoo! Slurp; http://help.yahoo.com/help/us/ysearch/slurp)"
68.180.224.176 - - [01/Apr/2014:23:53:47 -0500] "GET / HTTP/1.1" 200 10635 "-" "Mozilla/5.0 (compatible; Yahoo! Slurp; http://help.yahoo.com/help/us/ysearch/slurp)"
68.180.224.176 - - [01/Apr/2014:23:55:09 -0500] "GET /contact.php HTTP/1.1" 200 10519 "-" "Mozilla/5.0 (compatible; Yahoo! Slurp; http://help.yahoo.com/help/us/ysearch/slurp)"
68.180.224.176 - - [01/Apr/2014:23:55:15 -0500] "GET /index.php HTTP/1.1" 200 10635 "-" "Mozilla/5.0 (compatible; Yahoo! Slurp; http://help.yahoo.com/help/us/ysearch/slurp)"
66.249.73.53 - - [02/Apr/2014:00:24:50 -0500] "GET /freedom.php HTTP/1.1" 200 11227 "-" "Mozilla/5.0 (compatible; Googlebot/2.1; +http://www.google.com/bot.html)"
178.255.215.83 - - [02/Apr/2014:00:50:57 -0500] "GET /robots.txt HTTP/1.1" 404 - "-" "Mozilla/5.0 (compatible; Exabot/3.0 (BiggerBetter); +http://www.exabot.com/go/robot)"
178.255.215.83 - - [02/Apr/2014:00:50:58 -0500] "GET /_inc/slide.php HTTP/1.1" 200 3205 "-" "Mozilla/5.0 (compatible; Exabot/3.0 (BiggerBetter); +http://www.exabot.com/go/robot)"
66.249.73.53 - - [02/Apr/2014:01:03:36 -0500] "GET /pdf/11x17%20Pennant%20Run%20Poster.pdf HTTP/1.1" 200 3075560 "-" "Mozilla/5.0 (compatible; Googlebot/2.1; +http://www.google.com/bot.html)"
66.249.73.53 - - [02/Apr/2014:01:42:57 -0500] "GET /pdf/Operation%20Wings%20of%20Hope%20Poster.pdf HTTP/1.1" 200 298825 "-" "Mozilla/5.0 (compatible; Googlebot/2.1; +http://www.google.com/bot.html)"
180.76.5.57 - - [02/Apr/2014:01:47:44 -0500] "GET /pdf/WAwillvetsFINAL.pdf HTTP/1.1" 200 4202968 "-" "Mozilla/5.0 (Windows NT 5.1; rv:6.0.2) Gecko/20100101 Firefox/6.0.2"
208.115.111.70 - - [02/Apr/2014:02:03:06 -0500] "GET /robots.txt HTTP/1.1" 404 - "-" "Mozilla/5.0 (compatible; Ezooms/1.0; help@moz.com)"
144.76.95.231 - - [02/Apr/2014:02:30:54 -0500] "GET /robots.txt HTTP/1.0" 404 - "-" "Mozilla/5.0 (compatible; MJ12bot/v1.4.4; http://www.majestic12.co.uk/bot.php?+)"
144.76.95.231 - - [02/Apr/2014:02:30:59 -0500] "GET / HTTP/1.0" 200 10635 "-" "Mozilla/5.0 (compatible; MJ12bot/v1.4.4; http://www.majestic12.co.uk/bot.php?+)"
144.76.95.231 - - [02/Apr/2014:02:31:01 -0500] "GET /calendar.php HTTP/1.0" 200 10644 "-" "Mozilla/5.0 (compatible; MJ12bot/v1.4.4; http://www.majestic12.co.uk/bot.php?+)"
144.76.95.231 - - [02/Apr/2014:02:31:07 -0500] "GET /robots.txt HTTP/1.0" 404 - "-" "Mozilla/5.0 (compatible; MJ12bot/v1.4.4; http://www.majestic12.co.uk/bot.php?+)"
144.76.95.231 - - [02/Apr/2014:02:31:19 -0500] "GET / HTTP/1.0" 200 10635 "-" "Mozilla/5.0 (compatible; MJ12bot/v1.4.4; http://www.majestic12.co.uk/bot.php?+)"
144.76.95.231 - - [02/Apr/2014:02:31:24 -0500] "GET /calendar.php HTTP/1.0" 200 10644 "-" "Mozilla/5.0 (compatible; MJ12bot/v1.4.4; http://www.majestic12.co.uk/bot.php?+)"
144.76.95.231 - - [02/Apr/2014:02:31:29 -0500] "GET /donate.php HTTP/1.0" 200 11699 "-" "Mozilla/5.0 (compatible; MJ12bot/v1.4.4; http://www.majestic12.co.uk/bot.php?+)"
157.56.92.159 - - [02/Apr/2014:02:54:52 -0500] "GET /robots.txt HTTP/1.1" 404 - "-" "Mozilla/5.0 (compatible; bingbot/2.0; +http://www.bing.com/bingbot.htm)"
180.76.6.66 - - [02/Apr/2014:02:57:19 -0500] "GET /js/'+s.src+' HTTP/1.1" 404 - "-" "Mozilla/5.0 (compatible; Baiduspider/2.0; +http://www.baidu.com/search/spider.html)"
66.249.73.53 - - [02/Apr/2014:02:57:28 -0500] "GET /pdf/veteran_benefits.pdf HTTP/1.1" 200 111163 "-" "Mozilla/5.0 (compatible; Googlebot/2.1; +http://www.google.com/bot.html)"
157.55.32.87 - - [02/Apr/2014:03:02:38 -0500] "GET /robots.txt HTTP/1.1" 404 - "-" "Mozilla/5.0 (compatible; bingbot/2.0; +http://www.bing.com/bingbot.htm)"
178.154.243.83 - - [02/Apr/2014:03:03:15 -0500] "GET /events/vet_picnic/images/5.jpg HTTP/1.1" 304 - "-" "Mozilla/5.0 (compatible; YandexImages/3.0; +http://yandex.com/bots)"
130.0.234.47 - - [02/Apr/2014:03:36:23 -0500] "GET / HTTP/1.1" 200 10635 "-" "Mozilla/5.0 (Windows NT 6.1; WOW64; rv:23.0) Gecko/20100101 Firefox/23.0"
66.249.73.53 - - [02/Apr/2014:03:44:52 -0500] "GET /pdf/Survival%20Camp%202013%202%20pg%20flyer.pdf HTTP/1.1" 304 - "-" "Mozilla/5.0 (compatible; Googlebot/2.1; +http://www.google.com/bot.html)"
199.58.86.206 - - [02/Apr/2014:03:49:17 -0500] "GET /robots.txt HTTP/1.0" 404 - "-" "Mozilla/5.0 (compatible; MJ12bot/v1.4.4; http://www.majestic12.co.uk/bot.php?+)"
199.58.86.206 - - [02/Apr/2014:03:49:19 -0500] "GET /java_for_joes/index.html HTTP/1.0" 404 - "-" "Mozilla/5.0 (compatible; MJ12bot/v1.4.4; http://www.majestic12.co.uk/bot.php?+)"
178.154.243.83 - - [02/Apr/2014:03:49:21 -0500] "GET /events/ermy_event/images/9.jpg HTTP/1.1" 304 - "-" "Mozilla/5.0 (compatible; YandexImages/3.0; +http://yandex.com/bots)"
157.55.32.87 - - [02/Apr/2014:03:53:00 -0500] "GET / HTTP/1.1" 200 10635 "-" "Mozilla/5.0 (compatible; bingbot/2.0; +http://www.bing.com/bingbot.htm)"
178.154.243.83 - - [02/Apr/2014:04:12:22 -0500] "GET /events/carousel_11/images/9.jpg HTTP/1.1" 304 - "-" "Mozilla/5.0 (compatible; YandexImages/3.0; +http://yandex.com/bots)"
178.154.243.83 - - [02/Apr/2014:04:35:23 -0500] "GET /events/vet_picnic/images/3.jpg HTTP/1.1" 304 - "-" "Mozilla/5.0 (compatible; YandexImages/3.0; +http://yandex.com/bots)"
180.76.6.140 - - [02/Apr/2014:04:39:12 -0500] "GET /robots.txt HTTP/1.1" 404 - "-" "Mozilla/5.0 (Windows NT 5.1; rv:6.0.2) Gecko/20100101 Firefox/6.0.2"
66.249.73.53 - - [02/Apr/2014:04:39:58 -0500] "GET /events/ermy_event/ermy.html HTTP/1.1" 304 - "-" "Mozilla/5.0 (compatible; Googlebot/2.1; +http://www.google.com/bot.html)"
157.55.32.87 - - [02/Apr/2014:04:51:19 -0500] "GET / HTTP/1.1" 200 10635 "-" "Mozilla/5.0 (compatible; bingbot/2.0; +http://www.bing.com/bingbot.htm)"
157.55.32.117 - - [02/Apr/2014:04:56:00 -0500] "GET /contact.php HTTP/1.1" 200 10519 "-" "Mozilla/5.0 (compatible; bingbot/2.0; +http://www.bing.com/bingbot.htm)"
178.154.243.83 - - [02/Apr/2014:04:58:24 -0500] "GET /events/ermy_event/images/3.jpg HTTP/1.1" 304 - "-" "Mozilla/5.0 (compatible; YandexImages/3.0; +http://yandex.com/bots)"
208.115.111.70 - - [02/Apr/2014:05:01:19 -0500] "GET /aboutus.php HTTP/1.1" 200 11667 "-" "Mozilla/5.0 (compatible; Ezooms/1.0; help@moz.com)"
178.154.243.83 - - [02/Apr/2014:05:21:26 -0500] "GET /events/ermy_event/images/10.jpg HTTP/1.1" 304 - "-" "Mozilla/5.0 (compatible; YandexImages/3.0; +http://yandex.com/bots)"
202.46.57.61 - - [02/Apr/2014:05:43:34 -0500] "GET / HTTP/1.1" 200 10635 "-" "Mozilla/4.0 (compatible; MSIE 7.0; Windows NT 6.0)"
119.63.193.130 - - [02/Apr/2014:05:43:35 -0500] "GET / HTTP/1.1" 200 10635 "-" "Mozilla/4.0 (compatible; MSIE 7.0; Windows NT 6.0)"
178.154.243.83 - - [02/Apr/2014:05:44:27 -0500] "GET /events/ermy_event/images/8.jpg HTTP/1.1" 304 - "-" "Mozilla/5.0 (compatible; YandexImages/3.0; +http://yandex.com/bots)"
