66.249.75.210 - - [04/Aug/2013:15:09:50 -0500] "GET /pdf/freaky_farms.pdf HTTP/1.1" 304 - "-" "Mozilla/5.0 (compatible; Googlebot/2.1; +http://www.google.com/bot.html)"
66.249.75.61 - - [04/Aug/2013:15:15:18 -0500] "GET /pdf/march_for_the%20_fallen.pdf HTTP/1.1" 304 - "-" "Mozilla/5.0 (compatible; Googlebot/2.1; +http://www.google.com/bot.html)"
88.190.241.168 - - [04/Aug/2013:15:19:17 -0500] "GET /aboutus.php HTTP/1.0" 200 11667 "http://operationspokaneheroes.org/aboutus.php" "Opera/9.80 (Windows NT 5.1; U; MRA 8.0 (build 5784); ru) Presto/2.10.289 Version/12.02"
180.76.5.188 - - [04/Aug/2013:16:33:04 -0500] "GET /robots.txt HTTP/1.1" 404 - "-" "Mozilla/5.0 (Windows NT 5.1; rv:6.0.2) Gecko/20100101 Firefox/6.0.2"
66.249.75.210 - - [04/Aug/2013:16:34:31 -0500] "GET /events/ermy_event/images/6.jpg HTTP/1.1" 304 - "-" "Googlebot-Image/1.0"
66.249.75.61 - - [04/Aug/2013:16:37:06 -0500] "GET /pdf/Spokane%20Indians%20Pennant%20poster-color%20copy.pdf HTTP/1.1" 304 - "-" "Mozilla/5.0 (compatible; Googlebot/2.1; +http://www.google.com/bot.html)"
157.55.35.86 - - [04/Aug/2013:17:26:00 -0500] "GET /robots.txt HTTP/1.1" 404 - "-" "Mozilla/5.0 (compatible; bingbot/2.0; +http://www.bing.com/bingbot.htm)"
157.55.35.86 - - [04/Aug/2013:17:26:38 -0500] "GET / HTTP/1.1" 200 10635 "-" "Mozilla/5.0 (compatible; bingbot/2.0; +http://www.bing.com/bingbot.htm)"
66.249.75.210 - - [04/Aug/2013:17:26:40 -0500] "GET /robots.txt HTTP/1.1" 404 - "-" "Mozilla/5.0 (compatible; Googlebot/2.1; +http://www.google.com/bot.html)"
66.249.75.210 - - [04/Aug/2013:17:26:40 -0500] "GET / HTTP/1.1" 200 10635 "-" "SAMSUNG-SGH-E250/1.0 Profile/MIDP-2.0 Configuration/CLDC-1.1 UP.Browser/6.2.3.3.c.1.101 (GUI) MMP/2.0 (compatible; Googlebot-Mobile/2.1; +http://www.google.com/bot.html)"
23.20.43.109 - - [04/Aug/2013:17:30:16 -0500] "GET /robots.txt HTTP/1.0" 404 - "-" "MyNutchTest/Nutch-1.7"
23.20.43.109 - - [04/Aug/2013:17:30:16 -0500] "GET /robots.txt HTTP/1.0" 404 - "-" "MyNutchTest/Nutch-1.7"
23.20.43.109 - - [04/Aug/2013:17:30:16 -0500] "GET /robots.txt HTTP/1.0" 404 - "-" "MyNutchTest/Nutch-1.7"
23.20.43.109 - - [04/Aug/2013:17:30:16 -0500] "GET /robots.txt HTTP/1.0" 404 - "-" "MyNutchTest/Nutch-1.7"
23.20.43.109 - - [04/Aug/2013:17:30:16 -0500] "GET /robots.txt HTTP/1.0" 404 - "-" "MyNutchTest/Nutch-1.7"
23.20.43.109 - - [04/Aug/2013:17:30:16 -0500] "GET /join/ HTTP/1.0" 404 - "-" "MyNutchTest/Nutch-1.7"
23.20.43.109 - - [04/Aug/2013:17:30:16 -0500] "GET /events/ermy_event/ermy.html HTTP/1.0" 200 3507 "-" "MyNutchTest/Nutch-1.7"
23.20.43.109 - - [04/Aug/2013:17:30:16 -0500] "GET /events/vet_picnic/vet_picnic.html HTTP/1.0" 200 3163 "-" "MyNutchTest/Nutch-1.7"
23.20.43.109 - - [04/Aug/2013:17:30:16 -0500] "GET /events/carousel_11/carousel_11.html HTTP/1.0" 200 3712 "-" "MyNutchTest/Nutch-1.7"
23.20.43.109 - - [04/Aug/2013:17:30:16 -0500] "GET /_inc/contact.php HTTP/1.0" 200 756 "-" "MyNutchTest/Nutch-1.7"
23.20.43.109 - - [04/Aug/2013:17:30:16 -0500] "GET /pdf/174 Stores and Business Offering Military Discounts1.pdf HTTP/1.0" 404 - "-" "MyNutchTest/Nutch-1.7"
23.20.43.109 - - [04/Aug/2013:17:30:23 -0500] "GET /slider/index.html HTTP/1.0" 200 2952 "-" "MyNutchTest/Nutch-1.7"
23.20.43.109 - - [04/Aug/2013:17:31:44 -0500] "GET /pdf/2010_Top100_Military_Friendly_Employers.pdf HTTP/1.0" 200 711726 "-" "MyNutchTest/Nutch-1.7"
180.76.5.154 - - [04/Aug/2013:17:50:10 -0500] "GET /events/carousel_11/carousel_11.html HTTP/1.1" 200 3712 "-" "Mozilla/5.0 (compatible; Baiduspider/2.0; +http://www.baidu.com/search/spider.html)"
46.229.164.97 - - [04/Aug/2013:18:28:47 -0500] "GET /robots.txt HTTP/1.1" 404 - "-" "Mozilla/5.0 (compatible; SemrushBot/0.96.4; +http://www.semrush.com/bot.html)"
50.149.76.208 - - [04/Aug/2013:18:37:56 -0500] "GET / HTTP/1.1" 200 10635 "https://www.google.com/" "Mozilla/5.0 (Windows NT 6.1) AppleWebKit/537.36 (KHTML, like Gecko) Chrome/28.0.1500.95 Safari/537.36"
50.149.76.208 - - [04/Aug/2013:18:37:56 -0500] "GET /css/global.css HTTP/1.1" 200 13951 "http://operationspokaneheroes.org/" "Mozilla/5.0 (Windows NT 6.1) AppleWebKit/537.36 (KHTML, like Gecko) Chrome/28.0.1500.95 Safari/537.36"
50.149.76.208 - - [04/Aug/2013:18:37:56 -0500] "GET /slider/index.html HTTP/1.1" 200 2952 "http://operationspokaneheroes.org/" "Mozilla/5.0 (Windows NT 6.1) AppleWebKit/537.36 (KHTML, like Gecko) Chrome/28.0.1500.95 Safari/537.36"
50.149.76.208 - - [04/Aug/2013:18:37:56 -0500] "GET /images/global.png HTTP/1.1" 200 5737 "http://operationspokaneheroes.org/" "Mozilla/5.0 (Windows NT 6.1) AppleWebKit/537.36 (KHTML, like Gecko) Chrome/28.0.1500.95 Safari/537.36"
50.149.76.208 - - [04/Aug/2013:18:37:56 -0500] "GET /images/contacticon.png HTTP/1.1" 200 4499 "http://operationspokaneheroes.org/" "Mozilla/5.0 (Windows NT 6.1) AppleWebKit/537.36 (KHTML, like Gecko) Chrome/28.0.1500.95 Safari/537.36"
50.149.76.208 - - [04/Aug/2013:18:37:56 -0500] "GET /_inc/slide.php HTTP/1.1" 200 3205 "http://operationspokaneheroes.org/" "Mozilla/5.0 (Windows NT 6.1) AppleWebKit/537.36 (KHTML, like Gecko) Chrome/28.0.1500.95 Safari/537.36"
50.149.76.208 - - [04/Aug/2013:18:37:56 -0500] "GET /images/facebook.png HTTP/1.1" 200 5004 "http://operationspokaneheroes.org/" "Mozilla/5.0 (Windows NT 6.1) AppleWebKit/537.36 (KHTML, like Gecko) Chrome/28.0.1500.95 Safari/537.36"
50.149.76.208 - - [04/Aug/2013:18:37:57 -0500] "GET /css/footer.css HTTP/1.1" 200 752 "http://operationspokaneheroes.org/" "Mozilla/5.0 (Windows NT 6.1) AppleWebKit/537.36 (KHTML, like Gecko) Chrome/28.0.1500.95 Safari/537.36"
50.149.76.208 - - [04/Aug/2013:18:37:57 -0500] "GET /mainbk.png HTTP/1.1" 200 290 "http://operationspokaneheroes.org/" "Mozilla/5.0 (Windows NT 6.1) AppleWebKit/537.36 (KHTML, like Gecko) Chrome/28.0.1500.95 Safari/537.36"
50.149.76.208 - - [04/Aug/2013:18:37:57 -0500] "GET /images/nav2.jpg HTTP/1.1" 200 4444 "http://operationspokaneheroes.org/" "Mozilla/5.0 (Windows NT 6.1) AppleWebKit/537.36 (KHTML, like Gecko) Chrome/28.0.1500.95 Safari/537.36"
50.149.76.208 - - [04/Aug/2013:18:37:57 -0500] "GET /slider/css/style.css HTTP/1.1" 200 1379 "http://operationspokaneheroes.org/slider/index.html" "Mozilla/5.0 (Windows NT 6.1) AppleWebKit/537.36 (KHTML, like Gecko) Chrome/28.0.1500.95 Safari/537.36"
50.149.76.208 - - [04/Aug/2013:18:37:57 -0500] "GET /slider/js/startstop-slider.js HTTP/1.1" 200 1737 "http://operationspokaneheroes.org/slider/index.html" "Mozilla/5.0 (Windows NT 6.1) AppleWebKit/537.36 (KHTML, like Gecko) Chrome/28.0.1500.95 Safari/537.36"
50.149.76.208 - - [04/Aug/2013:18:37:57 -0500] "GET /css/slide.css HTTP/1.1" 200 2869 "http://operationspokaneheroes.org/_inc/slide.php" "Mozilla/5.0 (Windows NT 6.1) AppleWebKit/537.36 (KHTML, like Gecko) Chrome/28.0.1500.95 Safari/537.36"
50.149.76.208 - - [04/Aug/2013:18:37:57 -0500] "GET /css/style_global.css HTTP/1.1" 200 2621 "http://operationspokaneheroes.org/_inc/slide.php" "Mozilla/5.0 (Windows NT 6.1) AppleWebKit/537.36 (KHTML, like Gecko) Chrome/28.0.1500.95 Safari/537.36"
50.149.76.208 - - [04/Aug/2013:18:37:57 -0500] "GET /images/imagslider-6.png HTTP/1.1" 200 37295 "http://operationspokaneheroes.org/slider/index.html" "Mozilla/5.0 (Windows NT 6.1) AppleWebKit/537.36 (KHTML, like Gecko) Chrome/28.0.1500.95 Safari/537.36"
50.149.76.208 - - [04/Aug/2013:18:37:57 -0500] "GET /images/imagslider-1.png HTTP/1.1" 200 53651 "http://operationspokaneheroes.org/slider/index.html" "Mozilla/5.0 (Windows NT 6.1) AppleWebKit/537.36 (KHTML, like Gecko) Chrome/28.0.1500.95 Safari/537.36"
50.149.76.208 - - [04/Aug/2013:18:37:57 -0500] "GET /images/slder2.png HTTP/1.1" 200 32853 "http://operationspokaneheroes.org/slider/index.html" "Mozilla/5.0 (Windows NT 6.1) AppleWebKit/537.36 (KHTML, like Gecko) Chrome/28.0.1500.95 Safari/537.36"
50.149.76.208 - - [04/Aug/2013:18:37:57 -0500] "GET /slider/js/jquery-1.2.6.js HTTP/1.1" 200 100196 "http://operationspokaneheroes.org/slider/index.html" "Mozilla/5.0 (Windows NT 6.1) AppleWebKit/537.36 (KHTML, like Gecko) Chrome/28.0.1500.95 Safari/537.36"
50.149.76.208 - - [04/Aug/2013:18:37:56 -0500] "GET /images/logo.png HTTP/1.1" 200 226129 "http://operationspokaneheroes.org/" "Mozilla/5.0 (Windows NT 6.1) AppleWebKit/537.36 (KHTML, like Gecko) Chrome/28.0.1500.95 Safari/537.36"
50.149.76.208 - - [04/Aug/2013:18:37:57 -0500] "GET /images/imagslider-5.png HTTP/1.1" 200 65260 "http://operationspokaneheroes.org/slider/index.html" "Mozilla/5.0 (Windows NT 6.1) AppleWebKit/537.36 (KHTML, like Gecko) Chrome/28.0.1500.95 Safari/537.36"
50.149.76.208 - - [04/Aug/2013:18:37:57 -0500] "GET /images/bg2.jpg HTTP/1.1" 200 55206 "http://operationspokaneheroes.org/" "Mozilla/5.0 (Windows NT 6.1) AppleWebKit/537.36 (KHTML, like Gecko) Chrome/28.0.1500.95 Safari/537.36"
50.149.76.208 - - [04/Aug/2013:18:37:57 -0500] "GET /js/combined.js HTTP/1.1" 200 169946 "http://operationspokaneheroes.org/_inc/slide.php" "Mozilla/5.0 (Windows NT 6.1) AppleWebKit/537.36 (KHTML, like Gecko) Chrome/28.0.1500.95 Safari/537.36"
50.149.76.208 - - [04/Aug/2013:18:37:57 -0500] "GET /slider/images/slider-bg.jpg HTTP/1.1" 200 3447 "http://operationspokaneheroes.org/slider/index.html" "Mozilla/5.0 (Windows NT 6.1) AppleWebKit/537.36 (KHTML, like Gecko) Chrome/28.0.1500.95 Safari/537.36"
50.149.76.208 - - [04/Aug/2013:18:37:57 -0500] "GET /images/we_believe.png HTTP/1.1" 200 1785 "http://operationspokaneheroes.org/_inc/slide.php" "Mozilla/5.0 (Windows NT 6.1) AppleWebKit/537.36 (KHTML, like Gecko) Chrome/28.0.1500.95 Safari/537.36"
50.149.76.208 - - [04/Aug/2013:18:37:57 -0500] "GET /images/mission_statement_bg.png HTTP/1.1" 200 11413 "http://operationspokaneheroes.org/_inc/slide.php" "Mozilla/5.0 (Windows NT 6.1) AppleWebKit/537.36 (KHTML, like Gecko) Chrome/28.0.1500.95 Safari/537.36"
50.149.76.208 - - [04/Aug/2013:18:37:57 -0500] "GET /images/we_strive.png HTTP/1.1" 200 1981 "http://operationspokaneheroes.org/_inc/slide.php" "Mozilla/5.0 (Windows NT 6.1) AppleWebKit/537.36 (KHTML, like Gecko) Chrome/28.0.1500.95 Safari/537.36"
50.149.76.208 - - [04/Aug/2013:18:37:57 -0500] "GET /images/we_help.png HTTP/1.1" 200 1514 "http://operationspokaneheroes.org/_inc/slide.php" "Mozilla/5.0 (Windows NT 6.1) AppleWebKit/537.36 (KHTML, like Gecko) Chrome/28.0.1500.95 Safari/537.36"
50.149.76.208 - - [04/Aug/2013:18:37:57 -0500] "GET /images/we_need.png HTTP/1.1" 200 2138 "http://operationspokaneheroes.org/_inc/slide.php" "Mozilla/5.0 (Windows NT 6.1) AppleWebKit/537.36 (KHTML, like Gecko) Chrome/28.0.1500.95 Safari/537.36"
50.149.76.208 - - [04/Aug/2013:18:37:57 -0500] "GET /images/4.jpg HTTP/1.1" 200 186934 "http://operationspokaneheroes.org/_inc/slide.php" "Mozilla/5.0 (Windows NT 6.1) AppleWebKit/537.36 (KHTML, like Gecko) Chrome/28.0.1500.95 Safari/537.36"
50.149.76.208 - - [04/Aug/2013:18:37:57 -0500] "GET /images/1.jpg HTTP/1.1" 200 142489 "http://operationspokaneheroes.org/_inc/slide.php" "Mozilla/5.0 (Windows NT 6.1) AppleWebKit/537.36 (KHTML, like Gecko) Chrome/28.0.1500.95 Safari/537.36"
50.149.76.208 - - [04/Aug/2013:18:37:57 -0500] "GET /images/2.jpg HTTP/1.1" 200 170993 "http://operationspokaneheroes.org/_inc/slide.php" "Mozilla/5.0 (Windows NT 6.1) AppleWebKit/537.36 (KHTML, like Gecko) Chrome/28.0.1500.95 Safari/537.36"
50.149.76.208 - - [04/Aug/2013:18:37:57 -0500] "GET /assets/images/btn_top_search_hover.png HTTP/1.1" 404 - "http://operationspokaneheroes.org/_inc/slide.php" "Mozilla/5.0 (Windows NT 6.1) AppleWebKit/537.36 (KHTML, like Gecko) Chrome/28.0.1500.95 Safari/537.36"
50.149.76.208 - - [04/Aug/2013:18:37:58 -0500] "GET /assets/images/btn_main_search_hover.png HTTP/1.1" 404 - "http://operationspokaneheroes.org/_inc/slide.php" "Mozilla/5.0 (Windows NT 6.1) AppleWebKit/537.36 (KHTML, like Gecko) Chrome/28.0.1500.95 Safari/537.36"
50.149.76.208 - - [04/Aug/2013:18:37:57 -0500] "GET /images/3.jpg HTTP/1.1" 200 240733 "http://operationspokaneheroes.org/_inc/slide.php" "Mozilla/5.0 (Windows NT 6.1) AppleWebKit/537.36 (KHTML, like Gecko) Chrome/28.0.1500.95 Safari/537.36"
50.149.76.208 - - [04/Aug/2013:18:37:58 -0500] "GET /aboutus.php HTTP/1.1" 200 11667 "https://www.google.com/" "Mozilla/5.0 (Windows NT 6.1) AppleWebKit/537.36 (KHTML, like Gecko) Chrome/28.0.1500.95 Safari/537.36"
50.149.76.208 - - [04/Aug/2013:18:37:58 -0500] "GET /_inc/slide.php HTTP/1.1" 200 3205 "http://operationspokaneheroes.org/aboutus.php" "Mozilla/5.0 (Windows NT 6.1) AppleWebKit/537.36 (KHTML, like Gecko) Chrome/28.0.1500.95 Safari/537.36"
50.149.76.208 - - [04/Aug/2013:18:37:58 -0500] "GET /images/2.jpg HTTP/1.1" 206 1 "http://operationspokaneheroes.org/_inc/slide.php" "Mozilla/5.0 (Windows NT 6.1) AppleWebKit/537.36 (KHTML, like Gecko) Chrome/28.0.1500.95 Safari/537.36"
50.149.76.208 - - [04/Aug/2013:18:37:58 -0500] "GET /images/3.jpg HTTP/1.1" 206 1 "http://operationspokaneheroes.org/_inc/slide.php" "Mozilla/5.0 (Windows NT 6.1) AppleWebKit/537.36 (KHTML, like Gecko) Chrome/28.0.1500.95 Safari/537.36"
50.149.76.208 - - [04/Aug/2013:18:37:58 -0500] "GET /images/1.jpg HTTP/1.1" 206 1 "http://operationspokaneheroes.org/_inc/slide.php" "Mozilla/5.0 (Windows NT 6.1) AppleWebKit/537.36 (KHTML, like Gecko) Chrome/28.0.1500.95 Safari/537.36"
50.149.76.208 - - [04/Aug/2013:18:37:58 -0500] "GET /assets/images/btn_top_search_hover.png HTTP/1.1" 404 - "http://operationspokaneheroes.org/_inc/slide.php" "Mozilla/5.0 (Windows NT 6.1) AppleWebKit/537.36 (KHTML, like Gecko) Chrome/28.0.1500.95 Safari/537.36"
50.149.76.208 - - [04/Aug/2013:18:37:58 -0500] "GET /assets/images/btn_main_search_hover.png HTTP/1.1" 404 - "http://operationspokaneheroes.org/_inc/slide.php" "Mozilla/5.0 (Windows NT 6.1) AppleWebKit/537.36 (KHTML, like Gecko) Chrome/28.0.1500.95 Safari/537.36"
50.149.76.208 - - [04/Aug/2013:18:37:58 -0500] "GET /images/2.jpg HTTP/1.1" 206 75028 "http://operationspokaneheroes.org/_inc/slide.php" "Mozilla/5.0 (Windows NT 6.1) AppleWebKit/537.36 (KHTML, like Gecko) Chrome/28.0.1500.95 Safari/537.36"
50.149.76.208 - - [04/Aug/2013:18:37:58 -0500] "GET /images/1.jpg HTTP/1.1" 206 96164 "http://operationspokaneheroes.org/_inc/slide.php" "Mozilla/5.0 (Windows NT 6.1) AppleWebKit/537.36 (KHTML, like Gecko) Chrome/28.0.1500.95 Safari/537.36"
50.149.76.208 - - [04/Aug/2013:18:37:58 -0500] "GET /images/3.jpg HTTP/1.1" 206 188568 "http://operationspokaneheroes.org/_inc/slide.php" "Mozilla/5.0 (Windows NT 6.1) AppleWebKit/537.36 (KHTML, like Gecko) Chrome/28.0.1500.95 Safari/537.36"
50.149.76.208 - - [04/Aug/2013:18:37:59 -0500] "GET /favicon.ico HTTP/1.1" 404 - "-" "Mozilla/5.0 (Windows NT 6.1) AppleWebKit/537.36 (KHTML, like Gecko) Chrome/28.0.1500.95 Safari/537.36"
66.249.75.210 - - [04/Aug/2013:19:42:39 -0500] "GET /java_for_joes/index.html HTTP/1.1" 404 - "-" "SAMSUNG-SGH-E250/1.0 Profile/MIDP-2.0 Configuration/CLDC-1.1 UP.Browser/6.2.3.3.c.1.101 (GUI) MMP/2.0 (compatible; Googlebot-Mobile/2.1; +http://www.google.com/bot.html)"
202.46.50.51 - - [04/Aug/2013:20:11:13 -0500] "GET / HTTP/1.1" 200 10635 "-" "Mozilla/5.0 (Windows; U; Windows NT 5.1; zh-CN; rv:1.9.1.2) Firefox/3.5.2"
23.20.96.127 - - [04/Aug/2013:20:13:45 -0500] "GET /robots.txt HTTP/1.0" 404 - "-" "MyNutchTest/Nutch-1.7"
23.20.96.127 - - [04/Aug/2013:20:13:45 -0500] "GET /robots.txt HTTP/1.0" 404 - "-" "MyNutchTest/Nutch-1.7"
23.20.96.127 - - [04/Aug/2013:20:13:45 -0500] "GET /pdf/march_for_the _fallen.pdf HTTP/1.0" 404 - "-" "MyNutchTest/Nutch-1.7"
23.20.96.127 - - [04/Aug/2013:20:13:45 -0500] "GET /pdf/Spokane Indians Pennant poster-color copy.pdf HTTP/1.0" 404 - "-" "MyNutchTest/Nutch-1.7"
23.20.96.127 - - [04/Aug/2013:20:14:13 -0500] "GET /pdf/Survival Camp 2013 2 pg flyer.pdf HTTP/1.0" 404 - "-" "MyNutchTest/Nutch-1.7"
157.55.35.86 - - [04/Aug/2013:20:37:59 -0500] "GET /robots.txt HTTP/1.1" 404 - "-" "Mozilla/5.0 (compatible; bingbot/2.0; +http://www.bing.com/bingbot.htm)"
157.55.35.86 - - [04/Aug/2013:20:39:12 -0500] "GET / HTTP/1.1" 200 10635 "-" "Mozilla/5.0 (compatible; bingbot/2.0; +http://www.bing.com/bingbot.htm)"
66.249.75.61 - - [04/Aug/2013:21:11:47 -0500] "GET /pdf/REVISION2%20Military%20Kids%20Camp%202012%20(2).pdf HTTP/1.1" 304 - "-" "Mozilla/5.0 (compatible; Googlebot/2.1; +http://www.google.com/bot.html)"
208.115.113.86 - - [04/Aug/2013:21:38:45 -0500] "GET /robots.txt HTTP/1.1" 404 - "-" "Mozilla/5.0 (compatible; Ezooms/1.0; ezooms.bot@gmail.com)"
173.199.114.243 - - [04/Aug/2013:21:50:17 -0500] "GET /events/ermy_event/ermy.html HTTP/1.1" 200 3507 "-" "Mozilla/5.0 (compatible; AhrefsBot/4.0; +http://ahrefs.com/robot/)"
208.115.113.86 - - [04/Aug/2013:22:51:18 -0500] "GET /benefits.php HTTP/1.1" 404 - "-" "Mozilla/5.0 (compatible; Ezooms/1.0; ezooms.bot@gmail.com)"
173.199.114.243 - - [04/Aug/2013:22:57:22 -0500] "GET /calendar.php HTTP/1.1" 200 10644 "-" "Mozilla/5.0 (compatible; AhrefsBot/4.0; +http://ahrefs.com/robot/)"
66.249.75.61 - - [04/Aug/2013:23:22:58 -0500] "GET /robots.txt HTTP/1.1" 404 - "-" "Mozilla/5.0 (compatible; Googlebot/2.1; +http://www.google.com/bot.html)"
66.249.75.61 - - [04/Aug/2013:23:22:58 -0500] "GET /pdf/Survival%20Camp%202013%202%20pg%20flyer.pdf HTTP/1.1" 304 - "-" "Mozilla/5.0 (compatible; Googlebot/2.1; +http://www.google.com/bot.html)"
199.58.86.206 - - [04/Aug/2013:23:55:43 -0500] "GET /robots.txt HTTP/1.0" 404 - "-" "Mozilla/5.0 (compatible; MJ12bot/v1.4.3; http://www.majestic12.co.uk/bot.php?+)"
199.58.86.206 - - [04/Aug/2013:23:55:45 -0500] "GET / HTTP/1.0" 200 10635 "-" "Mozilla/5.0 (compatible; MJ12bot/v1.4.3; http://www.majestic12.co.uk/bot.php?+)"
208.115.111.70 - - [05/Aug/2013:00:20:24 -0500] "GET /robots.txt HTTP/1.1" 404 - "-" "Mozilla/5.0 (compatible; Ezooms/1.0; ezooms.bot@gmail.com)"
66.249.75.61 - - [05/Aug/2013:01:03:20 -0500] "GET /pdf/11x17%20Pennant%20Run%20Poster.pdf HTTP/1.1" 304 - "-" "Mozilla/5.0 (compatible; Googlebot/2.1; +http://www.google.com/bot.html)"
184.154.48.82 - - [05/Aug/2013:01:08:57 -0500] "GET /robots.txt HTTP/1.0" 404 - "-" "Mozilla/5.0 (compatible; MJ12bot/v1.4.3; http://www.majestic12.co.uk/bot.php?+)"
184.154.48.82 - - [05/Aug/2013:01:08:59 -0500] "GET /java_for_joes/index.html HTTP/1.0" 404 - "-" "Mozilla/5.0 (compatible; MJ12bot/v1.4.3; http://www.majestic12.co.uk/bot.php?+)"
208.115.111.70 - - [05/Aug/2013:01:19:00 -0500] "GET /contact.php HTTP/1.1" 200 10519 "-" "Mozilla/5.0 (compatible; Ezooms/1.0; ezooms.bot@gmail.com)"
66.249.75.61 - - [05/Aug/2013:01:38:37 -0500] "GET /pdf/march_for_the%20_fallen.pdf HTTP/1.1" 304 - "-" "Mozilla/5.0 (compatible; Googlebot/2.1; +http://www.google.com/bot.html)"
66.249.75.61 - - [05/Aug/2013:01:49:16 -0500] "GET / HTTP/1.1" 200 10635 "-" "Mozilla/5.0 (iPhone; U; CPU iPhone OS 4_1 like Mac OS X; en-us) AppleWebKit/532.9 (KHTML, like Gecko) Version/4.0.5 Mobile/8B117 Safari/6531.22.7 (compatible; Googlebot-Mobile/2.1; +http://www.google.com/bot.html)"
66.249.75.210 - - [05/Aug/2013:01:56:51 -0500] "GET / HTTP/1.1" 200 10635 "-" "Mozilla/5.0 (iPhone; U; CPU iPhone OS 4_1 like Mac OS X; en-us) AppleWebKit/532.9 (KHTML, like Gecko) Version/4.0.5 Mobile/8B117 Safari/6531.22.7 (compatible; Googlebot-Mobile/2.1; +http://www.google.com/bot.html)"
66.249.75.210 - - [05/Aug/2013:02:06:10 -0500] "GET /slider/js/startstop-slider.js HTTP/1.1" 200 1737 "-" "Mozilla/5.0 (compatible; Googlebot/2.1; +http://www.google.com/bot.html)"
66.249.75.210 - - [05/Aug/2013:02:06:11 -0500] "GET /slider/js/jquery-1.2.6.js HTTP/1.1" 200 100196 "-" "Mozilla/5.0 (compatible; Googlebot/2.1; +http://www.google.com/bot.html)"
173.199.114.243 - - [05/Aug/2013:02:20:06 -0500] "GET /events/vet_picnic/vet_picnic.html HTTP/1.1" 200 3163 "-" "Mozilla/5.0 (compatible; AhrefsBot/4.0; +http://ahrefs.com/robot/)"
199.21.99.103 - - [05/Aug/2013:02:39:06 -0500] "GET /robots.txt HTTP/1.1" 404 - "-" "Mozilla/5.0 (compatible; YandexBot/3.0; +http://yandex.com/bots)"
66.249.75.210 - - [05/Aug/2013:03:20:55 -0500] "GET /donate.php HTTP/1.1" 200 11699 "-" "Mozilla/5.0 (iPhone; U; CPU iPhone OS 4_1 like Mac OS X; en-us) AppleWebKit/532.9 (KHTML, like Gecko) Version/4.0.5 Mobile/8B117 Safari/6531.22.7 (compatible; Googlebot-Mobile/2.1; +http://www.google.com/bot.html)"
173.199.114.243 - - [05/Aug/2013:04:19:04 -0500] "GET /donate.php HTTP/1.1" 200 11699 "-" "Mozilla/5.0 (compatible; AhrefsBot/4.0; +http://ahrefs.com/robot/)"
46.229.164.99 - - [05/Aug/2013:04:33:37 -0500] "GET /aboutus.php HTTP/1.1" 200 11667 "-" "Mozilla/5.0 (compatible; SemrushBot/0.96.4; +http://www.semrush.com/bot.html)"
173.199.114.243 - - [05/Aug/2013:04:40:50 -0500] "GET /events.php HTTP/1.1" 200 6407 "-" "Mozilla/5.0 (compatible; AhrefsBot/4.0; +http://ahrefs.com/robot/)"
218.30.103.147 - - [05/Aug/2013:05:04:56 -0500] "GET / HTTP/1.1" 200 10635 "-" "Sogou web spider/4.0(+http://www.sogou.com/docs/help/webmasters.htm#07)"
218.30.103.147 - - [05/Aug/2013:05:04:59 -0500] "GET /robots.txt HTTP/1.1" 404 - "-" "Sogou web spider/4.0"
173.199.114.243 - - [05/Aug/2013:05:12:59 -0500] "GET / HTTP/1.1" 200 10635 "-" "Mozilla/5.0 (compatible; AhrefsBot/4.0; +http://ahrefs.com/robot/)"
173.199.114.243 - - [05/Aug/2013:05:43:20 -0500] "GET /_inc/slide.php HTTP/1.1" 200 3205 "-" "Mozilla/5.0 (compatible; AhrefsBot/4.0; +http://ahrefs.com/robot/)"
218.30.103.147 - - [05/Aug/2013:05:45:29 -0500] "GET / HTTP/1.1" 200 10635 "-" "Sogou web spider/4.0(+http://www.sogou.com/docs/help/webmasters.htm#07)"
157.55.35.86 - - [05/Aug/2013:05:54:57 -0500] "GET /robots.txt HTTP/1.1" 404 - "-" "Mozilla/5.0 (compatible; bingbot/2.0; +http://www.bing.com/bingbot.htm)"
157.55.35.86 - - [05/Aug/2013:05:55:41 -0500] "GET / HTTP/1.1" 200 10635 "-" "Mozilla/5.0 (compatible; bingbot/2.0; +http://www.bing.com/bingbot.htm)"
173.199.114.243 - - [05/Aug/2013:07:08:54 -0500] "GET /contact.php HTTP/1.1" 200 10519 "-" "Mozilla/5.0 (compatible; AhrefsBot/4.0; +http://ahrefs.com/robot/)"
173.199.114.243 - - [05/Aug/2013:07:39:32 -0500] "GET /java_for_joes/index.html?3e3ea140 HTTP/1.1" 404 - "-" "Mozilla/5.0 (compatible; AhrefsBot/4.0; +http://ahrefs.com/robot/)"
173.199.114.243 - - [05/Aug/2013:07:39:58 -0500] "GET /business.php HTTP/1.1" 200 10813 "-" "Mozilla/5.0 (compatible; AhrefsBot/4.0; +http://ahrefs.com/robot/)"
157.55.35.86 - - [05/Aug/2013:07:40:20 -0500] "GET /robots.txt HTTP/1.1" 404 - "-" "Mozilla/5.0 (compatible; bingbot/2.0; +http://www.bing.com/bingbot.htm)"
157.55.35.86 - - [05/Aug/2013:07:41:41 -0500] "GET / HTTP/1.1" 200 10635 "-" "Mozilla/5.0 (compatible; bingbot/2.0; +http://www.bing.com/bingbot.htm)"
157.55.35.86 - - [05/Aug/2013:07:41:41 -0500] "GET / HTTP/1.1" 200 10635 "-" "Mozilla/5.0 (compatible; bingbot/2.0; +http://www.bing.com/bingbot.htm)"
180.76.5.26 - - [05/Aug/2013:08:10:29 -0500] "GET /css/slide.css HTTP/1.1" 200 2869 "-" "Mozilla/5.0 (compatible; Baiduspider/2.0; +http://www.baidu.com/search/spider.html)"
66.249.75.210 - - [05/Aug/2013:08:27:52 -0500] "GET /robots.txt HTTP/1.1" 404 - "-" "Mozilla/5.0 (compatible; Googlebot/2.1; +http://www.google.com/bot.html)"
66.249.75.210 - - [05/Aug/2013:08:27:52 -0500] "GET / HTTP/1.1" 200 10635 "-" "Mozilla/5.0 (compatible; Googlebot/2.1; +http://www.google.com/bot.html)"
199.21.99.103 - - [05/Aug/2013:08:35:24 -0500] "GET /pdf/Spokane%20Indians%20Pennant%20poster-color%20copy.pdf HTTP/1.1" 200 1793914 "-" "Mozilla/5.0 (compatible; YandexBot/3.0; +http://yandex.com/bots)"
195.234.136.80 - - [05/Aug/2013:09:22:30 -0500] "GET /donate.php HTTP/1.1" 200 11699 "-" "Mozilla/5.0 (Windows NT 6.1; WOW64; rv:5.0) Gecko/20100101 Firefox/5.0"
66.249.75.210 - - [05/Aug/2013:10:52:35 -0500] "GET /pdf/Holiday%20Navy%20Care%20Packages%20Media%20Advisory.pdf HTTP/1.1" 200 100101 "-" "Mozilla/5.0 (compatible; Googlebot/2.1; +http://www.google.com/bot.html)"
173.199.114.243 - - [05/Aug/2013:11:36:29 -0500] "GET /events.php HTTP/1.1" 200 6407 "-" "Mozilla/5.0 (compatible; AhrefsBot/4.0; +http://ahrefs.com/robot/)"
66.249.75.210 - - [05/Aug/2013:11:57:14 -0500] "GET /pdf/2013%20Salute%20Armed%20Forces.pdf HTTP/1.1" 304 - "-" "Mozilla/5.0 (compatible; Googlebot/2.1; +http://www.google.com/bot.html)"
173.199.114.243 - - [05/Aug/2013:12:14:01 -0500] "GET / HTTP/1.1" 200 10635 "-" "Mozilla/5.0 (compatible; AhrefsBot/4.0; +http://ahrefs.com/robot/)"
123.125.71.89 - - [05/Aug/2013:12:17:40 -0500] "GET /robots.txt HTTP/1.1" 404 - "-" "Mozilla/5.0 (compatible; Baiduspider/2.0; +http://www.baidu.com/search/spider.html)"
46.229.164.101 - - [05/Aug/2013:13:11:27 -0500] "GET / HTTP/1.1" 200 10635 "-" "Mozilla/5.0 (compatible; SemrushBot/0.96.4; +http://www.semrush.com/bot.html)"
66.249.75.210 - - [05/Aug/2013:13:19:15 -0500] "GET /business.php HTTP/1.1" 200 10813 "-" "Mozilla/5.0 (iPhone; U; CPU iPhone OS 4_1 like Mac OS X; en-us) AppleWebKit/532.9 (KHTML, like Gecko) Version/4.0.5 Mobile/8B117 Safari/6531.22.7 (compatible; Googlebot-Mobile/2.1; +http://www.google.com/bot.html)"
208.115.113.86 - - [05/Aug/2013:13:38:29 -0500] "GET /robots.txt HTTP/1.1" 404 - "-" "Mozilla/5.0 (compatible; Ezooms/1.0; ezooms.bot@gmail.com)"
71.37.135.60 - - [05/Aug/2013:13:46:44 -0500] "GET / HTTP/1.1" 200 10635 "-" "Mozilla/5.0 (Windows NT 5.1; rv:22.0) Gecko/20100101 Firefox/22.0"
71.37.135.60 - - [05/Aug/2013:13:46:44 -0500] "GET /css/global.css HTTP/1.1" 304 - "http://operationspokaneheroes.org/" "Mozilla/5.0 (Windows NT 5.1; rv:22.0) Gecko/20100101 Firefox/22.0"
71.37.135.60 - - [05/Aug/2013:13:46:44 -0500] "GET /css/footer.css HTTP/1.1" 304 - "http://operationspokaneheroes.org/" "Mozilla/5.0 (Windows NT 5.1; rv:22.0) Gecko/20100101 Firefox/22.0"
71.37.135.60 - - [05/Aug/2013:13:46:44 -0500] "GET /slider/index.html HTTP/1.1" 304 - "http://operationspokaneheroes.org/" "Mozilla/5.0 (Windows NT 5.1; rv:22.0) Gecko/20100101 Firefox/22.0"
71.37.135.60 - - [05/Aug/2013:13:46:44 -0500] "GET /_inc/slide.php HTTP/1.1" 200 3205 "http://operationspokaneheroes.org/" "Mozilla/5.0 (Windows NT 5.1; rv:22.0) Gecko/20100101 Firefox/22.0"
71.37.135.60 - - [05/Aug/2013:13:46:44 -0500] "GET /images/facebook.png HTTP/1.1" 304 - "http://operationspokaneheroes.org/" "Mozilla/5.0 (Windows NT 5.1; rv:22.0) Gecko/20100101 Firefox/22.0"
71.37.135.60 - - [05/Aug/2013:13:46:44 -0500] "GET /images/logo.png HTTP/1.1" 304 - "http://operationspokaneheroes.org/" "Mozilla/5.0 (Windows NT 5.1; rv:22.0) Gecko/20100101 Firefox/22.0"
71.37.135.60 - - [05/Aug/2013:13:46:44 -0500] "GET /images/global.png HTTP/1.1" 304 - "http://operationspokaneheroes.org/" "Mozilla/5.0 (Windows NT 5.1; rv:22.0) Gecko/20100101 Firefox/22.0"
71.37.135.60 - - [05/Aug/2013:13:46:44 -0500] "GET /images/contacticon.png HTTP/1.1" 304 - "http://operationspokaneheroes.org/" "Mozilla/5.0 (Windows NT 5.1; rv:22.0) Gecko/20100101 Firefox/22.0"
71.37.135.60 - - [05/Aug/2013:13:46:44 -0500] "GET /images/bg2.jpg HTTP/1.1" 304 - "http://operationspokaneheroes.org/css/global.css" "Mozilla/5.0 (Windows NT 5.1; rv:22.0) Gecko/20100101 Firefox/22.0"
71.37.135.60 - - [05/Aug/2013:13:46:44 -0500] "GET /images/nav2.jpg HTTP/1.1" 304 - "http://operationspokaneheroes.org/" "Mozilla/5.0 (Windows NT 5.1; rv:22.0) Gecko/20100101 Firefox/22.0"
71.37.135.60 - - [05/Aug/2013:13:46:44 -0500] "GET /mainbk.png HTTP/1.1" 304 - "http://operationspokaneheroes.org/" "Mozilla/5.0 (Windows NT 5.1; rv:22.0) Gecko/20100101 Firefox/22.0"
71.37.135.60 - - [05/Aug/2013:13:46:44 -0500] "GET /slider/css/style.css HTTP/1.1" 304 - "http://operationspokaneheroes.org/slider/index.html" "Mozilla/5.0 (Windows NT 5.1; rv:22.0) Gecko/20100101 Firefox/22.0"
71.37.135.60 - - [05/Aug/2013:13:46:44 -0500] "GET /slider/js/jquery-1.2.6.js HTTP/1.1" 304 - "http://operationspokaneheroes.org/slider/index.html" "Mozilla/5.0 (Windows NT 5.1; rv:22.0) Gecko/20100101 Firefox/22.0"
71.37.135.60 - - [05/Aug/2013:13:46:44 -0500] "GET /slider/js/startstop-slider.js HTTP/1.1" 304 - "http://operationspokaneheroes.org/slider/index.html" "Mozilla/5.0 (Windows NT 5.1; rv:22.0) Gecko/20100101 Firefox/22.0"
71.37.135.60 - - [05/Aug/2013:13:46:44 -0500] "GET /css/slide.css HTTP/1.1" 304 - "http://operationspokaneheroes.org/_inc/slide.php" "Mozilla/5.0 (Windows NT 5.1; rv:22.0) Gecko/20100101 Firefox/22.0"
71.37.135.60 - - [05/Aug/2013:13:46:44 -0500] "GET /css/style_global.css HTTP/1.1" 304 - "http://operationspokaneheroes.org/_inc/slide.php" "Mozilla/5.0 (Windows NT 5.1; rv:22.0) Gecko/20100101 Firefox/22.0"
71.37.135.60 - - [05/Aug/2013:13:46:44 -0500] "GET /js/combined.js HTTP/1.1" 304 - "http://operationspokaneheroes.org/_inc/slide.php" "Mozilla/5.0 (Windows NT 5.1; rv:22.0) Gecko/20100101 Firefox/22.0"
71.37.135.60 - - [05/Aug/2013:13:46:44 -0500] "GET /images/imagslider-1.png HTTP/1.1" 304 - "http://operationspokaneheroes.org/slider/index.html" "Mozilla/5.0 (Windows NT 5.1; rv:22.0) Gecko/20100101 Firefox/22.0"
71.37.135.60 - - [05/Aug/2013:13:46:44 -0500] "GET /images/imagslider-6.png HTTP/1.1" 304 - "http://operationspokaneheroes.org/slider/index.html" "Mozilla/5.0 (Windows NT 5.1; rv:22.0) Gecko/20100101 Firefox/22.0"
71.37.135.60 - - [05/Aug/2013:13:46:44 -0500] "GET /images/imagslider-5.png HTTP/1.1" 304 - "http://operationspokaneheroes.org/slider/index.html" "Mozilla/5.0 (Windows NT 5.1; rv:22.0) Gecko/20100101 Firefox/22.0"
71.37.135.60 - - [05/Aug/2013:13:46:44 -0500] "GET /images/slder2.png HTTP/1.1" 304 - "http://operationspokaneheroes.org/slider/index.html" "Mozilla/5.0 (Windows NT 5.1; rv:22.0) Gecko/20100101 Firefox/22.0"
71.37.135.60 - - [05/Aug/2013:13:46:45 -0500] "GET /images/2.jpg HTTP/1.1" 304 - "http://operationspokaneheroes.org/_inc/slide.php" "Mozilla/5.0 (Windows NT 5.1; rv:22.0) Gecko/20100101 Firefox/22.0"
71.37.135.60 - - [05/Aug/2013:13:46:45 -0500] "GET /images/mission_statement_bg.png HTTP/1.1" 304 - "http://operationspokaneheroes.org/css/slide.css" "Mozilla/5.0 (Windows NT 5.1; rv:22.0) Gecko/20100101 Firefox/22.0"
71.37.135.60 - - [05/Aug/2013:13:46:45 -0500] "GET /images/we_believe.png HTTP/1.1" 304 - "http://operationspokaneheroes.org/css/slide.css" "Mozilla/5.0 (Windows NT 5.1; rv:22.0) Gecko/20100101 Firefox/22.0"
71.37.135.60 - - [05/Aug/2013:13:46:45 -0500] "GET /images/4.jpg HTTP/1.1" 304 - "http://operationspokaneheroes.org/_inc/slide.php" "Mozilla/5.0 (Windows NT 5.1; rv:22.0) Gecko/20100101 Firefox/22.0"
71.37.135.60 - - [05/Aug/2013:13:46:45 -0500] "GET /images/we_strive.png HTTP/1.1" 304 - "http://operationspokaneheroes.org/css/slide.css" "Mozilla/5.0 (Windows NT 5.1; rv:22.0) Gecko/20100101 Firefox/22.0"
71.37.135.60 - - [05/Aug/2013:13:46:45 -0500] "GET /images/3.jpg HTTP/1.1" 304 - "http://operationspokaneheroes.org/_inc/slide.php" "Mozilla/5.0 (Windows NT 5.1; rv:22.0) Gecko/20100101 Firefox/22.0"
71.37.135.60 - - [05/Aug/2013:13:46:45 -0500] "GET /images/we_help.png HTTP/1.1" 304 - "http://operationspokaneheroes.org/css/slide.css" "Mozilla/5.0 (Windows NT 5.1; rv:22.0) Gecko/20100101 Firefox/22.0"
71.37.135.60 - - [05/Aug/2013:13:46:45 -0500] "GET /images/1.jpg HTTP/1.1" 304 - "http://operationspokaneheroes.org/_inc/slide.php" "Mozilla/5.0 (Windows NT 5.1; rv:22.0) Gecko/20100101 Firefox/22.0"
71.37.135.60 - - [05/Aug/2013:13:46:45 -0500] "GET /images/we_need.png HTTP/1.1" 304 - "http://operationspokaneheroes.org/css/slide.css" "Mozilla/5.0 (Windows NT 5.1; rv:22.0) Gecko/20100101 Firefox/22.0"
71.37.135.60 - - [05/Aug/2013:13:46:45 -0500] "GET /slider/images/slider-bg.jpg HTTP/1.1" 304 - "http://operationspokaneheroes.org/slider/css/style.css" "Mozilla/5.0 (Windows NT 5.1; rv:22.0) Gecko/20100101 Firefox/22.0"
71.37.135.60 - - [05/Aug/2013:13:46:45 -0500] "GET /assets/images/btn_top_search_hover.png HTTP/1.1" 404 - "http://operationspokaneheroes.org/_inc/slide.php" "Mozilla/5.0 (Windows NT 5.1; rv:22.0) Gecko/20100101 Firefox/22.0"
71.37.135.60 - - [05/Aug/2013:13:46:45 -0500] "GET /assets/images/btn_main_search_hover.png HTTP/1.1" 404 - "http://operationspokaneheroes.org/_inc/slide.php" "Mozilla/5.0 (Windows NT 5.1; rv:22.0) Gecko/20100101 Firefox/22.0"
71.37.135.60 - - [05/Aug/2013:13:46:57 -0500] "GET /aboutus.php HTTP/1.1" 200 11667 "http://operationspokaneheroes.org/" "Mozilla/5.0 (Windows NT 5.1; rv:22.0) Gecko/20100101 Firefox/22.0"
71.37.135.60 - - [05/Aug/2013:13:46:57 -0500] "GET /_inc/slide.php HTTP/1.1" 200 3205 "http://operationspokaneheroes.org/aboutus.php" "Mozilla/5.0 (Windows NT 5.1; rv:22.0) Gecko/20100101 Firefox/22.0"
71.37.135.60 - - [05/Aug/2013:13:46:57 -0500] "GET /assets/images/btn_top_search_hover.png HTTP/1.1" 404 - "http://operationspokaneheroes.org/_inc/slide.php" "Mozilla/5.0 (Windows NT 5.1; rv:22.0) Gecko/20100101 Firefox/22.0"
71.37.135.60 - - [05/Aug/2013:13:46:57 -0500] "GET /assets/images/btn_main_search_hover.png HTTP/1.1" 404 - "http://operationspokaneheroes.org/_inc/slide.php" "Mozilla/5.0 (Windows NT 5.1; rv:22.0) Gecko/20100101 Firefox/22.0"
71.37.135.60 - - [05/Aug/2013:13:46:58 -0500] "GET /contact.php HTTP/1.1" 200 10519 "http://operationspokaneheroes.org/aboutus.php" "Mozilla/5.0 (Windows NT 5.1; rv:22.0) Gecko/20100101 Firefox/22.0"
71.37.135.60 - - [05/Aug/2013:13:46:58 -0500] "GET /_inc/slide.php HTTP/1.1" 200 3205 "http://operationspokaneheroes.org/contact.php" "Mozilla/5.0 (Windows NT 5.1; rv:22.0) Gecko/20100101 Firefox/22.0"
71.37.135.60 - - [05/Aug/2013:13:46:58 -0500] "GET /_inc/contact.php HTTP/1.1" 200 756 "http://operationspokaneheroes.org/contact.php" "Mozilla/5.0 (Windows NT 5.1; rv:22.0) Gecko/20100101 Firefox/22.0"
71.37.135.60 - - [05/Aug/2013:13:46:58 -0500] "GET /assets/images/btn_top_search_hover.png HTTP/1.1" 404 - "http://operationspokaneheroes.org/_inc/slide.php" "Mozilla/5.0 (Windows NT 5.1; rv:22.0) Gecko/20100101 Firefox/22.0"
71.37.135.60 - - [05/Aug/2013:13:46:58 -0500] "GET /assets/images/btn_main_search_hover.png HTTP/1.1" 404 - "http://operationspokaneheroes.org/_inc/slide.php" "Mozilla/5.0 (Windows NT 5.1; rv:22.0) Gecko/20100101 Firefox/22.0"
208.115.113.86 - - [05/Aug/2013:14:51:41 -0500] "GET /business.php HTTP/1.1" 200 10813 "-" "Mozilla/5.0 (compatible; Ezooms/1.0; ezooms.bot@gmail.com)"
66.249.75.210 - - [05/Aug/2013:15:21:37 -0500] "GET /pdf/Welcome%20Home%20Event%20Flyer%202012.pdf HTTP/1.1" 304 - "-" "Mozilla/5.0 (compatible; Googlebot/2.1; +http://www.google.com/bot.html)"
66.249.75.210 - - [05/Aug/2013:16:28:53 -0500] "GET /slider/index.html HTTP/1.1" 304 - "-" "Mozilla/5.0 (compatible; Googlebot/2.1; +http://www.google.com/bot.html)"
50.135.240.110 - - [05/Aug/2013:16:43:06 -0500] "GET / HTTP/1.1" 200 10635 "https://www.google.com/" "Mozilla/5.0 (Windows NT 6.1; WOW64) AppleWebKit/537.36 (KHTML, like Gecko) Chrome/28.0.1500.95 Safari/537.36"
50.135.240.110 - - [05/Aug/2013:16:43:06 -0500] "GET /css/global.css HTTP/1.1" 200 13951 "http://operationspokaneheroes.org/" "Mozilla/5.0 (Windows NT 6.1; WOW64) AppleWebKit/537.36 (KHTML, like Gecko) Chrome/28.0.1500.95 Safari/537.36"
50.135.240.110 - - [05/Aug/2013:16:43:06 -0500] "GET /slider/index.html HTTP/1.1" 200 2952 "http://operationspokaneheroes.org/" "Mozilla/5.0 (Windows NT 6.1; WOW64) AppleWebKit/537.36 (KHTML, like Gecko) Chrome/28.0.1500.95 Safari/537.36"
50.135.240.110 - - [05/Aug/2013:16:43:06 -0500] "GET /_inc/slide.php HTTP/1.1" 200 3205 "http://operationspokaneheroes.org/" "Mozilla/5.0 (Windows NT 6.1; WOW64) AppleWebKit/537.36 (KHTML, like Gecko) Chrome/28.0.1500.95 Safari/537.36"
50.135.240.110 - - [05/Aug/2013:16:43:06 -0500] "GET /css/footer.css HTTP/1.1" 200 752 "http://operationspokaneheroes.org/" "Mozilla/5.0 (Windows NT 6.1; WOW64) AppleWebKit/537.36 (KHTML, like Gecko) Chrome/28.0.1500.95 Safari/537.36"
50.135.240.110 - - [05/Aug/2013:16:43:06 -0500] "GET /images/contacticon.png HTTP/1.1" 200 4499 "http://operationspokaneheroes.org/" "Mozilla/5.0 (Windows NT 6.1; WOW64) AppleWebKit/537.36 (KHTML, like Gecko) Chrome/28.0.1500.95 Safari/537.36"
50.135.240.110 - - [05/Aug/2013:16:43:06 -0500] "GET /images/global.png HTTP/1.1" 200 5737 "http://operationspokaneheroes.org/" "Mozilla/5.0 (Windows NT 6.1; WOW64) AppleWebKit/537.36 (KHTML, like Gecko) Chrome/28.0.1500.95 Safari/537.36"
50.135.240.110 - - [05/Aug/2013:16:43:06 -0500] "GET /images/facebook.png HTTP/1.1" 200 5004 "http://operationspokaneheroes.org/" "Mozilla/5.0 (Windows NT 6.1; WOW64) AppleWebKit/537.36 (KHTML, like Gecko) Chrome/28.0.1500.95 Safari/537.36"
50.135.240.110 - - [05/Aug/2013:16:43:06 -0500] "GET /mainbk.png HTTP/1.1" 200 290 "http://operationspokaneheroes.org/" "Mozilla/5.0 (Windows NT 6.1; WOW64) AppleWebKit/537.36 (KHTML, like Gecko) Chrome/28.0.1500.95 Safari/537.36"
50.135.240.110 - - [05/Aug/2013:16:43:06 -0500] "GET /images/nav2.jpg HTTP/1.1" 200 4444 "http://operationspokaneheroes.org/" "Mozilla/5.0 (Windows NT 6.1; WOW64) AppleWebKit/537.36 (KHTML, like Gecko) Chrome/28.0.1500.95 Safari/537.36"
50.135.240.110 - - [05/Aug/2013:16:43:06 -0500] "GET /images/bg2.jpg HTTP/1.1" 200 55206 "http://operationspokaneheroes.org/" "Mozilla/5.0 (Windows NT 6.1; WOW64) AppleWebKit/537.36 (KHTML, like Gecko) Chrome/28.0.1500.95 Safari/537.36"
50.135.240.110 - - [05/Aug/2013:16:43:06 -0500] "GET /slider/css/style.css HTTP/1.1" 200 1379 "http://operationspokaneheroes.org/slider/index.html" "Mozilla/5.0 (Windows NT 6.1; WOW64) AppleWebKit/537.36 (KHTML, like Gecko) Chrome/28.0.1500.95 Safari/537.36"
50.135.240.110 - - [05/Aug/2013:16:43:07 -0500] "GET /css/slide.css HTTP/1.1" 200 2869 "http://operationspokaneheroes.org/_inc/slide.php" "Mozilla/5.0 (Windows NT 6.1; WOW64) AppleWebKit/537.36 (KHTML, like Gecko) Chrome/28.0.1500.95 Safari/537.36"
50.135.240.110 - - [05/Aug/2013:16:43:07 -0500] "GET /css/style_global.css HTTP/1.1" 200 2621 "http://operationspokaneheroes.org/_inc/slide.php" "Mozilla/5.0 (Windows NT 6.1; WOW64) AppleWebKit/537.36 (KHTML, like Gecko) Chrome/28.0.1500.95 Safari/537.36"
50.135.240.110 - - [05/Aug/2013:16:43:06 -0500] "GET /images/logo.png HTTP/1.1" 200 226129 "http://operationspokaneheroes.org/" "Mozilla/5.0 (Windows NT 6.1; WOW64) AppleWebKit/537.36 (KHTML, like Gecko) Chrome/28.0.1500.95 Safari/537.36"
50.135.240.110 - - [05/Aug/2013:16:43:07 -0500] "GET /slider/js/startstop-slider.js HTTP/1.1" 200 1737 "http://operationspokaneheroes.org/slider/index.html" "Mozilla/5.0 (Windows NT 6.1; WOW64) AppleWebKit/537.36 (KHTML, like Gecko) Chrome/28.0.1500.95 Safari/537.36"
50.135.240.110 - - [05/Aug/2013:16:43:07 -0500] "GET /images/slder2.png HTTP/1.1" 200 32853 "http://operationspokaneheroes.org/slider/index.html" "Mozilla/5.0 (Windows NT 6.1; WOW64) AppleWebKit/537.36 (KHTML, like Gecko) Chrome/28.0.1500.95 Safari/537.36"
50.135.240.110 - - [05/Aug/2013:16:43:07 -0500] "GET /images/imagslider-6.png HTTP/1.1" 200 37295 "http://operationspokaneheroes.org/slider/index.html" "Mozilla/5.0 (Windows NT 6.1; WOW64) AppleWebKit/537.36 (KHTML, like Gecko) Chrome/28.0.1500.95 Safari/537.36"
50.135.240.110 - - [05/Aug/2013:16:43:07 -0500] "GET /slider/js/jquery-1.2.6.js HTTP/1.1" 200 100196 "http://operationspokaneheroes.org/slider/index.html" "Mozilla/5.0 (Windows NT 6.1; WOW64) AppleWebKit/537.36 (KHTML, like Gecko) Chrome/28.0.1500.95 Safari/537.36"
50.135.240.110 - - [05/Aug/2013:16:43:07 -0500] "GET /images/imagslider-5.png HTTP/1.1" 200 65260 "http://operationspokaneheroes.org/slider/index.html" "Mozilla/5.0 (Windows NT 6.1; WOW64) AppleWebKit/537.36 (KHTML, like Gecko) Chrome/28.0.1500.95 Safari/537.36"
50.135.240.110 - - [05/Aug/2013:16:43:07 -0500] "GET /images/imagslider-1.png HTTP/1.1" 200 53651 "http://operationspokaneheroes.org/slider/index.html" "Mozilla/5.0 (Windows NT 6.1; WOW64) AppleWebKit/537.36 (KHTML, like Gecko) Chrome/28.0.1500.95 Safari/537.36"
50.135.240.110 - - [05/Aug/2013:16:43:07 -0500] "GET /js/combined.js HTTP/1.1" 200 169946 "http://operationspokaneheroes.org/_inc/slide.php" "Mozilla/5.0 (Windows NT 6.1; WOW64) AppleWebKit/537.36 (KHTML, like Gecko) Chrome/28.0.1500.95 Safari/537.36"
50.135.240.110 - - [05/Aug/2013:16:43:08 -0500] "GET /slider/images/slider-bg.jpg HTTP/1.1" 200 3447 "http://operationspokaneheroes.org/slider/index.html" "Mozilla/5.0 (Windows NT 6.1; WOW64) AppleWebKit/537.36 (KHTML, like Gecko) Chrome/28.0.1500.95 Safari/537.36"
50.135.240.110 - - [05/Aug/2013:16:43:08 -0500] "GET /images/mission_statement_bg.png HTTP/1.1" 200 11413 "http://operationspokaneheroes.org/_inc/slide.php" "Mozilla/5.0 (Windows NT 6.1; WOW64) AppleWebKit/537.36 (KHTML, like Gecko) Chrome/28.0.1500.95 Safari/537.36"
50.135.240.110 - - [05/Aug/2013:16:43:08 -0500] "GET /images/we_believe.png HTTP/1.1" 200 1785 "http://operationspokaneheroes.org/_inc/slide.php" "Mozilla/5.0 (Windows NT 6.1; WOW64) AppleWebKit/537.36 (KHTML, like Gecko) Chrome/28.0.1500.95 Safari/537.36"
50.135.240.110 - - [05/Aug/2013:16:43:08 -0500] "GET /images/we_strive.png HTTP/1.1" 200 1981 "http://operationspokaneheroes.org/_inc/slide.php" "Mozilla/5.0 (Windows NT 6.1; WOW64) AppleWebKit/537.36 (KHTML, like Gecko) Chrome/28.0.1500.95 Safari/537.36"
50.135.240.110 - - [05/Aug/2013:16:43:08 -0500] "GET /images/we_help.png HTTP/1.1" 200 1514 "http://operationspokaneheroes.org/_inc/slide.php" "Mozilla/5.0 (Windows NT 6.1; WOW64) AppleWebKit/537.36 (KHTML, like Gecko) Chrome/28.0.1500.95 Safari/537.36"
50.135.240.110 - - [05/Aug/2013:16:43:08 -0500] "GET /images/we_need.png HTTP/1.1" 200 2138 "http://operationspokaneheroes.org/_inc/slide.php" "Mozilla/5.0 (Windows NT 6.1; WOW64) AppleWebKit/537.36 (KHTML, like Gecko) Chrome/28.0.1500.95 Safari/537.36"
50.135.240.110 - - [05/Aug/2013:16:43:08 -0500] "GET /assets/images/btn_top_search_hover.png HTTP/1.1" 404 - "http://operationspokaneheroes.org/_inc/slide.php" "Mozilla/5.0 (Windows NT 6.1; WOW64) AppleWebKit/537.36 (KHTML, like Gecko) Chrome/28.0.1500.95 Safari/537.36"
50.135.240.110 - - [05/Aug/2013:16:43:08 -0500] "GET /assets/images/btn_main_search_hover.png HTTP/1.1" 404 - "http://operationspokaneheroes.org/_inc/slide.php" "Mozilla/5.0 (Windows NT 6.1; WOW64) AppleWebKit/537.36 (KHTML, like Gecko) Chrome/28.0.1500.95 Safari/537.36"
50.135.240.110 - - [05/Aug/2013:16:43:08 -0500] "GET /images/1.jpg HTTP/1.1" 200 142489 "http://operationspokaneheroes.org/_inc/slide.php" "Mozilla/5.0 (Windows NT 6.1; WOW64) AppleWebKit/537.36 (KHTML, like Gecko) Chrome/28.0.1500.95 Safari/537.36"
50.135.240.110 - - [05/Aug/2013:16:43:08 -0500] "GET /images/2.jpg HTTP/1.1" 200 170993 "http://operationspokaneheroes.org/_inc/slide.php" "Mozilla/5.0 (Windows NT 6.1; WOW64) AppleWebKit/537.36 (KHTML, like Gecko) Chrome/28.0.1500.95 Safari/537.36"
50.135.240.110 - - [05/Aug/2013:16:43:08 -0500] "GET /images/4.jpg HTTP/1.1" 200 186934 "http://operationspokaneheroes.org/_inc/slide.php" "Mozilla/5.0 (Windows NT 6.1; WOW64) AppleWebKit/537.36 (KHTML, like Gecko) Chrome/28.0.1500.95 Safari/537.36"
50.135.240.110 - - [05/Aug/2013:16:43:08 -0500] "GET /images/3.jpg HTTP/1.1" 200 240733 "http://operationspokaneheroes.org/_inc/slide.php" "Mozilla/5.0 (Windows NT 6.1; WOW64) AppleWebKit/537.36 (KHTML, like Gecko) Chrome/28.0.1500.95 Safari/537.36"
50.135.240.110 - - [05/Aug/2013:16:43:10 -0500] "GET /favicon.ico HTTP/1.1" 404 - "-" "Mozilla/5.0 (Windows NT 6.1; WOW64) AppleWebKit/537.36 (KHTML, like Gecko) Chrome/28.0.1500.95 Safari/537.36"
50.135.240.110 - - [05/Aug/2013:16:43:11 -0500] "GET /events.php HTTP/1.1" 200 6407 "http://operationspokaneheroes.org/" "Mozilla/5.0 (Windows NT 6.1; WOW64) AppleWebKit/537.36 (KHTML, like Gecko) Chrome/28.0.1500.95 Safari/537.36"
50.135.240.110 - - [05/Aug/2013:16:43:11 -0500] "GET /events/ermy_event/ermy.html HTTP/1.1" 200 3507 "http://operationspokaneheroes.org/events.php" "Mozilla/5.0 (Windows NT 6.1; WOW64) AppleWebKit/537.36 (KHTML, like Gecko) Chrome/28.0.1500.95 Safari/537.36"
50.135.240.110 - - [05/Aug/2013:16:43:11 -0500] "GET /events/carousel_11/carousel_11.html HTTP/1.1" 200 3712 "http://operationspokaneheroes.org/events.php" "Mozilla/5.0 (Windows NT 6.1; WOW64) AppleWebKit/537.36 (KHTML, like Gecko) Chrome/28.0.1500.95 Safari/537.36"
50.135.240.110 - - [05/Aug/2013:16:43:11 -0500] "GET /events/vet_picnic/vet_picnic.html HTTP/1.1" 200 3163 "http://operationspokaneheroes.org/events.php" "Mozilla/5.0 (Windows NT 6.1; WOW64) AppleWebKit/537.36 (KHTML, like Gecko) Chrome/28.0.1500.95 Safari/537.36"
50.135.240.110 - - [05/Aug/2013:16:43:11 -0500] "GET /events/ermy_event/css/style.css HTTP/1.1" 200 1149 "http://operationspokaneheroes.org/events/ermy_event/ermy.html" "Mozilla/5.0 (Windows NT 6.1; WOW64) AppleWebKit/537.36 (KHTML, like Gecko) Chrome/28.0.1500.95 Safari/537.36"
50.135.240.110 - - [05/Aug/2013:16:43:11 -0500] "GET /events/ermy_event/js/jquery.movingboxes.min.js HTTP/1.1" 200 4663 "http://operationspokaneheroes.org/events/ermy_event/ermy.html" "Mozilla/5.0 (Windows NT 6.1; WOW64) AppleWebKit/537.36 (KHTML, like Gecko) Chrome/28.0.1500.95 Safari/537.36"
50.135.240.110 - - [05/Aug/2013:16:43:11 -0500] "GET /events/vet_picnic/css/style.css HTTP/1.1" 200 1149 "http://operationspokaneheroes.org/events/vet_picnic/vet_picnic.html" "Mozilla/5.0 (Windows NT 6.1; WOW64) AppleWebKit/537.36 (KHTML, like Gecko) Chrome/28.0.1500.95 Safari/537.36"
50.135.240.110 - - [05/Aug/2013:16:43:11 -0500] "GET /events/ermy_event/images/10.jpg HTTP/1.1" 200 123002 "http://operationspokaneheroes.org/events/ermy_event/ermy.html" "Mozilla/5.0 (Windows NT 6.1; WOW64) AppleWebKit/537.36 (KHTML, like Gecko) Chrome/28.0.1500.95 Safari/537.36"
50.135.240.110 - - [05/Aug/2013:16:43:12 -0500] "GET /events/carousel_11/css/style.css HTTP/1.1" 200 1149 "http://operationspokaneheroes.org/events/carousel_11/carousel_11.html" "Mozilla/5.0 (Windows NT 6.1; WOW64) AppleWebKit/537.36 (KHTML, like Gecko) Chrome/28.0.1500.95 Safari/537.36"
50.135.240.110 - - [05/Aug/2013:16:43:12 -0500] "GET /events/vet_picnic/js/jquery.movingboxes.min.js HTTP/1.1" 200 4663 "http://operationspokaneheroes.org/events/vet_picnic/vet_picnic.html" "Mozilla/5.0 (Windows NT 6.1; WOW64) AppleWebKit/537.36 (KHTML, like Gecko) Chrome/28.0.1500.95 Safari/537.36"
50.135.240.110 - - [05/Aug/2013:16:43:11 -0500] "GET /events/ermy_event/images/9.jpg HTTP/1.1" 200 115800 "http://operationspokaneheroes.org/events/ermy_event/ermy.html" "Mozilla/5.0 (Windows NT 6.1; WOW64) AppleWebKit/537.36 (KHTML, like Gecko) Chrome/28.0.1500.95 Safari/537.36"
50.135.240.110 - - [05/Aug/2013:16:43:12 -0500] "GET /events/carousel_11/js/jquery.movingboxes.min.js HTTP/1.1" 200 4663 "http://operationspokaneheroes.org/events/carousel_11/carousel_11.html" "Mozilla/5.0 (Windows NT 6.1; WOW64) AppleWebKit/537.36 (KHTML, like Gecko) Chrome/28.0.1500.95 Safari/537.36"
50.135.240.110 - - [05/Aug/2013:16:43:11 -0500] "GET /events/ermy_event/images/8.jpg HTTP/1.1" 200 104457 "http://operationspokaneheroes.org/events/ermy_event/ermy.html" "Mozilla/5.0 (Windows NT 6.1; WOW64) AppleWebKit/537.36 (KHTML, like Gecko) Chrome/28.0.1500.95 Safari/537.36"
50.135.240.110 - - [05/Aug/2013:16:43:11 -0500] "GET /events/Brittanycozza-.png HTTP/1.1" 200 156325 "http://operationspokaneheroes.org/events.php" "Mozilla/5.0 (Windows NT 6.1; WOW64) AppleWebKit/537.36 (KHTML, like Gecko) Chrome/28.0.1500.95 Safari/537.36"
50.135.240.110 - - [05/Aug/2013:16:43:12 -0500] "GET /events/ermy_event/images/leftarrow.png HTTP/1.1" 200 3371 "http://operationspokaneheroes.org/events/ermy_event/ermy.html" "Mozilla/5.0 (Windows NT 6.1; WOW64) AppleWebKit/537.36 (KHTML, like Gecko) Chrome/28.0.1500.95 Safari/537.36"
50.135.240.110 - - [05/Aug/2013:16:43:12 -0500] "GET /events/ermy_event/images/1.jpg HTTP/1.1" 200 104778 "http://operationspokaneheroes.org/events/ermy_event/ermy.html" "Mozilla/5.0 (Windows NT 6.1; WOW64) AppleWebKit/537.36 (KHTML, like Gecko) Chrome/28.0.1500.95 Safari/537.36"
50.135.240.110 - - [05/Aug/2013:16:43:12 -0500] "GET /events/ermy_event/images/6.jpg HTTP/1.1" 200 110464 "http://operationspokaneheroes.org/events/ermy_event/ermy.html" "Mozilla/5.0 (Windows NT 6.1; WOW64) AppleWebKit/537.36 (KHTML, like Gecko) Chrome/28.0.1500.95 Safari/537.36"
50.135.240.110 - - [05/Aug/2013:16:43:12 -0500] "GET /events/ermy_event/images/rightarrow.png HTTP/1.1" 200 3351 "http://operationspokaneheroes.org/events/ermy_event/ermy.html" "Mozilla/5.0 (Windows NT 6.1; WOW64) AppleWebKit/537.36 (KHTML, like Gecko) Chrome/28.0.1500.95 Safari/537.36"
50.135.240.110 - - [05/Aug/2013:16:43:12 -0500] "GET /events/ermy_event/images/leftshadow.png HTTP/1.1" 200 153 "http://operationspokaneheroes.org/events/ermy_event/ermy.html" "Mozilla/5.0 (Windows NT 6.1; WOW64) AppleWebKit/537.36 (KHTML, like Gecko) Chrome/28.0.1500.95 Safari/537.36"
50.135.240.110 - - [05/Aug/2013:16:43:12 -0500] "GET /events/ermy_event/images/rightshadow.png HTTP/1.1" 200 147 "http://operationspokaneheroes.org/events/ermy_event/ermy.html" "Mozilla/5.0 (Windows NT 6.1; WOW64) AppleWebKit/537.36 (KHTML, like Gecko) Chrome/28.0.1500.95 Safari/537.36"
50.135.240.110 - - [05/Aug/2013:16:43:12 -0500] "GET /events/ermy_event/images/5.jpg HTTP/1.1" 200 97554 "http://operationspokaneheroes.org/events/ermy_event/ermy.html" "Mozilla/5.0 (Windows NT 6.1; WOW64) AppleWebKit/537.36 (KHTML, like Gecko) Chrome/28.0.1500.95 Safari/537.36"
50.135.240.110 - - [05/Aug/2013:16:43:12 -0500] "GET /events/ermy_event/images/3.jpg HTTP/1.1" 200 101406 "http://operationspokaneheroes.org/events/ermy_event/ermy.html" "Mozilla/5.0 (Windows NT 6.1; WOW64) AppleWebKit/537.36 (KHTML, like Gecko) Chrome/28.0.1500.95 Safari/537.36"
50.135.240.110 - - [05/Aug/2013:16:43:12 -0500] "GET /events/ermy_event/images/4.jpg HTTP/1.1" 200 94569 "http://operationspokaneheroes.org/events/ermy_event/ermy.html" "Mozilla/5.0 (Windows NT 6.1; WOW64) AppleWebKit/537.36 (KHTML, like Gecko) Chrome/28.0.1500.95 Safari/537.36"
50.135.240.110 - - [05/Aug/2013:16:43:12 -0500] "GET /events/ermy_event/images/7.jpg HTTP/1.1" 200 113303 "http://operationspokaneheroes.org/events/ermy_event/ermy.html" "Mozilla/5.0 (Windows NT 6.1; WOW64) AppleWebKit/537.36 (KHTML, like Gecko) Chrome/28.0.1500.95 Safari/537.36"
50.135.240.110 - - [05/Aug/2013:16:43:14 -0500] "GET /events/vet_picnic/images/leftarrow.png HTTP/1.1" 200 3371 "http://operationspokaneheroes.org/events/vet_picnic/vet_picnic.html" "Mozilla/5.0 (Windows NT 6.1; WOW64) AppleWebKit/537.36 (KHTML, like Gecko) Chrome/28.0.1500.95 Safari/537.36"
