67.185.169.96 - - [10/Mar/2012:16:16:12 -0600] "GET /favicon.ico HTTP/1.1" 404 - "-" "Mozilla/5.0 (Windows NT 6.1; WOW64) AppleWebKit/535.11 (KHTML, like Gecko) Chrome/17.0.963.78 Safari/535.11"
67.185.169.96 - - [10/Mar/2012:16:16:34 -0600] "GET /aboutus.php HTTP/1.1" 200 11446 "http://operationspokaneheroes.org/" "Mozilla/5.0 (Windows NT 6.1; WOW64) AppleWebKit/535.11 (KHTML, like Gecko) Chrome/17.0.963.78 Safari/535.11"
67.185.169.96 - - [10/Mar/2012:16:16:34 -0600] "GET /_inc/slide.php HTTP/1.1" 200 3205 "http://operationspokaneheroes.org/aboutus.php" "Mozilla/5.0 (Windows NT 6.1; WOW64) AppleWebKit/535.11 (KHTML, like Gecko) Chrome/17.0.963.78 Safari/535.11"
67.185.169.96 - - [10/Mar/2012:16:16:34 -0600] "GET /assets/images/btn_main_search_hover.png HTTP/1.1" 404 - "http://operationspokaneheroes.org/_inc/slide.php" "Mozilla/5.0 (Windows NT 6.1; WOW64) AppleWebKit/535.11 (KHTML, like Gecko) Chrome/17.0.963.78 Safari/535.11"
67.185.169.96 - - [10/Mar/2012:16:16:34 -0600] "GET /assets/images/btn_top_search_hover.png HTTP/1.1" 404 - "http://operationspokaneheroes.org/_inc/slide.php" "Mozilla/5.0 (Windows NT 6.1; WOW64) AppleWebKit/535.11 (KHTML, like Gecko) Chrome/17.0.963.78 Safari/535.11"
67.185.169.96 - - [10/Mar/2012:16:16:34 -0600] "GET /favicon.ico HTTP/1.1" 404 - "-" "Mozilla/5.0 (Windows NT 6.1; WOW64) AppleWebKit/535.11 (KHTML, like Gecko) Chrome/17.0.963.78 Safari/535.11"
67.185.169.96 - - [10/Mar/2012:16:16:47 -0600] "GET /business.php HTTP/1.1" 200 10592 "http://operationspokaneheroes.org/aboutus.php" "Mozilla/5.0 (Windows NT 6.1; WOW64) AppleWebKit/535.11 (KHTML, like Gecko) Chrome/17.0.963.78 Safari/535.11"
67.185.169.96 - - [10/Mar/2012:16:16:47 -0600] "GET /_inc/slide.php HTTP/1.1" 200 3205 "http://operationspokaneheroes.org/business.php" "Mozilla/5.0 (Windows NT 6.1; WOW64) AppleWebKit/535.11 (KHTML, like Gecko) Chrome/17.0.963.78 Safari/535.11"
67.185.169.96 - - [10/Mar/2012:16:16:47 -0600] "GET /assets/images/btn_top_search_hover.png HTTP/1.1" 404 - "http://operationspokaneheroes.org/_inc/slide.php" "Mozilla/5.0 (Windows NT 6.1; WOW64) AppleWebKit/535.11 (KHTML, like Gecko) Chrome/17.0.963.78 Safari/535.11"
67.185.169.96 - - [10/Mar/2012:16:16:47 -0600] "GET /assets/images/btn_main_search_hover.png HTTP/1.1" 404 - "http://operationspokaneheroes.org/_inc/slide.php" "Mozilla/5.0 (Windows NT 6.1; WOW64) AppleWebKit/535.11 (KHTML, like Gecko) Chrome/17.0.963.78 Safari/535.11"
67.185.169.96 - - [10/Mar/2012:16:16:47 -0600] "GET /favicon.ico HTTP/1.1" 404 - "-" "Mozilla/5.0 (Windows NT 6.1; WOW64) AppleWebKit/535.11 (KHTML, like Gecko) Chrome/17.0.963.78 Safari/535.11"
67.185.169.96 - - [10/Mar/2012:16:16:53 -0600] "GET /pdf/2010_Top100_Military_Friendly_Employers.pdf HTTP/1.1" 404 - "http://operationspokaneheroes.org/business.php" "Mozilla/5.0 (Windows NT 6.1; WOW64) AppleWebKit/535.11 (KHTML, like Gecko) Chrome/17.0.963.78 Safari/535.11"
67.185.169.96 - - [10/Mar/2012:16:16:53 -0600] "GET /favicon.ico HTTP/1.1" 404 - "-" "Mozilla/5.0 (Windows NT 6.1; WOW64) AppleWebKit/535.11 (KHTML, like Gecko) Chrome/17.0.963.78 Safari/535.11"
67.185.169.96 - - [10/Mar/2012:16:16:58 -0600] "GET /pdf/174%20Stores%20and%20Business%20Offering%20Military%20Discounts1.pdf HTTP/1.1" 404 - "http://operationspokaneheroes.org/business.php" "Mozilla/5.0 (Windows NT 6.1; WOW64) AppleWebKit/535.11 (KHTML, like Gecko) Chrome/17.0.963.78 Safari/535.11"
67.185.169.96 - - [10/Mar/2012:16:16:58 -0600] "GET /favicon.ico HTTP/1.1" 404 - "-" "Mozilla/5.0 (Windows NT 6.1; WOW64) AppleWebKit/535.11 (KHTML, like Gecko) Chrome/17.0.963.78 Safari/535.11"
67.185.169.96 - - [10/Mar/2012:16:17:05 -0600] "GET /calendar.php HTTP/1.1" 200 10488 "http://operationspokaneheroes.org/business.php" "Mozilla/5.0 (Windows NT 6.1; WOW64) AppleWebKit/535.11 (KHTML, like Gecko) Chrome/17.0.963.78 Safari/535.11"
67.185.169.96 - - [10/Mar/2012:16:17:05 -0600] "GET /_inc/slide.php HTTP/1.1" 200 3205 "http://operationspokaneheroes.org/calendar.php" "Mozilla/5.0 (Windows NT 6.1; WOW64) AppleWebKit/535.11 (KHTML, like Gecko) Chrome/17.0.963.78 Safari/535.11"
67.185.169.96 - - [10/Mar/2012:16:17:06 -0600] "GET /assets/images/btn_main_search_hover.png HTTP/1.1" 404 - "http://operationspokaneheroes.org/_inc/slide.php" "Mozilla/5.0 (Windows NT 6.1; WOW64) AppleWebKit/535.11 (KHTML, like Gecko) Chrome/17.0.963.78 Safari/535.11"
67.185.169.96 - - [10/Mar/2012:16:17:06 -0600] "GET /assets/images/btn_top_search_hover.png HTTP/1.1" 404 - "http://operationspokaneheroes.org/_inc/slide.php" "Mozilla/5.0 (Windows NT 6.1; WOW64) AppleWebKit/535.11 (KHTML, like Gecko) Chrome/17.0.963.78 Safari/535.11"
67.185.169.96 - - [10/Mar/2012:16:17:07 -0600] "GET /favicon.ico HTTP/1.1" 404 - "-" "Mozilla/5.0 (Windows NT 6.1; WOW64) AppleWebKit/535.11 (KHTML, like Gecko) Chrome/17.0.963.78 Safari/535.11"
180.76.5.65 - - [10/Mar/2012:17:01:39 -0600] "GET /css/style_global.css HTTP/1.1" 200 2621 "-" "Mozilla/5.0 (compatible; Baiduspider/2.0; +http://www.baidu.com/search/spider.html)"
1.202.218.8 - - [10/Mar/2012:17:04:32 -0600] "GET /robots.txt HTTP/1.0" 404 - "-" "\"Mozilla/5.0"
1.202.218.8 - - [10/Mar/2012:20:21:30 -0600] "GET /robots.txt HTTP/1.0" 404 - "-" "\"Mozilla/5.0"
66.249.71.44 - - [10/Mar/2012:20:35:19 -0600] "GET /robots.txt HTTP/1.1" 404 - "-" "Mozilla/5.0 (compatible; Googlebot/2.1; +http://www.google.com/bot.html)"
66.249.71.44 - - [10/Mar/2012:20:35:19 -0600] "GET /employers.php HTTP/1.1" 404 - "-" "Mozilla/5.0 (compatible; Googlebot/2.1; +http://www.google.com/bot.html)"
207.46.195.105 - - [10/Mar/2012:21:09:45 -0600] "GET /java_for_joes/index.html HTTP/1.1" 404 - "-" "Mozilla/5.0 (compatible; bingbot/2.0; +http://www.bing.com/bingbot.htm)"
100.43.83.155 - - [10/Mar/2012:21:10:25 -0600] "GET /robots.txt HTTP/1.1" 404 - "-" "Mozilla/5.0 (compatible; YandexBot/3.0; +http://yandex.com/bots)"
81.169.143.225 - - [10/Mar/2012:21:39:58 -0600] "GET //admin/index.php HTTP/1.1" 404 - "-" "-"
81.169.143.225 - - [10/Mar/2012:21:39:58 -0600] "GET //admin/pma/index.php HTTP/1.1" 404 - "-" "-"
81.169.143.225 - - [10/Mar/2012:21:39:59 -0600] "GET //admin/phpmyadmin/index.php HTTP/1.1" 404 - "-" "-"
81.169.143.225 - - [10/Mar/2012:21:40:05 -0600] "GET //typo3/phpmyadmin/index.php HTTP/1.1" 404 - "-" "-"
81.169.143.225 - - [10/Mar/2012:21:40:11 -0600] "GET //phpmyadmin/index.php HTTP/1.1" 404 - "-" "-"
81.169.143.225 - - [10/Mar/2012:21:40:15 -0600] "GET //phpmyadmin2/index.php HTTP/1.1" 404 - "-" "-"
81.169.143.225 - - [10/Mar/2012:21:40:18 -0600] "GET //web/phpMyAdmin/index.php HTTP/1.1" 404 - "-" "-"
81.169.143.225 - - [10/Mar/2012:21:40:18 -0600] "GET //xampp/phpmyadmin/index.php HTTP/1.1" 404 - "-" "-"
81.169.143.225 - - [10/Mar/2012:21:40:19 -0600] "GET //web/index.php HTTP/1.1" 404 - "-" "-"
100.43.83.155 - - [10/Mar/2012:23:01:04 -0600] "GET /index.php HTTP/1.1" 200 10288 "-" "Mozilla/5.0 (compatible; YandexBot/3.0; +http://yandex.com/bots)"
1.202.218.8 - - [10/Mar/2012:23:40:27 -0600] "GET /robots.txt HTTP/1.0" 404 - "-" "\"Mozilla/5.0"
69.171.234.7 - - [11/Mar/2012:00:01:21 -0600] "GET /images/osh_logo.jpg HTTP/1.1" 404 - "-" "facebookexternalhit/1.0 (+http://www.facebook.com/externalhit_uatext.php)"
207.46.13.157 - - [11/Mar/2012:01:45:29 -0600] "GET / HTTP/1.1" 200 10288 "-" "Mozilla/5.0 (compatible; bingbot/2.0; +http://www.bing.com/bingbot.htm)"
180.76.5.185 - - [11/Mar/2012:03:05:04 -0500] "GET /css/style_global.css HTTP/1.1" 200 2621 "-" "Mozilla/5.0 (compatible; Baiduspider/2.0; +http://www.baidu.com/search/spider.html)"
108.59.2.201 - - [11/Mar/2012:03:31:04 -0500] "GET /java_for_joes/index.html HTTP/1.1" 404 - "-" "Mozilla/5.0 (X11; Linux i686) AppleWebKit/535.7 (KHTML, like Gecko) Chrome/16.0.912.77 Safari/535.7"
1.202.218.8 - - [11/Mar/2012:04:01:13 -0500] "GET /robots.txt HTTP/1.0" 404 - "-" "\"Mozilla/5.0"
213.186.119.131 - - [11/Mar/2012:04:22:31 -0500] "GET /robots.txt HTTP/1.1" 404 - "-" "Mozilla/5.0 (compatible; AhrefsBot/2.0; +http://ahrefs.com/robot/)"
213.186.119.131 - - [11/Mar/2012:04:22:31 -0500] "GET /robots.txt HTTP/1.1" 404 - "-" "Mozilla/5.0 (compatible; AhrefsBot/2.0; +http://ahrefs.com/robot/)"
66.249.71.44 - - [11/Mar/2012:04:42:27 -0500] "GET /benefits.php HTTP/1.1" 404 - "-" "Mozilla/5.0 (iPhone; U; CPU iPhone OS 4_1 like Mac OS X; en-us) AppleWebKit/532.9 (KHTML, like Gecko) Version/4.0.5 Mobile/8B117 Safari/6531.22.7 (compatible; Googlebot-Mobile/2.1; +http://www.google.com/bot.html)"
157.55.18.23 - - [11/Mar/2012:04:49:24 -0500] "GET /robots.txt HTTP/1.1" 404 - "-" "Mozilla/5.0 (compatible; bingbot/2.0; +http://www.bing.com/bingbot.htm)"
157.55.18.23 - - [11/Mar/2012:04:49:42 -0500] "GET /pdf/174%20Stores%20and%20Business%20Offering%20Military%20Discounts1.pdf HTTP/1.1" 404 - "-" "Mozilla/5.0 (compatible; bingbot/2.0; +http://www.bing.com/bingbot.htm)"
66.249.71.44 - - [11/Mar/2012:05:10:54 -0500] "GET /wedo.php HTTP/1.1" 404 - "-" "Mozilla/5.0 (compatible; Googlebot/2.1; +http://www.google.com/bot.html)"
123.125.71.102 - - [11/Mar/2012:05:58:35 -0500] "GET /images/camp.jpg HTTP/1.1" 404 - "-" "Baiduspider-image+(+http://www.baidu.com/search/spider.htm)"
159.253.143.53 - - [11/Mar/2012:06:48:15 -0500] "GET http://operationspokaneheroes.org/robots.txt HTTP/1.0" 404 - "-" "Mozilla/5.0 (compatible; SWEBot/1.0; +http://swebot-crawler.net)"
159.253.143.53 - - [11/Mar/2012:06:48:15 -0500] "GET / HTTP/1.0" 200 10288 "-" "Mozilla/5.0 (compatible; SWEBot/1.0; +http://swebot-crawler.net)"
159.253.143.53 - - [11/Mar/2012:06:48:15 -0500] "GET /calendar.php HTTP/1.0" 200 10488 "-" "Mozilla/5.0 (compatible; SWEBot/1.0; +http://swebot-crawler.net)"
159.253.143.53 - - [11/Mar/2012:06:48:18 -0500] "GET /business.php HTTP/1.0" 200 10592 "-" "Mozilla/5.0 (compatible; SWEBot/1.0; +http://swebot-crawler.net)"
159.253.143.53 - - [11/Mar/2012:06:48:18 -0500] "GET /pdf/2010_Top100_Military_Friendly_Employers.pdf HTTP/1.0" 404 - "-" "Mozilla/5.0 (compatible; SWEBot/1.0; +http://swebot-crawler.net)"
159.253.143.53 - - [11/Mar/2012:06:48:18 -0500] "GET /pdf/174 HTTP/1.0" 404 - "-" "Mozilla/5.0 (compatible; SWEBot/1.0; +http://swebot-crawler.net)"
159.253.143.53 - - [11/Mar/2012:06:48:19 -0500] "GET /donate.php HTTP/1.0" 200 12791 "-" "Mozilla/5.0 (compatible; SWEBot/1.0; +http://swebot-crawler.net)"
159.253.143.53 - - [11/Mar/2012:06:48:21 -0500] "GET /contact.php HTTP/1.0" 200 10298 "-" "Mozilla/5.0 (compatible; SWEBot/1.0; +http://swebot-crawler.net)"
159.253.143.53 - - [11/Mar/2012:06:48:22 -0500] "GET /aboutus.php HTTP/1.0" 200 11446 "-" "Mozilla/5.0 (compatible; SWEBot/1.0; +http://swebot-crawler.net)"
159.253.143.53 - - [11/Mar/2012:06:48:23 -0500] "GET /index.php HTTP/1.0" 200 10288 "-" "Mozilla/5.0 (compatible; SWEBot/1.0; +http://swebot-crawler.net)"
1.202.218.8 - - [11/Mar/2012:07:21:26 -0500] "GET /robots.txt HTTP/1.0" 404 - "-" "\"Mozilla/5.0"
66.249.71.44 - - [11/Mar/2012:07:35:32 -0500] "GET /benefits.php HTTP/1.1" 404 - "-" "Mozilla/5.0 (compatible; Googlebot/2.1; +http://www.google.com/bot.html)"
207.46.12.70 - - [11/Mar/2012:07:47:40 -0500] "GET /_inc/contact.php HTTP/1.1" 200 756 "-" "Mozilla/5.0 (Windows NT 6.1; WOW64) AppleWebKit/534+ (KHTML, like Gecko) BingPreview/1.0b"
66.249.71.44 - - [11/Mar/2012:08:28:41 -0500] "GET /java_for_joes/index.html HTTP/1.1" 404 - "-" "Mozilla/5.0 (compatible; Googlebot/2.1; +http://www.google.com/bot.html)"
66.249.71.44 - - [11/Mar/2012:09:20:34 -0500] "GET /contact.php HTTP/1.1" 200 10298 "-" "Mozilla/5.0 (compatible; Googlebot/2.1; +http://www.google.com/bot.html)"
77.21.147.115 - - [11/Mar/2012:10:36:28 -0500] "GET /robots.txt HTTP/1.1" 404 - "-" "findlinks/2.0.2 (+http://wortschatz.uni-leipzig.de/findlinks/)"
1.202.218.8 - - [11/Mar/2012:10:42:08 -0500] "GET /robots.txt HTTP/1.0" 404 - "-" "\"Mozilla/5.0"
220.181.108.185 - - [11/Mar/2012:10:47:13 -0500] "GET /images/People-256.png HTTP/1.1" 200 25112 "-" "Baiduspider-image+(+http://www.baidu.com/search/spider.htm)"
180.76.5.96 - - [11/Mar/2012:11:37:24 -0500] "GET /join/ HTTP/1.1" 404 - "-" "Mozilla/5.0 (compatible; Baiduspider/2.0; +http://www.baidu.com/search/spider.html)"
77.75.77.17 - - [11/Mar/2012:12:13:36 -0500] "GET /robots.txt HTTP/1.1" 404 - "-" "SeznamBot/3.0 (+http://fulltext.sblog.cz/)"
157.55.39.225 - - [11/Mar/2012:13:06:42 -0500] "GET /robots.txt HTTP/1.1" 404 - "-" "msnbot/2.0b (+http://search.msn.com/msnbot.htm)"
157.55.39.225 - - [11/Mar/2012:13:06:42 -0500] "GET / HTTP/1.1" 200 10288 "-" "msnbot/2.0b (+http://search.msn.com/msnbot.htm)"
1.202.218.8 - - [11/Mar/2012:13:58:48 -0500] "GET /robots.txt HTTP/1.0" 404 - "-" "\"Mozilla/5.0"
207.46.13.157 - - [11/Mar/2012:14:34:00 -0500] "GET /robots.txt HTTP/1.1" 404 - "-" "Mozilla/5.0 (compatible; bingbot/2.0; +http://www.bing.com/bingbot.htm)"
180.76.5.51 - - [11/Mar/2012:14:37:24 -0500] "GET /css/slide.css HTTP/1.1" 200 2869 "-" "Mozilla/5.0 (compatible; Baiduspider/2.0; +http://www.baidu.com/search/spider.html)"
66.249.71.44 - - [11/Mar/2012:16:40:22 -0500] "GET /robots.txt HTTP/1.1" 404 - "-" "Mozilla/5.0 (compatible; Googlebot/2.1; +http://www.google.com/bot.html)"
66.249.71.44 - - [11/Mar/2012:16:40:22 -0500] "GET /events/bbq/va_bbq.html HTTP/1.1" 404 - "-" "Mozilla/5.0 (iPhone; U; CPU iPhone OS 4_1 like Mac OS X; en-us) AppleWebKit/532.9 (KHTML, like Gecko) Version/4.0.5 Mobile/8B117 Safari/6531.22.7 (compatible; Googlebot-Mobile/2.1; +http://www.google.com/bot.html)"
207.46.204.180 - - [11/Mar/2012:17:06:20 -0500] "GET /robots.txt HTTP/1.1" 404 - "-" "Mozilla/5.0 (compatible; bingbot/2.0; +http://www.bing.com/bingbot.htm)"
1.202.218.8 - - [11/Mar/2012:17:13:56 -0500] "GET /robots.txt HTTP/1.0" 404 - "-" "\"Mozilla/5.0"
69.171.229.246 - - [11/Mar/2012:17:16:05 -0500] "GET /images/osh_logo.jpg HTTP/1.1" 404 - "-" "facebookexternalhit/1.0 (+http://www.facebook.com/externalhit_uatext.php)"
69.171.229.250 - - [11/Mar/2012:17:16:43 -0500] "GET /images/osh_logo.jpg HTTP/1.1" 404 - "-" "facebookexternalhit/1.0 (+http://www.facebook.com/externalhit_uatext.php)"
207.46.204.180 - - [11/Mar/2012:17:31:10 -0500] "GET /events.php HTTP/1.1" 200 8158 "-" "Mozilla/5.0 (compatible; bingbot/2.0; +http://www.bing.com/bingbot.htm)"
207.46.13.157 - - [11/Mar/2012:18:20:07 -0500] "GET /robots.txt HTTP/1.1" 404 - "-" "Mozilla/5.0 (compatible; bingbot/2.0; +http://www.bing.com/bingbot.htm)"
207.46.13.157 - - [11/Mar/2012:19:19:09 -0500] "GET /index.php HTTP/1.1" 200 10288 "-" "Mozilla/5.0 (compatible; bingbot/2.0; +http://www.bing.com/bingbot.htm)"
139.18.2.209 - - [11/Mar/2012:20:20:56 -0500] "GET /contact.php HTTP/1.1" 200 10298 "-" "findlinks/2.0.1 (+http://wortschatz.uni-leipzig.de/findlinks/)"
1.202.218.8 - - [11/Mar/2012:20:28:48 -0500] "GET /robots.txt HTTP/1.0" 404 - "-" "\"Mozilla/5.0"
180.76.6.212 - - [11/Mar/2012:20:37:10 -0500] "GET /css/compact_style.css HTTP/1.1" 200 4934 "-" "Mozilla/5.0 (compatible; Baiduspider/2.0; +http://www.baidu.com/search/spider.html)"
123.125.71.29 - - [11/Mar/2012:20:38:55 -0500] "GET / HTTP/1.1" 200 10288 "-" "Mozilla/5.0 (compatible; Baiduspider/2.0; +http://www.baidu.com/search/spider.html)"
123.125.71.102 - - [11/Mar/2012:20:52:37 -0500] "GET /java_for_joes/index.html HTTP/1.1" 404 - "-" "Mozilla/5.0 (compatible; Baiduspider/2.0; +http://www.baidu.com/search/spider.html)"
157.55.39.225 - - [11/Mar/2012:21:34:52 -0500] "GET /robots.txt HTTP/1.1" 404 - "-" "msnbot/2.0b (+http://search.msn.com/msnbot.htm)"
157.55.39.225 - - [11/Mar/2012:21:34:52 -0500] "GET /index.php HTTP/1.1" 200 10288 "-" "msnbot/2.0b (+http://search.msn.com/msnbot.htm)"
157.55.39.225 - - [11/Mar/2012:21:34:55 -0500] "GET /contact.php HTTP/1.1" 200 10298 "-" "msnbot/2.0b (+http://search.msn.com/msnbot.htm)"
157.55.39.225 - - [11/Mar/2012:21:34:59 -0500] "GET /_inc/slide.php HTTP/1.1" 200 3205 "-" "msnbot/2.0b (+http://search.msn.com/msnbot.htm)"
157.55.39.225 - - [11/Mar/2012:21:35:04 -0500] "GET /calendar.php HTTP/1.1" 200 10488 "-" "msnbot/2.0b (+http://search.msn.com/msnbot.htm)"
157.55.39.225 - - [11/Mar/2012:21:35:09 -0500] "GET /slider.html HTTP/1.1" 200 7903 "-" "msnbot/2.0b (+http://search.msn.com/msnbot.htm)"
157.55.39.225 - - [11/Mar/2012:21:35:11 -0500] "GET /business.php HTTP/1.1" 200 10592 "-" "msnbot/2.0b (+http://search.msn.com/msnbot.htm)"
157.55.39.225 - - [11/Mar/2012:21:35:13 -0500] "GET /aboutus.php HTTP/1.1" 200 11446 "-" "msnbot/2.0b (+http://search.msn.com/msnbot.htm)"
157.55.39.225 - - [11/Mar/2012:21:35:14 -0500] "GET /donate.php HTTP/1.1" 200 12791 "-" "msnbot/2.0b (+http://search.msn.com/msnbot.htm)"
207.46.204.180 - - [11/Mar/2012:22:36:42 -0500] "GET /robots.txt HTTP/1.1" 404 - "-" "Mozilla/5.0 (compatible; bingbot/2.0; +http://www.bing.com/bingbot.htm)"
207.46.204.180 - - [11/Mar/2012:22:39:36 -0500] "GET /business.php HTTP/1.1" 200 10592 "-" "Mozilla/5.0 (compatible; bingbot/2.0; +http://www.bing.com/bingbot.htm)"
1.202.218.8 - - [11/Mar/2012:23:46:16 -0500] "GET /robots.txt HTTP/1.0" 404 - "-" "\"Mozilla/5.0"
180.76.5.64 - - [12/Mar/2012:01:19:05 -0500] "GET / HTTP/1.1" 200 10288 "-" "Mozilla/5.0 (compatible; Baiduspider/2.0; +http://www.baidu.com/search/spider.html)"
69.58.178.57 - - [12/Mar/2012:02:21:37 -0500] "GET /robots.txt HTTP/1.1" 404 - "-" "Mozilla/5.0 (X11; U; Linux i686; en-US; rv:1.9.2.24; ips-agent) Gecko/20111107 Ubuntu/10.04 (lucid) Firefox/3.6.24"
69.58.178.57 - - [12/Mar/2012:02:22:41 -0500] "GET / HTTP/1.1" 200 10288 "-" "Mozilla/5.0 (X11; U; Linux i686; en-US; rv:1.9.2.24; ips-agent) Gecko/20111107 Ubuntu/10.04 (lucid) Firefox/3.6.24"
69.58.178.57 - - [12/Mar/2012:02:23:44 -0500] "GET / HTTP/1.1" 200 10288 "-" "BlackBerry9630/5.0.0.732 Profile/MIDP-2.1 Configuration/CLDC-1.1 VendorID/102 ips-agent"
69.58.178.57 - - [12/Mar/2012:02:24:56 -0500] "GET /aboutus.php HTTP/1.1" 200 11446 "-" "Mozilla/5.0 (X11; U; Linux i686; en-US; rv:1.9.2.24; ips-agent) Gecko/20111107 Ubuntu/10.04 (lucid) Firefox/3.6.24"
69.58.178.57 - - [12/Mar/2012:02:25:59 -0500] "GET /contact.php HTTP/1.1" 200 10298 "-" "Mozilla/5.0 (X11; U; Linux i686; en-US; rv:1.9.2.24; ips-agent) Gecko/20111107 Ubuntu/10.04 (lucid) Firefox/3.6.24"
69.58.178.57 - - [12/Mar/2012:02:27:05 -0500] "GET /index.php HTTP/1.1" 200 10288 "-" "Mozilla/5.0 (X11; U; Linux i686; en-US; rv:1.9.2.24; ips-agent) Gecko/20111107 Ubuntu/10.04 (lucid) Firefox/3.6.24"
69.58.178.57 - - [12/Mar/2012:02:28:09 -0500] "GET /donate.php HTTP/1.1" 200 12791 "-" "Mozilla/5.0 (X11; U; Linux i686; en-US; rv:1.9.2.24; ips-agent) Gecko/20111107 Ubuntu/10.04 (lucid) Firefox/3.6.24"
69.58.178.57 - - [12/Mar/2012:02:29:13 -0500] "GET /business.php HTTP/1.1" 200 10592 "-" "BlackBerry9630/5.0.0.732 Profile/MIDP-2.1 Configuration/CLDC-1.1 VendorID/102 ips-agent"
69.58.178.57 - - [12/Mar/2012:02:30:09 -0500] "GET /calendar.php HTTP/1.1" 200 10488 "-" "Mozilla/5.0 (X11; U; Linux i686; en-US; rv:1.9.2.24; ips-agent) Gecko/20111107 Ubuntu/10.04 (lucid) Firefox/3.6.24"
69.58.178.57 - - [12/Mar/2012:02:31:03 -0500] "GET /_inc/slide.php HTTP/1.1" 200 3205 "-" "Mozilla/5.0 (X11; U; Linux i686; en-US; rv:1.9.2.24; ips-agent) Gecko/20111107 Ubuntu/10.04 (lucid) Firefox/3.6.24"
69.58.178.57 - - [12/Mar/2012:02:32:14 -0500] "GET /slider.html HTTP/1.1" 200 7903 "-" "Mozilla/5.0 (X11; U; Linux i686; en-US; rv:1.9.2.24; ips-agent) Gecko/20111107 Ubuntu/10.04 (lucid) Firefox/3.6.24"
69.58.178.57 - - [12/Mar/2012:02:33:01 -0500] "GET /_inc/contact.php HTTP/1.1" 200 756 "-" "Mozilla/5.0 (X11; U; Linux i686; en-US; rv:1.9.2.24; ips-agent) Gecko/20111107 Ubuntu/10.04 (lucid) Firefox/3.6.24"
67.207.136.128 - - [12/Mar/2012:02:39:10 -0500] "GET /java_for_joes/index.html HTTP/1.1" 404 - "-" "Mozilla/5.0 (Macintosh; U; Intel Mac OS X 10_5_8; en-us) AppleWebKit/531.21.8 (KHTML, like Gecko) Version/4.0.4 Safari/531.21.10"
1.202.218.8 - - [12/Mar/2012:03:04:44 -0500] "GET /robots.txt HTTP/1.0" 404 - "-" "\"Mozilla/5.0"
66.249.71.44 - - [12/Mar/2012:03:39:57 -0500] "GET /business_discount.php HTTP/1.1" 404 - "-" "Mozilla/5.0 (iPhone; U; CPU iPhone OS 4_1 like Mac OS X; en-us) AppleWebKit/532.9 (KHTML, like Gecko) Version/4.0.5 Mobile/8B117 Safari/6531.22.7 (compatible; Googlebot-Mobile/2.1; +http://www.google.com/bot.html)"
157.55.112.207 - - [12/Mar/2012:04:01:42 -0500] "GET /events/vet_picnic/vet_picnic.html HTTP/1.1" 404 - "-" "Mozilla/5.0 (Windows NT 6.1; WOW64) AppleWebKit/534+ (KHTML, like Gecko) BingPreview/1.0b"
123.125.71.100 - - [12/Mar/2012:05:20:34 -0500] "GET /images/united.jpg HTTP/1.1" 404 - "-" "Baiduspider-image+(+http://www.baidu.com/search/spider.htm)"
220.181.108.97 - - [12/Mar/2012:05:20:37 -0500] "GET /images/osh_logo.jpg HTTP/1.1" 404 - "-" "Baiduspider-image+(+http://www.baidu.com/search/spider.htm)"
66.249.71.44 - - [12/Mar/2012:05:34:22 -0500] "GET /robots.txt HTTP/1.1" 404 - "-" "Mozilla/5.0 (compatible; Googlebot/2.1; +http://www.google.com/bot.html)"
66.249.71.44 - - [12/Mar/2012:05:34:23 -0500] "GET /pdf/MCL%20Breakfast%20-%20February%202012.pdf HTTP/1.1" 404 - "-" "Mozilla/5.0 (compatible; Googlebot/2.1; +http://www.google.com/bot.html)"
123.126.68.20 - - [12/Mar/2012:05:51:47 -0500] "GET / HTTP/1.1" 200 10288 "-" "Sogou web spider/4.0(+http://www.sogou.com/docs/help/webmasters.htm#07)"
213.186.119.131 - - [12/Mar/2012:06:00:50 -0500] "GET /robots.txt HTTP/1.1" 404 - "-" "Mozilla/5.0 (compatible; AhrefsBot/2.0; +http://ahrefs.com/robot/)"
213.186.119.131 - - [12/Mar/2012:06:00:50 -0500] "GET /robots.txt HTTP/1.1" 404 - "-" "Mozilla/5.0 (compatible; AhrefsBot/2.0; +http://ahrefs.com/robot/)"
1.202.218.8 - - [12/Mar/2012:06:23:06 -0500] "GET /robots.txt HTTP/1.0" 404 - "-" "\"Mozilla/5.0"
66.249.71.10 - - [12/Mar/2012:06:45:12 -0500] "GET /robots.txt HTTP/1.1" 404 - "-" "Mozilla/5.0 (compatible; Googlebot/2.1; +http://www.google.com/bot.html)"
66.249.71.10 - - [12/Mar/2012:06:45:12 -0500] "GET /index.php HTTP/1.1" 200 10288 "-" "Mozilla/5.0 (compatible; Googlebot/2.1; +http://www.google.com/bot.html)"
220.181.108.114 - - [12/Mar/2012:09:19:50 -0500] "GET /images/Melvin.jpg HTTP/1.1" 404 - "-" "Baiduspider-image+(+http://www.baidu.com/search/spider.htm)"
157.55.39.225 - - [12/Mar/2012:09:20:51 -0500] "GET / HTTP/1.1" 200 10288 "-" "msnbot/2.0b (+http://search.msn.com/msnbot.htm)"
1.202.218.8 - - [12/Mar/2012:09:41:30 -0500] "GET /robots.txt HTTP/1.0" 404 - "-" "\"Mozilla/5.0"
123.125.71.24 - - [12/Mar/2012:11:41:01 -0500] "GET / HTTP/1.1" 200 10288 "-" "Mozilla/5.0 (compatible; Baiduspider/2.0; +http://www.baidu.com/search/spider.html)"
1.202.218.8 - - [12/Mar/2012:12:57:39 -0500] "GET /robots.txt HTTP/1.0" 404 - "-" "\"Mozilla/5.0"
207.46.194.87 - - [12/Mar/2012:13:10:01 -0500] "GET /robots.txt HTTP/1.1" 404 - "-" "msnbot-media/1.1 (+http://search.msn.com/msnbot.htm)"
207.46.194.87 - - [12/Mar/2012:13:10:01 -0500] "GET /events/care_package/images/2.jpg HTTP/1.1" 404 - "-" "msnbot-media/1.1 (+http://search.msn.com/msnbot.htm)"
207.46.13.157 - - [12/Mar/2012:13:10:48 -0500] "GET / HTTP/1.1" 200 10288 "-" "Mozilla/5.0 (compatible; bingbot/2.0; +http://www.bing.com/bingbot.htm)"
75.148.58.38 - - [12/Mar/2012:14:34:54 -0500] "GET / HTTP/1.1" 200 10288 "-" "Mozilla/5.0 (Macintosh; Intel Mac OS X 10.6; rv:10.0) Gecko/20100101 Firefox/10.0"
75.148.58.38 - - [12/Mar/2012:14:34:55 -0500] "GET /css/footer.css HTTP/1.1" 200 752 "http://operationspokaneheroes.org/" "Mozilla/5.0 (Macintosh; Intel Mac OS X 10.6; rv:10.0) Gecko/20100101 Firefox/10.0"
75.148.58.38 - - [12/Mar/2012:14:34:55 -0500] "GET /images/contacticon.png HTTP/1.1" 200 4499 "http://operationspokaneheroes.org/" "Mozilla/5.0 (Macintosh; Intel Mac OS X 10.6; rv:10.0) Gecko/20100101 Firefox/10.0"
75.148.58.38 - - [12/Mar/2012:14:34:55 -0500] "GET /slider.html HTTP/1.1" 200 7903 "http://operationspokaneheroes.org/" "Mozilla/5.0 (Macintosh; Intel Mac OS X 10.6; rv:10.0) Gecko/20100101 Firefox/10.0"
75.148.58.38 - - [12/Mar/2012:14:34:55 -0500] "GET /_inc/slide.php HTTP/1.1" 200 3205 "http://operationspokaneheroes.org/" "Mozilla/5.0 (Macintosh; Intel Mac OS X 10.6; rv:10.0) Gecko/20100101 Firefox/10.0"
75.148.58.38 - - [12/Mar/2012:14:34:55 -0500] "GET /images/global.png HTTP/1.1" 200 5737 "http://operationspokaneheroes.org/" "Mozilla/5.0 (Macintosh; Intel Mac OS X 10.6; rv:10.0) Gecko/20100101 Firefox/10.0"
75.148.58.38 - - [12/Mar/2012:14:34:55 -0500] "GET /css/global.css HTTP/1.1" 200 13951 "http://operationspokaneheroes.org/" "Mozilla/5.0 (Macintosh; Intel Mac OS X 10.6; rv:10.0) Gecko/20100101 Firefox/10.0"
75.148.58.38 - - [12/Mar/2012:14:34:55 -0500] "GET /images/facebook.png HTTP/1.1" 200 5004 "http://operationspokaneheroes.org/" "Mozilla/5.0 (Macintosh; Intel Mac OS X 10.6; rv:10.0) Gecko/20100101 Firefox/10.0"
75.148.58.38 - - [12/Mar/2012:14:34:55 -0500] "GET /css/compact_style.css HTTP/1.1" 200 4934 "http://operationspokaneheroes.org/slider.html" "Mozilla/5.0 (Macintosh; Intel Mac OS X 10.6; rv:10.0) Gecko/20100101 Firefox/10.0"
75.148.58.38 - - [12/Mar/2012:14:34:56 -0500] "GET /css/slide.css HTTP/1.1" 200 2869 "http://operationspokaneheroes.org/_inc/slide.php" "Mozilla/5.0 (Macintosh; Intel Mac OS X 10.6; rv:10.0) Gecko/20100101 Firefox/10.0"
75.148.58.38 - - [12/Mar/2012:14:34:56 -0500] "GET /css/style_global.css HTTP/1.1" 200 2621 "http://operationspokaneheroes.org/_inc/slide.php" "Mozilla/5.0 (Macintosh; Intel Mac OS X 10.6; rv:10.0) Gecko/20100101 Firefox/10.0"
75.148.58.38 - - [12/Mar/2012:14:34:56 -0500] "GET /jquery.easing.1.3.js HTTP/1.1" 200 8097 "http://operationspokaneheroes.org/slider.html" "Mozilla/5.0 (Macintosh; Intel Mac OS X 10.6; rv:10.0) Gecko/20100101 Firefox/10.0"
75.148.58.38 - - [12/Mar/2012:14:34:55 -0500] "GET /js/cufon-yui.js HTTP/1.1" 200 18257 "http://operationspokaneheroes.org/slider.html" "Mozilla/5.0 (Macintosh; Intel Mac OS X 10.6; rv:10.0) Gecko/20100101 Firefox/10.0"
75.148.58.38 - - [12/Mar/2012:14:34:56 -0500] "GET /js/Bebas_400.font.js HTTP/1.1" 200 32806 "http://operationspokaneheroes.org/slider.html" "Mozilla/5.0 (Macintosh; Intel Mac OS X 10.6; rv:10.0) Gecko/20100101 Firefox/10.0"
75.148.58.38 - - [12/Mar/2012:14:34:56 -0500] "GET /images/nav2.jpg HTTP/1.1" 200 4444 "http://operationspokaneheroes.org/" "Mozilla/5.0 (Macintosh; Intel Mac OS X 10.6; rv:10.0) Gecko/20100101 Firefox/10.0"
75.148.58.38 - - [12/Mar/2012:14:34:56 -0500] "GET /mainbk.png HTTP/1.1" 200 290 "http://operationspokaneheroes.org/" "Mozilla/5.0 (Macintosh; Intel Mac OS X 10.6; rv:10.0) Gecko/20100101 Firefox/10.0"
75.148.58.38 - - [12/Mar/2012:14:34:56 -0500] "GET /images/bg2.jpg HTTP/1.1" 200 55206 "http://operationspokaneheroes.org/css/global.css" "Mozilla/5.0 (Macintosh; Intel Mac OS X 10.6; rv:10.0) Gecko/20100101 Firefox/10.0"
75.148.58.38 - - [12/Mar/2012:14:34:57 -0500] "GET /images/freedom_friday.jpg HTTP/1.1" 200 22631 "http://operationspokaneheroes.org/slider.html" "Mozilla/5.0 (Macintosh; Intel Mac OS X 10.6; rv:10.0) Gecko/20100101 Firefox/10.0"
75.148.58.38 - - [12/Mar/2012:14:34:57 -0500] "GET /images/pearl_harbor.jpg HTTP/1.1" 200 16515 "http://operationspokaneheroes.org/slider.html" "Mozilla/5.0 (Macintosh; Intel Mac OS X 10.6; rv:10.0) Gecko/20100101 Firefox/10.0"
75.148.58.38 - - [12/Mar/2012:14:34:57 -0500] "GET /images/marine_breakfast.jpg HTTP/1.1" 200 28792 "http://operationspokaneheroes.org/slider.html" "Mozilla/5.0 (Macintosh; Intel Mac OS X 10.6; rv:10.0) Gecko/20100101 Firefox/10.0"
75.148.58.38 - - [12/Mar/2012:14:34:55 -0500] "GET /images/logo.png HTTP/1.1" 200 226129 "http://operationspokaneheroes.org/" "Mozilla/5.0 (Macintosh; Intel Mac OS X 10.6; rv:10.0) Gecko/20100101 Firefox/10.0"
75.148.58.38 - - [12/Mar/2012:14:34:57 -0500] "GET /images/osh_static_cling.jpg HTTP/1.1" 200 19209 "http://operationspokaneheroes.org/slider.html" "Mozilla/5.0 (Macintosh; Intel Mac OS X 10.6; rv:10.0) Gecko/20100101 Firefox/10.0"
75.148.58.38 - - [12/Mar/2012:14:34:57 -0500] "GET /images/prev.png HTTP/1.1" 200 2995 "http://operationspokaneheroes.org/css/compact_style.css" "Mozilla/5.0 (Macintosh; Intel Mac OS X 10.6; rv:10.0) Gecko/20100101 Firefox/10.0"
75.148.58.38 - - [12/Mar/2012:14:34:57 -0500] "GET /images/next.png HTTP/1.1" 200 3022 "http://operationspokaneheroes.org/css/compact_style.css" "Mozilla/5.0 (Macintosh; Intel Mac OS X 10.6; rv:10.0) Gecko/20100101 Firefox/10.0"
75.148.58.38 - - [12/Mar/2012:14:34:56 -0500] "GET /js/combined.js HTTP/1.1" 200 169946 "http://operationspokaneheroes.org/_inc/slide.php" "Mozilla/5.0 (Macintosh; Intel Mac OS X 10.6; rv:10.0) Gecko/20100101 Firefox/10.0"
75.148.58.38 - - [12/Mar/2012:14:34:58 -0500] "GET /images/we_strive.png HTTP/1.1" 200 1981 "http://operationspokaneheroes.org/css/slide.css" "Mozilla/5.0 (Macintosh; Intel Mac OS X 10.6; rv:10.0) Gecko/20100101 Firefox/10.0"
75.148.58.38 - - [12/Mar/2012:14:34:58 -0500] "GET /images/we_believe.png HTTP/1.1" 200 1785 "http://operationspokaneheroes.org/css/slide.css" "Mozilla/5.0 (Macintosh; Intel Mac OS X 10.6; rv:10.0) Gecko/20100101 Firefox/10.0"
75.148.58.38 - - [12/Mar/2012:14:34:58 -0500] "GET /images/mission_statement_bg.png HTTP/1.1" 200 11413 "http://operationspokaneheroes.org/css/slide.css" "Mozilla/5.0 (Macintosh; Intel Mac OS X 10.6; rv:10.0) Gecko/20100101 Firefox/10.0"
75.148.58.38 - - [12/Mar/2012:14:34:58 -0500] "GET /images/we_help.png HTTP/1.1" 200 1514 "http://operationspokaneheroes.org/css/slide.css" "Mozilla/5.0 (Macintosh; Intel Mac OS X 10.6; rv:10.0) Gecko/20100101 Firefox/10.0"
75.148.58.38 - - [12/Mar/2012:14:34:58 -0500] "GET /images/we_need.png HTTP/1.1" 200 2138 "http://operationspokaneheroes.org/css/slide.css" "Mozilla/5.0 (Macintosh; Intel Mac OS X 10.6; rv:10.0) Gecko/20100101 Firefox/10.0"
75.148.58.38 - - [12/Mar/2012:14:34:58 -0500] "GET /images/2.jpg HTTP/1.1" 200 170993 "http://operationspokaneheroes.org/_inc/slide.php" "Mozilla/5.0 (Macintosh; Intel Mac OS X 10.6; rv:10.0) Gecko/20100101 Firefox/10.0"
75.148.58.38 - - [12/Mar/2012:14:34:59 -0500] "GET /assets/images/btn_top_search_hover.png HTTP/1.1" 404 - "http://operationspokaneheroes.org/_inc/slide.php" "Mozilla/5.0 (Macintosh; Intel Mac OS X 10.6; rv:10.0) Gecko/20100101 Firefox/10.0"
75.148.58.38 - - [12/Mar/2012:14:34:59 -0500] "GET /assets/images/btn_main_search_hover.png HTTP/1.1" 404 - "http://operationspokaneheroes.org/_inc/slide.php" "Mozilla/5.0 (Macintosh; Intel Mac OS X 10.6; rv:10.0) Gecko/20100101 Firefox/10.0"
75.148.58.38 - - [12/Mar/2012:14:34:58 -0500] "GET /images/4.jpg HTTP/1.1" 200 186934 "http://operationspokaneheroes.org/_inc/slide.php" "Mozilla/5.0 (Macintosh; Intel Mac OS X 10.6; rv:10.0) Gecko/20100101 Firefox/10.0"
75.148.58.38 - - [12/Mar/2012:14:34:58 -0500] "GET /images/1.jpg HTTP/1.1" 200 142489 "http://operationspokaneheroes.org/_inc/slide.php" "Mozilla/5.0 (Macintosh; Intel Mac OS X 10.6; rv:10.0) Gecko/20100101 Firefox/10.0"
75.148.58.38 - - [12/Mar/2012:14:34:58 -0500] "GET /images/3.jpg HTTP/1.1" 200 240733 "http://operationspokaneheroes.org/_inc/slide.php" "Mozilla/5.0 (Macintosh; Intel Mac OS X 10.6; rv:10.0) Gecko/20100101 Firefox/10.0"
75.148.58.38 - - [12/Mar/2012:14:35:00 -0500] "GET /favicon.ico HTTP/1.1" 404 - "-" "Mozilla/5.0 (Macintosh; Intel Mac OS X 10.6; rv:10.0) Gecko/20100101 Firefox/10.0"
75.148.58.38 - - [12/Mar/2012:14:35:01 -0500] "GET /favicon.ico HTTP/1.1" 404 - "-" "Mozilla/5.0 (Macintosh; Intel Mac OS X 10.6; rv:10.0) Gecko/20100101 Firefox/10.0"
66.249.71.44 - - [12/Mar/2012:14:44:40 -0500] "GET /events/care_package/care.html HTTP/1.1" 404 - "-" "Mozilla/5.0 (iPhone; U; CPU iPhone OS 4_1 like Mac OS X; en-us) AppleWebKit/532.9 (KHTML, like Gecko) Version/4.0.5 Mobile/8B117 Safari/6531.22.7 (compatible; Googlebot-Mobile/2.1; +http://www.google.com/bot.html)"
1.202.218.8 - - [12/Mar/2012:16:12:39 -0500] "GET /robots.txt HTTP/1.0" 404 - "-" "\"Mozilla/5.0"
100.43.83.155 - - [12/Mar/2012:16:16:58 -0500] "GET /robots.txt HTTP/1.1" 404 - "-" "Mozilla/5.0 (compatible; YandexBot/3.0; +http://yandex.com/bots)"
66.249.71.44 - - [12/Mar/2012:16:35:52 -0500] "GET /benefits.php HTTP/1.1" 404 - "-" "Mozilla/5.0 (compatible; Googlebot/2.1; +http://www.google.com/bot.html)"
193.47.80.51 - - [12/Mar/2012:17:51:52 -0500] "GET /robots.txt HTTP/1.1" 404 - "-" "Mozilla/5.0 (compatible; Exabot/3.0; +http://www.exabot.com/go/robot)"
193.47.80.51 - - [12/Mar/2012:17:51:52 -0500] "GET / HTTP/1.1" 200 10288 "-" "Mozilla/5.0 (compatible; Exabot/3.0; +http://www.exabot.com/go/robot)"
157.55.17.91 - - [12/Mar/2012:18:48:27 -0500] "GET /_inc/slide.php HTTP/1.1" 200 3205 "-" "Mozilla/4.0 (compatible; MSIE 7.0; Windows NT 5.2)"
157.55.17.91 - - [12/Mar/2012:18:48:28 -0500] "GET /css/slide.css HTTP/1.1" 200 2869 "http://operationspokaneheroes.org/_inc/slide.php" "Mozilla/4.0 (compatible; MSIE 7.0; Windows NT 5.2)"
157.55.17.91 - - [12/Mar/2012:18:48:28 -0500] "GET /css/style_global.css HTTP/1.1" 200 2621 "http://operationspokaneheroes.org/_inc/slide.php" "Mozilla/4.0 (compatible; MSIE 7.0; Windows NT 5.2)"
157.55.17.91 - - [12/Mar/2012:18:48:28 -0500] "GET /js/combined.js HTTP/1.1" 200 169946 "http://operationspokaneheroes.org/_inc/slide.php" "Mozilla/4.0 (compatible; MSIE 7.0; Windows NT 5.2)"
1.202.218.8 - - [12/Mar/2012:19:26:44 -0500] "GET /robots.txt HTTP/1.0" 404 - "-" "\"Mozilla/5.0"
207.46.195.105 - - [12/Mar/2012:19:35:38 -0500] "GET /robots.txt HTTP/1.1" 404 - "-" "Mozilla/5.0 (compatible; bingbot/2.0; +http://www.bing.com/bingbot.htm)"
207.46.195.105 - - [12/Mar/2012:19:36:13 -0500] "GET /mission.php HTTP/1.1" 404 - "-" "Mozilla/5.0 (compatible; bingbot/2.0; +http://www.bing.com/bingbot.htm)"
180.76.5.101 - - [12/Mar/2012:19:51:48 -0500] "GET / HTTP/1.1" 200 10288 "-" "Mozilla/5.0 (compatible; Baiduspider/2.0; +http://www.baidu.com/search/spider.html)"
1.202.218.8 - - [12/Mar/2012:22:44:35 -0500] "GET /robots.txt HTTP/1.0" 404 - "-" "\"Mozilla/5.0"
100.43.83.155 - - [12/Mar/2012:23:14:09 -0500] "GET /robots.txt HTTP/1.1" 404 - "-" "Mozilla/5.0 (compatible; YandexBot/3.0; +http://yandex.com/bots)"
100.43.83.155 - - [12/Mar/2012:23:14:12 -0500] "GET / HTTP/1.1" 200 10288 "-" "Mozilla/5.0 (compatible; YandexBot/3.0; +http://yandex.com/bots)"
66.249.71.44 - - [13/Mar/2012:01:56:41 -0500] "GET /robots.txt HTTP/1.1" 404 - "-" "Mozilla/5.0 (compatible; Googlebot/2.1; +http://www.google.com/bot.html)"
66.249.71.44 - - [13/Mar/2012:01:56:41 -0500] "GET /benefits.php HTTP/1.1" 404 - "-" "Mozilla/5.0 (iPhone; U; CPU iPhone OS 4_1 like Mac OS X; en-us) AppleWebKit/532.9 (KHTML, like Gecko) Version/4.0.5 Mobile/8B117 Safari/6531.22.7 (compatible; Googlebot-Mobile/2.1; +http://www.google.com/bot.html)"
1.202.218.8 - - [13/Mar/2012:02:02:23 -0500] "GET /robots.txt HTTP/1.0" 404 - "-" "\"Mozilla/5.0"
123.125.71.48 - - [13/Mar/2012:03:21:08 -0500] "GET /java_for_joes/index.html HTTP/1.1" 404 - "-" "Mozilla/5.0 (compatible; Baiduspider/2.0; +http://www.baidu.com/search/spider.html)"
207.46.195.105 - - [13/Mar/2012:03:38:31 -0500] "GET /robots.txt HTTP/1.1" 404 - "-" "Mozilla/5.0 (compatible; bingbot/2.0; +http://www.bing.com/bingbot.htm)"
66.249.71.44 - - [13/Mar/2012:03:43:42 -0500] "GET /mission.php HTTP/1.1" 404 - "-" "Mozilla/5.0 (compatible; Googlebot/2.1; +http://www.google.com/bot.html)"
213.186.119.131 - - [13/Mar/2012:04:01:33 -0500] "GET /robots.txt HTTP/1.1" 404 - "-" "Mozilla/5.0 (compatible; AhrefsBot/2.0; +http://ahrefs.com/robot/)"
213.186.119.131 - - [13/Mar/2012:04:01:33 -0500] "GET /robots.txt HTTP/1.1" 404 - "-" "Mozilla/5.0 (compatible; AhrefsBot/2.0; +http://ahrefs.com/robot/)"
157.55.112.206 - - [13/Mar/2012:04:04:18 -0500] "GET /events/care_package/care.html HTTP/1.1" 404 - "-" "Mozilla/5.0 (Windows NT 6.1; WOW64) AppleWebKit/534+ (KHTML, like Gecko) BingPreview/1.0b"
1.202.218.8 - - [13/Mar/2012:05:20:35 -0500] "GET /robots.txt HTTP/1.0" 404 - "-" "\"Mozilla/5.0"
100.43.83.155 - - [13/Mar/2012:05:28:12 -0500] "GET /contact.php HTTP/1.1" 200 10298 "-" "Mozilla/5.0 (compatible; YandexBot/3.0; +http://yandex.com/bots)"
74.125.64.95 - - [13/Mar/2012:06:10:42 -0500] "GET /favicon.ico HTTP/1.1" 404 - "-" "AppEngine-Google; (+http://code.google.com/appengine; appid: s~getfavicon27)"
74.125.156.80 - - [13/Mar/2012:06:10:42 -0500] "GET / HTTP/1.1" 200 10288 "-" "AppEngine-Google; (+http://code.google.com/appengine; appid: s~getfavicon27)"
157.55.39.225 - - [13/Mar/2012:06:22:52 -0500] "GET /robots.txt HTTP/1.1" 404 - "-" "msnbot/2.0b (+http://search.msn.com/msnbot.htm)"
157.55.39.225 - - [13/Mar/2012:06:22:52 -0500] "GET / HTTP/1.1" 200 10288 "-" "msnbot/2.0b (+http://search.msn.com/msnbot.htm)"
207.46.13.143 - - [13/Mar/2012:06:48:48 -0500] "GET / HTTP/1.1" 200 10288 "-" "Mozilla/5.0 (compatible; bingbot/2.0; +http://www.bing.com/bingbot.htm)"
220.181.108.99 - - [13/Mar/2012:07:06:16 -0500] "GET /images/Christmas-Carrousel-Flyer2011.jpg HTTP/1.1" 404 - "-" "Baiduspider-image+(+http://www.baidu.com/search/spider.htm)"
1.202.218.8 - - [13/Mar/2012:08:39:44 -0500] "GET /robots.txt HTTP/1.0" 404 - "-" "\"Mozilla/5.0"
69.196.241.254 - - [13/Mar/2012:09:49:12 -0500] "GET / HTTP/1.1" 200 10288 "-" "Jakarta Commons-HttpClient/3.1"
173.126.168.54 - - [13/Mar/2012:10:15:21 -0500] "GET / HTTP/1.1" 200 10288 "-" "Mozilla/5.0 (Linux; U; Android 2.3.4; en-us; LGL45C Build/GRJ22) AppleWebKit/533.1 (KHTML, like Gecko) Version/4.0 Mobile Safari/533.1"
173.126.168.54 - - [13/Mar/2012:10:15:21 -0500] "GET /css/global.css HTTP/1.1" 200 13951 "http://operationspokaneheroes.org/" "Mozilla/5.0 (Linux; U; Android 2.3.4; en-us; LGL45C Build/GRJ22) AppleWebKit/533.1 (KHTML, like Gecko) Version/4.0 Mobile Safari/533.1"
173.126.168.54 - - [13/Mar/2012:10:15:22 -0500] "GET /_inc/slide.php HTTP/1.1" 200 3205 "http://operationspokaneheroes.org/" "Mozilla/5.0 (Linux; U; Android 2.3.4; en-us; LGL45C Build/GRJ22) AppleWebKit/533.1 (KHTML, like Gecko) Version/4.0 Mobile Safari/533.1"
173.126.168.54 - - [13/Mar/2012:10:15:22 -0500] "GET /slider.html HTTP/1.1" 200 7903 "http://operationspokaneheroes.org/" "Mozilla/5.0 (Linux; U; Android 2.3.4; en-us; LGL45C Build/GRJ22) AppleWebKit/533.1 (KHTML, like Gecko) Version/4.0 Mobile Safari/533.1"
173.126.168.54 - - [13/Mar/2012:10:15:22 -0500] "GET /css/footer.css HTTP/1.1" 200 752 "http://operationspokaneheroes.org/" "Mozilla/5.0 (Linux; U; Android 2.3.4; en-us; LGL45C Build/GRJ22) AppleWebKit/533.1 (KHTML, like Gecko) Version/4.0 Mobile Safari/533.1"
173.126.168.54 - - [13/Mar/2012:10:15:22 -0500] "GET /images/contacticon.png HTTP/1.1" 200 4499 "http://operationspokaneheroes.org/" "Mozilla/5.0 (Linux; U; Android 2.3.4; en-us; LGL45C Build/GRJ22) AppleWebKit/533.1 (KHTML, like Gecko) Version/4.0 Mobile Safari/533.1"
173.126.168.54 - - [13/Mar/2012:10:15:22 -0500] "GET /images/global.png HTTP/1.1" 200 5737 "http://operationspokaneheroes.org/" "Mozilla/5.0 (Linux; U; Android 2.3.4; en-us; LGL45C Build/GRJ22) AppleWebKit/533.1 (KHTML, like Gecko) Version/4.0 Mobile Safari/533.1"
173.126.168.54 - - [13/Mar/2012:10:15:22 -0500] "GET /images/facebook.png HTTP/1.1" 200 5004 "http://operationspokaneheroes.org/" "Mozilla/5.0 (Linux; U; Android 2.3.4; en-us; LGL45C Build/GRJ22) AppleWebKit/533.1 (KHTML, like Gecko) Version/4.0 Mobile Safari/533.1"
173.126.168.54 - - [13/Mar/2012:10:15:22 -0500] "GET /css/slide.css HTTP/1.1" 200 2869 "http://operationspokaneheroes.org/_inc/slide.php" "Mozilla/5.0 (Linux; U; Android 2.3.4; en-us; LGL45C Build/GRJ22) AppleWebKit/533.1 (KHTML, like Gecko) Version/4.0 Mobile Safari/533.1"
173.126.168.54 - - [13/Mar/2012:10:15:23 -0500] "GET /css/style_global.css HTTP/1.1" 200 2621 "http://operationspokaneheroes.org/_inc/slide.php" "Mozilla/5.0 (Linux; U; Android 2.3.4; en-us; LGL45C Build/GRJ22) AppleWebKit/533.1 (KHTML, like Gecko) Version/4.0 Mobile Safari/533.1"
173.126.168.54 - - [13/Mar/2012:10:15:23 -0500] "GET /css/compact_style.css HTTP/1.1" 200 4934 "http://operationspokaneheroes.org/slider.html" "Mozilla/5.0 (Linux; U; Android 2.3.4; en-us; LGL45C Build/GRJ22) AppleWebKit/533.1 (KHTML, like Gecko) Version/4.0 Mobile Safari/533.1"
173.126.168.54 - - [13/Mar/2012:10:15:21 -0500] "GET /images/logo.png HTTP/1.1" 200 226129 "http://operationspokaneheroes.org/" "Mozilla/5.0 (Linux; U; Android 2.3.4; en-us; LGL45C Build/GRJ22) AppleWebKit/533.1 (KHTML, like Gecko) Version/4.0 Mobile Safari/533.1"
173.126.168.54 - - [13/Mar/2012:10:15:23 -0500] "GET /js/cufon-yui.js HTTP/1.1" 200 18257 "http://operationspokaneheroes.org/slider.html" "Mozilla/5.0 (Linux; U; Android 2.3.4; en-us; LGL45C Build/GRJ22) AppleWebKit/533.1 (KHTML, like Gecko) Version/4.0 Mobile Safari/533.1"
173.126.168.54 - - [13/Mar/2012:10:15:23 -0500] "GET /js/Bebas_400.font.js HTTP/1.1" 200 32806 "http://operationspokaneheroes.org/slider.html" "Mozilla/5.0 (Linux; U; Android 2.3.4; en-us; LGL45C Build/GRJ22) AppleWebKit/533.1 (KHTML, like Gecko) Version/4.0 Mobile Safari/533.1"
173.126.168.54 - - [13/Mar/2012:10:15:23 -0500] "GET /images/bg2.jpg HTTP/1.1" 200 55206 "http://operationspokaneheroes.org/" "Mozilla/5.0 (Linux; U; Android 2.3.4; en-us; LGL45C Build/GRJ22) AppleWebKit/533.1 (KHTML, like Gecko) Version/4.0 Mobile Safari/533.1"
173.126.168.54 - - [13/Mar/2012:10:15:24 -0500] "GET /images/nav2.jpg HTTP/1.1" 200 4444 "http://operationspokaneheroes.org/" "Mozilla/5.0 (Linux; U; Android 2.3.4; en-us; LGL45C Build/GRJ22) AppleWebKit/533.1 (KHTML, like Gecko) Version/4.0 Mobile Safari/533.1"
173.126.168.54 - - [13/Mar/2012:10:15:24 -0500] "GET /mainbk.png HTTP/1.1" 200 290 "http://operationspokaneheroes.org/" "Mozilla/5.0 (Linux; U; Android 2.3.4; en-us; LGL45C Build/GRJ22) AppleWebKit/533.1 (KHTML, like Gecko) Version/4.0 Mobile Safari/533.1"
173.126.168.54 - - [13/Mar/2012:10:15:23 -0500] "GET /js/combined.js HTTP/1.1" 200 169946 "http://operationspokaneheroes.org/_inc/slide.php" "Mozilla/5.0 (Linux; U; Android 2.3.4; en-us; LGL45C Build/GRJ22) AppleWebKit/533.1 (KHTML, like Gecko) Version/4.0 Mobile Safari/533.1"
173.126.168.54 - - [13/Mar/2012:10:15:24 -0500] "GET /jquery.easing.1.3.js HTTP/1.1" 200 8097 "http://operationspokaneheroes.org/slider.html" "Mozilla/5.0 (Linux; U; Android 2.3.4; en-us; LGL45C Build/GRJ22) AppleWebKit/533.1 (KHTML, like Gecko) Version/4.0 Mobile Safari/533.1"
173.126.168.54 - - [13/Mar/2012:10:15:24 -0500] "GET /images/freedom_friday.jpg HTTP/1.1" 200 22631 "http://operationspokaneheroes.org/slider.html" "Mozilla/5.0 (Linux; U; Android 2.3.4; en-us; LGL45C Build/GRJ22) AppleWebKit/533.1 (KHTML, like Gecko) Version/4.0 Mobile Safari/533.1"
173.126.168.54 - - [13/Mar/2012:10:15:25 -0500] "GET /images/marine_breakfast.jpg HTTP/1.1" 200 28792 "http://operationspokaneheroes.org/slider.html" "Mozilla/5.0 (Linux; U; Android 2.3.4; en-us; LGL45C Build/GRJ22) AppleWebKit/533.1 (KHTML, like Gecko) Version/4.0 Mobile Safari/533.1"
173.126.168.54 - - [13/Mar/2012:10:15:25 -0500] "GET /images/prev.png HTTP/1.1" 200 2995 "http://operationspokaneheroes.org/slider.html" "Mozilla/5.0 (Linux; U; Android 2.3.4; en-us; LGL45C Build/GRJ22) AppleWebKit/533.1 (KHTML, like Gecko) Version/4.0 Mobile Safari/533.1"
173.126.168.54 - - [13/Mar/2012:10:15:25 -0500] "GET /images/next.png HTTP/1.1" 200 3022 "http://operationspokaneheroes.org/slider.html" "Mozilla/5.0 (Linux; U; Android 2.3.4; en-us; LGL45C Build/GRJ22) AppleWebKit/533.1 (KHTML, like Gecko) Version/4.0 Mobile Safari/533.1"
173.126.168.54 - - [13/Mar/2012:10:15:24 -0500] "GET /images/osh_static_cling.jpg HTTP/1.1" 200 19209 "http://operationspokaneheroes.org/slider.html" "Mozilla/5.0 (Linux; U; Android 2.3.4; en-us; LGL45C Build/GRJ22) AppleWebKit/533.1 (KHTML, like Gecko) Version/4.0 Mobile Safari/533.1"
173.126.168.54 - - [13/Mar/2012:10:15:26 -0500] "GET /images/pearl_harbor.jpg HTTP/1.1" 200 16515 "http://operationspokaneheroes.org/slider.html" "Mozilla/5.0 (Linux; U; Android 2.3.4; en-us; LGL45C Build/GRJ22) AppleWebKit/533.1 (KHTML, like Gecko) Version/4.0 Mobile Safari/533.1"
173.126.168.54 - - [13/Mar/2012:10:15:26 -0500] "GET /images/mission_statement_bg.png HTTP/1.1" 200 11413 "http://operationspokaneheroes.org/_inc/slide.php" "Mozilla/5.0 (Linux; U; Android 2.3.4; en-us; LGL45C Build/GRJ22) AppleWebKit/533.1 (KHTML, like Gecko) Version/4.0 Mobile Safari/533.1"
173.126.168.54 - - [13/Mar/2012:10:15:26 -0500] "GET /images/we_believe.png HTTP/1.1" 200 1785 "http://operationspokaneheroes.org/_inc/slide.php" "Mozilla/5.0 (Linux; U; Android 2.3.4; en-us; LGL45C Build/GRJ22) AppleWebKit/533.1 (KHTML, like Gecko) Version/4.0 Mobile Safari/533.1"
173.126.168.54 - - [13/Mar/2012:10:15:26 -0500] "GET /images/2.jpg HTTP/1.1" 200 170993 "http://operationspokaneheroes.org/_inc/slide.php" "Mozilla/5.0 (Linux; U; Android 2.3.4; en-us; LGL45C Build/GRJ22) AppleWebKit/533.1 (KHTML, like Gecko) Version/4.0 Mobile Safari/533.1"
173.126.168.54 - - [13/Mar/2012:10:15:26 -0500] "GET /images/we_strive.png HTTP/1.1" 200 1981 "http://operationspokaneheroes.org/_inc/slide.php" "Mozilla/5.0 (Linux; U; Android 2.3.4; en-us; LGL45C Build/GRJ22) AppleWebKit/533.1 (KHTML, like Gecko) Version/4.0 Mobile Safari/533.1"
173.126.168.54 - - [13/Mar/2012:10:15:27 -0500] "GET /images/we_help.png HTTP/1.1" 200 1514 "http://operationspokaneheroes.org/_inc/slide.php" "Mozilla/5.0 (Linux; U; Android 2.3.4; en-us; LGL45C Build/GRJ22) AppleWebKit/533.1 (KHTML, like Gecko) Version/4.0 Mobile Safari/533.1"
173.126.168.54 - - [13/Mar/2012:10:15:27 -0500] "GET /assets/images/btn_main_search_hover.png HTTP/1.1" 404 - "http://operationspokaneheroes.org/_inc/slide.php" "Mozilla/5.0 (Linux; U; Android 2.3.4; en-us; LGL45C Build/GRJ22) AppleWebKit/533.1 (KHTML, like Gecko) Version/4.0 Mobile Safari/533.1"
198.228.222.134 - - [13/Mar/2012:10:15:28 -0500] "GET / HTTP/1.1" 200 10288 "-" "Mozilla/5.0 (iPhone; CPU iPhone OS 5_1 like Mac OS X) AppleWebKit/534.46 (KHTML, like Gecko) Version/5.1 Mobile/9B179 Safari/7534.48.3"
198.228.222.134 - - [13/Mar/2012:10:15:28 -0500] "GET /css/footer.css HTTP/1.1" 200 752 "http://operationspokaneheroes.org/" "Mozilla/5.0 (iPhone; CPU iPhone OS 5_1 like Mac OS X) AppleWebKit/534.46 (KHTML, like Gecko) Version/5.1 Mobile/9B179 Safari/7534.48.3"
198.228.222.134 - - [13/Mar/2012:10:15:28 -0500] "GET /css/global.css HTTP/1.1" 200 13951 "http://operationspokaneheroes.org/" "Mozilla/5.0 (iPhone; CPU iPhone OS 5_1 like Mac OS X) AppleWebKit/534.46 (KHTML, like Gecko) Version/5.1 Mobile/9B179 Safari/7534.48.3"
173.126.168.54 - - [13/Mar/2012:10:15:26 -0500] "GET /images/4.jpg HTTP/1.1" 200 186934 "http://operationspokaneheroes.org/_inc/slide.php" "Mozilla/5.0 (Linux; U; Android 2.3.4; en-us; LGL45C Build/GRJ22) AppleWebKit/533.1 (KHTML, like Gecko) Version/4.0 Mobile Safari/533.1"
198.228.222.134 - - [13/Mar/2012:10:15:29 -0500] "GET /_inc/slide.php HTTP/1.1" 200 3205 "http://operationspokaneheroes.org/" "Mozilla/5.0 (iPhone; CPU iPhone OS 5_1 like Mac OS X) AppleWebKit/534.46 (KHTML, like Gecko) Version/5.1 Mobile/9B179 Safari/7534.48.3"
198.228.222.134 - - [13/Mar/2012:10:15:29 -0500] "GET /images/contacticon.png HTTP/1.1" 200 4499 "http://operationspokaneheroes.org/" "Mozilla/5.0 (iPhone; CPU iPhone OS 5_1 like Mac OS X) AppleWebKit/534.46 (KHTML, like Gecko) Version/5.1 Mobile/9B179 Safari/7534.48.3"
198.228.222.134 - - [13/Mar/2012:10:15:29 -0500] "GET /images/facebook.png HTTP/1.1" 200 5004 "http://operationspokaneheroes.org/" "Mozilla/5.0 (iPhone; CPU iPhone OS 5_1 like Mac OS X) AppleWebKit/534.46 (KHTML, like Gecko) Version/5.1 Mobile/9B179 Safari/7534.48.3"
198.228.222.134 - - [13/Mar/2012:10:15:29 -0500] "GET /slider.html HTTP/1.1" 200 7903 "http://operationspokaneheroes.org/" "Mozilla/5.0 (iPhone; CPU iPhone OS 5_1 like Mac OS X) AppleWebKit/534.46 (KHTML, like Gecko) Version/5.1 Mobile/9B179 Safari/7534.48.3"
198.228.222.134 - - [13/Mar/2012:10:15:29 -0500] "GET /images/global.png HTTP/1.1" 200 5737 "http://operationspokaneheroes.org/" "Mozilla/5.0 (iPhone; CPU iPhone OS 5_1 like Mac OS X) AppleWebKit/534.46 (KHTML, like Gecko) Version/5.1 Mobile/9B179 Safari/7534.48.3"
173.126.168.54 - - [13/Mar/2012:10:15:27 -0500] "GET /images/3.jpg HTTP/1.1" 200 240733 "http://operationspokaneheroes.org/_inc/slide.php" "Mozilla/5.0 (Linux; U; Android 2.3.4; en-us; LGL45C Build/GRJ22) AppleWebKit/533.1 (KHTML, like Gecko) Version/4.0 Mobile Safari/533.1"
173.126.168.54 - - [13/Mar/2012:10:15:29 -0500] "GET /images/we_need.png HTTP/1.1" 200 2138 "http://operationspokaneheroes.org/_inc/slide.php" "Mozilla/5.0 (Linux; U; Android 2.3.4; en-us; LGL45C Build/GRJ22) AppleWebKit/533.1 (KHTML, like Gecko) Version/4.0 Mobile Safari/533.1"
173.126.168.54 - - [13/Mar/2012:10:15:29 -0500] "GET /assets/images/btn_top_search_hover.png HTTP/1.1" 404 - "http://operationspokaneheroes.org/_inc/slide.php" "Mozilla/5.0 (Linux; U; Android 2.3.4; en-us; LGL45C Build/GRJ22) AppleWebKit/533.1 (KHTML, like Gecko) Version/4.0 Mobile Safari/533.1"
198.228.222.134 - - [13/Mar/2012:10:15:29 -0500] "GET /css/style_global.css HTTP/1.1" 200 2621 "http://operationspokaneheroes.org/_inc/slide.php" "Mozilla/5.0 (iPhone; CPU iPhone OS 5_1 like Mac OS X) AppleWebKit/534.46 (KHTML, like Gecko) Version/5.1 Mobile/9B179 Safari/7534.48.3"
198.228.222.134 - - [13/Mar/2012:10:15:29 -0500] "GET /css/compact_style.css HTTP/1.1" 200 4934 "http://operationspokaneheroes.org/slider.html" "Mozilla/5.0 (iPhone; CPU iPhone OS 5_1 like Mac OS X) AppleWebKit/534.46 (KHTML, like Gecko) Version/5.1 Mobile/9B179 Safari/7534.48.3"
198.228.222.134 - - [13/Mar/2012:10:15:29 -0500] "GET /css/slide.css HTTP/1.1" 200 2869 "http://operationspokaneheroes.org/_inc/slide.php" "Mozilla/5.0 (iPhone; CPU iPhone OS 5_1 like Mac OS X) AppleWebKit/534.46 (KHTML, like Gecko) Version/5.1 Mobile/9B179 Safari/7534.48.3"
198.228.222.134 - - [13/Mar/2012:10:15:29 -0500] "GET /images/bg2.jpg HTTP/1.1" 200 55206 "http://operationspokaneheroes.org/" "Mozilla/5.0 (iPhone; CPU iPhone OS 5_1 like Mac OS X) AppleWebKit/534.46 (KHTML, like Gecko) Version/5.1 Mobile/9B179 Safari/7534.48.3"
198.228.222.134 - - [13/Mar/2012:10:15:29 -0500] "GET /mainbk.png HTTP/1.1" 200 290 "http://operationspokaneheroes.org/" "Mozilla/5.0 (iPhone; CPU iPhone OS 5_1 like Mac OS X) AppleWebKit/534.46 (KHTML, like Gecko) Version/5.1 Mobile/9B179 Safari/7534.48.3"
