218.30.103.147 - - [03/Nov/2013:04:05:00 -0600] "GET / HTTP/1.1" 200 10635 "-" "Sogou web spider/4.0(+http://www.sogou.com/docs/help/webmasters.htm#07)"
208.115.111.70 - - [03/Nov/2013:04:07:41 -0600] "GET /index.php HTTP/1.1" 200 10635 "-" "Mozilla/5.0 (compatible; Ezooms/1.0; ezooms.bot@gmail.com)"
66.249.74.43 - - [03/Nov/2013:04:45:38 -0600] "GET / HTTP/1.1" 200 10635 "-" "SAMSUNG-SGH-E250/1.0 Profile/MIDP-2.0 Configuration/CLDC-1.1 UP.Browser/6.2.3.3.c.1.101 (GUI) MMP/2.0 (compatible; Googlebot-Mobile/2.1; +http://www.google.com/bot.html)"
74.95.0.186 - - [03/Nov/2013:05:15:09 -0600] "GET /robots.txt HTTP/1.0" 404 - "-" "nrsbot/6"
74.95.0.186 - - [03/Nov/2013:05:15:10 -0600] "GET /events.php HTTP/1.0" 200 6407 "-" "nrsbot/6"
74.95.0.186 - - [03/Nov/2013:05:24:57 -0600] "GET /donate.php HTTP/1.0" 200 11699 "-" "nrsbot/6"
157.55.34.181 - - [03/Nov/2013:05:35:32 -0600] "GET /robots.txt HTTP/1.1" 404 - "-" "Mozilla/5.0 (compatible; bingbot/2.0; +http://www.bing.com/bingbot.htm)"
157.55.34.181 - - [03/Nov/2013:05:42:04 -0600] "GET / HTTP/1.1" 200 10635 "-" "Mozilla/5.0 (compatible; bingbot/2.0; +http://www.bing.com/bingbot.htm)"
199.21.99.103 - - [03/Nov/2013:06:03:03 -0600] "GET /pdf/freaky_farms.pdf HTTP/1.1" 200 390664 "-" "Mozilla/5.0 (compatible; YandexBot/3.0; +http://yandex.com/bots)"
74.95.0.186 - - [03/Nov/2013:06:16:57 -0600] "GET /robots.txt HTTP/1.0" 404 - "-" "nrsbot/6"
74.95.0.186 - - [03/Nov/2013:06:16:57 -0600] "GET /contact.php HTTP/1.0" 200 10519 "-" "nrsbot/6"
192.187.109.66 - - [03/Nov/2013:06:24:19 -0600] "GET /aboutus.php HTTP/1.0" 200 11667 "http://operationspokaneheroes.org/aboutus.php" "Mozilla/5.0 (Windows NT 5.1) AppleWebKit/535.19 (KHTML, like Gecko) Chrome/18.0.1025.1634 Safari/535.19 YI"
74.95.0.186 - - [03/Nov/2013:06:30:37 -0600] "GET /calendar.php HTTP/1.0" 200 10644 "-" "nrsbot/6"
74.95.0.186 - - [03/Nov/2013:06:41:03 -0600] "GET /business.php HTTP/1.0" 200 10813 "-" "nrsbot/6"
74.95.0.186 - - [03/Nov/2013:06:42:44 -0600] "GET /pdf/2010_Top100_Military_Friendly_Employers.pdf HTTP/1.0" 200 711726 "-" "nrsbot/6"
74.95.0.186 - - [03/Nov/2013:06:46:59 -0600] "GET /aboutus.php HTTP/1.0" 200 11667 "-" "nrsbot/6"
131.253.24.8 - - [03/Nov/2013:07:00:00 -0600] "GET /robots.txt HTTP/1.1" 404 - "-" "msnbot-media/1.1 (+http://search.msn.com/msnbot.htm)"
131.253.24.8 - - [03/Nov/2013:07:00:00 -0600] "GET /events/Brittanycozza-.png HTTP/1.1" 200 156325 "-" "msnbot-media/1.1 (+http://search.msn.com/msnbot.htm)"
66.249.74.41 - - [03/Nov/2013:09:36:32 -0600] "GET /robots.txt HTTP/1.1" 404 - "-" "Mozilla/5.0 (compatible; Googlebot/2.1; +http://www.google.com/bot.html)"
66.249.74.41 - - [03/Nov/2013:09:36:32 -0600] "GET / HTTP/1.1" 200 10635 "-" "Mozilla/5.0 (compatible; Googlebot/2.1; +http://www.google.com/bot.html)"
180.76.5.159 - - [03/Nov/2013:09:56:10 -0600] "GET /join/ HTTP/1.1" 404 - "-" "Mozilla/5.0 (compatible; Baiduspider/2.0; +http://www.baidu.com/search/spider.html)"
157.55.33.25 - - [03/Nov/2013:11:10:03 -0600] "GET /robots.txt HTTP/1.1" 404 - "-" "Mozilla/5.0 (compatible; bingbot/2.0; +http://www.bing.com/bingbot.htm)"
157.55.33.25 - - [03/Nov/2013:11:24:24 -0600] "GET /pdf/OSH%20Freedom%20Fridays%20Flyer%20-%20Informational%20Handout%20Final.pdf HTTP/1.1" 200 726093 "-" "Mozilla/5.0 (compatible; bingbot/2.0; +http://www.bing.com/bingbot.htm)"
157.55.33.25 - - [03/Nov/2013:12:30:46 -0600] "GET /robots.txt HTTP/1.1" 404 - "-" "Mozilla/5.0 (compatible; bingbot/2.0; +http://www.bing.com/bingbot.htm)"
157.55.33.25 - - [03/Nov/2013:12:31:55 -0600] "GET /java_for_joes/index.html HTTP/1.1" 404 - "-" "Mozilla/5.0 (compatible; bingbot/2.0; +http://www.bing.com/bingbot.htm)"
66.249.74.43 - - [03/Nov/2013:12:33:32 -0600] "GET /robots.txt HTTP/1.1" 404 - "-" "Mozilla/5.0 (compatible; Googlebot/2.1; +http://www.google.com/bot.html)"
66.249.74.43 - - [03/Nov/2013:12:33:32 -0600] "GET /donate.php HTTP/1.1" 200 11699 "-" "Mozilla/5.0 (iPhone; CPU iPhone OS 6_0 like Mac OS X) AppleWebKit/536.26 (KHTML, like Gecko) Version/6.0 Mobile/10A5376e Safari/8536.25 (compatible; Googlebot-Mobile/2.1; +http://www.google.com/bot.html)"
157.55.34.181 - - [03/Nov/2013:13:19:47 -0600] "GET / HTTP/1.1" 200 10635 "-" "Mozilla/5.0 (compatible; bingbot/2.0; +http://www.bing.com/bingbot.htm)"
66.249.74.43 - - [03/Nov/2013:13:56:58 -0600] "GET /aboutus.php HTTP/1.1" 200 11667 "-" "SAMSUNG-SGH-E250/1.0 Profile/MIDP-2.0 Configuration/CLDC-1.1 UP.Browser/6.2.3.3.c.1.101 (GUI) MMP/2.0 (compatible; Googlebot-Mobile/2.1; +http://www.google.com/bot.html)"
220.181.89.174 - - [03/Nov/2013:14:11:41 -0600] "GET / HTTP/1.1" 200 10635 "-" "Sogou web spider/4.0(+http://www.sogou.com/docs/help/webmasters.htm#07)"
220.181.89.174 - - [03/Nov/2013:14:11:44 -0600] "GET /robots.txt HTTP/1.1" 404 - "-" "Sogou web spider/4.0(+http://www.sogou.com/docs/help/webmasters.htm#07)"
144.76.71.146 - - [03/Nov/2013:14:25:29 -0600] "GET /robots.txt HTTP/1.1" 404 - "-" "Mozilla/5.0 (compatible; SISTRIX Crawler; http://crawler.sistrix.net/)"
144.76.71.146 - - [03/Nov/2013:14:25:30 -0600] "GET / HTTP/1.1" 200 10635 "-" "Mozilla/5.0 (compatible; SISTRIX Crawler; http://crawler.sistrix.net/)"
144.76.71.146 - - [03/Nov/2013:14:25:30 -0600] "GET /calendar.php HTTP/1.1" 200 10644 "-" "Mozilla/5.0 (compatible; SISTRIX Crawler; http://crawler.sistrix.net/)"
144.76.71.146 - - [03/Nov/2013:14:25:31 -0600] "GET /contact.php HTTP/1.1" 200 10519 "-" "Mozilla/5.0 (compatible; SISTRIX Crawler; http://crawler.sistrix.net/)"
144.76.71.146 - - [03/Nov/2013:14:25:31 -0600] "GET /business.php HTTP/1.1" 200 10813 "-" "Mozilla/5.0 (compatible; SISTRIX Crawler; http://crawler.sistrix.net/)"
144.76.71.146 - - [03/Nov/2013:14:25:32 -0600] "GET /index.php HTTP/1.1" 200 10635 "-" "Mozilla/5.0 (compatible; SISTRIX Crawler; http://crawler.sistrix.net/)"
144.76.71.146 - - [03/Nov/2013:14:25:33 -0600] "GET /events.php HTTP/1.1" 200 6407 "-" "Mozilla/5.0 (compatible; SISTRIX Crawler; http://crawler.sistrix.net/)"
144.76.71.146 - - [03/Nov/2013:14:25:33 -0600] "GET /aboutus.php HTTP/1.1" 200 11667 "-" "Mozilla/5.0 (compatible; SISTRIX Crawler; http://crawler.sistrix.net/)"
144.76.71.146 - - [03/Nov/2013:14:25:34 -0600] "GET /freedom.php HTTP/1.1" 200 11227 "-" "Mozilla/5.0 (compatible; SISTRIX Crawler; http://crawler.sistrix.net/)"
144.76.71.146 - - [03/Nov/2013:14:25:34 -0600] "GET /donate.php HTTP/1.1" 200 11699 "-" "Mozilla/5.0 (compatible; SISTRIX Crawler; http://crawler.sistrix.net/)"
207.241.226.230 - - [03/Nov/2013:16:01:13 -0600] "GET /robots.txt HTTP/1.1" 404 - "-" "Mozilla/5.0 (compatible; archive.org_bot; Wayback Machine Live Record; +http://archive.org/details/archive.org_bot)"
207.241.226.230 - - [03/Nov/2013:16:01:13 -0600] "GET /robots.txt HTTP/1.1" 404 - "-" "Mozilla/5.0 (compatible; archive.org_bot; Wayback Machine Live Record; +http://archive.org/details/archive.org_bot)"
218.30.103.147 - - [03/Nov/2013:16:11:56 -0600] "GET / HTTP/1.1" 200 10635 "-" "Sogou web spider/4.0(+http://www.sogou.com/docs/help/webmasters.htm#07)"
54.211.248.27 - - [03/Nov/2013:17:14:33 -0600] "GET / HTTP/1.1" 200 10635 "-" "matchbot (+http://matchbox.net)"
66.249.74.43 - - [03/Nov/2013:18:36:06 -0600] "GET /robots.txt HTTP/1.1" 404 - "-" "Mozilla/5.0 (compatible; Googlebot/2.1; +http://www.google.com/bot.html)"
66.249.74.43 - - [03/Nov/2013:18:36:06 -0600] "GET /business.php HTTP/1.1" 200 10813 "-" "SAMSUNG-SGH-E250/1.0 Profile/MIDP-2.0 Configuration/CLDC-1.1 UP.Browser/6.2.3.3.c.1.101 (GUI) MMP/2.0 (compatible; Googlebot-Mobile/2.1; +http://www.google.com/bot.html)"
180.76.5.195 - - [03/Nov/2013:19:24:12 -0600] "GET /pdf/January%20Flyers.pdf HTTP/1.1" 200 5543019 "-" "Mozilla/5.0 (Windows NT 5.1; rv:6.0.2) Gecko/20100101 Firefox/6.0.2"
157.55.34.181 - - [03/Nov/2013:19:48:22 -0600] "GET /robots.txt HTTP/1.1" 404 - "-" "Mozilla/5.0 (compatible; bingbot/2.0; +http://www.bing.com/bingbot.htm)"
157.55.34.181 - - [03/Nov/2013:19:49:01 -0600] "GET / HTTP/1.1" 200 10635 "-" "Mozilla/5.0 (compatible; bingbot/2.0; +http://www.bing.com/bingbot.htm)"
66.249.74.43 - - [03/Nov/2013:20:41:12 -0600] "GET / HTTP/1.1" 200 10635 "-" "DoCoMo/2.0 N905i(c100;TB;W24H16) (compatible; Googlebot-Mobile/2.1; +http://www.google.com/bot.html)"
97.114.112.49 - - [03/Nov/2013:21:10:26 -0600] "GET /contact.php HTTP/1.1" 200 10519 "-" "Mozilla/5.0 (Macintosh; Intel Mac OS X 10_7_5) AppleWebKit/536.30.1 (KHTML, like Gecko) Version/6.0.5 Safari/536.30.1"
97.114.112.49 - - [03/Nov/2013:21:10:35 -0600] "GET /contact.php HTTP/1.1" 200 10519 "http://operationspokaneheroes.org/" "Mozilla/5.0 (Macintosh; Intel Mac OS X 10_7_5) AppleWebKit/536.30.1 (KHTML, like Gecko) Version/6.0.5 Safari/536.30.1"
97.114.112.49 - - [03/Nov/2013:21:10:41 -0600] "GET /images/contacticon.png HTTP/1.1" 200 4499 "http://operationspokaneheroes.org/contact.php" "Mozilla/5.0 (Macintosh; Intel Mac OS X 10_7_5) AppleWebKit/536.30.1 (KHTML, like Gecko) Version/6.0.5 Safari/536.30.1"
97.114.112.49 - - [03/Nov/2013:21:10:41 -0600] "GET /_inc/slide.php HTTP/1.1" 200 3205 "http://operationspokaneheroes.org/contact.php" "Mozilla/5.0 (Macintosh; Intel Mac OS X 10_7_5) AppleWebKit/536.30.1 (KHTML, like Gecko) Version/6.0.5 Safari/536.30.1"
97.114.112.49 - - [03/Nov/2013:21:10:42 -0600] "GET /_inc/contact.php HTTP/1.1" 200 756 "http://operationspokaneheroes.org/contact.php" "Mozilla/5.0 (Macintosh; Intel Mac OS X 10_7_5) AppleWebKit/536.30.1 (KHTML, like Gecko) Version/6.0.5 Safari/536.30.1"
97.114.112.49 - - [03/Nov/2013:21:10:41 -0600] "GET /css/global.css HTTP/1.1" 200 13951 "http://operationspokaneheroes.org/contact.php" "Mozilla/5.0 (Macintosh; Intel Mac OS X 10_7_5) AppleWebKit/536.30.1 (KHTML, like Gecko) Version/6.0.5 Safari/536.30.1"
97.114.112.49 - - [03/Nov/2013:21:10:48 -0600] "GET /css/slide.css HTTP/1.1" 200 2869 "http://operationspokaneheroes.org/_inc/slide.php" "Mozilla/5.0 (Macintosh; Intel Mac OS X 10_7_5) AppleWebKit/536.30.1 (KHTML, like Gecko) Version/6.0.5 Safari/536.30.1"
97.114.112.49 - - [03/Nov/2013:21:10:48 -0600] "GET /css/contact_style.css HTTP/1.1" 200 843 "http://operationspokaneheroes.org/_inc/contact.php" "Mozilla/5.0 (Macintosh; Intel Mac OS X 10_7_5) AppleWebKit/536.30.1 (KHTML, like Gecko) Version/6.0.5 Safari/536.30.1"
97.114.112.49 - - [03/Nov/2013:21:10:49 -0600] "GET /css/footer.css HTTP/1.1" 200 752 "http://operationspokaneheroes.org/contact.php" "Mozilla/5.0 (Macintosh; Intel Mac OS X 10_7_5) AppleWebKit/536.30.1 (KHTML, like Gecko) Version/6.0.5 Safari/536.30.1"
97.114.112.49 - - [03/Nov/2013:21:10:49 -0600] "GET /css/style_global.css HTTP/1.1" 200 2621 "http://operationspokaneheroes.org/_inc/slide.php" "Mozilla/5.0 (Macintosh; Intel Mac OS X 10_7_5) AppleWebKit/536.30.1 (KHTML, like Gecko) Version/6.0.5 Safari/536.30.1"
97.114.112.49 - - [03/Nov/2013:21:10:50 -0600] "GET /images/global.png HTTP/1.1" 200 5737 "http://operationspokaneheroes.org/contact.php" "Mozilla/5.0 (Macintosh; Intel Mac OS X 10_7_5) AppleWebKit/536.30.1 (KHTML, like Gecko) Version/6.0.5 Safari/536.30.1"
97.114.112.49 - - [03/Nov/2013:21:10:51 -0600] "GET /images/facebook.png HTTP/1.1" 200 5004 "http://operationspokaneheroes.org/contact.php" "Mozilla/5.0 (Macintosh; Intel Mac OS X 10_7_5) AppleWebKit/536.30.1 (KHTML, like Gecko) Version/6.0.5 Safari/536.30.1"
97.114.112.49 - - [03/Nov/2013:21:10:52 -0600] "GET /images/nav2.jpg HTTP/1.1" 200 4444 "http://operationspokaneheroes.org/contact.php" "Mozilla/5.0 (Macintosh; Intel Mac OS X 10_7_5) AppleWebKit/536.30.1 (KHTML, like Gecko) Version/6.0.5 Safari/536.30.1"
97.114.112.49 - - [03/Nov/2013:21:10:57 -0600] "GET /mainbk.png HTTP/1.1" 200 290 "http://operationspokaneheroes.org/contact.php" "Mozilla/5.0 (Macintosh; Intel Mac OS X 10_7_5) AppleWebKit/536.30.1 (KHTML, like Gecko) Version/6.0.5 Safari/536.30.1"
97.114.112.49 - - [03/Nov/2013:21:10:59 -0600] "GET /images/bg2.jpg HTTP/1.1" 200 55206 "http://operationspokaneheroes.org/contact.php" "Mozilla/5.0 (Macintosh; Intel Mac OS X 10_7_5) AppleWebKit/536.30.1 (KHTML, like Gecko) Version/6.0.5 Safari/536.30.1"
97.114.112.49 - - [03/Nov/2013:21:10:41 -0600] "GET /images/logo.png HTTP/1.1" 200 226129 "http://operationspokaneheroes.org/contact.php" "Mozilla/5.0 (Macintosh; Intel Mac OS X 10_7_5) AppleWebKit/536.30.1 (KHTML, like Gecko) Version/6.0.5 Safari/536.30.1"
97.114.112.49 - - [03/Nov/2013:21:10:51 -0600] "GET /js/combined.js HTTP/1.1" 200 169946 "http://operationspokaneheroes.org/_inc/slide.php" "Mozilla/5.0 (Macintosh; Intel Mac OS X 10_7_5) AppleWebKit/536.30.1 (KHTML, like Gecko) Version/6.0.5 Safari/536.30.1"
97.114.112.49 - - [03/Nov/2013:21:11:32 -0600] "GET /images/we_strive.png HTTP/1.1" 200 1981 "http://operationspokaneheroes.org/_inc/slide.php" "Mozilla/5.0 (Macintosh; Intel Mac OS X 10_7_5) AppleWebKit/536.30.1 (KHTML, like Gecko) Version/6.0.5 Safari/536.30.1"
97.114.112.49 - - [03/Nov/2013:21:11:32 -0600] "GET /images/mission_statement_bg.png HTTP/1.1" 200 11413 "http://operationspokaneheroes.org/_inc/slide.php" "Mozilla/5.0 (Macintosh; Intel Mac OS X 10_7_5) AppleWebKit/536.30.1 (KHTML, like Gecko) Version/6.0.5 Safari/536.30.1"
97.114.112.49 - - [03/Nov/2013:21:11:32 -0600] "GET /images/we_believe.png HTTP/1.1" 200 1785 "http://operationspokaneheroes.org/_inc/slide.php" "Mozilla/5.0 (Macintosh; Intel Mac OS X 10_7_5) AppleWebKit/536.30.1 (KHTML, like Gecko) Version/6.0.5 Safari/536.30.1"
97.114.112.49 - - [03/Nov/2013:21:11:37 -0600] "GET /images/we_help.png HTTP/1.1" 200 1514 "http://operationspokaneheroes.org/_inc/slide.php" "Mozilla/5.0 (Macintosh; Intel Mac OS X 10_7_5) AppleWebKit/536.30.1 (KHTML, like Gecko) Version/6.0.5 Safari/536.30.1"
97.114.112.49 - - [03/Nov/2013:21:11:40 -0600] "GET /images/we_need.png HTTP/1.1" 200 2138 "http://operationspokaneheroes.org/_inc/slide.php" "Mozilla/5.0 (Macintosh; Intel Mac OS X 10_7_5) AppleWebKit/536.30.1 (KHTML, like Gecko) Version/6.0.5 Safari/536.30.1"
97.114.112.49 - - [03/Nov/2013:21:11:41 -0600] "GET /assets/images/btn_top_search_hover.png HTTP/1.1" 404 - "http://operationspokaneheroes.org/_inc/slide.php" "Mozilla/5.0 (Macintosh; Intel Mac OS X 10_7_5) AppleWebKit/536.30.1 (KHTML, like Gecko) Version/6.0.5 Safari/536.30.1"
97.114.112.49 - - [03/Nov/2013:21:11:41 -0600] "GET /assets/images/btn_main_search_hover.png HTTP/1.1" 404 - "http://operationspokaneheroes.org/_inc/slide.php" "Mozilla/5.0 (Macintosh; Intel Mac OS X 10_7_5) AppleWebKit/536.30.1 (KHTML, like Gecko) Version/6.0.5 Safari/536.30.1"
97.114.112.49 - - [03/Nov/2013:21:11:32 -0600] "GET /images/4.jpg HTTP/1.1" 200 186934 "http://operationspokaneheroes.org/_inc/slide.php" "Mozilla/5.0 (Macintosh; Intel Mac OS X 10_7_5) AppleWebKit/536.30.1 (KHTML, like Gecko) Version/6.0.5 Safari/536.30.1"
97.114.112.49 - - [03/Nov/2013:21:11:40 -0600] "GET /images/1.jpg HTTP/1.1" 200 142489 "http://operationspokaneheroes.org/_inc/slide.php" "Mozilla/5.0 (Macintosh; Intel Mac OS X 10_7_5) AppleWebKit/536.30.1 (KHTML, like Gecko) Version/6.0.5 Safari/536.30.1"
97.114.112.49 - - [03/Nov/2013:21:11:32 -0600] "GET /images/2.jpg HTTP/1.1" 200 170993 "http://operationspokaneheroes.org/_inc/slide.php" "Mozilla/5.0 (Macintosh; Intel Mac OS X 10_7_5) AppleWebKit/536.30.1 (KHTML, like Gecko) Version/6.0.5 Safari/536.30.1"
97.114.112.49 - - [03/Nov/2013:21:11:32 -0600] "GET /images/3.jpg HTTP/1.1" 200 240733 "http://operationspokaneheroes.org/_inc/slide.php" "Mozilla/5.0 (Macintosh; Intel Mac OS X 10_7_5) AppleWebKit/536.30.1 (KHTML, like Gecko) Version/6.0.5 Safari/536.30.1"
67.185.80.128 - - [03/Nov/2013:21:54:59 -0600] "GET /pdf/2013%20-%20Women%20Warriors%20and%20the%20Cowgirls%20Flyer.pdf HTTP/1.1" 200 379297 "https://www.google.com/url?sa=t&rct=j&q=&esrc=s&source=web&cd=7&ved=0CFAQFjAG&url=http%3A%2F%2Foperationspokaneheroes.org%2Fpdf%2F2013%2520-%2520Women%2520Warriors%2520and%2520the%2520Cowgirls%2520Flyer.pdf&ei=Whp3Utz5FYKeiAKQ24DgAQ&usg=AFQjCNEZ85__GNixXB-Bb15TUhOP1CYI8Q&bvm=bv.55819444,d.cGE" "Mozilla/5.0 (Windows NT 5.1) AppleWebKit/537.36 (KHTML, like Gecko) Chrome/30.0.1599.101 Safari/537.36"
67.185.80.128 - - [03/Nov/2013:21:55:01 -0600] "GET /favicon.ico HTTP/1.1" 404 - "-" "Mozilla/5.0 (Windows NT 5.1) AppleWebKit/537.36 (KHTML, like Gecko) Chrome/30.0.1599.101 Safari/537.36"
208.115.111.70 - - [03/Nov/2013:23:05:19 -0600] "GET /robots.txt HTTP/1.1" 404 - "-" "Mozilla/5.0 (compatible; Ezooms/1.0; ezooms.bot@gmail.com)"
208.115.111.70 - - [04/Nov/2013:00:09:48 -0600] "GET /donate.php HTTP/1.1" 200 11699 "-" "Mozilla/5.0 (compatible; Ezooms/1.0; ezooms.bot@gmail.com)"
157.55.36.45 - - [04/Nov/2013:01:09:45 -0600] "GET /robots.txt HTTP/1.1" 404 - "-" "Mozilla/5.0 (compatible; bingbot/2.0; +http://www.bing.com/bingbot.htm)"
157.55.36.45 - - [04/Nov/2013:01:25:15 -0600] "GET / HTTP/1.1" 200 10635 "-" "Mozilla/5.0 (compatible; bingbot/2.0; +http://www.bing.com/bingbot.htm)"
66.249.74.43 - - [04/Nov/2013:02:52:11 -0600] "GET /business.php HTTP/1.1" 200 10813 "-" "Mozilla/5.0 (iPhone; CPU iPhone OS 6_0 like Mac OS X) AppleWebKit/536.26 (KHTML, like Gecko) Version/6.0 Mobile/10A5376e Safari/8536.25 (compatible; Googlebot-Mobile/2.1; +http://www.google.com/bot.html)"
66.249.74.43 - - [04/Nov/2013:02:54:42 -0600] "GET /css/slide.css HTTP/1.1" 200 2869 "-" "Mozilla/5.0 (compatible; Googlebot/2.1; +http://www.google.com/bot.html)"
66.249.74.43 - - [04/Nov/2013:02:54:43 -0600] "GET /css/global.css HTTP/1.1" 200 13951 "-" "Mozilla/5.0 (compatible; Googlebot/2.1; +http://www.google.com/bot.html)"
66.249.74.43 - - [04/Nov/2013:02:54:43 -0600] "GET /css/footer.css HTTP/1.1" 200 752 "-" "Mozilla/5.0 (compatible; Googlebot/2.1; +http://www.google.com/bot.html)"
66.249.74.43 - - [04/Nov/2013:02:54:44 -0600] "GET /css/style_global.css HTTP/1.1" 200 2621 "-" "Mozilla/5.0 (compatible; Googlebot/2.1; +http://www.google.com/bot.html)"
157.55.36.45 - - [04/Nov/2013:03:15:58 -0600] "GET /robots.txt HTTP/1.1" 404 - "-" "Mozilla/5.0 (compatible; bingbot/2.0; +http://www.bing.com/bingbot.htm)"
157.55.36.45 - - [04/Nov/2013:03:31:56 -0600] "GET / HTTP/1.1" 200 10635 "-" "Mozilla/5.0 (compatible; bingbot/2.0; +http://www.bing.com/bingbot.htm)"
157.55.36.45 - - [04/Nov/2013:03:31:56 -0600] "GET / HTTP/1.1" 200 10635 "-" "Mozilla/5.0 (compatible; bingbot/2.0; +http://www.bing.com/bingbot.htm)"
157.56.93.93 - - [04/Nov/2013:04:50:10 -0600] "GET /robots.txt HTTP/1.1" 404 - "-" "Mozilla/5.0 (compatible; bingbot/2.0; +http://www.bing.com/bingbot.htm)"
157.56.93.93 - - [04/Nov/2013:04:53:08 -0600] "GET /mission.php HTTP/1.1" 404 - "-" "Mozilla/5.0 (compatible; bingbot/2.0; +http://www.bing.com/bingbot.htm)"
180.76.5.17 - - [04/Nov/2013:05:42:16 -0600] "GET /robots.txt HTTP/1.1" 404 - "-" "Mozilla/5.0 (Windows NT 5.1; rv:6.0.2) Gecko/20100101 Firefox/6.0.2"
180.76.5.107 - - [04/Nov/2013:05:48:29 -0600] "GET /slider/css/style.css HTTP/1.1" 200 1379 "-" "Mozilla/5.0 (compatible; Baiduspider/2.0; +http://www.baidu.com/search/spider.html)"
199.21.99.103 - - [04/Nov/2013:05:52:04 -0600] "GET /robots.txt HTTP/1.1" 404 - "-" "Mozilla/5.0 (compatible; YandexBot/3.0; +http://yandex.com/bots)"
199.21.99.103 - - [04/Nov/2013:07:48:07 -0600] "GET /pdf/freaky_farms.pdf HTTP/1.1" 200 390664 "-" "Mozilla/5.0 (compatible; YandexBot/3.0; +http://yandex.com/bots)"
74.95.0.186 - - [04/Nov/2013:08:09:51 -0600] "GET /robots.txt HTTP/1.0" 404 - "-" "nrsbot/6"
74.95.0.186 - - [04/Nov/2013:08:09:51 -0600] "GET /pdf/174+Stores+and+Business+Offering+Military+Discounts1.pdf HTTP/1.0" 404 - "-" "nrsbot/6"
213.60.51.127 - - [04/Nov/2013:09:04:30 -0600] "GET /wordpress HTTP/1.1" 404 - "http://operationspokaneheroes.org/wordpress" "Mozilla/5.0 (Windows NT 6.1; WOW64; rv:7.0.1) Gecko/20100101 Firefox/7.0.1"
66.249.74.43 - - [04/Nov/2013:10:23:22 -0600] "GET /robots.txt HTTP/1.1" 404 - "-" "Mozilla/5.0 (compatible; Googlebot/2.1; +http://www.google.com/bot.html)"
66.249.74.43 - - [04/Nov/2013:10:23:22 -0600] "GET /pdf/Hiring%20Our%20Heroes%20Sept%202013%20Career%20Fair%20Flyer.pdf HTTP/1.1" 304 - "-" "Mozilla/5.0 (iPhone; CPU iPhone OS 6_0 like Mac OS X) AppleWebKit/536.26 (KHTML, like Gecko) Version/6.0 Mobile/10A5376e Safari/8536.25 (compatible; Googlebot-Mobile/2.1; +http://www.google.com/bot.html)"
180.76.5.14 - - [04/Nov/2013:11:29:03 -0600] "GET /pdf/operation HTTP/1.1" 404 - "-" "Mozilla/5.0 (compatible; Baiduspider/2.0; +http://www.baidu.com/search/spider.html)"
218.30.103.147 - - [04/Nov/2013:12:04:59 -0600] "GET / HTTP/1.1" 200 10635 "-" "Sogou web spider/4.0(+http://www.sogou.com/docs/help/webmasters.htm#07)"
218.30.103.147 - - [04/Nov/2013:12:04:59 -0600] "GET /robots.txt HTTP/1.1" 404 - "-" "Sogou web spider/4.0(+http://www.sogou.com/docs/help/webmasters.htm#07)"
142.54.167.122 - - [04/Nov/2013:12:16:15 -0600] "GET /aboutus.php HTTP/1.0" 200 11667 "http://operationspokaneheroes.org/aboutus.php" "Mozilla/5.0 (Windows NT 6.1) AppleWebKit/535.12 (KHTML, like Gecko) Maxthon/3.0 Chrome/18.0.966.0 Safari/535.12"
157.55.36.45 - - [04/Nov/2013:13:43:44 -0600] "GET /robots.txt HTTP/1.1" 404 - "-" "Mozilla/5.0 (compatible; bingbot/2.0; +http://www.bing.com/bingbot.htm)"
157.55.36.45 - - [04/Nov/2013:13:44:19 -0600] "GET / HTTP/1.1" 200 10635 "-" "Mozilla/5.0 (compatible; bingbot/2.0; +http://www.bing.com/bingbot.htm)"
157.55.32.219 - - [04/Nov/2013:14:31:41 -0600] "GET /java_for_joes/index.html HTTP/1.1" 404 - "-" "Mozilla/5.0 (compatible; bingbot/2.0; +http://www.bing.com/bingbot.htm)"
64.122.101.6 - - [04/Nov/2013:16:43:57 -0600] "GET /pdf/2013%20-%20Women%20Warriors%20and%20the%20Cowgirls%20Flyer.pdf HTTP/1.1" 200 379297 "https://www.google.com/url?sa=t&rct=j&q=&esrc=s&source=web&cd=3&ved=0CD0QFjAC&url=http%3A%2F%2Foperationspokaneheroes.org%2Fpdf%2F2013%2520-%2520Women%2520Warriors%2520and%2520the%2520Cowgirls%2520Flyer.pdf&ei=GCN4UuiiIrHwiQKLoYA4&usg=AFQjCNEZ85__GNixXB-Bb15TUhOP1CYI8Q&sig2=5DVJnJGr2qcaGXb2WCNFmg&bvm=bv.55980276,d.cGE" "Mozilla/5.0 (Windows NT 6.1; WOW64) AppleWebKit/537.36 (KHTML, like Gecko) Chrome/30.0.1599.101 Safari/537.36"
64.122.101.6 - - [04/Nov/2013:16:43:58 -0600] "GET /favicon.ico HTTP/1.1" 404 - "-" "Mozilla/5.0 (Windows NT 6.1; WOW64) AppleWebKit/537.36 (KHTML, like Gecko) Chrome/30.0.1599.101 Safari/537.36"
64.122.101.6 - - [04/Nov/2013:16:43:58 -0600] "GET /pdf/2013%20-%20Women%20Warriors%20and%20the%20Cowgirls%20Flyer.pdf HTTP/1.1" 206 32768 "http://operationspokaneheroes.org/pdf/2013%20-%20Women%20Warriors%20and%20the%20Cowgirls%20Flyer.pdf" "Mozilla/5.0 (Windows NT 6.1; WOW64) AppleWebKit/537.36 (KHTML, like Gecko) Chrome/30.0.1599.101 Safari/537.36"
64.122.101.6 - - [04/Nov/2013:16:43:58 -0600] "GET /pdf/2013%20-%20Women%20Warriors%20and%20the%20Cowgirls%20Flyer.pdf HTTP/1.1" 206 342590 "http://operationspokaneheroes.org/pdf/2013%20-%20Women%20Warriors%20and%20the%20Cowgirls%20Flyer.pdf" "Mozilla/5.0 (Windows NT 6.1; WOW64) AppleWebKit/537.36 (KHTML, like Gecko) Chrome/30.0.1599.101 Safari/537.36"
64.122.101.6 - - [04/Nov/2013:16:43:58 -0600] "GET /pdf/2013%20-%20Women%20Warriors%20and%20the%20Cowgirls%20Flyer.pdf HTTP/1.1" 206 3939 "http://operationspokaneheroes.org/pdf/2013%20-%20Women%20Warriors%20and%20the%20Cowgirls%20Flyer.pdf" "Mozilla/5.0 (Windows NT 6.1; WOW64) AppleWebKit/537.36 (KHTML, like Gecko) Chrome/30.0.1599.101 Safari/537.36"
199.21.99.103 - - [04/Nov/2013:18:13:31 -0600] "GET /robots.txt HTTP/1.1" 404 - "-" "Mozilla/5.0 (compatible; YandexBot/3.0; +http://yandex.com/bots)"
66.249.74.43 - - [04/Nov/2013:18:28:44 -0600] "GET /robots.txt HTTP/1.1" 404 - "-" "Mozilla/5.0 (compatible; Googlebot/2.1; +http://www.google.com/bot.html)"
66.249.75.20 - - [04/Nov/2013:18:28:44 -0600] "GET / HTTP/1.1" 200 10635 "-" "Mozilla/5.0 (compatible; Googlebot/2.1; +http://www.google.com/bot.html)"
66.249.74.43 - - [04/Nov/2013:18:32:20 -0600] "GET /slider/js/startstop-slider.js HTTP/1.1" 200 1737 "-" "Mozilla/5.0 (compatible; Googlebot/2.1; +http://www.google.com/bot.html)"
66.249.74.43 - - [04/Nov/2013:18:32:20 -0600] "GET /slider/css/style.css HTTP/1.1" 200 1379 "-" "Mozilla/5.0 (compatible; Googlebot/2.1; +http://www.google.com/bot.html)"
66.249.74.43 - - [04/Nov/2013:18:32:20 -0600] "GET /slider/js/jquery-1.2.6.js HTTP/1.1" 200 100196 "-" "Mozilla/5.0 (compatible; Googlebot/2.1; +http://www.google.com/bot.html)"
157.55.36.45 - - [04/Nov/2013:18:46:15 -0600] "GET /robots.txt HTTP/1.1" 404 - "-" "Mozilla/5.0 (compatible; bingbot/2.0; +http://www.bing.com/bingbot.htm)"
157.55.36.45 - - [04/Nov/2013:18:46:44 -0600] "GET / HTTP/1.1" 200 10635 "-" "Mozilla/5.0 (compatible; bingbot/2.0; +http://www.bing.com/bingbot.htm)"
180.76.5.100 - - [04/Nov/2013:19:00:28 -0600] "GET /pdf/Survival%20Camp%202013%202%20pg%20flyer.pdf HTTP/1.1" 200 781521 "-" "Mozilla/5.0 (Windows NT 5.1; rv:6.0.2) Gecko/20100101 Firefox/6.0.2"
67.202.8.149 - - [04/Nov/2013:20:34:38 -0600] "GET / HTTP/1.1" 200 10635 "-" "matchbot (+http://matchbox.net)"
77.75.77.32 - - [04/Nov/2013:20:51:44 -0600] "GET /robots.txt HTTP/1.1" 404 - "-" "SeznamBot/3.0 (+http://fulltext.sblog.cz/)"
77.75.77.32 - - [04/Nov/2013:20:51:45 -0600] "GET /donate.php HTTP/1.1" 200 11699 "-" "SeznamBot/3.0 (+http://fulltext.sblog.cz/)"
66.249.73.53 - - [04/Nov/2013:21:28:30 -0600] "GET /robots.txt HTTP/1.1" 404 - "-" "Mozilla/5.0 (compatible; Googlebot/2.1; +http://www.google.com/bot.html)"
66.249.73.53 - - [04/Nov/2013:21:28:30 -0600] "GET / HTTP/1.1" 200 10635 "-" "Mozilla/5.0 (iPhone; CPU iPhone OS 6_0 like Mac OS X) AppleWebKit/536.26 (KHTML, like Gecko) Version/6.0 Mobile/10A5376e Safari/8536.25 (compatible; Googlebot-Mobile/2.1; +http://www.google.com/bot.html)"
66.249.73.216 - - [04/Nov/2013:21:34:01 -0600] "GET /robots.txt HTTP/1.1" 404 - "-" "Mozilla/5.0 (compatible; Googlebot/2.1; +http://www.google.com/bot.html)"
66.249.73.216 - - [04/Nov/2013:21:34:01 -0600] "GET / HTTP/1.1" 200 10635 "-" "Mozilla/5.0 (iPhone; CPU iPhone OS 6_0 like Mac OS X) AppleWebKit/536.26 (KHTML, like Gecko) Version/6.0 Mobile/10A5376e Safari/8536.25 (compatible; Googlebot-Mobile/2.1; +http://www.google.com/bot.html)"
66.249.73.53 - - [04/Nov/2013:21:34:15 -0600] "GET /slider/css/style.css HTTP/1.1" 200 1379 "-" "Mozilla/5.0 (compatible; Googlebot/2.1; +http://www.google.com/bot.html)"
66.249.73.53 - - [04/Nov/2013:21:34:16 -0600] "GET /css/global.css HTTP/1.1" 200 13951 "-" "Mozilla/5.0 (compatible; Googlebot/2.1; +http://www.google.com/bot.html)"
66.249.73.53 - - [04/Nov/2013:21:34:16 -0600] "GET /css/footer.css HTTP/1.1" 200 752 "-" "Mozilla/5.0 (compatible; Googlebot/2.1; +http://www.google.com/bot.html)"
66.249.73.53 - - [04/Nov/2013:21:34:17 -0600] "GET /css/slide.css HTTP/1.1" 200 2869 "-" "Mozilla/5.0 (compatible; Googlebot/2.1; +http://www.google.com/bot.html)"
66.249.73.53 - - [04/Nov/2013:21:34:18 -0600] "GET /slider/index.html HTTP/1.1" 200 2900 "-" "Mozilla/5.0 (compatible; Googlebot/2.1; +http://www.google.com/bot.html)"
66.249.73.53 - - [04/Nov/2013:21:34:20 -0600] "GET /css/style_global.css HTTP/1.1" 200 2621 "-" "Mozilla/5.0 (compatible; Googlebot/2.1; +http://www.google.com/bot.html)"
66.249.73.216 - - [04/Nov/2013:22:05:53 -0600] "GET / HTTP/1.1" 200 10635 "-" "SAMSUNG-SGH-E250/1.0 Profile/MIDP-2.0 Configuration/CLDC-1.1 UP.Browser/6.2.3.3.c.1.101 (GUI) MMP/2.0 (compatible; Googlebot-Mobile/2.1; +http://www.google.com/bot.html)"
66.249.73.216 - - [04/Nov/2013:22:29:06 -0600] "GET /aboutus.php HTTP/1.1" 200 11667 "-" "Mozilla/5.0 (iPhone; CPU iPhone OS 6_0 like Mac OS X) AppleWebKit/536.26 (KHTML, like Gecko) Version/6.0 Mobile/10A5376e Safari/8536.25 (compatible; Googlebot-Mobile/2.1; +http://www.google.com/bot.html)"
157.55.34.179 - - [04/Nov/2013:22:31:12 -0600] "GET /robots.txt HTTP/1.1" 404 - "-" "Mozilla/5.0 (compatible; bingbot/2.0; +http://www.bing.com/bingbot.htm)"
199.21.99.103 - - [04/Nov/2013:22:44:49 -0600] "GET /business.php HTTP/1.1" 200 10813 "-" "Mozilla/5.0 (compatible; YandexBot/3.0; +http://yandex.com/bots)"
199.30.20.154 - - [04/Nov/2013:23:01:04 -0600] "GET /robots.txt HTTP/1.1" 404 - "-" "msnbot-media/1.1 (+http://search.msn.com/msnbot.htm)"
199.30.20.154 - - [04/Nov/2013:23:01:04 -0600] "GET /slider/images/imagslider-1.png HTTP/1.1" 200 69960 "-" "msnbot-media/1.1 (+http://search.msn.com/msnbot.htm)"
157.55.34.179 - - [04/Nov/2013:23:52:56 -0600] "GET /pdf/Idaho+DOL+Sep+-+Oct+2013.pdf HTTP/1.1" 200 522959 "-" "Mozilla/5.0 (compatible; bingbot/2.0; +http://www.bing.com/bingbot.htm)"
157.55.32.222 - - [05/Nov/2013:00:42:19 -0600] "GET /robots.txt HTTP/1.1" 404 - "-" "Mozilla/5.0 (compatible; bingbot/2.0; +http://www.bing.com/bingbot.htm)"
157.55.32.222 - - [05/Nov/2013:02:10:43 -0600] "GET / HTTP/1.1" 200 10635 "-" "Mozilla/5.0 (compatible; bingbot/2.0; +http://www.bing.com/bingbot.htm)"
157.55.32.222 - - [05/Nov/2013:02:12:34 -0600] "GET /robots.txt HTTP/1.1" 404 - "-" "Mozilla/5.0 (compatible; bingbot/2.0; +http://www.bing.com/bingbot.htm)"
157.55.32.222 - - [05/Nov/2013:03:02:42 -0600] "GET / HTTP/1.1" 200 10635 "-" "Mozilla/5.0 (compatible; bingbot/2.0; +http://www.bing.com/bingbot.htm)"
180.76.5.184 - - [05/Nov/2013:03:17:36 -0600] "GET /events/vet_picnic/vet_picnic.html HTTP/1.1" 200 3163 "-" "Mozilla/5.0 (compatible; Baiduspider/2.0; +http://www.baidu.com/search/spider.html)"
66.249.81.25 - - [05/Nov/2013:03:34:19 -0600] "GET / HTTP/1.1" 200 10635 "-" "Mozilla/5.0 (Windows NT 6.1; rv:6.0) Gecko/20110814 Firefox/6.0 Google (+https://developers.google.com/+/web/snippet/)"
66.249.81.25 - - [05/Nov/2013:03:34:20 -0600] "GET /favicon.ico HTTP/1.1" 404 - "-" "Mozilla/5.0 (Windows NT 6.1; rv:6.0) Gecko/20110814 Firefox/6.0 Google (+https://developers.google.com/+/web/snippet/)"
66.249.73.216 - - [05/Nov/2013:05:11:38 -0600] "GET /robots.txt HTTP/1.1" 404 - "-" "Mozilla/5.0 (compatible; Googlebot/2.1; +http://www.google.com/bot.html)"
66.249.73.216 - - [05/Nov/2013:05:11:38 -0600] "GET / HTTP/1.1" 200 10635 "-" "Mozilla/5.0 (compatible; Googlebot/2.1; +http://www.google.com/bot.html)"
66.249.73.216 - - [05/Nov/2013:05:12:16 -0600] "GET /css/footer.css HTTP/1.1" 200 752 "-" "Mozilla/5.0 (compatible; Googlebot/2.1; +http://www.google.com/bot.html)"
66.249.73.216 - - [05/Nov/2013:05:12:19 -0600] "GET /css/slide.css HTTP/1.1" 200 2869 "-" "Mozilla/5.0 (compatible; Googlebot/2.1; +http://www.google.com/bot.html)"
66.249.73.216 - - [05/Nov/2013:05:12:21 -0600] "GET /css/style_global.css HTTP/1.1" 200 2621 "-" "Mozilla/5.0 (compatible; Googlebot/2.1; +http://www.google.com/bot.html)"
66.249.73.216 - - [05/Nov/2013:05:12:22 -0600] "GET /css/global.css HTTP/1.1" 200 13951 "-" "Mozilla/5.0 (compatible; Googlebot/2.1; +http://www.google.com/bot.html)"
123.125.71.31 - - [05/Nov/2013:05:31:02 -0600] "GET / HTTP/1.1" 200 10635 "-" "Mozilla/5.0 (compatible; Baiduspider/2.0; +http://www.baidu.com/search/spider.html)"
123.125.71.109 - - [05/Nov/2013:05:31:22 -0600] "GET /contact.php HTTP/1.1" 200 10519 "-" "Mozilla/5.0 (compatible; Baiduspider/2.0; +http://www.baidu.com/search/spider.html)"
199.21.99.103 - - [05/Nov/2013:06:19:20 -0600] "GET /robots.txt HTTP/1.1" 404 - "-" "Mozilla/5.0 (compatible; YandexBot/3.0; +http://yandex.com/bots)"
199.21.99.103 - - [05/Nov/2013:06:45:50 -0600] "GET /pdf/freaky_farms.pdf HTTP/1.1" 200 390664 "-" "Mozilla/5.0 (compatible; YandexBot/3.0; +http://yandex.com/bots)"
185.29.8.139 - - [05/Nov/2013:07:28:43 -0600] "GET /java_for_joes/index.html HTTP/1.1" 404 - "-" "Mozilla/5.0 (X11; Linux x86_64; rv:15.0) Gecko/20100101 Firefox/15.0.1"
199.30.20.154 - - [05/Nov/2013:07:37:19 -0600] "GET /robots.txt HTTP/1.1" 404 - "-" "msnbot-media/1.1 (+http://search.msn.com/msnbot.htm)"
199.30.20.154 - - [05/Nov/2013:07:37:19 -0600] "GET /slider/images/imagslider-1.png HTTP/1.1" 200 69960 "-" "msnbot-media/1.1 (+http://search.msn.com/msnbot.htm)"
66.249.73.216 - - [05/Nov/2013:09:46:48 -0600] "GET /calendar.php HTTP/1.1" 200 10644 "-" "Mozilla/5.0 (iPhone; CPU iPhone OS 6_0 like Mac OS X) AppleWebKit/536.26 (KHTML, like Gecko) Version/6.0 Mobile/10A5376e Safari/8536.25 (compatible; Googlebot-Mobile/2.1; +http://www.google.com/bot.html)"
66.249.73.216 - - [05/Nov/2013:10:20:07 -0600] "GET /pdf/2013%20Salute%20Armed%20Forces.pdf HTTP/1.1" 304 - "-" "DoCoMo/2.0 N905i(c100;TB;W24H16) (compatible; Googlebot-Mobile/2.1; +http://www.google.com/bot.html)"
199.30.20.138 - - [05/Nov/2013:11:04:07 -0600] "GET /robots.txt HTTP/1.1" 404 - "-" "msnbot-media/1.1 (+http://search.msn.com/msnbot.htm)"
199.30.20.138 - - [05/Nov/2013:11:04:07 -0600] "GET /slider/images/imagslider-2.png HTTP/1.1" 200 62889 "-" "msnbot-media/1.1 (+http://search.msn.com/msnbot.htm)"
70.199.145.130 - - [05/Nov/2013:11:16:53 -0600] "GET / HTTP/1.1" 200 10635 "-" "Mozilla/5.0 (Linux; U; Android 4.1.2; en-us; SCH-I535 Build/JZO54K) AppleWebKit/534.30 (KHTML, like Gecko) Version/4.0 Mobile Safari/534.30"
70.199.145.130 - - [05/Nov/2013:11:16:53 -0600] "GET /images/contacticon.png HTTP/1.1" 200 4499 "http://operationspokaneheroes.org/" "Mozilla/5.0 (Linux; U; Android 4.1.2; en-us; SCH-I535 Build/JZO54K) AppleWebKit/534.30 (KHTML, like Gecko) Version/4.0 Mobile Safari/534.30"
70.199.145.130 - - [05/Nov/2013:11:16:53 -0600] "GET /images/facebook.png HTTP/1.1" 200 5004 "http://operationspokaneheroes.org/" "Mozilla/5.0 (Linux; U; Android 4.1.2; en-us; SCH-I535 Build/JZO54K) AppleWebKit/534.30 (KHTML, like Gecko) Version/4.0 Mobile Safari/534.30"
70.199.145.130 - - [05/Nov/2013:11:16:53 -0600] "GET /_inc/slide.php HTTP/1.1" 200 3205 "http://operationspokaneheroes.org/" "Mozilla/5.0 (Linux; U; Android 4.1.2; en-us; SCH-I535 Build/JZO54K) AppleWebKit/534.30 (KHTML, like Gecko) Version/4.0 Mobile Safari/534.30"
70.199.145.130 - - [05/Nov/2013:11:16:53 -0600] "GET /images/global.png HTTP/1.1" 200 5737 "http://operationspokaneheroes.org/" "Mozilla/5.0 (Linux; U; Android 4.1.2; en-us; SCH-I535 Build/JZO54K) AppleWebKit/534.30 (KHTML, like Gecko) Version/4.0 Mobile Safari/534.30"
70.199.145.130 - - [05/Nov/2013:11:16:53 -0600] "GET /slider/index.html HTTP/1.1" 200 2900 "http://operationspokaneheroes.org/" "Mozilla/5.0 (Linux; U; Android 4.1.2; en-us; SCH-I535 Build/JZO54K) AppleWebKit/534.30 (KHTML, like Gecko) Version/4.0 Mobile Safari/534.30"
70.199.145.130 - - [05/Nov/2013:11:16:53 -0600] "GET /css/footer.css HTTP/1.1" 200 752 "http://operationspokaneheroes.org/" "Mozilla/5.0 (Linux; U; Android 4.1.2; en-us; SCH-I535 Build/JZO54K) AppleWebKit/534.30 (KHTML, like Gecko) Version/4.0 Mobile Safari/534.30"
70.199.145.130 - - [05/Nov/2013:11:16:53 -0600] "GET /css/global.css HTTP/1.1" 200 13951 "http://operationspokaneheroes.org/" "Mozilla/5.0 (Linux; U; Android 4.1.2; en-us; SCH-I535 Build/JZO54K) AppleWebKit/534.30 (KHTML, like Gecko) Version/4.0 Mobile Safari/534.30"
70.199.145.130 - - [05/Nov/2013:11:16:53 -0600] "GET /css/style_global.css HTTP/1.1" 200 2621 "http://operationspokaneheroes.org/_inc/slide.php" "Mozilla/5.0 (Linux; U; Android 4.1.2; en-us; SCH-I535 Build/JZO54K) AppleWebKit/534.30 (KHTML, like Gecko) Version/4.0 Mobile Safari/534.30"
70.199.145.130 - - [05/Nov/2013:11:16:53 -0600] "GET /images/logo.png HTTP/1.1" 200 226129 "http://operationspokaneheroes.org/" "Mozilla/5.0 (Linux; U; Android 4.1.2; en-us; SCH-I535 Build/JZO54K) AppleWebKit/534.30 (KHTML, like Gecko) Version/4.0 Mobile Safari/534.30"
70.199.145.130 - - [05/Nov/2013:11:16:54 -0600] "GET /mainbk.png HTTP/1.1" 200 290 "http://operationspokaneheroes.org/" "Mozilla/5.0 (Linux; U; Android 4.1.2; en-us; SCH-I535 Build/JZO54K) AppleWebKit/534.30 (KHTML, like Gecko) Version/4.0 Mobile Safari/534.30"
70.199.145.130 - - [05/Nov/2013:11:16:54 -0600] "GET /slider/js/startstop-slider.js HTTP/1.1" 200 1737 "http://operationspokaneheroes.org/slider/index.html" "Mozilla/5.0 (Linux; U; Android 4.1.2; en-us; SCH-I535 Build/JZO54K) AppleWebKit/534.30 (KHTML, like Gecko) Version/4.0 Mobile Safari/534.30"
70.199.145.130 - - [05/Nov/2013:11:16:54 -0600] "GET /slider/css/style.css HTTP/1.1" 200 1379 "http://operationspokaneheroes.org/slider/index.html" "Mozilla/5.0 (Linux; U; Android 4.1.2; en-us; SCH-I535 Build/JZO54K) AppleWebKit/534.30 (KHTML, like Gecko) Version/4.0 Mobile Safari/534.30"
70.199.145.130 - - [05/Nov/2013:11:16:54 -0600] "GET /images/bg2.jpg HTTP/1.1" 200 55206 "http://operationspokaneheroes.org/" "Mozilla/5.0 (Linux; U; Android 4.1.2; en-us; SCH-I535 Build/JZO54K) AppleWebKit/534.30 (KHTML, like Gecko) Version/4.0 Mobile Safari/534.30"
70.199.145.130 - - [05/Nov/2013:11:16:53 -0600] "GET /css/slide.css HTTP/1.1" 200 2869 "http://operationspokaneheroes.org/_inc/slide.php" "Mozilla/5.0 (Linux; U; Android 4.1.2; en-us; SCH-I535 Build/JZO54K) AppleWebKit/534.30 (KHTML, like Gecko) Version/4.0 Mobile Safari/534.30"
70.199.145.130 - - [05/Nov/2013:11:16:54 -0600] "GET /images/nav2.jpg HTTP/1.1" 200 4444 "http://operationspokaneheroes.org/" "Mozilla/5.0 (Linux; U; Android 4.1.2; en-us; SCH-I535 Build/JZO54K) AppleWebKit/534.30 (KHTML, like Gecko) Version/4.0 Mobile Safari/534.30"
70.199.145.130 - - [05/Nov/2013:11:16:54 -0600] "GET /slider/js/jquery-1.2.6.js HTTP/1.1" 200 100196 "http://operationspokaneheroes.org/slider/index.html" "Mozilla/5.0 (Linux; U; Android 4.1.2; en-us; SCH-I535 Build/JZO54K) AppleWebKit/534.30 (KHTML, like Gecko) Version/4.0 Mobile Safari/534.30"
70.199.145.130 - - [05/Nov/2013:11:16:53 -0600] "GET /js/combined.js HTTP/1.1" 200 169946 "http://operationspokaneheroes.org/_inc/slide.php" "Mozilla/5.0 (Linux; U; Android 4.1.2; en-us; SCH-I535 Build/JZO54K) AppleWebKit/534.30 (KHTML, like Gecko) Version/4.0 Mobile Safari/534.30"
70.199.145.130 - - [05/Nov/2013:11:16:55 -0600] "GET /slider/images/slider-bg.jpg HTTP/1.1" 200 3447 "http://operationspokaneheroes.org/slider/index.html" "Mozilla/5.0 (Linux; U; Android 4.1.2; en-us; SCH-I535 Build/JZO54K) AppleWebKit/534.30 (KHTML, like Gecko) Version/4.0 Mobile Safari/534.30"
192.187.109.66 - - [05/Nov/2013:11:19:55 -0600] "GET /aboutus.php HTTP/1.0" 200 11667 "http://operationspokaneheroes.org/aboutus.php" "Opera/9.80 (Windows NT 6.1; WOW64; MRA 6.0 (build 5998)) Presto/2.12.388 Version/12.10"
66.249.73.216 - - [05/Nov/2013:13:08:15 -0600] "GET /pdf/2013%20Salute%20Armed%20Forces.pdf HTTP/1.1" 304 - "-" "SAMSUNG-SGH-E250/1.0 Profile/MIDP-2.0 Configuration/CLDC-1.1 UP.Browser/6.2.3.3.c.1.101 (GUI) MMP/2.0 (compatible; Googlebot-Mobile/2.1; +http://www.google.com/bot.html)"
157.55.34.35 - - [05/Nov/2013:14:09:20 -0600] "GET /robots.txt HTTP/1.1" 404 - "-" "Mozilla/5.0 (compatible; bingbot/2.0; +http://www.bing.com/bingbot.htm)"
157.55.34.35 - - [05/Nov/2013:14:13:26 -0600] "GET / HTTP/1.1" 200 10635 "-" "Mozilla/5.0 (compatible; bingbot/2.0; +http://www.bing.com/bingbot.htm)"
65.52.245.128 - - [05/Nov/2013:15:24:22 -0600] "GET / HTTP/1.1" 200 10635 "-" "Mozilla/5.0 (compatible; MSIE 10.0; Windows NT 6.1; Trident/6.0)"
199.21.99.103 - - [05/Nov/2013:16:46:58 -0600] "GET /robots.txt HTTP/1.1" 404 - "-" "Mozilla/5.0 (compatible; YandexBot/3.0; +http://yandex.com/bots)"
199.21.99.103 - - [05/Nov/2013:16:47:00 -0600] "GET / HTTP/1.1" 200 10635 "-" "Mozilla/5.0 (compatible; YandexBot/3.0; +http://yandex.com/bots)"
199.21.99.103 - - [05/Nov/2013:16:47:01 -0600] "GET / HTTP/1.1" 200 10635 "-" "Mozilla/5.0 (compatible; YandexBot/3.0; +http://yandex.com/bots)"
199.21.99.103 - - [05/Nov/2013:16:47:05 -0600] "GET / HTTP/1.1" 200 10635 "-" "Mozilla/5.0 (compatible; YandexBot/3.0; +http://yandex.com/bots)"
199.21.99.103 - - [05/Nov/2013:16:47:05 -0600] "GET / HTTP/1.1" 200 10635 "-" "Mozilla/5.0 (compatible; YandexBot/3.0; +http://yandex.com/bots)"
67.55.106.140 - - [05/Nov/2013:17:33:47 -0600] "GET /java_for_joes/index.html HTTP/1.1" 404 - "-" "curl/7.15.5 (x86_64-redhat-linux-gnu) libcurl/7.15.5 OpenSSL/0.9.8b zlib/1.2.3 libidn/0.6.5"
69.42.65.250 - - [05/Nov/2013:17:33:54 -0600] "GET /java_for_joes/index.html HTTP/1.1" 404 - "-" "Mozilla/5.0 (Windows; U; Windows NT 6.0; en-US) AppleWebKit/532.0 (KHTML, like Gecko) Chrome/3.0.195.27 Safari/532.0"
67.55.106.140 - - [05/Nov/2013:17:33:57 -0600] "GET /java_for_joes/index.html HTTP/1.1" 404 - "-" "curl/7.15.5 (x86_64-redhat-linux-gnu) libcurl/7.15.5 OpenSSL/0.9.8b zlib/1.2.3 libidn/0.6.5"
69.42.65.250 - - [05/Nov/2013:17:34:02 -0600] "GET /java_for_joes/index.html HTTP/1.1" 404 - "-" "Mozilla/5.0 (Windows; U; Windows NT 6.0; en-US) AppleWebKit/532.0 (KHTML, like Gecko) Chrome/3.0.195.27 Safari/532.0"
23.22.161.195 - - [05/Nov/2013:18:07:03 -0600] "GET / HTTP/1.1" 200 10635 "-" "-"
199.21.99.103 - - [05/Nov/2013:18:16:46 -0600] "GET /robots.txt HTTP/1.1" 404 - "-" "Mozilla/5.0 (compatible; YandexBot/3.0; +http://yandex.com/bots)"
157.55.33.40 - - [05/Nov/2013:18:40:08 -0600] "GET /robots.txt HTTP/1.1" 404 - "-" "Mozilla/5.0 (compatible; bingbot/2.0; +http://www.bing.com/bingbot.htm)"
157.55.33.40 - - [05/Nov/2013:18:40:52 -0600] "GET /pdf/Operation%20Wings%20of%20Hope.pdf HTTP/1.1" 200 52094 "-" "Mozilla/5.0 (compatible; bingbot/2.0; +http://www.bing.com/bingbot.htm)"
66.249.74.43 - - [05/Nov/2013:19:16:49 -0600] "GET /robots.txt HTTP/1.1" 404 - "-" "Mozilla/5.0 (compatible; Googlebot/2.1; +http://www.google.com/bot.html)"
66.249.74.43 - - [05/Nov/2013:19:16:49 -0600] "GET /java_for_joes/index.html HTTP/1.1" 404 - "-" "Mozilla/5.0 (compatible; Googlebot/2.1; +http://www.google.com/bot.html)"
38.100.21.66 - - [05/Nov/2013:20:44:29 -0600] "GET / HTTP/1.1" 200 10635 "-" "Mozilla/4.0 (compatible; MSIE 7.0; Windows NT 5.2)"
38.100.21.66 - - [05/Nov/2013:20:44:30 -0600] "GET /contact.php HTTP/1.1" 200 10519 "-" "Mozilla/4.0 (compatible; MSIE 7.0; Windows NT 5.2)"
38.100.21.66 - - [05/Nov/2013:20:44:30 -0600] "GET /index.php HTTP/1.1" 200 10635 "-" "Mozilla/4.0 (compatible; MSIE 7.0; Windows NT 5.2)"
38.100.21.66 - - [05/Nov/2013:20:44:31 -0600] "GET /business.php HTTP/1.1" 200 10813 "-" "Mozilla/4.0 (compatible; MSIE 7.0; Windows NT 5.2)"
38.100.21.66 - - [05/Nov/2013:20:44:33 -0600] "GET /donate.php HTTP/1.1" 200 11699 "-" "Mozilla/4.0 (compatible; MSIE 7.0; Windows NT 5.2)"
38.100.21.66 - - [05/Nov/2013:20:44:34 -0600] "GET /calendar.php HTTP/1.1" 200 10644 "-" "Mozilla/4.0 (compatible; MSIE 7.0; Windows NT 5.2)"
38.100.21.66 - - [05/Nov/2013:20:44:38 -0600] "GET /events.php HTTP/1.1" 200 6407 "-" "Mozilla/4.0 (compatible; MSIE 7.0; Windows NT 5.2)"
38.100.21.66 - - [05/Nov/2013:20:44:39 -0600] "GET /freedom.php HTTP/1.1" 200 11227 "-" "Mozilla/4.0 (compatible; MSIE 7.0; Windows NT 5.2)"
38.100.21.66 - - [05/Nov/2013:20:44:39 -0600] "GET /_inc/slide.php HTTP/1.1" 200 3205 "-" "Mozilla/4.0 (compatible; MSIE 7.0; Windows NT 5.2)"
38.100.21.66 - - [05/Nov/2013:20:44:40 -0600] "GET /aboutus.php HTTP/1.1" 200 11667 "-" "Mozilla/4.0 (compatible; MSIE 7.0; Windows NT 5.2)"
38.100.21.66 - - [05/Nov/2013:20:44:41 -0600] "GET /slider/index.html HTTP/1.1" 200 2900 "-" "Mozilla/4.0 (compatible; MSIE 7.0; Windows NT 5.2)"
220.181.89.174 - - [05/Nov/2013:21:09:20 -0600] "GET /robots.txt HTTP/1.1" 404 - "-" "Sogou web spider/4.0(+http://www.sogou.com/docs/help/webmasters.htm#07)"
220.181.89.174 - - [05/Nov/2013:21:10:43 -0600] "GET / HTTP/1.1" 200 10635 "-" "Sogou web spider/4.0(+http://www.sogou.com/docs/help/webmasters.htm#07)"
66.249.74.41 - - [05/Nov/2013:21:11:42 -0600] "GET /robots.txt HTTP/1.1" 404 - "-" "Mozilla/5.0 (compatible; Googlebot/2.1; +http://www.google.com/bot.html)"
66.249.74.41 - - [05/Nov/2013:21:11:42 -0600] "GET / HTTP/1.1" 200 10635 "-" "Mozilla/5.0 (iPhone; CPU iPhone OS 6_0 like Mac OS X) AppleWebKit/536.26 (KHTML, like Gecko) Version/6.0 Mobile/10A5376e Safari/8536.25 (compatible; Googlebot-Mobile/2.1; +http://www.google.com/bot.html)"
66.249.74.43 - - [05/Nov/2013:21:18:02 -0600] "GET / HTTP/1.1" 200 10635 "-" "Mozilla/5.0 (iPhone; CPU iPhone OS 6_0 like Mac OS X) AppleWebKit/536.26 (KHTML, like Gecko) Version/6.0 Mobile/10A5376e Safari/8536.25 (compatible; Googlebot-Mobile/2.1; +http://www.google.com/bot.html)"
71.231.252.38 - - [05/Nov/2013:21:49:58 -0600] "GET / HTTP/1.1" 200 10635 "http://www.google.com/url?sa=t&rct=j&q=&esrc=s&frm=1&source=web&cd=1&ved=0CCwQFjAA&url=http%3A%2F%2Foperationspokaneheroes.org%2F&ei=YLx5UveOCYrliwLg3YAI&usg=AFQjCNGGuKExGUEgtWK2o7s2b3sBxGCH3Q" "Mozilla/5.0 (compatible; MSIE 10.0; Windows NT 6.2; WOW64; Trident/6.0; MDDCJS)"
71.231.252.38 - - [05/Nov/2013:21:50:01 -0600] "GET /images/global.png HTTP/1.1" 200 5737 "http://operationspokaneheroes.org/" "Mozilla/5.0 (compatible; MSIE 10.0; Windows NT 6.2; WOW64; Trident/6.0; MDDCJS)"
71.231.252.38 - - [05/Nov/2013:21:50:01 -0600] "GET /images/contacticon.png HTTP/1.1" 200 4499 "http://operationspokaneheroes.org/" "Mozilla/5.0 (compatible; MSIE 10.0; Windows NT 6.2; WOW64; Trident/6.0; MDDCJS)"
71.231.252.38 - - [05/Nov/2013:21:50:01 -0600] "GET /css/footer.css HTTP/1.1" 200 752 "http://operationspokaneheroes.org/" "Mozilla/5.0 (compatible; MSIE 10.0; Windows NT 6.2; WOW64; Trident/6.0; MDDCJS)"
71.231.252.38 - - [05/Nov/2013:21:50:01 -0600] "GET /images/facebook.png HTTP/1.1" 200 5004 "http://operationspokaneheroes.org/" "Mozilla/5.0 (compatible; MSIE 10.0; Windows NT 6.2; WOW64; Trident/6.0; MDDCJS)"
71.231.252.38 - - [05/Nov/2013:21:50:01 -0600] "GET /images/logo.png HTTP/1.1" 200 226129 "http://operationspokaneheroes.org/" "Mozilla/5.0 (compatible; MSIE 10.0; Windows NT 6.2; WOW64; Trident/6.0; MDDCJS)"
71.231.252.38 - - [05/Nov/2013:21:50:00 -0600] "GET /css/global.css HTTP/1.1" 200 13951 "http://operationspokaneheroes.org/" "Mozilla/5.0 (compatible; MSIE 10.0; Windows NT 6.2; WOW64; Trident/6.0; MDDCJS)"
71.231.252.38 - - [05/Nov/2013:21:50:04 -0600] "GET /images/nav2.jpg HTTP/1.1" 200 4444 "http://operationspokaneheroes.org/" "Mozilla/5.0 (compatible; MSIE 10.0; Windows NT 6.2; WOW64; Trident/6.0; MDDCJS)"
71.231.252.38 - - [05/Nov/2013:21:50:04 -0600] "GET /slider/index.html HTTP/1.1" 200 2900 "http://operationspokaneheroes.org/" "Mozilla/5.0 (compatible; MSIE 10.0; Windows NT 6.2; WOW64; Trident/6.0; MDDCJS)"
71.231.252.38 - - [05/Nov/2013:21:50:04 -0600] "GET /mainbk.png HTTP/1.1" 200 290 "http://operationspokaneheroes.org/" "Mozilla/5.0 (compatible; MSIE 10.0; Windows NT 6.2; WOW64; Trident/6.0; MDDCJS)"
71.231.252.38 - - [05/Nov/2013:21:50:04 -0600] "GET /slider/css/style.css HTTP/1.1" 200 1379 "http://operationspokaneheroes.org/slider/index.html" "Mozilla/5.0 (compatible; MSIE 10.0; Windows NT 6.2; WOW64; Trident/6.0; MDDCJS)"
71.231.252.38 - - [05/Nov/2013:21:50:04 -0600] "GET /slider/js/startstop-slider.js HTTP/1.1" 200 1737 "http://operationspokaneheroes.org/slider/index.html" "Mozilla/5.0 (compatible; MSIE 10.0; Windows NT 6.2; WOW64; Trident/6.0; MDDCJS)"
71.231.252.38 - - [05/Nov/2013:21:50:04 -0600] "GET /images/bg2.jpg HTTP/1.1" 200 55206 "http://operationspokaneheroes.org/" "Mozilla/5.0 (compatible; MSIE 10.0; Windows NT 6.2; WOW64; Trident/6.0; MDDCJS)"
71.231.252.38 - - [05/Nov/2013:21:50:04 -0600] "GET /slider/js/jquery-1.2.6.js HTTP/1.1" 200 100196 "http://operationspokaneheroes.org/slider/index.html" "Mozilla/5.0 (compatible; MSIE 10.0; Windows NT 6.2; WOW64; Trident/6.0; MDDCJS)"
71.231.252.38 - - [05/Nov/2013:21:50:04 -0600] "GET /_inc/slide.php HTTP/1.1" 200 3205 "http://operationspokaneheroes.org/" "Mozilla/5.0 (compatible; MSIE 10.0; Windows NT 6.2; WOW64; Trident/6.0; MDDCJS)"
71.231.252.38 - - [05/Nov/2013:21:50:04 -0600] "GET /images/slder2.png HTTP/1.1" 200 32853 "http://operationspokaneheroes.org/slider/index.html" "Mozilla/5.0 (compatible; MSIE 10.0; Windows NT 6.2; WOW64; Trident/6.0; MDDCJS)"
71.231.252.38 - - [05/Nov/2013:21:50:05 -0600] "GET /css/slide.css HTTP/1.1" 200 2869 "http://operationspokaneheroes.org/_inc/slide.php" "Mozilla/5.0 (compatible; MSIE 10.0; Windows NT 6.2; WOW64; Trident/6.0; MDDCJS)"
71.231.252.38 - - [05/Nov/2013:21:50:06 -0600] "GET /css/style_global.css HTTP/1.1" 200 2621 "http://operationspokaneheroes.org/_inc/slide.php" "Mozilla/5.0 (compatible; MSIE 10.0; Windows NT 6.2; WOW64; Trident/6.0; MDDCJS)"
71.231.252.38 - - [05/Nov/2013:21:50:04 -0600] "GET /slider/images/imagslider-1.png HTTP/1.1" 200 69960 "http://operationspokaneheroes.org/slider/index.html" "Mozilla/5.0 (compatible; MSIE 10.0; Windows NT 6.2; WOW64; Trident/6.0; MDDCJS)"
71.231.252.38 - - [05/Nov/2013:21:50:04 -0600] "GET /slider/images/imagslider-2.png HTTP/1.1" 200 62889 "http://operationspokaneheroes.org/slider/index.html" "Mozilla/5.0 (compatible; MSIE 10.0; Windows NT 6.2; WOW64; Trident/6.0; MDDCJS)"
71.231.252.38 - - [05/Nov/2013:21:50:07 -0600] "GET /slider/images/slider-bg.jpg HTTP/1.1" 200 3447 "http://operationspokaneheroes.org/slider/index.html" "Mozilla/5.0 (compatible; MSIE 10.0; Windows NT 6.2; WOW64; Trident/6.0; MDDCJS)"
71.231.252.38 - - [05/Nov/2013:21:50:06 -0600] "GET /js/combined.js HTTP/1.1" 200 169946 "http://operationspokaneheroes.org/_inc/slide.php" "Mozilla/5.0 (compatible; MSIE 10.0; Windows NT 6.2; WOW64; Trident/6.0; MDDCJS)"
71.231.252.38 - - [05/Nov/2013:21:50:07 -0600] "GET /assets/images/btn_main_search_hover.png HTTP/1.1" 404 - "http://operationspokaneheroes.org/_inc/slide.php" "Mozilla/5.0 (compatible; MSIE 10.0; Windows NT 6.2; WOW64; Trident/6.0; MDDCJS)"
71.231.252.38 - - [05/Nov/2013:21:50:07 -0600] "GET /assets/images/btn_top_search_hover.png HTTP/1.1" 404 - "http://operationspokaneheroes.org/_inc/slide.php" "Mozilla/5.0 (compatible; MSIE 10.0; Windows NT 6.2; WOW64; Trident/6.0; MDDCJS)"
71.231.252.38 - - [05/Nov/2013:21:50:07 -0600] "GET /images/mission_statement_bg.png HTTP/1.1" 200 11413 "http://operationspokaneheroes.org/_inc/slide.php" "Mozilla/5.0 (compatible; MSIE 10.0; Windows NT 6.2; WOW64; Trident/6.0; MDDCJS)"
71.231.252.38 - - [05/Nov/2013:21:50:07 -0600] "GET /images/we_believe.png HTTP/1.1" 200 1785 "http://operationspokaneheroes.org/_inc/slide.php" "Mozilla/5.0 (compatible; MSIE 10.0; Windows NT 6.2; WOW64; Trident/6.0; MDDCJS)"
71.231.252.38 - - [05/Nov/2013:21:50:07 -0600] "GET /images/we_strive.png HTTP/1.1" 200 1981 "http://operationspokaneheroes.org/_inc/slide.php" "Mozilla/5.0 (compatible; MSIE 10.0; Windows NT 6.2; WOW64; Trident/6.0; MDDCJS)"
71.231.252.38 - - [05/Nov/2013:21:50:07 -0600] "GET /images/we_help.png HTTP/1.1" 200 1514 "http://operationspokaneheroes.org/_inc/slide.php" "Mozilla/5.0 (compatible; MSIE 10.0; Windows NT 6.2; WOW64; Trident/6.0; MDDCJS)"
