67.185.43.117 - - [04/Jan/2012:20:58:10 -0600] "GET /pdf/2010_Top100_Military_Friendly_Employers.pdf HTTP/1.1" 206 240 "-" "Mozilla/4.0 (compatible; MSIE 8.0; Windows NT 6.0; WOW64; Trident/4.0; GTB7.2; SLCC1; .NET CLR 2.0.50727; Media Center PC 5.0; .NET CLR 3.5.30729; .NET CLR 3.0.30729; .NET4.0C)"
67.185.43.117 - - [04/Jan/2012:20:58:10 -0600] "GET /pdf/2010_Top100_Military_Friendly_Employers.pdf HTTP/1.1" 206 3673 "-" "Mozilla/4.0 (compatible; MSIE 8.0; Windows NT 6.0; WOW64; Trident/4.0; GTB7.2; SLCC1; .NET CLR 2.0.50727; Media Center PC 5.0; .NET CLR 3.5.30729; .NET CLR 3.0.30729; .NET4.0C)"
67.185.43.117 - - [04/Jan/2012:20:58:10 -0600] "GET /pdf/2010_Top100_Military_Friendly_Employers.pdf HTTP/1.1" 206 166 "-" "Mozilla/4.0 (compatible; MSIE 8.0; Windows NT 6.0; WOW64; Trident/4.0; GTB7.2; SLCC1; .NET CLR 2.0.50727; Media Center PC 5.0; .NET CLR 3.5.30729; .NET CLR 3.0.30729; .NET4.0C)"
67.185.43.117 - - [04/Jan/2012:20:58:10 -0600] "GET /pdf/2010_Top100_Military_Friendly_Employers.pdf HTTP/1.1" 206 510389 "-" "Mozilla/4.0 (compatible; MSIE 8.0; Windows NT 6.0; WOW64; Trident/4.0; GTB7.2; SLCC1; .NET CLR 2.0.50727; Media Center PC 5.0; .NET CLR 3.5.30729; .NET CLR 3.0.30729; .NET4.0C)"
67.185.43.117 - - [04/Jan/2012:20:58:12 -0600] "GET /pdf/2010_Top100_Military_Friendly_Employers.pdf HTTP/1.1" 206 158982 "-" "Mozilla/4.0 (compatible; MSIE 8.0; Windows NT 6.0; WOW64; Trident/4.0; GTB7.2; SLCC1; .NET CLR 2.0.50727; Media Center PC 5.0; .NET CLR 3.5.30729; .NET CLR 3.0.30729; .NET4.0C)"
123.125.71.113 - - [04/Jan/2012:21:11:08 -0600] "GET / HTTP/1.1" 200 10292 "-" "Mozilla/5.0 (compatible; Baiduspider/2.0; +http://www.baidu.com/search/spider.html)"
65.52.110.153 - - [04/Jan/2012:21:16:42 -0600] "GET /robots.txt HTTP/1.1" 404 - "-" "Mozilla/5.0 (compatible; bingbot/2.0; +http://www.bing.com/bingbot.htm)"
208.115.111.70 - - [04/Jan/2012:21:56:51 -0600] "GET /benefits.php HTTP/1.1" 200 5679 "-" "Mozilla/5.0 (compatible; Ezooms/1.0; ezooms.bot@gmail.com)"
89.123.59.156 - - [04/Jan/2012:22:02:12 -0600] "GET / HTTP/1.1" 200 10292 "-" "Java/1.6.0_04"
89.123.59.156 - - [04/Jan/2012:22:02:13 -0600] "GET /benefits.php HTTP/1.1" 200 5679 "-" "Java/1.6.0_04"
89.123.59.156 - - [04/Jan/2012:22:02:13 -0600] "GET /business_discount.php HTTP/1.1" 200 5779 "-" "Java/1.6.0_04"
89.123.59.156 - - [04/Jan/2012:22:02:14 -0600] "GET /calendar.php HTTP/1.1" 200 5395 "-" "Java/1.6.0_04"
89.123.59.156 - - [04/Jan/2012:22:02:14 -0600] "GET /contact.php HTTP/1.1" 200 5628 "-" "Java/1.6.0_04"
89.123.59.156 - - [04/Jan/2012:22:02:15 -0600] "GET /employers.php HTTP/1.1" 200 5325 "-" "Java/1.6.0_04"
89.123.59.156 - - [04/Jan/2012:22:02:15 -0600] "GET /index.php HTTP/1.1" 200 10292 "-" "Java/1.6.0_04"
89.123.59.156 - - [04/Jan/2012:22:02:15 -0600] "GET /mission.php HTTP/1.1" 200 7049 "-" "Java/1.6.0_04"
89.123.59.156 - - [04/Jan/2012:22:02:16 -0600] "GET /wedo.php HTTP/1.1" 200 6622 "-" "Java/1.6.0_04"
89.123.59.156 - - [04/Jan/2012:22:02:16 -0600] "GET /images/contacticon.png HTTP/1.1" 200 4499 "-" "Java/1.6.0_04"
89.123.59.156 - - [04/Jan/2012:22:02:16 -0600] "GET /images/donate.png HTTP/1.1" 200 2925 "-" "Java/1.6.0_04"
89.123.59.156 - - [04/Jan/2012:22:02:17 -0600] "GET /images/involved.png HTTP/1.1" 200 5042 "-" "Java/1.6.0_04"
89.123.59.156 - - [04/Jan/2012:22:02:17 -0600] "GET /_inc/contact.php HTTP/1.1" 200 756 "-" "Java/1.6.0_04"
89.123.59.156 - - [04/Jan/2012:22:02:17 -0600] "GET /contact/contactengine.php HTTP/1.1" 200 61 "-" "Java/1.6.0_04"
89.123.59.156 - - [04/Jan/2012:22:02:18 -0600] "GET /contact/0;URL=contactthanks.php HTTP/1.1" 404 - "-" "Java/1.6.0_04"
89.123.59.156 - - [04/Jan/2012:22:02:18 -0600] "GET /events/bbq/va_bbq.html HTTP/1.1" 200 3479 "-" "Java/1.6.0_04"
89.123.59.156 - - [04/Jan/2012:22:02:19 -0600] "GET /events/care_package/care.html HTTP/1.1" 200 3294 "-" "Java/1.6.0_04"
89.123.59.156 - - [04/Jan/2012:22:02:19 -0600] "GET /events/carousel_11/carousel_11.html HTTP/1.1" 200 3712 "-" "Java/1.6.0_04"
89.123.59.156 - - [04/Jan/2012:22:02:19 -0600] "GET /events/ermy_event/ermy.html HTTP/1.1" 200 3507 "-" "Java/1.6.0_04"
89.123.59.156 - - [04/Jan/2012:22:02:20 -0600] "GET /events/lilac_lunch/lilac_lunch.html HTTP/1.1" 200 2995 "-" "Java/1.6.0_04"
89.123.59.156 - - [04/Jan/2012:22:02:20 -0600] "GET /events/lilac_parade/lilac_parade.html HTTP/1.1" 200 3084 "-" "Java/1.6.0_04"
89.123.59.156 - - [04/Jan/2012:22:02:20 -0600] "GET /events/vet_picnic/vet_picnic.html HTTP/1.1" 200 3163 "-" "Java/1.6.0_04"
89.123.59.156 - - [04/Jan/2012:22:02:25 -0600] "GET /events/bbq/js/jquery.movingboxes.min.js HTTP/1.1" 200 4663 "-" "Java/1.6.0_04"
66.249.71.117 - - [04/Jan/2012:22:42:43 -0600] "GET /robots.txt HTTP/1.1" 404 - "-" "Mozilla/5.0 (compatible; Googlebot/2.1; +http://www.google.com/bot.html)"
66.249.71.117 - - [04/Jan/2012:22:42:44 -0600] "GET /contact.php HTTP/1.1" 200 5628 "-" "Mozilla/5.0 (compatible; Googlebot/2.1; +http://www.google.com/bot.html)"
66.249.71.117 - - [04/Jan/2012:22:46:03 -0600] "GET /pdf/United%20We%20Stand%20American%20Legion%20Riders.pdf HTTP/1.1" 200 1075093 "-" "Mozilla/5.0 (compatible; Googlebot/2.1; +http://www.google.com/bot.html)"
65.52.110.147 - - [04/Jan/2012:22:54:35 -0600] "GET /robots.txt HTTP/1.1" 404 - "-" "Mozilla/5.0 (compatible; bingbot/2.0; +http://www.bing.com/bingbot.htm)"
65.52.110.147 - - [04/Jan/2012:22:55:17 -0600] "GET / HTTP/1.1" 200 10292 "-" "Mozilla/5.0 (compatible; bingbot/2.0; +http://www.bing.com/bingbot.htm)"
174.31.78.215 - - [04/Jan/2012:23:37:38 -0600] "GET /pdf/Cellphones%20for%20Soldiers%20press%20release.pdf HTTP/1.1" 200 71184 "http://www.google.com/url?sa=t&rct=j&q=&esrc=s&frm=1&source=web&cd=5&ved=0CHYQFjAE&url=http%3A%2F%2Foperationspokaneheroes.org%2Fpdf%2FCellphones%2520for%2520Soldiers%2520press%2520release.pdf&ei=8zYFT_TrD5TUiAKJ_N2yDg&usg=AFQjCNGhRWzemX0ug7hhRkhbzXPaO2Q6hw" "Mozilla/5.0 (compatible; MSIE 9.0; Windows NT 6.0; WOW64; Trident/5.0)"
65.52.104.88 - - [04/Jan/2012:23:50:09 -0600] "GET /robots.txt HTTP/1.1" 404 - "-" "Mozilla/5.0 (compatible; bingbot/2.0; +http://www.bing.com/bingbot.htm)"
65.52.104.88 - - [05/Jan/2012:00:20:34 -0600] "GET /events/vet_picnic/vet_picnic.html HTTP/1.1" 304 - "-" "Mozilla/5.0 (compatible; bingbot/2.0; +http://www.bing.com/bingbot.htm)"
66.249.71.117 - - [05/Jan/2012:00:46:21 -0600] "GET /business.php HTTP/1.1" 200 18068 "-" "Mozilla/5.0 (compatible; Googlebot/2.1; +http://www.google.com/bot.html)"
207.46.204.163 - - [05/Jan/2012:01:19:59 -0600] "GET /events/vet_picnic/vet_picnic.html HTTP/1.1" 200 3163 "-" "Mozilla/5.0 (Windows NT 6.1; WOW64) AppleWebKit/534+ (KHTML, like Gecko)"
207.46.204.163 - - [05/Jan/2012:01:19:59 -0600] "GET /events/vet_picnic/js/jquery.movingboxes.min.js HTTP/1.1" 200 4663 "http://operationspokaneheroes.org/events/vet_picnic/vet_picnic.html" "Mozilla/5.0 (Windows NT 6.1; WOW64) AppleWebKit/534+ (KHTML, like Gecko)"
66.249.71.117 - - [05/Jan/2012:02:54:55 -0600] "GET /java_for_joes/index.html HTTP/1.1" 404 - "-" "Mozilla/5.0 (compatible; Googlebot/2.1; +http://www.google.com/bot.html)"
157.55.39.225 - - [05/Jan/2012:07:05:10 -0600] "GET /robots.txt HTTP/1.1" 404 - "-" "msnbot/2.0b (+http://search.msn.com/msnbot.htm)._"
157.55.39.225 - - [05/Jan/2012:07:05:10 -0600] "GET / HTTP/1.1" 200 10292 "-" "msnbot/2.0b (+http://search.msn.com/msnbot.htm)._"
180.76.5.60 - - [05/Jan/2012:09:02:08 -0600] "GET / HTTP/1.1" 200 10292 "-" "Mozilla/5.0 (compatible; Baiduspider/2.0; +http://www.baidu.com/search/spider.html)"
157.55.39.225 - - [05/Jan/2012:12:01:08 -0600] "GET /index.php HTTP/1.1" 200 10292 "-" "msnbot/2.0b (+http://search.msn.com/msnbot.htm)._"
157.55.39.225 - - [05/Jan/2012:12:01:12 -0600] "GET /wedo.php HTTP/1.1" 200 6622 "-" "msnbot/2.0b (+http://search.msn.com/msnbot.htm)._"
157.55.39.225 - - [05/Jan/2012:12:01:17 -0600] "GET /calendar.php HTTP/1.1" 200 5395 "-" "msnbot/2.0b (+http://search.msn.com/msnbot.htm)._"
157.55.39.225 - - [05/Jan/2012:12:01:18 -0600] "GET /business_discount.php HTTP/1.1" 200 5779 "-" "msnbot/2.0b (+http://search.msn.com/msnbot.htm)._"
157.55.39.225 - - [05/Jan/2012:12:01:20 -0600] "GET /contact.php HTTP/1.1" 200 5628 "-" "msnbot/2.0b (+http://search.msn.com/msnbot.htm)._"
157.55.39.225 - - [05/Jan/2012:12:01:27 -0600] "GET /employers.php HTTP/1.1" 200 5325 "-" "msnbot/2.0b (+http://search.msn.com/msnbot.htm)._"
157.55.39.225 - - [05/Jan/2012:12:01:28 -0600] "GET /mission.php HTTP/1.1" 200 7049 "-" "msnbot/2.0b (+http://search.msn.com/msnbot.htm)._"
157.55.39.225 - - [05/Jan/2012:12:01:30 -0600] "GET /benefits.php HTTP/1.1" 200 5679 "-" "msnbot/2.0b (+http://search.msn.com/msnbot.htm)._"
77.75.77.11 - - [05/Jan/2012:12:55:05 -0600] "GET /robots.txt HTTP/1.1" 404 - "-" "SeznamBot/3.0 (+http://fulltext.sblog.cz/)"
77.75.77.11 - - [05/Jan/2012:12:55:06 -0600] "GET /pdf/NWMSGrandPrix2011FLYER.pdf HTTP/1.1" 200 1047716 "-" "SeznamBot/3.0 (+http://fulltext.sblog.cz/)"
77.75.77.11 - - [05/Jan/2012:12:57:31 -0600] "GET /calendar.php HTTP/1.1" 200 5395 "-" "SeznamBot/3.0 (+http://fulltext.sblog.cz/)"
77.75.77.11 - - [05/Jan/2012:12:57:33 -0600] "GET /employers.php HTTP/1.1" 200 5325 "-" "SeznamBot/3.0 (+http://fulltext.sblog.cz/)"
77.75.77.11 - - [05/Jan/2012:12:59:06 -0600] "GET /mission.php HTTP/1.1" 200 7049 "-" "SeznamBot/3.0 (+http://fulltext.sblog.cz/)"
180.76.5.179 - - [05/Jan/2012:13:01:26 -0600] "GET / HTTP/1.1" 200 10292 "-" "Mozilla/5.0 (compatible; Baiduspider/2.0; +http://www.baidu.com/search/spider.html)"
89.113.240.67 - - [05/Jan/2012:13:48:26 -0600] "GET /java_for_joes/index.html/wp-login.php HTTP/1.1" 404 - "-" "Mozilla/3.0 (compatible; Indy Library)"
77.88.29.247 - - [05/Jan/2012:14:28:46 -0600] "GET /robots.txt HTTP/1.1" 404 - "-" "Mozilla/5.0 (compatible; YandexBot/3.0; +http://yandex.com/bots)"
213.186.127.13 - - [05/Jan/2012:15:49:59 -0600] "GET /benefits.php HTTP/1.1" 200 5679 "-" "Mozilla/5.0 (compatible; AhrefsBot/2.0; +http://ahrefs.com/robot/)"
77.88.29.247 - - [05/Jan/2012:16:29:26 -0600] "GET /events/bbq/va_bbq.html HTTP/1.1" 200 3479 "-" "Mozilla/5.0 (compatible; YandexBot/3.0; +http://yandex.com/bots)"
180.76.5.61 - - [05/Jan/2012:16:56:42 -0600] "GET /events/carousel_11/carousel_11.html HTTP/1.1" 200 3712 "-" "Mozilla/5.0 (compatible; Baiduspider/2.0; +http://www.baidu.com/search/spider.html)"
77.88.29.247 - - [05/Jan/2012:17:01:20 -0600] "GET /pdf/veteran_benefits.pdf HTTP/1.1" 304 - "-" "Mozilla/5.0 (compatible; YandexBot/3.0; +http://yandex.com/bots)"
123.125.71.104 - - [05/Jan/2012:17:47:24 -0600] "GET / HTTP/1.1" 200 10292 "-" "Mozilla/5.0 (compatible; Baiduspider/2.0; +http://www.baidu.com/search/spider.html)"
188.143.232.210 - - [05/Jan/2012:18:12:17 -0600] "GET /contact.php HTTP/1.1" 200 5628 "-" "Mozilla/4.0 (compatible; MSIE 6.0; Windows NT 5.1; SV1)"
188.143.232.210 - - [05/Jan/2012:18:12:19 -0600] "GET /contact.php_inc/contact.php HTTP/1.1" 404 - "-" "Mozilla/4.0 (compatible; MSIE 6.0; Windows NT 5.1; SV1)"
188.143.232.210 - - [05/Jan/2012:18:12:19 -0600] "GET /index.php HTTP/1.1" 200 10292 "-" "Mozilla/4.0 (compatible; MSIE 6.0; Windows NT 5.1; SV1)"
188.143.232.210 - - [05/Jan/2012:18:12:20 -0600] "GET /mission.php HTTP/1.1" 200 7049 "-" "Mozilla/4.0 (compatible; MSIE 6.0; Windows NT 5.1; SV1)"
188.143.232.210 - - [05/Jan/2012:18:12:21 -0600] "GET /wedo.php HTTP/1.1" 200 6622 "-" "Mozilla/4.0 (compatible; MSIE 6.0; Windows NT 5.1; SV1)"
188.143.232.210 - - [05/Jan/2012:18:12:21 -0600] "GET /benefits.php HTTP/1.1" 200 5679 "-" "Mozilla/4.0 (compatible; MSIE 6.0; Windows NT 5.1; SV1)"
188.143.232.210 - - [05/Jan/2012:18:12:22 -0600] "GET /employers.php HTTP/1.1" 200 5325 "-" "Mozilla/4.0 (compatible; MSIE 6.0; Windows NT 5.1; SV1)"
188.143.232.210 - - [05/Jan/2012:18:12:22 -0600] "GET /business_discount.php HTTP/1.1" 200 5779 "-" "Mozilla/4.0 (compatible; MSIE 6.0; Windows NT 5.1; SV1)"
188.143.232.210 - - [05/Jan/2012:18:12:23 -0600] "GET /calendar.php HTTP/1.1" 200 5395 "-" "Mozilla/4.0 (compatible; MSIE 6.0; Windows NT 5.1; SV1)"
157.55.18.22 - - [05/Jan/2012:21:11:35 -0600] "GET /robots.txt HTTP/1.1" 404 - "-" "Mozilla/5.0 (compatible; bingbot/2.0; +http://www.bing.com/bingbot.htm)"
157.55.18.22 - - [05/Jan/2012:21:12:39 -0600] "GET /events/care_package/care.html HTTP/1.1" 304 - "-" "Mozilla/5.0 (compatible; bingbot/2.0; +http://www.bing.com/bingbot.htm)"
207.46.204.211 - - [05/Jan/2012:21:12:40 -0600] "GET /events/care_package/care.html HTTP/1.1" 200 3294 "-" "Mozilla/5.0 (Windows NT 6.1; WOW64) AppleWebKit/534+ (KHTML, like Gecko)"
207.46.204.211 - - [05/Jan/2012:21:12:40 -0600] "GET /events/care_package/js/jquery.movingboxes.min.js HTTP/1.1" 200 4663 "http://operationspokaneheroes.org/events/care_package/care.html" "Mozilla/5.0 (Windows NT 6.1; WOW64) AppleWebKit/534+ (KHTML, like Gecko)"
66.249.71.117 - - [05/Jan/2012:21:45:32 -0600] "GET /robots.txt HTTP/1.1" 404 - "-" "Mozilla/5.0 (compatible; Googlebot/2.1; +http://www.google.com/bot.html)"
66.249.71.117 - - [05/Jan/2012:21:45:32 -0600] "GET /events/lilac_lunch/images/1.jpg HTTP/1.1" 304 - "-" "Googlebot-Image/1.0"
220.181.125.71 - - [05/Jan/2012:22:44:55 -0600] "GET / HTTP/1.1" 200 10292 "-" "Sogou web spider/4.0(+http://www.sogou.com/docs/help/webmasters.htm#07)"
65.52.108.25 - - [05/Jan/2012:23:44:10 -0600] "GET /robots.txt HTTP/1.1" 404 - "-" "Mozilla/5.0 (compatible; bingbot/2.0; +http://www.bing.com/bingbot.htm)"
65.52.108.25 - - [05/Jan/2012:23:45:07 -0600] "GET / HTTP/1.1" 200 10292 "-" "Mozilla/5.0 (compatible; bingbot/2.0; +http://www.bing.com/bingbot.htm)"
46.229.160.208 - - [06/Jan/2012:02:13:45 -0600] "GET /pdf/174%20Stores%20and%20Business%20Offering%20Military%20Discounts1.pdf HTTP/1.1" 200 122888 "-" "-"
66.249.71.54 - - [06/Jan/2012:03:08:17 -0600] "GET /robots.txt HTTP/1.1" 404 - "-" "Mozilla/5.0 (compatible; Googlebot/2.1; +http://www.google.com/bot.html)"
66.249.71.54 - - [06/Jan/2012:03:08:17 -0600] "GET /pdf/wreath_across_america.pdf HTTP/1.1" 200 134573 "-" "Mozilla/5.0 (iPhone; U; CPU iPhone OS 4_1 like Mac OS X; en-us) AppleWebKit/532.9 (KHTML, like Gecko) Version/4.0.5 Mobile/8B117 Safari/6531.22.7 (compatible; Googlebot-Mobile/2.1; +http://www.google.com/bot.html)"
65.52.104.88 - - [06/Jan/2012:03:22:58 -0600] "GET /robots.txt HTTP/1.1" 404 - "-" "Mozilla/5.0 (compatible; bingbot/2.0; +http://www.bing.com/bingbot.htm)"
123.125.71.103 - - [06/Jan/2012:03:45:41 -0600] "GET /wedo.php HTTP/1.1" 200 6622 "-" "Mozilla/5.0 (compatible; Baiduspider/2.0; +http://www.baidu.com/search/spider.html)"
208.115.111.70 - - [06/Jan/2012:04:38:32 -0600] "GET /robots.txt HTTP/1.1" 404 - "-" "Mozilla/5.0 (compatible; Ezooms/1.0; ezooms.bot@gmail.com)"
65.52.104.88 - - [06/Jan/2012:04:46:03 -0600] "GET /donation.php HTTP/1.1" 200 12266 "-" "Mozilla/5.0 (compatible; bingbot/2.0; +http://www.bing.com/bingbot.htm)"
208.115.111.70 - - [06/Jan/2012:05:42:11 -0600] "GET /business_discount.php HTTP/1.1" 200 5779 "-" "Mozilla/5.0 (compatible; Ezooms/1.0; ezooms.bot@gmail.com)"
123.125.71.117 - - [06/Jan/2012:07:44:08 -0600] "GET /style.css HTTP/1.1" 200 5190 "-" "Mozilla/5.0 (compatible; Baiduspider/2.0; +http://www.baidu.com/search/spider.html)"
66.249.71.117 - - [06/Jan/2012:09:16:48 -0600] "GET /robots.txt HTTP/1.1" 404 - "-" "Mozilla/5.0 (compatible; Googlebot/2.1; +http://www.google.com/bot.html)"
66.249.71.117 - - [06/Jan/2012:09:16:48 -0600] "GET /events/oif/images/8.jpg HTTP/1.1" 304 - "-" "Googlebot-Image/1.0"
69.58.178.56 - - [06/Jan/2012:09:24:44 -0600] "GET /robots.txt HTTP/1.1" 404 - "-" "BlackBerry9000/4.6.0.167 Profile/MIDP-2.0 Configuration/CLDC-1.1 VendorID/102 ips-agent"
69.58.178.56 - - [06/Jan/2012:09:24:45 -0600] "GET / HTTP/1.1" 200 10292 "-" "BlackBerry9000/4.6.0.167 Profile/MIDP-2.0 Configuration/CLDC-1.1 VendorID/102 ips-agent"
69.58.178.56 - - [06/Jan/2012:09:27:23 -0600] "GET / HTTP/1.1" 200 10292 "-" "BlackBerry9000/4.6.0.167 Profile/MIDP-2.0 Configuration/CLDC-1.1 VendorID/102 ips-agent"
69.58.178.56 - - [06/Jan/2012:09:27:24 -0600] "GET /contact.php HTTP/1.1" 200 5628 "-" "Mozilla/5.0 (X11; U; Linux i686; en-US; rv:1.9.1.3; ips-agent) Gecko/20090824 Fedora/1.0.7-1.1.fc4  Firefox/3.5.3"
69.58.178.56 - - [06/Jan/2012:09:27:25 -0600] "GET /index.php HTTP/1.1" 200 10292 "-" "Mozilla/5.0 (X11; U; Linux i686; en-US; rv:1.9.1.3; ips-agent) Gecko/20090824 Fedora/1.0.7-1.1.fc4  Firefox/3.5.3"
69.58.178.56 - - [06/Jan/2012:09:27:26 -0600] "GET /mission.php HTTP/1.1" 200 7049 "-" "Mozilla/5.0 (X11; U; Linux i686; en-US; rv:1.9.1.3; ips-agent) Gecko/20090824 Fedora/1.0.7-1.1.fc4  Firefox/3.5.3"
69.58.178.56 - - [06/Jan/2012:09:27:27 -0600] "GET /wedo.php HTTP/1.1" 200 6622 "-" "Mozilla/5.0 (X11; U; Linux i686; en-US; rv:1.9.1.3; ips-agent) Gecko/20090824 Fedora/1.0.7-1.1.fc4  Firefox/3.5.3"
69.58.178.56 - - [06/Jan/2012:09:27:28 -0600] "GET /benefits.php HTTP/1.1" 200 5679 "-" "Mozilla/5.0 (X11; U; Linux i686; en-US; rv:1.9.1.3; ips-agent) Gecko/20090824 Fedora/1.0.7-1.1.fc4  Firefox/3.5.3"
69.58.178.56 - - [06/Jan/2012:09:27:30 -0600] "GET /employers.php HTTP/1.1" 200 5325 "-" "Mozilla/5.0 (X11; U; Linux i686; en-US; rv:1.9.1.3; ips-agent) Gecko/20090824 Fedora/1.0.7-1.1.fc4  Firefox/3.5.3"
69.58.178.56 - - [06/Jan/2012:09:27:31 -0600] "GET /business_discount.php HTTP/1.1" 200 5779 "-" "Mozilla/5.0 (X11; U; Linux i686; en-US; rv:1.9.1.3; ips-agent) Gecko/20090824 Fedora/1.0.7-1.1.fc4  Firefox/3.5.3"
69.58.178.56 - - [06/Jan/2012:09:27:32 -0600] "GET /calendar.php HTTP/1.1" 200 5395 "-" "Mozilla/5.0 (X11; U; Linux i686; en-US; rv:1.9.1.3; ips-agent) Gecko/20090824 Fedora/1.0.7-1.1.fc4  Firefox/3.5.3"
69.58.178.56 - - [06/Jan/2012:09:27:33 -0600] "GET /_inc/contact.php HTTP/1.1" 200 756 "-" "Mozilla/5.0 (X11; U; Linux i686; en-US; rv:1.9.1.3; ips-agent) Gecko/20090824 Fedora/1.0.7-1.1.fc4  Firefox/3.5.3"
208.115.113.86 - - [06/Jan/2012:10:13:52 -0600] "GET /robots.txt HTTP/1.1" 404 - "-" "Mozilla/5.0 (compatible; Ezooms/1.0; ezooms.bot@gmail.com)"
208.115.113.86 - - [06/Jan/2012:11:33:31 -0600] "GET /calendar.php HTTP/1.1" 200 5395 "-" "Mozilla/5.0 (compatible; Ezooms/1.0; ezooms.bot@gmail.com)"
157.55.17.145 - - [06/Jan/2012:12:11:06 -0600] "GET /robots.txt HTTP/1.1" 404 - "-" "Mozilla/5.0 (compatible; bingbot/2.0; +http://www.bing.com/bingbot.htm)"
157.55.17.145 - - [06/Jan/2012:12:12:19 -0600] "GET /_inc/upcoming.php HTTP/1.1" 200 3371 "-" "Mozilla/5.0 (compatible; bingbot/2.0; +http://www.bing.com/bingbot.htm)"
208.115.113.86 - - [06/Jan/2012:14:08:17 -0600] "GET /robots.txt HTTP/1.1" 404 - "-" "Mozilla/5.0 (compatible; Ezooms/1.0; ezooms.bot@gmail.com)"
208.115.113.86 - - [06/Jan/2012:14:17:34 -0600] "GET / HTTP/1.1" 200 10292 "-" "Mozilla/5.0 (compatible; Ezooms/1.0; ezooms.bot@gmail.com)"
213.186.127.13 - - [06/Jan/2012:14:19:59 -0600] "GET /pdf/NWMSGrandPrix2011FLYER.pdf HTTP/1.1" 200 1047716 "-" "Mozilla/5.0 (compatible; AhrefsBot/2.0; +http://ahrefs.com/robot/)"
180.76.5.145 - - [06/Jan/2012:14:53:21 -0600] "GET /robots.txt HTTP/1.1" 404 - "-" "Baiduspider+(+http://www.baidu.com/search/spider.htm)"
123.125.71.21 - - [06/Jan/2012:19:01:48 -0600] "GET / HTTP/1.1" 200 10292 "-" "Mozilla/5.0 (compatible; Baiduspider/2.0; +http://www.baidu.com/search/spider.html)"
66.220.147.248 - - [06/Jan/2012:22:07:35 -0600] "GET / HTTP/1.1" 200 10292 "-" "facebookexternalhit/1.1 (+http://www.facebook.com/externalhit_uatext.php)"
66.249.71.117 - - [06/Jan/2012:22:50:59 -0600] "GET /robots.txt HTTP/1.1" 404 - "-" "Mozilla/5.0 (compatible; Googlebot/2.1; +http://www.google.com/bot.html)"
66.249.71.117 - - [06/Jan/2012:22:50:59 -0600] "GET /events/bbq/images/5.jpg HTTP/1.1" 304 - "-" "Googlebot-Image/1.0"
123.125.71.14 - - [06/Jan/2012:23:09:54 -0600] "GET /mission.php HTTP/1.1" 200 7049 "-" "Mozilla/5.0 (compatible; Baiduspider/2.0; +http://www.baidu.com/search/spider.html)"
65.52.104.88 - - [06/Jan/2012:23:43:02 -0600] "GET /robots.txt HTTP/1.1" 404 - "-" "Mozilla/5.0 (compatible; bingbot/2.0; +http://www.bing.com/bingbot.htm)"
77.75.77.11 - - [07/Jan/2012:00:51:29 -0600] "GET /robots.txt HTTP/1.1" 404 - "-" "SeznamBot/3.0 (+http://fulltext.sblog.cz/)"
77.75.77.11 - - [07/Jan/2012:00:51:30 -0600] "GET /business_discount.php HTTP/1.1" 200 5779 "-" "SeznamBot/3.0 (+http://fulltext.sblog.cz/)"
77.75.77.11 - - [07/Jan/2012:00:52:10 -0600] "GET /pdf/The%20new%20address%20for%20the%20National%20Personnel%20Records%20Center%20is.pdf HTTP/1.1" 304 - "-" "SeznamBot/3.0 (+http://fulltext.sblog.cz/)"
123.125.71.38 - - [07/Jan/2012:02:10:20 -0600] "GET /style.css HTTP/1.1" 200 5190 "-" "Mozilla/5.0 (compatible; Baiduspider/2.0; +http://www.baidu.com/search/spider.html)"
123.125.71.96 - - [07/Jan/2012:05:20:28 -0600] "GET /robots.txt HTTP/1.1" 404 - "-" "Baiduspider+(+http://www.baidu.com/search/spider.htm)"
66.249.71.117 - - [07/Jan/2012:05:53:28 -0600] "GET / HTTP/1.1" 200 10292 "-" "Mozilla/5.0 (compatible; Googlebot/2.1; +http://www.google.com/bot.html)"
66.249.71.117 - - [07/Jan/2012:05:56:49 -0600] "GET /benefits.php HTTP/1.1" 200 5679 "-" "Mozilla/5.0 (compatible; Googlebot/2.1; +http://www.google.com/bot.html)"
66.249.71.117 - - [07/Jan/2012:06:18:58 -0600] "GET /pdf/NWMSGrandPrix2011FLYER.pdf HTTP/1.1" 200 1047716 "-" "Mozilla/5.0 (compatible; Googlebot/2.1; +http://www.google.com/bot.html)"
66.249.71.117 - - [07/Jan/2012:07:02:20 -0600] "GET /pdf/Christmas%20Carrousel%20Flyer2011.pdf HTTP/1.1" 404 - "-" "Mozilla/5.0 (compatible; Googlebot/2.1; +http://www.google.com/bot.html)"
205.178.190.236 - - [07/Jan/2012:07:43:02 -0600] "HEAD /java_for_joes/index.html HTTP/1.1" 404 - "-" "Mozilla/4.0 (compatible; MSIE 7.0; Windows NT 5.1; .NET CLR 1.1.4322; .NET CLR 2.0.50727)"
199.21.99.101 - - [07/Jan/2012:07:57:10 -0600] "GET /robots.txt HTTP/1.1" 404 - "-" "Mozilla/5.0 (compatible; YandexBot/3.0; +http://yandex.com/bots)"
178.154.162.29 - - [07/Jan/2012:07:57:12 -0600] "GET / HTTP/1.1" 200 10292 "-" "Mozilla/5.0 (compatible; YandexBot/3.0; +http://yandex.com/bots)"
123.125.71.112 - - [07/Jan/2012:08:10:10 -0600] "GET /wedo.php HTTP/1.1" 200 6622 "-" "Mozilla/5.0 (compatible; Baiduspider/2.0; +http://www.baidu.com/search/spider.html)"
66.249.71.117 - - [07/Jan/2012:12:26:28 -0600] "GET /robots.txt HTTP/1.1" 404 - "-" "Mozilla/5.0 (compatible; Googlebot/2.1; +http://www.google.com/bot.html)"
66.249.71.117 - - [07/Jan/2012:12:26:28 -0600] "GET /pdf/OSH%20Gift%20Cards%202011%20Media%20Advisory.pdf HTTP/1.1" 304 - "-" "Mozilla/5.0 (compatible; Googlebot/2.1; +http://www.google.com/bot.html)"
220.181.125.71 - - [07/Jan/2012:12:46:47 -0600] "GET / HTTP/1.1" 200 10292 "-" "Sogou web spider/4.0(+http://www.sogou.com/docs/help/webmasters.htm#07)"
213.186.127.13 - - [07/Jan/2012:12:49:58 -0600] "GET /employers.php HTTP/1.1" 200 5325 "-" "Mozilla/5.0 (compatible; AhrefsBot/2.0; +http://ahrefs.com/robot/)"
207.46.13.211 - - [07/Jan/2012:13:14:11 -0600] "GET /robots.txt HTTP/1.1" 404 - "-" "Mozilla/5.0 (compatible; bingbot/2.0; +http://www.bing.com/bingbot.htm)"
67.207.136.128 - - [07/Jan/2012:13:18:55 -0600] "GET /java_for_joes/index.html HTTP/1.1" 404 - "-" "Mozilla/5.0 (Macintosh; U; Intel Mac OS X 10_5_8; en-us) AppleWebKit/531.21.8 (KHTML, like Gecko) Version/4.0.4 Safari/531.21.10"
207.46.13.211 - - [07/Jan/2012:13:27:20 -0600] "GET /contact.php HTTP/1.1" 200 5628 "-" "Mozilla/5.0 (compatible; bingbot/2.0; +http://www.bing.com/bingbot.htm)"
65.52.109.25 - - [07/Jan/2012:14:00:56 -0600] "GET /robots.txt HTTP/1.1" 404 - "-" "Mozilla/5.0 (compatible; bingbot/2.0; +http://www.bing.com/bingbot.htm)"
65.52.109.25 - - [07/Jan/2012:14:14:36 -0600] "GET / HTTP/1.1" 200 10292 "-" "Mozilla/5.0 (compatible; bingbot/2.0; +http://www.bing.com/bingbot.htm)"
123.125.71.110 - - [07/Jan/2012:14:27:16 -0600] "GET / HTTP/1.1" 200 10292 "-" "Mozilla/5.0 (compatible; Baiduspider/2.0; +http://www.baidu.com/search/spider.html)"
180.76.5.140 - - [07/Jan/2012:14:50:55 -0600] "GET /robots.txt HTTP/1.1" 404 - "-" "Baiduspider+(+http://www.baidu.com/search/spider.htm)"
157.55.39.225 - - [07/Jan/2012:14:55:43 -0600] "GET /robots.txt HTTP/1.1" 404 - "-" "msnbot/2.0b (+http://search.msn.com/msnbot.htm)._"
157.55.39.225 - - [07/Jan/2012:14:55:43 -0600] "GET / HTTP/1.1" 200 10292 "-" "msnbot/2.0b (+http://search.msn.com/msnbot.htm)._"
205.178.190.236 - - [07/Jan/2012:16:06:02 -0600] "HEAD /java_for_joes/index.html HTTP/1.1" 404 - "-" "Mozilla/4.0 (compatible; MSIE 7.0; Windows NT 5.1; .NET CLR 1.1.4322; .NET CLR 2.0.50727)"
208.115.113.86 - - [07/Jan/2012:17:52:53 -0600] "GET /robots.txt HTTP/1.1" 404 - "-" "Mozilla/5.0 (compatible; Ezooms/1.0; ezooms.bot@gmail.com)"
66.249.71.117 - - [07/Jan/2012:18:09:13 -0600] "GET /donation.php HTTP/1.1" 200 12266 "-" "Mozilla/5.0 (compatible; Googlebot/2.1; +http://www.google.com/bot.html)"
157.55.39.225 - - [07/Jan/2012:18:21:08 -0600] "GET /index.php HTTP/1.1" 200 10292 "-" "msnbot/2.0b (+http://search.msn.com/msnbot.htm)._"
157.55.39.225 - - [07/Jan/2012:18:21:11 -0600] "GET /wedo.php HTTP/1.1" 200 6622 "-" "msnbot/2.0b (+http://search.msn.com/msnbot.htm)._"
157.55.39.225 - - [07/Jan/2012:18:21:18 -0600] "GET /calendar.php HTTP/1.1" 200 5395 "-" "msnbot/2.0b (+http://search.msn.com/msnbot.htm)._"
157.55.39.225 - - [07/Jan/2012:18:21:21 -0600] "GET /business_discount.php HTTP/1.1" 200 5779 "-" "msnbot/2.0b (+http://search.msn.com/msnbot.htm)._"
157.55.39.225 - - [07/Jan/2012:18:21:23 -0600] "GET /contact.php HTTP/1.1" 200 5628 "-" "msnbot/2.0b (+http://search.msn.com/msnbot.htm)._"
157.55.39.225 - - [07/Jan/2012:18:21:25 -0600] "GET /employers.php HTTP/1.1" 200 5325 "-" "msnbot/2.0b (+http://search.msn.com/msnbot.htm)._"
157.55.39.225 - - [07/Jan/2012:18:21:26 -0600] "GET /mission.php HTTP/1.1" 200 7049 "-" "msnbot/2.0b (+http://search.msn.com/msnbot.htm)._"
157.55.39.225 - - [07/Jan/2012:18:21:28 -0600] "GET /benefits.php HTTP/1.1" 200 5679 "-" "msnbot/2.0b (+http://search.msn.com/msnbot.htm)._"
208.115.113.86 - - [07/Jan/2012:18:57:04 -0600] "GET /index.php HTTP/1.1" 200 10292 "-" "Mozilla/5.0 (compatible; Ezooms/1.0; ezooms.bot@gmail.com)"
65.52.104.88 - - [07/Jan/2012:19:21:36 -0600] "GET /robots.txt HTTP/1.1" 404 - "-" "Mozilla/5.0 (compatible; bingbot/2.0; +http://www.bing.com/bingbot.htm)"
65.52.104.87 - - [07/Jan/2012:19:57:22 -0600] "GET /robots.txt HTTP/1.1" 404 - "-" "Mozilla/5.0 (compatible; bingbot/2.0; +http://www.bing.com/bingbot.htm)"
85.25.110.104 - - [07/Jan/2012:20:42:20 -0600] "GET /java_for_joes/index.html HTTP/1.1" 404 - "-" "Mozilla/4.0 (compatible; MSIE 6.0; Windows 98; Win 9x4.90)"
199.21.99.101 - - [07/Jan/2012:20:45:53 -0600] "GET / HTTP/1.1" 200 10292 "-" "Mozilla/5.0 (compatible; YandexBot/3.0; +http://yandex.com/bots)"
123.125.71.85 - - [07/Jan/2012:20:50:03 -0600] "HEAD /images/coins.jpg HTTP/1.1" 200 - "-" "Baiduspider-image+(+http://www.baidu.com/search/spider.htm)"
123.125.71.73 - - [07/Jan/2012:20:50:05 -0600] "GET /images/coins.jpg HTTP/1.1" 200 39992 "-" "Baiduspider-image+(+http://www.baidu.com/search/spider.htm)"
157.55.18.22 - - [08/Jan/2012:00:22:44 -0600] "GET /robots.txt HTTP/1.1" 404 - "-" "Mozilla/5.0 (compatible; bingbot/2.0; +http://www.bing.com/bingbot.htm)"
157.55.18.22 - - [08/Jan/2012:00:23:37 -0600] "GET /pdf/Gunny%20Poster%20Final.pdf HTTP/1.1" 200 479121 "-" "Mozilla/5.0 (compatible; bingbot/2.0; +http://www.bing.com/bingbot.htm)"
65.52.110.19 - - [08/Jan/2012:01:02:30 -0600] "GET /robots.txt HTTP/1.1" 404 - "-" "Mozilla/5.0 (compatible; bingbot/2.0; +http://www.bing.com/bingbot.htm)"
65.52.110.19 - - [08/Jan/2012:01:03:46 -0600] "GET /pdf/The%20new%20address%20for%20the%20National%20Personnel%20Records%20Center%20is.pdf HTTP/1.1" 200 17099 "-" "Mozilla/5.0 (compatible; bingbot/2.0; +http://www.bing.com/bingbot.htm)"
66.249.71.117 - - [08/Jan/2012:01:58:35 -0600] "GET /robots.txt HTTP/1.1" 404 - "-" "Mozilla/5.0 (compatible; Googlebot/2.1; +http://www.google.com/bot.html)"
66.249.71.117 - - [08/Jan/2012:01:58:35 -0600] "GET /pdf/Christmas%20Carrousel%20Flyer2011.pdf HTTP/1.1" 404 - "-" "Googlebot/2.1 (+http://www.google.com/bot.html)"
65.52.110.151 - - [08/Jan/2012:04:53:23 -0600] "GET /robots.txt HTTP/1.1" 404 - "-" "Mozilla/5.0 (compatible; bingbot/2.0; +http://www.bing.com/bingbot.htm)"
65.52.110.151 - - [08/Jan/2012:04:54:46 -0600] "GET /pdf/NWMSGrandPrix2011FLYER.pdf HTTP/1.1" 200 1047716 "-" "Mozilla/5.0 (compatible; bingbot/2.0; +http://www.bing.com/bingbot.htm)"
66.249.71.54 - - [08/Jan/2012:05:12:26 -0600] "GET /robots.txt HTTP/1.1" 404 - "-" "Mozilla/5.0 (compatible; Googlebot/2.1; +http://www.google.com/bot.html)"
66.249.71.54 - - [08/Jan/2012:05:12:27 -0600] "GET / HTTP/1.1" 200 10292 "-" "Mozilla/5.0 (compatible; Googlebot/2.1; +http://www.google.com/bot.html)"
66.249.71.117 - - [08/Jan/2012:05:56:54 -0600] "GET /index.php HTTP/1.1" 200 10292 "-" "Mozilla/5.0 (compatible; Googlebot/2.1; +http://www.google.com/bot.html)"
157.55.39.225 - - [08/Jan/2012:06:13:07 -0600] "GET /robots.txt HTTP/1.1" 404 - "-" "msnbot/2.0b (+http://search.msn.com/msnbot.htm)._"
157.55.39.225 - - [08/Jan/2012:06:13:08 -0600] "GET / HTTP/1.1" 200 10292 "-" "msnbot/2.0b (+http://search.msn.com/msnbot.htm)._"
123.125.71.115 - - [08/Jan/2012:06:17:39 -0600] "GET /mission.php HTTP/1.1" 200 7049 "-" "Mozilla/5.0 (compatible; Baiduspider/2.0; +http://www.baidu.com/search/spider.html)"
66.249.71.54 - - [08/Jan/2012:08:02:36 -0600] "GET /index.php HTTP/1.1" 200 10292 "-" "Mozilla/5.0 (compatible; Googlebot/2.1; +http://www.google.com/bot.html)"
139.18.2.17 - - [08/Jan/2012:09:16:53 -0600] "GET /robots.txt HTTP/1.1" 404 - "-" "findlinks/2.1.5 (+http://wortschatz.uni-leipzig.de/findlinks/)"
46.229.160.208 - - [08/Jan/2012:10:45:03 -0600] "GET /pdf/CarrouselPoster.pdf HTTP/1.1" 200 208837 "-" "Mozilla/5.0 (X11; U; Linux i686; en-US; rv:1.9) Gecko"
46.229.160.208 - - [08/Jan/2012:12:48:59 -0600] "GET /pdf/veteran_benefits.pdf HTTP/1.1" 200 111163 "-" "-"
180.76.5.153 - - [08/Jan/2012:12:49:48 -0600] "GET / HTTP/1.1" 200 10292 "-" "Mozilla/5.0 (compatible; Baiduspider/2.0; +http://www.baidu.com/search/spider.html)"
123.125.71.102 - - [08/Jan/2012:14:03:21 -0600] "GET / HTTP/1.1" 200 10292 "-" "Mozilla/5.0 (compatible; Baiduspider/2.0; +http://www.baidu.com/search/spider.html)"
64.246.165.190 - - [08/Jan/2012:15:25:23 -0600] "GET /robots.txt HTTP/1.0" 404 - "-" "Mozilla/5.0 (Windows; U; Windows NT 5.1; en; rv:1.9.0.13) Gecko/2009073022 Firefox/3.5.2 (.NET CLR 3.5.30729) SurveyBot/2.3 (DomainTools)"
64.246.165.190 - - [08/Jan/2012:15:25:23 -0600] "GET / HTTP/1.1" 200 10292 "http://whois.domaintools.com/operationspokaneheroes.org" "Mozilla/5.0 (Windows; U; Windows NT 5.1; en; rv:1.9.0.13) Gecko/2009073022 Firefox/3.5.2 (.NET CLR 3.5.30729) SurveyBot/2.3 (DomainTools)"
166.250.9.222 - - [08/Jan/2012:16:07:07 -0600] "GET / HTTP/1.1" 200 10292 "-" "Mozilla/5.0 (Windows NT 6.0; rv:9.0.1) Gecko/20100101 Firefox/9.0.1"
166.250.9.222 - - [08/Jan/2012:16:07:08 -0600] "GET /style.css HTTP/1.1" 200 5190 "http://operationspokaneheroes.org/" "Mozilla/5.0 (Windows NT 6.0; rv:9.0.1) Gecko/20100101 Firefox/9.0.1"
166.250.9.222 - - [08/Jan/2012:16:07:08 -0600] "GET /images/contacticon.png HTTP/1.1" 200 4499 "http://operationspokaneheroes.org/" "Mozilla/5.0 (Windows NT 6.0; rv:9.0.1) Gecko/20100101 Firefox/9.0.1"
166.250.9.222 - - [08/Jan/2012:16:07:08 -0600] "GET /images/donate.png HTTP/1.1" 200 2925 "http://operationspokaneheroes.org/" "Mozilla/5.0 (Windows NT 6.0; rv:9.0.1) Gecko/20100101 Firefox/9.0.1"
166.250.9.222 - - [08/Jan/2012:16:07:08 -0600] "GET /images/cell_phones.jpg HTTP/1.1" 200 6648 "http://operationspokaneheroes.org/" "Mozilla/5.0 (Windows NT 6.0; rv:9.0.1) Gecko/20100101 Firefox/9.0.1"
166.250.9.222 - - [08/Jan/2012:16:07:08 -0600] "GET /images/involved.png HTTP/1.1" 200 5042 "http://operationspokaneheroes.org/" "Mozilla/5.0 (Windows NT 6.0; rv:9.0.1) Gecko/20100101 Firefox/9.0.1"
166.250.9.222 - - [08/Jan/2012:16:07:08 -0600] "GET /images/bodybg.gif HTTP/1.1" 200 159 "http://operationspokaneheroes.org/style.css" "Mozilla/5.0 (Windows NT 6.0; rv:9.0.1) Gecko/20100101 Firefox/9.0.1"
166.250.9.222 - - [08/Jan/2012:16:07:08 -0600] "GET /images/osh_logo.jpg HTTP/1.1" 200 40631 "http://operationspokaneheroes.org/" "Mozilla/5.0 (Windows NT 6.0; rv:9.0.1) Gecko/20100101 Firefox/9.0.1"
166.250.9.222 - - [08/Jan/2012:16:07:08 -0600] "GET /images/bigbox.gif HTTP/1.1" 200 9243 "http://operationspokaneheroes.org/style.css" "Mozilla/5.0 (Windows NT 6.0; rv:9.0.1) Gecko/20100101 Firefox/9.0.1"
166.250.9.222 - - [08/Jan/2012:16:07:08 -0600] "GET /images/wreaths.jpg HTTP/1.1" 200 38386 "http://operationspokaneheroes.org/" "Mozilla/5.0 (Windows NT 6.0; rv:9.0.1) Gecko/20100101 Firefox/9.0.1"
166.250.9.222 - - [08/Jan/2012:16:07:08 -0600] "GET /images/barbg.gif HTTP/1.1" 200 982 "http://operationspokaneheroes.org/style.css" "Mozilla/5.0 (Windows NT 6.0; rv:9.0.1) Gecko/20100101 Firefox/9.0.1"
166.250.9.222 - - [08/Jan/2012:16:07:08 -0600] "GET /images/Christmas-Carrousel-Flyer2011.jpg HTTP/1.1" 200 47566 "http://operationspokaneheroes.org/" "Mozilla/5.0 (Windows NT 6.0; rv:9.0.1) Gecko/20100101 Firefox/9.0.1"
166.250.9.222 - - [08/Jan/2012:16:07:08 -0600] "GET /images/gboxtop.gif HTTP/1.1" 200 285 "http://operationspokaneheroes.org/style.css" "Mozilla/5.0 (Windows NT 6.0; rv:9.0.1) Gecko/20100101 Firefox/9.0.1"
166.250.9.222 - - [08/Jan/2012:16:07:09 -0600] "GET /images/box.png HTTP/1.1" 200 13315 "http://operationspokaneheroes.org/style.css" "Mozilla/5.0 (Windows NT 6.0; rv:9.0.1) Gecko/20100101 Firefox/9.0.1"
166.250.9.222 - - [08/Jan/2012:16:07:09 -0600] "GET /images/gbox.gif HTTP/1.1" 200 622 "http://operationspokaneheroes.org/style.css" "Mozilla/5.0 (Windows NT 6.0; rv:9.0.1) Gecko/20100101 Firefox/9.0.1"
166.250.9.222 - - [08/Jan/2012:16:07:09 -0600] "GET /images/calendar.gif HTTP/1.1" 200 529 "http://operationspokaneheroes.org/style.css" "Mozilla/5.0 (Windows NT 6.0; rv:9.0.1) Gecko/20100101 Firefox/9.0.1"
166.250.9.222 - - [08/Jan/2012:16:07:09 -0600] "GET /images/smallboxtop.gif HTTP/1.1" 200 450 "http://operationspokaneheroes.org/style.css" "Mozilla/5.0 (Windows NT 6.0; rv:9.0.1) Gecko/20100101 Firefox/9.0.1"
166.250.9.222 - - [08/Jan/2012:16:07:09 -0600] "GET /images/smallbox.gif HTTP/1.1" 200 1233 "http://operationspokaneheroes.org/style.css" "Mozilla/5.0 (Windows NT 6.0; rv:9.0.1) Gecko/20100101 Firefox/9.0.1"
166.250.9.222 - - [08/Jan/2012:16:07:09 -0600] "GET /images/box.gif HTTP/1.1" 200 1643 "http://operationspokaneheroes.org/style.css" "Mozilla/5.0 (Windows NT 6.0; rv:9.0.1) Gecko/20100101 Firefox/9.0.1"
166.250.9.222 - - [08/Jan/2012:16:07:09 -0600] "GET /images/boxtop.gif HTTP/1.1" 200 767 "http://operationspokaneheroes.org/style.css" "Mozilla/5.0 (Windows NT 6.0; rv:9.0.1) Gecko/20100101 Firefox/9.0.1"
166.250.9.222 - - [08/Jan/2012:16:07:08 -0600] "GET /images/logo.png HTTP/1.1" 200 270272 "http://operationspokaneheroes.org/style.css" "Mozilla/5.0 (Windows NT 6.0; rv:9.0.1) Gecko/20100101 Firefox/9.0.1"
166.250.9.222 - - [08/Jan/2012:16:07:10 -0600] "GET /favicon.ico HTTP/1.1" 404 - "-" "Mozilla/5.0 (Windows NT 6.0; rv:9.0.1) Gecko/20100101 Firefox/9.0.1"
166.250.9.222 - - [08/Jan/2012:16:07:10 -0600] "GET /favicon.ico HTTP/1.1" 404 - "-" "Mozilla/5.0 (Windows NT 6.0; rv:9.0.1) Gecko/20100101 Firefox/9.0.1"
166.250.9.222 - - [08/Jan/2012:16:07:28 -0600] "GET /images/barcurrent.gif HTTP/1.1" 200 1415 "http://operationspokaneheroes.org/style.css" "Mozilla/5.0 (Windows NT 6.0; rv:9.0.1) Gecko/20100101 Firefox/9.0.1"
166.250.9.222 - - [08/Jan/2012:16:07:29 -0600] "GET /benefits.php HTTP/1.1" 200 5679 "http://operationspokaneheroes.org/" "Mozilla/5.0 (Windows NT 6.0; rv:9.0.1) Gecko/20100101 Firefox/9.0.1"
166.250.9.222 - - [08/Jan/2012:16:07:51 -0600] "GET /calendar.php HTTP/1.1" 200 5395 "http://operationspokaneheroes.org/benefits.php" "Mozilla/5.0 (Windows NT 6.0; rv:9.0.1) Gecko/20100101 Firefox/9.0.1"
166.250.9.222 - - [08/Jan/2012:16:07:52 -0600] "GET /images/raceway.jpg HTTP/1.1" 200 16793 "http://operationspokaneheroes.org/calendar.php" "Mozilla/5.0 (Windows NT 6.0; rv:9.0.1) Gecko/20100101 Firefox/9.0.1"
180.76.6.211 - - [08/Jan/2012:17:02:58 -0600] "GET /java_for_joes/index.html HTTP/1.1" 404 - "-" "Mozilla/5.0 (compatible; Baiduspider/2.0; +http://www.baidu.com/search/spider.html)"
65.52.110.151 - - [08/Jan/2012:17:51:51 -0600] "GET /robots.txt HTTP/1.1" 404 - "-" "Mozilla/5.0 (compatible; bingbot/2.0; +http://www.bing.com/bingbot.htm)"
65.52.110.151 - - [08/Jan/2012:17:52:33 -0600] "GET /pdf/NWMSGrandPrix2011FLYER.pdf HTTP/1.1" 200 1047716 "-" "Mozilla/5.0 (compatible; bingbot/2.0; +http://www.bing.com/bingbot.htm)"
180.76.5.166 - - [08/Jan/2012:18:49:21 -0600] "GET / HTTP/1.1" 200 10292 "-" "Mozilla/5.0 (compatible; Baiduspider/2.0; +http://www.baidu.com/search/spider.html)"
65.52.104.88 - - [08/Jan/2012:21:01:07 -0600] "GET /robots.txt HTTP/1.1" 404 - "-" "Mozilla/5.0 (compatible; bingbot/2.0; +http://www.bing.com/bingbot.htm)"
123.125.71.117 - - [08/Jan/2012:21:58:08 -0600] "GET /benefits.php HTTP/1.1" 200 5679 "-" "Mozilla/5.0 (compatible; Baiduspider/2.0; +http://www.baidu.com/search/spider.html)"
132.3.65.68 - - [08/Jan/2012:23:51:12 -0600] "GET /images/box.png HTTP/1.1" 200 13315 "-" "Mozilla/4.0 (compatible;)"
132.3.65.68 - - [08/Jan/2012:23:53:57 -0600] "GET /images/smallboxtop.gif HTTP/1.1" 200 450 "-" "Mozilla/4.0 (compatible;)"
132.3.65.68 - - [08/Jan/2012:23:54:21 -0600] "GET /images/gbox.gif HTTP/1.1" 200 622 "-" "Mozilla/4.0 (compatible;)"
132.3.65.68 - - [08/Jan/2012:23:55:04 -0600] "GET /images/logo.png HTTP/1.1" 200 270272 "-" "Mozilla/4.0 (compatible;)"
132.3.65.68 - - [08/Jan/2012:23:57:01 -0600] "GET /images/barcurrent.gif HTTP/1.1" 200 1415 "-" "Mozilla/4.0 (compatible;)"
184.82.228.106 - - [09/Jan/2012:00:19:07 -0600] "GET /java_for_joes/index.html HTTP/1.1" 404 - "-" "Mozilla/5.0 (Windows; U; Windows NT 5.1; ru-RU; rv:1.7.12) Gecko/20050919 Firefox/1.0.7"
207.46.192.47 - - [09/Jan/2012:00:47:58 -0600] "GET /robots.txt HTTP/1.1" 404 - "-" "Mozilla/5.0 (compatible; bingbot/2.0; +http://www.bing.com/bingbot.htm)"
207.46.192.47 - - [09/Jan/2012:00:51:36 -0600] "GET /pdf/174%20Stores%20and%20Business%20Offering%20Military%20Discounts1.pdf HTTP/1.1" 200 122888 "-" "Mozilla/5.0 (compatible; bingbot/2.0; +http://www.bing.com/bingbot.htm)"
66.249.71.117 - - [09/Jan/2012:02:19:30 -0600] "GET /robots.txt HTTP/1.1" 404 - "-" "Mozilla/5.0 (compatible; Googlebot/2.1; +http://www.google.com/bot.html)"
66.249.71.117 - - [09/Jan/2012:02:19:30 -0600] "GET /pdf/9112001coin.pdf HTTP/1.1" 200 313602 "-" "Mozilla/5.0 (compatible; Googlebot/2.1; +http://www.google.com/bot.html)"
66.249.71.117 - - [09/Jan/2012:03:07:05 -0600] "GET /_inc/contact.php HTTP/1.1" 200 756 "-" "Mozilla/5.0 (compatible; Googlebot/2.1; +http://www.google.com/bot.html)"
66.249.71.117 - - [09/Jan/2012:03:17:39 -0600] "GET /_inc/slide.php HTTP/1.1" 200 3098 "-" "Mozilla/5.0 (compatible; Googlebot/2.1; +http://www.google.com/bot.html)"
65.52.104.88 - - [09/Jan/2012:05:46:20 -0600] "GET /robots.txt HTTP/1.1" 404 - "-" "Mozilla/5.0 (compatible; bingbot/2.0; +http://www.bing.com/bingbot.htm)"
207.46.13.143 - - [09/Jan/2012:06:52:20 -0600] "GET /robots.txt HTTP/1.1" 404 - "-" "Mozilla/5.0 (compatible; bingbot/2.0; +http://www.bing.com/bingbot.htm)"
207.46.13.143 - - [09/Jan/2012:06:53:33 -0600] "GET /_inc/events.php HTTP/1.1" 404 - "-" "Mozilla/5.0 (compatible; bingbot/2.0; +http://www.bing.com/bingbot.htm)"
207.46.204.181 - - [09/Jan/2012:07:16:33 -0600] "GET /robots.txt HTTP/1.1" 404 - "-" "Mozilla/5.0 (compatible; bingbot/2.0; +http://www.bing.com/bingbot.htm)"
207.46.204.181 - - [09/Jan/2012:07:17:33 -0600] "GET /business_discount.php HTTP/1.1" 200 5779 "-" "Mozilla/5.0 (compatible; bingbot/2.0; +http://www.bing.com/bingbot.htm)"
157.55.39.225 - - [09/Jan/2012:07:25:36 -0600] "GET /robots.txt HTTP/1.1" 404 - "-" "msnbot/2.0b (+http://search.msn.com/msnbot.htm)._"
157.55.39.225 - - [09/Jan/2012:07:25:36 -0600] "GET / HTTP/1.1" 200 10292 "-" "msnbot/2.0b (+http://search.msn.com/msnbot.htm)._"
220.181.125.71 - - [09/Jan/2012:09:55:49 -0600] "GET / HTTP/1.1" 200 10292 "-" "Sogou web spider/4.0(+http://www.sogou.com/docs/help/webmasters.htm#07)"
46.229.160.208 - - [09/Jan/2012:11:04:22 -0600] "GET /pdf/CarrouselPoster.pdf HTTP/1.1" 200 208837 "-" "Mozilla/5.0 (Windows; U; Windows NT 5.1; en-US; rv:1.9.0.3) Gecko/2008092417 Firefox/3.0.3 (.NET CLR 3.5.30729)"
207.46.13.143 - - [09/Jan/2012:11:37:17 -0600] "GET /robots.txt HTTP/1.1" 404 - "-" "Mozilla/5.0 (compatible; bingbot/2.0; +http://www.bing.com/bingbot.htm)"
65.52.109.25 - - [09/Jan/2012:11:56:03 -0600] "GET /robots.txt HTTP/1.1" 404 - "-" "Mozilla/5.0 (compatible; bingbot/2.0; +http://www.bing.com/bingbot.htm)"
65.52.109.25 - - [09/Jan/2012:11:56:46 -0600] "GET / HTTP/1.1" 200 10292 "-" "Mozilla/5.0 (compatible; bingbot/2.0; +http://www.bing.com/bingbot.htm)"
206.193.5.4 - - [09/Jan/2012:15:43:57 -0600] "GET / HTTP/1.1" 200 10292 "http://www.google.com/search?q=spokane+heros&rls=com.microsoft:*:IE-SearchBox&ie=UTF-8&oe=UTF-8&sourceid=ie7&rlz=1I7GZHZ_enUS240&surl=1&safe=active" "Mozilla/4.0 (compatible; MSIE 7.0; Windows NT 5.1; GTB7.2; .NET CLR 1.1.4322; .NET CLR 2.0.50727; .NET CLR 3.0.4506.2152; .NET CLR 3.5.30729)"
206.193.5.4 - - [09/Jan/2012:15:43:58 -0600] "GET /style.css HTTP/1.1" 200 5190 "http://operationspokaneheroes.org/" "Mozilla/4.0 (compatible; MSIE 7.0; Windows NT 5.1; GTB7.2; .NET CLR 1.1.4322; .NET CLR 2.0.50727; .NET CLR 3.0.4506.2152; .NET CLR 3.5.30729)"
206.193.5.4 - - [09/Jan/2012:15:43:58 -0600] "GET /images/bodybg.gif HTTP/1.1" 200 159 "http://operationspokaneheroes.org/" "Mozilla/4.0 (compatible; MSIE 7.0; Windows NT 5.1; GTB7.2; .NET CLR 1.1.4322; .NET CLR 2.0.50727; .NET CLR 3.0.4506.2152; .NET CLR 3.5.30729)"
206.193.5.4 - - [09/Jan/2012:15:43:58 -0600] "GET /images/bigbox.gif HTTP/1.1" 200 9243 "http://operationspokaneheroes.org/" "Mozilla/4.0 (compatible; MSIE 7.0; Windows NT 5.1; GTB7.2; .NET CLR 1.1.4322; .NET CLR 2.0.50727; .NET CLR 3.0.4506.2152; .NET CLR 3.5.30729)"
206.193.5.4 - - [09/Jan/2012:15:43:58 -0600] "GET /images/Christmas-Carrousel-Flyer2011.jpg HTTP/1.1" 200 47566 "http://operationspokaneheroes.org/" "Mozilla/4.0 (compatible; MSIE 7.0; Windows NT 5.1; GTB7.2; .NET CLR 1.1.4322; .NET CLR 2.0.50727; .NET CLR 3.0.4506.2152; .NET CLR 3.5.30729)"
206.193.5.4 - - [09/Jan/2012:15:43:58 -0600] "GET /images/box.png HTTP/1.1" 200 13315 "http://operationspokaneheroes.org/" "Mozilla/4.0 (compatible; MSIE 7.0; Windows NT 5.1; GTB7.2; .NET CLR 1.1.4322; .NET CLR 2.0.50727; .NET CLR 3.0.4506.2152; .NET CLR 3.5.30729)"
206.193.5.4 - - [09/Jan/2012:15:43:58 -0600] "GET /images/osh_logo.jpg HTTP/1.1" 200 40631 "http://operationspokaneheroes.org/" "Mozilla/4.0 (compatible; MSIE 7.0; Windows NT 5.1; GTB7.2; .NET CLR 1.1.4322; .NET CLR 2.0.50727; .NET CLR 3.0.4506.2152; .NET CLR 3.5.30729)"
206.193.5.4 - - [09/Jan/2012:15:43:58 -0600] "GET /images/wreaths.jpg HTTP/1.1" 200 38386 "http://operationspokaneheroes.org/" "Mozilla/4.0 (compatible; MSIE 7.0; Windows NT 5.1; GTB7.2; .NET CLR 1.1.4322; .NET CLR 2.0.50727; .NET CLR 3.0.4506.2152; .NET CLR 3.5.30729)"
206.193.5.4 - - [09/Jan/2012:15:43:58 -0600] "GET /images/contacticon.png HTTP/1.1" 200 4499 "http://operationspokaneheroes.org/" "Mozilla/4.0 (compatible; MSIE 7.0; Windows NT 5.1; GTB7.2; .NET CLR 1.1.4322; .NET CLR 2.0.50727; .NET CLR 3.0.4506.2152; .NET CLR 3.5.30729)"
206.193.5.4 - - [09/Jan/2012:15:43:58 -0600] "GET /images/donate.png HTTP/1.1" 200 2925 "http://operationspokaneheroes.org/" "Mozilla/4.0 (compatible; MSIE 7.0; Windows NT 5.1; GTB7.2; .NET CLR 1.1.4322; .NET CLR 2.0.50727; .NET CLR 3.0.4506.2152; .NET CLR 3.5.30729)"
206.193.5.4 - - [09/Jan/2012:15:43:59 -0600] "GET /images/smallbox.gif HTTP/1.1" 200 1233 "http://operationspokaneheroes.org/" "Mozilla/4.0 (compatible; MSIE 7.0; Windows NT 5.1; GTB7.2; .NET CLR 1.1.4322; .NET CLR 2.0.50727; .NET CLR 3.0.4506.2152; .NET CLR 3.5.30729)"
206.193.5.4 - - [09/Jan/2012:15:43:59 -0600] "GET /images/cell_phones.jpg HTTP/1.1" 200 6648 "http://operationspokaneheroes.org/" "Mozilla/4.0 (compatible; MSIE 7.0; Windows NT 5.1; GTB7.2; .NET CLR 1.1.4322; .NET CLR 2.0.50727; .NET CLR 3.0.4506.2152; .NET CLR 3.5.30729)"
206.193.5.4 - - [09/Jan/2012:15:43:59 -0600] "GET /images/box.gif HTTP/1.1" 200 1643 "http://operationspokaneheroes.org/" "Mozilla/4.0 (compatible; MSIE 7.0; Windows NT 5.1; GTB7.2; .NET CLR 1.1.4322; .NET CLR 2.0.50727; .NET CLR 3.0.4506.2152; .NET CLR 3.5.30729)"
206.193.5.4 - - [09/Jan/2012:15:43:59 -0600] "GET /images/involved.png HTTP/1.1" 200 5042 "http://operationspokaneheroes.org/" "Mozilla/4.0 (compatible; MSIE 7.0; Windows NT 5.1; GTB7.2; .NET CLR 1.1.4322; .NET CLR 2.0.50727; .NET CLR 3.0.4506.2152; .NET CLR 3.5.30729)"
206.193.5.4 - - [09/Jan/2012:15:43:59 -0600] "GET /images/barbg.gif HTTP/1.1" 200 982 "http://operationspokaneheroes.org/" "Mozilla/4.0 (compatible; MSIE 7.0; Windows NT 5.1; GTB7.2; .NET CLR 1.1.4322; .NET CLR 2.0.50727; .NET CLR 3.0.4506.2152; .NET CLR 3.5.30729)"
206.193.5.4 - - [09/Jan/2012:15:43:59 -0600] "GET /images/gboxtop.gif HTTP/1.1" 200 285 "http://operationspokaneheroes.org/" "Mozilla/4.0 (compatible; MSIE 7.0; Windows NT 5.1; GTB7.2; .NET CLR 1.1.4322; .NET CLR 2.0.50727; .NET CLR 3.0.4506.2152; .NET CLR 3.5.30729)"
206.193.5.4 - - [09/Jan/2012:15:43:59 -0600] "GET /images/gbox.gif HTTP/1.1" 200 622 "http://operationspokaneheroes.org/" "Mozilla/4.0 (compatible; MSIE 7.0; Windows NT 5.1; GTB7.2; .NET CLR 1.1.4322; .NET CLR 2.0.50727; .NET CLR 3.0.4506.2152; .NET CLR 3.5.30729)"
206.193.5.4 - - [09/Jan/2012:15:43:59 -0600] "GET /images/calendar.gif HTTP/1.1" 200 529 "http://operationspokaneheroes.org/" "Mozilla/4.0 (compatible; MSIE 7.0; Windows NT 5.1; GTB7.2; .NET CLR 1.1.4322; .NET CLR 2.0.50727; .NET CLR 3.0.4506.2152; .NET CLR 3.5.30729)"
206.193.5.4 - - [09/Jan/2012:15:43:59 -0600] "GET /images/smallboxtop.gif HTTP/1.1" 200 450 "http://operationspokaneheroes.org/" "Mozilla/4.0 (compatible; MSIE 7.0; Windows NT 5.1; GTB7.2; .NET CLR 1.1.4322; .NET CLR 2.0.50727; .NET CLR 3.0.4506.2152; .NET CLR 3.5.30729)"
206.193.5.4 - - [09/Jan/2012:15:43:59 -0600] "GET /images/boxtop.gif HTTP/1.1" 200 767 "http://operationspokaneheroes.org/" "Mozilla/4.0 (compatible; MSIE 7.0; Windows NT 5.1; GTB7.2; .NET CLR 1.1.4322; .NET CLR 2.0.50727; .NET CLR 3.0.4506.2152; .NET CLR 3.5.30729)"
206.193.5.4 - - [09/Jan/2012:15:43:59 -0600] "GET /images/logo.png HTTP/1.1" 200 270272 "http://operationspokaneheroes.org/" "Mozilla/4.0 (compatible; MSIE 7.0; Windows NT 5.1; GTB7.2; .NET CLR 1.1.4322; .NET CLR 2.0.50727; .NET CLR 3.0.4506.2152; .NET CLR 3.5.30729)"
206.193.5.4 - - [09/Jan/2012:15:44:26 -0600] "GET /images/barcurrent.gif HTTP/1.1" 200 1415 "http://operationspokaneheroes.org/" "Mozilla/4.0 (compatible; MSIE 7.0; Windows NT 5.1; GTB7.2; .NET CLR 1.1.4322; .NET CLR 2.0.50727; .NET CLR 3.0.4506.2152; .NET CLR 3.5.30729)"
206.193.5.4 - - [09/Jan/2012:15:44:28 -0600] "GET /images/barcurrent.gif HTTP/1.1" 304 - "http://operationspokaneheroes.org/" "Mozilla/4.0 (compatible; MSIE 7.0; Windows NT 5.1; GTB7.2; .NET CLR 1.1.4322; .NET CLR 2.0.50727; .NET CLR 3.0.4506.2152; .NET CLR 3.5.30729)"
206.193.5.4 - - [09/Jan/2012:15:44:28 -0600] "GET /business_discount.php HTTP/1.1" 200 5779 "http://operationspokaneheroes.org/" "Mozilla/4.0 (compatible; MSIE 7.0; Windows NT 5.1; GTB7.2; .NET CLR 1.1.4322; .NET CLR 2.0.50727; .NET CLR 3.0.4506.2152; .NET CLR 3.5.30729)"
206.193.5.4 - - [09/Jan/2012:15:44:29 -0600] "GET /images/bigbox.gif HTTP/1.1" 304 - "http://operationspokaneheroes.org/business_discount.php" "Mozilla/4.0 (compatible; MSIE 7.0; Windows NT 5.1; GTB7.2; .NET CLR 1.1.4322; .NET CLR 2.0.50727; .NET CLR 3.0.4506.2152; .NET CLR 3.5.30729)"
206.193.5.4 - - [09/Jan/2012:15:44:29 -0600] "GET /images/gbox.gif HTTP/1.1" 304 - "http://operationspokaneheroes.org/business_discount.php" "Mozilla/4.0 (compatible; MSIE 7.0; Windows NT 5.1; GTB7.2; .NET CLR 1.1.4322; .NET CLR 2.0.50727; .NET CLR 3.0.4506.2152; .NET CLR 3.5.30729)"
206.193.5.4 - - [09/Jan/2012:15:44:29 -0600] "GET /images/barcurrent.gif HTTP/1.1" 304 - "http://operationspokaneheroes.org/business_discount.php" "Mozilla/4.0 (compatible; MSIE 7.0; Windows NT 5.1; GTB7.2; .NET CLR 1.1.4322; .NET CLR 2.0.50727; .NET CLR 3.0.4506.2152; .NET CLR 3.5.30729)"
206.193.5.4 - - [09/Jan/2012:15:44:30 -0600] "GET /images/barcurrent.gif HTTP/1.1" 304 - "http://operationspokaneheroes.org/business_discount.php" "Mozilla/4.0 (compatible; MSIE 7.0; Windows NT 5.1; GTB7.2; .NET CLR 1.1.4322; .NET CLR 2.0.50727; .NET CLR 3.0.4506.2152; .NET CLR 3.5.30729)"
206.193.5.4 - - [09/Jan/2012:15:44:33 -0600] "GET /images/barcurrent.gif HTTP/1.1" 304 - "http://operationspokaneheroes.org/business_discount.php" "Mozilla/4.0 (compatible; MSIE 7.0; Windows NT 5.1; GTB7.2; .NET CLR 1.1.4322; .NET CLR 2.0.50727; .NET CLR 3.0.4506.2152; .NET CLR 3.5.30729)"
206.193.5.4 - - [09/Jan/2012:15:44:33 -0600] "GET /images/barcurrent.gif HTTP/1.1" 304 - "http://operationspokaneheroes.org/business_discount.php" "Mozilla/4.0 (compatible; MSIE 7.0; Windows NT 5.1; GTB7.2; .NET CLR 1.1.4322; .NET CLR 2.0.50727; .NET CLR 3.0.4506.2152; .NET CLR 3.5.30729)"
206.193.5.4 - - [09/Jan/2012:15:44:35 -0600] "GET /index.php HTTP/1.1" 200 10292 "http://operationspokaneheroes.org/business_discount.php" "Mozilla/4.0 (compatible; MSIE 7.0; Windows NT 5.1; GTB7.2; .NET CLR 1.1.4322; .NET CLR 2.0.50727; .NET CLR 3.0.4506.2152; .NET CLR 3.5.30729)"
206.193.5.4 - - [09/Jan/2012:15:44:35 -0600] "GET /style.css HTTP/1.1" 304 - "http://operationspokaneheroes.org/index.php" "Mozilla/4.0 (compatible; MSIE 7.0; Windows NT 5.1; GTB7.2; .NET CLR 1.1.4322; .NET CLR 2.0.50727; .NET CLR 3.0.4506.2152; .NET CLR 3.5.30729)"
206.193.5.4 - - [09/Jan/2012:15:44:35 -0600] "GET /images/bodybg.gif HTTP/1.1" 304 - "http://operationspokaneheroes.org/index.php" "Mozilla/4.0 (compatible; MSIE 7.0; Windows NT 5.1; GTB7.2; .NET CLR 1.1.4322; .NET CLR 2.0.50727; .NET CLR 3.0.4506.2152; .NET CLR 3.5.30729)"
