64.246.161.30 - - [08/Mar/2012:00:48:30 -0600] "GET /robots.txt HTTP/1.0" 404 - "-" "Mozilla/5.0 (Windows; U; Windows NT 5.1; en; rv:1.9.0.13) Gecko/2009073022 Firefox/3.5.2 (.NET CLR 3.5.30729) SurveyBot/2.3 (DomainTools)"
64.246.161.30 - - [08/Mar/2012:00:48:30 -0600] "GET / HTTP/1.1" 200 10288 "http://whois.domaintools.com/operationspokaneheroes.org" "Mozilla/5.0 (Windows; U; Windows NT 5.1; en; rv:1.9.0.13) Gecko/2009073022 Firefox/3.5.2 (.NET CLR 3.5.30729) SurveyBot/2.3 (DomainTools)"
100.43.83.155 - - [08/Mar/2012:01:00:39 -0600] "GET /donate.php HTTP/1.1" 200 12791 "-" "Mozilla/5.0 (compatible; YandexBot/3.0; +http://yandex.com/bots)"
100.43.83.155 - - [08/Mar/2012:01:00:42 -0600] "GET /aboutus.php HTTP/1.1" 200 11446 "-" "Mozilla/5.0 (compatible; YandexBot/3.0; +http://yandex.com/bots)"
100.43.83.155 - - [08/Mar/2012:01:00:45 -0600] "GET / HTTP/1.1" 200 10288 "-" "Mozilla/5.0 (compatible; YandexBot/3.0; +http://yandex.com/bots)"
66.249.71.117 - - [08/Mar/2012:01:19:17 -0600] "GET /contact.php HTTP/1.1" 200 10298 "-" "Mozilla/5.0 (compatible; Googlebot/2.1; +http://www.google.com/bot.html)"
66.249.71.117 - - [08/Mar/2012:01:26:55 -0600] "GET /_inc/contact.php HTTP/1.1" 200 756 "-" "Mozilla/5.0 (compatible; Googlebot/2.1; +http://www.google.com/bot.html)"
66.249.71.117 - - [08/Mar/2012:01:26:57 -0600] "GET /css/contact_style.css HTTP/1.1" 200 843 "-" "Mozilla/5.0 (compatible; Googlebot/2.1; +http://www.google.com/bot.html)"
66.249.71.117 - - [08/Mar/2012:01:27:00 -0600] "GET /images/bodybg.gif HTTP/1.1" 404 - "-" "Mozilla/5.0 (compatible; Googlebot/2.1; +http://www.google.com/bot.html)"
66.249.71.117 - - [08/Mar/2012:01:27:02 -0600] "GET /images/contacticon.png HTTP/1.1" 200 4499 "-" "Mozilla/5.0 (compatible; Googlebot/2.1; +http://www.google.com/bot.html)"
193.47.80.51 - - [08/Mar/2012:01:37:46 -0600] "GET /index.php HTTP/1.1" 200 10288 "-" "Mozilla/5.0 (compatible; Exabot/3.0; +http://www.exabot.com/go/robot)"
193.47.80.51 - - [08/Mar/2012:01:37:49 -0600] "GET /wedo.php HTTP/1.1" 404 - "-" "Mozilla/5.0 (compatible; Exabot/3.0; +http://www.exabot.com/go/robot)"
193.47.80.51 - - [08/Mar/2012:01:37:51 -0600] "GET /pdf/Christmas%20Carrousel%20Flyer2011.pdf HTTP/1.1" 404 - "-" "Mozilla/5.0 (compatible; Exabot/3.0; +http://www.exabot.com/go/robot)"
193.47.80.51 - - [08/Mar/2012:01:37:54 -0600] "GET /pdf/Cellphones%20for%20Soldiers%20press%20release.pdf HTTP/1.1" 404 - "-" "Mozilla/5.0 (compatible; Exabot/3.0; +http://www.exabot.com/go/robot)"
66.249.71.117 - - [08/Mar/2012:01:40:07 -0600] "GET /business_discount.php HTTP/1.1" 404 - "-" "Mozilla/5.0 (compatible; Googlebot/2.1; +http://www.google.com/bot.html)"
66.249.71.117 - - [08/Mar/2012:01:43:41 -0600] "GET /index.php HTTP/1.1" 200 10288 "-" "Mozilla/5.0 (compatible; Googlebot/2.1; +http://www.google.com/bot.html)"
1.202.218.8 - - [08/Mar/2012:01:56:50 -0600] "GET /robots.txt HTTP/1.0" 404 - "-" "\"Mozilla/5.0"
66.249.71.117 - - [08/Mar/2012:02:07:21 -0600] "GET /images/global.png HTTP/1.1" 200 5737 "-" "Googlebot-Image/1.0"
65.52.108.26 - - [08/Mar/2012:02:22:05 -0600] "GET / HTTP/1.1" 200 10288 "-" "Mozilla/5.0 (compatible; bingbot/2.0; +http://www.bing.com/bingbot.htm)"
66.249.71.117 - - [08/Mar/2012:02:23:18 -0600] "GET /images/logo.png HTTP/1.1" 200 226129 "-" "Googlebot-Image/1.0"
60.186.136.104 - - [08/Mar/2012:02:24:02 -0600] "GET /java_for_joes/index.html HTTP/1.1" 404 - "www.martlinker.com" "Explore 6.0"
66.249.71.117 - - [08/Mar/2012:02:24:11 -0600] "GET /images/facebook.png HTTP/1.1" 200 5004 "-" "Googlebot-Image/1.0"
157.55.39.225 - - [08/Mar/2012:02:49:48 -0600] "GET /robots.txt HTTP/1.1" 404 - "-" "msnbot/2.0b (+http://search.msn.com/msnbot.htm)"
157.55.39.225 - - [08/Mar/2012:02:49:48 -0600] "GET /index.php HTTP/1.1" 200 10288 "-" "msnbot/2.0b (+http://search.msn.com/msnbot.htm)"
157.55.39.225 - - [08/Mar/2012:02:49:50 -0600] "GET /contact.php HTTP/1.1" 200 10298 "-" "msnbot/2.0b (+http://search.msn.com/msnbot.htm)"
157.55.39.225 - - [08/Mar/2012:02:49:53 -0600] "GET /_inc/slide.php HTTP/1.1" 200 3205 "-" "msnbot/2.0b (+http://search.msn.com/msnbot.htm)"
157.55.39.225 - - [08/Mar/2012:02:49:55 -0600] "GET /calendar.php HTTP/1.1" 200 10488 "-" "msnbot/2.0b (+http://search.msn.com/msnbot.htm)"
157.55.39.225 - - [08/Mar/2012:02:49:57 -0600] "GET /slider.html HTTP/1.1" 200 7903 "-" "msnbot/2.0b (+http://search.msn.com/msnbot.htm)"
157.55.39.225 - - [08/Mar/2012:02:49:58 -0600] "GET /business.php HTTP/1.1" 200 10592 "-" "msnbot/2.0b (+http://search.msn.com/msnbot.htm)"
157.55.39.225 - - [08/Mar/2012:02:50:00 -0600] "GET /aboutus.php HTTP/1.1" 200 11446 "-" "msnbot/2.0b (+http://search.msn.com/msnbot.htm)"
157.55.39.225 - - [08/Mar/2012:02:50:01 -0600] "GET /donate.php HTTP/1.1" 200 12791 "-" "msnbot/2.0b (+http://search.msn.com/msnbot.htm)"
66.249.71.117 - - [08/Mar/2012:03:59:18 -0600] "GET /robots.txt HTTP/1.1" 404 - "-" "Mozilla/5.0 (compatible; Googlebot/2.1; +http://www.google.com/bot.html)"
66.249.71.117 - - [08/Mar/2012:03:59:18 -0600] "GET /business.php HTTP/1.1" 200 10592 "-" "Mozilla/5.0 (compatible; Googlebot/2.1; +http://www.google.com/bot.html)"
207.46.204.188 - - [08/Mar/2012:04:36:39 -0600] "GET /_inc/slide.php HTTP/1.1" 200 3205 "-" "Mozilla/5.0 (compatible; bingbot/2.0; +http://www.bing.com/bingbot.htm)"
180.76.5.101 - - [08/Mar/2012:04:42:07 -0600] "GET /events/vet_picnic/vet_picnic.html HTTP/1.1" 404 - "-" "Mozilla/5.0 (compatible; Baiduspider/2.0; +http://www.baidu.com/search/spider.html)"
1.202.218.8 - - [08/Mar/2012:05:18:57 -0600] "GET /robots.txt HTTP/1.0" 404 - "-" "\"Mozilla/5.0"
207.46.204.180 - - [08/Mar/2012:06:33:40 -0600] "GET /pdf/wreath_across_america.pdf HTTP/1.1" 404 - "-" "Mozilla/5.0 (compatible; bingbot/2.0; +http://www.bing.com/bingbot.htm)"
157.55.39.225 - - [08/Mar/2012:08:21:38 -0600] "GET / HTTP/1.1" 200 10288 "-" "msnbot/2.0b (+http://search.msn.com/msnbot.htm)"
1.202.218.8 - - [08/Mar/2012:08:41:37 -0600] "GET /robots.txt HTTP/1.0" 404 - "-" "\"Mozilla/5.0"
123.125.71.95 - - [08/Mar/2012:10:04:23 -0600] "GET /featured-content-slider/event_mages/image3.jpg HTTP/1.1" 404 - "-" "Baiduspider-image+(+http://www.baidu.com/search/spider.htm)"
180.76.6.28 - - [08/Mar/2012:10:19:20 -0600] "GET / HTTP/1.1" 200 10288 "-" "Mozilla/5.0 (compatible; Baiduspider/2.0; +http://www.baidu.com/search/spider.html)"
69.171.229.250 - - [08/Mar/2012:10:41:41 -0600] "GET /images/osh_logo.jpg HTTP/1.1" 404 - "-" "facebookexternalhit/1.0 (+http://www.facebook.com/externalhit_uatext.php)"
1.202.218.8 - - [08/Mar/2012:12:02:09 -0600] "GET /robots.txt HTTP/1.0" 404 - "-" "\"Mozilla/5.0"
66.249.71.117 - - [08/Mar/2012:12:03:42 -0600] "GET /employers.php HTTP/1.1" 404 - "-" "Mozilla/5.0 (compatible; Googlebot/2.1; +http://www.google.com/bot.html)"
66.249.71.117 - - [08/Mar/2012:12:18:33 -0600] "GET /pdf/174%20Stores%20and%20Business%20Offering%20Military%20Discounts1.pdf HTTP/1.1" 404 - "-" "Mozilla/5.0 (iPhone; U; CPU iPhone OS 4_1 like Mac OS X; en-us) AppleWebKit/532.9 (KHTML, like Gecko) Version/4.0.5 Mobile/8B117 Safari/6531.22.7 (compatible; Googlebot-Mobile/2.1; +http://www.google.com/bot.html)"
100.43.83.155 - - [08/Mar/2012:13:15:51 -0600] "GET /robots.txt HTTP/1.1" 404 - "-" "Mozilla/5.0 (compatible; YandexBot/3.0; +http://yandex.com/bots)"
207.46.204.180 - - [08/Mar/2012:13:16:37 -0600] "GET /robots.txt HTTP/1.1" 404 - "-" "Mozilla/5.0 (compatible; bingbot/2.0; +http://www.bing.com/bingbot.htm)"
69.171.229.251 - - [08/Mar/2012:13:26:10 -0600] "GET /images/osh_logo.jpg HTTP/1.1" 404 - "-" "facebookexternalhit/1.0 (+http://www.facebook.com/externalhit_uatext.php)"
207.46.204.180 - - [08/Mar/2012:13:58:58 -0600] "GET /business_discount.php HTTP/1.1" 404 - "-" "Mozilla/5.0 (compatible; bingbot/2.0; +http://www.bing.com/bingbot.htm)"
208.115.113.86 - - [08/Mar/2012:14:05:11 -0600] "GET /robots.txt HTTP/1.1" 404 - "-" "Mozilla/5.0 (compatible; Ezooms/1.0; ezooms.bot@gmail.com)"
100.43.83.155 - - [08/Mar/2012:14:47:01 -0600] "GET /contact.php HTTP/1.1" 200 10298 "-" "Mozilla/5.0 (compatible; YandexBot/3.0; +http://yandex.com/bots)"
65.52.108.20 - - [08/Mar/2012:14:50:27 -0600] "GET /robots.txt HTTP/1.1" 404 - "-" "Mozilla/5.0 (compatible; bingbot/2.0; +http://www.bing.com/bingbot.htm)"
65.52.108.20 - - [08/Mar/2012:14:50:46 -0600] "GET /events/lilac_parade/lilac_parade.html HTTP/1.1" 404 - "-" "Mozilla/5.0 (compatible; bingbot/2.0; +http://www.bing.com/bingbot.htm)"
207.46.204.214 - - [08/Mar/2012:15:13:52 -0600] "GET /events/lilac_parade/lilac_parade.html HTTP/1.1" 404 - "-" "Mozilla/5.0 (Windows NT 6.1; WOW64) AppleWebKit/534+ (KHTML, like Gecko) BingPreview/1.0b"
207.46.204.180 - - [08/Mar/2012:15:16:05 -0600] "GET /robots.txt HTTP/1.1" 404 - "-" "Mozilla/5.0 (compatible; bingbot/2.0; +http://www.bing.com/bingbot.htm)"
1.202.218.8 - - [08/Mar/2012:15:18:53 -0600] "GET /robots.txt HTTP/1.0" 404 - "-" "\"Mozilla/5.0"
208.115.113.86 - - [08/Mar/2012:15:23:40 -0600] "GET /calendar.php HTTP/1.1" 200 10488 "-" "Mozilla/5.0 (compatible; Ezooms/1.0; ezooms.bot@gmail.com)"
207.46.13.99 - - [08/Mar/2012:15:39:29 -0600] "GET /robots.txt HTTP/1.1" 404 - "-" "Mozilla/5.0 (compatible; bingbot/2.0; +http://www.bing.com/bingbot.htm)"
69.171.228.245 - - [08/Mar/2012:15:49:40 -0600] "GET /images/osh_logo.jpg HTTP/1.1" 404 - "-" "facebookexternalhit/1.0 (+http://www.facebook.com/externalhit_uatext.php)"
213.186.119.131 - - [08/Mar/2012:16:03:37 -0600] "GET /events/carousel_11/carousel_11.html HTTP/1.1" 404 - "-" "Mozilla/5.0 (compatible; AhrefsBot/2.0; +http://ahrefs.com/robot/)"
207.46.204.220 - - [08/Mar/2012:16:45:16 -0600] "GET /events/bbq/va_bbq.html HTTP/1.1" 404 - "-" "Mozilla/5.0 (Windows NT 6.1; WOW64) AppleWebKit/534+ (KHTML, like Gecko) BingPreview/1.0b"
173.160.202.25 - - [08/Mar/2012:17:13:29 -0600] "GET / HTTP/1.1" 200 10288 "-" "Mozilla/5.0 (Windows NT 6.1; WOW64; rv:10.0.2) Gecko/20100101 Firefox/10.0.2"
173.160.202.25 - - [08/Mar/2012:17:13:29 -0600] "GET /images/facebook.png HTTP/1.1" 200 5004 "http://www.operationspokaneheroes.org/" "Mozilla/5.0 (Windows NT 6.1; WOW64; rv:10.0.2) Gecko/20100101 Firefox/10.0.2"
173.160.202.25 - - [08/Mar/2012:17:13:29 -0600] "GET /images/contacticon.png HTTP/1.1" 200 4499 "http://www.operationspokaneheroes.org/" "Mozilla/5.0 (Windows NT 6.1; WOW64; rv:10.0.2) Gecko/20100101 Firefox/10.0.2"
173.160.202.25 - - [08/Mar/2012:17:13:29 -0600] "GET /images/global.png HTTP/1.1" 200 5737 "http://www.operationspokaneheroes.org/" "Mozilla/5.0 (Windows NT 6.1; WOW64; rv:10.0.2) Gecko/20100101 Firefox/10.0.2"
173.160.202.25 - - [08/Mar/2012:17:13:29 -0600] "GET /css/global.css HTTP/1.1" 200 13951 "http://www.operationspokaneheroes.org/" "Mozilla/5.0 (Windows NT 6.1; WOW64; rv:10.0.2) Gecko/20100101 Firefox/10.0.2"
173.160.202.25 - - [08/Mar/2012:17:13:29 -0600] "GET /_inc/slide.php HTTP/1.1" 200 3205 "http://www.operationspokaneheroes.org/" "Mozilla/5.0 (Windows NT 6.1; WOW64; rv:10.0.2) Gecko/20100101 Firefox/10.0.2"
173.160.202.25 - - [08/Mar/2012:17:13:29 -0600] "GET /css/footer.css HTTP/1.1" 200 752 "http://www.operationspokaneheroes.org/" "Mozilla/5.0 (Windows NT 6.1; WOW64; rv:10.0.2) Gecko/20100101 Firefox/10.0.2"
173.160.202.25 - - [08/Mar/2012:17:13:29 -0600] "GET /slider.html HTTP/1.1" 200 7903 "http://www.operationspokaneheroes.org/" "Mozilla/5.0 (Windows NT 6.1; WOW64; rv:10.0.2) Gecko/20100101 Firefox/10.0.2"
173.160.202.25 - - [08/Mar/2012:17:13:30 -0600] "GET /css/slide.css HTTP/1.1" 200 2869 "http://www.operationspokaneheroes.org/_inc/slide.php" "Mozilla/5.0 (Windows NT 6.1; WOW64; rv:10.0.2) Gecko/20100101 Firefox/10.0.2"
173.160.202.25 - - [08/Mar/2012:17:13:30 -0600] "GET /images/nav2.jpg HTTP/1.1" 200 4444 "http://www.operationspokaneheroes.org/" "Mozilla/5.0 (Windows NT 6.1; WOW64; rv:10.0.2) Gecko/20100101 Firefox/10.0.2"
173.160.202.25 - - [08/Mar/2012:17:13:30 -0600] "GET /mainbk.png HTTP/1.1" 200 290 "http://www.operationspokaneheroes.org/" "Mozilla/5.0 (Windows NT 6.1; WOW64; rv:10.0.2) Gecko/20100101 Firefox/10.0.2"
173.160.202.25 - - [08/Mar/2012:17:13:30 -0600] "GET /css/style_global.css HTTP/1.1" 200 2621 "http://www.operationspokaneheroes.org/_inc/slide.php" "Mozilla/5.0 (Windows NT 6.1; WOW64; rv:10.0.2) Gecko/20100101 Firefox/10.0.2"
173.160.202.25 - - [08/Mar/2012:17:13:30 -0600] "GET /css/compact_style.css HTTP/1.1" 200 4934 "http://www.operationspokaneheroes.org/slider.html" "Mozilla/5.0 (Windows NT 6.1; WOW64; rv:10.0.2) Gecko/20100101 Firefox/10.0.2"
173.160.202.25 - - [08/Mar/2012:17:13:30 -0600] "GET /jquery.easing.1.3.js HTTP/1.1" 200 8097 "http://www.operationspokaneheroes.org/slider.html" "Mozilla/5.0 (Windows NT 6.1; WOW64; rv:10.0.2) Gecko/20100101 Firefox/10.0.2"
173.160.202.25 - - [08/Mar/2012:17:13:30 -0600] "GET /images/bg2.jpg HTTP/1.1" 200 55206 "http://www.operationspokaneheroes.org/css/global.css" "Mozilla/5.0 (Windows NT 6.1; WOW64; rv:10.0.2) Gecko/20100101 Firefox/10.0.2"
173.160.202.25 - - [08/Mar/2012:17:13:30 -0600] "GET /js/cufon-yui.js HTTP/1.1" 200 18257 "http://www.operationspokaneheroes.org/slider.html" "Mozilla/5.0 (Windows NT 6.1; WOW64; rv:10.0.2) Gecko/20100101 Firefox/10.0.2"
173.160.202.25 - - [08/Mar/2012:17:13:30 -0600] "GET /js/Bebas_400.font.js HTTP/1.1" 200 32806 "http://www.operationspokaneheroes.org/slider.html" "Mozilla/5.0 (Windows NT 6.1; WOW64; rv:10.0.2) Gecko/20100101 Firefox/10.0.2"
173.160.202.25 - - [08/Mar/2012:17:13:29 -0600] "GET /images/logo.png HTTP/1.1" 200 226129 "http://www.operationspokaneheroes.org/" "Mozilla/5.0 (Windows NT 6.1; WOW64; rv:10.0.2) Gecko/20100101 Firefox/10.0.2"
173.160.202.25 - - [08/Mar/2012:17:13:30 -0600] "GET /images/pearl_harbor.jpg HTTP/1.1" 200 16515 "http://www.operationspokaneheroes.org/slider.html" "Mozilla/5.0 (Windows NT 6.1; WOW64; rv:10.0.2) Gecko/20100101 Firefox/10.0.2"
173.160.202.25 - - [08/Mar/2012:17:13:30 -0600] "GET /images/marine_breakfast.jpg HTTP/1.1" 200 28792 "http://www.operationspokaneheroes.org/slider.html" "Mozilla/5.0 (Windows NT 6.1; WOW64; rv:10.0.2) Gecko/20100101 Firefox/10.0.2"
173.160.202.25 - - [08/Mar/2012:17:13:30 -0600] "GET /images/osh_static_cling.jpg HTTP/1.1" 200 19209 "http://www.operationspokaneheroes.org/slider.html" "Mozilla/5.0 (Windows NT 6.1; WOW64; rv:10.0.2) Gecko/20100101 Firefox/10.0.2"
173.160.202.25 - - [08/Mar/2012:17:13:30 -0600] "GET /images/freedom_friday.jpg HTTP/1.1" 200 22631 "http://www.operationspokaneheroes.org/slider.html" "Mozilla/5.0 (Windows NT 6.1; WOW64; rv:10.0.2) Gecko/20100101 Firefox/10.0.2"
173.160.202.25 - - [08/Mar/2012:17:13:30 -0600] "GET /js/combined.js HTTP/1.1" 200 169946 "http://www.operationspokaneheroes.org/_inc/slide.php" "Mozilla/5.0 (Windows NT 6.1; WOW64; rv:10.0.2) Gecko/20100101 Firefox/10.0.2"
173.160.202.25 - - [08/Mar/2012:17:13:30 -0600] "GET /images/next.png HTTP/1.1" 200 3022 "http://www.operationspokaneheroes.org/css/compact_style.css" "Mozilla/5.0 (Windows NT 6.1; WOW64; rv:10.0.2) Gecko/20100101 Firefox/10.0.2"
173.160.202.25 - - [08/Mar/2012:17:13:30 -0600] "GET /images/prev.png HTTP/1.1" 200 2995 "http://www.operationspokaneheroes.org/css/compact_style.css" "Mozilla/5.0 (Windows NT 6.1; WOW64; rv:10.0.2) Gecko/20100101 Firefox/10.0.2"
173.160.202.25 - - [08/Mar/2012:17:13:31 -0600] "GET /images/we_believe.png HTTP/1.1" 200 1785 "http://www.operationspokaneheroes.org/css/slide.css" "Mozilla/5.0 (Windows NT 6.1; WOW64; rv:10.0.2) Gecko/20100101 Firefox/10.0.2"
173.160.202.25 - - [08/Mar/2012:17:13:31 -0600] "GET /images/mission_statement_bg.png HTTP/1.1" 200 11413 "http://www.operationspokaneheroes.org/css/slide.css" "Mozilla/5.0 (Windows NT 6.1; WOW64; rv:10.0.2) Gecko/20100101 Firefox/10.0.2"
173.160.202.25 - - [08/Mar/2012:17:13:31 -0600] "GET /images/we_strive.png HTTP/1.1" 200 1981 "http://www.operationspokaneheroes.org/css/slide.css" "Mozilla/5.0 (Windows NT 6.1; WOW64; rv:10.0.2) Gecko/20100101 Firefox/10.0.2"
173.160.202.25 - - [08/Mar/2012:17:13:31 -0600] "GET /images/we_help.png HTTP/1.1" 200 1514 "http://www.operationspokaneheroes.org/css/slide.css" "Mozilla/5.0 (Windows NT 6.1; WOW64; rv:10.0.2) Gecko/20100101 Firefox/10.0.2"
173.160.202.25 - - [08/Mar/2012:17:13:31 -0600] "GET /images/we_need.png HTTP/1.1" 200 2138 "http://www.operationspokaneheroes.org/css/slide.css" "Mozilla/5.0 (Windows NT 6.1; WOW64; rv:10.0.2) Gecko/20100101 Firefox/10.0.2"
173.160.202.25 - - [08/Mar/2012:17:13:31 -0600] "GET /assets/images/btn_top_search_hover.png HTTP/1.1" 404 - "http://www.operationspokaneheroes.org/_inc/slide.php" "Mozilla/5.0 (Windows NT 6.1; WOW64; rv:10.0.2) Gecko/20100101 Firefox/10.0.2"
173.160.202.25 - - [08/Mar/2012:17:13:31 -0600] "GET /assets/images/btn_main_search_hover.png HTTP/1.1" 404 - "http://www.operationspokaneheroes.org/_inc/slide.php" "Mozilla/5.0 (Windows NT 6.1; WOW64; rv:10.0.2) Gecko/20100101 Firefox/10.0.2"
173.160.202.25 - - [08/Mar/2012:17:13:31 -0600] "GET /images/1.jpg HTTP/1.1" 200 142489 "http://www.operationspokaneheroes.org/_inc/slide.php" "Mozilla/5.0 (Windows NT 6.1; WOW64; rv:10.0.2) Gecko/20100101 Firefox/10.0.2"
173.160.202.25 - - [08/Mar/2012:17:13:31 -0600] "GET /images/2.jpg HTTP/1.1" 200 170993 "http://www.operationspokaneheroes.org/_inc/slide.php" "Mozilla/5.0 (Windows NT 6.1; WOW64; rv:10.0.2) Gecko/20100101 Firefox/10.0.2"
173.160.202.25 - - [08/Mar/2012:17:13:31 -0600] "GET /images/3.jpg HTTP/1.1" 200 240733 "http://www.operationspokaneheroes.org/_inc/slide.php" "Mozilla/5.0 (Windows NT 6.1; WOW64; rv:10.0.2) Gecko/20100101 Firefox/10.0.2"
173.160.202.25 - - [08/Mar/2012:17:13:31 -0600] "GET /images/4.jpg HTTP/1.1" 200 186934 "http://www.operationspokaneheroes.org/_inc/slide.php" "Mozilla/5.0 (Windows NT 6.1; WOW64; rv:10.0.2) Gecko/20100101 Firefox/10.0.2"
173.160.202.25 - - [08/Mar/2012:17:13:33 -0600] "GET /favicon.ico HTTP/1.1" 404 - "-" "Mozilla/5.0 (Windows NT 6.1; WOW64; rv:10.0.2) Gecko/20100101 Firefox/10.0.2"
173.160.202.25 - - [08/Mar/2012:17:13:33 -0600] "GET /favicon.ico HTTP/1.1" 404 - "-" "Mozilla/5.0 (Windows NT 6.1; WOW64; rv:10.0.2) Gecko/20100101 Firefox/10.0.2"
173.160.202.25 - - [08/Mar/2012:17:13:33 -0600] "GET /favicon.ico HTTP/1.1" 404 - "-" "Mozilla/5.0 (Windows NT 6.1; WOW64; rv:10.0.2) Gecko/20100101 Firefox/10.0.2"
157.55.18.23 - - [08/Mar/2012:17:29:05 -0600] "GET /robots.txt HTTP/1.1" 404 - "-" "Mozilla/5.0 (compatible; bingbot/2.0; +http://www.bing.com/bingbot.htm)"
157.55.18.23 - - [08/Mar/2012:18:03:39 -0600] "GET /business_discount.php HTTP/1.1" 404 - "-" "Mozilla/5.0 (compatible; bingbot/2.0; +http://www.bing.com/bingbot.htm)"
157.55.18.23 - - [08/Mar/2012:18:28:25 -0600] "GET /robots.txt HTTP/1.1" 404 - "-" "Mozilla/5.0 (compatible; bingbot/2.0; +http://www.bing.com/bingbot.htm)"
157.55.18.23 - - [08/Mar/2012:18:28:47 -0600] "GET /business_discount.php HTTP/1.1" 404 - "-" "Mozilla/5.0 (compatible; bingbot/2.0; +http://www.bing.com/bingbot.htm)"
1.202.218.8 - - [08/Mar/2012:18:35:30 -0600] "GET /robots.txt HTTP/1.0" 404 - "-" "\"Mozilla/5.0"
173.160.202.25 - - [08/Mar/2012:19:04:25 -0600] "GET / HTTP/1.1" 200 10288 "-" "Mozilla/5.0 (Windows NT 6.1; WOW64; rv:10.0.2) Gecko/20100101 Firefox/10.0.2"
173.160.202.25 - - [08/Mar/2012:19:04:25 -0600] "GET /_inc/slide.php HTTP/1.1" 200 3205 "http://www.operationspokaneheroes.org/" "Mozilla/5.0 (Windows NT 6.1; WOW64; rv:10.0.2) Gecko/20100101 Firefox/10.0.2"
173.160.202.25 - - [08/Mar/2012:19:04:26 -0600] "GET /assets/images/btn_top_search_hover.png HTTP/1.1" 404 - "http://www.operationspokaneheroes.org/_inc/slide.php" "Mozilla/5.0 (Windows NT 6.1; WOW64; rv:10.0.2) Gecko/20100101 Firefox/10.0.2"
173.160.202.25 - - [08/Mar/2012:19:04:26 -0600] "GET /assets/images/btn_main_search_hover.png HTTP/1.1" 404 - "http://www.operationspokaneheroes.org/_inc/slide.php" "Mozilla/5.0 (Windows NT 6.1; WOW64; rv:10.0.2) Gecko/20100101 Firefox/10.0.2"
173.160.202.25 - - [08/Mar/2012:19:04:54 -0600] "GET /pdf/pearl%20harbor_map.pdf HTTP/1.1" 200 1596009 "http://www.operationspokaneheroes.org/slider.html" "Mozilla/5.0 (Windows NT 6.1; WOW64; rv:10.0.2) Gecko/20100101 Firefox/10.0.2"
173.160.202.25 - - [08/Mar/2012:19:04:55 -0600] "GET /pdf/pearl%20harbor_map.pdf HTTP/1.1" 206 531 "-" "Mozilla/5.0 (Windows NT 6.1; WOW64; rv:10.0.2) Gecko/20100101 Firefox/10.0.2"
173.160.202.25 - - [08/Mar/2012:19:04:55 -0600] "GET /pdf/pearl%20harbor_map.pdf HTTP/1.1" 206 488 "-" "Mozilla/5.0 (Windows NT 6.1; WOW64; rv:10.0.2) Gecko/20100101 Firefox/10.0.2"
173.160.202.25 - - [08/Mar/2012:19:04:55 -0600] "GET /pdf/pearl%20harbor_map.pdf HTTP/1.1" 206 4314 "-" "Mozilla/5.0 (Windows NT 6.1; WOW64; rv:10.0.2) Gecko/20100101 Firefox/10.0.2"
173.160.202.25 - - [08/Mar/2012:19:04:55 -0600] "GET /pdf/pearl%20harbor_map.pdf HTTP/1.1" 206 352 "-" "Mozilla/5.0 (Windows NT 6.1; WOW64; rv:10.0.2) Gecko/20100101 Firefox/10.0.2"
173.160.202.25 - - [08/Mar/2012:19:04:56 -0600] "GET /pdf/pearl%20harbor_map.pdf HTTP/1.1" 206 513 "-" "Mozilla/5.0 (Windows NT 6.1; WOW64; rv:10.0.2) Gecko/20100101 Firefox/10.0.2"
173.160.202.25 - - [08/Mar/2012:19:04:55 -0600] "GET /pdf/pearl%20harbor_map.pdf HTTP/1.1" 206 28949 "-" "Mozilla/5.0 (Windows NT 6.1; WOW64; rv:10.0.2) Gecko/20100101 Firefox/10.0.2"
173.160.202.25 - - [08/Mar/2012:19:04:55 -0600] "GET /pdf/pearl%20harbor_map.pdf HTTP/1.1" 206 1480804 "-" "Mozilla/5.0 (Windows NT 6.1; WOW64; rv:10.0.2) Gecko/20100101 Firefox/10.0.2"
173.160.202.25 - - [08/Mar/2012:19:05:01 -0600] "GET /pdf/pearl%20harbor_map.pdf HTTP/1.1" 206 61866 "-" "Mozilla/5.0 (Windows NT 6.1; WOW64; rv:10.0.2) Gecko/20100101 Firefox/10.0.2"
173.160.202.25 - - [08/Mar/2012:19:05:32 -0600] "GET /pdf/OSH%20Freedom%20Fridays%20Flyer%20w-back.pdf HTTP/1.1" 206 671 "-" "Mozilla/5.0 (Windows NT 6.1; WOW64; rv:10.0.2) Gecko/20100101 Firefox/10.0.2"
173.160.202.25 - - [08/Mar/2012:19:05:32 -0600] "GET /pdf/OSH%20Freedom%20Fridays%20Flyer%20w-back.pdf HTTP/1.1" 200 1146408 "http://www.operationspokaneheroes.org/slider.html" "Mozilla/5.0 (Windows NT 6.1; WOW64; rv:10.0.2) Gecko/20100101 Firefox/10.0.2"
173.160.202.25 - - [08/Mar/2012:19:05:33 -0600] "GET /pdf/OSH%20Freedom%20Fridays%20Flyer%20w-back.pdf HTTP/1.1" 206 453 "-" "Mozilla/5.0 (Windows NT 6.1; WOW64; rv:10.0.2) Gecko/20100101 Firefox/10.0.2"
173.160.202.25 - - [08/Mar/2012:19:05:33 -0600] "GET /pdf/OSH%20Freedom%20Fridays%20Flyer%20w-back.pdf HTTP/1.1" 206 3951 "-" "Mozilla/5.0 (Windows NT 6.1; WOW64; rv:10.0.2) Gecko/20100101 Firefox/10.0.2"
173.160.202.25 - - [08/Mar/2012:19:05:32 -0600] "GET /pdf/OSH%20Freedom%20Fridays%20Flyer%20w-back.pdf HTTP/1.1" 206 835554 "-" "Mozilla/5.0 (Windows NT 6.1; WOW64; rv:10.0.2) Gecko/20100101 Firefox/10.0.2"
173.160.202.25 - - [08/Mar/2012:19:05:39 -0600] "GET /pdf/OSH%20Freedom%20Fridays%20Flyer%20w-back.pdf HTTP/1.1" 206 298129 "-" "Mozilla/5.0 (Windows NT 6.1; WOW64; rv:10.0.2) Gecko/20100101 Firefox/10.0.2"
173.160.202.25 - - [08/Mar/2012:19:05:40 -0600] "GET /pdf/OSH%20Freedom%20Fridays%20Flyer%20w-back.pdf HTTP/1.1" 206 2057 "-" "Mozilla/5.0 (Windows NT 6.1; WOW64; rv:10.0.2) Gecko/20100101 Firefox/10.0.2"
180.76.5.95 - - [08/Mar/2012:19:10:36 -0600] "GET /join/ HTTP/1.1" 404 - "-" "Mozilla/5.0 (compatible; Baiduspider/2.0; +http://www.baidu.com/search/spider.html)"
208.115.113.86 - - [08/Mar/2012:19:22:47 -0600] "GET /robots.txt HTTP/1.1" 404 - "-" "Mozilla/5.0 (compatible; Ezooms/1.0; ezooms.bot@gmail.com)"
123.125.71.43 - - [08/Mar/2012:19:31:05 -0600] "GET / HTTP/1.1" 200 10288 "-" "Mozilla/5.0 (compatible; Baiduspider/2.0; +http://www.baidu.com/search/spider.html)"
208.115.113.86 - - [08/Mar/2012:19:31:53 -0600] "GET / HTTP/1.1" 200 10288 "-" "Mozilla/5.0 (compatible; Ezooms/1.0; ezooms.bot@gmail.com)"
65.52.110.199 - - [08/Mar/2012:20:12:25 -0600] "GET /robots.txt HTTP/1.1" 404 - "-" "Mozilla/5.0 (compatible; bingbot/2.0; +http://www.bing.com/bingbot.htm)"
213.186.119.131 - - [08/Mar/2012:20:33:59 -0600] "GET /robots.txt HTTP/1.1" 404 - "-" "Mozilla/5.0 (compatible; AhrefsBot/2.0; +http://ahrefs.com/robot/)"
213.186.119.131 - - [08/Mar/2012:20:33:59 -0600] "GET /robots.txt HTTP/1.1" 404 - "-" "Mozilla/5.0 (compatible; AhrefsBot/2.0; +http://ahrefs.com/robot/)"
66.249.71.117 - - [08/Mar/2012:21:17:23 -0600] "GET /robots.txt HTTP/1.1" 404 - "-" "Mozilla/5.0 (compatible; Googlebot/2.1; +http://www.google.com/bot.html)"
66.249.71.117 - - [08/Mar/2012:21:17:23 -0600] "GET /wedo.php HTTP/1.1" 404 - "-" "Mozilla/5.0 (compatible; Googlebot/2.1; +http://www.google.com/bot.html)"
1.202.218.8 - - [08/Mar/2012:21:54:27 -0600] "GET /robots.txt HTTP/1.0" 404 - "-" "\"Mozilla/5.0"
77.75.77.11 - - [08/Mar/2012:22:17:54 -0600] "GET /robots.txt HTTP/1.1" 404 - "-" "SeznamBot/3.0 (+http://fulltext.sblog.cz/)"
77.75.77.11 - - [08/Mar/2012:22:17:55 -0600] "GET /pdf/wreath_across_america.pdf HTTP/1.1" 404 - "-" "SeznamBot/3.0 (+http://fulltext.sblog.cz/)"
65.52.110.199 - - [08/Mar/2012:22:29:01 -0600] "GET /pdf/NWMSGrandPrix2011FLYER.pdf HTTP/1.1" 404 - "-" "Mozilla/5.0 (compatible; bingbot/2.0; +http://www.bing.com/bingbot.htm)"
207.46.199.53 - - [08/Mar/2012:22:48:27 -0600] "GET /pdf/OSH%20Gift%20Cards%202011%20Media%20Advisory.pdf HTTP/1.1" 404 - "-" "Mozilla/5.0 (compatible; bingbot/2.0; +http://www.bing.com/bingbot.htm)"
207.46.13.99 - - [08/Mar/2012:22:54:49 -0600] "GET /employers.php HTTP/1.1" 404 - "-" "Mozilla/5.0 (compatible; bingbot/2.0; +http://www.bing.com/bingbot.htm)"
207.46.12.112 - - [08/Mar/2012:23:03:27 -0600] "GET /resources.php HTTP/1.1" 200 10288 "-" "Mozilla/4.0 (compatible; MSIE 7.0; Windows NT 5.1;  SLCC1;  .NET CLR 1.1.4322;  .NET CLR 2.0.40607)"
207.46.12.112 - - [08/Mar/2012:23:03:28 -0600] "GET /css/global.css HTTP/1.1" 200 13951 "http://operationspokaneheroes.org/resources.php" "Mozilla/4.0 (compatible; MSIE 7.0; Windows NT 5.1;  SLCC1;  .NET CLR 1.1.4322;  .NET CLR 2.0.40607)"
207.46.12.112 - - [08/Mar/2012:23:03:28 -0600] "GET /css/footer.css HTTP/1.1" 200 752 "http://operationspokaneheroes.org/resources.php" "Mozilla/4.0 (compatible; MSIE 7.0; Windows NT 5.1;  SLCC1;  .NET CLR 1.1.4322;  .NET CLR 2.0.40607)"
207.46.12.112 - - [08/Mar/2012:23:03:28 -0600] "GET /_inc/slide.php HTTP/1.1" 200 3205 "http://operationspokaneheroes.org/resources.php" "Mozilla/4.0 (compatible; MSIE 7.0; Windows NT 5.1;  SLCC1;  .NET CLR 1.1.4322;  .NET CLR 2.0.40607)"
207.46.12.112 - - [08/Mar/2012:23:03:29 -0600] "GET /css/slide.css HTTP/1.1" 200 2869 "http://operationspokaneheroes.org/_inc/slide.php" "Mozilla/4.0 (compatible; MSIE 7.0; Windows NT 5.1;  SLCC1;  .NET CLR 1.1.4322;  .NET CLR 2.0.40607)"
207.46.12.112 - - [08/Mar/2012:23:03:29 -0600] "GET /css/style_global.css HTTP/1.1" 200 2621 "http://operationspokaneheroes.org/_inc/slide.php" "Mozilla/4.0 (compatible; MSIE 7.0; Windows NT 5.1;  SLCC1;  .NET CLR 1.1.4322;  .NET CLR 2.0.40607)"
207.46.12.112 - - [08/Mar/2012:23:03:29 -0600] "GET /js/combined.js HTTP/1.1" 200 169946 "http://operationspokaneheroes.org/_inc/slide.php" "Mozilla/4.0 (compatible; MSIE 7.0; Windows NT 5.1;  SLCC1;  .NET CLR 1.1.4322;  .NET CLR 2.0.40607)"
180.76.5.154 - - [08/Mar/2012:23:52:16 -0600] "GET / HTTP/1.1" 200 10288 "-" "Mozilla/5.0 (compatible; Baiduspider/2.0; +http://www.baidu.com/search/spider.html)"
213.186.119.131 - - [09/Mar/2012:00:09:27 -0600] "GET /events/vet_picnic/vet_picnic.html HTTP/1.1" 404 - "-" "Mozilla/5.0 (compatible; AhrefsBot/2.0; +http://ahrefs.com/robot/)"
1.202.218.8 - - [09/Mar/2012:01:14:36 -0600] "GET /robots.txt HTTP/1.0" 404 - "-" "\"Mozilla/5.0"
100.43.83.155 - - [09/Mar/2012:01:50:56 -0600] "GET /benefits.php HTTP/1.1" 404 - "-" "Mozilla/5.0 (compatible; YandexBot/3.0; +http://yandex.com/bots)"
180.76.5.53 - - [09/Mar/2012:02:18:27 -0600] "GET / HTTP/1.1" 200 10288 "-" "Mozilla/5.0 (compatible; Baiduspider/2.0; +http://www.baidu.com/search/spider.html)"
65.52.108.26 - - [09/Mar/2012:02:49:21 -0600] "GET /robots.txt HTTP/1.1" 404 - "-" "Mozilla/5.0 (compatible; bingbot/2.0; +http://www.bing.com/bingbot.htm)"
65.52.108.26 - - [09/Mar/2012:02:49:41 -0600] "GET / HTTP/1.1" 200 10288 "-" "Mozilla/5.0 (compatible; bingbot/2.0; +http://www.bing.com/bingbot.htm)"
77.21.147.173 - - [09/Mar/2012:03:31:45 -0600] "GET /robots.txt HTTP/1.1" 404 - "-" "findlinks/2.0.2 (+http://wortschatz.uni-leipzig.de/findlinks/)"
1.202.218.8 - - [09/Mar/2012:04:35:56 -0600] "GET /robots.txt HTTP/1.0" 404 - "-" "\"Mozilla/5.0"
123.125.71.78 - - [09/Mar/2012:05:27:25 -0600] "GET /calendar.php HTTP/1.1" 200 10488 "-" "Mozilla/5.0 (compatible; Baiduspider/2.0; +http://www.baidu.com/search/spider.html)"
180.76.5.150 - - [09/Mar/2012:05:51:39 -0600] "GET /index.php HTTP/1.1" 200 10288 "-" "Mozilla/5.0 (compatible; Baiduspider/2.0; +http://www.baidu.com/search/spider.html)"
180.76.5.59 - - [09/Mar/2012:05:51:40 -0600] "GET / HTTP/1.1" 200 10288 "-" "Mozilla/5.0 (compatible; Baiduspider/2.0; +http://www.baidu.com/search/spider.html)"
157.55.39.225 - - [09/Mar/2012:06:02:05 -0600] "GET /robots.txt HTTP/1.1" 404 - "-" "msnbot/2.0b (+http://search.msn.com/msnbot.htm)"
157.55.39.225 - - [09/Mar/2012:06:02:05 -0600] "GET / HTTP/1.1" 200 10288 "-" "msnbot/2.0b (+http://search.msn.com/msnbot.htm)"
100.43.83.155 - - [09/Mar/2012:07:56:04 -0600] "GET /_inc/slide.php HTTP/1.1" 200 3205 "-" "Mozilla/5.0 (compatible; YandexBot/3.0; +http://yandex.com/bots)"
1.202.218.8 - - [09/Mar/2012:07:57:42 -0600] "GET /robots.txt HTTP/1.0" 404 - "-" "\"Mozilla/5.0"
100.43.83.155 - - [09/Mar/2012:08:47:33 -0600] "GET /slider.html HTTP/1.1" 200 7903 "-" "Mozilla/5.0 (compatible; YandexBot/3.0; +http://yandex.com/bots)"
123.125.71.107 - - [09/Mar/2012:10:02:56 -0600] "GET / HTTP/1.1" 200 10288 "-" "Mozilla/5.0 (compatible; Baiduspider/2.0; +http://www.baidu.com/search/spider.html)"
180.76.5.170 - - [09/Mar/2012:10:53:29 -0600] "GET /index.php HTTP/1.1" 200 10288 "-" "Mozilla/5.0 (compatible; Baiduspider/2.0; +http://www.baidu.com/search/spider.html)"
180.76.6.20 - - [09/Mar/2012:10:53:30 -0600] "GET / HTTP/1.1" 200 10288 "-" "Mozilla/5.0 (compatible; Baiduspider/2.0; +http://www.baidu.com/search/spider.html)"
1.202.218.8 - - [09/Mar/2012:11:18:40 -0600] "GET /robots.txt HTTP/1.0" 404 - "-" "\"Mozilla/5.0"
66.249.71.117 - - [09/Mar/2012:13:08:14 -0600] "GET /robots.txt HTTP/1.1" 404 - "-" "Mozilla/5.0 (compatible; Googlebot/2.1; +http://www.google.com/bot.html)"
66.249.71.117 - - [09/Mar/2012:13:08:14 -0600] "GET /pdf/2010_Top100_Military_Friendly_Employers.pdf HTTP/1.1" 404 - "-" "Mozilla/5.0 (iPhone; U; CPU iPhone OS 4_1 like Mac OS X; en-us) AppleWebKit/532.9 (KHTML, like Gecko) Version/4.0.5 Mobile/8B117 Safari/6531.22.7 (compatible; Googlebot-Mobile/2.1; +http://www.google.com/bot.html)"
1.202.218.8 - - [09/Mar/2012:14:35:39 -0600] "GET /robots.txt HTTP/1.0" 404 - "-" "\"Mozilla/5.0"
157.55.39.225 - - [09/Mar/2012:15:13:36 -0600] "GET /index.php HTTP/1.1" 200 10288 "-" "msnbot/2.0b (+http://search.msn.com/msnbot.htm)"
157.55.39.225 - - [09/Mar/2012:15:13:37 -0600] "GET /contact.php HTTP/1.1" 200 10298 "-" "msnbot/2.0b (+http://search.msn.com/msnbot.htm)"
157.55.39.225 - - [09/Mar/2012:15:13:39 -0600] "GET /_inc/slide.php HTTP/1.1" 200 3205 "-" "msnbot/2.0b (+http://search.msn.com/msnbot.htm)"
157.55.39.225 - - [09/Mar/2012:15:13:40 -0600] "GET /calendar.php HTTP/1.1" 200 10488 "-" "msnbot/2.0b (+http://search.msn.com/msnbot.htm)"
157.55.39.225 - - [09/Mar/2012:15:13:42 -0600] "GET /slider.html HTTP/1.1" 200 7903 "-" "msnbot/2.0b (+http://search.msn.com/msnbot.htm)"
157.55.39.225 - - [09/Mar/2012:15:13:43 -0600] "GET /business.php HTTP/1.1" 200 10592 "-" "msnbot/2.0b (+http://search.msn.com/msnbot.htm)"
157.55.39.225 - - [09/Mar/2012:15:13:45 -0600] "GET /aboutus.php HTTP/1.1" 200 11446 "-" "msnbot/2.0b (+http://search.msn.com/msnbot.htm)"
157.55.39.225 - - [09/Mar/2012:15:13:46 -0600] "GET /donate.php HTTP/1.1" 200 12791 "-" "msnbot/2.0b (+http://search.msn.com/msnbot.htm)"
1.202.218.8 - - [09/Mar/2012:17:51:10 -0600] "GET /robots.txt HTTP/1.0" 404 - "-" "\"Mozilla/5.0"
100.43.83.155 - - [09/Mar/2012:19:03:35 -0600] "GET /robots.txt HTTP/1.1" 404 - "-" "Mozilla/5.0 (compatible; YandexBot/3.0; +http://yandex.com/bots)"
157.55.18.23 - - [09/Mar/2012:19:55:06 -0600] "GET /resources.php HTTP/1.1" 200 10288 "-" "Mozilla/5.0 (compatible; bingbot/2.0; +http://www.bing.com/bingbot.htm)"
1.202.218.8 - - [09/Mar/2012:21:09:50 -0600] "GET /robots.txt HTTP/1.0" 404 - "-" "\"Mozilla/5.0"
66.249.71.44 - - [09/Mar/2012:21:31:52 -0600] "GET /benefits.php HTTP/1.1" 404 - "-" "Mozilla/5.0 (compatible; Googlebot/2.1; +http://www.google.com/bot.html)"
66.249.71.44 - - [09/Mar/2012:21:35:35 -0600] "GET /mission.php HTTP/1.1" 404 - "-" "Mozilla/5.0 (compatible; Googlebot/2.1; +http://www.google.com/bot.html)"
66.249.71.10 - - [09/Mar/2012:21:35:38 -0600] "GET /robots.txt HTTP/1.1" 404 - "-" "Mozilla/5.0 (compatible; Googlebot/2.1; +http://www.google.com/bot.html)"
66.249.71.10 - - [09/Mar/2012:21:35:39 -0600] "GET /slider.html HTTP/1.1" 304 - "-" "Mozilla/5.0 (compatible; Googlebot/2.1; +http://www.google.com/bot.html)"
176.34.221.241 - - [09/Mar/2012:21:59:37 -0600] "GET / HTTP/1.1" 200 10288 "-" "Mozilla/5.0 (Windows NT 6.1; WOW64) AppleWebKit/535.11 (KHTML, like Gecko) Chrome/17.0.963.56 Safari/535.11"
213.186.119.131 - - [09/Mar/2012:22:39:28 -0600] "GET /events/care_package/care.html HTTP/1.1" 404 - "-" "Mozilla/5.0 (compatible; AhrefsBot/2.0; +http://ahrefs.com/robot/)"
123.125.71.114 - - [09/Mar/2012:23:13:18 -0600] "GET /calendar.php HTTP/1.1" 200 10488 "-" "Mozilla/5.0 (compatible; Baiduspider/2.0; +http://www.baidu.com/search/spider.html)"
100.43.83.155 - - [10/Mar/2012:00:14:53 -0600] "GET /calendar.php HTTP/1.1" 200 10488 "-" "Mozilla/5.0 (compatible; YandexBot/3.0; +http://yandex.com/bots)"
1.202.218.8 - - [10/Mar/2012:00:31:00 -0600] "GET /robots.txt HTTP/1.0" 404 - "-" "\"Mozilla/5.0"
69.171.234.7 - - [10/Mar/2012:00:57:09 -0600] "GET /images/osh_logo.jpg HTTP/1.1" 404 - "-" "facebookexternalhit/1.0 (+http://www.facebook.com/externalhit_uatext.php)"
213.186.119.131 - - [10/Mar/2012:02:18:13 -0600] "GET /robots.txt HTTP/1.1" 404 - "-" "Mozilla/5.0 (compatible; AhrefsBot/2.0; +http://ahrefs.com/robot/)"
213.186.119.131 - - [10/Mar/2012:02:18:13 -0600] "GET /robots.txt HTTP/1.1" 404 - "-" "Mozilla/5.0 (compatible; AhrefsBot/2.0; +http://ahrefs.com/robot/)"
157.55.17.77 - - [10/Mar/2012:02:37:09 -0600] "GET /donate.php HTTP/1.1" 200 12791 "-" "Mozilla/4.0 (compatible; MSIE 7.0; Windows NT 5.2;  SV1;  .NET CLR 1.1.4325;  .NET CLR 2.0.40607;  .NET CLR 3.0.04506.648)"
157.55.17.77 - - [10/Mar/2012:02:37:12 -0600] "GET /css/global.css HTTP/1.1" 200 13951 "http://www.operationspokaneheroes.org/donate.php" "Mozilla/4.0 (compatible; MSIE 7.0; Windows NT 5.2;  SV1;  .NET CLR 1.1.4325;  .NET CLR 2.0.40607;  .NET CLR 3.0.04506.648)"
157.55.17.77 - - [10/Mar/2012:02:37:20 -0600] "GET /_inc/slide.php HTTP/1.1" 200 3205 "http://www.operationspokaneheroes.org/donate.php" "Mozilla/4.0 (compatible; MSIE 7.0; Windows NT 5.2;  SV1;  .NET CLR 1.1.4325;  .NET CLR 2.0.40607;  .NET CLR 3.0.04506.648)"
157.55.17.77 - - [10/Mar/2012:02:37:23 -0600] "GET /css/footer.css HTTP/1.1" 200 752 "http://www.operationspokaneheroes.org/donate.php" "Mozilla/4.0 (compatible; MSIE 7.0; Windows NT 5.2;  SV1;  .NET CLR 1.1.4325;  .NET CLR 2.0.40607;  .NET CLR 3.0.04506.648)"
157.55.17.77 - - [10/Mar/2012:02:37:32 -0600] "GET /css/style_global.css HTTP/1.1" 200 2621 "http://www.operationspokaneheroes.org/_inc/slide.php" "Mozilla/4.0 (compatible; MSIE 7.0; Windows NT 5.2;  SV1;  .NET CLR 1.1.4325;  .NET CLR 2.0.40607;  .NET CLR 3.0.04506.648)"
157.55.17.77 - - [10/Mar/2012:02:37:32 -0600] "GET /css/slide.css HTTP/1.1" 200 2869 "http://www.operationspokaneheroes.org/_inc/slide.php" "Mozilla/4.0 (compatible; MSIE 7.0; Windows NT 5.2;  SV1;  .NET CLR 1.1.4325;  .NET CLR 2.0.40607;  .NET CLR 3.0.04506.648)"
157.55.17.77 - - [10/Mar/2012:02:37:32 -0600] "GET /js/combined.js HTTP/1.1" 200 169946 "http://www.operationspokaneheroes.org/_inc/slide.php" "Mozilla/4.0 (compatible; MSIE 7.0; Windows NT 5.2;  SV1;  .NET CLR 1.1.4325;  .NET CLR 2.0.40607;  .NET CLR 3.0.04506.648)"
220.181.108.110 - - [10/Mar/2012:02:48:42 -0600] "GET /featured-content-slider/event_mages/image1.jpg HTTP/1.1" 404 - "-" "Baiduspider-image+(+http://www.baidu.com/search/spider.htm)"
208.115.113.86 - - [10/Mar/2012:02:50:58 -0600] "GET /robots.txt HTTP/1.1" 404 - "-" "Mozilla/5.0 (compatible; Ezooms/1.0; ezooms.bot@gmail.com)"
123.126.68.20 - - [10/Mar/2012:03:33:05 -0600] "GET / HTTP/1.1" 200 10288 "-" "Sogou web spider/4.0(+http://www.sogou.com/docs/help/webmasters.htm#07)"
69.28.58.35 - - [10/Mar/2012:03:33:54 -0600] "GET / HTTP/1.1" 200 10288 "-" "Wget/1.9+cvs-stable (Red Hat modified)"
1.202.218.8 - - [10/Mar/2012:03:51:48 -0600] "GET /robots.txt HTTP/1.0" 404 - "-" "\"Mozilla/5.0"
208.115.113.86 - - [10/Mar/2012:04:07:49 -0600] "GET /index.php HTTP/1.1" 200 10288 "-" "Mozilla/5.0 (compatible; Ezooms/1.0; ezooms.bot@gmail.com)"
123.125.71.108 - - [10/Mar/2012:04:09:41 -0600] "GET /robots.txt HTTP/1.1" 404 - "-" "Baiduspider+(+http://www.baidu.com/search/spider.htm)"
157.55.112.242 - - [10/Mar/2012:04:19:36 -0600] "GET /_inc/upcoming.php HTTP/1.1" 200 3545 "-" "Mozilla/4.0 (compatible; MSIE 7.0; Windows NT 5.2;  SLCC1;  .NET CLR 1.1.4322;  .NET CLR 2.0.50727;  .NET CLR 3.0.30729;  .NET CLR 3.5.30707;  MS-RTC LM 8)"
157.55.112.242 - - [10/Mar/2012:04:19:39 -0600] "GET /featured-content-slider/featured-content-slider/style.css HTTP/1.1" 404 - "http://operationspokaneheroes.org/_inc/upcoming.php" "Mozilla/4.0 (compatible; MSIE 7.0; Windows NT 5.2;  SLCC1;  .NET CLR 1.1.4322;  .NET CLR 2.0.50727;  .NET CLR 3.0.30729;  .NET CLR 3.5.30707;  MS-RTC LM 8)"
100.43.83.155 - - [10/Mar/2012:04:42:41 -0600] "GET /business.php HTTP/1.1" 200 10592 "-" "Mozilla/5.0 (compatible; YandexBot/3.0; +http://yandex.com/bots)"
157.55.18.23 - - [10/Mar/2012:07:04:15 -0600] "GET /robots.txt HTTP/1.1" 404 - "-" "Mozilla/5.0 (compatible; bingbot/2.0; +http://www.bing.com/bingbot.htm)"
1.202.218.8 - - [10/Mar/2012:07:12:25 -0600] "GET /robots.txt HTTP/1.0" 404 - "-" "\"Mozilla/5.0"
66.249.71.44 - - [10/Mar/2012:07:14:01 -0600] "GET /robots.txt HTTP/1.1" 404 - "-" "Mozilla/5.0 (compatible; Googlebot/2.1; +http://www.google.com/bot.html)"
66.249.71.44 - - [10/Mar/2012:07:14:01 -0600] "GET /contact.php HTTP/1.1" 200 10298 "-" "Mozilla/5.0 (compatible; Googlebot/2.1; +http://www.google.com/bot.html)"
157.55.18.23 - - [10/Mar/2012:07:23:21 -0600] "GET /contact.php HTTP/1.1" 200 10298 "-" "Mozilla/5.0 (compatible; bingbot/2.0; +http://www.bing.com/bingbot.htm)"
100.43.83.155 - - [10/Mar/2012:08:14:32 -0600] "GET / HTTP/1.1" 200 10288 "-" "Mozilla/5.0 (compatible; YandexBot/3.0; +http://yandex.com/bots)"
77.75.77.11 - - [10/Mar/2012:09:54:29 -0600] "GET /robots.txt HTTP/1.1" 404 - "-" "SeznamBot/3.0 (+http://fulltext.sblog.cz/)"
77.75.77.11 - - [10/Mar/2012:09:54:30 -0600] "GET /benefits.php HTTP/1.1" 404 - "-" "SeznamBot/3.0 (+http://fulltext.sblog.cz/)"
77.75.77.11 - - [10/Mar/2012:09:55:05 -0600] "GET / HTTP/1.1" 200 10288 "-" "SeznamBot/3.0 (+http://fulltext.sblog.cz/)"
1.202.218.8 - - [10/Mar/2012:10:32:06 -0600] "GET /robots.txt HTTP/1.0" 404 - "-" "\"Mozilla/5.0"
65.52.108.67 - - [10/Mar/2012:11:01:17 -0600] "GET /pdf/Invite%20for%20vets%20listening%20session%20%28mm%20edits%29.pdf HTTP/1.1" 404 - "-" "Mozilla/5.0 (compatible; bingbot/2.0; +http://www.bing.com/bingbot.htm)"
123.125.71.44 - - [10/Mar/2012:11:50:50 -0600] "GET / HTTP/1.1" 200 10288 "-" "Mozilla/5.0 (compatible; Baiduspider/2.0; +http://www.baidu.com/search/spider.html)"
180.76.5.55 - - [10/Mar/2012:12:13:43 -0600] "GET /css/compact_style.css HTTP/1.1" 200 4934 "-" "Mozilla/5.0 (compatible; Baiduspider/2.0; +http://www.baidu.com/search/spider.html)"
91.207.4.74 - - [10/Mar/2012:13:32:44 -0600] "HEAD /FCKeditor/editor/images/anchor.gif HTTP/1.0" 404 - "-" "Mozilla/5.0 (Windows; U; MSIE 9.0; Windows NT 9.0; en-US)"
91.207.4.74 - - [10/Mar/2012:13:32:46 -0600] "HEAD /FCKeditor/editor/images/anchor.gif HTTP/1.0" 404 - "-" "Mozilla/5.0 (Windows; U; MSIE 9.0; Windows NT 9.0; en-US)"
91.207.4.74 - - [10/Mar/2012:13:32:48 -0600] "HEAD /FCKeditor/editor/images/anchor.gif HTTP/1.0" 404 - "-" "Mozilla/5.0 (Windows; U; MSIE 9.0; Windows NT 9.0; en-US)"
1.202.218.8 - - [10/Mar/2012:13:48:50 -0600] "GET /robots.txt HTTP/1.0" 404 - "-" "\"Mozilla/5.0"
207.46.194.128 - - [10/Mar/2012:14:00:27 -0600] "GET /robots.txt HTTP/1.1" 404 - "-" "msnbot-media/1.1 (+http://search.msn.com/msnbot.htm)"
207.46.194.128 - - [10/Mar/2012:14:00:27 -0600] "GET /events/care_package/images/4.jpg HTTP/1.1" 404 - "-" "msnbot-media/1.1 (+http://search.msn.com/msnbot.htm)"
66.249.71.44 - - [10/Mar/2012:14:03:35 -0600] "GET /_inc/contact.php HTTP/1.1" 200 756 "-" "Mozilla/5.0 (iPhone; U; CPU iPhone OS 4_1 like Mac OS X; en-us) AppleWebKit/532.9 (KHTML, like Gecko) Version/4.0.5 Mobile/8B117 Safari/6531.22.7 (compatible; Googlebot-Mobile/2.1; +http://www.google.com/bot.html)"
67.185.169.96 - - [10/Mar/2012:16:16:10 -0600] "GET / HTTP/1.1" 200 10288 "http://www.google.com/url?sa=t&rct=j&q=&esrc=s&source=web&cd=1&cts=1331417772215&ved=0CCUQFjAA&url=http%3A%2F%2Foperationspokaneheroes.org%2F&ei=q9JbT9mSN6KfiQL8wrjXCw&usg=AFQjCNGGuKExGUEgtWK2o7s2b3sBxGCH3Q&sig2=IYzb71Dy24rSizoKqOU_gg" "Mozilla/5.0 (Windows NT 6.1; WOW64) AppleWebKit/535.11 (KHTML, like Gecko) Chrome/17.0.963.78 Safari/535.11"
67.185.169.96 - - [10/Mar/2012:16:16:10 -0600] "GET /_inc/slide.php HTTP/1.1" 200 3205 "http://operationspokaneheroes.org/" "Mozilla/5.0 (Windows NT 6.1; WOW64) AppleWebKit/535.11 (KHTML, like Gecko) Chrome/17.0.963.78 Safari/535.11"
67.185.169.96 - - [10/Mar/2012:16:16:10 -0600] "GET /slider.html HTTP/1.1" 200 7903 "http://operationspokaneheroes.org/" "Mozilla/5.0 (Windows NT 6.1; WOW64) AppleWebKit/535.11 (KHTML, like Gecko) Chrome/17.0.963.78 Safari/535.11"
67.185.169.96 - - [10/Mar/2012:16:16:10 -0600] "GET /css/footer.css HTTP/1.1" 200 752 "http://operationspokaneheroes.org/" "Mozilla/5.0 (Windows NT 6.1; WOW64) AppleWebKit/535.11 (KHTML, like Gecko) Chrome/17.0.963.78 Safari/535.11"
67.185.169.96 - - [10/Mar/2012:16:16:10 -0600] "GET /css/global.css HTTP/1.1" 200 13951 "http://operationspokaneheroes.org/" "Mozilla/5.0 (Windows NT 6.1; WOW64) AppleWebKit/535.11 (KHTML, like Gecko) Chrome/17.0.963.78 Safari/535.11"
67.185.169.96 - - [10/Mar/2012:16:16:10 -0600] "GET /images/contacticon.png HTTP/1.1" 200 4499 "http://operationspokaneheroes.org/" "Mozilla/5.0 (Windows NT 6.1; WOW64) AppleWebKit/535.11 (KHTML, like Gecko) Chrome/17.0.963.78 Safari/535.11"
67.185.169.96 - - [10/Mar/2012:16:16:10 -0600] "GET /images/global.png HTTP/1.1" 200 5737 "http://operationspokaneheroes.org/" "Mozilla/5.0 (Windows NT 6.1; WOW64) AppleWebKit/535.11 (KHTML, like Gecko) Chrome/17.0.963.78 Safari/535.11"
67.185.169.96 - - [10/Mar/2012:16:16:10 -0600] "GET /css/slide.css HTTP/1.1" 200 2869 "http://operationspokaneheroes.org/_inc/slide.php" "Mozilla/5.0 (Windows NT 6.1; WOW64) AppleWebKit/535.11 (KHTML, like Gecko) Chrome/17.0.963.78 Safari/535.11"
67.185.169.96 - - [10/Mar/2012:16:16:10 -0600] "GET /css/style_global.css HTTP/1.1" 200 2621 "http://operationspokaneheroes.org/_inc/slide.php" "Mozilla/5.0 (Windows NT 6.1; WOW64) AppleWebKit/535.11 (KHTML, like Gecko) Chrome/17.0.963.78 Safari/535.11"
67.185.169.96 - - [10/Mar/2012:16:16:11 -0600] "GET /css/compact_style.css HTTP/1.1" 200 4934 "http://operationspokaneheroes.org/slider.html" "Mozilla/5.0 (Windows NT 6.1; WOW64) AppleWebKit/535.11 (KHTML, like Gecko) Chrome/17.0.963.78 Safari/535.11"
67.185.169.96 - - [10/Mar/2012:16:16:11 -0600] "GET /jquery.easing.1.3.js HTTP/1.1" 200 8097 "http://operationspokaneheroes.org/slider.html" "Mozilla/5.0 (Windows NT 6.1; WOW64) AppleWebKit/535.11 (KHTML, like Gecko) Chrome/17.0.963.78 Safari/535.11"
67.185.169.96 - - [10/Mar/2012:16:16:11 -0600] "GET /js/cufon-yui.js HTTP/1.1" 200 18257 "http://operationspokaneheroes.org/slider.html" "Mozilla/5.0 (Windows NT 6.1; WOW64) AppleWebKit/535.11 (KHTML, like Gecko) Chrome/17.0.963.78 Safari/535.11"
67.185.169.96 - - [10/Mar/2012:16:16:11 -0600] "GET /js/Bebas_400.font.js HTTP/1.1" 200 32806 "http://operationspokaneheroes.org/slider.html" "Mozilla/5.0 (Windows NT 6.1; WOW64) AppleWebKit/535.11 (KHTML, like Gecko) Chrome/17.0.963.78 Safari/535.11"
67.185.169.96 - - [10/Mar/2012:16:16:11 -0600] "GET /images/facebook.png HTTP/1.1" 200 5004 "http://operationspokaneheroes.org/" "Mozilla/5.0 (Windows NT 6.1; WOW64) AppleWebKit/535.11 (KHTML, like Gecko) Chrome/17.0.963.78 Safari/535.11"
67.185.169.96 - - [10/Mar/2012:16:16:11 -0600] "GET /images/nav2.jpg HTTP/1.1" 200 4444 "http://operationspokaneheroes.org/" "Mozilla/5.0 (Windows NT 6.1; WOW64) AppleWebKit/535.11 (KHTML, like Gecko) Chrome/17.0.963.78 Safari/535.11"
67.185.169.96 - - [10/Mar/2012:16:16:11 -0600] "GET /mainbk.png HTTP/1.1" 200 290 "http://operationspokaneheroes.org/" "Mozilla/5.0 (Windows NT 6.1; WOW64) AppleWebKit/535.11 (KHTML, like Gecko) Chrome/17.0.963.78 Safari/535.11"
67.185.169.96 - - [10/Mar/2012:16:16:10 -0600] "GET /images/logo.png HTTP/1.1" 200 226129 "http://operationspokaneheroes.org/" "Mozilla/5.0 (Windows NT 6.1; WOW64) AppleWebKit/535.11 (KHTML, like Gecko) Chrome/17.0.963.78 Safari/535.11"
67.185.169.96 - - [10/Mar/2012:16:16:11 -0600] "GET /images/pearl_harbor.jpg HTTP/1.1" 200 16515 "http://operationspokaneheroes.org/slider.html" "Mozilla/5.0 (Windows NT 6.1; WOW64) AppleWebKit/535.11 (KHTML, like Gecko) Chrome/17.0.963.78 Safari/535.11"
67.185.169.96 - - [10/Mar/2012:16:16:11 -0600] "GET /images/bg2.jpg HTTP/1.1" 200 55206 "http://operationspokaneheroes.org/" "Mozilla/5.0 (Windows NT 6.1; WOW64) AppleWebKit/535.11 (KHTML, like Gecko) Chrome/17.0.963.78 Safari/535.11"
67.185.169.96 - - [10/Mar/2012:16:16:11 -0600] "GET /images/osh_static_cling.jpg HTTP/1.1" 200 19209 "http://operationspokaneheroes.org/slider.html" "Mozilla/5.0 (Windows NT 6.1; WOW64) AppleWebKit/535.11 (KHTML, like Gecko) Chrome/17.0.963.78 Safari/535.11"
67.185.169.96 - - [10/Mar/2012:16:16:10 -0600] "GET /js/combined.js HTTP/1.1" 200 169946 "http://operationspokaneheroes.org/_inc/slide.php" "Mozilla/5.0 (Windows NT 6.1; WOW64) AppleWebKit/535.11 (KHTML, like Gecko) Chrome/17.0.963.78 Safari/535.11"
67.185.169.96 - - [10/Mar/2012:16:16:11 -0600] "GET /images/marine_breakfast.jpg HTTP/1.1" 200 28792 "http://operationspokaneheroes.org/slider.html" "Mozilla/5.0 (Windows NT 6.1; WOW64) AppleWebKit/535.11 (KHTML, like Gecko) Chrome/17.0.963.78 Safari/535.11"
67.185.169.96 - - [10/Mar/2012:16:16:11 -0600] "GET /images/freedom_friday.jpg HTTP/1.1" 200 22631 "http://operationspokaneheroes.org/slider.html" "Mozilla/5.0 (Windows NT 6.1; WOW64) AppleWebKit/535.11 (KHTML, like Gecko) Chrome/17.0.963.78 Safari/535.11"
67.185.169.96 - - [10/Mar/2012:16:16:11 -0600] "GET /images/prev.png HTTP/1.1" 200 2995 "http://operationspokaneheroes.org/slider.html" "Mozilla/5.0 (Windows NT 6.1; WOW64) AppleWebKit/535.11 (KHTML, like Gecko) Chrome/17.0.963.78 Safari/535.11"
67.185.169.96 - - [10/Mar/2012:16:16:11 -0600] "GET /images/next.png HTTP/1.1" 200 3022 "http://operationspokaneheroes.org/slider.html" "Mozilla/5.0 (Windows NT 6.1; WOW64) AppleWebKit/535.11 (KHTML, like Gecko) Chrome/17.0.963.78 Safari/535.11"
67.185.169.96 - - [10/Mar/2012:16:16:11 -0600] "GET /images/we_believe.png HTTP/1.1" 200 1785 "http://operationspokaneheroes.org/_inc/slide.php" "Mozilla/5.0 (Windows NT 6.1; WOW64) AppleWebKit/535.11 (KHTML, like Gecko) Chrome/17.0.963.78 Safari/535.11"
67.185.169.96 - - [10/Mar/2012:16:16:11 -0600] "GET /images/we_strive.png HTTP/1.1" 200 1981 "http://operationspokaneheroes.org/_inc/slide.php" "Mozilla/5.0 (Windows NT 6.1; WOW64) AppleWebKit/535.11 (KHTML, like Gecko) Chrome/17.0.963.78 Safari/535.11"
67.185.169.96 - - [10/Mar/2012:16:16:11 -0600] "GET /images/mission_statement_bg.png HTTP/1.1" 200 11413 "http://operationspokaneheroes.org/_inc/slide.php" "Mozilla/5.0 (Windows NT 6.1; WOW64) AppleWebKit/535.11 (KHTML, like Gecko) Chrome/17.0.963.78 Safari/535.11"
67.185.169.96 - - [10/Mar/2012:16:16:11 -0600] "GET /images/we_help.png HTTP/1.1" 200 1514 "http://operationspokaneheroes.org/_inc/slide.php" "Mozilla/5.0 (Windows NT 6.1; WOW64) AppleWebKit/535.11 (KHTML, like Gecko) Chrome/17.0.963.78 Safari/535.11"
67.185.169.96 - - [10/Mar/2012:16:16:12 -0600] "GET /assets/images/btn_top_search_hover.png HTTP/1.1" 404 - "http://operationspokaneheroes.org/_inc/slide.php" "Mozilla/5.0 (Windows NT 6.1; WOW64) AppleWebKit/535.11 (KHTML, like Gecko) Chrome/17.0.963.78 Safari/535.11"
67.185.169.96 - - [10/Mar/2012:16:16:12 -0600] "GET /images/we_need.png HTTP/1.1" 200 2138 "http://operationspokaneheroes.org/_inc/slide.php" "Mozilla/5.0 (Windows NT 6.1; WOW64) AppleWebKit/535.11 (KHTML, like Gecko) Chrome/17.0.963.78 Safari/535.11"
67.185.169.96 - - [10/Mar/2012:16:16:12 -0600] "GET /assets/images/btn_main_search_hover.png HTTP/1.1" 404 - "http://operationspokaneheroes.org/_inc/slide.php" "Mozilla/5.0 (Windows NT 6.1; WOW64) AppleWebKit/535.11 (KHTML, like Gecko) Chrome/17.0.963.78 Safari/535.11"
67.185.169.96 - - [10/Mar/2012:16:16:11 -0600] "GET /images/4.jpg HTTP/1.1" 200 186934 "http://operationspokaneheroes.org/_inc/slide.php" "Mozilla/5.0 (Windows NT 6.1; WOW64) AppleWebKit/535.11 (KHTML, like Gecko) Chrome/17.0.963.78 Safari/535.11"
67.185.169.96 - - [10/Mar/2012:16:16:11 -0600] "GET /images/2.jpg HTTP/1.1" 200 170993 "http://operationspokaneheroes.org/_inc/slide.php" "Mozilla/5.0 (Windows NT 6.1; WOW64) AppleWebKit/535.11 (KHTML, like Gecko) Chrome/17.0.963.78 Safari/535.11"
67.185.169.96 - - [10/Mar/2012:16:16:12 -0600] "GET /images/1.jpg HTTP/1.1" 200 142489 "http://operationspokaneheroes.org/_inc/slide.php" "Mozilla/5.0 (Windows NT 6.1; WOW64) AppleWebKit/535.11 (KHTML, like Gecko) Chrome/17.0.963.78 Safari/535.11"
67.185.169.96 - - [10/Mar/2012:16:16:11 -0600] "GET /images/3.jpg HTTP/1.1" 200 240733 "http://operationspokaneheroes.org/_inc/slide.php" "Mozilla/5.0 (Windows NT 6.1; WOW64) AppleWebKit/535.11 (KHTML, like Gecko) Chrome/17.0.963.78 Safari/535.11"
