66.249.73.133 - - [03/Nov/2012:15:28:27 -0500] "GET / HTTP/1.1" 200 10447 "-" "Mozilla/5.0 (iPhone; U; CPU iPhone OS 4_1 like Mac OS X; en-us) AppleWebKit/532.9 (KHTML, like Gecko) Version/4.0.5 Mobile/8B117 Safari/6531.22.7 (compatible; Googlebot-Mobile/2.1; +http://www.google.com/bot.html)"
5.9.40.194 - - [03/Nov/2012:16:55:17 -0500] "GET /robots.txt HTTP/1.1" 404 - "-" "Mozilla/5.0 (compatible; MSIE 9.0; Windows NT 6.1; Win64; x64; Trident/5.0; MALC)"
5.9.40.194 - - [03/Nov/2012:16:55:17 -0500] "GET / HTTP/1.1" 200 10447 "-" "Mozilla/5.0 (compatible; MSIE 9.0; Windows NT 6.1; Win64; x64; Trident/5.0; MALC)"
180.76.5.145 - - [03/Nov/2012:17:57:08 -0500] "GET /java_for_joes/index.html HTTP/1.1" 404 - "-" "Mozilla/5.0 (compatible; Baiduspider/2.0; +http://www.baidu.com/search/spider.html)"
180.76.5.95 - - [03/Nov/2012:18:21:34 -0500] "GET /java_for_joes/index.html HTTP/1.1" 404 - "-" "Mozilla/5.0 (compatible; Baiduspider/2.0; +http://www.baidu.com/search/spider.html)"
178.137.5.185 - - [03/Nov/2012:18:50:56 -0500] "GET / HTTP/1.1" 200 10447 "http://www.foto-star.ru/" "Mozilla/4.0 (compatible; MSIE 6.0; AOL 9.0; Windows NT 5.1)"
178.137.5.185 - - [03/Nov/2012:18:50:56 -0500] "GET / HTTP/1.1" 200 10447 "http://lovejewel.ru/" "Mozilla/4.0 (compatible; MSIE 5.5; Windows NT 5.0; .NET CLR 1.1.4322)"
178.137.5.185 - - [03/Nov/2012:18:50:58 -0500] "GET / HTTP/1.1" 200 10447 "http://lovejewel.ru/" "Mozilla/4.0 (compatible; MSIE 5.5; Windows NT 5.0; .NET CLR 1.1.4322)"
178.137.5.185 - - [03/Nov/2012:18:50:58 -0500] "GET / HTTP/1.1" 200 10267 "http://www.foto-star.ru/" "Mozilla/4.0 (compatible; MSIE 6.0; AOL 9.0; Windows NT 5.1)"
95.108.158.233 - - [03/Nov/2012:20:45:53 -0500] "GET /robots.txt HTTP/1.1" 404 - "-" "Mozilla/5.0 (compatible; YandexImages/3.0; +http://yandex.com/bots)"
92.249.127.111 - - [03/Nov/2012:20:49:15 -0500] "GET / HTTP/1.1" 200 10447 "http://sonnik-millera.ru/" "Mozilla/5.0 (compatible; news bot /2.1)"
92.249.127.111 - - [03/Nov/2012:20:49:16 -0500] "GET / HTTP/1.1" 200 10267 "http://sonnik-millera.ru/" "Mozilla/5.0 (compatible; news bot /2.1)"
100.43.83.155 - - [03/Nov/2012:21:33:03 -0500] "GET / HTTP/1.1" 200 10447 "-" "Mozilla/5.0 (compatible; YandexBot/3.0; +http://yandex.com/bots)"
193.106.136.61 - - [03/Nov/2012:21:44:26 -0500] "GET / HTTP/1.1" 200 10267 "http://bibikablog.com/" "Mozilla/4.0 (compatible; MSIE 6.0; Windows NT 5.1; TheFreeDictionary.com; .NET CLR 1.1.4322; .NET CLR 1.0.3705; .NET CLR 2.0.50727)"
193.106.136.61 - - [03/Nov/2012:21:44:27 -0500] "GET / HTTP/1.1" 200 10267 "http://bibikablog.com/" "Mozilla/4.0 (compatible; MSIE 6.0; Windows NT 5.1; TheFreeDictionary.com; .NET CLR 1.1.4322; .NET CLR 1.0.3705; .NET CLR 2.0.50727)"
180.76.5.189 - - [03/Nov/2012:23:19:53 -0500] "GET /java_for_joes/index.html HTTP/1.1" 404 - "-" "Mozilla/5.0 (compatible; Baiduspider/2.0; +http://www.baidu.com/search/spider.html)"
100.43.83.155 - - [03/Nov/2012:23:59:43 -0500] "GET /pdf/174%20Stores%20and%20Business%20Offering%20Military%20Discounts1.pdf HTTP/1.1" 200 122888 "-" "Mozilla/5.0 (compatible; YandexBot/3.0; +http://yandex.com/bots)"
180.76.5.99 - - [04/Nov/2012:00:20:53 -0500] "GET / HTTP/1.1" 200 10447 "-" "Mozilla/5.0 (compatible; Baiduspider/2.0; +http://www.baidu.com/search/spider.html)"
208.115.113.86 - - [04/Nov/2012:01:52:07 -0500] "GET /robots.txt HTTP/1.1" 404 - "-" "Mozilla/5.0 (compatible; Ezooms/1.0; ezooms.bot@gmail.com)"
195.242.218.133 - - [04/Nov/2012:01:29:20 -0600] "GET / HTTP/1.1" 200 10267 "http://www.selenger.com/" "Mozilla/4.0 (compatible; MSIE 7.0; Windows NT 5.1; SV1; .NET CLR 2.0.50727)"
195.242.218.133 - - [04/Nov/2012:01:29:22 -0600] "GET / HTTP/1.1" 200 10267 "http://www.selenger.com/" "Mozilla/4.0 (compatible; MSIE 7.0; Windows NT 5.1; SV1; .NET CLR 2.0.50727)"
123.125.71.47 - - [04/Nov/2012:01:56:31 -0600] "GET /images/contacticon.png HTTP/1.1" 200 4499 "http://image.baidu.com/i?ct=503316480&z=0&tn=baiduimagedetail" "Baiduspider-image+(+http://www.baidu.com/search/spider.htm)"
208.115.113.86 - - [04/Nov/2012:02:47:59 -0600] "GET /benefits.php HTTP/1.1" 404 - "-" "Mozilla/5.0 (compatible; Ezooms/1.0; ezooms.bot@gmail.com)"
157.56.94.158 - - [04/Nov/2012:04:12:38 -0600] "GET /robots.txt HTTP/1.1" 404 - "-" "msnbot/2.0b (+http://search.msn.com/msnbot.htm)"
157.56.94.158 - - [04/Nov/2012:04:12:38 -0600] "GET / HTTP/1.1" 200 10447 "-" "msnbot/2.0b (+http://search.msn.com/msnbot.htm)"
157.55.32.149 - - [04/Nov/2012:04:43:48 -0600] "GET /robots.txt HTTP/1.1" 404 - "-" "Mozilla/5.0 (compatible; bingbot/2.0; +http://www.bing.com/bingbot.htm)"
157.55.32.149 - - [04/Nov/2012:04:45:36 -0600] "GET /events.php HTTP/1.1" 200 6407 "-" "Mozilla/5.0 (compatible; bingbot/2.0; +http://www.bing.com/bingbot.htm)"
65.55.52.96 - - [04/Nov/2012:04:46:38 -0600] "GET /aboutus.php HTTP/1.1" 200 11557 "-" "Mozilla/5.0 (compatible; bingbot/2.0; +http://www.bing.com/bingbot.htm)"
157.55.32.108 - - [04/Nov/2012:04:47:59 -0600] "GET /donate.php HTTP/1.1" 200 11589 "-" "Mozilla/5.0 (compatible; bingbot/2.0; +http://www.bing.com/bingbot.htm)"
157.55.32.108 - - [04/Nov/2012:04:48:08 -0600] "GET /contact.php HTTP/1.1" 200 10409 "-" "Mozilla/5.0 (compatible; bingbot/2.0; +http://www.bing.com/bingbot.htm)"
65.55.52.96 - - [04/Nov/2012:04:48:14 -0600] "GET /_inc/slide.php HTTP/1.1" 200 3205 "-" "Mozilla/5.0 (compatible; bingbot/2.0; +http://www.bing.com/bingbot.htm)"
157.55.32.108 - - [04/Nov/2012:04:48:14 -0600] "GET /resources.php HTTP/1.1" 200 10288 "-" "Mozilla/5.0 (compatible; bingbot/2.0; +http://www.bing.com/bingbot.htm)"
157.55.32.58 - - [04/Nov/2012:04:48:36 -0600] "GET /mission.php HTTP/1.1" 404 - "-" "Mozilla/5.0 (compatible; bingbot/2.0; +http://www.bing.com/bingbot.htm)"
157.55.32.58 - - [04/Nov/2012:04:48:43 -0600] "GET /java_for_joes/index.html HTTP/1.1" 404 - "-" "Mozilla/5.0 (compatible; bingbot/2.0; +http://www.bing.com/bingbot.htm)"
157.55.32.58 - - [04/Nov/2012:04:48:47 -0600] "GET /java_for_joes/java_for_joes_flyer2.pdf HTTP/1.1" 404 - "-" "Mozilla/5.0 (compatible; bingbot/2.0; +http://www.bing.com/bingbot.htm)"
157.55.34.183 - - [04/Nov/2012:04:51:36 -0600] "GET /_inc/events.php HTTP/1.1" 200 5967 "-" "Mozilla/5.0 (compatible; bingbot/2.0; +http://www.bing.com/bingbot.htm)"
157.55.34.183 - - [04/Nov/2012:04:51:45 -0600] "GET /employers.php HTTP/1.1" 404 - "-" "Mozilla/5.0 (compatible; bingbot/2.0; +http://www.bing.com/bingbot.htm)"
157.55.32.58 - - [04/Nov/2012:04:52:36 -0600] "GET /java_for_joes/press_release.pdf HTTP/1.1" 404 - "-" "Mozilla/5.0 (compatible; bingbot/2.0; +http://www.bing.com/bingbot.htm)"
157.55.32.58 - - [04/Nov/2012:04:52:45 -0600] "GET /pdf/OSH%20Gift%20Cards%202011%20Media%20Advisory.pdf HTTP/1.1" 404 - "-" "Mozilla/5.0 (compatible; bingbot/2.0; +http://www.bing.com/bingbot.htm)"
157.55.33.24 - - [04/Nov/2012:04:52:56 -0600] "GET / HTTP/1.1" 200 10447 "-" "Mozilla/5.0 (compatible; bingbot/2.0; +http://www.bing.com/bingbot.htm)"
157.55.33.24 - - [04/Nov/2012:04:53:01 -0600] "GET /freedom.php HTTP/1.1" 200 10802 "-" "Mozilla/5.0 (compatible; bingbot/2.0; +http://www.bing.com/bingbot.htm)"
157.55.33.24 - - [04/Nov/2012:04:53:03 -0600] "GET /index.php HTTP/1.1" 200 10447 "-" "Mozilla/5.0 (compatible; bingbot/2.0; +http://www.bing.com/bingbot.htm)"
157.55.33.24 - - [04/Nov/2012:04:53:04 -0600] "GET /slider.html HTTP/1.1" 200 8245 "-" "Mozilla/5.0 (compatible; bingbot/2.0; +http://www.bing.com/bingbot.htm)"
157.55.33.24 - - [04/Nov/2012:04:53:05 -0600] "GET /pdf/freaky_farms.pdf HTTP/1.1" 200 390664 "-" "Mozilla/5.0 (compatible; bingbot/2.0; +http://www.bing.com/bingbot.htm)"
157.55.35.32 - - [04/Nov/2012:05:18:17 -0600] "GET /wedo.php HTTP/1.1" 404 - "-" "Mozilla/5.0 (compatible; bingbot/2.0; +http://www.bing.com/bingbot.htm)"
157.56.94.158 - - [04/Nov/2012:07:33:14 -0600] "GET /index.php HTTP/1.1" 200 10447 "-" "msnbot/2.0b (+http://search.msn.com/msnbot.htm)"
157.56.94.158 - - [04/Nov/2012:07:33:19 -0600] "GET /contact.php HTTP/1.1" 200 10409 "-" "msnbot/2.0b (+http://search.msn.com/msnbot.htm)"
157.56.94.158 - - [04/Nov/2012:07:33:21 -0600] "GET /events.php HTTP/1.1" 200 6407 "-" "msnbot/2.0b (+http://search.msn.com/msnbot.htm)"
157.56.94.158 - - [04/Nov/2012:07:33:22 -0600] "GET /slider.html HTTP/1.1" 200 8245 "-" "msnbot/2.0b (+http://search.msn.com/msnbot.htm)"
157.56.94.158 - - [04/Nov/2012:07:33:29 -0600] "GET /calendar.php HTTP/1.1" 200 10599 "-" "msnbot/2.0b (+http://search.msn.com/msnbot.htm)"
157.56.94.158 - - [04/Nov/2012:07:33:30 -0600] "GET /_inc/slide.php HTTP/1.1" 200 3205 "-" "msnbot/2.0b (+http://search.msn.com/msnbot.htm)"
157.56.94.158 - - [04/Nov/2012:07:33:33 -0600] "GET /business.php HTTP/1.1" 200 10703 "-" "msnbot/2.0b (+http://search.msn.com/msnbot.htm)"
157.56.94.158 - - [04/Nov/2012:07:33:34 -0600] "GET /aboutus.php HTTP/1.1" 200 11557 "-" "msnbot/2.0b (+http://search.msn.com/msnbot.htm)"
157.56.94.158 - - [04/Nov/2012:07:33:36 -0600] "GET /donate.php HTTP/1.1" 200 11589 "-" "msnbot/2.0b (+http://search.msn.com/msnbot.htm)"
157.55.33.24 - - [04/Nov/2012:07:35:07 -0600] "GET /robots.txt HTTP/1.1" 404 - "-" "Mozilla/5.0 (compatible; bingbot/2.0; +http://www.bing.com/bingbot.htm)"
157.55.33.24 - - [04/Nov/2012:07:36:12 -0600] "GET / HTTP/1.1" 200 10447 "-" "Mozilla/5.0 (compatible; bingbot/2.0; +http://www.bing.com/bingbot.htm)"
1.202.218.21 - - [04/Nov/2012:07:46:06 -0600] "GET /robots.txt HTTP/1.1" 404 - "-" "Mozilla/5.0 (compatible; JikeSpider; +http://shoulu.jike.com/spider.html)"
95.168.172.156 - - [04/Nov/2012:10:19:58 -0600] "GET / HTTP/1.1" 200 10267 "http://ongame-hack.ru/" "Mozilla/4.0 (MSIE 6.0; Windows NT 5.1; Search)"
95.168.172.156 - - [04/Nov/2012:10:20:00 -0600] "GET / HTTP/1.1" 200 10267 "http://ongame-hack.ru/" "Mozilla/4.0 (MSIE 6.0; Windows NT 5.1; Search)"
123.125.71.15 - - [04/Nov/2012:10:46:53 -0600] "GET / HTTP/1.1" 200 10267 "-" "Mozilla/5.0 (compatible; Baiduspider/2.0; +http://www.baidu.com/search/spider.html)"
220.181.108.100 - - [04/Nov/2012:10:47:30 -0600] "GET / HTTP/1.1" 200 10447 "-" "Mozilla/5.0 (compatible; Baiduspider/2.0; +http://www.baidu.com/search/spider.html)"
157.55.32.108 - - [04/Nov/2012:12:33:22 -0600] "GET /robots.txt HTTP/1.1" 404 - "-" "Mozilla/5.0 (compatible; bingbot/2.0; +http://www.bing.com/bingbot.htm)"
157.55.32.108 - - [04/Nov/2012:12:35:32 -0600] "GET /pdf/174%20Stores%20and%20Business%20Offering%20Military%20Discounts1.pdf HTTP/1.1" 200 122888 "-" "Mozilla/5.0 (compatible; bingbot/2.0; +http://www.bing.com/bingbot.htm)"
180.76.5.142 - - [04/Nov/2012:12:49:55 -0600] "GET /java_for_joes/index.html HTTP/1.1" 404 - "-" "Mozilla/5.0 (compatible; Baiduspider/2.0; +http://www.baidu.com/search/spider.html)"
100.43.83.155 - - [04/Nov/2012:14:17:38 -0600] "GET /robots.txt HTTP/1.1" 404 - "-" "Mozilla/5.0 (compatible; YandexBot/3.0; +http://yandex.com/bots)"
123.125.71.27 - - [04/Nov/2012:15:22:15 -0600] "GET /images/facebook.png HTTP/1.1" 200 5004 "http://image.baidu.com/i?ct=503316480&z=0&tn=baiduimagedetail" "Baiduspider-image+(+http://www.baidu.com/search/spider.htm)"
173.199.120.67 - - [04/Nov/2012:15:25:48 -0600] "GET /robots.txt HTTP/1.1" 404 - "-" "Mozilla/5.0 (compatible; AhrefsBot/4.0; +http://ahrefs.com/robot/)"
173.199.120.67 - - [04/Nov/2012:15:25:48 -0600] "GET /robots.txt HTTP/1.1" 404 - "-" "Mozilla/5.0 (compatible; AhrefsBot/4.0; +http://ahrefs.com/robot/)"
66.249.73.102 - - [04/Nov/2012:15:34:43 -0600] "GET /robots.txt HTTP/1.1" 404 - "-" "Mozilla/5.0 (compatible; Googlebot/2.1; +http://www.google.com/bot.html)"
66.249.73.102 - - [04/Nov/2012:15:34:43 -0600] "GET /pdf/WAwillvetsFINAL.pdf HTTP/1.1" 200 4202968 "-" "Mozilla/5.0 (compatible; Googlebot/2.1; +http://www.google.com/bot.html)"
24.134.146.36 - - [04/Nov/2012:16:05:52 -0600] "GET /index.php HTTP/1.1" 200 10447 "-" "findlinks/2.0.2 (+http://wortschatz.uni-leipzig.de/findlinks/)"
180.76.5.51 - - [04/Nov/2012:16:34:55 -0600] "GET /events.php HTTP/1.1" 200 6407 "-" "Mozilla/5.0 (compatible; Baiduspider/2.0; +http://www.baidu.com/search/spider.html)"
180.76.5.91 - - [04/Nov/2012:18:16:40 -0600] "GET /java_for_joes/index.html HTTP/1.1" 404 - "-" "Mozilla/5.0 (compatible; Baiduspider/2.0; +http://www.baidu.com/search/spider.html)"
123.125.71.23 - - [04/Nov/2012:19:10:20 -0600] "GET / HTTP/1.1" 200 10447 "-" "Mozilla/5.0 (compatible; Baiduspider/2.0; +http://www.baidu.com/search/spider.html)"
180.76.5.64 - - [04/Nov/2012:19:12:46 -0600] "GET /robots.txt HTTP/1.1" 404 - "-" "Mozilla/5.0 (Windows NT 5.1; rv:6.0.2) Gecko/20100101 Firefox/6.0.2"
69.28.58.9 - - [04/Nov/2012:20:22:13 -0600] "GET /_inc/slide.php HTTP/1.1" 200 3205 "-" "Wget/1.9+cvs-stable (Red Hat modified)"
180.76.5.66 - - [04/Nov/2012:20:53:04 -0600] "GET /java_for_joes/index.html HTTP/1.1" 404 - "-" "Mozilla/5.0 (compatible; Baiduspider/2.0; +http://www.baidu.com/search/spider.html)"
157.55.33.24 - - [04/Nov/2012:20:53:31 -0600] "GET /robots.txt HTTP/1.1" 404 - "-" "Mozilla/5.0 (compatible; bingbot/2.0; +http://www.bing.com/bingbot.htm)"
176.123.0.57 - - [04/Nov/2012:21:05:27 -0600] "GET / HTTP/1.1" 200 10267 "http://www.plentagos.com/" "Mozilla/4.0 (compatible; MSIE 5.0; Windows 2000) Opera 6.0 [en]"
176.123.0.57 - - [04/Nov/2012:21:05:28 -0600] "GET / HTTP/1.1" 200 10267 "http://www.plentagos.com/" "Mozilla/4.0 (compatible; MSIE 5.0; Windows 2000) Opera 6.0 [en]"
100.43.83.155 - - [04/Nov/2012:21:59:58 -0600] "GET /resources.php HTTP/1.1" 200 10288 "-" "Mozilla/5.0 (compatible; YandexBot/3.0; +http://yandex.com/bots)"
66.220.158.114 - - [04/Nov/2012:22:00:03 -0600] "GET /index.php HTTP/1.1" 200 10447 "-" "facebookexternalhit/1.1 (+http://www.facebook.com/externalhit_uatext.php)"
157.55.33.24 - - [04/Nov/2012:22:04:14 -0600] "GET / HTTP/1.1" 200 10447 "-" "Mozilla/5.0 (compatible; bingbot/2.0; +http://www.bing.com/bingbot.htm)"
157.55.33.24 - - [04/Nov/2012:22:49:55 -0600] "GET /robots.txt HTTP/1.1" 404 - "-" "Mozilla/5.0 (compatible; bingbot/2.0; +http://www.bing.com/bingbot.htm)"
157.55.33.24 - - [04/Nov/2012:23:03:18 -0600] "GET / HTTP/1.1" 200 10447 "-" "Mozilla/5.0 (compatible; bingbot/2.0; +http://www.bing.com/bingbot.htm)"
218.30.103.147 - - [05/Nov/2012:00:26:10 -0600] "GET /robots.txt HTTP/1.1" 404 - "-" "Sogou web spider/4.0"
218.30.103.147 - - [05/Nov/2012:00:26:15 -0600] "GET / HTTP/1.1" 200 10447 "-" "Sogou web spider/4.0(+http://www.sogou.com/docs/help/webmasters.htm#07)"
157.55.32.149 - - [05/Nov/2012:01:29:43 -0600] "GET /robots.txt HTTP/1.1" 404 - "-" "Mozilla/5.0 (compatible; bingbot/2.0; +http://www.bing.com/bingbot.htm)"
157.55.32.149 - - [05/Nov/2012:01:32:35 -0600] "GET /events.php HTTP/1.1" 200 6407 "-" "Mozilla/5.0 (compatible; bingbot/2.0; +http://www.bing.com/bingbot.htm)"
92.249.127.111 - - [05/Nov/2012:01:53:21 -0600] "GET / HTTP/1.1" 200 10267 "http://cookingmeat.ru/" "Mozilla/5.0 (compatible; news bot /2.1)"
92.249.127.111 - - [05/Nov/2012:01:53:23 -0600] "GET / HTTP/1.1" 200 10267 "http://cookingmeat.ru/" "Mozilla/5.0 (compatible; news bot /2.1)"
66.249.73.133 - - [05/Nov/2012:02:04:04 -0600] "GET /robots.txt HTTP/1.1" 404 - "-" "Mozilla/5.0 (compatible; Googlebot/2.1; +http://www.google.com/bot.html)"
66.249.73.133 - - [05/Nov/2012:02:04:04 -0600] "GET / HTTP/1.1" 200 10447 "-" "Mozilla/5.0 (compatible; Googlebot/2.1; +http://www.google.com/bot.html)"
95.108.151.244 - - [05/Nov/2012:02:19:11 -0600] "GET /robots.txt HTTP/1.1" 404 - "-" "Mozilla/5.0 (compatible; YandexBot/3.0; +http://yandex.com/bots)"
95.108.151.244 - - [05/Nov/2012:02:19:12 -0600] "GET / HTTP/1.1" 200 10447 "-" "Mozilla/5.0 (compatible; YandexBot/3.0; +http://yandex.com/bots)"
95.108.151.244 - - [05/Nov/2012:02:19:13 -0600] "GET / HTTP/1.1" 200 10447 "-" "Mozilla/5.0 (compatible; YandexBot/3.0; +http://yandex.com/bots)"
92.249.127.111 - - [05/Nov/2012:02:28:39 -0600] "GET / HTTP/1.1" 200 10267 "http://sonnik-millera.ru/" "Mozilla/5.0 (compatible; news bot /2.1)"
92.249.127.111 - - [05/Nov/2012:02:28:40 -0600] "GET / HTTP/1.1" 200 10267 "http://sonnik-millera.ru/" "Mozilla/5.0 (compatible; news bot /2.1)"
89.108.102.171 - - [05/Nov/2012:04:19:45 -0600] "GET / HTTP/1.1" 200 10267 "http://exspain.ru/" "Mozilla/5.0 (compatible; YandexBot/3.0; +http://yandex.com/bots)"
89.108.102.171 - - [05/Nov/2012:04:19:48 -0600] "GET / HTTP/1.1" 200 10447 "http://exspain.ru/" "Mozilla/5.0 (compatible; YandexBot/3.0; +http://yandex.com/bots)"
178.137.5.185 - - [05/Nov/2012:04:36:45 -0600] "GET / HTTP/1.1" 200 10447 "http://lovejewel.ru/" "Mozilla/4.0 (compatible; MSIE 5.5; Windows NT 5.0; .NET CLR 1.1.4322)"
178.137.5.185 - - [05/Nov/2012:04:36:45 -0600] "GET / HTTP/1.1" 200 10267 "http://rosinvest.com/kurs" "Mozilla/4.0 (compatible; MSIE 6.0; AOL 9.0; Windows NT 5.1)"
178.137.5.185 - - [05/Nov/2012:04:36:46 -0600] "GET / HTTP/1.1" 200 10267 "http://rosinvest.com/kurs" "Mozilla/4.0 (compatible; MSIE 6.0; AOL 9.0; Windows NT 5.1)"
178.137.5.185 - - [05/Nov/2012:04:36:46 -0600] "GET / HTTP/1.1" 200 10447 "http://lovejewel.ru/" "Mozilla/4.0 (compatible; MSIE 5.5; Windows NT 5.0; .NET CLR 1.1.4322)"
208.115.113.86 - - [05/Nov/2012:04:55:00 -0600] "GET /robots.txt HTTP/1.1" 404 - "-" "Mozilla/5.0 (compatible; Ezooms/1.0; ezooms.bot@gmail.com)"
193.106.136.61 - - [05/Nov/2012:05:04:10 -0600] "GET / HTTP/1.1" 200 10267 "http://pammclub.ru/" "Mozilla/4.0 (compatible; MSIE 7.0b; Windows NT 6.0 ; .NET CLR 2.0.50215; SL Commerce Client v1.0; Tablet PC 2.0"
193.106.136.61 - - [05/Nov/2012:05:04:11 -0600] "GET / HTTP/1.1" 200 10267 "http://pammclub.ru/" "Mozilla/4.0 (compatible; MSIE 7.0b; Windows NT 6.0 ; .NET CLR 2.0.50215; SL Commerce Client v1.0; Tablet PC 2.0"
157.56.94.158 - - [05/Nov/2012:05:06:32 -0600] "GET /robots.txt HTTP/1.1" 404 - "-" "msnbot/2.0b (+http://search.msn.com/msnbot.htm)"
157.56.94.158 - - [05/Nov/2012:05:06:32 -0600] "GET / HTTP/1.1" 200 10447 "-" "msnbot/2.0b (+http://search.msn.com/msnbot.htm)"
1.202.218.21 - - [05/Nov/2012:06:44:25 -0600] "GET /robots.txt HTTP/1.1" 404 - "-" "Mozilla/5.0 (compatible; JikeSpider; +http://shoulu.jike.com/spider.html)"
208.115.113.86 - - [05/Nov/2012:06:50:48 -0600] "GET /business_discount.php HTTP/1.1" 404 - "-" "Mozilla/5.0 (compatible; Ezooms/1.0; ezooms.bot@gmail.com)"
157.56.94.158 - - [05/Nov/2012:07:55:30 -0600] "GET /index.php HTTP/1.1" 200 10447 "-" "msnbot/2.0b (+http://search.msn.com/msnbot.htm)"
157.56.94.158 - - [05/Nov/2012:07:55:33 -0600] "GET /contact.php HTTP/1.1" 200 10409 "-" "msnbot/2.0b (+http://search.msn.com/msnbot.htm)"
157.56.94.158 - - [05/Nov/2012:07:55:34 -0600] "GET /events.php HTTP/1.1" 200 6407 "-" "msnbot/2.0b (+http://search.msn.com/msnbot.htm)"
157.56.94.158 - - [05/Nov/2012:07:55:36 -0600] "GET /slider.html HTTP/1.1" 200 8245 "-" "msnbot/2.0b (+http://search.msn.com/msnbot.htm)"
157.56.94.158 - - [05/Nov/2012:07:55:37 -0600] "GET /calendar.php HTTP/1.1" 200 10599 "-" "msnbot/2.0b (+http://search.msn.com/msnbot.htm)"
157.56.94.158 - - [05/Nov/2012:07:55:38 -0600] "GET /_inc/slide.php HTTP/1.1" 200 3205 "-" "msnbot/2.0b (+http://search.msn.com/msnbot.htm)"
157.56.94.158 - - [05/Nov/2012:07:55:41 -0600] "GET /business.php HTTP/1.1" 200 10703 "-" "msnbot/2.0b (+http://search.msn.com/msnbot.htm)"
157.56.94.158 - - [05/Nov/2012:07:55:42 -0600] "GET /aboutus.php HTTP/1.1" 200 11557 "-" "msnbot/2.0b (+http://search.msn.com/msnbot.htm)"
157.56.94.158 - - [05/Nov/2012:07:55:44 -0600] "GET /donate.php HTTP/1.1" 200 11589 "-" "msnbot/2.0b (+http://search.msn.com/msnbot.htm)"
66.249.73.102 - - [05/Nov/2012:10:52:10 -0600] "GET /robots.txt HTTP/1.1" 404 - "-" "Mozilla/5.0 (compatible; Googlebot/2.1; +http://www.google.com/bot.html)"
66.249.73.102 - - [05/Nov/2012:10:52:10 -0600] "GET /events/vet_picnic/images/1.jpg HTTP/1.1" 304 - "-" "Googlebot-Image/1.0"
66.249.73.102 - - [05/Nov/2012:11:02:10 -0600] "GET /events/vet_picnic/images/2.jpg HTTP/1.1" 304 - "-" "Googlebot-Image/1.0"
123.125.71.18 - - [05/Nov/2012:11:29:28 -0600] "GET /index.php HTTP/1.1" 200 10447 "-" "Mozilla/5.0 (compatible; Baiduspider/2.0; +http://www.baidu.com/search/spider.html)"
123.125.71.45 - - [05/Nov/2012:11:29:30 -0600] "GET / HTTP/1.1" 200 10447 "-" "Mozilla/5.0 (compatible; Baiduspider/2.0; +http://www.baidu.com/search/spider.html)"
66.249.73.102 - - [05/Nov/2012:13:11:24 -0600] "GET /events/vet_picnic/images/1.jpg HTTP/1.1" 304 - "-" "Googlebot-Image/1.0"
95.108.150.235 - - [05/Nov/2012:13:17:46 -0600] "GET /robots.txt HTTP/1.1" 404 - "-" "Mozilla/5.0 (compatible; YandexBot/3.0; +http://yandex.com/bots)"
95.108.150.235 - - [05/Nov/2012:13:17:46 -0600] "GET /robots.txt HTTP/1.1" 404 - "-" "Mozilla/5.0 (compatible; YandexBot/3.0; +http://yandex.com/bots)"
95.108.150.235 - - [05/Nov/2012:13:17:47 -0600] "GET / HTTP/1.1" 200 10447 "-" "Mozilla/5.0 (compatible; YandexBot/3.0; +http://yandex.com/bots)"
95.108.150.235 - - [05/Nov/2012:13:17:47 -0600] "GET / HTTP/1.1" 200 10447 "-" "Mozilla/5.0 (compatible; YandexBot/3.0; +http://yandex.com/bots)"
95.108.150.235 - - [05/Nov/2012:13:17:49 -0600] "GET / HTTP/1.1" 200 10447 "-" "Mozilla/5.0 (compatible; YandexBot/3.0; +http://yandex.com/bots)"
95.108.150.235 - - [05/Nov/2012:13:17:49 -0600] "GET / HTTP/1.1" 200 10447 "-" "Mozilla/5.0 (compatible; YandexBot/3.0; +http://yandex.com/bots)"
207.46.199.179 - - [05/Nov/2012:13:29:51 -0600] "GET /robots.txt HTTP/1.1" 404 - "-" "Mozilla/5.0 (compatible; bingbot/2.0; +http://www.bing.com/bingbot.htm)"
207.46.199.179 - - [05/Nov/2012:13:31:24 -0600] "GET / HTTP/1.1" 200 10447 "-" "Mozilla/5.0 (compatible; bingbot/2.0; +http://www.bing.com/bingbot.htm)"
109.206.179.185 - - [05/Nov/2012:14:07:56 -0600] "GET / HTTP/1.1" 200 10447 "http://www.google.com" "Mozilla/5.0 (X11; Linux AMD64) Gecko Firefox/5.0"
78.158.11.226 - - [05/Nov/2012:14:11:48 -0600] "GET / HTTP/1.0" 200 10447 "http://evuln.com/tools/malware-scanner/operationspokaneheroes.org/" "Lynx/2.8.5rel.1 libwww-FM/2.15FC SSL-MM/1.4.1c OpenSSL/0.9.7e-dev"
78.158.11.226 - - [05/Nov/2012:14:11:51 -0600] "GET / HTTP/1.0" 200 10447 "http://www.google.com/url?sa=t&rct=j&q=operationspokaneheroes.org&source=web&cd=5&ved=0CF0QFjAE&url=http:%2F%2Foperationspokaneheroes.org%2F&cad=rja" "Lynx/2.8.5rel.1 libwww-FM/2.15FC SSL-MM/1.4.1c OpenSSL/0.9.7e-dev"
157.55.32.108 - - [05/Nov/2012:14:42:51 -0600] "GET /robots.txt HTTP/1.1" 404 - "-" "Mozilla/5.0 (compatible; bingbot/2.0; +http://www.bing.com/bingbot.htm)"
157.55.32.108 - - [05/Nov/2012:14:50:16 -0600] "GET /resources.php HTTP/1.1" 200 10288 "-" "Mozilla/5.0 (compatible; bingbot/2.0; +http://www.bing.com/bingbot.htm)"
100.43.83.155 - - [05/Nov/2012:15:33:53 -0600] "GET /robots.txt HTTP/1.1" 404 - "-" "Mozilla/5.0 (compatible; YandexBot/3.0; +http://yandex.com/bots)"
38.101.148.120 - - [05/Nov/2012:15:37:13 -0600] "GET /robots.txt HTTP/1.1" 404 - "-" "Mozilla/5.0 (compatible; discoverybot/2.0; +http://discoveryengine.com/discoverybot.html)"
38.101.148.120 - - [05/Nov/2012:15:37:19 -0600] "GET /business_discount.php HTTP/1.1" 404 - "-" "Mozilla/5.0 (compatible; discoverybot/2.0; +http://discoveryengine.com/discoverybot.html)"
100.43.83.155 - - [05/Nov/2012:16:49:54 -0600] "GET / HTTP/1.1" 200 10447 "-" "Mozilla/5.0 (compatible; YandexBot/3.0; +http://yandex.com/bots)"
180.76.5.99 - - [05/Nov/2012:16:57:45 -0600] "GET /java_for_joes/index.html HTTP/1.1" 404 - "-" "Mozilla/5.0 (compatible; Baiduspider/2.0; +http://www.baidu.com/search/spider.html)"
180.76.5.185 - - [05/Nov/2012:17:29:57 -0600] "GET / HTTP/1.1" 200 10447 "-" "Mozilla/5.0 (compatible; Baiduspider/2.0; +http://www.baidu.com/search/spider.html)"
66.249.73.102 - - [05/Nov/2012:18:43:58 -0600] "GET /robots.txt HTTP/1.1" 404 - "-" "Mozilla/5.0 (compatible; Googlebot/2.1; +http://www.google.com/bot.html)"
66.249.73.102 - - [05/Nov/2012:18:43:58 -0600] "GET /pdf/Operation%20Wings%20of%20Hope%20-%20Kids.pdf HTTP/1.1" 200 34092 "-" "Mozilla/5.0 (compatible; Googlebot/2.1; +http://www.google.com/bot.html)"
180.76.6.223 - - [05/Nov/2012:18:46:00 -0600] "GET /java_for_joes/index.html?3e3ea140 HTTP/1.1" 404 - "-" "Mozilla/5.0 (compatible; Baiduspider/2.0; +http://www.baidu.com/search/spider.html)"
123.125.71.114 - - [05/Nov/2012:19:20:37 -0600] "GET / HTTP/1.1" 200 10447 "-" "Mozilla/5.0 (compatible; Baiduspider/2.0; +http://www.baidu.com/search/spider.html)"
157.55.33.24 - - [05/Nov/2012:19:37:19 -0600] "GET /robots.txt HTTP/1.1" 404 - "-" "Mozilla/5.0 (compatible; bingbot/2.0; +http://www.bing.com/bingbot.htm)"
157.55.33.24 - - [05/Nov/2012:19:41:11 -0600] "GET / HTTP/1.1" 200 10447 "-" "Mozilla/5.0 (compatible; bingbot/2.0; +http://www.bing.com/bingbot.htm)"
173.199.120.67 - - [05/Nov/2012:21:23:16 -0600] "GET /robots.txt HTTP/1.1" 404 - "-" "Mozilla/5.0 (compatible; AhrefsBot/4.0; +http://ahrefs.com/robot/)"
173.199.120.67 - - [05/Nov/2012:21:23:16 -0600] "GET /robots.txt HTTP/1.1" 404 - "-" "Mozilla/5.0 (compatible; AhrefsBot/4.0; +http://ahrefs.com/robot/)"
69.58.178.56 - - [05/Nov/2012:22:14:22 -0600] "GET /robots.txt HTTP/1.1" 404 - "-" "Mozilla/5.0 (X11; Ubuntu; Linux i686; rv:14.0; ips-agent) Gecko/20100101 Firefox/14.0.1"
69.58.178.56 - - [05/Nov/2012:22:14:23 -0600] "GET / HTTP/1.1" 200 10447 "-" "Mozilla/5.0 (X11; Ubuntu; Linux i686; rv:14.0; ips-agent) Gecko/20100101 Firefox/14.0.1"
69.58.178.56 - - [05/Nov/2012:22:14:24 -0600] "GET / HTTP/1.1" 200 10447 "-" "Mozilla/5.0 (X11; Ubuntu; Linux i686; rv:14.0; ips-agent) Gecko/20100101 Firefox/14.0.1"
69.58.178.56 - - [05/Nov/2012:22:14:25 -0600] "GET /aboutus.php HTTP/1.1" 200 11557 "-" "BlackBerry9000/4.6.0.167 Profile/MIDP-2.0 Configuration/CLDC-1.1 VendorID/102 ips-agent"
69.58.178.56 - - [05/Nov/2012:22:14:26 -0600] "GET /contact.php HTTP/1.1" 200 10409 "-" "Mozilla/5.0 (X11; Ubuntu; Linux i686; rv:14.0; ips-agent) Gecko/20100101 Firefox/14.0.1"
69.58.178.56 - - [05/Nov/2012:22:14:28 -0600] "GET /index.php HTTP/1.1" 200 10447 "-" "Mozilla/5.0 (X11; Ubuntu; Linux i686; rv:14.0; ips-agent) Gecko/20100101 Firefox/14.0.1"
69.58.178.56 - - [05/Nov/2012:22:14:29 -0600] "GET /donate.php HTTP/1.1" 200 11589 "-" "Mozilla/5.0 (X11; Ubuntu; Linux i686; rv:14.0; ips-agent) Gecko/20100101 Firefox/14.0.1"
69.58.178.56 - - [05/Nov/2012:22:14:30 -0600] "GET /business.php HTTP/1.1" 200 10703 "-" "BlackBerry9000/4.6.0.167 Profile/MIDP-2.0 Configuration/CLDC-1.1 VendorID/102 ips-agent"
69.58.178.56 - - [05/Nov/2012:22:14:32 -0600] "GET /calendar.php HTTP/1.1" 200 10599 "-" "Mozilla/5.0 (X11; Ubuntu; Linux i686; rv:14.0; ips-agent) Gecko/20100101 Firefox/14.0.1"
69.58.178.56 - - [05/Nov/2012:22:14:33 -0600] "GET /events.php HTTP/1.1" 200 6407 "-" "Mozilla/5.0 (X11; Ubuntu; Linux i686; rv:14.0; ips-agent) Gecko/20100101 Firefox/14.0.1"
69.58.178.56 - - [05/Nov/2012:22:14:34 -0600] "GET /_inc/slide.php HTTP/1.1" 200 3205 "-" "Mozilla/5.0 (X11; Ubuntu; Linux i686; rv:14.0; ips-agent) Gecko/20100101 Firefox/14.0.1"
69.58.178.56 - - [05/Nov/2012:22:14:36 -0600] "GET /slider.html HTTP/1.1" 200 8245 "-" "Mozilla/5.0 (X11; Ubuntu; Linux i686; rv:14.0; ips-agent) Gecko/20100101 Firefox/14.0.1"
218.30.103.147 - - [05/Nov/2012:22:18:23 -0600] "GET /robots.txt HTTP/1.1" 404 - "-" "Sogou web spider/4.0"
157.55.33.24 - - [05/Nov/2012:22:43:12 -0600] "GET /robots.txt HTTP/1.1" 404 - "-" "Mozilla/5.0 (compatible; bingbot/2.0; +http://www.bing.com/bingbot.htm)"
157.55.33.24 - - [05/Nov/2012:22:45:37 -0600] "GET / HTTP/1.1" 200 10447 "-" "Mozilla/5.0 (compatible; bingbot/2.0; +http://www.bing.com/bingbot.htm)"
180.76.5.185 - - [05/Nov/2012:23:25:09 -0600] "GET /java_for_joes/index.html HTTP/1.1" 404 - "-" "Mozilla/5.0 (compatible; Baiduspider/2.0; +http://www.baidu.com/search/spider.html)"
180.76.5.183 - - [05/Nov/2012:23:28:46 -0600] "GET /events.php HTTP/1.1" 200 6407 "-" "Mozilla/5.0 (compatible; Baiduspider/2.0; +http://www.baidu.com/search/spider.html)"
180.76.5.53 - - [05/Nov/2012:23:45:32 -0600] "GET /robots.txt HTTP/1.1" 404 - "-" "Mozilla/5.0 (Windows NT 5.1; rv:6.0.2) Gecko/20100101 Firefox/6.0.2"
173.199.120.67 - - [06/Nov/2012:00:28:41 -0600] "GET /robots.txt HTTP/1.1" 404 - "-" "Mozilla/5.0 (compatible; AhrefsBot/4.0; +http://ahrefs.com/robot/)"
173.199.120.67 - - [06/Nov/2012:00:28:42 -0600] "GET /robots.txt HTTP/1.1" 404 - "-" "Mozilla/5.0 (compatible; AhrefsBot/4.0; +http://ahrefs.com/robot/)"
66.249.73.102 - - [06/Nov/2012:01:00:28 -0600] "GET /pdf/REVISION2%20Military%20Kids%20Camp%202012%20(2).pdf HTTP/1.1" 304 - "-" "Mozilla/5.0 (compatible; Googlebot/2.1; +http://www.google.com/bot.html)"
66.249.73.102 - - [06/Nov/2012:01:14:28 -0600] "GET /events/ermy_event/ermy.html HTTP/1.1" 304 - "-" "Mozilla/5.0 (compatible; Googlebot/2.1; +http://www.google.com/bot.html)"
66.249.73.102 - - [06/Nov/2012:01:22:12 -0600] "GET /pdf/MCL%20Breakfast%20-%20March%202012.pdf HTTP/1.1" 304 - "-" "Mozilla/5.0 (compatible; Googlebot/2.1; +http://www.google.com/bot.html)"
213.186.119.134 - - [06/Nov/2012:03:33:47 -0600] "GET /java_for_joes/index.html HTTP/1.1" 404 - "-" "Mozilla/5.0 (compatible; AhrefsBot/3.1; +http://ahrefs.com/robot/)"
132.79.9.16 - - [06/Nov/2012:04:47:55 -0600] "GET / HTTP/1.0" 200 10447 "-" "Mozilla/4.0 (compatible;)"
157.56.94.158 - - [06/Nov/2012:05:24:18 -0600] "GET /robots.txt HTTP/1.1" 404 - "-" "msnbot/2.0b (+http://search.msn.com/msnbot.htm)"
157.56.94.158 - - [06/Nov/2012:05:24:18 -0600] "GET / HTTP/1.1" 200 10447 "-" "msnbot/2.0b (+http://search.msn.com/msnbot.htm)"
1.202.218.21 - - [06/Nov/2012:05:31:52 -0600] "GET /robots.txt HTTP/1.1" 404 - "-" "Mozilla/5.0 (compatible; JikeSpider; +http://shoulu.jike.com/spider.html)"
213.186.119.131 - - [06/Nov/2012:05:46:59 -0600] "GET / HTTP/1.1" 200 10447 "-" "Mozilla/5.0 (compatible; AhrefsBot/3.1; +http://ahrefs.com/robot/)"
95.168.172.156 - - [06/Nov/2012:06:32:40 -0600] "GET / HTTP/1.1" 200 5324 "http://allfilm.org/" "Mozilla/4.0 (MSIE 6.0; Windows NT 5.1; Search)"
95.168.172.156 - - [06/Nov/2012:06:32:41 -0600] "GET / HTTP/1.1" 200 7021 "http://allfilm.org/" "Mozilla/4.0 (MSIE 6.0; Windows NT 5.1; Search)"
178.255.215.79 - - [06/Nov/2012:06:48:14 -0600] "GET /robots.txt HTTP/1.1" 404 - "-" "Mozilla/5.0 (compatible; Exabot/3.0; +http://www.exabot.com/go/robot)"
178.255.215.79 - - [06/Nov/2012:06:48:15 -0600] "GET / HTTP/1.1" 200 10447 "-" "Mozilla/5.0 (compatible; Exabot/3.0; +http://www.exabot.com/go/robot)"
130.83.167.153 - - [06/Nov/2012:07:19:42 -0600] "GET /robots.txt HTTP/1.1" 404 - "-" "findlinks/2.6 (+http://wortschatz.uni-leipzig.de/findlinks/)"
213.186.119.143 - - [06/Nov/2012:08:03:48 -0600] "GET /_inc/contact.php HTTP/1.1" 200 756 "-" "Mozilla/5.0 (compatible; AhrefsBot/3.1; +http://ahrefs.com/robot/)"
123.125.71.23 - - [06/Nov/2012:08:04:56 -0600] "GET /index.php HTTP/1.1" 200 10447 "-" "Mozilla/5.0 (compatible; Baiduspider/2.0; +http://www.baidu.com/search/spider.html)"
123.125.71.23 - - [06/Nov/2012:08:05:00 -0600] "GET / HTTP/1.1" 200 10447 "-" "Mozilla/5.0 (compatible; Baiduspider/2.0; +http://www.baidu.com/search/spider.html)"
176.123.0.57 - - [06/Nov/2012:08:44:40 -0600] "GET / HTTP/1.1" 200 10267 "http://kinoneon.ru/" "Opera/9.0 (Windows NT 5.1; U; en)"
176.123.0.57 - - [06/Nov/2012:08:44:41 -0600] "GET / HTTP/1.1" 200 10267 "http://kinoneon.ru/" "Opera/9.0 (Windows NT 5.1; U; en)"
92.249.127.111 - - [06/Nov/2012:09:06:38 -0600] "GET / HTTP/1.1" 200 10447 "http://sonnik-millera.ru/" "Mozilla/5.0 (compatible; news bot /2.1)"
92.249.127.111 - - [06/Nov/2012:09:06:39 -0600] "GET / HTTP/1.1" 200 10447 "http://sonnik-millera.ru/" "Mozilla/5.0 (compatible; news bot /2.1)"
170.160.64.1 - - [06/Nov/2012:09:43:38 -0600] "GET /favicon.ico HTTP/1.1" 404 - "-" "Mozilla/4.0 (compatible; MSIE 7.0; Windows NT 5.1; .NET CLR 2.0.50727; InfoPath.1; MS-RTC LM 8; .NET CLR 3.0.04506.30; .NET CLR 3.0.4506.2152; .NET CLR 3.5.30729)"
170.160.64.1 - - [06/Nov/2012:09:43:38 -0600] "GET / HTTP/1.1" 200 10447 "http://www.kxly.com/news/news-links" "Mozilla/4.0 (compatible; MSIE 7.0; Windows NT 5.1; .NET CLR 2.0.50727; InfoPath.1; MS-RTC LM 8; .NET CLR 3.0.04506.30; .NET CLR 3.0.4506.2152; .NET CLR 3.5.30729)"
170.160.64.1 - - [06/Nov/2012:09:43:38 -0600] "GET /css/global.css HTTP/1.1" 200 13951 "http://operationspokaneheroes.org/" "Mozilla/4.0 (compatible; MSIE 7.0; Windows NT 5.1; .NET CLR 2.0.50727; InfoPath.1; MS-RTC LM 8; .NET CLR 3.0.04506.30; .NET CLR 3.0.4506.2152; .NET CLR 3.5.30729)"
170.160.64.1 - - [06/Nov/2012:09:43:38 -0600] "GET /images/logo.png HTTP/1.1" 200 226129 "http://operationspokaneheroes.org/" "Mozilla/4.0 (compatible; MSIE 7.0; Windows NT 5.1; .NET CLR 2.0.50727; InfoPath.1; MS-RTC LM 8; .NET CLR 3.0.04506.30; .NET CLR 3.0.4506.2152; .NET CLR 3.5.30729)"
170.160.64.1 - - [06/Nov/2012:09:43:40 -0600] "GET /images/contacticon.png HTTP/1.1" 200 4499 "http://operationspokaneheroes.org/" "Mozilla/4.0 (compatible; MSIE 7.0; Windows NT 5.1; .NET CLR 2.0.50727; InfoPath.1; MS-RTC LM 8; .NET CLR 3.0.04506.30; .NET CLR 3.0.4506.2152; .NET CLR 3.5.30729)"
170.160.64.1 - - [06/Nov/2012:09:43:40 -0600] "GET /_inc/slide.php HTTP/1.1" 200 3205 "http://operationspokaneheroes.org/" "Mozilla/4.0 (compatible; MSIE 7.0; Windows NT 5.1; .NET CLR 2.0.50727; InfoPath.1; MS-RTC LM 8; .NET CLR 3.0.04506.30; .NET CLR 3.0.4506.2152; .NET CLR 3.5.30729)"
170.160.64.1 - - [06/Nov/2012:09:43:40 -0600] "GET /slider.html HTTP/1.1" 200 8245 "http://operationspokaneheroes.org/" "Mozilla/4.0 (compatible; MSIE 7.0; Windows NT 5.1; .NET CLR 2.0.50727; InfoPath.1; MS-RTC LM 8; .NET CLR 3.0.04506.30; .NET CLR 3.0.4506.2152; .NET CLR 3.5.30729)"
170.160.64.1 - - [06/Nov/2012:09:43:41 -0600] "GET /images/global.png HTTP/1.1" 200 5737 "http://operationspokaneheroes.org/" "Mozilla/4.0 (compatible; MSIE 7.0; Windows NT 5.1; .NET CLR 2.0.50727; InfoPath.1; MS-RTC LM 8; .NET CLR 3.0.04506.30; .NET CLR 3.0.4506.2152; .NET CLR 3.5.30729)"
170.160.64.1 - - [06/Nov/2012:09:43:41 -0600] "GET /images/facebook.png HTTP/1.1" 200 5004 "http://operationspokaneheroes.org/" "Mozilla/4.0 (compatible; MSIE 7.0; Windows NT 5.1; .NET CLR 2.0.50727; InfoPath.1; MS-RTC LM 8; .NET CLR 3.0.04506.30; .NET CLR 3.0.4506.2152; .NET CLR 3.5.30729)"
170.160.64.1 - - [06/Nov/2012:09:43:41 -0600] "GET /css/footer.css HTTP/1.1" 200 752 "http://operationspokaneheroes.org/" "Mozilla/4.0 (compatible; MSIE 7.0; Windows NT 5.1; .NET CLR 2.0.50727; InfoPath.1; MS-RTC LM 8; .NET CLR 3.0.04506.30; .NET CLR 3.0.4506.2152; .NET CLR 3.5.30729)"
170.160.64.1 - - [06/Nov/2012:09:43:41 -0600] "GET /images/nav2.jpg HTTP/1.1" 200 4444 "http://operationspokaneheroes.org/" "Mozilla/4.0 (compatible; MSIE 7.0; Windows NT 5.1; .NET CLR 2.0.50727; InfoPath.1; MS-RTC LM 8; .NET CLR 3.0.04506.30; .NET CLR 3.0.4506.2152; .NET CLR 3.5.30729)"
170.160.64.1 - - [06/Nov/2012:09:43:41 -0600] "GET /images/bg2.jpg HTTP/1.1" 200 55206 "http://operationspokaneheroes.org/" "Mozilla/4.0 (compatible; MSIE 7.0; Windows NT 5.1; .NET CLR 2.0.50727; InfoPath.1; MS-RTC LM 8; .NET CLR 3.0.04506.30; .NET CLR 3.0.4506.2152; .NET CLR 3.5.30729)"
170.160.64.1 - - [06/Nov/2012:09:43:41 -0600] "GET /mainbk.png HTTP/1.1" 200 290 "http://operationspokaneheroes.org/" "Mozilla/4.0 (compatible; MSIE 7.0; Windows NT 5.1; .NET CLR 2.0.50727; InfoPath.1; MS-RTC LM 8; .NET CLR 3.0.04506.30; .NET CLR 3.0.4506.2152; .NET CLR 3.5.30729)"
170.160.64.1 - - [06/Nov/2012:09:43:42 -0600] "GET /css/slide.css HTTP/1.1" 200 2869 "http://operationspokaneheroes.org/_inc/slide.php" "Mozilla/4.0 (compatible; MSIE 7.0; Windows NT 5.1; .NET CLR 2.0.50727; InfoPath.1; MS-RTC LM 8; .NET CLR 3.0.04506.30; .NET CLR 3.0.4506.2152; .NET CLR 3.5.30729)"
170.160.64.1 - - [06/Nov/2012:09:43:42 -0600] "GET /css/style_global.css HTTP/1.1" 200 2621 "http://operationspokaneheroes.org/_inc/slide.php" "Mozilla/4.0 (compatible; MSIE 7.0; Windows NT 5.1; .NET CLR 2.0.50727; InfoPath.1; MS-RTC LM 8; .NET CLR 3.0.04506.30; .NET CLR 3.0.4506.2152; .NET CLR 3.5.30729)"
170.160.64.1 - - [06/Nov/2012:09:43:42 -0600] "GET /css/compact_style.css HTTP/1.1" 200 4934 "http://operationspokaneheroes.org/slider.html" "Mozilla/4.0 (compatible; MSIE 7.0; Windows NT 5.1; .NET CLR 2.0.50727; InfoPath.1; MS-RTC LM 8; .NET CLR 3.0.04506.30; .NET CLR 3.0.4506.2152; .NET CLR 3.5.30729)"
170.160.64.1 - - [06/Nov/2012:09:43:42 -0600] "GET /js/combined.js HTTP/1.1" 200 169946 "http://operationspokaneheroes.org/_inc/slide.php" "Mozilla/4.0 (compatible; MSIE 7.0; Windows NT 5.1; .NET CLR 2.0.50727; InfoPath.1; MS-RTC LM 8; .NET CLR 3.0.04506.30; .NET CLR 3.0.4506.2152; .NET CLR 3.5.30729)"
170.160.64.1 - - [06/Nov/2012:09:43:42 -0600] "GET /js/cufon-yui.js HTTP/1.1" 200 18257 "http://operationspokaneheroes.org/slider.html" "Mozilla/4.0 (compatible; MSIE 7.0; Windows NT 5.1; .NET CLR 2.0.50727; InfoPath.1; MS-RTC LM 8; .NET CLR 3.0.04506.30; .NET CLR 3.0.4506.2152; .NET CLR 3.5.30729)"
170.160.64.1 - - [06/Nov/2012:09:43:43 -0600] "GET /js/Bebas_400.font.js HTTP/1.1" 200 32806 "http://operationspokaneheroes.org/slider.html" "Mozilla/4.0 (compatible; MSIE 7.0; Windows NT 5.1; .NET CLR 2.0.50727; InfoPath.1; MS-RTC LM 8; .NET CLR 3.0.04506.30; .NET CLR 3.0.4506.2152; .NET CLR 3.5.30729)"
170.160.64.1 - - [06/Nov/2012:09:43:44 -0600] "GET /images/freaky_farms.png HTTP/1.1" 200 20215 "http://operationspokaneheroes.org/slider.html" "Mozilla/4.0 (compatible; MSIE 7.0; Windows NT 5.1; .NET CLR 2.0.50727; InfoPath.1; MS-RTC LM 8; .NET CLR 3.0.04506.30; .NET CLR 3.0.4506.2152; .NET CLR 3.5.30729)"
170.160.64.1 - - [06/Nov/2012:09:43:44 -0600] "GET /images/free_clinic.png HTTP/1.1" 200 48993 "http://operationspokaneheroes.org/slider.html" "Mozilla/4.0 (compatible; MSIE 7.0; Windows NT 5.1; .NET CLR 2.0.50727; InfoPath.1; MS-RTC LM 8; .NET CLR 3.0.04506.30; .NET CLR 3.0.4506.2152; .NET CLR 3.5.30729)"
170.160.64.1 - - [06/Nov/2012:09:43:44 -0600] "GET /images/serving_served.jpg HTTP/1.1" 200 23042 "http://operationspokaneheroes.org/slider.html" "Mozilla/4.0 (compatible; MSIE 7.0; Windows NT 5.1; .NET CLR 2.0.50727; InfoPath.1; MS-RTC LM 8; .NET CLR 3.0.04506.30; .NET CLR 3.0.4506.2152; .NET CLR 3.5.30729)"
170.160.64.1 - - [06/Nov/2012:09:43:45 -0600] "GET /images/welcome.jpg HTTP/1.1" 200 27773 "http://operationspokaneheroes.org/slider.html" "Mozilla/4.0 (compatible; MSIE 7.0; Windows NT 5.1; .NET CLR 2.0.50727; InfoPath.1; MS-RTC LM 8; .NET CLR 3.0.04506.30; .NET CLR 3.0.4506.2152; .NET CLR 3.5.30729)"
170.160.64.1 - - [06/Nov/2012:09:43:45 -0600] "GET /images/prev.png HTTP/1.1" 200 2995 "http://operationspokaneheroes.org/slider.html" "Mozilla/4.0 (compatible; MSIE 7.0; Windows NT 5.1; .NET CLR 2.0.50727; InfoPath.1; MS-RTC LM 8; .NET CLR 3.0.04506.30; .NET CLR 3.0.4506.2152; .NET CLR 3.5.30729)"
170.160.64.1 - - [06/Nov/2012:09:43:45 -0600] "GET /images/next.png HTTP/1.1" 200 3022 "http://operationspokaneheroes.org/slider.html" "Mozilla/4.0 (compatible; MSIE 7.0; Windows NT 5.1; .NET CLR 2.0.50727; InfoPath.1; MS-RTC LM 8; .NET CLR 3.0.04506.30; .NET CLR 3.0.4506.2152; .NET CLR 3.5.30729)"
170.160.64.1 - - [06/Nov/2012:09:43:45 -0600] "GET /images/mission_statement_bg.png HTTP/1.1" 200 11413 "http://operationspokaneheroes.org/_inc/slide.php" "Mozilla/4.0 (compatible; MSIE 7.0; Windows NT 5.1; .NET CLR 2.0.50727; InfoPath.1; MS-RTC LM 8; .NET CLR 3.0.04506.30; .NET CLR 3.0.4506.2152; .NET CLR 3.5.30729)"
170.160.64.1 - - [06/Nov/2012:09:43:45 -0600] "GET /images/2.jpg HTTP/1.1" 200 170993 "http://operationspokaneheroes.org/_inc/slide.php" "Mozilla/4.0 (compatible; MSIE 7.0; Windows NT 5.1; .NET CLR 2.0.50727; InfoPath.1; MS-RTC LM 8; .NET CLR 3.0.04506.30; .NET CLR 3.0.4506.2152; .NET CLR 3.5.30729)"
170.160.64.1 - - [06/Nov/2012:09:43:46 -0600] "GET /images/we_believe.png HTTP/1.1" 200 1785 "http://operationspokaneheroes.org/_inc/slide.php" "Mozilla/4.0 (compatible; MSIE 7.0; Windows NT 5.1; .NET CLR 2.0.50727; InfoPath.1; MS-RTC LM 8; .NET CLR 3.0.04506.30; .NET CLR 3.0.4506.2152; .NET CLR 3.5.30729)"
170.160.64.1 - - [06/Nov/2012:09:43:46 -0600] "GET /images/4.jpg HTTP/1.1" 200 186934 "http://operationspokaneheroes.org/_inc/slide.php" "Mozilla/4.0 (compatible; MSIE 7.0; Windows NT 5.1; .NET CLR 2.0.50727; InfoPath.1; MS-RTC LM 8; .NET CLR 3.0.04506.30; .NET CLR 3.0.4506.2152; .NET CLR 3.5.30729)"
170.160.64.1 - - [06/Nov/2012:09:43:47 -0600] "GET /images/we_strive.png HTTP/1.1" 200 1981 "http://operationspokaneheroes.org/_inc/slide.php" "Mozilla/4.0 (compatible; MSIE 7.0; Windows NT 5.1; .NET CLR 2.0.50727; InfoPath.1; MS-RTC LM 8; .NET CLR 3.0.04506.30; .NET CLR 3.0.4506.2152; .NET CLR 3.5.30729)"
170.160.64.1 - - [06/Nov/2012:09:43:47 -0600] "GET /images/3.jpg HTTP/1.1" 200 240733 "http://operationspokaneheroes.org/_inc/slide.php" "Mozilla/4.0 (compatible; MSIE 7.0; Windows NT 5.1; .NET CLR 2.0.50727; InfoPath.1; MS-RTC LM 8; .NET CLR 3.0.04506.30; .NET CLR 3.0.4506.2152; .NET CLR 3.5.30729)"
170.160.64.1 - - [06/Nov/2012:09:43:49 -0600] "GET /images/we_help.png HTTP/1.1" 200 1514 "http://operationspokaneheroes.org/_inc/slide.php" "Mozilla/4.0 (compatible; MSIE 7.0; Windows NT 5.1; .NET CLR 2.0.50727; InfoPath.1; MS-RTC LM 8; .NET CLR 3.0.04506.30; .NET CLR 3.0.4506.2152; .NET CLR 3.5.30729)"
170.160.64.1 - - [06/Nov/2012:09:43:49 -0600] "GET /images/1.jpg HTTP/1.1" 200 142489 "http://operationspokaneheroes.org/_inc/slide.php" "Mozilla/4.0 (compatible; MSIE 7.0; Windows NT 5.1; .NET CLR 2.0.50727; InfoPath.1; MS-RTC LM 8; .NET CLR 3.0.04506.30; .NET CLR 3.0.4506.2152; .NET CLR 3.5.30729)"
170.160.64.1 - - [06/Nov/2012:09:43:50 -0600] "GET /images/we_need.png HTTP/1.1" 200 2138 "http://operationspokaneheroes.org/_inc/slide.php" "Mozilla/4.0 (compatible; MSIE 7.0; Windows NT 5.1; .NET CLR 2.0.50727; InfoPath.1; MS-RTC LM 8; .NET CLR 3.0.04506.30; .NET CLR 3.0.4506.2152; .NET CLR 3.5.30729)"
170.160.64.1 - - [06/Nov/2012:09:43:50 -0600] "GET /assets/images/btn_top_search_hover.png HTTP/1.1" 404 - "http://operationspokaneheroes.org/_inc/slide.php" "Mozilla/4.0 (compatible; MSIE 7.0; Windows NT 5.1; .NET CLR 2.0.50727; InfoPath.1; MS-RTC LM 8; .NET CLR 3.0.04506.30; .NET CLR 3.0.4506.2152; .NET CLR 3.5.30729)"
170.160.64.1 - - [06/Nov/2012:09:43:50 -0600] "GET /assets/images/btn_main_search_hover.png HTTP/1.1" 404 - "http://operationspokaneheroes.org/_inc/slide.php" "Mozilla/4.0 (compatible; MSIE 7.0; Windows NT 5.1; .NET CLR 2.0.50727; InfoPath.1; MS-RTC LM 8; .NET CLR 3.0.04506.30; .NET CLR 3.0.4506.2152; .NET CLR 3.5.30729)"
170.160.64.1 - - [06/Nov/2012:09:43:51 -0600] "GET /jquery.easing.1.3.js HTTP/1.1" 200 8097 "http://operationspokaneheroes.org/slider.html" "Mozilla/4.0 (compatible; MSIE 7.0; Windows NT 5.1; .NET CLR 2.0.50727; InfoPath.1; MS-RTC LM 8; .NET CLR 3.0.04506.30; .NET CLR 3.0.4506.2152; .NET CLR 3.5.30729)"
176.9.111.204 - - [06/Nov/2012:09:53:44 -0600] "GET / HTTP/1.1" 200 10447 "-" "Mozilla/4.0 (compatible; MSIE 7.0; Windows NT 5.1)"
213.186.119.131 - - [06/Nov/2012:10:17:38 -0600] "GET /business.php HTTP/1.1" 200 10703 "-" "Mozilla/5.0 (compatible; AhrefsBot/3.1; +http://ahrefs.com/robot/)"
180.76.5.111 - - [06/Nov/2012:10:34:48 -0600] "GET / HTTP/1.1" 200 10267 "-" "Mozilla/5.0 (compatible; Baiduspider/2.0; +http://www.baidu.com/search/spider.html)"
157.56.94.158 - - [06/Nov/2012:10:45:53 -0600] "GET /index.php HTTP/1.1" 200 10447 "-" "msnbot/2.0b (+http://search.msn.com/msnbot.htm)"
157.56.94.158 - - [06/Nov/2012:10:45:55 -0600] "GET /contact.php HTTP/1.1" 200 10409 "-" "msnbot/2.0b (+http://search.msn.com/msnbot.htm)"
157.56.94.158 - - [06/Nov/2012:10:46:00 -0600] "GET /events.php HTTP/1.1" 200 6407 "-" "msnbot/2.0b (+http://search.msn.com/msnbot.htm)"
157.56.94.158 - - [06/Nov/2012:10:46:01 -0600] "GET /slider.html HTTP/1.1" 200 8245 "-" "msnbot/2.0b (+http://search.msn.com/msnbot.htm)"
157.56.94.158 - - [06/Nov/2012:10:46:04 -0600] "GET /calendar.php HTTP/1.1" 200 10599 "-" "msnbot/2.0b (+http://search.msn.com/msnbot.htm)"
157.56.94.158 - - [06/Nov/2012:10:46:05 -0600] "GET /_inc/slide.php HTTP/1.1" 200 3205 "-" "msnbot/2.0b (+http://search.msn.com/msnbot.htm)"
157.56.94.158 - - [06/Nov/2012:10:46:07 -0600] "GET /business.php HTTP/1.1" 200 10703 "-" "msnbot/2.0b (+http://search.msn.com/msnbot.htm)"
157.56.94.158 - - [06/Nov/2012:10:46:08 -0600] "GET /aboutus.php HTTP/1.1" 200 11557 "-" "msnbot/2.0b (+http://search.msn.com/msnbot.htm)"
157.56.94.158 - - [06/Nov/2012:10:46:10 -0600] "GET /donate.php HTTP/1.1" 200 11589 "-" "msnbot/2.0b (+http://search.msn.com/msnbot.htm)"
123.125.71.35 - - [06/Nov/2012:10:46:20 -0600] "GET / HTTP/1.1" 200 10447 "-" "Mozilla/5.0 (compatible; Baiduspider/2.0; +http://www.baidu.com/search/spider.html)"
220.181.108.86 - - [06/Nov/2012:10:46:57 -0600] "GET / HTTP/1.1" 200 10267 "-" "Mozilla/5.0 (compatible; Baiduspider/2.0; +http://www.baidu.com/search/spider.html)"
66.249.73.102 - - [06/Nov/2012:10:56:05 -0600] "GET /robots.txt HTTP/1.1" 404 - "-" "Mozilla/5.0 (compatible; Googlebot/2.1; +http://www.google.com/bot.html)"
66.249.73.102 - - [06/Nov/2012:10:56:05 -0600] "GET /events/ermy_event/images/9.jpg HTTP/1.1" 304 - "-" "Googlebot-Image/1.0"
66.249.73.102 - - [06/Nov/2012:12:28:27 -0600] "GET /freedom.php HTTP/1.1" 200 10802 "-" "Mozilla/5.0 (compatible; Googlebot/2.1; +http://www.google.com/bot.html)"
157.56.93.201 - - [06/Nov/2012:13:39:21 -0600] "GET /robots.txt HTTP/1.1" 404 - "-" "Mozilla/5.0 (compatible; bingbot/2.0; +http://www.bing.com/bingbot.htm)"
157.55.35.37 - - [06/Nov/2012:13:44:42 -0600] "GET /pdf/Holiday%20Navy%20Care%20Packages%20Media%20Advisory.pdf HTTP/1.1" 200 100101 "-" "Mozilla/5.0 (compatible; bingbot/2.0; +http://www.bing.com/bingbot.htm)"
157.55.34.183 - - [06/Nov/2012:13:50:44 -0600] "GET /pdf/2012%204th%20of%20July%20Pennant%20Run%20Entry%20Form%205-14-12.pdf HTTP/1.1" 200 231633 "-" "Mozilla/5.0 (compatible; bingbot/2.0; +http://www.bing.com/bingbot.htm)"
157.55.32.149 - - [06/Nov/2012:13:52:42 -0600] "GET /benefits.php HTTP/1.1" 404 - "-" "Mozilla/5.0 (compatible; bingbot/2.0; +http://www.bing.com/bingbot.htm)"
157.55.32.108 - - [06/Nov/2012:13:55:17 -0600] "GET /business_discount.php HTTP/1.1" 404 - "-" "Mozilla/5.0 (compatible; bingbot/2.0; +http://www.bing.com/bingbot.htm)"
157.55.34.183 - - [06/Nov/2012:14:00:47 -0600] "GET /pdf/OSH%20Freedom%20Fridays%20Sign%20Up%20Sheet.pdf HTTP/1.1" 200 170318 "-" "Mozilla/5.0 (compatible; bingbot/2.0; +http://www.bing.com/bingbot.htm)"
157.55.32.149 - - [06/Nov/2012:14:03:21 -0600] "GET /business.php HTTP/1.1" 200 10703 "-" "Mozilla/5.0 (compatible; bingbot/2.0; +http://www.bing.com/bingbot.htm)"
157.56.93.201 - - [06/Nov/2012:14:04:06 -0600] "GET /calendar.php HTTP/1.1" 200 10599 "-" "Mozilla/5.0 (compatible; bingbot/2.0; +http://www.bing.com/bingbot.htm)"
157.55.32.149 - - [06/Nov/2012:14:13:18 -0600] "GET /pdf/11x17%20Pennant%20Run%20Poster.pdf HTTP/1.1" 200 3075560 "-" "Mozilla/5.0 (compatible; bingbot/2.0; +http://www.bing.com/bingbot.htm)"
157.55.34.183 - - [06/Nov/2012:14:16:06 -0600] "GET /pdf/pearl%20harbor_map.pdf HTTP/1.1" 200 1596009 "-" "Mozilla/5.0 (compatible; bingbot/2.0; +http://www.bing.com/bingbot.htm)"
157.55.33.253 - - [06/Nov/2012:14:21:37 -0600] "GET /events/care_package/care.html HTTP/1.1" 200 3294 "-" "Mozilla/5.0 (compatible; bingbot/2.0; +http://www.bing.com/bingbot.htm)"
157.55.33.253 - - [06/Nov/2012:14:21:42 -0600] "GET /pdf/Gunny%20Poster%20Final.pdf HTTP/1.1" 200 479121 "-" "Mozilla/5.0 (compatible; bingbot/2.0; +http://www.bing.com/bingbot.htm)"
157.55.32.149 - - [06/Nov/2012:14:28:45 -0600] "GET /pdf/REVISION2%20Military%20Kids%20Camp%202012%20(2).pdf HTTP/1.1" 200 1691328 "-" "Mozilla/5.0 (compatible; bingbot/2.0; +http://www.bing.com/bingbot.htm)"
94.153.65.74 - - [06/Nov/2012:14:31:41 -0600] "GET / HTTP/1.1" 200 5324 "http://xn----7sbbhhkrpdb5aehfs3bc.xn--p1ai/" "Mozilla/4.0 (compatible; MSIE 6.0; MSIE 5.5; Windows NT 4.0) Opera 7.0 [en]"
94.153.65.74 - - [06/Nov/2012:14:31:41 -0600] "GET / HTTP/1.1" 200 5324 "http://haliava.net/" "Mozilla/4.0 (compatible; MSIE 6.0; Windows NT 5.1; MRA 4.3 (build 01218); .NET CLR 1.1.4322)"
94.153.65.74 - - [06/Nov/2012:14:31:43 -0600] "GET / HTTP/1.1" 200 8383 "http://xn----7sbbhhkrpdb5aehfs3bc.xn--p1ai/" "Mozilla/4.0 (compatible; MSIE 6.0; MSIE 5.5; Windows NT 4.0) Opera 7.0 [en]"
94.153.65.74 - - [06/Nov/2012:14:31:43 -0600] "GET / HTTP/1.1" 200 10267 "http://haliava.net/" "Mozilla/4.0 (compatible; MSIE 6.0; Windows NT 5.1; MRA 4.3 (build 01218); .NET CLR 1.1.4322)"
193.106.136.33 - - [06/Nov/2012:14:32:22 -0600] "GET / HTTP/1.1" 200 10267 "http://mazablog.ru/" "Mozilla/4.0 (compatible; MSIE 6.0; Windows NT 5.1; SV1)"
193.106.136.33 - - [06/Nov/2012:14:32:23 -0600] "GET / HTTP/1.1" 200 10447 "http://mazablog.ru/" "Mozilla/4.0 (compatible; MSIE 6.0; Windows NT 5.1; SV1)"
157.55.35.37 - - [06/Nov/2012:14:38:48 -0600] "GET /robots.txt HTTP/1.1" 404 - "-" "Mozilla/5.0 (compatible; bingbot/2.0; +http://www.bing.com/bingbot.htm)"
65.55.52.96 - - [06/Nov/2012:14:40:04 -0600] "GET /events/lilac_parade/lilac_parade.html HTTP/1.1" 200 3084 "-" "Mozilla/5.0 (compatible; bingbot/2.0; +http://www.bing.com/bingbot.htm)"
65.55.52.96 - - [06/Nov/2012:14:40:11 -0600] "GET /pdf/MCL%20Breakfast%20-%20March%202012.pdf HTTP/1.1" 200 3577153 "-" "Mozilla/5.0 (compatible; bingbot/2.0; +http://www.bing.com/bingbot.htm)"
213.186.119.139 - - [06/Nov/2012:14:48:06 -0600] "GET /join/ HTTP/1.1" 404 - "-" "Mozilla/5.0 (compatible; AhrefsBot/3.1; +http://ahrefs.com/robot/)"
180.76.5.140 - - [06/Nov/2012:15:38:16 -0600] "GET /java_for_joes/index.html HTTP/1.1" 404 - "-" "Mozilla/5.0 (compatible; Baiduspider/2.0; +http://www.baidu.com/search/spider.html)"
100.43.83.155 - - [06/Nov/2012:15:59:34 -0600] "GET /robots.txt HTTP/1.1" 404 - "-" "Mozilla/5.0 (compatible; YandexBot/3.0; +http://yandex.com/bots)"
78.30.200.81 - - [06/Nov/2012:16:10:36 -0600] "GET /robots.txt HTTP/1.0" 404 - "-" "Mozilla/5.0 (compatible; MJ12bot/v1.4.3; http://www.majestic12.co.uk/bot.php?+)"
78.30.200.81 - - [06/Nov/2012:16:10:37 -0600] "GET /java_for_joes/index.html HTTP/1.0" 404 - "-" "Mozilla/5.0 (compatible; MJ12bot/v1.4.3; http://www.majestic12.co.uk/bot.php?+)"
38.229.70.44 - - [06/Nov/2012:16:18:00 -0600] "GET /java_for_joes/index.html HTTP/1.0" 404 - "-" "Mozilla/5.0 (Windows; U; Windows NT 6.0; en-US; rv:1.9.0.6) Gecko/2009011913 Firefox/3.0.6 (.NET CLR 3.5.30729)"
