46.165.197.142 - - [12/Feb/2013:15:45:27 -0600] "GET /slider/index.html HTTP/1.0" 200 1496 "-" "Mozilla/5.0 (compatible; MJ12bot/v1.4.3; http://www.majestic12.co.uk/bot.php?+)"
84.202.95.43 - - [12/Feb/2013:17:19:05 -0600] "GET /robots.txt HTTP/1.0" 404 - "-" "Mozilla/5.0 (compatible; MJ12bot/v1.4.3; http://www.majestic12.co.uk/bot.php?+)"
84.202.95.43 - - [12/Feb/2013:17:19:07 -0600] "GET /_inc/slide.php HTTP/1.0" 200 3205 "-" "Mozilla/5.0 (compatible; MJ12bot/v1.4.3; http://www.majestic12.co.uk/bot.php?+)"
84.202.95.43 - - [12/Feb/2013:17:19:09 -0600] "GET /aboutus.php HTTP/1.0" 200 11667 "-" "Mozilla/5.0 (compatible; MJ12bot/v1.4.3; http://www.majestic12.co.uk/bot.php?+)"
84.202.95.43 - - [12/Feb/2013:17:19:11 -0600] "GET /business.php HTTP/1.0" 200 10813 "-" "Mozilla/5.0 (compatible; MJ12bot/v1.4.3; http://www.majestic12.co.uk/bot.php?+)"
84.202.95.43 - - [12/Feb/2013:17:19:12 -0600] "GET /calendar.php HTTP/1.0" 200 10709 "-" "Mozilla/5.0 (compatible; MJ12bot/v1.4.3; http://www.majestic12.co.uk/bot.php?+)"
84.202.95.43 - - [12/Feb/2013:17:19:14 -0600] "GET /contact.php HTTP/1.0" 200 10519 "-" "Mozilla/5.0 (compatible; MJ12bot/v1.4.3; http://www.majestic12.co.uk/bot.php?+)"
84.202.95.43 - - [12/Feb/2013:17:19:16 -0600] "GET /donate.php HTTP/1.0" 200 11699 "-" "Mozilla/5.0 (compatible; MJ12bot/v1.4.3; http://www.majestic12.co.uk/bot.php?+)"
84.202.95.43 - - [12/Feb/2013:17:19:18 -0600] "GET /events.php HTTP/1.0" 200 6407 "-" "Mozilla/5.0 (compatible; MJ12bot/v1.4.3; http://www.majestic12.co.uk/bot.php?+)"
84.202.95.43 - - [12/Feb/2013:17:19:20 -0600] "GET /index.php HTTP/1.0" 200 10513 "-" "Mozilla/5.0 (compatible; MJ12bot/v1.4.3; http://www.majestic12.co.uk/bot.php?+)"
84.202.95.43 - - [12/Feb/2013:17:19:22 -0600] "GET /slider/index.html HTTP/1.0" 200 1496 "-" "Mozilla/5.0 (compatible; MJ12bot/v1.4.3; http://www.majestic12.co.uk/bot.php?+)"
99.69.29.190 - - [12/Feb/2013:18:27:05 -0600] "GET /robots.txt HTTP/1.0" 404 - "-" "Mozilla/5.0 (compatible; MJ12bot/v1.4.3; http://www.majestic12.co.uk/bot.php?+)"
99.69.29.190 - - [12/Feb/2013:18:27:07 -0600] "GET /_inc/slide.php HTTP/1.0" 200 3205 "-" "Mozilla/5.0 (compatible; MJ12bot/v1.4.3; http://www.majestic12.co.uk/bot.php?+)"
99.69.29.190 - - [12/Feb/2013:18:27:09 -0600] "GET /aboutus.php HTTP/1.0" 200 11667 "-" "Mozilla/5.0 (compatible; MJ12bot/v1.4.3; http://www.majestic12.co.uk/bot.php?+)"
99.69.29.190 - - [12/Feb/2013:18:27:11 -0600] "GET /business.php HTTP/1.0" 200 10813 "-" "Mozilla/5.0 (compatible; MJ12bot/v1.4.3; http://www.majestic12.co.uk/bot.php?+)"
99.69.29.190 - - [12/Feb/2013:18:27:13 -0600] "GET /calendar.php HTTP/1.0" 200 10709 "-" "Mozilla/5.0 (compatible; MJ12bot/v1.4.3; http://www.majestic12.co.uk/bot.php?+)"
99.69.29.190 - - [12/Feb/2013:18:27:15 -0600] "GET /contact.php HTTP/1.0" 200 10519 "-" "Mozilla/5.0 (compatible; MJ12bot/v1.4.3; http://www.majestic12.co.uk/bot.php?+)"
99.69.29.190 - - [12/Feb/2013:18:27:19 -0600] "GET /donate.php HTTP/1.0" 200 11699 "-" "Mozilla/5.0 (compatible; MJ12bot/v1.4.3; http://www.majestic12.co.uk/bot.php?+)"
99.69.29.190 - - [12/Feb/2013:18:27:21 -0600] "GET /events.php HTTP/1.0" 200 6407 "-" "Mozilla/5.0 (compatible; MJ12bot/v1.4.3; http://www.majestic12.co.uk/bot.php?+)"
99.69.29.190 - - [12/Feb/2013:18:27:23 -0600] "GET /index.php HTTP/1.0" 200 10513 "-" "Mozilla/5.0 (compatible; MJ12bot/v1.4.3; http://www.majestic12.co.uk/bot.php?+)"
99.69.29.190 - - [12/Feb/2013:18:27:25 -0600] "GET /slider/index.html HTTP/1.0" 200 1496 "-" "Mozilla/5.0 (compatible; MJ12bot/v1.4.3; http://www.majestic12.co.uk/bot.php?+)"
199.21.99.103 - - [12/Feb/2013:18:30:28 -0600] "GET /robots.txt HTTP/1.1" 404 - "-" "Mozilla/5.0 (compatible; YandexBot/3.0; +http://yandex.com/bots)"
66.249.73.188 - - [12/Feb/2013:19:31:49 -0600] "GET /robots.txt HTTP/1.1" 404 - "-" "Mozilla/5.0 (compatible; Googlebot/2.1; +http://www.google.com/bot.html)"
66.249.73.188 - - [12/Feb/2013:19:31:49 -0600] "GET / HTTP/1.1" 200 10513 "-" "Mozilla/5.0 (iPhone; U; CPU iPhone OS 4_1 like Mac OS X; en-us) AppleWebKit/532.9 (KHTML, like Gecko) Version/4.0.5 Mobile/8B117 Safari/6531.22.7 (compatible; Googlebot-Mobile/2.1; +http://www.google.com/bot.html)"
66.249.73.188 - - [12/Feb/2013:19:43:18 -0600] "GET /css/footer.css HTTP/1.1" 200 752 "-" "Mozilla/5.0 (compatible; Googlebot/2.1; +http://www.google.com/bot.html)"
66.249.73.188 - - [12/Feb/2013:19:43:21 -0600] "GET /css/slide.css HTTP/1.1" 200 2869 "-" "Mozilla/5.0 (compatible; Googlebot/2.1; +http://www.google.com/bot.html)"
66.249.73.188 - - [12/Feb/2013:19:43:24 -0600] "GET /css/style_global.css HTTP/1.1" 200 2621 "-" "Mozilla/5.0 (compatible; Googlebot/2.1; +http://www.google.com/bot.html)"
66.249.73.188 - - [12/Feb/2013:19:43:26 -0600] "GET /css/global.css HTTP/1.1" 200 13951 "-" "Mozilla/5.0 (compatible; Googlebot/2.1; +http://www.google.com/bot.html)"
66.249.73.188 - - [12/Feb/2013:19:43:28 -0600] "GET /slider/css/style.css HTTP/1.1" 200 1382 "-" "Mozilla/5.0 (compatible; Googlebot/2.1; +http://www.google.com/bot.html)"
157.56.229.189 - - [12/Feb/2013:20:40:50 -0600] "GET /robots.txt HTTP/1.1" 404 - "-" "Mozilla/5.0 (compatible; bingbot/2.0; +http://www.bing.com/bingbot.htm)"
157.56.229.189 - - [12/Feb/2013:20:42:46 -0600] "GET /pdf/ HTTP/1.1" 200 2557 "-" "Mozilla/5.0 (compatible; bingbot/2.0; +http://www.bing.com/bingbot.htm)"
157.55.36.39 - - [12/Feb/2013:20:45:47 -0600] "GET /java_for_joes/ HTTP/1.1" 404 - "-" "Mozilla/5.0 (compatible; bingbot/2.0; +http://www.bing.com/bingbot.htm)"
46.4.101.183 - - [12/Feb/2013:20:54:14 -0600] "GET /robots.txt HTTP/1.1" 404 - "-" "Domnutch-Bot/Nutch-1.0 (Domnutch; http://www.Nutch.de/)"
46.4.101.183 - - [12/Feb/2013:20:54:15 -0600] "GET / HTTP/1.1" 200 10513 "-" "Domnutch-Bot/Nutch-1.0 (Domnutch; http://www.Nutch.de/)"
65.55.24.239 - - [12/Feb/2013:21:04:47 -0600] "GET /slider.html HTTP/1.1" 200 8245 "-" "Mozilla/5.0 (compatible; bingbot/2.0; +http://www.bing.com/bingbot.htm)"
65.55.52.108 - - [12/Feb/2013:21:05:17 -0600] "GET /contact.php HTTP/1.1" 200 10519 "-" "Mozilla/5.0 (compatible; bingbot/2.0; +http://www.bing.com/bingbot.htm)"
65.55.52.108 - - [12/Feb/2013:21:05:17 -0600] "GET /donate.php HTTP/1.1" 200 11699 "-" "Mozilla/5.0 (compatible; bingbot/2.0; +http://www.bing.com/bingbot.htm)"
157.56.229.189 - - [12/Feb/2013:21:05:17 -0600] "GET /pdf/ HTTP/1.1" 200 2557 "-" "Mozilla/5.0 (compatible; bingbot/2.0; +http://www.bing.com/bingbot.htm)"
157.55.32.86 - - [12/Feb/2013:21:06:45 -0600] "GET /calendar.php HTTP/1.1" 200 10709 "-" "Mozilla/5.0 (compatible; bingbot/2.0; +http://www.bing.com/bingbot.htm)"
199.21.99.103 - - [12/Feb/2013:21:28:05 -0600] "GET /pdf/2010_Top100_Military_Friendly_Employers.pdf HTTP/1.1" 304 - "-" "Mozilla/5.0 (compatible; YandexBot/3.0; +http://yandex.com/bots)"
157.55.33.79 - - [12/Feb/2013:21:33:38 -0600] "GET /business.php HTTP/1.1" 200 10813 "-" "Mozilla/5.0 (compatible; bingbot/2.0; +http://www.bing.com/bingbot.htm)"
157.55.33.79 - - [12/Feb/2013:21:33:38 -0600] "GET /events.php HTTP/1.1" 200 6407 "-" "Mozilla/5.0 (compatible; bingbot/2.0; +http://www.bing.com/bingbot.htm)"
157.55.35.34 - - [12/Feb/2013:21:53:38 -0600] "GET /_inc/slide.php HTTP/1.1" 200 3205 "-" "Mozilla/5.0 (compatible; bingbot/2.0; +http://www.bing.com/bingbot.htm)"
204.124.181.85 - - [13/Feb/2013:00:11:52 -0600] "GET /robots.txt HTTP/1.0" 404 - "-" "Mozilla/5.0 (compatible; MJ12bot/v1.4.3; http://www.majestic12.co.uk/bot.php?+)"
204.124.181.85 - - [13/Feb/2013:00:11:54 -0600] "GET /_inc/contact.php HTTP/1.0" 200 756 "-" "Mozilla/5.0 (compatible; MJ12bot/v1.4.3; http://www.majestic12.co.uk/bot.php?+)"
204.124.181.85 - - [13/Feb/2013:00:11:55 -0600] "GET /events/carousel_11/carousel_11.html HTTP/1.0" 200 3712 "-" "Mozilla/5.0 (compatible; MJ12bot/v1.4.3; http://www.majestic12.co.uk/bot.php?+)"
204.124.181.85 - - [13/Feb/2013:00:11:57 -0600] "GET /events/ermy_event/ermy.html HTTP/1.0" 200 3507 "-" "Mozilla/5.0 (compatible; MJ12bot/v1.4.3; http://www.majestic12.co.uk/bot.php?+)"
204.124.181.85 - - [13/Feb/2013:00:11:58 -0600] "GET /events/vet_picnic/vet_picnic.html HTTP/1.0" 200 3163 "-" "Mozilla/5.0 (compatible; MJ12bot/v1.4.3; http://www.majestic12.co.uk/bot.php?+)"
204.124.181.85 - - [13/Feb/2013:00:12:00 -0600] "GET /join HTTP/1.0" 404 - "-" "Mozilla/5.0 (compatible; MJ12bot/v1.4.3; http://www.majestic12.co.uk/bot.php?+)"
157.55.36.39 - - [13/Feb/2013:00:15:58 -0600] "GET /robots.txt HTTP/1.1" 404 - "-" "Mozilla/5.0 (compatible; bingbot/2.0; +http://www.bing.com/bingbot.htm)"
157.55.36.39 - - [13/Feb/2013:00:18:14 -0600] "GET /java_for_joes/ HTTP/1.1" 404 - "-" "Mozilla/5.0 (compatible; bingbot/2.0; +http://www.bing.com/bingbot.htm)"
157.56.229.189 - - [13/Feb/2013:00:18:41 -0600] "GET /pdf/ HTTP/1.1" 200 2553 "-" "Mozilla/5.0 (compatible; bingbot/2.0; +http://www.bing.com/bingbot.htm)"
180.76.5.94 - - [13/Feb/2013:00:56:51 -0600] "GET /events/care_package/css/style.css HTTP/1.1" 200 1149 "-" "Mozilla/5.0 (compatible; Baiduspider/2.0; +http://www.baidu.com/search/spider.html)"
199.21.99.103 - - [13/Feb/2013:01:37:19 -0600] "GET / HTTP/1.1" 200 10513 "-" "Mozilla/5.0 (compatible; YandexBot/3.0; MirrorDetector; +http://yandex.com/bots)"
199.21.99.103 - - [13/Feb/2013:01:37:25 -0600] "GET / HTTP/1.1" 200 10513 "-" "Mozilla/5.0 (compatible; YandexBot/3.0; MirrorDetector; +http://yandex.com/bots)"
199.21.99.103 - - [13/Feb/2013:01:38:14 -0600] "GET /robots.txt HTTP/1.1" 404 - "-" "Mozilla/5.0 (compatible; YandexBot/3.0; +http://yandex.com/bots)"
199.21.99.103 - - [13/Feb/2013:01:38:17 -0600] "GET / HTTP/1.1" 200 10513 "-" "Mozilla/5.0 (compatible; YandexBot/3.0; MirrorDetector; +http://yandex.com/bots)"
199.21.99.103 - - [13/Feb/2013:01:38:24 -0600] "GET / HTTP/1.1" 200 10513 "-" "Mozilla/5.0 (compatible; YandexBot/3.0; MirrorDetector; +http://yandex.com/bots)"
46.165.197.151 - - [13/Feb/2013:01:44:21 -0600] "GET /robots.txt HTTP/1.0" 404 - "-" "Mozilla/5.0 (compatible; MJ12bot/v1.4.3; http://www.majestic12.co.uk/bot.php?+)"
46.165.197.151 - - [13/Feb/2013:01:44:22 -0600] "GET /_inc/contact.php HTTP/1.0" 200 756 "-" "Mozilla/5.0 (compatible; MJ12bot/v1.4.3; http://www.majestic12.co.uk/bot.php?+)"
46.165.197.151 - - [13/Feb/2013:01:44:24 -0600] "GET /events/carousel_11/carousel_11.html HTTP/1.0" 200 3712 "-" "Mozilla/5.0 (compatible; MJ12bot/v1.4.3; http://www.majestic12.co.uk/bot.php?+)"
46.165.197.151 - - [13/Feb/2013:01:44:26 -0600] "GET /events/ermy_event/ermy.html HTTP/1.0" 200 3507 "-" "Mozilla/5.0 (compatible; MJ12bot/v1.4.3; http://www.majestic12.co.uk/bot.php?+)"
46.165.197.151 - - [13/Feb/2013:01:44:27 -0600] "GET /events/vet_picnic/vet_picnic.html HTTP/1.0" 200 3163 "-" "Mozilla/5.0 (compatible; MJ12bot/v1.4.3; http://www.majestic12.co.uk/bot.php?+)"
46.165.197.151 - - [13/Feb/2013:01:44:28 -0600] "GET /join HTTP/1.0" 404 - "-" "Mozilla/5.0 (compatible; MJ12bot/v1.4.3; http://www.majestic12.co.uk/bot.php?+)"
66.249.73.188 - - [13/Feb/2013:02:30:17 -0600] "GET /robots.txt HTTP/1.1" 404 - "-" "Mozilla/5.0 (compatible; Googlebot/2.1; +http://www.google.com/bot.html)"
66.249.73.188 - - [13/Feb/2013:02:30:17 -0600] "GET /images/slder2.png HTTP/1.1" 304 - "-" "Googlebot-Image/1.0"
91.121.24.97 - - [13/Feb/2013:03:00:03 -0600] "GET /robots.txt HTTP/1.0" 404 - "-" "Mozilla/5.0 (compatible; MJ12bot/v1.4.3; http://www.majestic12.co.uk/bot.php?+)"
91.121.24.97 - - [13/Feb/2013:03:00:04 -0600] "GET /_inc/contact.php HTTP/1.0" 200 756 "-" "Mozilla/5.0 (compatible; MJ12bot/v1.4.3; http://www.majestic12.co.uk/bot.php?+)"
91.121.24.97 - - [13/Feb/2013:03:00:06 -0600] "GET /events/carousel_11/carousel_11.html HTTP/1.0" 200 3712 "-" "Mozilla/5.0 (compatible; MJ12bot/v1.4.3; http://www.majestic12.co.uk/bot.php?+)"
91.121.24.97 - - [13/Feb/2013:03:00:08 -0600] "GET /events/ermy_event/ermy.html HTTP/1.0" 200 3507 "-" "Mozilla/5.0 (compatible; MJ12bot/v1.4.3; http://www.majestic12.co.uk/bot.php?+)"
91.121.24.97 - - [13/Feb/2013:03:00:09 -0600] "GET /events/vet_picnic/vet_picnic.html HTTP/1.0" 200 3163 "-" "Mozilla/5.0 (compatible; MJ12bot/v1.4.3; http://www.majestic12.co.uk/bot.php?+)"
91.121.24.97 - - [13/Feb/2013:03:00:11 -0600] "GET /join HTTP/1.0" 404 - "-" "Mozilla/5.0 (compatible; MJ12bot/v1.4.3; http://www.majestic12.co.uk/bot.php?+)"
182.118.25.222 - - [13/Feb/2013:03:46:08 -0600] "GET / HTTP/1.1" 200 10513 "http://www.operationspokaneheroes.org/" "Mozilla/5.0 (Windows; U; Windows NT 5.1; zh-CN; rv:1.8.0.11) Gecko/20070312 Firefox/1.5.0.11; 360Spider"
173.208.165.178 - - [13/Feb/2013:06:00:46 -0600] "GET /robots.txt HTTP/1.0" 404 - "-" "Mozilla/5.0 (compatible; MJ12bot/v1.4.3; http://www.majestic12.co.uk/bot.php?+)"
173.208.165.178 - - [13/Feb/2013:06:00:48 -0600] "GET /_inc/contact.php HTTP/1.0" 200 756 "-" "Mozilla/5.0 (compatible; MJ12bot/v1.4.3; http://www.majestic12.co.uk/bot.php?+)"
173.208.165.178 - - [13/Feb/2013:06:00:50 -0600] "GET /events/carousel_11/carousel_11.html HTTP/1.0" 200 3712 "-" "Mozilla/5.0 (compatible; MJ12bot/v1.4.3; http://www.majestic12.co.uk/bot.php?+)"
173.208.165.178 - - [13/Feb/2013:06:00:52 -0600] "GET /events/ermy_event/ermy.html HTTP/1.0" 200 3507 "-" "Mozilla/5.0 (compatible; MJ12bot/v1.4.3; http://www.majestic12.co.uk/bot.php?+)"
173.208.165.178 - - [13/Feb/2013:06:00:54 -0600] "GET /events/vet_picnic/vet_picnic.html HTTP/1.0" 200 3163 "-" "Mozilla/5.0 (compatible; MJ12bot/v1.4.3; http://www.majestic12.co.uk/bot.php?+)"
173.208.165.178 - - [13/Feb/2013:06:00:56 -0600] "GET /join HTTP/1.0" 404 - "-" "Mozilla/5.0 (compatible; MJ12bot/v1.4.3; http://www.majestic12.co.uk/bot.php?+)"
199.21.99.103 - - [13/Feb/2013:07:26:39 -0600] "GET /robots.txt HTTP/1.1" 404 - "-" "Mozilla/5.0 (compatible; YandexBot/3.0; +http://yandex.com/bots)"
180.76.5.56 - - [13/Feb/2013:07:52:57 -0600] "GET / HTTP/1.1" 200 10513 "-" "Mozilla/5.0 (compatible; Baiduspider/2.0; +http://www.baidu.com/search/spider.html)"
101.226.168.219 - - [13/Feb/2013:08:11:07 -0600] "GET /events.php HTTP/1.1" 200 6407 "http://operationspokaneheroes.org/events.php" "Mozilla/4.0 (compatible; MSIE 8.0; Windows NT 6.1; Trident/4.0; SLCC2; .NET CLR 2.0.50727; .NET CLR 3.5.30729; .NET CLR 3.0.30729; Media Center PC 6.0; MDDR; .NET4.0C; .NET4.0E; .NET CLR 1.1.4322; Tablet PC 2.0); 360Spider"
101.226.168.219 - - [13/Feb/2013:08:11:07 -0600] "GET / HTTP/1.1" 200 10513 "http://operationspokaneheroes.org/" "Mozilla/4.0 (compatible; MSIE 8.0; Windows NT 6.1; Trident/4.0; SLCC2; .NET CLR 2.0.50727; .NET CLR 3.5.30729; .NET CLR 3.0.30729; Media Center PC 6.0; MDDR; .NET4.0C; .NET4.0E; .NET CLR 1.1.4322; Tablet PC 2.0); 360Spider"
101.226.168.226 - - [13/Feb/2013:08:11:07 -0600] "GET /business.php HTTP/1.1" 200 10813 "http://operationspokaneheroes.org/business.php" "Mozilla/4.0 (compatible; MSIE 8.0; Windows NT 6.1; Trident/4.0; SLCC2; .NET CLR 2.0.50727; .NET CLR 3.5.30729; .NET CLR 3.0.30729; Media Center PC 6.0; MDDR; .NET4.0C; .NET4.0E; .NET CLR 1.1.4322; Tablet PC 2.0); 360Spider"
101.226.168.226 - - [13/Feb/2013:08:11:12 -0600] "GET /calendar.php HTTP/1.1" 200 10709 "http://operationspokaneheroes.org/calendar.php" "Mozilla/4.0 (compatible; MSIE 8.0; Windows NT 6.1; Trident/4.0; SLCC2; .NET CLR 2.0.50727; .NET CLR 3.5.30729; .NET CLR 3.0.30729; Media Center PC 6.0; MDDR; .NET4.0C; .NET4.0E; .NET CLR 1.1.4322; Tablet PC 2.0); 360Spider"
70.86.17.98 - - [13/Feb/2013:08:11:19 -0600] "HEAD / HTTP/1.1" 200 - "http://haroyoshi.com" "Mozilla/5.0 (compatible; MSIE 9.0; Windows NT 6.1; WOW64; Trident/5.0)"
66.249.73.188 - - [13/Feb/2013:08:38:06 -0600] "GET /robots.txt HTTP/1.1" 404 - "-" "Mozilla/5.0 (compatible; Googlebot/2.1; +http://www.google.com/bot.html)"
66.249.73.188 - - [13/Feb/2013:08:38:06 -0600] "GET / HTTP/1.1" 200 10513 "-" "SAMSUNG-SGH-E250/1.0 Profile/MIDP-2.0 Configuration/CLDC-1.1 UP.Browser/6.2.3.3.c.1.101 (GUI) MMP/2.0 (compatible; Googlebot-Mobile/2.1; +http://www.google.com/bot.html)"
66.249.73.241 - - [13/Feb/2013:09:45:34 -0600] "GET /robots.txt HTTP/1.1" 404 - "-" "Mozilla/5.0 (compatible; Googlebot/2.1; +http://www.google.com/bot.html)"
66.249.73.241 - - [13/Feb/2013:09:45:34 -0600] "GET /events/vet_picnic/images/2.jpg HTTP/1.1" 304 - "-" "Googlebot-Image/1.0"
65.55.24.239 - - [13/Feb/2013:09:51:59 -0600] "GET /robots.txt HTTP/1.1" 404 - "-" "Mozilla/5.0 (compatible; bingbot/2.0; +http://www.bing.com/bingbot.htm)"
65.55.24.239 - - [13/Feb/2013:09:53:47 -0600] "GET /index.php HTTP/1.1" 200 10513 "-" "Mozilla/5.0 (compatible; bingbot/2.0; +http://www.bing.com/bingbot.htm)"
46.165.197.151 - - [13/Feb/2013:09:54:54 -0600] "GET /robots.txt HTTP/1.0" 404 - "-" "Mozilla/5.0 (compatible; MJ12bot/v1.4.3; http://www.majestic12.co.uk/bot.php?+)"
46.165.197.151 - - [13/Feb/2013:09:54:55 -0600] "GET /_inc/slide.php HTTP/1.0" 200 3205 "-" "Mozilla/5.0 (compatible; MJ12bot/v1.4.3; http://www.majestic12.co.uk/bot.php?+)"
46.165.197.151 - - [13/Feb/2013:09:54:57 -0600] "GET /aboutus.php HTTP/1.0" 200 11667 "-" "Mozilla/5.0 (compatible; MJ12bot/v1.4.3; http://www.majestic12.co.uk/bot.php?+)"
46.165.197.151 - - [13/Feb/2013:09:54:59 -0600] "GET /business.php HTTP/1.0" 200 10813 "-" "Mozilla/5.0 (compatible; MJ12bot/v1.4.3; http://www.majestic12.co.uk/bot.php?+)"
46.165.197.151 - - [13/Feb/2013:09:55:01 -0600] "GET /calendar.php HTTP/1.0" 200 10709 "-" "Mozilla/5.0 (compatible; MJ12bot/v1.4.3; http://www.majestic12.co.uk/bot.php?+)"
46.165.197.151 - - [13/Feb/2013:09:55:02 -0600] "GET /contact.php HTTP/1.0" 200 10519 "-" "Mozilla/5.0 (compatible; MJ12bot/v1.4.3; http://www.majestic12.co.uk/bot.php?+)"
46.165.197.151 - - [13/Feb/2013:09:55:04 -0600] "GET /donate.php HTTP/1.0" 200 11699 "-" "Mozilla/5.0 (compatible; MJ12bot/v1.4.3; http://www.majestic12.co.uk/bot.php?+)"
46.165.197.151 - - [13/Feb/2013:09:55:06 -0600] "GET /events.php HTTP/1.0" 200 6407 "-" "Mozilla/5.0 (compatible; MJ12bot/v1.4.3; http://www.majestic12.co.uk/bot.php?+)"
46.165.197.151 - - [13/Feb/2013:09:55:08 -0600] "GET /index.php HTTP/1.0" 200 10513 "-" "Mozilla/5.0 (compatible; MJ12bot/v1.4.3; http://www.majestic12.co.uk/bot.php?+)"
46.165.197.151 - - [13/Feb/2013:09:55:10 -0600] "GET /slider/index.html HTTP/1.0" 200 1496 "-" "Mozilla/5.0 (compatible; MJ12bot/v1.4.3; http://www.majestic12.co.uk/bot.php?+)"
199.21.99.103 - - [13/Feb/2013:10:23:59 -0600] "GET /events/ermy_event/ermy.html HTTP/1.1" 200 3507 "-" "Mozilla/5.0 (compatible; YandexBot/3.0; +http://yandex.com/bots)"
65.55.24.239 - - [13/Feb/2013:13:50:38 -0600] "GET /robots.txt HTTP/1.1" 404 - "-" "Mozilla/5.0 (compatible; bingbot/2.0; +http://www.bing.com/bingbot.htm)"
65.55.24.239 - - [13/Feb/2013:13:52:47 -0600] "GET / HTTP/1.1" 200 10513 "-" "Mozilla/5.0 (compatible; bingbot/2.0; +http://www.bing.com/bingbot.htm)"
199.21.99.103 - - [13/Feb/2013:15:53:24 -0600] "GET /donate.php HTTP/1.1" 200 11699 "-" "Mozilla/5.0 (compatible; YandexBot/3.0; +http://yandex.com/bots)"
173.208.150.250 - - [13/Feb/2013:16:42:01 -0600] "GET /robots.txt HTTP/1.0" 404 - "-" "Mozilla/5.0 (compatible; MJ12bot/v1.4.3; http://www.majestic12.co.uk/bot.php?+)"
173.208.150.250 - - [13/Feb/2013:16:42:04 -0600] "GET / HTTP/1.0" 200 10513 "-" "Mozilla/5.0 (compatible; MJ12bot/v1.4.3; http://www.majestic12.co.uk/bot.php?+)"
66.249.73.188 - - [13/Feb/2013:16:45:31 -0600] "GET / HTTP/1.1" 200 10513 "-" "Mozilla/5.0 (compatible; Googlebot/2.1; +http://www.google.com/bot.html)"
208.115.113.86 - - [13/Feb/2013:16:50:05 -0600] "GET /robots.txt HTTP/1.1" 404 - "-" "Mozilla/5.0 (compatible; Ezooms/1.0; ezooms.bot@gmail.com)"
66.249.73.188 - - [13/Feb/2013:17:08:49 -0600] "GET /business.php HTTP/1.1" 200 10813 "-" "Mozilla/5.0 (compatible; Googlebot/2.1; +http://www.google.com/bot.html)"
208.115.113.86 - - [13/Feb/2013:18:02:05 -0600] "GET /wedo.php HTTP/1.1" 404 - "-" "Mozilla/5.0 (compatible; Ezooms/1.0; ezooms.bot@gmail.com)"
65.55.24.239 - - [13/Feb/2013:19:11:07 -0600] "GET /robots.txt HTTP/1.1" 404 - "-" "Mozilla/5.0 (compatible; bingbot/2.0; +http://www.bing.com/bingbot.htm)"
65.55.24.239 - - [13/Feb/2013:19:12:35 -0600] "GET /slider.html HTTP/1.1" 304 - "-" "Mozilla/5.0 (compatible; bingbot/2.0; +http://www.bing.com/bingbot.htm)"
180.76.5.23 - - [13/Feb/2013:19:51:00 -0600] "GET / HTTP/1.1" 200 10513 "-" "Mozilla/5.0 (compatible; Baiduspider/2.0; +http://www.baidu.com/search/spider.html)"
74.125.185.23 - - [13/Feb/2013:20:11:04 -0600] "GET /java_for_joes/index.html HTTP/1.1" 404 - "-" "AppEngine-Google; (+http://code.google.com/appengine; appid: s~pulseapi)"
65.55.215.67 - - [13/Feb/2013:23:19:30 -0600] "GET /robots.txt HTTP/1.1" 404 - "-" "msnbot-media/1.1 (+http://search.msn.com/msnbot.htm)"
65.55.215.67 - - [13/Feb/2013:23:19:31 -0600] "GET /images/free_clinic.png HTTP/1.1" 200 48993 "-" "msnbot-media/1.1 (+http://search.msn.com/msnbot.htm)"
199.21.99.103 - - [14/Feb/2013:00:09:33 -0600] "GET /robots.txt HTTP/1.1" 404 - "-" "Mozilla/5.0 (compatible; YandexBot/3.0; +http://yandex.com/bots)"
180.76.5.143 - - [14/Feb/2013:01:52:52 -0600] "GET /slider/js/jquery-1.2.6.js HTTP/1.1" 304 - "-" "Mozilla/5.0 (compatible; Baiduspider/2.0; +http://www.baidu.com/search/spider.html)"
87.194.162.194 - - [14/Feb/2013:02:38:26 -0600] "GET /robots.txt HTTP/1.0" 404 - "-" "Mozilla/5.0 (compatible; MJ12bot/v1.4.3; http://www.majestic12.co.uk/bot.php?+)"
87.194.162.194 - - [14/Feb/2013:02:38:29 -0600] "GET /_inc/slide.php HTTP/1.1" 200 3205 "-" "Mozilla/5.0 (compatible; MJ12bot/v1.4.3; http://www.majestic12.co.uk/bot.php?+)"
87.194.162.194 - - [14/Feb/2013:02:38:31 -0600] "GET /aboutus.php HTTP/1.1" 200 11667 "-" "Mozilla/5.0 (compatible; MJ12bot/v1.4.3; http://www.majestic12.co.uk/bot.php?+)"
87.194.162.194 - - [14/Feb/2013:02:38:33 -0600] "GET /business.php HTTP/1.1" 200 10813 "-" "Mozilla/5.0 (compatible; MJ12bot/v1.4.3; http://www.majestic12.co.uk/bot.php?+)"
87.194.162.194 - - [14/Feb/2013:02:38:37 -0600] "GET /calendar.php HTTP/1.1" 200 10709 "-" "Mozilla/5.0 (compatible; MJ12bot/v1.4.3; http://www.majestic12.co.uk/bot.php?+)"
87.194.162.194 - - [14/Feb/2013:02:38:39 -0600] "GET /contact.php HTTP/1.1" 200 10519 "-" "Mozilla/5.0 (compatible; MJ12bot/v1.4.3; http://www.majestic12.co.uk/bot.php?+)"
87.194.162.194 - - [14/Feb/2013:02:38:43 -0600] "GET /donate.php HTTP/1.1" 200 11699 "-" "Mozilla/5.0 (compatible; MJ12bot/v1.4.3; http://www.majestic12.co.uk/bot.php?+)"
87.194.162.194 - - [14/Feb/2013:02:38:45 -0600] "GET /events.php HTTP/1.1" 200 6407 "-" "Mozilla/5.0 (compatible; MJ12bot/v1.4.3; http://www.majestic12.co.uk/bot.php?+)"
87.194.162.194 - - [14/Feb/2013:02:38:47 -0600] "GET /index.php HTTP/1.1" 200 10513 "-" "Mozilla/5.0 (compatible; MJ12bot/v1.4.3; http://www.majestic12.co.uk/bot.php?+)"
87.194.162.194 - - [14/Feb/2013:02:38:49 -0600] "GET /slider/index.html HTTP/1.1" 200 1496 "-" "Mozilla/5.0 (compatible; MJ12bot/v1.4.3; http://www.majestic12.co.uk/bot.php?+)"
208.115.111.70 - - [14/Feb/2013:02:53:19 -0600] "GET /robots.txt HTTP/1.1" 404 - "-" "Mozilla/5.0 (compatible; Ezooms/1.0; ezooms.bot@gmail.com)"
5.199.133.88 - - [14/Feb/2013:03:09:00 -0600] "GET /robots.txt HTTP/1.0" 404 - "-" "Mozilla/5.0 (compatible; MJ12bot/v1.4.3; http://www.majestic12.co.uk/bot.php?+)"
5.199.133.88 - - [14/Feb/2013:03:09:01 -0600] "GET /_inc/slide.php HTTP/1.0" 200 3205 "-" "Mozilla/5.0 (compatible; MJ12bot/v1.4.3; http://www.majestic12.co.uk/bot.php?+)"
5.199.133.88 - - [14/Feb/2013:03:09:03 -0600] "GET /aboutus.php HTTP/1.0" 200 11667 "-" "Mozilla/5.0 (compatible; MJ12bot/v1.4.3; http://www.majestic12.co.uk/bot.php?+)"
5.199.133.88 - - [14/Feb/2013:03:09:05 -0600] "GET /business.php HTTP/1.0" 200 10813 "-" "Mozilla/5.0 (compatible; MJ12bot/v1.4.3; http://www.majestic12.co.uk/bot.php?+)"
5.199.133.88 - - [14/Feb/2013:03:09:07 -0600] "GET /calendar.php HTTP/1.0" 200 10709 "-" "Mozilla/5.0 (compatible; MJ12bot/v1.4.3; http://www.majestic12.co.uk/bot.php?+)"
5.199.133.88 - - [14/Feb/2013:03:09:09 -0600] "GET /contact.php HTTP/1.0" 200 10519 "-" "Mozilla/5.0 (compatible; MJ12bot/v1.4.3; http://www.majestic12.co.uk/bot.php?+)"
5.199.133.88 - - [14/Feb/2013:03:09:10 -0600] "GET /donate.php HTTP/1.0" 200 11699 "-" "Mozilla/5.0 (compatible; MJ12bot/v1.4.3; http://www.majestic12.co.uk/bot.php?+)"
5.199.133.88 - - [14/Feb/2013:03:09:12 -0600] "GET /events.php HTTP/1.0" 200 6407 "-" "Mozilla/5.0 (compatible; MJ12bot/v1.4.3; http://www.majestic12.co.uk/bot.php?+)"
5.199.133.88 - - [14/Feb/2013:03:09:14 -0600] "GET /index.php HTTP/1.0" 200 10513 "-" "Mozilla/5.0 (compatible; MJ12bot/v1.4.3; http://www.majestic12.co.uk/bot.php?+)"
5.199.133.88 - - [14/Feb/2013:03:09:16 -0600] "GET /slider/index.html HTTP/1.0" 200 1496 "-" "Mozilla/5.0 (compatible; MJ12bot/v1.4.3; http://www.majestic12.co.uk/bot.php?+)"
65.55.24.239 - - [14/Feb/2013:03:11:54 -0600] "GET /robots.txt HTTP/1.1" 404 - "-" "Mozilla/5.0 (compatible; bingbot/2.0; +http://www.bing.com/bingbot.htm)"
65.55.24.239 - - [14/Feb/2013:03:13:07 -0600] "GET / HTTP/1.1" 200 10513 "-" "Mozilla/5.0 (compatible; bingbot/2.0; +http://www.bing.com/bingbot.htm)"
173.236.21.106 - - [14/Feb/2013:03:24:28 -0600] "GET /robots.txt HTTP/1.0" 404 - "-" "Mozilla/5.0 (compatible; MJ12bot/v1.4.3; http://www.majestic12.co.uk/bot.php?+)"
173.236.21.106 - - [14/Feb/2013:03:24:30 -0600] "GET /_inc/contact.php HTTP/1.0" 200 756 "-" "Mozilla/5.0 (compatible; MJ12bot/v1.4.3; http://www.majestic12.co.uk/bot.php?+)"
173.236.21.106 - - [14/Feb/2013:03:24:31 -0600] "GET /events/carousel_11/carousel_11.html HTTP/1.0" 200 3712 "-" "Mozilla/5.0 (compatible; MJ12bot/v1.4.3; http://www.majestic12.co.uk/bot.php?+)"
173.236.21.106 - - [14/Feb/2013:03:24:33 -0600] "GET /events/ermy_event/ermy.html HTTP/1.0" 200 3507 "-" "Mozilla/5.0 (compatible; MJ12bot/v1.4.3; http://www.majestic12.co.uk/bot.php?+)"
173.236.21.106 - - [14/Feb/2013:03:24:34 -0600] "GET /events/vet_picnic/vet_picnic.html HTTP/1.0" 200 3163 "-" "Mozilla/5.0 (compatible; MJ12bot/v1.4.3; http://www.majestic12.co.uk/bot.php?+)"
173.236.21.106 - - [14/Feb/2013:03:24:36 -0600] "GET /join HTTP/1.0" 404 - "-" "Mozilla/5.0 (compatible; MJ12bot/v1.4.3; http://www.majestic12.co.uk/bot.php?+)"
199.21.99.103 - - [14/Feb/2013:03:49:25 -0600] "GET /pdf/ready_set_go.pdf HTTP/1.1" 200 208616 "-" "Mozilla/5.0 (compatible; YandexBot/3.0; +http://yandex.com/bots)"
208.115.111.70 - - [14/Feb/2013:03:55:56 -0600] "GET /events.php HTTP/1.1" 200 6407 "-" "Mozilla/5.0 (compatible; Ezooms/1.0; ezooms.bot@gmail.com)"
182.118.22.211 - - [14/Feb/2013:04:09:34 -0600] "GET / HTTP/1.1" 200 10513 "http://www.operationspokaneheroes.org/" "Mozilla/5.0 (Windows; U; Windows NT 5.1; zh-CN; rv:1.8.0.11) Gecko/20070312 Firefox/1.5.0.11; 360Spider"
157.55.32.88 - - [14/Feb/2013:04:25:21 -0600] "GET /robots.txt HTTP/1.1" 404 - "-" "Mozilla/5.0 (compatible; bingbot/2.0; +http://www.bing.com/bingbot.htm)"
157.55.32.88 - - [14/Feb/2013:04:27:09 -0600] "GET /pdf/OSH%20Freedom%20Fridays%20Sign%20Up%20Sheet.pdf HTTP/1.1" 200 170318 "-" "Mozilla/5.0 (compatible; bingbot/2.0; +http://www.bing.com/bingbot.htm)"
157.55.33.79 - - [14/Feb/2013:04:41:38 -0600] "GET /pdf/2010_Top100_Military_Friendly_Employers.pdf HTTP/1.1" 200 711726 "-" "Mozilla/5.0 (compatible; bingbot/2.0; +http://www.bing.com/bingbot.htm)"
65.55.52.108 - - [14/Feb/2013:04:55:44 -0600] "GET /resources.php HTTP/1.1" 200 10398 "-" "Mozilla/5.0 (compatible; bingbot/2.0; +http://www.bing.com/bingbot.htm)"
65.55.52.108 - - [14/Feb/2013:04:55:44 -0600] "GET /pdf/174%20Stores%20and%20Business%20Offering%20Military%20Discounts1.pdf HTTP/1.1" 200 122888 "-" "Mozilla/5.0 (compatible; bingbot/2.0; +http://www.bing.com/bingbot.htm)"
65.55.24.239 - - [14/Feb/2013:05:08:08 -0600] "GET / HTTP/1.1" 200 10513 "-" "Mozilla/5.0 (compatible; bingbot/2.0; +http://www.bing.com/bingbot.htm)"
65.55.24.239 - - [14/Feb/2013:05:08:08 -0600] "GET /index.php HTTP/1.1" 200 10513 "-" "Mozilla/5.0 (compatible; bingbot/2.0; +http://www.bing.com/bingbot.htm)"
93.182.137.3 - - [14/Feb/2013:05:14:09 -0600] "GET /index.php HTTP/1.0" 200 10513 "http://operationspokaneheroes.org/index.php" "Mozilla/5.0 (Windows NT 6.1) AppleWebKit/536.5 (KHTML, like Gecko) Chrome/19.0.1084.56 Safari/536.5"
157.55.35.34 - - [14/Feb/2013:05:44:38 -0600] "GET /robots.txt HTTP/1.1" 404 - "-" "Mozilla/5.0 (compatible; bingbot/2.0; +http://www.bing.com/bingbot.htm)"
157.55.35.34 - - [14/Feb/2013:05:46:07 -0600] "GET /aboutus.php HTTP/1.1" 200 11667 "-" "Mozilla/5.0 (compatible; bingbot/2.0; +http://www.bing.com/bingbot.htm)"
208.115.113.86 - - [14/Feb/2013:08:48:41 -0600] "GET /robots.txt HTTP/1.1" 404 - "-" "Mozilla/5.0 (compatible; Ezooms/1.0; ezooms.bot@gmail.com)"
180.76.5.139 - - [14/Feb/2013:09:04:03 -0600] "GET /robots.txt HTTP/1.1" 404 - "-" "Mozilla/5.0 (Windows NT 5.1; rv:6.0.2) Gecko/20100101 Firefox/6.0.2"
199.21.99.103 - - [14/Feb/2013:09:39:57 -0600] "GET /robots.txt HTTP/1.1" 404 - "-" "Mozilla/5.0 (compatible; YandexBot/3.0; +http://yandex.com/bots)"
199.21.99.103 - - [14/Feb/2013:09:39:57 -0600] "GET /robots.txt HTTP/1.1" 404 - "-" "Mozilla/5.0 (compatible; YandexBot/3.0; +http://yandex.com/bots)"
199.21.99.103 - - [14/Feb/2013:09:39:59 -0600] "GET / HTTP/1.1" 200 10513 "-" "Mozilla/5.0 (compatible; YandexBot/3.0; MirrorDetector; +http://yandex.com/bots)"
199.21.99.103 - - [14/Feb/2013:09:40:00 -0600] "GET / HTTP/1.1" 200 10513 "-" "Mozilla/5.0 (compatible; YandexBot/3.0; MirrorDetector; +http://yandex.com/bots)"
199.21.99.103 - - [14/Feb/2013:09:40:04 -0600] "GET / HTTP/1.1" 200 10513 "-" "Mozilla/5.0 (compatible; YandexBot/3.0; MirrorDetector; +http://yandex.com/bots)"
199.21.99.103 - - [14/Feb/2013:09:40:05 -0600] "GET / HTTP/1.1" 200 10513 "-" "Mozilla/5.0 (compatible; YandexBot/3.0; MirrorDetector; +http://yandex.com/bots)"
157.55.32.88 - - [14/Feb/2013:09:59:20 -0600] "GET /robots.txt HTTP/1.1" 404 - "-" "Mozilla/5.0 (compatible; bingbot/2.0; +http://www.bing.com/bingbot.htm)"
157.55.32.88 - - [14/Feb/2013:10:00:36 -0600] "GET /pdf/OSH%20Freedom%20Fridays%20Sign%20Up%20Sheet.pdf HTTP/1.1" 200 170318 "-" "Mozilla/5.0 (compatible; bingbot/2.0; +http://www.bing.com/bingbot.htm)"
208.115.113.86 - - [14/Feb/2013:10:01:51 -0600] "GET /wedo.php HTTP/1.1" 404 - "-" "Mozilla/5.0 (compatible; Ezooms/1.0; ezooms.bot@gmail.com)"
66.249.74.210 - - [14/Feb/2013:10:04:51 -0600] "GET /robots.txt HTTP/1.1" 404 - "-" "Mozilla/5.0 (compatible; Googlebot/2.1; +http://www.google.com/bot.html)"
66.249.74.210 - - [14/Feb/2013:10:04:51 -0600] "GET / HTTP/1.1" 200 10513 "-" "DoCoMo/2.0 N905i(c100;TB;W24H16) (compatible; Googlebot-Mobile/2.1; +http://www.google.com/bot.html)"
157.55.33.79 - - [14/Feb/2013:10:16:35 -0600] "GET /pdf/2010_Top100_Military_Friendly_Employers.pdf HTTP/1.1" 200 711726 "-" "Mozilla/5.0 (compatible; bingbot/2.0; +http://www.bing.com/bingbot.htm)"
67.228.179.11 - - [14/Feb/2013:10:37:28 -0600] "GET / HTTP/1.1" 200 10513 "http://sharepointpolice.com/blog/2010/05/27/document-id-feature-in-sharepoint-2010/" "Mozilla/4.0 (compatible; MSIE 8.0; Windows NT 5.2; Trident/4.0; .NET CLR 3.5.30729)"
65.55.52.108 - - [14/Feb/2013:10:44:04 -0600] "GET /resources.php HTTP/1.1" 200 10398 "-" "Mozilla/5.0 (compatible; bingbot/2.0; +http://www.bing.com/bingbot.htm)"
65.55.52.108 - - [14/Feb/2013:10:44:04 -0600] "GET /pdf/174%20Stores%20and%20Business%20Offering%20Military%20Discounts1.pdf HTTP/1.1" 200 122888 "-" "Mozilla/5.0 (compatible; bingbot/2.0; +http://www.bing.com/bingbot.htm)"
208.115.111.70 - - [14/Feb/2013:10:53:13 -0600] "GET /robots.txt HTTP/1.1" 404 - "-" "Mozilla/5.0 (compatible; Ezooms/1.0; ezooms.bot@gmail.com)"
66.249.74.61 - - [14/Feb/2013:11:09:37 -0600] "GET /robots.txt HTTP/1.1" 404 - "-" "Mozilla/5.0 (compatible; Googlebot/2.1; +http://www.google.com/bot.html)"
66.249.74.61 - - [14/Feb/2013:11:09:37 -0600] "GET /events/vet_picnic/images/1.jpg HTTP/1.1" 304 - "-" "Googlebot-Image/1.0"
208.115.111.70 - - [14/Feb/2013:11:56:16 -0600] "GET /employers.php HTTP/1.1" 404 - "-" "Mozilla/5.0 (compatible; Ezooms/1.0; ezooms.bot@gmail.com)"
208.115.113.86 - - [14/Feb/2013:12:51:42 -0600] "GET /robots.txt HTTP/1.1" 404 - "-" "Mozilla/5.0 (compatible; Ezooms/1.0; ezooms.bot@gmail.com)"
204.12.198.106 - - [14/Feb/2013:13:23:30 -0600] "GET /robots.txt HTTP/1.0" 404 - "-" "Mozilla/5.0 (compatible; MJ12bot/v1.4.3; http://www.majestic12.co.uk/bot.php?+)"
204.12.198.106 - - [14/Feb/2013:13:23:31 -0600] "GET / HTTP/1.0" 200 10513 "-" "Mozilla/5.0 (compatible; MJ12bot/v1.4.3; http://www.majestic12.co.uk/bot.php?+)"
92.249.127.111 - - [14/Feb/2013:13:26:21 -0600] "GET / HTTP/1.1" 200 10513 "http://onkerl.ya.ru/replies.xml?item_no=36" "Mozilla/5.0 (compatible; news bot /2.1)"
92.249.127.111 - - [14/Feb/2013:13:26:22 -0600] "GET / HTTP/1.1" 200 10513 "http://onkerl.ya.ru/replies.xml?item_no=36" "Mozilla/5.0 (compatible; news bot /2.1)"
208.115.113.86 - - [14/Feb/2013:13:59:39 -0600] "GET /benefits.php HTTP/1.1" 404 - "-" "Mozilla/5.0 (compatible; Ezooms/1.0; ezooms.bot@gmail.com)"
65.55.24.239 - - [14/Feb/2013:14:50:42 -0600] "GET /robots.txt HTTP/1.1" 404 - "-" "Mozilla/5.0 (compatible; bingbot/2.0; +http://www.bing.com/bingbot.htm)"
65.55.24.239 - - [14/Feb/2013:14:52:34 -0600] "GET / HTTP/1.1" 200 10513 "-" "Mozilla/5.0 (compatible; bingbot/2.0; +http://www.bing.com/bingbot.htm)"
199.21.99.103 - - [14/Feb/2013:21:49:44 -0600] "GET /robots.txt HTTP/1.1" 404 - "-" "Mozilla/5.0 (compatible; YandexBot/3.0; +http://yandex.com/bots)"
67.185.20.85 - - [14/Feb/2013:22:33:35 -0600] "GET /business.php HTTP/1.1" 200 10813 "http://isearch.avg.com/search?q=spokane+wa+military+discounts&sap=nt&lang=en&mid=2df249481e4947d684a1d15d64ce8428-782d9000c26cb2562a17e99237733732fd8cbd77&cid=%7B1910A579-64FF-4B76-9C5C-3801D2BCEAA6%7D&v=14.1.0.10&ds=AVG&d=12%2F13%2F2012+6%3A31%3A56+AM&pr=fr&snd=hp&pid=avg&sap_acp=0" "Mozilla/5.0 (Windows NT 5.1) AppleWebKit/537.17 (KHTML, like Gecko) Chrome/24.0.1312.57 Safari/537.17"
67.185.20.85 - - [14/Feb/2013:22:33:35 -0600] "GET /_inc/slide.php HTTP/1.1" 200 3205 "http://operationspokaneheroes.org/business.php" "Mozilla/5.0 (Windows NT 5.1) AppleWebKit/537.17 (KHTML, like Gecko) Chrome/24.0.1312.57 Safari/537.17"
67.185.20.85 - - [14/Feb/2013:22:33:35 -0600] "GET /images/contacticon.png HTTP/1.1" 200 4499 "http://operationspokaneheroes.org/business.php" "Mozilla/5.0 (Windows NT 5.1) AppleWebKit/537.17 (KHTML, like Gecko) Chrome/24.0.1312.57 Safari/537.17"
67.185.20.85 - - [14/Feb/2013:22:33:35 -0600] "GET /images/global.png HTTP/1.1" 200 5737 "http://operationspokaneheroes.org/business.php" "Mozilla/5.0 (Windows NT 5.1) AppleWebKit/537.17 (KHTML, like Gecko) Chrome/24.0.1312.57 Safari/537.17"
67.185.20.85 - - [14/Feb/2013:22:33:35 -0600] "GET /css/footer.css HTTP/1.1" 200 752 "http://operationspokaneheroes.org/business.php" "Mozilla/5.0 (Windows NT 5.1) AppleWebKit/537.17 (KHTML, like Gecko) Chrome/24.0.1312.57 Safari/537.17"
67.185.20.85 - - [14/Feb/2013:22:33:35 -0600] "GET /images/facebook.png HTTP/1.1" 200 5004 "http://operationspokaneheroes.org/business.php" "Mozilla/5.0 (Windows NT 5.1) AppleWebKit/537.17 (KHTML, like Gecko) Chrome/24.0.1312.57 Safari/537.17"
67.185.20.85 - - [14/Feb/2013:22:33:35 -0600] "GET /css/global.css HTTP/1.1" 200 13951 "http://operationspokaneheroes.org/business.php" "Mozilla/5.0 (Windows NT 5.1) AppleWebKit/537.17 (KHTML, like Gecko) Chrome/24.0.1312.57 Safari/537.17"
67.185.20.85 - - [14/Feb/2013:22:33:35 -0600] "GET /css/style_global.css HTTP/1.1" 200 2621 "http://operationspokaneheroes.org/_inc/slide.php" "Mozilla/5.0 (Windows NT 5.1) AppleWebKit/537.17 (KHTML, like Gecko) Chrome/24.0.1312.57 Safari/537.17"
67.185.20.85 - - [14/Feb/2013:22:33:35 -0600] "GET /css/slide.css HTTP/1.1" 200 2869 "http://operationspokaneheroes.org/_inc/slide.php" "Mozilla/5.0 (Windows NT 5.1) AppleWebKit/537.17 (KHTML, like Gecko) Chrome/24.0.1312.57 Safari/537.17"
67.185.20.85 - - [14/Feb/2013:22:33:36 -0600] "GET /images/nav2.jpg HTTP/1.1" 200 4444 "http://operationspokaneheroes.org/business.php" "Mozilla/5.0 (Windows NT 5.1) AppleWebKit/537.17 (KHTML, like Gecko) Chrome/24.0.1312.57 Safari/537.17"
67.185.20.85 - - [14/Feb/2013:22:33:36 -0600] "GET /mainbk.png HTTP/1.1" 200 290 "http://operationspokaneheroes.org/business.php" "Mozilla/5.0 (Windows NT 5.1) AppleWebKit/537.17 (KHTML, like Gecko) Chrome/24.0.1312.57 Safari/537.17"
67.185.20.85 - - [14/Feb/2013:22:33:35 -0600] "GET /images/logo.png HTTP/1.1" 200 226129 "http://operationspokaneheroes.org/business.php" "Mozilla/5.0 (Windows NT 5.1) AppleWebKit/537.17 (KHTML, like Gecko) Chrome/24.0.1312.57 Safari/537.17"
67.185.20.85 - - [14/Feb/2013:22:33:35 -0600] "GET /js/combined.js HTTP/1.1" 200 169946 "http://operationspokaneheroes.org/_inc/slide.php" "Mozilla/5.0 (Windows NT 5.1) AppleWebKit/537.17 (KHTML, like Gecko) Chrome/24.0.1312.57 Safari/537.17"
67.185.20.85 - - [14/Feb/2013:22:33:36 -0600] "GET /images/bg2.jpg HTTP/1.1" 200 55206 "http://operationspokaneheroes.org/business.php" "Mozilla/5.0 (Windows NT 5.1) AppleWebKit/537.17 (KHTML, like Gecko) Chrome/24.0.1312.57 Safari/537.17"
67.185.20.85 - - [14/Feb/2013:22:33:37 -0600] "GET /images/we_strive.png HTTP/1.1" 200 1981 "http://operationspokaneheroes.org/_inc/slide.php" "Mozilla/5.0 (Windows NT 5.1) AppleWebKit/537.17 (KHTML, like Gecko) Chrome/24.0.1312.57 Safari/537.17"
67.185.20.85 - - [14/Feb/2013:22:33:37 -0600] "GET /images/mission_statement_bg.png HTTP/1.1" 200 11413 "http://operationspokaneheroes.org/_inc/slide.php" "Mozilla/5.0 (Windows NT 5.1) AppleWebKit/537.17 (KHTML, like Gecko) Chrome/24.0.1312.57 Safari/537.17"
67.185.20.85 - - [14/Feb/2013:22:33:37 -0600] "GET /images/we_believe.png HTTP/1.1" 200 1785 "http://operationspokaneheroes.org/_inc/slide.php" "Mozilla/5.0 (Windows NT 5.1) AppleWebKit/537.17 (KHTML, like Gecko) Chrome/24.0.1312.57 Safari/537.17"
67.185.20.85 - - [14/Feb/2013:22:33:37 -0600] "GET /images/2.jpg HTTP/1.1" 200 170993 "http://operationspokaneheroes.org/_inc/slide.php" "Mozilla/5.0 (Windows NT 5.1) AppleWebKit/537.17 (KHTML, like Gecko) Chrome/24.0.1312.57 Safari/537.17"
67.185.20.85 - - [14/Feb/2013:22:33:37 -0600] "GET /images/4.jpg HTTP/1.1" 200 186934 "http://operationspokaneheroes.org/_inc/slide.php" "Mozilla/5.0 (Windows NT 5.1) AppleWebKit/537.17 (KHTML, like Gecko) Chrome/24.0.1312.57 Safari/537.17"
67.185.20.85 - - [14/Feb/2013:22:33:37 -0600] "GET /images/3.jpg HTTP/1.1" 200 240733 "http://operationspokaneheroes.org/_inc/slide.php" "Mozilla/5.0 (Windows NT 5.1) AppleWebKit/537.17 (KHTML, like Gecko) Chrome/24.0.1312.57 Safari/537.17"
67.185.20.85 - - [14/Feb/2013:22:33:39 -0600] "GET /images/we_help.png HTTP/1.1" 200 1514 "http://operationspokaneheroes.org/_inc/slide.php" "Mozilla/5.0 (Windows NT 5.1) AppleWebKit/537.17 (KHTML, like Gecko) Chrome/24.0.1312.57 Safari/537.17"
67.185.20.85 - - [14/Feb/2013:22:33:39 -0600] "GET /images/we_need.png HTTP/1.1" 200 2138 "http://operationspokaneheroes.org/_inc/slide.php" "Mozilla/5.0 (Windows NT 5.1) AppleWebKit/537.17 (KHTML, like Gecko) Chrome/24.0.1312.57 Safari/537.17"
67.185.20.85 - - [14/Feb/2013:22:33:39 -0600] "GET /images/1.jpg HTTP/1.1" 200 142489 "http://operationspokaneheroes.org/_inc/slide.php" "Mozilla/5.0 (Windows NT 5.1) AppleWebKit/537.17 (KHTML, like Gecko) Chrome/24.0.1312.57 Safari/537.17"
67.185.20.85 - - [14/Feb/2013:22:33:40 -0600] "GET /assets/images/btn_top_search_hover.png HTTP/1.1" 404 - "http://operationspokaneheroes.org/_inc/slide.php" "Mozilla/5.0 (Windows NT 5.1) AppleWebKit/537.17 (KHTML, like Gecko) Chrome/24.0.1312.57 Safari/537.17"
67.185.20.85 - - [14/Feb/2013:22:33:40 -0600] "GET /assets/images/btn_main_search_hover.png HTTP/1.1" 404 - "http://operationspokaneheroes.org/_inc/slide.php" "Mozilla/5.0 (Windows NT 5.1) AppleWebKit/537.17 (KHTML, like Gecko) Chrome/24.0.1312.57 Safari/537.17"
67.185.20.85 - - [14/Feb/2013:22:33:41 -0600] "GET /favicon.ico HTTP/1.1" 404 - "-" "Mozilla/5.0 (Windows NT 5.1) AppleWebKit/537.17 (KHTML, like Gecko) Chrome/24.0.1312.57 Safari/537.17"
67.185.20.85 - - [14/Feb/2013:22:33:52 -0600] "GET /pdf/174%20Stores%20and%20Business%20Offering%20Military%20Discounts1.pdf HTTP/1.1" 200 122888 "http://operationspokaneheroes.org/business.php" "Mozilla/5.0 (Windows NT 5.1) AppleWebKit/537.17 (KHTML, like Gecko) Chrome/24.0.1312.57 Safari/537.17"
67.185.20.85 - - [14/Feb/2013:22:34:08 -0600] "GET /favicon.ico HTTP/1.1" 404 - "-" "Mozilla/5.0 (Windows NT 5.1) AppleWebKit/537.17 (KHTML, like Gecko) Chrome/24.0.1312.57 Safari/537.17"
67.185.20.85 - - [14/Feb/2013:22:34:09 -0600] "GET /favicon.ico HTTP/1.1" 404 - "-" "Mozilla/5.0 (Windows NT 5.1) AppleWebKit/537.17 (KHTML, like Gecko) Chrome/24.0.1312.57 Safari/537.17"
67.185.20.85 - - [14/Feb/2013:22:34:55 -0600] "GET /pdf/2010_Top100_Military_Friendly_Employers.pdf HTTP/1.1" 200 711726 "http://operationspokaneheroes.org/business.php" "Mozilla/5.0 (Windows NT 5.1) AppleWebKit/537.17 (KHTML, like Gecko) Chrome/24.0.1312.57 Safari/537.17"
67.185.20.85 - - [14/Feb/2013:22:34:56 -0600] "GET /favicon.ico HTTP/1.1" 404 - "-" "Mozilla/5.0 (Windows NT 5.1) AppleWebKit/537.17 (KHTML, like Gecko) Chrome/24.0.1312.57 Safari/537.17"
67.185.20.85 - - [14/Feb/2013:22:34:56 -0600] "GET /pdf/2010_Top100_Military_Friendly_Employers.pdf HTTP/1.1" 206 32768 "http://operationspokaneheroes.org/pdf/2010_Top100_Military_Friendly_Employers.pdf" "Mozilla/5.0 (Windows NT 5.1) AppleWebKit/537.17 (KHTML, like Gecko) Chrome/24.0.1312.57 Safari/537.17"
67.185.20.85 - - [14/Feb/2013:22:34:56 -0600] "GET /pdf/2010_Top100_Military_Friendly_Employers.pdf HTTP/1.1" 206 510067 "http://operationspokaneheroes.org/pdf/2010_Top100_Military_Friendly_Employers.pdf" "Mozilla/5.0 (Windows NT 5.1) AppleWebKit/537.17 (KHTML, like Gecko) Chrome/24.0.1312.57 Safari/537.17"
67.185.20.85 - - [14/Feb/2013:22:34:57 -0600] "GET /pdf/2010_Top100_Military_Friendly_Employers.pdf HTTP/1.1" 206 32768 "http://operationspokaneheroes.org/pdf/2010_Top100_Military_Friendly_Employers.pdf" "Mozilla/5.0 (Windows NT 5.1) AppleWebKit/537.17 (KHTML, like Gecko) Chrome/24.0.1312.57 Safari/537.17"
67.185.20.85 - - [14/Feb/2013:22:34:57 -0600] "GET /pdf/2010_Top100_Military_Friendly_Employers.pdf HTTP/1.1" 206 32768 "http://operationspokaneheroes.org/pdf/2010_Top100_Military_Friendly_Employers.pdf" "Mozilla/5.0 (Windows NT 5.1) AppleWebKit/537.17 (KHTML, like Gecko) Chrome/24.0.1312.57 Safari/537.17"
67.185.20.85 - - [14/Feb/2013:22:34:58 -0600] "GET /pdf/2010_Top100_Military_Friendly_Employers.pdf HTTP/1.1" 206 32768 "http://operationspokaneheroes.org/pdf/2010_Top100_Military_Friendly_Employers.pdf" "Mozilla/5.0 (Windows NT 5.1) AppleWebKit/537.17 (KHTML, like Gecko) Chrome/24.0.1312.57 Safari/537.17"
67.185.20.85 - - [14/Feb/2013:22:34:58 -0600] "GET /pdf/2010_Top100_Military_Friendly_Employers.pdf HTTP/1.1" 206 32768 "http://operationspokaneheroes.org/pdf/2010_Top100_Military_Friendly_Employers.pdf" "Mozilla/5.0 (Windows NT 5.1) AppleWebKit/537.17 (KHTML, like Gecko) Chrome/24.0.1312.57 Safari/537.17"
67.185.20.85 - - [14/Feb/2013:22:34:58 -0600] "GET /pdf/2010_Top100_Military_Friendly_Employers.pdf HTTP/1.1" 206 37819 "http://operationspokaneheroes.org/pdf/2010_Top100_Military_Friendly_Employers.pdf" "Mozilla/5.0 (Windows NT 5.1) AppleWebKit/537.17 (KHTML, like Gecko) Chrome/24.0.1312.57 Safari/537.17"
67.185.20.85 - - [14/Feb/2013:22:34:58 -0600] "GET /favicon.ico HTTP/1.1" 404 - "-" "Mozilla/5.0 (Windows NT 5.1) AppleWebKit/537.17 (KHTML, like Gecko) Chrome/24.0.1312.57 Safari/537.17"
199.21.99.103 - - [14/Feb/2013:23:39:16 -0600] "GET /aboutus.php HTTP/1.1" 200 11667 "-" "Mozilla/5.0 (compatible; YandexBot/3.0; +http://yandex.com/bots)"
76.28.253.136 - - [15/Feb/2013:00:54:34 -0600] "GET /business.php HTTP/1.1" 200 10813 "-" "Mozilla/5.0 (iPhone; CPU iPhone OS 6_1 like Mac OS X) AppleWebKit/536.26 (KHTML, like Gecko) Version/6.0 Mobile/10B143 Safari/8536.25"
76.28.253.136 - - [15/Feb/2013:00:54:35 -0600] "GET /css/footer.css HTTP/1.1" 200 752 "http://operationspokaneheroes.org/business.php" "Mozilla/5.0 (iPhone; CPU iPhone OS 6_1 like Mac OS X) AppleWebKit/536.26 (KHTML, like Gecko) Version/6.0 Mobile/10B143 Safari/8536.25"
76.28.253.136 - - [15/Feb/2013:00:54:35 -0600] "GET /css/global.css HTTP/1.1" 200 13951 "http://operationspokaneheroes.org/business.php" "Mozilla/5.0 (iPhone; CPU iPhone OS 6_1 like Mac OS X) AppleWebKit/536.26 (KHTML, like Gecko) Version/6.0 Mobile/10B143 Safari/8536.25"
76.28.253.136 - - [15/Feb/2013:00:54:35 -0600] "GET /_inc/slide.php HTTP/1.1" 200 3205 "http://operationspokaneheroes.org/business.php" "Mozilla/5.0 (iPhone; CPU iPhone OS 6_1 like Mac OS X) AppleWebKit/536.26 (KHTML, like Gecko) Version/6.0 Mobile/10B143 Safari/8536.25"
76.28.253.136 - - [15/Feb/2013:00:54:35 -0600] "GET /images/facebook.png HTTP/1.1" 200 5004 "http://operationspokaneheroes.org/business.php" "Mozilla/5.0 (iPhone; CPU iPhone OS 6_1 like Mac OS X) AppleWebKit/536.26 (KHTML, like Gecko) Version/6.0 Mobile/10B143 Safari/8536.25"
76.28.253.136 - - [15/Feb/2013:00:54:35 -0600] "GET /images/contacticon.png HTTP/1.1" 200 4499 "http://operationspokaneheroes.org/business.php" "Mozilla/5.0 (iPhone; CPU iPhone OS 6_1 like Mac OS X) AppleWebKit/536.26 (KHTML, like Gecko) Version/6.0 Mobile/10B143 Safari/8536.25"
76.28.253.136 - - [15/Feb/2013:00:54:35 -0600] "GET /images/global.png HTTP/1.1" 200 5737 "http://operationspokaneheroes.org/business.php" "Mozilla/5.0 (iPhone; CPU iPhone OS 6_1 like Mac OS X) AppleWebKit/536.26 (KHTML, like Gecko) Version/6.0 Mobile/10B143 Safari/8536.25"
76.28.253.136 - - [15/Feb/2013:00:54:35 -0600] "GET /images/bg2.jpg HTTP/1.1" 200 55206 "http://operationspokaneheroes.org/business.php" "Mozilla/5.0 (iPhone; CPU iPhone OS 6_1 like Mac OS X) AppleWebKit/536.26 (KHTML, like Gecko) Version/6.0 Mobile/10B143 Safari/8536.25"
76.28.253.136 - - [15/Feb/2013:00:54:35 -0600] "GET /mainbk.png HTTP/1.1" 200 290 "http://operationspokaneheroes.org/business.php" "Mozilla/5.0 (iPhone; CPU iPhone OS 6_1 like Mac OS X) AppleWebKit/536.26 (KHTML, like Gecko) Version/6.0 Mobile/10B143 Safari/8536.25"
76.28.253.136 - - [15/Feb/2013:00:54:35 -0600] "GET /css/slide.css HTTP/1.1" 200 2869 "http://operationspokaneheroes.org/_inc/slide.php" "Mozilla/5.0 (iPhone; CPU iPhone OS 6_1 like Mac OS X) AppleWebKit/536.26 (KHTML, like Gecko) Version/6.0 Mobile/10B143 Safari/8536.25"
76.28.253.136 - - [15/Feb/2013:00:54:35 -0600] "GET /css/style_global.css HTTP/1.1" 200 2621 "http://operationspokaneheroes.org/_inc/slide.php" "Mozilla/5.0 (iPhone; CPU iPhone OS 6_1 like Mac OS X) AppleWebKit/536.26 (KHTML, like Gecko) Version/6.0 Mobile/10B143 Safari/8536.25"
76.28.253.136 - - [15/Feb/2013:00:54:35 -0600] "GET /images/logo.png HTTP/1.1" 200 226129 "http://operationspokaneheroes.org/business.php" "Mozilla/5.0 (iPhone; CPU iPhone OS 6_1 like Mac OS X) AppleWebKit/536.26 (KHTML, like Gecko) Version/6.0 Mobile/10B143 Safari/8536.25"
76.28.253.136 - - [15/Feb/2013:00:54:35 -0600] "GET /images/nav2.jpg HTTP/1.1" 200 4444 "http://operationspokaneheroes.org/business.php" "Mozilla/5.0 (iPhone; CPU iPhone OS 6_1 like Mac OS X) AppleWebKit/536.26 (KHTML, like Gecko) Version/6.0 Mobile/10B143 Safari/8536.25"
76.28.253.136 - - [15/Feb/2013:00:54:35 -0600] "GET /js/combined.js HTTP/1.1" 200 169946 "http://operationspokaneheroes.org/_inc/slide.php" "Mozilla/5.0 (iPhone; CPU iPhone OS 6_1 like Mac OS X) AppleWebKit/536.26 (KHTML, like Gecko) Version/6.0 Mobile/10B143 Safari/8536.25"
76.28.253.136 - - [15/Feb/2013:00:54:35 -0600] "GET /images/bg2.jpg HTTP/1.1" 200 55206 "http://operationspokaneheroes.org/business.php" "Mozilla/5.0 (iPhone; CPU iPhone OS 6_1 like Mac OS X) AppleWebKit/536.26 (KHTML, like Gecko) Version/6.0 Mobile/10B143 Safari/8536.25"
76.28.253.136 - - [15/Feb/2013:00:54:36 -0600] "GET /images/mission_statement_bg.png HTTP/1.1" 200 11413 "http://operationspokaneheroes.org/_inc/slide.php" "Mozilla/5.0 (iPhone; CPU iPhone OS 6_1 like Mac OS X) AppleWebKit/536.26 (KHTML, like Gecko) Version/6.0 Mobile/10B143 Safari/8536.25"
76.28.253.136 - - [15/Feb/2013:00:54:36 -0600] "GET /images/we_believe.png HTTP/1.1" 200 1785 "http://operationspokaneheroes.org/_inc/slide.php" "Mozilla/5.0 (iPhone; CPU iPhone OS 6_1 like Mac OS X) AppleWebKit/536.26 (KHTML, like Gecko) Version/6.0 Mobile/10B143 Safari/8536.25"
76.28.253.136 - - [15/Feb/2013:00:54:36 -0600] "GET /images/we_strive.png HTTP/1.1" 200 1981 "http://operationspokaneheroes.org/_inc/slide.php" "Mozilla/5.0 (iPhone; CPU iPhone OS 6_1 like Mac OS X) AppleWebKit/536.26 (KHTML, like Gecko) Version/6.0 Mobile/10B143 Safari/8536.25"
76.28.253.136 - - [15/Feb/2013:00:54:36 -0600] "GET /assets/images/btn_top_search_hover.png HTTP/1.1" 404 - "http://operationspokaneheroes.org/_inc/slide.php" "Mozilla/5.0 (iPhone; CPU iPhone OS 6_1 like Mac OS X) AppleWebKit/536.26 (KHTML, like Gecko) Version/6.0 Mobile/10B143 Safari/8536.25"
76.28.253.136 - - [15/Feb/2013:00:54:36 -0600] "GET /assets/images/btn_main_search_hover.png HTTP/1.1" 404 - "http://operationspokaneheroes.org/_inc/slide.php" "Mozilla/5.0 (iPhone; CPU iPhone OS 6_1 like Mac OS X) AppleWebKit/536.26 (KHTML, like Gecko) Version/6.0 Mobile/10B143 Safari/8536.25"
76.28.253.136 - - [15/Feb/2013:00:54:36 -0600] "GET /images/we_help.png HTTP/1.1" 200 1514 "http://operationspokaneheroes.org/_inc/slide.php" "Mozilla/5.0 (iPhone; CPU iPhone OS 6_1 like Mac OS X) AppleWebKit/536.26 (KHTML, like Gecko) Version/6.0 Mobile/10B143 Safari/8536.25"
76.28.253.136 - - [15/Feb/2013:00:54:36 -0600] "GET /images/1.jpg HTTP/1.1" 200 142489 "http://operationspokaneheroes.org/_inc/slide.php" "Mozilla/5.0 (iPhone; CPU iPhone OS 6_1 like Mac OS X) AppleWebKit/536.26 (KHTML, like Gecko) Version/6.0 Mobile/10B143 Safari/8536.25"
76.28.253.136 - - [15/Feb/2013:00:54:36 -0600] "GET /images/2.jpg HTTP/1.1" 200 170993 "http://operationspokaneheroes.org/_inc/slide.php" "Mozilla/5.0 (iPhone; CPU iPhone OS 6_1 like Mac OS X) AppleWebKit/536.26 (KHTML, like Gecko) Version/6.0 Mobile/10B143 Safari/8536.25"
76.28.253.136 - - [15/Feb/2013:00:54:36 -0600] "GET /images/4.jpg HTTP/1.1" 200 186934 "http://operationspokaneheroes.org/_inc/slide.php" "Mozilla/5.0 (iPhone; CPU iPhone OS 6_1 like Mac OS X) AppleWebKit/536.26 (KHTML, like Gecko) Version/6.0 Mobile/10B143 Safari/8536.25"
