95.108.150.235 - - [13/Oct/2012:10:35:33 -0500] "GET / HTTP/1.1" 200 10447 "-" "Mozilla/5.0 (compatible; YandexBot/3.0; +http://yandex.com/bots)"
95.108.150.235 - - [13/Oct/2012:10:35:33 -0500] "GET / HTTP/1.1" 200 10447 "-" "Mozilla/5.0 (compatible; YandexBot/3.0; +http://yandex.com/bots)"
157.55.33.24 - - [13/Oct/2012:10:55:34 -0500] "GET /robots.txt HTTP/1.1" 404 - "-" "Mozilla/5.0 (compatible; bingbot/2.0; +http://www.bing.com/bingbot.htm)"
157.55.33.24 - - [13/Oct/2012:10:58:22 -0500] "GET /pdf/freaky_farms.pdf HTTP/1.1" 200 390664 "-" "Mozilla/5.0 (compatible; bingbot/2.0; +http://www.bing.com/bingbot.htm)"
64.246.187.42 - - [13/Oct/2012:11:05:01 -0500] "GET /robots.txt HTTP/1.0" 404 - "-" "Mozilla/5.0 (Windows; U; Windows NT 5.1; en; rv:1.9.0.13) Gecko/2009073022 Firefox/3.5.2 (.NET CLR 3.5.30729) SurveyBot/2.3 (DomainTools)"
64.246.187.42 - - [13/Oct/2012:11:05:01 -0500] "GET / HTTP/1.1" 200 10447 "http://whois.domaintools.com/operationspokaneheroes.org" "Mozilla/5.0 (Windows; U; Windows NT 5.1; en; rv:1.9.0.13) Gecko/2009073022 Firefox/3.5.2 (.NET CLR 3.5.30729) SurveyBot/2.3 (DomainTools)"
66.249.73.133 - - [13/Oct/2012:11:14:40 -0500] "GET /pdf/The%20new%20address%20for%20the%20National%20Personnel%20Records%20Center%20is.pdf HTTP/1.1" 404 - "-" "Googlebot/2.1 (+http://www.google.com/bot.html)"
24.17.221.132 - - [13/Oct/2012:12:55:26 -0500] "GET /business.php HTTP/1.1" 200 10703 "http://www.google.com/url?sa=t&rct=j&q=military%20discounts%20in%20spokane%20wa&source=web&cd=3&ved=0CEMQFjAC&url=http%3A%2F%2Foperationspokaneheroes.org%2Fbusiness.php&ei=CKt5UIiSJYGMiAKspoGQCQ&usg=AFQjCNH7yKz39NLuvdo4yBacj2NOKR4rWg" "Mozilla/5.0 (iPad; CPU OS 6_0 like Mac OS X; en-us) AppleWebKit/534.46.0 (KHTML, like Gecko) CriOS/21.0.1180.82 Mobile/10A403 Safari/7534.48.3"
24.17.221.132 - - [13/Oct/2012:12:55:26 -0500] "GET /images/contacticon.png HTTP/1.1" 200 4499 "http://operationspokaneheroes.org/business.php" "Mozilla/5.0 (iPad; CPU OS 6_0 like Mac OS X; en-us) AppleWebKit/534.46.0 (KHTML, like Gecko) CriOS/21.0.1180.82 Mobile/10A403 Safari/7534.48.3"
24.17.221.132 - - [13/Oct/2012:12:55:26 -0500] "GET /css/global.css HTTP/1.1" 200 13951 "http://operationspokaneheroes.org/business.php" "Mozilla/5.0 (iPad; CPU OS 6_0 like Mac OS X; en-us) AppleWebKit/534.46.0 (KHTML, like Gecko) CriOS/21.0.1180.82 Mobile/10A403 Safari/7534.48.3"
24.17.221.132 - - [13/Oct/2012:12:55:26 -0500] "GET /images/global.png HTTP/1.1" 200 5737 "http://operationspokaneheroes.org/business.php" "Mozilla/5.0 (iPad; CPU OS 6_0 like Mac OS X; en-us) AppleWebKit/534.46.0 (KHTML, like Gecko) CriOS/21.0.1180.82 Mobile/10A403 Safari/7534.48.3"
24.17.221.132 - - [13/Oct/2012:12:55:26 -0500] "GET /images/facebook.png HTTP/1.1" 200 5004 "http://operationspokaneheroes.org/business.php" "Mozilla/5.0 (iPad; CPU OS 6_0 like Mac OS X; en-us) AppleWebKit/534.46.0 (KHTML, like Gecko) CriOS/21.0.1180.82 Mobile/10A403 Safari/7534.48.3"
24.17.221.132 - - [13/Oct/2012:12:55:26 -0500] "GET /_inc/slide.php HTTP/1.1" 200 3205 "http://operationspokaneheroes.org/business.php" "Mozilla/5.0 (iPad; CPU OS 6_0 like Mac OS X; en-us) AppleWebKit/534.46.0 (KHTML, like Gecko) CriOS/21.0.1180.82 Mobile/10A403 Safari/7534.48.3"
24.17.221.132 - - [13/Oct/2012:12:55:26 -0500] "GET /css/footer.css HTTP/1.1" 200 752 "http://operationspokaneheroes.org/business.php" "Mozilla/5.0 (iPad; CPU OS 6_0 like Mac OS X; en-us) AppleWebKit/534.46.0 (KHTML, like Gecko) CriOS/21.0.1180.82 Mobile/10A403 Safari/7534.48.3"
24.17.221.132 - - [13/Oct/2012:12:55:27 -0500] "GET /css/style_global.css HTTP/1.1" 200 2621 "http://operationspokaneheroes.org/_inc/slide.php" "Mozilla/5.0 (iPad; CPU OS 6_0 like Mac OS X; en-us) AppleWebKit/534.46.0 (KHTML, like Gecko) CriOS/21.0.1180.82 Mobile/10A403 Safari/7534.48.3"
24.17.221.132 - - [13/Oct/2012:12:55:27 -0500] "GET /css/slide.css HTTP/1.1" 200 2869 "http://operationspokaneheroes.org/_inc/slide.php" "Mozilla/5.0 (iPad; CPU OS 6_0 like Mac OS X; en-us) AppleWebKit/534.46.0 (KHTML, like Gecko) CriOS/21.0.1180.82 Mobile/10A403 Safari/7534.48.3"
24.17.221.132 - - [13/Oct/2012:12:55:26 -0500] "GET /images/logo.png HTTP/1.1" 200 226129 "http://operationspokaneheroes.org/business.php" "Mozilla/5.0 (iPad; CPU OS 6_0 like Mac OS X; en-us) AppleWebKit/534.46.0 (KHTML, like Gecko) CriOS/21.0.1180.82 Mobile/10A403 Safari/7534.48.3"
24.17.221.132 - - [13/Oct/2012:12:55:27 -0500] "GET /images/nav2.jpg HTTP/1.1" 200 4444 "http://operationspokaneheroes.org/business.php" "Mozilla/5.0 (iPad; CPU OS 6_0 like Mac OS X; en-us) AppleWebKit/534.46.0 (KHTML, like Gecko) CriOS/21.0.1180.82 Mobile/10A403 Safari/7534.48.3"
24.17.221.132 - - [13/Oct/2012:12:55:27 -0500] "GET /mainbk.png HTTP/1.1" 200 290 "http://operationspokaneheroes.org/business.php" "Mozilla/5.0 (iPad; CPU OS 6_0 like Mac OS X; en-us) AppleWebKit/534.46.0 (KHTML, like Gecko) CriOS/21.0.1180.82 Mobile/10A403 Safari/7534.48.3"
24.17.221.132 - - [13/Oct/2012:12:55:27 -0500] "GET /images/bg2.jpg HTTP/1.1" 200 55206 "http://operationspokaneheroes.org/business.php" "Mozilla/5.0 (iPad; CPU OS 6_0 like Mac OS X; en-us) AppleWebKit/534.46.0 (KHTML, like Gecko) CriOS/21.0.1180.82 Mobile/10A403 Safari/7534.48.3"
24.17.221.132 - - [13/Oct/2012:12:55:27 -0500] "GET /js/combined.js HTTP/1.1" 200 169946 "http://operationspokaneheroes.org/_inc/slide.php" "Mozilla/5.0 (iPad; CPU OS 6_0 like Mac OS X; en-us) AppleWebKit/534.46.0 (KHTML, like Gecko) CriOS/21.0.1180.82 Mobile/10A403 Safari/7534.48.3"
24.17.221.132 - - [13/Oct/2012:12:55:27 -0500] "GET /images/mission_statement_bg.png HTTP/1.1" 200 11413 "http://operationspokaneheroes.org/_inc/slide.php" "Mozilla/5.0 (iPad; CPU OS 6_0 like Mac OS X; en-us) AppleWebKit/534.46.0 (KHTML, like Gecko) CriOS/21.0.1180.82 Mobile/10A403 Safari/7534.48.3"
24.17.221.132 - - [13/Oct/2012:12:55:27 -0500] "GET /images/we_believe.png HTTP/1.1" 200 1785 "http://operationspokaneheroes.org/_inc/slide.php" "Mozilla/5.0 (iPad; CPU OS 6_0 like Mac OS X; en-us) AppleWebKit/534.46.0 (KHTML, like Gecko) CriOS/21.0.1180.82 Mobile/10A403 Safari/7534.48.3"
24.17.221.132 - - [13/Oct/2012:12:55:28 -0500] "GET /images/we_strive.png HTTP/1.1" 200 1981 "http://operationspokaneheroes.org/_inc/slide.php" "Mozilla/5.0 (iPad; CPU OS 6_0 like Mac OS X; en-us) AppleWebKit/534.46.0 (KHTML, like Gecko) CriOS/21.0.1180.82 Mobile/10A403 Safari/7534.48.3"
24.17.221.132 - - [13/Oct/2012:12:55:28 -0500] "GET /images/we_help.png HTTP/1.1" 200 1514 "http://operationspokaneheroes.org/_inc/slide.php" "Mozilla/5.0 (iPad; CPU OS 6_0 like Mac OS X; en-us) AppleWebKit/534.46.0 (KHTML, like Gecko) CriOS/21.0.1180.82 Mobile/10A403 Safari/7534.48.3"
24.17.221.132 - - [13/Oct/2012:12:55:28 -0500] "GET /images/1.jpg HTTP/1.1" 200 142489 "http://operationspokaneheroes.org/_inc/slide.php" "Mozilla/5.0 (iPad; CPU OS 6_0 like Mac OS X; en-us) AppleWebKit/534.46.0 (KHTML, like Gecko) CriOS/21.0.1180.82 Mobile/10A403 Safari/7534.48.3"
24.17.221.132 - - [13/Oct/2012:12:55:27 -0500] "GET /images/2.jpg HTTP/1.1" 200 170993 "http://operationspokaneheroes.org/_inc/slide.php" "Mozilla/5.0 (iPad; CPU OS 6_0 like Mac OS X; en-us) AppleWebKit/534.46.0 (KHTML, like Gecko) CriOS/21.0.1180.82 Mobile/10A403 Safari/7534.48.3"
24.17.221.132 - - [13/Oct/2012:12:55:28 -0500] "GET /images/we_need.png HTTP/1.1" 200 2138 "http://operationspokaneheroes.org/_inc/slide.php" "Mozilla/5.0 (iPad; CPU OS 6_0 like Mac OS X; en-us) AppleWebKit/534.46.0 (KHTML, like Gecko) CriOS/21.0.1180.82 Mobile/10A403 Safari/7534.48.3"
24.17.221.132 - - [13/Oct/2012:12:55:28 -0500] "GET /assets/images/btn_top_search_hover.png HTTP/1.1" 404 - "http://operationspokaneheroes.org/_inc/slide.php" "Mozilla/5.0 (iPad; CPU OS 6_0 like Mac OS X; en-us) AppleWebKit/534.46.0 (KHTML, like Gecko) CriOS/21.0.1180.82 Mobile/10A403 Safari/7534.48.3"
24.17.221.132 - - [13/Oct/2012:12:55:28 -0500] "GET /assets/images/btn_main_search_hover.png HTTP/1.1" 404 - "http://operationspokaneheroes.org/_inc/slide.php" "Mozilla/5.0 (iPad; CPU OS 6_0 like Mac OS X; en-us) AppleWebKit/534.46.0 (KHTML, like Gecko) CriOS/21.0.1180.82 Mobile/10A403 Safari/7534.48.3"
24.17.221.132 - - [13/Oct/2012:12:55:27 -0500] "GET /images/4.jpg HTTP/1.1" 200 186934 "http://operationspokaneheroes.org/_inc/slide.php" "Mozilla/5.0 (iPad; CPU OS 6_0 like Mac OS X; en-us) AppleWebKit/534.46.0 (KHTML, like Gecko) CriOS/21.0.1180.82 Mobile/10A403 Safari/7534.48.3"
24.17.221.132 - - [13/Oct/2012:12:55:27 -0500] "GET /images/3.jpg HTTP/1.1" 200 240733 "http://operationspokaneheroes.org/_inc/slide.php" "Mozilla/5.0 (iPad; CPU OS 6_0 like Mac OS X; en-us) AppleWebKit/534.46.0 (KHTML, like Gecko) CriOS/21.0.1180.82 Mobile/10A403 Safari/7534.48.3"
24.17.221.132 - - [13/Oct/2012:12:55:28 -0500] "GET /favicon.ico HTTP/1.1" 404 - "-" "Mozilla/5.0 (iPad; CPU OS 6_0 like Mac OS X; en-us) AppleWebKit/534.46.0 (KHTML, like Gecko) CriOS/21.0.1180.82 Mobile/10A403 Safari/7534.48.3"
24.17.221.132 - - [13/Oct/2012:12:55:28 -0500] "GET /apple-touch-icon-precomposed.png HTTP/1.1" 404 - "-" "Mozilla/5.0 (iPad; CPU OS 6_0 like Mac OS X; en-us) AppleWebKit/534.46.0 (KHTML, like Gecko) CriOS/21.0.1180.82 Mobile/10A403 Safari/7534.48.3"
24.17.221.132 - - [13/Oct/2012:12:55:39 -0500] "GET /pdf/174%20Stores%20and%20Business%20Offering%20Military%20Discounts1.pdf HTTP/1.1" 200 122888 "http://operationspokaneheroes.org/business.php" "Mozilla/5.0 (iPad; CPU OS 6_0 like Mac OS X; en-us) AppleWebKit/534.46.0 (KHTML, like Gecko) CriOS/21.0.1180.82 Mobile/10A403 Safari/7534.48.3"
24.17.221.132 - - [13/Oct/2012:12:55:40 -0500] "GET /favicon.ico HTTP/1.1" 404 - "-" "Mozilla/5.0 (iPad; CPU OS 6_0 like Mac OS X; en-us) AppleWebKit/534.46.0 (KHTML, like Gecko) CriOS/21.0.1180.82 Mobile/10A403 Safari/7534.48.3"
24.17.221.132 - - [13/Oct/2012:12:55:40 -0500] "GET /apple-touch-icon-precomposed.png HTTP/1.1" 404 - "-" "Mozilla/5.0 (iPad; CPU OS 6_0 like Mac OS X; en-us) AppleWebKit/534.46.0 (KHTML, like Gecko) CriOS/21.0.1180.82 Mobile/10A403 Safari/7534.48.3"
65.55.211.30 - - [13/Oct/2012:13:03:02 -0500] "GET /robots.txt HTTP/1.1" 404 - "-" "msnbot-media/1.1 (+http://search.msn.com/msnbot.htm)"
65.55.211.30 - - [13/Oct/2012:13:03:02 -0500] "GET /images/global.png HTTP/1.1" 200 5737 "-" "msnbot-media/1.1 (+http://search.msn.com/msnbot.htm)"
130.83.167.153 - - [13/Oct/2012:13:10:02 -0500] "GET /business.php HTTP/1.1" 200 10703 "-" "findlinks/2.6 (+http://wortschatz.uni-leipzig.de/findlinks/)"
218.30.103.147 - - [13/Oct/2012:13:41:17 -0500] "GET / HTTP/1.1" 200 10447 "-" "Sogou web spider/4.0(+http://www.sogou.com/docs/help/webmasters.htm#07)"
218.30.103.147 - - [13/Oct/2012:13:41:21 -0500] "GET /robots.txt HTTP/1.1" 404 - "-" "Sogou web spider/4.0"
123.125.71.17 - - [13/Oct/2012:15:53:33 -0500] "GET / HTTP/1.1" 200 10447 "-" "Mozilla/5.0 (compatible; Baiduspider/2.0; +http://www.baidu.com/search/spider.html)"
180.76.5.87 - - [13/Oct/2012:16:24:40 -0500] "GET / HTTP/1.1" 200 10447 "-" "Mozilla/5.0 (compatible; Baiduspider/2.0; +http://www.baidu.com/search/spider.html)"
213.186.122.3 - - [13/Oct/2012:16:52:01 -0500] "GET /robots.txt HTTP/1.1" 404 - "-" "Mozilla/5.0 (compatible; AhrefsBot/3.1; +http://ahrefs.com/robot/)"
213.186.122.3 - - [13/Oct/2012:16:52:01 -0500] "GET /robots.txt HTTP/1.1" 404 - "-" "Mozilla/5.0 (compatible; AhrefsBot/3.1; +http://ahrefs.com/robot/)"
173.199.120.67 - - [13/Oct/2012:17:05:49 -0500] "GET /robots.txt HTTP/1.1" 404 - "-" "Mozilla/5.0 (compatible; AhrefsBot/4.0; +http://ahrefs.com/robot/)"
193.106.136.45 - - [13/Oct/2012:17:22:42 -0500] "GET / HTTP/1.1" 200 10267 "http://kinorubrika.ru/" "Mozilla/4.0 (compatible; MSIE 6.0; Windows NT 5.1; .NET CLR 1.1.4322; Alexa Toolbar; (R1 1.5))"
193.106.136.45 - - [13/Oct/2012:17:22:43 -0500] "GET / HTTP/1.1" 200 10267 "http://kinorubrika.ru/" "Mozilla/4.0 (compatible; MSIE 6.0; Windows NT 5.1; .NET CLR 1.1.4322; Alexa Toolbar; (R1 1.5))"
100.43.83.155 - - [13/Oct/2012:18:07:18 -0500] "GET /slider.html HTTP/1.1" 200 8245 "-" "Mozilla/5.0 (compatible; YandexBot/3.0; +http://yandex.com/bots)"
173.199.120.67 - - [13/Oct/2012:18:14:25 -0500] "GET /robots.txt HTTP/1.1" 404 - "-" "Mozilla/5.0 (compatible; AhrefsBot/4.0; +http://ahrefs.com/robot/)"
178.137.5.5 - - [13/Oct/2012:18:25:44 -0500] "GET / HTTP/1.1" 200 10447 "http://www.ooo-tehnoprom.ru/" "Mozilla/4.0 (compatible; MSIE 6.0; AOL 9.0; Windows NT 5.1)"
178.137.5.5 - - [13/Oct/2012:18:25:44 -0500] "GET / HTTP/1.1" 200 10267 "http://tigerfist.ru/" "Mozilla/4.0 (compatible; MSIE 5.5; Windows NT 5.0; T312461)"
178.137.5.5 - - [13/Oct/2012:18:25:45 -0500] "GET / HTTP/1.1" 200 10267 "http://tigerfist.ru/" "Mozilla/4.0 (compatible; MSIE 5.5; Windows NT 5.0; T312461)"
178.137.5.5 - - [13/Oct/2012:18:25:46 -0500] "GET / HTTP/1.1" 200 10267 "http://www.ooo-tehnoprom.ru/" "Mozilla/4.0 (compatible; MSIE 6.0; AOL 9.0; Windows NT 5.1)"
157.55.32.149 - - [13/Oct/2012:19:05:28 -0500] "GET /robots.txt HTTP/1.1" 404 - "-" "Mozilla/5.0 (compatible; bingbot/2.0; +http://www.bing.com/bingbot.htm)"
65.55.24.221 - - [13/Oct/2012:19:08:05 -0500] "GET /_inc/slide.php HTTP/1.1" 200 3205 "-" "Mozilla/5.0 (compatible; bingbot/2.0; +http://www.bing.com/bingbot.htm)"
65.55.52.116 - - [13/Oct/2012:19:12:15 -0500] "GET /contact.php HTTP/1.1" 200 10409 "-" "Mozilla/5.0 (compatible; bingbot/2.0; +http://www.bing.com/bingbot.htm)"
65.55.52.116 - - [13/Oct/2012:19:12:26 -0500] "GET /donate.php HTTP/1.1" 200 11589 "-" "Mozilla/5.0 (compatible; bingbot/2.0; +http://www.bing.com/bingbot.htm)"
157.55.32.149 - - [13/Oct/2012:19:16:13 -0500] "GET /business.php HTTP/1.1" 200 10703 "-" "Mozilla/5.0 (compatible; bingbot/2.0; +http://www.bing.com/bingbot.htm)"
157.55.32.149 - - [13/Oct/2012:19:16:18 -0500] "GET /events.php HTTP/1.1" 200 6407 "-" "Mozilla/5.0 (compatible; bingbot/2.0; +http://www.bing.com/bingbot.htm)"
157.55.33.24 - - [13/Oct/2012:19:25:36 -0500] "GET /slider.html HTTP/1.1" 200 8245 "-" "Mozilla/5.0 (compatible; bingbot/2.0; +http://www.bing.com/bingbot.htm)"
75.165.191.56 - - [13/Oct/2012:19:33:45 -0500] "GET / HTTP/1.1" 200 10447 "http://www.google.com/search?hl=en&redir_esc=&client=ms-android-att-us&source=android-browser-type&v=133247963&qsubts=1350174816188&q=spokane+heroes&v=133247963" "Mozilla/5.0 (Linux; U; Android 2.2.1; en-us; SAMSUNG-SGH-I997 Build/FROYO) AppleWebKit/533.1 (KHTML, like Gecko) Version/4.0 Mobile Safari/533.1"
75.165.191.56 - - [13/Oct/2012:19:33:45 -0500] "GET /slider.html HTTP/1.1" 200 8245 "http://operationspokaneheroes.org/" "Mozilla/5.0 (Linux; U; Android 2.2.1; en-us; SAMSUNG-SGH-I997 Build/FROYO) AppleWebKit/533.1 (KHTML, like Gecko) Version/4.0 Mobile Safari/533.1"
75.165.191.56 - - [13/Oct/2012:19:33:45 -0500] "GET /css/global.css HTTP/1.1" 200 13951 "http://operationspokaneheroes.org/" "Mozilla/5.0 (Linux; U; Android 2.2.1; en-us; SAMSUNG-SGH-I997 Build/FROYO) AppleWebKit/533.1 (KHTML, like Gecko) Version/4.0 Mobile Safari/533.1"
75.165.191.56 - - [13/Oct/2012:19:33:45 -0500] "GET /_inc/slide.php HTTP/1.1" 200 3205 "http://operationspokaneheroes.org/" "Mozilla/5.0 (Linux; U; Android 2.2.1; en-us; SAMSUNG-SGH-I997 Build/FROYO) AppleWebKit/533.1 (KHTML, like Gecko) Version/4.0 Mobile Safari/533.1"
75.165.191.56 - - [13/Oct/2012:19:33:46 -0500] "GET /css/footer.css HTTP/1.1" 200 752 "http://operationspokaneheroes.org/" "Mozilla/5.0 (Linux; U; Android 2.2.1; en-us; SAMSUNG-SGH-I997 Build/FROYO) AppleWebKit/533.1 (KHTML, like Gecko) Version/4.0 Mobile Safari/533.1"
75.165.191.56 - - [13/Oct/2012:19:33:46 -0500] "GET /images/contacticon.png HTTP/1.1" 200 4499 "http://operationspokaneheroes.org/" "Mozilla/5.0 (Linux; U; Android 2.2.1; en-us; SAMSUNG-SGH-I997 Build/FROYO) AppleWebKit/533.1 (KHTML, like Gecko) Version/4.0 Mobile Safari/533.1"
75.165.191.56 - - [13/Oct/2012:19:33:46 -0500] "GET /images/facebook.png HTTP/1.1" 200 5004 "http://operationspokaneheroes.org/" "Mozilla/5.0 (Linux; U; Android 2.2.1; en-us; SAMSUNG-SGH-I997 Build/FROYO) AppleWebKit/533.1 (KHTML, like Gecko) Version/4.0 Mobile Safari/533.1"
75.165.191.56 - - [13/Oct/2012:19:33:46 -0500] "GET /images/global.png HTTP/1.1" 200 5737 "http://operationspokaneheroes.org/" "Mozilla/5.0 (Linux; U; Android 2.2.1; en-us; SAMSUNG-SGH-I997 Build/FROYO) AppleWebKit/533.1 (KHTML, like Gecko) Version/4.0 Mobile Safari/533.1"
75.165.191.56 - - [13/Oct/2012:19:33:46 -0500] "GET /css/compact_style.css HTTP/1.1" 200 4934 "http://operationspokaneheroes.org/slider.html" "Mozilla/5.0 (Linux; U; Android 2.2.1; en-us; SAMSUNG-SGH-I997 Build/FROYO) AppleWebKit/533.1 (KHTML, like Gecko) Version/4.0 Mobile Safari/533.1"
75.165.191.56 - - [13/Oct/2012:19:33:46 -0500] "GET /jquery.easing.1.3.js HTTP/1.1" 200 8097 "http://operationspokaneheroes.org/slider.html" "Mozilla/5.0 (Linux; U; Android 2.2.1; en-us; SAMSUNG-SGH-I997 Build/FROYO) AppleWebKit/533.1 (KHTML, like Gecko) Version/4.0 Mobile Safari/533.1"
75.165.191.56 - - [13/Oct/2012:19:33:46 -0500] "GET /images/nav2.jpg HTTP/1.1" 200 4444 "http://operationspokaneheroes.org/" "Mozilla/5.0 (Linux; U; Android 2.2.1; en-us; SAMSUNG-SGH-I997 Build/FROYO) AppleWebKit/533.1 (KHTML, like Gecko) Version/4.0 Mobile Safari/533.1"
75.165.191.56 - - [13/Oct/2012:19:33:46 -0500] "GET /mainbk.png HTTP/1.1" 200 290 "http://operationspokaneheroes.org/" "Mozilla/5.0 (Linux; U; Android 2.2.1; en-us; SAMSUNG-SGH-I997 Build/FROYO) AppleWebKit/533.1 (KHTML, like Gecko) Version/4.0 Mobile Safari/533.1"
75.165.191.56 - - [13/Oct/2012:19:33:46 -0500] "GET /css/slide.css HTTP/1.1" 200 2869 "http://operationspokaneheroes.org/_inc/slide.php" "Mozilla/5.0 (Linux; U; Android 2.2.1; en-us; SAMSUNG-SGH-I997 Build/FROYO) AppleWebKit/533.1 (KHTML, like Gecko) Version/4.0 Mobile Safari/533.1"
75.165.191.56 - - [13/Oct/2012:19:33:46 -0500] "GET /css/style_global.css HTTP/1.1" 200 2621 "http://operationspokaneheroes.org/_inc/slide.php" "Mozilla/5.0 (Linux; U; Android 2.2.1; en-us; SAMSUNG-SGH-I997 Build/FROYO) AppleWebKit/533.1 (KHTML, like Gecko) Version/4.0 Mobile Safari/533.1"
75.165.191.56 - - [13/Oct/2012:19:33:46 -0500] "GET /js/cufon-yui.js HTTP/1.1" 200 18257 "http://operationspokaneheroes.org/slider.html" "Mozilla/5.0 (Linux; U; Android 2.2.1; en-us; SAMSUNG-SGH-I997 Build/FROYO) AppleWebKit/533.1 (KHTML, like Gecko) Version/4.0 Mobile Safari/533.1"
75.165.191.56 - - [13/Oct/2012:19:33:46 -0500] "GET /images/bg2.jpg HTTP/1.1" 200 55206 "http://operationspokaneheroes.org/" "Mozilla/5.0 (Linux; U; Android 2.2.1; en-us; SAMSUNG-SGH-I997 Build/FROYO) AppleWebKit/533.1 (KHTML, like Gecko) Version/4.0 Mobile Safari/533.1"
75.165.191.56 - - [13/Oct/2012:19:33:46 -0500] "GET /js/Bebas_400.font.js HTTP/1.1" 200 32806 "http://operationspokaneheroes.org/slider.html" "Mozilla/5.0 (Linux; U; Android 2.2.1; en-us; SAMSUNG-SGH-I997 Build/FROYO) AppleWebKit/533.1 (KHTML, like Gecko) Version/4.0 Mobile Safari/533.1"
75.165.191.56 - - [13/Oct/2012:19:33:46 -0500] "GET /images/logo.png HTTP/1.1" 200 226129 "http://operationspokaneheroes.org/" "Mozilla/5.0 (Linux; U; Android 2.2.1; en-us; SAMSUNG-SGH-I997 Build/FROYO) AppleWebKit/533.1 (KHTML, like Gecko) Version/4.0 Mobile Safari/533.1"
75.165.191.56 - - [13/Oct/2012:19:33:50 -0500] "GET /images/prev.png HTTP/1.1" 200 2995 "http://operationspokaneheroes.org/slider.html" "Mozilla/5.0 (Linux; U; Android 2.2.1; en-us; SAMSUNG-SGH-I997 Build/FROYO) AppleWebKit/533.1 (KHTML, like Gecko) Version/4.0 Mobile Safari/533.1"
75.165.191.56 - - [13/Oct/2012:19:33:52 -0500] "GET /images/next.png HTTP/1.1" 200 3022 "http://operationspokaneheroes.org/slider.html" "Mozilla/5.0 (Linux; U; Android 2.2.1; en-us; SAMSUNG-SGH-I997 Build/FROYO) AppleWebKit/533.1 (KHTML, like Gecko) Version/4.0 Mobile Safari/533.1"
75.165.191.56 - - [13/Oct/2012:19:33:46 -0500] "GET /js/combined.js HTTP/1.1" 200 169946 "http://operationspokaneheroes.org/_inc/slide.php" "Mozilla/5.0 (Linux; U; Android 2.2.1; en-us; SAMSUNG-SGH-I997 Build/FROYO) AppleWebKit/533.1 (KHTML, like Gecko) Version/4.0 Mobile Safari/533.1"
75.165.191.56 - - [13/Oct/2012:19:33:50 -0500] "GET /images/serving_served.jpg HTTP/1.1" 200 23042 "http://operationspokaneheroes.org/slider.html" "Mozilla/5.0 (Linux; U; Android 2.2.1; en-us; SAMSUNG-SGH-I997 Build/FROYO) AppleWebKit/533.1 (KHTML, like Gecko) Version/4.0 Mobile Safari/533.1"
75.165.191.56 - - [13/Oct/2012:19:33:50 -0500] "GET /images/freaky_farms.png HTTP/1.1" 200 20215 "http://operationspokaneheroes.org/slider.html" "Mozilla/5.0 (Linux; U; Android 2.2.1; en-us; SAMSUNG-SGH-I997 Build/FROYO) AppleWebKit/533.1 (KHTML, like Gecko) Version/4.0 Mobile Safari/533.1"
75.165.191.56 - - [13/Oct/2012:19:33:50 -0500] "GET /images/welcome.jpg HTTP/1.1" 200 27773 "http://operationspokaneheroes.org/slider.html" "Mozilla/5.0 (Linux; U; Android 2.2.1; en-us; SAMSUNG-SGH-I997 Build/FROYO) AppleWebKit/533.1 (KHTML, like Gecko) Version/4.0 Mobile Safari/533.1"
75.165.191.56 - - [13/Oct/2012:19:33:50 -0500] "GET /images/free_clinic.png HTTP/1.1" 200 48993 "http://operationspokaneheroes.org/slider.html" "Mozilla/5.0 (Linux; U; Android 2.2.1; en-us; SAMSUNG-SGH-I997 Build/FROYO) AppleWebKit/533.1 (KHTML, like Gecko) Version/4.0 Mobile Safari/533.1"
75.165.191.56 - - [13/Oct/2012:19:33:54 -0500] "GET /images/we_strive.png HTTP/1.1" 200 1981 "http://operationspokaneheroes.org/_inc/slide.php" "Mozilla/5.0 (Linux; U; Android 2.2.1; en-us; SAMSUNG-SGH-I997 Build/FROYO) AppleWebKit/533.1 (KHTML, like Gecko) Version/4.0 Mobile Safari/533.1"
75.165.191.56 - - [13/Oct/2012:19:33:54 -0500] "GET /images/we_help.png HTTP/1.1" 200 1514 "http://operationspokaneheroes.org/_inc/slide.php" "Mozilla/5.0 (Linux; U; Android 2.2.1; en-us; SAMSUNG-SGH-I997 Build/FROYO) AppleWebKit/533.1 (KHTML, like Gecko) Version/4.0 Mobile Safari/533.1"
75.165.191.56 - - [13/Oct/2012:19:33:54 -0500] "GET /images/we_believe.png HTTP/1.1" 200 1785 "http://operationspokaneheroes.org/_inc/slide.php" "Mozilla/5.0 (Linux; U; Android 2.2.1; en-us; SAMSUNG-SGH-I997 Build/FROYO) AppleWebKit/533.1 (KHTML, like Gecko) Version/4.0 Mobile Safari/533.1"
75.165.191.56 - - [13/Oct/2012:19:33:54 -0500] "GET /assets/images/btn_main_search_hover.png HTTP/1.1" 404 - "http://operationspokaneheroes.org/_inc/slide.php" "Mozilla/5.0 (Linux; U; Android 2.2.1; en-us; SAMSUNG-SGH-I997 Build/FROYO) AppleWebKit/533.1 (KHTML, like Gecko) Version/4.0 Mobile Safari/533.1"
75.165.191.56 - - [13/Oct/2012:19:33:55 -0500] "GET /assets/images/btn_top_search_hover.png HTTP/1.1" 404 - "http://operationspokaneheroes.org/_inc/slide.php" "Mozilla/5.0 (Linux; U; Android 2.2.1; en-us; SAMSUNG-SGH-I997 Build/FROYO) AppleWebKit/533.1 (KHTML, like Gecko) Version/4.0 Mobile Safari/533.1"
75.165.191.56 - - [13/Oct/2012:19:33:55 -0500] "GET /images/we_need.png HTTP/1.1" 200 2138 "http://operationspokaneheroes.org/_inc/slide.php" "Mozilla/5.0 (Linux; U; Android 2.2.1; en-us; SAMSUNG-SGH-I997 Build/FROYO) AppleWebKit/533.1 (KHTML, like Gecko) Version/4.0 Mobile Safari/533.1"
75.165.191.56 - - [13/Oct/2012:19:33:55 -0500] "GET /images/mission_statement_bg.png HTTP/1.1" 200 11413 "http://operationspokaneheroes.org/_inc/slide.php" "Mozilla/5.0 (Linux; U; Android 2.2.1; en-us; SAMSUNG-SGH-I997 Build/FROYO) AppleWebKit/533.1 (KHTML, like Gecko) Version/4.0 Mobile Safari/533.1"
75.165.191.56 - - [13/Oct/2012:19:33:54 -0500] "GET /images/4.jpg HTTP/1.1" 200 186934 "http://operationspokaneheroes.org/_inc/slide.php" "Mozilla/5.0 (Linux; U; Android 2.2.1; en-us; SAMSUNG-SGH-I997 Build/FROYO) AppleWebKit/533.1 (KHTML, like Gecko) Version/4.0 Mobile Safari/533.1"
75.165.191.56 - - [13/Oct/2012:19:33:55 -0500] "GET /images/1.jpg HTTP/1.1" 200 142489 "http://operationspokaneheroes.org/_inc/slide.php" "Mozilla/5.0 (Linux; U; Android 2.2.1; en-us; SAMSUNG-SGH-I997 Build/FROYO) AppleWebKit/533.1 (KHTML, like Gecko) Version/4.0 Mobile Safari/533.1"
75.165.191.56 - - [13/Oct/2012:19:33:55 -0500] "GET /images/2.jpg HTTP/1.1" 200 170993 "http://operationspokaneheroes.org/_inc/slide.php" "Mozilla/5.0 (Linux; U; Android 2.2.1; en-us; SAMSUNG-SGH-I997 Build/FROYO) AppleWebKit/533.1 (KHTML, like Gecko) Version/4.0 Mobile Safari/533.1"
75.165.191.56 - - [13/Oct/2012:19:33:55 -0500] "GET /images/3.jpg HTTP/1.1" 200 240733 "http://operationspokaneheroes.org/_inc/slide.php" "Mozilla/5.0 (Linux; U; Android 2.2.1; en-us; SAMSUNG-SGH-I997 Build/FROYO) AppleWebKit/533.1 (KHTML, like Gecko) Version/4.0 Mobile Safari/533.1"
75.165.191.56 - - [13/Oct/2012:19:34:04 -0500] "GET /favicon.ico HTTP/1.1" 404 - "http://operationspokaneheroes.org/" "Mozilla/5.0 (Linux; U; Android 2.2.1; en-us; SAMSUNG-SGH-I997 Build/FROYO) AppleWebKit/533.1 (KHTML, like Gecko) Version/4.0 Mobile Safari/533.1"
89.108.102.171 - - [13/Oct/2012:19:46:25 -0500] "GET / HTTP/1.1" 200 10447 "http://les-ru.com/" "Mozilla/5.0 (compatible; YandexBot/3.0; +http://yandex.com/bots)"
89.108.102.171 - - [13/Oct/2012:19:46:27 -0500] "GET / HTTP/1.1" 200 10267 "http://les-ru.com/" "Mozilla/5.0 (compatible; YandexBot/3.0; +http://yandex.com/bots)"
173.199.120.67 - - [13/Oct/2012:19:55:25 -0500] "GET /robots.txt HTTP/1.1" 404 - "-" "Mozilla/5.0 (compatible; AhrefsBot/4.0; +http://ahrefs.com/robot/)"
157.55.33.253 - - [13/Oct/2012:19:56:35 -0500] "GET /_inc/contact.php HTTP/1.1" 200 756 "-" "Mozilla/5.0 (compatible; bingbot/2.0; +http://www.bing.com/bingbot.htm)"
95.168.172.156 - - [13/Oct/2012:20:24:47 -0500] "GET / HTTP/1.1" 200 10447 "http://weav.ru/" "Mozilla/4.0 (MSIE 6.0; Windows NT 5.1; Search)"
95.168.172.156 - - [13/Oct/2012:20:24:48 -0500] "GET / HTTP/1.1" 200 10267 "http://weav.ru/" "Mozilla/4.0 (MSIE 6.0; Windows NT 5.1; Search)"
180.76.6.230 - - [13/Oct/2012:20:30:05 -0500] "GET /robots.txt HTTP/1.1" 404 - "-" "Mozilla/5.0 (Windows NT 5.1; rv:6.0.2) Gecko/20100101 Firefox/6.0.2"
180.76.5.92 - - [13/Oct/2012:20:30:05 -0500] "GET /robots.txt HTTP/1.1" 404 - "-" "Mozilla/5.0 (Windows NT 5.1; rv:6.0.2) Gecko/20100101 Firefox/6.0.2"
157.55.35.40 - - [13/Oct/2012:20:43:35 -0500] "GET /robots.txt HTTP/1.1" 404 - "-" "Mozilla/5.0 (compatible; bingbot/2.0; +http://www.bing.com/bingbot.htm)"
173.199.120.67 - - [13/Oct/2012:20:57:09 -0500] "GET /robots.txt HTTP/1.1" 404 - "-" "Mozilla/5.0 (compatible; AhrefsBot/4.0; +http://ahrefs.com/robot/)"
75.165.191.56 - - [13/Oct/2012:21:07:43 -0500] "GET / HTTP/1.1" 200 10267 "-" "Mozilla/5.0 (Linux; U; Android 2.2.1; en-us; SAMSUNG-SGH-I997 Build/FROYO) AppleWebKit/533.1 (KHTML, like Gecko) Version/4.0 Mobile Safari/533.1"
75.165.191.56 - - [13/Oct/2012:21:08:04 -0500] "GET / HTTP/1.1" 200 10447 "-" "Mozilla/5.0 (Linux; U; Android 2.2.1; en-us; SAMSUNG-SGH-I997 Build/FROYO) AppleWebKit/533.1 (KHTML, like Gecko) Version/4.0 Mobile Safari/533.1"
75.165.191.56 - - [13/Oct/2012:21:08:07 -0500] "GET /slider.html HTTP/1.1" 200 8245 "http://operationspokaneheroes.org/" "Mozilla/5.0 (Linux; U; Android 2.2.1; en-us; SAMSUNG-SGH-I997 Build/FROYO) AppleWebKit/533.1 (KHTML, like Gecko) Version/4.0 Mobile Safari/533.1"
75.165.191.56 - - [13/Oct/2012:21:08:07 -0500] "GET /_inc/slide.php HTTP/1.1" 200 3205 "http://operationspokaneheroes.org/" "Mozilla/5.0 (Linux; U; Android 2.2.1; en-us; SAMSUNG-SGH-I997 Build/FROYO) AppleWebKit/533.1 (KHTML, like Gecko) Version/4.0 Mobile Safari/533.1"
75.165.191.56 - - [13/Oct/2012:21:08:07 -0500] "GET /css/global.css HTTP/1.1" 200 13951 "http://operationspokaneheroes.org/" "Mozilla/5.0 (Linux; U; Android 2.2.1; en-us; SAMSUNG-SGH-I997 Build/FROYO) AppleWebKit/533.1 (KHTML, like Gecko) Version/4.0 Mobile Safari/533.1"
75.165.191.56 - - [13/Oct/2012:21:08:07 -0500] "GET /images/contacticon.png HTTP/1.1" 200 4499 "http://operationspokaneheroes.org/" "Mozilla/5.0 (Linux; U; Android 2.2.1; en-us; SAMSUNG-SGH-I997 Build/FROYO) AppleWebKit/533.1 (KHTML, like Gecko) Version/4.0 Mobile Safari/533.1"
75.165.191.56 - - [13/Oct/2012:21:08:07 -0500] "GET /css/footer.css HTTP/1.1" 200 752 "http://operationspokaneheroes.org/" "Mozilla/5.0 (Linux; U; Android 2.2.1; en-us; SAMSUNG-SGH-I997 Build/FROYO) AppleWebKit/533.1 (KHTML, like Gecko) Version/4.0 Mobile Safari/533.1"
75.165.191.56 - - [13/Oct/2012:21:08:07 -0500] "GET /images/global.png HTTP/1.1" 200 5737 "http://operationspokaneheroes.org/" "Mozilla/5.0 (Linux; U; Android 2.2.1; en-us; SAMSUNG-SGH-I997 Build/FROYO) AppleWebKit/533.1 (KHTML, like Gecko) Version/4.0 Mobile Safari/533.1"
75.165.191.56 - - [13/Oct/2012:21:08:07 -0500] "GET /images/facebook.png HTTP/1.1" 200 5004 "http://operationspokaneheroes.org/" "Mozilla/5.0 (Linux; U; Android 2.2.1; en-us; SAMSUNG-SGH-I997 Build/FROYO) AppleWebKit/533.1 (KHTML, like Gecko) Version/4.0 Mobile Safari/533.1"
75.165.191.56 - - [13/Oct/2012:21:08:07 -0500] "GET /jquery.easing.1.3.js HTTP/1.1" 200 8097 "http://operationspokaneheroes.org/slider.html" "Mozilla/5.0 (Linux; U; Android 2.2.1; en-us; SAMSUNG-SGH-I997 Build/FROYO) AppleWebKit/533.1 (KHTML, like Gecko) Version/4.0 Mobile Safari/533.1"
75.165.191.56 - - [13/Oct/2012:21:08:07 -0500] "GET /mainbk.png HTTP/1.1" 200 290 "http://operationspokaneheroes.org/" "Mozilla/5.0 (Linux; U; Android 2.2.1; en-us; SAMSUNG-SGH-I997 Build/FROYO) AppleWebKit/533.1 (KHTML, like Gecko) Version/4.0 Mobile Safari/533.1"
75.165.191.56 - - [13/Oct/2012:21:08:07 -0500] "GET /css/compact_style.css HTTP/1.1" 200 4934 "http://operationspokaneheroes.org/slider.html" "Mozilla/5.0 (Linux; U; Android 2.2.1; en-us; SAMSUNG-SGH-I997 Build/FROYO) AppleWebKit/533.1 (KHTML, like Gecko) Version/4.0 Mobile Safari/533.1"
75.165.191.56 - - [13/Oct/2012:21:08:08 -0500] "GET /css/slide.css HTTP/1.1" 200 2869 "http://operationspokaneheroes.org/_inc/slide.php" "Mozilla/5.0 (Linux; U; Android 2.2.1; en-us; SAMSUNG-SGH-I997 Build/FROYO) AppleWebKit/533.1 (KHTML, like Gecko) Version/4.0 Mobile Safari/533.1"
75.165.191.56 - - [13/Oct/2012:21:08:08 -0500] "GET /images/nav2.jpg HTTP/1.1" 200 4444 "http://operationspokaneheroes.org/" "Mozilla/5.0 (Linux; U; Android 2.2.1; en-us; SAMSUNG-SGH-I997 Build/FROYO) AppleWebKit/533.1 (KHTML, like Gecko) Version/4.0 Mobile Safari/533.1"
75.165.191.56 - - [13/Oct/2012:21:08:08 -0500] "GET /css/style_global.css HTTP/1.1" 200 2621 "http://operationspokaneheroes.org/_inc/slide.php" "Mozilla/5.0 (Linux; U; Android 2.2.1; en-us; SAMSUNG-SGH-I997 Build/FROYO) AppleWebKit/533.1 (KHTML, like Gecko) Version/4.0 Mobile Safari/533.1"
75.165.191.56 - - [13/Oct/2012:21:08:07 -0500] "GET /js/Bebas_400.font.js HTTP/1.1" 200 32806 "http://operationspokaneheroes.org/slider.html" "Mozilla/5.0 (Linux; U; Android 2.2.1; en-us; SAMSUNG-SGH-I997 Build/FROYO) AppleWebKit/533.1 (KHTML, like Gecko) Version/4.0 Mobile Safari/533.1"
75.165.191.56 - - [13/Oct/2012:21:08:07 -0500] "GET /js/cufon-yui.js HTTP/1.1" 200 18257 "http://operationspokaneheroes.org/slider.html" "Mozilla/5.0 (Linux; U; Android 2.2.1; en-us; SAMSUNG-SGH-I997 Build/FROYO) AppleWebKit/533.1 (KHTML, like Gecko) Version/4.0 Mobile Safari/533.1"
75.165.191.56 - - [13/Oct/2012:21:08:07 -0500] "GET /images/bg2.jpg HTTP/1.1" 200 55206 "http://operationspokaneheroes.org/" "Mozilla/5.0 (Linux; U; Android 2.2.1; en-us; SAMSUNG-SGH-I997 Build/FROYO) AppleWebKit/533.1 (KHTML, like Gecko) Version/4.0 Mobile Safari/533.1"
75.165.191.56 - - [13/Oct/2012:21:08:07 -0500] "GET /images/logo.png HTTP/1.1" 200 226129 "http://operationspokaneheroes.org/" "Mozilla/5.0 (Linux; U; Android 2.2.1; en-us; SAMSUNG-SGH-I997 Build/FROYO) AppleWebKit/533.1 (KHTML, like Gecko) Version/4.0 Mobile Safari/533.1"
75.165.191.56 - - [13/Oct/2012:21:08:11 -0500] "GET /images/next.png HTTP/1.1" 200 3022 "http://operationspokaneheroes.org/slider.html" "Mozilla/5.0 (Linux; U; Android 2.2.1; en-us; SAMSUNG-SGH-I997 Build/FROYO) AppleWebKit/533.1 (KHTML, like Gecko) Version/4.0 Mobile Safari/533.1"
75.165.191.56 - - [13/Oct/2012:21:08:11 -0500] "GET /images/prev.png HTTP/1.1" 200 2995 "http://operationspokaneheroes.org/slider.html" "Mozilla/5.0 (Linux; U; Android 2.2.1; en-us; SAMSUNG-SGH-I997 Build/FROYO) AppleWebKit/533.1 (KHTML, like Gecko) Version/4.0 Mobile Safari/533.1"
75.165.191.56 - - [13/Oct/2012:21:08:08 -0500] "GET /js/combined.js HTTP/1.1" 200 169946 "http://operationspokaneheroes.org/_inc/slide.php" "Mozilla/5.0 (Linux; U; Android 2.2.1; en-us; SAMSUNG-SGH-I997 Build/FROYO) AppleWebKit/533.1 (KHTML, like Gecko) Version/4.0 Mobile Safari/533.1"
75.165.191.56 - - [13/Oct/2012:21:08:10 -0500] "GET /images/freaky_farms.png HTTP/1.1" 200 20215 "http://operationspokaneheroes.org/slider.html" "Mozilla/5.0 (Linux; U; Android 2.2.1; en-us; SAMSUNG-SGH-I997 Build/FROYO) AppleWebKit/533.1 (KHTML, like Gecko) Version/4.0 Mobile Safari/533.1"
75.165.191.56 - - [13/Oct/2012:21:08:10 -0500] "GET /images/serving_served.jpg HTTP/1.1" 200 23042 "http://operationspokaneheroes.org/slider.html" "Mozilla/5.0 (Linux; U; Android 2.2.1; en-us; SAMSUNG-SGH-I997 Build/FROYO) AppleWebKit/533.1 (KHTML, like Gecko) Version/4.0 Mobile Safari/533.1"
75.165.191.56 - - [13/Oct/2012:21:08:10 -0500] "GET /images/welcome.jpg HTTP/1.1" 200 27773 "http://operationspokaneheroes.org/slider.html" "Mozilla/5.0 (Linux; U; Android 2.2.1; en-us; SAMSUNG-SGH-I997 Build/FROYO) AppleWebKit/533.1 (KHTML, like Gecko) Version/4.0 Mobile Safari/533.1"
75.165.191.56 - - [13/Oct/2012:21:08:15 -0500] "GET /assets/images/btn_top_search_hover.png HTTP/1.1" 404 - "http://operationspokaneheroes.org/_inc/slide.php" "Mozilla/5.0 (Linux; U; Android 2.2.1; en-us; SAMSUNG-SGH-I997 Build/FROYO) AppleWebKit/533.1 (KHTML, like Gecko) Version/4.0 Mobile Safari/533.1"
75.165.191.56 - - [13/Oct/2012:21:08:15 -0500] "GET /assets/images/btn_main_search_hover.png HTTP/1.1" 404 - "http://operationspokaneheroes.org/_inc/slide.php" "Mozilla/5.0 (Linux; U; Android 2.2.1; en-us; SAMSUNG-SGH-I997 Build/FROYO) AppleWebKit/533.1 (KHTML, like Gecko) Version/4.0 Mobile Safari/533.1"
75.165.191.56 - - [13/Oct/2012:21:08:15 -0500] "GET /images/we_believe.png HTTP/1.1" 200 1785 "http://operationspokaneheroes.org/_inc/slide.php" "Mozilla/5.0 (Linux; U; Android 2.2.1; en-us; SAMSUNG-SGH-I997 Build/FROYO) AppleWebKit/533.1 (KHTML, like Gecko) Version/4.0 Mobile Safari/533.1"
75.165.191.56 - - [13/Oct/2012:21:08:15 -0500] "GET /images/mission_statement_bg.png HTTP/1.1" 200 11413 "http://operationspokaneheroes.org/_inc/slide.php" "Mozilla/5.0 (Linux; U; Android 2.2.1; en-us; SAMSUNG-SGH-I997 Build/FROYO) AppleWebKit/533.1 (KHTML, like Gecko) Version/4.0 Mobile Safari/533.1"
75.165.191.56 - - [13/Oct/2012:21:08:15 -0500] "GET /images/we_strive.png HTTP/1.1" 200 1981 "http://operationspokaneheroes.org/_inc/slide.php" "Mozilla/5.0 (Linux; U; Android 2.2.1; en-us; SAMSUNG-SGH-I997 Build/FROYO) AppleWebKit/533.1 (KHTML, like Gecko) Version/4.0 Mobile Safari/533.1"
75.165.191.56 - - [13/Oct/2012:21:08:15 -0500] "GET /images/we_help.png HTTP/1.1" 200 1514 "http://operationspokaneheroes.org/_inc/slide.php" "Mozilla/5.0 (Linux; U; Android 2.2.1; en-us; SAMSUNG-SGH-I997 Build/FROYO) AppleWebKit/533.1 (KHTML, like Gecko) Version/4.0 Mobile Safari/533.1"
75.165.191.56 - - [13/Oct/2012:21:08:15 -0500] "GET /images/we_need.png HTTP/1.1" 200 2138 "http://operationspokaneheroes.org/_inc/slide.php" "Mozilla/5.0 (Linux; U; Android 2.2.1; en-us; SAMSUNG-SGH-I997 Build/FROYO) AppleWebKit/533.1 (KHTML, like Gecko) Version/4.0 Mobile Safari/533.1"
75.165.191.56 - - [13/Oct/2012:21:08:10 -0500] "GET /images/free_clinic.png HTTP/1.1" 200 48993 "http://operationspokaneheroes.org/slider.html" "Mozilla/5.0 (Linux; U; Android 2.2.1; en-us; SAMSUNG-SGH-I997 Build/FROYO) AppleWebKit/533.1 (KHTML, like Gecko) Version/4.0 Mobile Safari/533.1"
75.165.191.56 - - [13/Oct/2012:21:08:15 -0500] "GET /images/1.jpg HTTP/1.1" 200 142489 "http://operationspokaneheroes.org/_inc/slide.php" "Mozilla/5.0 (Linux; U; Android 2.2.1; en-us; SAMSUNG-SGH-I997 Build/FROYO) AppleWebKit/533.1 (KHTML, like Gecko) Version/4.0 Mobile Safari/533.1"
75.165.191.56 - - [13/Oct/2012:21:08:15 -0500] "GET /images/3.jpg HTTP/1.1" 200 240733 "http://operationspokaneheroes.org/_inc/slide.php" "Mozilla/5.0 (Linux; U; Android 2.2.1; en-us; SAMSUNG-SGH-I997 Build/FROYO) AppleWebKit/533.1 (KHTML, like Gecko) Version/4.0 Mobile Safari/533.1"
75.165.191.56 - - [13/Oct/2012:21:08:15 -0500] "GET /images/4.jpg HTTP/1.1" 200 186934 "http://operationspokaneheroes.org/_inc/slide.php" "Mozilla/5.0 (Linux; U; Android 2.2.1; en-us; SAMSUNG-SGH-I997 Build/FROYO) AppleWebKit/533.1 (KHTML, like Gecko) Version/4.0 Mobile Safari/533.1"
75.165.191.56 - - [13/Oct/2012:21:08:15 -0500] "GET /images/2.jpg HTTP/1.1" 200 170993 "http://operationspokaneheroes.org/_inc/slide.php" "Mozilla/5.0 (Linux; U; Android 2.2.1; en-us; SAMSUNG-SGH-I997 Build/FROYO) AppleWebKit/533.1 (KHTML, like Gecko) Version/4.0 Mobile Safari/533.1"
157.55.35.40 - - [13/Oct/2012:21:48:14 -0500] "GET /calendar.php HTTP/1.1" 200 10599 "-" "Mozilla/5.0 (compatible; bingbot/2.0; +http://www.bing.com/bingbot.htm)"
66.249.73.133 - - [13/Oct/2012:22:15:43 -0500] "GET /robots.txt HTTP/1.1" 404 - "-" "Mozilla/5.0 (compatible; Googlebot/2.1; +http://www.google.com/bot.html)"
66.249.73.133 - - [13/Oct/2012:22:15:43 -0500] "GET / HTTP/1.1" 200 10447 "-" "Mozilla/5.0 (compatible; Googlebot/2.1; +http://www.google.com/bot.html)"
173.199.120.67 - - [13/Oct/2012:22:22:15 -0500] "GET /robots.txt HTTP/1.1" 404 - "-" "Mozilla/5.0 (compatible; AhrefsBot/4.0; +http://ahrefs.com/robot/)"
180.76.5.158 - - [13/Oct/2012:22:34:56 -0500] "GET /java_for_joes/index.html HTTP/1.1" 404 - "-" "Mozilla/5.0 (compatible; Baiduspider/2.0; +http://www.baidu.com/search/spider.html)"
216.240.130.227 - - [13/Oct/2012:23:01:45 -0500] "GET / HTTP/1.1" 200 10447 "-" "Mozilla/4.0 (compatible ; MSIE 6.0; Windows NT 5.1)"
157.55.32.149 - - [13/Oct/2012:23:34:28 -0500] "GET /robots.txt HTTP/1.1" 404 - "-" "Mozilla/5.0 (compatible; bingbot/2.0; +http://www.bing.com/bingbot.htm)"
157.55.32.149 - - [13/Oct/2012:23:36:15 -0500] "GET /events.php HTTP/1.1" 200 6407 "-" "Mozilla/5.0 (compatible; bingbot/2.0; +http://www.bing.com/bingbot.htm)"
157.55.35.40 - - [13/Oct/2012:23:37:53 -0500] "GET /robots.txt HTTP/1.1" 404 - "-" "Mozilla/5.0 (compatible; bingbot/2.0; +http://www.bing.com/bingbot.htm)"
66.249.73.133 - - [13/Oct/2012:23:56:33 -0500] "GET / HTTP/1.1" 200 10447 "-" "Mozilla/5.0 (iPhone; U; CPU iPhone OS 4_1 like Mac OS X; en-us) AppleWebKit/532.9 (KHTML, like Gecko) Version/4.0.5 Mobile/8B117 Safari/6531.22.7 (compatible; Googlebot-Mobile/2.1; +http://www.google.com/bot.html)"
157.55.35.40 - - [14/Oct/2012:00:03:48 -0500] "GET /join/ HTTP/1.1" 404 - "-" "Mozilla/5.0 (compatible; bingbot/2.0; +http://www.bing.com/bingbot.htm)"
123.125.71.81 - - [14/Oct/2012:00:40:43 -0500] "GET /images/global.png HTTP/1.1" 200 5737 "http://image.baidu.com/i?ct=503316480&z=0&tn=baiduimagedetail" "Baiduspider-image+(+http://www.baidu.com/search/spider.htm)"
66.249.73.133 - - [14/Oct/2012:01:01:02 -0500] "GET /pdf/Cellphones%20for%20Soldiers%20press%20release.pdf HTTP/1.1" 404 - "-" "Googlebot/2.1 (+http://www.google.com/bot.html)"
157.55.35.40 - - [14/Oct/2012:01:02:15 -0500] "GET /robots.txt HTTP/1.1" 404 - "-" "Mozilla/5.0 (compatible; bingbot/2.0; +http://www.bing.com/bingbot.htm)"
157.55.33.24 - - [14/Oct/2012:01:05:09 -0500] "GET /slider.html HTTP/1.1" 200 8245 "-" "Mozilla/5.0 (compatible; bingbot/2.0; +http://www.bing.com/bingbot.htm)"
157.55.33.253 - - [14/Oct/2012:01:13:04 -0500] "GET /_inc/contact.php HTTP/1.1" 200 756 "-" "Mozilla/5.0 (compatible; bingbot/2.0; +http://www.bing.com/bingbot.htm)"
65.55.24.216 - - [14/Oct/2012:01:18:12 -0500] "GET /_inc/slide.php HTTP/1.1" 200 3205 "-" "Mozilla/5.0 (compatible; bingbot/2.0; +http://www.bing.com/bingbot.htm)"
157.55.32.149 - - [14/Oct/2012:01:19:06 -0500] "GET /business.php HTTP/1.1" 200 10703 "-" "Mozilla/5.0 (compatible; bingbot/2.0; +http://www.bing.com/bingbot.htm)"
157.55.32.149 - - [14/Oct/2012:01:19:15 -0500] "GET /events.php HTTP/1.1" 200 6407 "-" "Mozilla/5.0 (compatible; bingbot/2.0; +http://www.bing.com/bingbot.htm)"
65.55.52.116 - - [14/Oct/2012:01:22:42 -0500] "GET /contact.php HTTP/1.1" 200 10409 "-" "Mozilla/5.0 (compatible; bingbot/2.0; +http://www.bing.com/bingbot.htm)"
65.55.52.116 - - [14/Oct/2012:01:22:54 -0500] "GET /donate.php HTTP/1.1" 200 11589 "-" "Mozilla/5.0 (compatible; bingbot/2.0; +http://www.bing.com/bingbot.htm)"
157.55.35.40 - - [14/Oct/2012:01:24:24 -0500] "GET /calendar.php HTTP/1.1" 200 10599 "-" "Mozilla/5.0 (compatible; bingbot/2.0; +http://www.bing.com/bingbot.htm)"
92.249.127.111 - - [14/Oct/2012:01:37:30 -0500] "GET / HTTP/1.1" 200 10267 "http://zatrapezniki.ru/" "Mozilla/5.0 (compatible; news bot /2.1)"
92.249.127.111 - - [14/Oct/2012:01:37:31 -0500] "GET / HTTP/1.1" 200 10267 "http://zatrapezniki.ru/" "Mozilla/5.0 (compatible; news bot /2.1)"
173.199.120.67 - - [14/Oct/2012:01:48:06 -0500] "GET /robots.txt HTTP/1.1" 404 - "-" "Mozilla/5.0 (compatible; AhrefsBot/4.0; +http://ahrefs.com/robot/)"
66.249.73.133 - - [14/Oct/2012:02:30:54 -0500] "GET /aboutus.php HTTP/1.1" 200 11557 "-" "Mozilla/5.0 (compatible; Googlebot/2.1; +http://www.google.com/bot.html)"
100.43.83.155 - - [14/Oct/2012:05:00:07 -0500] "GET /_inc/slide.php HTTP/1.1" 200 3205 "-" "Mozilla/5.0 (compatible; YandexBot/3.0; +http://yandex.com/bots)"
157.56.94.158 - - [14/Oct/2012:05:05:33 -0500] "GET /robots.txt HTTP/1.1" 404 - "-" "msnbot/2.0b (+http://search.msn.com/msnbot.htm)"
157.56.94.158 - - [14/Oct/2012:05:05:34 -0500] "GET / HTTP/1.1" 200 10447 "-" "msnbot/2.0b (+http://search.msn.com/msnbot.htm)"
77.20.5.126 - - [14/Oct/2012:06:21:30 -0500] "GET /robots.txt HTTP/1.1" 404 - "-" "findlinks/2.0.2 (+http://wortschatz.uni-leipzig.de/findlinks/)"
178.137.5.5 - - [14/Oct/2012:07:43:57 -0500] "GET / HTTP/1.1" 200 10447 "http://kinorubej.ru/" "Mozilla/4.0 (compatible; MSIE 6.0; Windows ME) Opera 7.11  [en]"
178.137.5.5 - - [14/Oct/2012:07:43:58 -0500] "GET / HTTP/1.1" 200 10447 "http://kinorubej.ru/" "Mozilla/4.0 (compatible; MSIE 6.0; Windows ME) Opera 7.11  [en]"
69.28.58.9 - - [14/Oct/2012:07:55:02 -0500] "GET /_inc/slide.php HTTP/1.1" 200 3205 "-" "Wget/1.9+cvs-stable (Red Hat modified)"
66.249.73.133 - - [14/Oct/2012:08:03:02 -0500] "GET /robots.txt HTTP/1.1" 404 - "-" "Mozilla/5.0 (compatible; Googlebot/2.1; +http://www.google.com/bot.html)"
66.249.73.133 - - [14/Oct/2012:08:03:02 -0500] "GET /pdf/Operation%20Wings%20of%20Hope.pdf HTTP/1.1" 200 52094 "-" "Mozilla/5.0 (compatible; Googlebot/2.1; +http://www.google.com/bot.html)"
157.56.94.158 - - [14/Oct/2012:08:22:03 -0500] "GET /index.php HTTP/1.1" 200 10447 "-" "msnbot/2.0b (+http://search.msn.com/msnbot.htm)"
157.56.94.158 - - [14/Oct/2012:08:22:22 -0500] "GET /contact.php HTTP/1.1" 200 10409 "-" "msnbot/2.0b (+http://search.msn.com/msnbot.htm)"
157.56.94.158 - - [14/Oct/2012:08:22:24 -0500] "GET /events.php HTTP/1.1" 200 6407 "-" "msnbot/2.0b (+http://search.msn.com/msnbot.htm)"
157.56.94.158 - - [14/Oct/2012:08:22:28 -0500] "GET /slider.html HTTP/1.1" 200 8245 "-" "msnbot/2.0b (+http://search.msn.com/msnbot.htm)"
157.56.94.158 - - [14/Oct/2012:08:22:30 -0500] "GET /calendar.php HTTP/1.1" 200 10599 "-" "msnbot/2.0b (+http://search.msn.com/msnbot.htm)"
157.56.94.158 - - [14/Oct/2012:08:22:33 -0500] "GET /_inc/slide.php HTTP/1.1" 200 3205 "-" "msnbot/2.0b (+http://search.msn.com/msnbot.htm)"
157.56.94.158 - - [14/Oct/2012:08:22:34 -0500] "GET /business.php HTTP/1.1" 200 10703 "-" "msnbot/2.0b (+http://search.msn.com/msnbot.htm)"
157.56.94.158 - - [14/Oct/2012:08:22:37 -0500] "GET /aboutus.php HTTP/1.1" 200 11557 "-" "msnbot/2.0b (+http://search.msn.com/msnbot.htm)"
157.56.94.158 - - [14/Oct/2012:08:22:38 -0500] "GET /donate.php HTTP/1.1" 200 11589 "-" "msnbot/2.0b (+http://search.msn.com/msnbot.htm)"
173.199.120.67 - - [14/Oct/2012:09:24:01 -0500] "GET /robots.txt HTTP/1.1" 404 - "-" "Mozilla/5.0 (compatible; AhrefsBot/4.0; +http://ahrefs.com/robot/)"
208.115.113.86 - - [14/Oct/2012:09:57:40 -0500] "GET /robots.txt HTTP/1.1" 404 - "-" "Mozilla/5.0 (compatible; Ezooms/1.0; ezooms.bot@gmail.com)"
180.76.5.55 - - [14/Oct/2012:10:39:31 -0500] "GET /business.php HTTP/1.1" 200 10703 "-" "Mozilla/5.0 (compatible; Baiduspider/2.0; +http://www.baidu.com/search/spider.html)"
173.199.120.67 - - [14/Oct/2012:10:52:17 -0500] "GET /robots.txt HTTP/1.1" 404 - "-" "Mozilla/5.0 (compatible; AhrefsBot/4.0; +http://ahrefs.com/robot/)"
208.115.113.86 - - [14/Oct/2012:11:37:48 -0500] "GET /wedo.php HTTP/1.1" 404 - "-" "Mozilla/5.0 (compatible; Ezooms/1.0; ezooms.bot@gmail.com)"
220.181.108.78 - - [14/Oct/2012:11:50:50 -0500] "GET /images/facebook.png HTTP/1.1" 200 5004 "http://image.baidu.com/i?ct=503316480&z=0&tn=baiduimagedetail" "Baiduspider-image+(+http://www.baidu.com/search/spider.htm)"
173.199.120.67 - - [14/Oct/2012:13:30:41 -0500] "GET /robots.txt HTTP/1.1" 404 - "-" "Mozilla/5.0 (compatible; AhrefsBot/4.0; +http://ahrefs.com/robot/)"
180.76.5.56 - - [14/Oct/2012:13:42:23 -0500] "GET / HTTP/1.1" 200 10447 "-" "Mozilla/5.0 (compatible; Baiduspider/2.0; +http://www.baidu.com/search/spider.html)"
208.115.113.86 - - [14/Oct/2012:13:46:58 -0500] "GET /robots.txt HTTP/1.1" 404 - "-" "Mozilla/5.0 (compatible; Ezooms/1.0; ezooms.bot@gmail.com)"
123.125.71.39 - - [14/Oct/2012:14:29:29 -0500] "GET / HTTP/1.1" 200 10447 "-" "Mozilla/5.0 (compatible; Baiduspider/2.0; +http://www.baidu.com/search/spider.html)"
208.115.113.86 - - [14/Oct/2012:15:35:51 -0500] "GET /benefits.php HTTP/1.1" 404 - "-" "Mozilla/5.0 (compatible; Ezooms/1.0; ezooms.bot@gmail.com)"
173.199.120.67 - - [14/Oct/2012:15:52:11 -0500] "GET /robots.txt HTTP/1.1" 404 - "-" "Mozilla/5.0 (compatible; AhrefsBot/4.0; +http://ahrefs.com/robot/)"
208.115.111.70 - - [14/Oct/2012:15:53:59 -0500] "GET /robots.txt HTTP/1.1" 404 - "-" "Mozilla/5.0 (compatible; Ezooms/1.0; ezooms.bot@gmail.com)"
208.115.111.70 - - [14/Oct/2012:16:11:15 -0500] "GET /contact.php HTTP/1.1" 200 10409 "-" "Mozilla/5.0 (compatible; Ezooms/1.0; ezooms.bot@gmail.com)"
67.5.121.25 - - [14/Oct/2012:16:35:59 -0500] "GET /aboutus.php HTTP/1.1" 200 11557 "http://webhelper.centurylink.com/index_results.php?querybox=www.operationspokaneheroes.org+&submit=Web+Search&clear=1&qs=06oENya4ZGM2qS9AyqUAoHNoRvl1TnLm0P0BbdHUxK3Y_20QvFOMG6sUjIJTj2U2ZLslkjDk6dPeqp8zqRDuf3ASMPf_52RcBQZwsHuly4zJMZnHG35P0Mmck7uCohnOuJQCEMqunBHgRezVvH5HXKtg0vDeu3XJHtJRuylbOwX41tacf0jkBnwaRu-zEq4l3lK34pOKMtKeB726HQy9WXeMh6Kbsf1fYzFcmYnTVbTdlI-k4KAZTP2EjHqENaXPztlfu5vtUnqw8NAiMrB9ykh5RJUAJrUQvwBjpdIFxBFSvOMR8O3pLAml961G20LHeH6Ab-MwBsGuQtGhDKwgQkNwV_aZO0s_yBRk-HviwoUeyZGE3rvKPMxUBQ30SR_DnS%2CYT0zO2s9MTA7aD1kMWFjODQ4OTdlZTYxYmRj" "Mozilla/5.0 (iPad; CPU OS 6_0 like Mac OS X) AppleWebKit/536.26 (KHTML, like Gecko) Version/6.0 Mobile/10A403 Safari/8536.25"
67.5.121.25 - - [14/Oct/2012:16:36:00 -0500] "GET /css/footer.css HTTP/1.1" 200 752 "http://www.operationspokaneheroes.org/aboutus.php" "Mozilla/5.0 (iPad; CPU OS 6_0 like Mac OS X) AppleWebKit/536.26 (KHTML, like Gecko) Version/6.0 Mobile/10A403 Safari/8536.25"
67.5.121.25 - - [14/Oct/2012:16:36:00 -0500] "GET /css/global.css HTTP/1.1" 200 13951 "http://www.operationspokaneheroes.org/aboutus.php" "Mozilla/5.0 (iPad; CPU OS 6_0 like Mac OS X) AppleWebKit/536.26 (KHTML, like Gecko) Version/6.0 Mobile/10A403 Safari/8536.25"
67.5.121.25 - - [14/Oct/2012:16:36:00 -0500] "GET /images/global.png HTTP/1.1" 200 5737 "http://www.operationspokaneheroes.org/aboutus.php" "Mozilla/5.0 (iPad; CPU OS 6_0 like Mac OS X) AppleWebKit/536.26 (KHTML, like Gecko) Version/6.0 Mobile/10A403 Safari/8536.25"
67.5.121.25 - - [14/Oct/2012:16:36:00 -0500] "GET /images/contacticon.png HTTP/1.1" 200 4499 "http://www.operationspokaneheroes.org/aboutus.php" "Mozilla/5.0 (iPad; CPU OS 6_0 like Mac OS X) AppleWebKit/536.26 (KHTML, like Gecko) Version/6.0 Mobile/10A403 Safari/8536.25"
67.5.121.25 - - [14/Oct/2012:16:36:00 -0500] "GET /images/facebook.png HTTP/1.1" 200 5004 "http://www.operationspokaneheroes.org/aboutus.php" "Mozilla/5.0 (iPad; CPU OS 6_0 like Mac OS X) AppleWebKit/536.26 (KHTML, like Gecko) Version/6.0 Mobile/10A403 Safari/8536.25"
67.5.121.25 - - [14/Oct/2012:16:36:00 -0500] "GET /_inc/slide.php HTTP/1.1" 200 3205 "http://www.operationspokaneheroes.org/aboutus.php" "Mozilla/5.0 (iPad; CPU OS 6_0 like Mac OS X) AppleWebKit/536.26 (KHTML, like Gecko) Version/6.0 Mobile/10A403 Safari/8536.25"
67.5.121.25 - - [14/Oct/2012:16:36:00 -0500] "GET /mainbk.png HTTP/1.1" 200 290 "http://www.operationspokaneheroes.org/aboutus.php" "Mozilla/5.0 (iPad; CPU OS 6_0 like Mac OS X) AppleWebKit/536.26 (KHTML, like Gecko) Version/6.0 Mobile/10A403 Safari/8536.25"
67.5.121.25 - - [14/Oct/2012:16:36:00 -0500] "GET /images/logo.png HTTP/1.1" 200 226129 "http://www.operationspokaneheroes.org/aboutus.php" "Mozilla/5.0 (iPad; CPU OS 6_0 like Mac OS X) AppleWebKit/536.26 (KHTML, like Gecko) Version/6.0 Mobile/10A403 Safari/8536.25"
67.5.121.25 - - [14/Oct/2012:16:36:00 -0500] "GET /images/nav2.jpg HTTP/1.1" 200 4444 "http://www.operationspokaneheroes.org/aboutus.php" "Mozilla/5.0 (iPad; CPU OS 6_0 like Mac OS X) AppleWebKit/536.26 (KHTML, like Gecko) Version/6.0 Mobile/10A403 Safari/8536.25"
67.5.121.25 - - [14/Oct/2012:16:36:00 -0500] "GET /images/bg2.jpg HTTP/1.1" 200 55206 "http://www.operationspokaneheroes.org/aboutus.php" "Mozilla/5.0 (iPad; CPU OS 6_0 like Mac OS X) AppleWebKit/536.26 (KHTML, like Gecko) Version/6.0 Mobile/10A403 Safari/8536.25"
67.5.121.25 - - [14/Oct/2012:16:36:00 -0500] "GET /css/style_global.css HTTP/1.1" 200 2621 "http://www.operationspokaneheroes.org/_inc/slide.php" "Mozilla/5.0 (iPad; CPU OS 6_0 like Mac OS X) AppleWebKit/536.26 (KHTML, like Gecko) Version/6.0 Mobile/10A403 Safari/8536.25"
67.5.121.25 - - [14/Oct/2012:16:36:01 -0500] "GET /css/slide.css HTTP/1.1" 200 2869 "http://www.operationspokaneheroes.org/_inc/slide.php" "Mozilla/5.0 (iPad; CPU OS 6_0 like Mac OS X) AppleWebKit/536.26 (KHTML, like Gecko) Version/6.0 Mobile/10A403 Safari/8536.25"
67.5.121.25 - - [14/Oct/2012:16:36:01 -0500] "GET /js/combined.js HTTP/1.1" 200 169946 "http://www.operationspokaneheroes.org/_inc/slide.php" "Mozilla/5.0 (iPad; CPU OS 6_0 like Mac OS X) AppleWebKit/536.26 (KHTML, like Gecko) Version/6.0 Mobile/10A403 Safari/8536.25"
