98.125.69.109 - - [13/Jan/2013:15:31:31 -0600] "GET /events/vet_picnic/images/67.jpg HTTP/1.1" 404 - "http://operationspokaneheroes.org/events/vet_picnic/vet_picnic.html" "Mozilla/5.0 (compatible; MSIE 9.0; Windows NT 6.1; WOW64; Trident/5.0)"
182.118.22.238 - - [13/Jan/2013:16:11:45 -0600] "GET /robots.txt HTTP/1.1" 404 - "http://www.operationspokaneheroes.org/robots.txt" "Mozilla/5.0 (Windows; U; Windows NT 5.1; zh-CN; rv:1.8.0.11) Gecko/20070312 Firefox/1.5.0.11; 360Spider"
139.18.2.209 - - [13/Jan/2013:16:17:38 -0600] "GET /robots.txt HTTP/1.1" 404 - "-" "findlinks/2.6 (+http://wortschatz.uni-leipzig.de/findlinks/)"
173.199.116.251 - - [13/Jan/2013:17:27:39 -0600] "GET /events.php HTTP/1.1" 200 6407 "-" "Mozilla/5.0 (compatible; AhrefsBot/4.0; +http://ahrefs.com/robot/)"
173.199.116.251 - - [13/Jan/2013:17:57:17 -0600] "GET /calendar.php HTTP/1.1" 200 10709 "-" "Mozilla/5.0 (compatible; AhrefsBot/4.0; +http://ahrefs.com/robot/)"
157.55.32.145 - - [13/Jan/2013:18:18:37 -0600] "GET /robots.txt HTTP/1.1" 404 - "-" "Mozilla/5.0 (compatible; bingbot/2.0; +http://www.bing.com/bingbot.htm)"
157.55.32.145 - - [13/Jan/2013:18:21:01 -0600] "GET /pdf/Welcome%20Home%20Event%20Flyer%202012.pdf HTTP/1.1" 200 462917 "-" "Mozilla/5.0 (compatible; bingbot/2.0; +http://www.bing.com/bingbot.htm)"
65.55.213.51 - - [13/Jan/2013:18:25:37 -0600] "GET /aboutus.php HTTP/1.1" 200 11667 "-" "Mozilla/4.0 (compatible; MSIE 7.0; Windows NT 5.1;  SLCC1;  .NET CLR 1.1.4322;  .NET CLR 2.0.50727;  .NET CLR 3.0.04506.648)"
65.55.213.51 - - [13/Jan/2013:18:25:38 -0600] "GET /css/global.css HTTP/1.1" 200 13951 "http://www.operationspokaneheroes.org/aboutus.php" "Mozilla/4.0 (compatible; MSIE 7.0; Windows NT 5.1;  SLCC1;  .NET CLR 1.1.4322;  .NET CLR 2.0.50727;  .NET CLR 3.0.04506.648)"
65.55.213.51 - - [13/Jan/2013:18:25:38 -0600] "GET /css/footer.css HTTP/1.1" 200 752 "http://www.operationspokaneheroes.org/aboutus.php" "Mozilla/4.0 (compatible; MSIE 7.0; Windows NT 5.1;  SLCC1;  .NET CLR 1.1.4322;  .NET CLR 2.0.50727;  .NET CLR 3.0.04506.648)"
65.55.213.51 - - [13/Jan/2013:18:25:39 -0600] "GET /_inc/slide.php HTTP/1.1" 200 3205 "http://www.operationspokaneheroes.org/aboutus.php" "Mozilla/4.0 (compatible; MSIE 7.0; Windows NT 5.1;  SLCC1;  .NET CLR 1.1.4322;  .NET CLR 2.0.50727;  .NET CLR 3.0.04506.648)"
65.55.213.51 - - [13/Jan/2013:18:25:45 -0600] "GET /css/slide.css HTTP/1.1" 200 2869 "http://www.operationspokaneheroes.org/_inc/slide.php" "Mozilla/4.0 (compatible; MSIE 7.0; Windows NT 5.1;  SLCC1;  .NET CLR 1.1.4322;  .NET CLR 2.0.50727;  .NET CLR 3.0.04506.648)"
65.55.213.51 - - [13/Jan/2013:18:25:45 -0600] "GET /css/style_global.css HTTP/1.1" 200 2621 "http://www.operationspokaneheroes.org/_inc/slide.php" "Mozilla/4.0 (compatible; MSIE 7.0; Windows NT 5.1;  SLCC1;  .NET CLR 1.1.4322;  .NET CLR 2.0.50727;  .NET CLR 3.0.04506.648)"
65.55.213.51 - - [13/Jan/2013:18:25:45 -0600] "GET /js/combined.js HTTP/1.1" 200 169946 "http://www.operationspokaneheroes.org/_inc/slide.php" "Mozilla/4.0 (compatible; MSIE 7.0; Windows NT 5.1;  SLCC1;  .NET CLR 1.1.4322;  .NET CLR 2.0.50727;  .NET CLR 3.0.04506.648)"
173.199.116.251 - - [13/Jan/2013:18:56:36 -0600] "GET /java_for_joes/index.html?3e3ea140 HTTP/1.1" 404 - "-" "Mozilla/5.0 (compatible; AhrefsBot/4.0; +http://ahrefs.com/robot/)"
173.199.116.251 - - [13/Jan/2013:19:21:34 -0600] "GET /events.php HTTP/1.1" 200 6407 "-" "Mozilla/5.0 (compatible; AhrefsBot/4.0; +http://ahrefs.com/robot/)"
173.199.116.251 - - [13/Jan/2013:19:41:16 -0600] "GET /business.php HTTP/1.1" 200 10813 "-" "Mozilla/5.0 (compatible; AhrefsBot/4.0; +http://ahrefs.com/robot/)"
180.76.5.103 - - [13/Jan/2013:19:59:46 -0600] "GET /robots.txt HTTP/1.1" 404 - "-" "Mozilla/5.0 (Windows NT 5.1; rv:6.0.2) Gecko/20100101 Firefox/6.0.2"
173.199.116.251 - - [13/Jan/2013:20:02:30 -0600] "GET /donate.php HTTP/1.1" 200 11699 "-" "Mozilla/5.0 (compatible; AhrefsBot/4.0; +http://ahrefs.com/robot/)"
182.118.22.234 - - [13/Jan/2013:20:05:16 -0600] "GET /robots.txt HTTP/1.1" 404 - "http://www.operationspokaneheroes.org/robots.txt" "Mozilla/5.0 (Windows; U; Windows NT 5.1; zh-CN; rv:1.8.0.11) Gecko/20070312 Firefox/1.5.0.11; 360Spider"
173.199.116.251 - - [13/Jan/2013:20:07:19 -0600] "GET /pdf/174%20Stores%20and%20Business%20Offering%20Military%20Discounts1.pdf HTTP/1.1" 200 122888 "-" "Mozilla/5.0 (compatible; AhrefsBot/4.0; +http://ahrefs.com/robot/)"
66.249.74.210 - - [13/Jan/2013:20:14:17 -0600] "GET /robots.txt HTTP/1.1" 404 - "-" "Mozilla/5.0 (compatible; Googlebot/2.1; +http://www.google.com/bot.html)"
66.249.74.210 - - [13/Jan/2013:20:14:17 -0600] "GET /business.php HTTP/1.1" 200 10813 "-" "Mozilla/5.0 (iPhone; U; CPU iPhone OS 4_1 like Mac OS X; en-us) AppleWebKit/532.9 (KHTML, like Gecko) Version/4.0.5 Mobile/8B117 Safari/6531.22.7 (compatible; Googlebot-Mobile/2.1; +http://www.google.com/bot.html)"
66.249.74.210 - - [13/Jan/2013:20:20:32 -0600] "GET /css/footer.css HTTP/1.1" 200 752 "-" "Mozilla/5.0 (compatible; Googlebot/2.1; +http://www.google.com/bot.html)"
66.249.74.210 - - [13/Jan/2013:20:20:37 -0600] "GET /css/slide.css HTTP/1.1" 200 2869 "-" "Mozilla/5.0 (compatible; Googlebot/2.1; +http://www.google.com/bot.html)"
66.249.74.210 - - [13/Jan/2013:20:20:39 -0600] "GET /css/global.css HTTP/1.1" 200 13951 "-" "Mozilla/5.0 (compatible; Googlebot/2.1; +http://www.google.com/bot.html)"
66.249.74.210 - - [13/Jan/2013:20:20:41 -0600] "GET /css/style_global.css HTTP/1.1" 200 2621 "-" "Mozilla/5.0 (compatible; Googlebot/2.1; +http://www.google.com/bot.html)"
173.199.116.251 - - [13/Jan/2013:20:21:38 -0600] "GET /donate.php HTTP/1.1" 200 11699 "-" "Mozilla/5.0 (compatible; AhrefsBot/4.0; +http://ahrefs.com/robot/)"
173.199.116.251 - - [13/Jan/2013:20:33:37 -0600] "GET /pdf/2010_Top100_Military_Friendly_Employers.pdf HTTP/1.1" 200 711726 "-" "Mozilla/5.0 (compatible; AhrefsBot/4.0; +http://ahrefs.com/robot/)"
180.76.5.197 - - [13/Jan/2013:20:55:49 -0600] "GET /slider/index.html HTTP/1.1" 200 1496 "-" "Mozilla/5.0 (compatible; Baiduspider/2.0; +http://www.baidu.com/search/spider.html)"
180.76.5.185 - - [13/Jan/2013:20:55:49 -0600] "GET /slider/ HTTP/1.1" 200 1496 "-" "Mozilla/5.0 (compatible; Baiduspider/2.0; +http://www.baidu.com/search/spider.html)"
46.118.118.106 - - [13/Jan/2013:21:36:47 -0600] "GET / HTTP/1.1" 200 10513 "http://cookingmeat.ru/mutton/recipe13.html" "Mozilla/0.6 Beta (Windows)"
46.118.118.106 - - [13/Jan/2013:21:36:47 -0600] "GET / HTTP/1.1" 200 10513 "http://rakeltuk.obleach.ru/" "Mozilla/0.6 Beta (Windows)"
46.118.118.106 - - [13/Jan/2013:21:36:47 -0600] "GET / HTTP/1.1" 200 10513 "http://cookingmeat.ru/mutton/recipe13.html" "Mozilla/0.6 Beta (Windows)"
46.118.118.106 - - [13/Jan/2013:21:36:47 -0600] "GET / HTTP/1.1" 200 10333 "http://rakeltuk.obleach.ru/" "Mozilla/0.6 Beta (Windows)"
70.86.17.98 - - [13/Jan/2013:22:45:57 -0600] "HEAD / HTTP/1.1" 200 - "http://haroyoshi.com" "Mozilla/4.0 (compatible; MSIE 7.0; Windows NT 5.1; .NET CLR 1.1.4322; .NET CLR 2.0.50727; .NET CLR 3.0.04506.30)"
208.115.111.70 - - [13/Jan/2013:22:49:35 -0600] "GET /robots.txt HTTP/1.1" 404 - "-" "Mozilla/5.0 (compatible; Ezooms/1.0; ezooms.bot@gmail.com)"
157.55.33.100 - - [13/Jan/2013:23:41:16 -0600] "GET /robots.txt HTTP/1.1" 404 - "-" "Mozilla/5.0 (compatible; bingbot/2.0; +http://www.bing.com/bingbot.htm)"
157.55.33.100 - - [13/Jan/2013:23:43:28 -0600] "GET /java_for_joes/index.html HTTP/1.1" 404 - "-" "Mozilla/5.0 (compatible; bingbot/2.0; +http://www.bing.com/bingbot.htm)"
208.115.111.70 - - [13/Jan/2013:23:59:23 -0600] "GET /business.php HTTP/1.1" 200 10813 "-" "Mozilla/5.0 (compatible; Ezooms/1.0; ezooms.bot@gmail.com)"
176.61.139.182 - - [13/Jan/2013:23:59:37 -0600] "GET /calendar.php HTTP/1.0" 200 10709 "http://asadreta.3eeweb.com/catalog/side-effects-from-prozac-and-xanax.html" "Mozilla/5.0 (Windows NT 5.1; rv:12.0) Gecko/20100101 Firefox/12.0"
66.249.74.210 - - [14/Jan/2013:00:04:32 -0600] "GET /_inc/contact.php HTTP/1.1" 200 756 "-" "Mozilla/5.0 (compatible; Googlebot/2.1; +http://www.google.com/bot.html)"
123.125.71.91 - - [14/Jan/2013:00:26:42 -0600] "GET / HTTP/1.1" 200 10513 "-" "Mozilla/5.0 (compatible; Baiduspider/2.0; +http://www.baidu.com/search/spider.html)"
220.181.108.182 - - [14/Jan/2013:00:27:05 -0600] "GET / HTTP/1.1" 200 10513 "-" "Mozilla/5.0 (compatible; Baiduspider/2.0; +http://www.baidu.com/search/spider.html)"
173.199.116.251 - - [14/Jan/2013:00:47:34 -0600] "GET / HTTP/1.1" 200 10513 "-" "Mozilla/5.0 (compatible; AhrefsBot/4.0; +http://ahrefs.com/robot/)"
66.249.74.210 - - [14/Jan/2013:01:14:21 -0600] "GET / HTTP/1.1" 200 10513 "-" "DoCoMo/2.0 N905i(c100;TB;W24H16) (compatible; Googlebot-Mobile/2.1; +http://www.google.com/bot.html)"
173.199.116.251 - - [14/Jan/2013:01:40:47 -0600] "GET /aboutus.php HTTP/1.1" 200 11667 "-" "Mozilla/5.0 (compatible; AhrefsBot/4.0; +http://ahrefs.com/robot/)"
65.55.211.29 - - [14/Jan/2013:02:40:00 -0600] "GET /robots.txt HTTP/1.1" 404 - "-" "msnbot-media/1.1 (+http://search.msn.com/msnbot.htm)"
65.55.211.29 - - [14/Jan/2013:02:40:00 -0600] "GET /images/logo.png HTTP/1.1" 200 226129 "-" "msnbot-media/1.1 (+http://search.msn.com/msnbot.htm)"
173.199.116.251 - - [14/Jan/2013:02:55:47 -0600] "GET /index.php HTTP/1.1" 200 10513 "-" "Mozilla/5.0 (compatible; AhrefsBot/4.0; +http://ahrefs.com/robot/)"
157.55.32.82 - - [14/Jan/2013:03:45:21 -0600] "GET /robots.txt HTTP/1.1" 404 - "-" "Mozilla/5.0 (compatible; bingbot/2.0; +http://www.bing.com/bingbot.htm)"
157.55.32.82 - - [14/Jan/2013:03:47:36 -0600] "GET / HTTP/1.1" 200 10513 "-" "Mozilla/5.0 (compatible; bingbot/2.0; +http://www.bing.com/bingbot.htm)"
65.55.212.161 - - [14/Jan/2013:04:26:38 -0600] "GET /robots.txt HTTP/1.1" 404 - "-" "msnbot-media/1.1 (+http://search.msn.com/msnbot.htm)"
65.55.212.161 - - [14/Jan/2013:04:26:38 -0600] "GET /images/freaky_farms.png HTTP/1.1" 200 20215 "-" "msnbot-media/1.1 (+http://search.msn.com/msnbot.htm)"
157.56.93.150 - - [14/Jan/2013:05:14:19 -0600] "GET /robots.txt HTTP/1.1" 404 - "-" "Mozilla/5.0 (compatible; bingbot/2.0; +http://www.bing.com/bingbot.htm)"
157.56.93.150 - - [14/Jan/2013:05:16:23 -0600] "GET /aboutus.php HTTP/1.1" 200 11667 "-" "Mozilla/5.0 (compatible; bingbot/2.0; +http://www.bing.com/bingbot.htm)"
65.55.24.215 - - [14/Jan/2013:06:03:04 -0600] "GET /robots.txt HTTP/1.1" 404 - "-" "Mozilla/5.0 (compatible; bingbot/2.0; +http://www.bing.com/bingbot.htm)"
65.55.24.215 - - [14/Jan/2013:06:05:25 -0600] "GET /events.php HTTP/1.1" 200 6407 "-" "Mozilla/5.0 (compatible; bingbot/2.0; +http://www.bing.com/bingbot.htm)"
173.199.116.251 - - [14/Jan/2013:06:20:56 -0600] "GET /pdf/174%20Stores%20and%20Business%20Offering%20Military%20Discounts1.pdf HTTP/1.1" 200 122888 "-" "Mozilla/5.0 (compatible; AhrefsBot/4.0; +http://ahrefs.com/robot/)"
173.199.116.251 - - [14/Jan/2013:06:33:39 -0600] "GET /pdf/Cellphones%20for%20Soldiers%20press%20release.pdf HTTP/1.1" 404 - "-" "Mozilla/5.0 (compatible; AhrefsBot/4.0; +http://ahrefs.com/robot/)"
208.115.111.70 - - [14/Jan/2013:06:49:05 -0600] "GET /robots.txt HTTP/1.1" 404 - "-" "Mozilla/5.0 (compatible; Ezooms/1.0; ezooms.bot@gmail.com)"
66.249.74.210 - - [14/Jan/2013:08:14:52 -0600] "GET /robots.txt HTTP/1.1" 404 - "-" "Mozilla/5.0 (compatible; Googlebot/2.1; +http://www.google.com/bot.html)"
66.249.74.210 - - [14/Jan/2013:08:14:52 -0600] "GET / HTTP/1.1" 200 10513 "-" "SAMSUNG-SGH-E250/1.0 Profile/MIDP-2.0 Configuration/CLDC-1.1 UP.Browser/6.2.3.3.c.1.101 (GUI) MMP/2.0 (compatible; Googlebot-Mobile/2.1; +http://www.google.com/bot.html)"
208.115.111.70 - - [14/Jan/2013:08:20:17 -0600] "GET /employers.php HTTP/1.1" 404 - "-" "Mozilla/5.0 (compatible; Ezooms/1.0; ezooms.bot@gmail.com)"
173.199.116.251 - - [14/Jan/2013:08:32:51 -0600] "GET /contact.php HTTP/1.1" 200 10519 "-" "Mozilla/5.0 (compatible; AhrefsBot/4.0; +http://ahrefs.com/robot/)"
173.199.116.251 - - [14/Jan/2013:10:45:00 -0600] "GET /calendar.php HTTP/1.1" 200 10709 "-" "Mozilla/5.0 (compatible; AhrefsBot/4.0; +http://ahrefs.com/robot/)"
91.223.75.117 - - [14/Jan/2013:10:58:13 -0600] "GET / HTTP/1.1" 200 10513 "http://fermersovet.ru/razvedeniye-strausov.php" "Mozilla/4.0 (compatible; MSIE 6.0; Windows NT 5.2; Win64; AMD64)"
91.223.75.117 - - [14/Jan/2013:10:58:13 -0600] "GET / HTTP/1.1" 200 10513 "http://fermersovet.ru/razvedeniye-strausov.php" "Mozilla/4.0 (compatible; MSIE 6.0; Windows NT 5.2; Win64; AMD64)"
173.199.116.251 - - [14/Jan/2013:12:05:20 -0600] "GET /business.php HTTP/1.1" 200 10813 "-" "Mozilla/5.0 (compatible; AhrefsBot/4.0; +http://ahrefs.com/robot/)"
66.249.74.210 - - [14/Jan/2013:15:55:55 -0600] "GET / HTTP/1.1" 200 10513 "-" "Mozilla/5.0 (compatible; Googlebot/2.1; +http://www.google.com/bot.html)"
218.30.103.147 - - [14/Jan/2013:15:59:57 -0600] "GET / HTTP/1.1" 200 10513 "-" "Sogou web spider/4.0(+http://www.sogou.com/docs/help/webmasters.htm#07)"
218.30.103.147 - - [14/Jan/2013:16:00:00 -0600] "GET /robots.txt HTTP/1.1" 404 - "-" "Sogou web spider/4.0"
65.55.212.156 - - [14/Jan/2013:16:15:14 -0600] "GET /robots.txt HTTP/1.1" 404 - "-" "msnbot-media/1.1 (+http://search.msn.com/msnbot.htm)"
65.55.212.156 - - [14/Jan/2013:16:15:14 -0600] "GET /images/free_clinic.png HTTP/1.1" 200 48993 "-" "msnbot-media/1.1 (+http://search.msn.com/msnbot.htm)"
208.115.113.86 - - [14/Jan/2013:16:49:07 -0600] "GET /robots.txt HTTP/1.1" 404 - "-" "Mozilla/5.0 (compatible; Ezooms/1.0; ezooms.bot@gmail.com)"
178.33.142.55 - - [14/Jan/2013:17:41:07 -0600] "GET / HTTP/1.0" 200 10513 "-" "Mozilla/5.0 (Macintosh; U; Intel Mac OS X 10_6_8; en-US) AppleWebKit/533.21.1 (KHTML, like Gecko) Version/5.0.5 Safari/533.21.1"
174.132.168.226 - - [14/Jan/2013:17:53:34 -0600] "GET / HTTP/1.1" 200 10513 "-" "Mozilla/5.0 (compatible; bingbot/2.0; +http://www.bing.com/bingbot.htm)"
63.224.213.2 - - [14/Jan/2013:18:22:54 -0600] "GET / HTTP/1.0" 200 10513 "http://www.google.com/url?sa=t&rct=j&q=operation+spokane+heroes&source=web&cd=1&ved=0CDAQFjAA&url=http%3A%2F%2Foperationspokaneheroes.org%2F&ei=XaH0UKCqF4aNqgGrk4CQBA&usg=AFQjCNGGuKExGUEgtWK2o7s2b3sBxGCH3Q" "Mozilla/5.0 (compatible; MSIE 9.0; Windows NT 6.1; WOW64; Trident/5.0)"
63.224.213.2 - - [14/Jan/2013:18:22:54 -0600] "GET /images/contacticon.png HTTP/1.0" 200 4499 "http://operationspokaneheroes.org/" "Mozilla/5.0 (compatible; MSIE 9.0; Windows NT 6.1; WOW64; Trident/5.0)"
63.224.213.2 - - [14/Jan/2013:18:22:54 -0600] "GET /images/global.png HTTP/1.0" 200 5737 "http://operationspokaneheroes.org/" "Mozilla/5.0 (compatible; MSIE 9.0; Windows NT 6.1; WOW64; Trident/5.0)"
63.224.213.2 - - [14/Jan/2013:18:22:54 -0600] "GET /css/global.css HTTP/1.0" 200 13951 "http://operationspokaneheroes.org/" "Mozilla/5.0 (compatible; MSIE 9.0; Windows NT 6.1; WOW64; Trident/5.0)"
63.224.213.2 - - [14/Jan/2013:18:22:55 -0600] "GET /images/facebook.png HTTP/1.0" 200 5004 "http://operationspokaneheroes.org/" "Mozilla/5.0 (compatible; MSIE 9.0; Windows NT 6.1; WOW64; Trident/5.0)"
63.224.213.2 - - [14/Jan/2013:18:22:55 -0600] "GET /css/footer.css HTTP/1.0" 200 752 "http://operationspokaneheroes.org/" "Mozilla/5.0 (compatible; MSIE 9.0; Windows NT 6.1; WOW64; Trident/5.0)"
63.224.213.2 - - [14/Jan/2013:18:22:55 -0600] "GET /images/nav2.jpg HTTP/1.0" 200 4444 "http://operationspokaneheroes.org/" "Mozilla/5.0 (compatible; MSIE 9.0; Windows NT 6.1; WOW64; Trident/5.0)"
63.224.213.2 - - [14/Jan/2013:18:22:55 -0600] "GET /mainbk.png HTTP/1.0" 200 290 "http://operationspokaneheroes.org/" "Mozilla/5.0 (compatible; MSIE 9.0; Windows NT 6.1; WOW64; Trident/5.0)"
63.224.213.2 - - [14/Jan/2013:18:22:55 -0600] "GET /slider/index.html HTTP/1.0" 200 1496 "http://operationspokaneheroes.org/" "Mozilla/5.0 (compatible; MSIE 9.0; Windows NT 6.1; WOW64; Trident/5.0)"
63.224.213.2 - - [14/Jan/2013:18:22:55 -0600] "GET /_inc/slide.php HTTP/1.0" 200 3205 "http://operationspokaneheroes.org/" "Mozilla/5.0 (compatible; MSIE 9.0; Windows NT 6.1; WOW64; Trident/5.0)"
63.224.213.2 - - [14/Jan/2013:18:22:55 -0600] "GET /slider/js/startstop-slider.js HTTP/1.0" 200 1737 "http://operationspokaneheroes.org/slider/index.html" "Mozilla/5.0 (compatible; MSIE 9.0; Windows NT 6.1; WOW64; Trident/5.0)"
63.224.213.2 - - [14/Jan/2013:18:22:55 -0600] "GET /slider/css/style.css HTTP/1.0" 200 1382 "http://operationspokaneheroes.org/slider/index.html" "Mozilla/5.0 (compatible; MSIE 9.0; Windows NT 6.1; WOW64; Trident/5.0)"
63.224.213.2 - - [14/Jan/2013:18:22:54 -0600] "GET /images/logo.png HTTP/1.0" 200 226129 "http://operationspokaneheroes.org/" "Mozilla/5.0 (compatible; MSIE 9.0; Windows NT 6.1; WOW64; Trident/5.0)"
63.224.213.2 - - [14/Jan/2013:18:22:55 -0600] "GET /images/bg2.jpg HTTP/1.0" 200 55206 "http://operationspokaneheroes.org/" "Mozilla/5.0 (compatible; MSIE 9.0; Windows NT 6.1; WOW64; Trident/5.0)"
63.224.213.2 - - [14/Jan/2013:18:22:55 -0600] "GET /css/slide.css HTTP/1.0" 200 2869 "http://operationspokaneheroes.org/_inc/slide.php" "Mozilla/5.0 (compatible; MSIE 9.0; Windows NT 6.1; WOW64; Trident/5.0)"
63.224.213.2 - - [14/Jan/2013:18:22:55 -0600] "GET /css/style_global.css HTTP/1.0" 200 2621 "http://operationspokaneheroes.org/_inc/slide.php" "Mozilla/5.0 (compatible; MSIE 9.0; Windows NT 6.1; WOW64; Trident/5.0)"
63.224.213.2 - - [14/Jan/2013:18:22:55 -0600] "GET /slider/js/jquery-1.2.6.js HTTP/1.0" 200 100196 "http://operationspokaneheroes.org/slider/index.html" "Mozilla/5.0 (compatible; MSIE 9.0; Windows NT 6.1; WOW64; Trident/5.0)"
63.224.213.2 - - [14/Jan/2013:18:22:55 -0600] "GET /images/slder2.png HTTP/1.0" 200 32853 "http://operationspokaneheroes.org/slider/index.html" "Mozilla/5.0 (compatible; MSIE 9.0; Windows NT 6.1; WOW64; Trident/5.0)"
63.224.213.2 - - [14/Jan/2013:18:22:55 -0600] "GET /images/imagslider-1.png HTTP/1.0" 200 67116 "http://operationspokaneheroes.org/slider/index.html" "Mozilla/5.0 (compatible; MSIE 9.0; Windows NT 6.1; WOW64; Trident/5.0)"
63.224.213.2 - - [14/Jan/2013:18:22:55 -0600] "GET /js/combined.js HTTP/1.0" 200 169946 "http://operationspokaneheroes.org/_inc/slide.php" "Mozilla/5.0 (compatible; MSIE 9.0; Windows NT 6.1; WOW64; Trident/5.0)"
63.224.213.2 - - [14/Jan/2013:18:22:56 -0600] "GET /assets/images/btn_top_search_hover.png HTTP/1.0" 404 - "http://operationspokaneheroes.org/_inc/slide.php" "Mozilla/5.0 (compatible; MSIE 9.0; Windows NT 6.1; WOW64; Trident/5.0)"
63.224.213.2 - - [14/Jan/2013:18:22:56 -0600] "GET /assets/images/btn_main_search_hover.png HTTP/1.0" 404 - "http://operationspokaneheroes.org/_inc/slide.php" "Mozilla/5.0 (compatible; MSIE 9.0; Windows NT 6.1; WOW64; Trident/5.0)"
63.224.213.2 - - [14/Jan/2013:18:22:56 -0600] "GET /images/we_strive.png HTTP/1.0" 200 1981 "http://operationspokaneheroes.org/_inc/slide.php" "Mozilla/5.0 (compatible; MSIE 9.0; Windows NT 6.1; WOW64; Trident/5.0)"
63.224.213.2 - - [14/Jan/2013:18:22:56 -0600] "GET /images/we_need.png HTTP/1.0" 200 2138 "http://operationspokaneheroes.org/_inc/slide.php" "Mozilla/5.0 (compatible; MSIE 9.0; Windows NT 6.1; WOW64; Trident/5.0)"
63.224.213.2 - - [14/Jan/2013:18:22:56 -0600] "GET /images/we_help.png HTTP/1.0" 200 1514 "http://operationspokaneheroes.org/_inc/slide.php" "Mozilla/5.0 (compatible; MSIE 9.0; Windows NT 6.1; WOW64; Trident/5.0)"
63.224.213.2 - - [14/Jan/2013:18:22:56 -0600] "GET /slider/images/slider-bg.jpg HTTP/1.0" 200 3447 "http://operationspokaneheroes.org/slider/index.html" "Mozilla/5.0 (compatible; MSIE 9.0; Windows NT 6.1; WOW64; Trident/5.0)"
63.224.213.2 - - [14/Jan/2013:18:22:56 -0600] "GET /images/mission_statement_bg.png HTTP/1.0" 200 11413 "http://operationspokaneheroes.org/_inc/slide.php" "Mozilla/5.0 (compatible; MSIE 9.0; Windows NT 6.1; WOW64; Trident/5.0)"
63.224.213.2 - - [14/Jan/2013:18:22:56 -0600] "GET /images/we_believe.png HTTP/1.0" 200 1785 "http://operationspokaneheroes.org/_inc/slide.php" "Mozilla/5.0 (compatible; MSIE 9.0; Windows NT 6.1; WOW64; Trident/5.0)"
63.224.213.2 - - [14/Jan/2013:18:22:56 -0600] "GET /favicon.ico HTTP/1.0" 404 - "-" "Mozilla/5.0 (compatible; MSIE 9.0; Windows NT 6.1; WOW64; Trident/5.0)"
63.224.213.2 - - [14/Jan/2013:18:22:56 -0600] "GET /images/3.jpg HTTP/1.0" 200 240733 "http://operationspokaneheroes.org/_inc/slide.php" "Mozilla/5.0 (compatible; MSIE 9.0; Windows NT 6.1; WOW64; Trident/5.0)"
63.224.213.2 - - [14/Jan/2013:18:22:56 -0600] "GET /images/1.jpg HTTP/1.0" 200 142489 "http://operationspokaneheroes.org/_inc/slide.php" "Mozilla/5.0 (compatible; MSIE 9.0; Windows NT 6.1; WOW64; Trident/5.0)"
63.224.213.2 - - [14/Jan/2013:18:22:56 -0600] "GET /images/2.jpg HTTP/1.0" 200 170993 "http://operationspokaneheroes.org/_inc/slide.php" "Mozilla/5.0 (compatible; MSIE 9.0; Windows NT 6.1; WOW64; Trident/5.0)"
63.224.213.2 - - [14/Jan/2013:18:22:56 -0600] "GET /images/4.jpg HTTP/1.0" 200 186934 "http://operationspokaneheroes.org/_inc/slide.php" "Mozilla/5.0 (compatible; MSIE 9.0; Windows NT 6.1; WOW64; Trident/5.0)"
208.115.113.86 - - [14/Jan/2013:18:28:46 -0600] "GET /wedo.php HTTP/1.1" 404 - "-" "Mozilla/5.0 (compatible; Ezooms/1.0; ezooms.bot@gmail.com)"
66.249.74.1 - - [14/Jan/2013:18:50:37 -0600] "GET /robots.txt HTTP/1.1" 404 - "-" "Mozilla/5.0 (compatible; Googlebot/2.1; +http://www.google.com/bot.html)"
66.249.74.61 - - [14/Jan/2013:19:01:10 -0600] "GET /slider/js/startstop-slider.js HTTP/1.1" 200 1737 "-" "Mozilla/5.0 (compatible; Googlebot/2.1; +http://www.google.com/bot.html)"
66.249.74.61 - - [14/Jan/2013:19:01:10 -0600] "GET /slider/css/style.css HTTP/1.1" 200 1382 "-" "Mozilla/5.0 (compatible; Googlebot/2.1; +http://www.google.com/bot.html)"
66.249.74.61 - - [14/Jan/2013:19:01:11 -0600] "GET /slider/index.html HTTP/1.1" 200 1496 "-" "Mozilla/5.0 (compatible; Googlebot/2.1; +http://www.google.com/bot.html)"
66.249.74.61 - - [14/Jan/2013:19:01:11 -0600] "GET /slider/js/jquery-1.2.6.js HTTP/1.1" 200 100196 "-" "Mozilla/5.0 (compatible; Googlebot/2.1; +http://www.google.com/bot.html)"
66.249.74.61 - - [14/Jan/2013:19:01:12 -0600] "GET /css/global.css HTTP/1.1" 200 13951 "-" "Mozilla/5.0 (compatible; Googlebot/2.1; +http://www.google.com/bot.html)"
66.249.74.61 - - [14/Jan/2013:19:01:13 -0600] "GET /css/footer.css HTTP/1.1" 200 752 "-" "Mozilla/5.0 (compatible; Googlebot/2.1; +http://www.google.com/bot.html)"
66.249.74.61 - - [14/Jan/2013:19:01:13 -0600] "GET /css/style_global.css HTTP/1.1" 200 2621 "-" "Mozilla/5.0 (compatible; Googlebot/2.1; +http://www.google.com/bot.html)"
66.249.74.61 - - [14/Jan/2013:19:01:14 -0600] "GET /css/slide.css HTTP/1.1" 200 2869 "-" "Mozilla/5.0 (compatible; Googlebot/2.1; +http://www.google.com/bot.html)"
180.76.5.91 - - [14/Jan/2013:19:53:13 -0600] "GET / HTTP/1.1" 200 10513 "-" "Mozilla/5.0 (compatible; Baiduspider/2.0; +http://www.baidu.com/search/spider.html)"
65.55.212.201 - - [14/Jan/2013:21:07:24 -0600] "GET /robots.txt HTTP/1.1" 404 - "-" "msnbot-media/1.1 (+http://search.msn.com/msnbot.htm)"
65.55.212.201 - - [14/Jan/2013:21:07:25 -0600] "GET /images/serving_served.jpg HTTP/1.1" 200 23042 "-" "msnbot-media/1.1 (+http://search.msn.com/msnbot.htm)"
50.194.48.97 - - [14/Jan/2013:22:04:35 -0600] "GET / HTTP/1.1" 200 10513 "http://www.google.com/url?sa=t&rct=j&q=&esrc=s&source=web&cd=1&ved=0CDAQFjAA&url=http%3A%2F%2Foperationspokaneheroes.org%2F&ei=T9X0UKyfN6LKiwLEyIHwBw&usg=AFQjCNGGuKExGUEgtWK2o7s2b3sBxGCH3Q&bvm=bv.41018144,d.cGE" "Mozilla/5.0 (X11; Ubuntu; Linux i686; rv:15.0) Gecko/20100101 Firefox/15.0"
50.194.48.97 - - [14/Jan/2013:22:04:35 -0600] "GET /css/footer.css HTTP/1.1" 200 752 "http://operationspokaneheroes.org/" "Mozilla/5.0 (X11; Ubuntu; Linux i686; rv:15.0) Gecko/20100101 Firefox/15.0"
50.194.48.97 - - [14/Jan/2013:22:04:35 -0600] "GET /images/facebook.png HTTP/1.1" 200 5004 "http://operationspokaneheroes.org/" "Mozilla/5.0 (X11; Ubuntu; Linux i686; rv:15.0) Gecko/20100101 Firefox/15.0"
50.194.48.97 - - [14/Jan/2013:22:04:35 -0600] "GET /images/contacticon.png HTTP/1.1" 200 4499 "http://operationspokaneheroes.org/" "Mozilla/5.0 (X11; Ubuntu; Linux i686; rv:15.0) Gecko/20100101 Firefox/15.0"
50.194.48.97 - - [14/Jan/2013:22:04:35 -0600] "GET /images/global.png HTTP/1.1" 200 5737 "http://operationspokaneheroes.org/" "Mozilla/5.0 (X11; Ubuntu; Linux i686; rv:15.0) Gecko/20100101 Firefox/15.0"
50.194.48.97 - - [14/Jan/2013:22:04:35 -0600] "GET /css/global.css HTTP/1.1" 200 13951 "http://operationspokaneheroes.org/" "Mozilla/5.0 (X11; Ubuntu; Linux i686; rv:15.0) Gecko/20100101 Firefox/15.0"
50.194.48.97 - - [14/Jan/2013:22:04:35 -0600] "GET /_inc/slide.php HTTP/1.1" 200 3205 "http://operationspokaneheroes.org/" "Mozilla/5.0 (X11; Ubuntu; Linux i686; rv:15.0) Gecko/20100101 Firefox/15.0"
50.194.48.97 - - [14/Jan/2013:22:04:35 -0600] "GET /slider/index.html HTTP/1.1" 200 1496 "http://operationspokaneheroes.org/" "Mozilla/5.0 (X11; Ubuntu; Linux i686; rv:15.0) Gecko/20100101 Firefox/15.0"
50.194.48.97 - - [14/Jan/2013:22:04:35 -0600] "GET /mainbk.png HTTP/1.1" 200 290 "http://operationspokaneheroes.org/" "Mozilla/5.0 (X11; Ubuntu; Linux i686; rv:15.0) Gecko/20100101 Firefox/15.0"
50.194.48.97 - - [14/Jan/2013:22:04:35 -0600] "GET /images/nav2.jpg HTTP/1.1" 200 4444 "http://operationspokaneheroes.org/" "Mozilla/5.0 (X11; Ubuntu; Linux i686; rv:15.0) Gecko/20100101 Firefox/15.0"
50.194.48.97 - - [14/Jan/2013:22:04:35 -0600] "GET /css/style_global.css HTTP/1.1" 200 2621 "http://operationspokaneheroes.org/_inc/slide.php" "Mozilla/5.0 (X11; Ubuntu; Linux i686; rv:15.0) Gecko/20100101 Firefox/15.0"
50.194.48.97 - - [14/Jan/2013:22:04:35 -0600] "GET /css/slide.css HTTP/1.1" 200 2869 "http://operationspokaneheroes.org/_inc/slide.php" "Mozilla/5.0 (X11; Ubuntu; Linux i686; rv:15.0) Gecko/20100101 Firefox/15.0"
50.194.48.97 - - [14/Jan/2013:22:04:35 -0600] "GET /slider/css/style.css HTTP/1.1" 200 1382 "http://operationspokaneheroes.org/slider/index.html" "Mozilla/5.0 (X11; Ubuntu; Linux i686; rv:15.0) Gecko/20100101 Firefox/15.0"
50.194.48.97 - - [14/Jan/2013:22:04:35 -0600] "GET /images/bg2.jpg HTTP/1.1" 200 55206 "http://operationspokaneheroes.org/css/global.css" "Mozilla/5.0 (X11; Ubuntu; Linux i686; rv:15.0) Gecko/20100101 Firefox/15.0"
50.194.48.97 - - [14/Jan/2013:22:04:35 -0600] "GET /images/logo.png HTTP/1.1" 200 226129 "http://operationspokaneheroes.org/" "Mozilla/5.0 (X11; Ubuntu; Linux i686; rv:15.0) Gecko/20100101 Firefox/15.0"
50.194.48.97 - - [14/Jan/2013:22:04:36 -0600] "GET /slider/js/startstop-slider.js HTTP/1.1" 200 1737 "http://operationspokaneheroes.org/slider/index.html" "Mozilla/5.0 (X11; Ubuntu; Linux i686; rv:15.0) Gecko/20100101 Firefox/15.0"
50.194.48.97 - - [14/Jan/2013:22:04:36 -0600] "GET /images/slder2.png HTTP/1.1" 200 32853 "http://operationspokaneheroes.org/slider/index.html" "Mozilla/5.0 (X11; Ubuntu; Linux i686; rv:15.0) Gecko/20100101 Firefox/15.0"
50.194.48.97 - - [14/Jan/2013:22:04:36 -0600] "GET /images/imagslider-1.png HTTP/1.1" 200 67116 "http://operationspokaneheroes.org/slider/index.html" "Mozilla/5.0 (X11; Ubuntu; Linux i686; rv:15.0) Gecko/20100101 Firefox/15.0"
50.194.48.97 - - [14/Jan/2013:22:04:35 -0600] "GET /js/combined.js HTTP/1.1" 200 169946 "http://operationspokaneheroes.org/_inc/slide.php" "Mozilla/5.0 (X11; Ubuntu; Linux i686; rv:15.0) Gecko/20100101 Firefox/15.0"
50.194.48.97 - - [14/Jan/2013:22:04:36 -0600] "GET /slider/js/jquery-1.2.6.js HTTP/1.1" 200 100196 "http://operationspokaneheroes.org/slider/index.html" "Mozilla/5.0 (X11; Ubuntu; Linux i686; rv:15.0) Gecko/20100101 Firefox/15.0"
50.194.48.97 - - [14/Jan/2013:22:04:36 -0600] "GET /images/we_believe.png HTTP/1.1" 200 1785 "http://operationspokaneheroes.org/css/slide.css" "Mozilla/5.0 (X11; Ubuntu; Linux i686; rv:15.0) Gecko/20100101 Firefox/15.0"
50.194.48.97 - - [14/Jan/2013:22:04:36 -0600] "GET /images/mission_statement_bg.png HTTP/1.1" 200 11413 "http://operationspokaneheroes.org/css/slide.css" "Mozilla/5.0 (X11; Ubuntu; Linux i686; rv:15.0) Gecko/20100101 Firefox/15.0"
50.194.48.97 - - [14/Jan/2013:22:04:36 -0600] "GET /images/we_strive.png HTTP/1.1" 200 1981 "http://operationspokaneheroes.org/css/slide.css" "Mozilla/5.0 (X11; Ubuntu; Linux i686; rv:15.0) Gecko/20100101 Firefox/15.0"
50.194.48.97 - - [14/Jan/2013:22:04:36 -0600] "GET /images/we_help.png HTTP/1.1" 200 1514 "http://operationspokaneheroes.org/css/slide.css" "Mozilla/5.0 (X11; Ubuntu; Linux i686; rv:15.0) Gecko/20100101 Firefox/15.0"
50.194.48.97 - - [14/Jan/2013:22:04:36 -0600] "GET /images/we_need.png HTTP/1.1" 200 2138 "http://operationspokaneheroes.org/css/slide.css" "Mozilla/5.0 (X11; Ubuntu; Linux i686; rv:15.0) Gecko/20100101 Firefox/15.0"
50.194.48.97 - - [14/Jan/2013:22:04:36 -0600] "GET /assets/images/btn_top_search_hover.png HTTP/1.1" 404 - "http://operationspokaneheroes.org/_inc/slide.php" "Mozilla/5.0 (X11; Ubuntu; Linux i686; rv:15.0) Gecko/20100101 Firefox/15.0"
50.194.48.97 - - [14/Jan/2013:22:04:36 -0600] "GET /images/2.jpg HTTP/1.1" 200 170993 "http://operationspokaneheroes.org/_inc/slide.php" "Mozilla/5.0 (X11; Ubuntu; Linux i686; rv:15.0) Gecko/20100101 Firefox/15.0"
50.194.48.97 - - [14/Jan/2013:22:04:36 -0600] "GET /images/1.jpg HTTP/1.1" 200 142489 "http://operationspokaneheroes.org/_inc/slide.php" "Mozilla/5.0 (X11; Ubuntu; Linux i686; rv:15.0) Gecko/20100101 Firefox/15.0"
50.194.48.97 - - [14/Jan/2013:22:04:36 -0600] "GET /images/4.jpg HTTP/1.1" 200 186934 "http://operationspokaneheroes.org/_inc/slide.php" "Mozilla/5.0 (X11; Ubuntu; Linux i686; rv:15.0) Gecko/20100101 Firefox/15.0"
50.194.48.97 - - [14/Jan/2013:22:04:36 -0600] "GET /assets/images/btn_main_search_hover.png HTTP/1.1" 404 - "http://operationspokaneheroes.org/_inc/slide.php" "Mozilla/5.0 (X11; Ubuntu; Linux i686; rv:15.0) Gecko/20100101 Firefox/15.0"
50.194.48.97 - - [14/Jan/2013:22:04:36 -0600] "GET /slider/images/slider-bg.jpg HTTP/1.1" 200 3447 "http://operationspokaneheroes.org/slider/css/style.css" "Mozilla/5.0 (X11; Ubuntu; Linux i686; rv:15.0) Gecko/20100101 Firefox/15.0"
50.194.48.97 - - [14/Jan/2013:22:04:36 -0600] "GET /images/3.jpg HTTP/1.1" 200 240733 "http://operationspokaneheroes.org/_inc/slide.php" "Mozilla/5.0 (X11; Ubuntu; Linux i686; rv:15.0) Gecko/20100101 Firefox/15.0"
50.194.48.97 - - [14/Jan/2013:22:04:37 -0600] "GET /favicon.ico HTTP/1.1" 404 - "-" "Mozilla/5.0 (X11; Ubuntu; Linux i686; rv:15.0) Gecko/20100101 Firefox/15.0"
50.194.48.97 - - [14/Jan/2013:22:04:37 -0600] "GET /favicon.ico HTTP/1.1" 404 - "-" "Mozilla/5.0 (X11; Ubuntu; Linux i686; rv:15.0) Gecko/20100101 Firefox/15.0"
50.194.48.97 - - [14/Jan/2013:22:04:53 -0600] "GET /aboutus.php HTTP/1.1" 200 11667 "http://operationspokaneheroes.org/" "Mozilla/5.0 (X11; Ubuntu; Linux i686; rv:15.0) Gecko/20100101 Firefox/15.0"
50.194.48.97 - - [14/Jan/2013:22:04:53 -0600] "GET /_inc/slide.php HTTP/1.1" 200 3205 "http://operationspokaneheroes.org/aboutus.php" "Mozilla/5.0 (X11; Ubuntu; Linux i686; rv:15.0) Gecko/20100101 Firefox/15.0"
50.194.48.97 - - [14/Jan/2013:22:04:54 -0600] "GET /assets/images/btn_top_search_hover.png HTTP/1.1" 404 - "http://operationspokaneheroes.org/_inc/slide.php" "Mozilla/5.0 (X11; Ubuntu; Linux i686; rv:15.0) Gecko/20100101 Firefox/15.0"
50.194.48.97 - - [14/Jan/2013:22:04:54 -0600] "GET /assets/images/btn_main_search_hover.png HTTP/1.1" 404 - "http://operationspokaneheroes.org/_inc/slide.php" "Mozilla/5.0 (X11; Ubuntu; Linux i686; rv:15.0) Gecko/20100101 Firefox/15.0"
46.118.118.106 - - [15/Jan/2013:01:01:20 -0600] "GET / HTTP/1.1" 200 10513 "http://eladies.info/" "Mozilla/0.6 Beta (Windows)"
46.118.118.106 - - [15/Jan/2013:01:01:20 -0600] "GET / HTTP/1.1" 200 10513 "http://rakeltuk.obleach.ru/" "Mozilla/0.6 Beta (Windows)"
46.118.118.106 - - [15/Jan/2013:01:01:21 -0600] "GET / HTTP/1.1" 200 10513 "http://eladies.info/" "Mozilla/0.6 Beta (Windows)"
46.118.118.106 - - [15/Jan/2013:01:01:21 -0600] "GET / HTTP/1.1" 200 10513 "http://rakeltuk.obleach.ru/" "Mozilla/0.6 Beta (Windows)"
202.46.57.134 - - [15/Jan/2013:01:17:29 -0600] "GET / HTTP/1.1" 200 10513 "-" "Mozilla/4.0 (compatible; MSIE 7.0; Windows NT 6.0)"
119.63.193.131 - - [15/Jan/2013:01:18:53 -0600] "GET / HTTP/1.1" 200 10513 "-" "Mozilla/4.0 (compatible; MSIE 7.0; Windows NT 6.0)"
66.249.74.61 - - [15/Jan/2013:02:21:54 -0600] "GET /robots.txt HTTP/1.1" 404 - "-" "Mozilla/5.0 (compatible; Googlebot/2.1; +http://www.google.com/bot.html)"
66.249.74.61 - - [15/Jan/2013:02:21:54 -0600] "GET / HTTP/1.1" 200 10513 "-" "Mozilla/5.0 (compatible; Googlebot/2.1; +http://www.google.com/bot.html)"
50.30.38.221 - - [15/Jan/2013:04:15:25 -0600] "GET /favicon.ico HTTP/1.1" 404 - "http://www.facebook.com" "Mozilla/5.0 (Macintosh; U; Intel Mac OS X 10_6_7; en-US) AppleWebKit/534.16 (KHTML, like Gecko) Chrome/10.0.648.205 Safari/534.16"
50.30.38.221 - - [15/Jan/2013:04:15:25 -0600] "GET /favicon.png HTTP/1.1" 404 - "http://www.facebook.com" "Mozilla/5.0 (Macintosh; U; Intel Mac OS X 10_6_7; en-US) AppleWebKit/534.16 (KHTML, like Gecko) Chrome/10.0.648.205 Safari/534.16"
180.153.236.169 - - [15/Jan/2013:04:30:01 -0600] "GET / HTTP/1.1" 200 10513 "http://www.operationspokaneheroes.org/" "Mozilla/5.0 (Windows; U; Windows NT 5.1; zh-CN; rv:1.8.0.11) Gecko/20070312 Firefox/1.5.0.11; 360Spider"
95.108.150.235 - - [15/Jan/2013:06:44:26 -0600] "GET /robots.txt HTTP/1.1" 404 - "-" "Mozilla/5.0 (compatible; YandexBot/3.0; +http://yandex.com/bots)"
95.108.150.235 - - [15/Jan/2013:06:44:26 -0600] "GET /robots.txt HTTP/1.1" 404 - "-" "Mozilla/5.0 (compatible; YandexBot/3.0; +http://yandex.com/bots)"
95.108.150.235 - - [15/Jan/2013:06:44:27 -0600] "GET / HTTP/1.1" 200 10513 "-" "Mozilla/5.0 (compatible; YandexBot/3.0; +http://yandex.com/bots)"
95.108.150.235 - - [15/Jan/2013:06:44:27 -0600] "GET / HTTP/1.1" 200 10513 "-" "Mozilla/5.0 (compatible; YandexBot/3.0; +http://yandex.com/bots)"
95.108.150.235 - - [15/Jan/2013:06:44:28 -0600] "GET / HTTP/1.1" 200 10513 "-" "Mozilla/5.0 (compatible; YandexBot/3.0; +http://yandex.com/bots)"
95.108.150.235 - - [15/Jan/2013:06:44:28 -0600] "GET / HTTP/1.1" 200 10513 "-" "Mozilla/5.0 (compatible; YandexBot/3.0; +http://yandex.com/bots)"
208.115.111.70 - - [15/Jan/2013:06:46:16 -0600] "GET /robots.txt HTTP/1.1" 404 - "-" "Mozilla/5.0 (compatible; Ezooms/1.0; ezooms.bot@gmail.com)"
98.125.211.40 - - [15/Jan/2013:07:06:47 -0600] "GET /business.php HTTP/1.1" 200 10813 "http://www.google.com/url?sa=t&rct=j&q=&esrc=s&frm=1&source=web&cd=2&cad=rja&ved=0CFwQFjAB&url=http%3A%2F%2Foperationspokaneheroes.org%2Fbusiness.php&ei=oVP1UMD1LMjm2AXBk4GABw&usg=AFQjCNH7yKz39NLuvdo4yBacj2NOKR4rWg&sig2=_TDblmnPpx7STT1URX4Mxg&bvm=bv.41018144,d.b2I" "Mozilla/5.0 (compatible; MSIE 9.0; Windows NT 6.1; Win64; x64; Trident/5.0)"
98.125.211.40 - - [15/Jan/2013:07:06:48 -0600] "GET /css/footer.css HTTP/1.1" 200 752 "http://operationspokaneheroes.org/business.php" "Mozilla/5.0 (compatible; MSIE 9.0; Windows NT 6.1; Win64; x64; Trident/5.0)"
98.125.211.40 - - [15/Jan/2013:07:06:48 -0600] "GET /images/global.png HTTP/1.1" 200 5737 "http://operationspokaneheroes.org/business.php" "Mozilla/5.0 (compatible; MSIE 9.0; Windows NT 6.1; Win64; x64; Trident/5.0)"
98.125.211.40 - - [15/Jan/2013:07:06:48 -0600] "GET /images/contacticon.png HTTP/1.1" 200 4499 "http://operationspokaneheroes.org/business.php" "Mozilla/5.0 (compatible; MSIE 9.0; Windows NT 6.1; Win64; x64; Trident/5.0)"
98.125.211.40 - - [15/Jan/2013:07:06:48 -0600] "GET /images/facebook.png HTTP/1.1" 200 5004 "http://operationspokaneheroes.org/business.php" "Mozilla/5.0 (compatible; MSIE 9.0; Windows NT 6.1; Win64; x64; Trident/5.0)"
98.125.211.40 - - [15/Jan/2013:07:06:48 -0600] "GET /css/global.css HTTP/1.1" 200 13951 "http://operationspokaneheroes.org/business.php" "Mozilla/5.0 (compatible; MSIE 9.0; Windows NT 6.1; Win64; x64; Trident/5.0)"
98.125.211.40 - - [15/Jan/2013:07:06:48 -0600] "GET /images/nav2.jpg HTTP/1.1" 200 4444 "http://operationspokaneheroes.org/business.php" "Mozilla/5.0 (compatible; MSIE 9.0; Windows NT 6.1; Win64; x64; Trident/5.0)"
98.125.211.40 - - [15/Jan/2013:07:06:48 -0600] "GET /_inc/slide.php HTTP/1.1" 200 3205 "http://operationspokaneheroes.org/business.php" "Mozilla/5.0 (compatible; MSIE 9.0; Windows NT 6.1; Win64; x64; Trident/5.0)"
98.125.211.40 - - [15/Jan/2013:07:06:48 -0600] "GET /mainbk.png HTTP/1.1" 200 290 "http://operationspokaneheroes.org/business.php" "Mozilla/5.0 (compatible; MSIE 9.0; Windows NT 6.1; Win64; x64; Trident/5.0)"
98.125.211.40 - - [15/Jan/2013:07:06:49 -0600] "GET /css/slide.css HTTP/1.1" 200 2869 "http://operationspokaneheroes.org/_inc/slide.php" "Mozilla/5.0 (compatible; MSIE 9.0; Windows NT 6.1; Win64; x64; Trident/5.0)"
98.125.211.40 - - [15/Jan/2013:07:06:49 -0600] "GET /css/style_global.css HTTP/1.1" 200 2621 "http://operationspokaneheroes.org/_inc/slide.php" "Mozilla/5.0 (compatible; MSIE 9.0; Windows NT 6.1; Win64; x64; Trident/5.0)"
98.125.211.40 - - [15/Jan/2013:07:06:48 -0600] "GET /images/bg2.jpg HTTP/1.1" 200 55206 "http://operationspokaneheroes.org/business.php" "Mozilla/5.0 (compatible; MSIE 9.0; Windows NT 6.1; Win64; x64; Trident/5.0)"
98.125.211.40 - - [15/Jan/2013:07:06:49 -0600] "GET /js/combined.js HTTP/1.1" 200 169946 "http://operationspokaneheroes.org/_inc/slide.php" "Mozilla/5.0 (compatible; MSIE 9.0; Windows NT 6.1; Win64; x64; Trident/5.0)"
98.125.211.40 - - [15/Jan/2013:07:06:54 -0600] "GET /assets/images/btn_top_search_hover.png HTTP/1.1" 404 - "http://operationspokaneheroes.org/_inc/slide.php" "Mozilla/5.0 (compatible; MSIE 9.0; Windows NT 6.1; Win64; x64; Trident/5.0)"
98.125.211.40 - - [15/Jan/2013:07:06:54 -0600] "GET /assets/images/btn_main_search_hover.png HTTP/1.1" 404 - "http://operationspokaneheroes.org/_inc/slide.php" "Mozilla/5.0 (compatible; MSIE 9.0; Windows NT 6.1; Win64; x64; Trident/5.0)"
98.125.211.40 - - [15/Jan/2013:07:06:54 -0600] "GET /images/mission_statement_bg.png HTTP/1.1" 200 11413 "http://operationspokaneheroes.org/_inc/slide.php" "Mozilla/5.0 (compatible; MSIE 9.0; Windows NT 6.1; Win64; x64; Trident/5.0)"
98.125.211.40 - - [15/Jan/2013:07:06:48 -0600] "GET /images/logo.png HTTP/1.1" 200 226129 "http://operationspokaneheroes.org/business.php" "Mozilla/5.0 (compatible; MSIE 9.0; Windows NT 6.1; Win64; x64; Trident/5.0)"
98.125.211.40 - - [15/Jan/2013:07:06:54 -0600] "GET /images/2.jpg HTTP/1.1" 200 170993 "http://operationspokaneheroes.org/_inc/slide.php" "Mozilla/5.0 (compatible; MSIE 9.0; Windows NT 6.1; Win64; x64; Trident/5.0)"
98.125.211.40 - - [15/Jan/2013:07:06:56 -0600] "GET /images/we_believe.png HTTP/1.1" 200 1785 "http://operationspokaneheroes.org/_inc/slide.php" "Mozilla/5.0 (compatible; MSIE 9.0; Windows NT 6.1; Win64; x64; Trident/5.0)"
98.125.211.40 - - [15/Jan/2013:07:06:56 -0600] "GET /images/we_strive.png HTTP/1.1" 200 1981 "http://operationspokaneheroes.org/_inc/slide.php" "Mozilla/5.0 (compatible; MSIE 9.0; Windows NT 6.1; Win64; x64; Trident/5.0)"
98.125.211.40 - - [15/Jan/2013:07:06:57 -0600] "GET /images/we_help.png HTTP/1.1" 200 1514 "http://operationspokaneheroes.org/_inc/slide.php" "Mozilla/5.0 (compatible; MSIE 9.0; Windows NT 6.1; Win64; x64; Trident/5.0)"
98.125.211.40 - - [15/Jan/2013:07:06:57 -0600] "GET /images/we_need.png HTTP/1.1" 200 2138 "http://operationspokaneheroes.org/_inc/slide.php" "Mozilla/5.0 (compatible; MSIE 9.0; Windows NT 6.1; Win64; x64; Trident/5.0)"
98.125.211.40 - - [15/Jan/2013:07:06:58 -0600] "GET /favicon.ico HTTP/1.1" 404 - "-" "Mozilla/5.0 (compatible; MSIE 9.0; Windows NT 6.1; Win64; x64; Trident/5.0)"
98.125.211.40 - - [15/Jan/2013:07:06:54 -0600] "GET /images/1.jpg HTTP/1.1" 200 142489 "http://operationspokaneheroes.org/_inc/slide.php" "Mozilla/5.0 (compatible; MSIE 9.0; Windows NT 6.1; Win64; x64; Trident/5.0)"
98.125.211.40 - - [15/Jan/2013:07:06:54 -0600] "GET /images/3.jpg HTTP/1.1" 200 240733 "http://operationspokaneheroes.org/_inc/slide.php" "Mozilla/5.0 (compatible; MSIE 9.0; Windows NT 6.1; Win64; x64; Trident/5.0)"
98.125.211.40 - - [15/Jan/2013:07:06:54 -0600] "GET /images/4.jpg HTTP/1.1" 200 186934 "http://operationspokaneheroes.org/_inc/slide.php" "Mozilla/5.0 (compatible; MSIE 9.0; Windows NT 6.1; Win64; x64; Trident/5.0)"
98.125.211.40 - - [15/Jan/2013:07:08:02 -0600] "GET /pdf/174%20Stores%20and%20Business%20Offering%20Military%20Discounts1.pdf HTTP/1.1" 200 122888 "http://operationspokaneheroes.org/business.php" "Mozilla/5.0 (compatible; MSIE 9.0; Windows NT 6.1; Win64; x64; Trident/5.0)"
208.115.111.70 - - [15/Jan/2013:08:14:23 -0600] "GET /contact.php HTTP/1.1" 200 10519 "-" "Mozilla/5.0 (compatible; Ezooms/1.0; ezooms.bot@gmail.com)"
208.115.113.86 - - [15/Jan/2013:08:45:36 -0600] "GET /robots.txt HTTP/1.1" 404 - "-" "Mozilla/5.0 (compatible; Ezooms/1.0; ezooms.bot@gmail.com)"
208.115.113.86 - - [15/Jan/2013:10:07:57 -0600] "GET /wedo.php HTTP/1.1" 404 - "-" "Mozilla/5.0 (compatible; Ezooms/1.0; ezooms.bot@gmail.com)"
1.202.218.21 - - [15/Jan/2013:10:27:16 -0600] "GET /robots.txt HTTP/1.1" 404 - "-" "Mozilla/5.0 (compatible; JikeSpider; +http://shoulu.jike.com/spider.html)"
46.118.118.106 - - [15/Jan/2013:12:09:33 -0600] "GET / HTTP/1.1" 200 10513 "http://cookingmeat.ru/mutton/recipe13.html" "Mozilla/0.6 Beta (Windows)"
46.118.118.106 - - [15/Jan/2013:12:09:33 -0600] "GET / HTTP/1.1" 200 10513 "http://cookingmeat.ru/mutton/recipe13.html" "Mozilla/0.6 Beta (Windows)"
91.207.6.18 - - [15/Jan/2013:12:26:38 -0600] "GET /java_for_joes/index.html HTTP/1.0" 404 - "-" "Mozilla/5.0 (Windows; U; MSIE 9.0; Windows NT 9.0; en-US)"
208.115.113.86 - - [15/Jan/2013:12:43:04 -0600] "GET /robots.txt HTTP/1.1" 404 - "-" "Mozilla/5.0 (compatible; Ezooms/1.0; ezooms.bot@gmail.com)"
67.5.114.119 - - [15/Jan/2013:13:23:24 -0600] "GET / HTTP/1.1" 200 10513 "-" "Mozilla/5.0 (Windows NT 6.1; WOW64; rv:18.0) Gecko/20100101 Firefox/18.0"
67.5.114.119 - - [15/Jan/2013:13:23:25 -0600] "GET /images/contacticon.png HTTP/1.1" 200 4499 "http://operationspokaneheroes.org/" "Mozilla/5.0 (Windows NT 6.1; WOW64; rv:18.0) Gecko/20100101 Firefox/18.0"
67.5.114.119 - - [15/Jan/2013:13:23:25 -0600] "GET /images/global.png HTTP/1.1" 200 5737 "http://operationspokaneheroes.org/" "Mozilla/5.0 (Windows NT 6.1; WOW64; rv:18.0) Gecko/20100101 Firefox/18.0"
67.5.114.119 - - [15/Jan/2013:13:23:25 -0600] "GET /_inc/slide.php HTTP/1.1" 200 3205 "http://operationspokaneheroes.org/" "Mozilla/5.0 (Windows NT 6.1; WOW64; rv:18.0) Gecko/20100101 Firefox/18.0"
67.5.114.119 - - [15/Jan/2013:13:23:25 -0600] "GET /slider/index.html HTTP/1.1" 200 1496 "http://operationspokaneheroes.org/" "Mozilla/5.0 (Windows NT 6.1; WOW64; rv:18.0) Gecko/20100101 Firefox/18.0"
67.5.114.119 - - [15/Jan/2013:13:23:25 -0600] "GET /css/global.css HTTP/1.1" 200 13951 "http://operationspokaneheroes.org/" "Mozilla/5.0 (Windows NT 6.1; WOW64; rv:18.0) Gecko/20100101 Firefox/18.0"
67.5.114.119 - - [15/Jan/2013:13:23:25 -0600] "GET /css/footer.css HTTP/1.1" 200 752 "http://operationspokaneheroes.org/" "Mozilla/5.0 (Windows NT 6.1; WOW64; rv:18.0) Gecko/20100101 Firefox/18.0"
67.5.114.119 - - [15/Jan/2013:13:23:25 -0600] "GET /images/facebook.png HTTP/1.1" 200 5004 "http://operationspokaneheroes.org/" "Mozilla/5.0 (Windows NT 6.1; WOW64; rv:18.0) Gecko/20100101 Firefox/18.0"
67.5.114.119 - - [15/Jan/2013:13:23:25 -0600] "GET /slider/css/style.css HTTP/1.1" 200 1382 "http://operationspokaneheroes.org/slider/index.html" "Mozilla/5.0 (Windows NT 6.1; WOW64; rv:18.0) Gecko/20100101 Firefox/18.0"
67.5.114.119 - - [15/Jan/2013:13:23:25 -0600] "GET /slider/js/startstop-slider.js HTTP/1.1" 200 1737 "http://operationspokaneheroes.org/slider/index.html" "Mozilla/5.0 (Windows NT 6.1; WOW64; rv:18.0) Gecko/20100101 Firefox/18.0"
67.5.114.119 - - [15/Jan/2013:13:23:25 -0600] "GET /css/slide.css HTTP/1.1" 200 2869 "http://operationspokaneheroes.org/_inc/slide.php" "Mozilla/5.0 (Windows NT 6.1; WOW64; rv:18.0) Gecko/20100101 Firefox/18.0"
67.5.114.119 - - [15/Jan/2013:13:23:25 -0600] "GET /css/style_global.css HTTP/1.1" 200 2621 "http://operationspokaneheroes.org/_inc/slide.php" "Mozilla/5.0 (Windows NT 6.1; WOW64; rv:18.0) Gecko/20100101 Firefox/18.0"
67.5.114.119 - - [15/Jan/2013:13:23:25 -0600] "GET /images/nav2.jpg HTTP/1.1" 200 4444 "http://operationspokaneheroes.org/" "Mozilla/5.0 (Windows NT 6.1; WOW64; rv:18.0) Gecko/20100101 Firefox/18.0"
67.5.114.119 - - [15/Jan/2013:13:23:26 -0600] "GET /mainbk.png HTTP/1.1" 200 290 "http://operationspokaneheroes.org/" "Mozilla/5.0 (Windows NT 6.1; WOW64; rv:18.0) Gecko/20100101 Firefox/18.0"
67.5.114.119 - - [15/Jan/2013:13:23:25 -0600] "GET /images/bg2.jpg HTTP/1.1" 200 55206 "http://operationspokaneheroes.org/css/global.css" "Mozilla/5.0 (Windows NT 6.1; WOW64; rv:18.0) Gecko/20100101 Firefox/18.0"
67.5.114.119 - - [15/Jan/2013:13:23:26 -0600] "GET /images/slder2.png HTTP/1.1" 200 32853 "http://operationspokaneheroes.org/slider/index.html" "Mozilla/5.0 (Windows NT 6.1; WOW64; rv:18.0) Gecko/20100101 Firefox/18.0"
67.5.114.119 - - [15/Jan/2013:13:23:26 -0600] "GET /images/imagslider-1.png HTTP/1.1" 200 67116 "http://operationspokaneheroes.org/slider/index.html" "Mozilla/5.0 (Windows NT 6.1; WOW64; rv:18.0) Gecko/20100101 Firefox/18.0"
67.5.114.119 - - [15/Jan/2013:13:23:25 -0600] "GET /slider/js/jquery-1.2.6.js HTTP/1.1" 200 100196 "http://operationspokaneheroes.org/slider/index.html" "Mozilla/5.0 (Windows NT 6.1; WOW64; rv:18.0) Gecko/20100101 Firefox/18.0"
67.5.114.119 - - [15/Jan/2013:13:23:30 -0600] "GET /slider/images/slider-bg.jpg HTTP/1.1" 200 3447 "http://operationspokaneheroes.org/slider/css/style.css" "Mozilla/5.0 (Windows NT 6.1; WOW64; rv:18.0) Gecko/20100101 Firefox/18.0"
67.5.114.119 - - [15/Jan/2013:13:23:25 -0600] "GET /js/combined.js HTTP/1.1" 200 169946 "http://operationspokaneheroes.org/_inc/slide.php" "Mozilla/5.0 (Windows NT 6.1; WOW64; rv:18.0) Gecko/20100101 Firefox/18.0"
67.5.114.119 - - [15/Jan/2013:13:23:25 -0600] "GET /images/logo.png HTTP/1.1" 200 226129 "http://operationspokaneheroes.org/" "Mozilla/5.0 (Windows NT 6.1; WOW64; rv:18.0) Gecko/20100101 Firefox/18.0"
67.5.114.119 - - [15/Jan/2013:13:23:31 -0600] "GET /images/mission_statement_bg.png HTTP/1.1" 200 11413 "http://operationspokaneheroes.org/css/slide.css" "Mozilla/5.0 (Windows NT 6.1; WOW64; rv:18.0) Gecko/20100101 Firefox/18.0"
67.5.114.119 - - [15/Jan/2013:13:23:31 -0600] "GET /images/we_believe.png HTTP/1.1" 200 1785 "http://operationspokaneheroes.org/css/slide.css" "Mozilla/5.0 (Windows NT 6.1; WOW64; rv:18.0) Gecko/20100101 Firefox/18.0"
67.5.114.119 - - [15/Jan/2013:13:23:31 -0600] "GET /images/we_strive.png HTTP/1.1" 200 1981 "http://operationspokaneheroes.org/css/slide.css" "Mozilla/5.0 (Windows NT 6.1; WOW64; rv:18.0) Gecko/20100101 Firefox/18.0"
67.5.114.119 - - [15/Jan/2013:13:23:31 -0600] "GET /images/we_help.png HTTP/1.1" 200 1514 "http://operationspokaneheroes.org/css/slide.css" "Mozilla/5.0 (Windows NT 6.1; WOW64; rv:18.0) Gecko/20100101 Firefox/18.0"
67.5.114.119 - - [15/Jan/2013:13:23:31 -0600] "GET /images/we_need.png HTTP/1.1" 200 2138 "http://operationspokaneheroes.org/css/slide.css" "Mozilla/5.0 (Windows NT 6.1; WOW64; rv:18.0) Gecko/20100101 Firefox/18.0"
67.5.114.119 - - [15/Jan/2013:13:23:31 -0600] "GET /assets/images/btn_top_search_hover.png HTTP/1.1" 404 - "http://operationspokaneheroes.org/_inc/slide.php" "Mozilla/5.0 (Windows NT 6.1; WOW64; rv:18.0) Gecko/20100101 Firefox/18.0"
67.5.114.119 - - [15/Jan/2013:13:23:31 -0600] "GET /assets/images/btn_main_search_hover.png HTTP/1.1" 404 - "http://operationspokaneheroes.org/_inc/slide.php" "Mozilla/5.0 (Windows NT 6.1; WOW64; rv:18.0) Gecko/20100101 Firefox/18.0"
67.5.114.119 - - [15/Jan/2013:13:23:31 -0600] "GET /images/1.jpg HTTP/1.1" 200 142489 "http://operationspokaneheroes.org/_inc/slide.php" "Mozilla/5.0 (Windows NT 6.1; WOW64; rv:18.0) Gecko/20100101 Firefox/18.0"
67.5.114.119 - - [15/Jan/2013:13:23:31 -0600] "GET /images/2.jpg HTTP/1.1" 200 170993 "http://operationspokaneheroes.org/_inc/slide.php" "Mozilla/5.0 (Windows NT 6.1; WOW64; rv:18.0) Gecko/20100101 Firefox/18.0"
67.5.114.119 - - [15/Jan/2013:13:23:31 -0600] "GET /images/4.jpg HTTP/1.1" 200 186934 "http://operationspokaneheroes.org/_inc/slide.php" "Mozilla/5.0 (Windows NT 6.1; WOW64; rv:18.0) Gecko/20100101 Firefox/18.0"
67.5.114.119 - - [15/Jan/2013:13:23:31 -0600] "GET /images/3.jpg HTTP/1.1" 200 240733 "http://operationspokaneheroes.org/_inc/slide.php" "Mozilla/5.0 (Windows NT 6.1; WOW64; rv:18.0) Gecko/20100101 Firefox/18.0"
67.5.114.119 - - [15/Jan/2013:13:23:37 -0600] "GET /favicon.ico HTTP/1.1" 404 - "-" "Mozilla/5.0 (Windows NT 6.1; WOW64; rv:18.0) Gecko/20100101 Firefox/18.0"
67.5.114.119 - - [15/Jan/2013:13:23:37 -0600] "GET /favicon.ico HTTP/1.1" 404 - "-" "Mozilla/5.0 (Windows NT 6.1; WOW64; rv:18.0) Gecko/20100101 Firefox/18.0"
208.115.113.86 - - [15/Jan/2013:14:01:55 -0600] "GET /benefits.php HTTP/1.1" 404 - "-" "Mozilla/5.0 (compatible; Ezooms/1.0; ezooms.bot@gmail.com)"
66.249.74.210 - - [15/Jan/2013:14:16:21 -0600] "GET /robots.txt HTTP/1.1" 404 - "-" "Mozilla/5.0 (compatible; Googlebot/2.1; +http://www.google.com/bot.html)"
213.174.154.106 - - [15/Jan/2013:15:57:07 -0600] "GET / HTTP/1.1" 200 10513 "http://www.google.com" "Mozilla/5.0 (Windows NT 5.2; WOW64; rv:5.0) Gecko/20100101 Firefox/5.0"
157.55.32.82 - - [15/Jan/2013:16:35:54 -0600] "GET /robots.txt HTTP/1.1" 404 - "-" "Mozilla/5.0 (compatible; bingbot/2.0; +http://www.bing.com/bingbot.htm)"
157.55.32.82 - - [15/Jan/2013:16:37:43 -0600] "GET / HTTP/1.1" 200 10513 "-" "Mozilla/5.0 (compatible; bingbot/2.0; +http://www.bing.com/bingbot.htm)"
204.124.181.85 - - [15/Jan/2013:17:41:21 -0600] "GET /robots.txt HTTP/1.0" 404 - "-" "Mozilla/5.0 (compatible; MJ12bot/v1.4.3; http://www.majestic12.co.uk/bot.php?+)"
204.124.181.85 - - [15/Jan/2013:17:41:29 -0600] "GET / HTTP/1.0" 200 10513 "-" "Mozilla/5.0 (compatible; MJ12bot/v1.4.3; http://www.majestic12.co.uk/bot.php?+)"
204.124.181.85 - - [15/Jan/2013:17:41:33 -0600] "GET /robots.txt HTTP/1.0" 404 - "-" "Mozilla/5.0 (compatible; MJ12bot/v1.4.3; http://www.majestic12.co.uk/bot.php?+)"
204.124.181.85 - - [15/Jan/2013:17:41:35 -0600] "GET / HTTP/1.0" 200 10513 "-" "Mozilla/5.0 (compatible; MJ12bot/v1.4.3; http://www.majestic12.co.uk/bot.php?+)"
