123.125.71.20 - - [31/Mar/2012:20:04:18 -0500] "GET / HTTP/1.1" 200 10288 "-" "Mozilla/5.0 (compatible; Baiduspider/2.0; +http://www.baidu.com/search/spider.html)"
1.202.218.8 - - [31/Mar/2012:20:04:24 -0500] "GET /robots.txt HTTP/1.0" 404 - "-" "\"Mozilla/5.0"
157.55.39.225 - - [31/Mar/2012:22:15:50 -0500] "GET /robots.txt HTTP/1.1" 404 - "-" "msnbot/2.0b (+http://search.msn.com/msnbot.htm)"
157.55.39.225 - - [31/Mar/2012:22:15:50 -0500] "GET /index.php HTTP/1.1" 200 10288 "-" "msnbot/2.0b (+http://search.msn.com/msnbot.htm)"
157.55.39.225 - - [31/Mar/2012:22:15:52 -0500] "GET /contact.php HTTP/1.1" 200 10298 "-" "msnbot/2.0b (+http://search.msn.com/msnbot.htm)"
157.55.39.225 - - [31/Mar/2012:22:15:56 -0500] "GET /_inc/slide.php HTTP/1.1" 200 3205 "-" "msnbot/2.0b (+http://search.msn.com/msnbot.htm)"
157.55.39.225 - - [31/Mar/2012:22:15:57 -0500] "GET /calendar.php HTTP/1.1" 200 10488 "-" "msnbot/2.0b (+http://search.msn.com/msnbot.htm)"
157.55.39.225 - - [31/Mar/2012:22:15:58 -0500] "GET /slider.html HTTP/1.1" 200 7532 "-" "msnbot/2.0b (+http://search.msn.com/msnbot.htm)"
157.55.39.225 - - [31/Mar/2012:22:16:01 -0500] "GET /business.php HTTP/1.1" 200 10592 "-" "msnbot/2.0b (+http://search.msn.com/msnbot.htm)"
157.55.39.225 - - [31/Mar/2012:22:16:02 -0500] "GET /aboutus.php HTTP/1.1" 200 11446 "-" "msnbot/2.0b (+http://search.msn.com/msnbot.htm)"
157.55.39.225 - - [31/Mar/2012:22:16:04 -0500] "GET /donate.php HTTP/1.1" 200 12791 "-" "msnbot/2.0b (+http://search.msn.com/msnbot.htm)"
1.202.218.8 - - [31/Mar/2012:23:29:42 -0500] "GET /robots.txt HTTP/1.0" 404 - "-" "\"Mozilla/5.0"
107.21.199.112 - - [31/Mar/2012:23:30:50 -0500] "GET /java_for_joes/index.html HTTP/1.1" 404 - "" "GSLFbot"
213.186.119.131 - - [31/Mar/2012:23:39:05 -0500] "GET /robots.txt HTTP/1.1" 404 - "-" "Mozilla/5.0 (compatible; AhrefsBot/2.0; +http://ahrefs.com/robot/)"
213.186.119.131 - - [31/Mar/2012:23:39:05 -0500] "GET /robots.txt HTTP/1.1" 404 - "-" "Mozilla/5.0 (compatible; AhrefsBot/2.0; +http://ahrefs.com/robot/)"
69.171.242.244 - - [31/Mar/2012:23:59:06 -0500] "GET / HTTP/1.1" 200 10288 "-" "facebookexternalhit/1.1 (+http://www.facebook.com/externalhit_uatext.php)"
109.206.176.230 - - [01/Apr/2012:02:16:29 -0500] "GET / HTTP/1.1" 200 10288 "http://www.google.com" "Mozilla/5.0 (Macintosh; PPC Mac OS X 10_6_7) AppleWebKit/535.1 (KHTML, like Gecko) Chrome/14.0.790.0 Safari/535.1"
1.202.218.8 - - [01/Apr/2012:02:54:49 -0500] "GET /robots.txt HTTP/1.0" 404 - "-" "\"Mozilla/5.0"
193.47.80.51 - - [01/Apr/2012:03:32:44 -0500] "GET /robots.txt HTTP/1.1" 404 - "-" "Mozilla/5.0 (compatible; Exabot/3.0; +http://www.exabot.com/go/robot)"
193.47.80.51 - - [01/Apr/2012:03:32:44 -0500] "GET /index.php HTTP/1.1" 200 10288 "-" "Mozilla/5.0 (compatible; Exabot/3.0; +http://www.exabot.com/go/robot)"
193.47.80.51 - - [01/Apr/2012:03:32:47 -0500] "GET /aboutus.php HTTP/1.1" 200 11446 "-" "Mozilla/5.0 (compatible; Exabot/3.0; +http://www.exabot.com/go/robot)"
193.47.80.51 - - [01/Apr/2012:03:32:50 -0500] "GET /pdf/2010_Top100_Military_Friendly_Employers.pdf HTTP/1.1" 200 711726 "-" "Mozilla/5.0 (compatible; Exabot/3.0; +http://www.exabot.com/go/robot)"
193.47.80.51 - - [01/Apr/2012:03:32:52 -0500] "GET /join/ HTTP/1.1" 404 - "-" "Mozilla/5.0 (compatible; Exabot/3.0; +http://www.exabot.com/go/robot)"
208.115.113.86 - - [01/Apr/2012:03:37:18 -0500] "GET /robots.txt HTTP/1.1" 404 - "-" "Mozilla/5.0 (compatible; Ezooms/1.0; ezooms.bot@gmail.com)"
208.115.113.86 - - [01/Apr/2012:04:30:44 -0500] "GET /calendar.php HTTP/1.1" 200 10488 "-" "Mozilla/5.0 (compatible; Ezooms/1.0; ezooms.bot@gmail.com)"
64.246.161.190 - - [01/Apr/2012:05:03:18 -0500] "GET /robots.txt HTTP/1.0" 404 - "-" "Mozilla/5.0 (Windows; U; Windows NT 5.1; en; rv:1.9.0.13) Gecko/2009073022 Firefox/3.5.2 (.NET CLR 3.5.30729) SurveyBot/2.3 (DomainTools)"
64.246.161.190 - - [01/Apr/2012:05:03:18 -0500] "GET / HTTP/1.1" 200 10288 "http://whois.domaintools.com/operationspokaneheroes.org" "Mozilla/5.0 (Windows; U; Windows NT 5.1; en; rv:1.9.0.13) Gecko/2009073022 Firefox/3.5.2 (.NET CLR 3.5.30729) SurveyBot/2.3 (DomainTools)"
1.202.218.8 - - [01/Apr/2012:06:20:42 -0500] "GET /robots.txt HTTP/1.0" 404 - "-" "\"Mozilla/5.0"
207.46.194.54 - - [01/Apr/2012:06:41:33 -0500] "GET /robots.txt HTTP/1.1" 404 - "-" "msnbot-media/1.1 (+http://search.msn.com/msnbot.htm)"
207.46.194.54 - - [01/Apr/2012:06:41:33 -0500] "GET /events/care_package/images/5.jpg HTTP/1.1" 404 - "-" "msnbot-media/1.1 (+http://search.msn.com/msnbot.htm)"
92.249.127.111 - - [01/Apr/2012:08:13:46 -0500] "GET / HTTP/1.1" 200 10256 "http://www.zodiack.ru/" "\xef\xbb\xbfMozilla/5.0 (compatible; Googlebot/2.1; +http://www.google.com/bot.html)"
92.249.127.111 - - [01/Apr/2012:08:13:47 -0500] "GET / HTTP/1.1" 200 10288 "http://www.zodiack.ru/" "\xef\xbb\xbfMozilla/5.0 (compatible; Googlebot/2.1; +http://www.google.com/bot.html)"
178.137.128.241 - - [01/Apr/2012:08:13:49 -0500] "GET / HTTP/1.1" 200 10256 "http://posevogorod.ru/udobrenie.html" "Mozilla/5.0 (compatible; Googlebot/2.1; +http://www.google.com/bot.html)"
207.46.13.117 - - [01/Apr/2012:09:21:25 -0500] "GET /robots.txt HTTP/1.1" 404 - "-" "Mozilla/5.0 (compatible; bingbot/2.0; +http://www.bing.com/bingbot.htm)"
207.46.13.117 - - [01/Apr/2012:09:22:11 -0500] "GET /pdf/CarrouselPoster.pdf HTTP/1.1" 404 - "-" "Mozilla/5.0 (compatible; bingbot/2.0; +http://www.bing.com/bingbot.htm)"
157.55.39.225 - - [01/Apr/2012:09:28:53 -0500] "GET / HTTP/1.1" 200 10288 "-" "msnbot/2.0b (+http://search.msn.com/msnbot.htm)"
1.202.218.8 - - [01/Apr/2012:09:47:27 -0500] "GET /robots.txt HTTP/1.0" 404 - "-" "\"Mozilla/5.0"
123.125.71.78 - - [01/Apr/2012:11:36:11 -0500] "GET /cgi-sys/defaultwebpage.cgi HTTP/1.1" 200 3477 "-" "Mozilla/5.0 (compatible; Baiduspider/2.0; +http://www.baidu.com/search/spider.html)"
66.249.71.10 - - [01/Apr/2012:11:54:22 -0500] "GET /robots.txt HTTP/1.1" 404 - "-" "Mozilla/5.0 (compatible; Googlebot/2.1; +http://www.google.com/bot.html)"
66.249.71.10 - - [01/Apr/2012:11:54:23 -0500] "GET /pdf/OSH%20Freedom%20Fridays%20Flyer%20w-back.pdf HTTP/1.1" 304 - "-" "Mozilla/5.0 (compatible; Googlebot/2.1; +http://www.google.com/bot.html)"
207.46.13.117 - - [01/Apr/2012:12:23:49 -0500] "GET /robots.txt HTTP/1.1" 404 - "-" "Mozilla/5.0 (compatible; bingbot/2.0; +http://www.bing.com/bingbot.htm)"
207.46.13.117 - - [01/Apr/2012:12:24:38 -0500] "GET /events.php HTTP/1.1" 200 8158 "-" "Mozilla/5.0 (compatible; bingbot/2.0; +http://www.bing.com/bingbot.htm)"
100.43.83.155 - - [01/Apr/2012:12:54:58 -0500] "GET /robots.txt HTTP/1.1" 404 - "-" "Mozilla/5.0 (compatible; YandexBot/3.0; +http://yandex.com/bots)"
89.108.102.171 - - [01/Apr/2012:12:58:37 -0500] "GET / HTTP/1.1" 200 10256 "http://delayreferat.ru/news.php?readmore=620" "Mozilla/5.0 (compatible; Googlebot/2.1; +http://www.google.com/bot.html)"
1.202.218.8 - - [01/Apr/2012:13:04:40 -0500] "GET /robots.txt HTTP/1.0" 404 - "-" "\"Mozilla/5.0"
69.171.228.251 - - [01/Apr/2012:13:19:51 -0500] "GET /java_for_joes/index.html HTTP/1.1" 404 - "-" "facebookexternalhit/1.1 (+http://www.facebook.com/externalhit_uatext.php)"
123.126.68.20 - - [01/Apr/2012:13:48:10 -0500] "GET / HTTP/1.1" 200 10288 "-" "Sogou web spider/4.0(+http://www.sogou.com/docs/help/webmasters.htm#07)"
66.249.71.10 - - [01/Apr/2012:16:02:52 -0500] "GET /robots.txt HTTP/1.1" 404 - "-" "Mozilla/5.0 (compatible; Googlebot/2.1; +http://www.google.com/bot.html)"
66.249.71.10 - - [01/Apr/2012:16:02:52 -0500] "GET /pdf/OSH%20Freedom%20Fridays%20Sign%20Up%20Sheet.pdf HTTP/1.1" 200 170318 "-" "Mozilla/5.0 (iPhone; U; CPU iPhone OS 4_1 like Mac OS X; en-us) AppleWebKit/532.9 (KHTML, like Gecko) Version/4.0.5 Mobile/8B117 Safari/6531.22.7 (compatible; Googlebot-Mobile/2.1; +http://www.google.com/bot.html)"
1.202.218.8 - - [01/Apr/2012:16:07:41 -0500] "GET /robots.txt HTTP/1.0" 404 - "-" "\"Mozilla/5.0"
69.171.228.251 - - [01/Apr/2012:17:10:25 -0500] "GET /java_for_joes HTTP/1.1" 404 - "-" "facebookexternalhit/1.1 (+http://www.facebook.com/externalhit_uatext.php)"
69.171.234.5 - - [01/Apr/2012:17:10:33 -0500] "GET /java_for_joes HTTP/1.1" 404 - "-" "facebookexternalhit/1.1 (+http://www.facebook.com/externalhit_uatext.php)"
65.52.110.16 - - [01/Apr/2012:17:47:31 -0500] "GET /robots.txt HTTP/1.1" 404 - "-" "Mozilla/5.0 (compatible; bingbot/2.0; +http://www.bing.com/bingbot.htm)"
65.52.110.16 - - [01/Apr/2012:17:50:30 -0500] "GET / HTTP/1.1" 200 10288 "-" "Mozilla/5.0 (compatible; bingbot/2.0; +http://www.bing.com/bingbot.htm)"
1.202.218.8 - - [01/Apr/2012:19:25:16 -0500] "GET /robots.txt HTTP/1.0" 404 - "-" "\"Mozilla/5.0"
65.52.110.30 - - [01/Apr/2012:20:03:07 -0500] "GET /robots.txt HTTP/1.1" 404 - "-" "Mozilla/5.0 (compatible; bingbot/2.0; +http://www.bing.com/bingbot.htm)"
65.52.110.30 - - [01/Apr/2012:20:03:46 -0500] "GET /pdf/174%20Stores%20and%20Business%20Offering%20Military%20Discounts1.pdf HTTP/1.1" 200 122888 "-" "Mozilla/5.0 (compatible; bingbot/2.0; +http://www.bing.com/bingbot.htm)"
100.43.83.155 - - [01/Apr/2012:22:32:57 -0500] "GET /donate.php HTTP/1.1" 200 12791 "-" "Mozilla/5.0 (compatible; YandexBot/3.0; +http://yandex.com/bots)"
207.46.199.37 - - [01/Apr/2012:22:38:43 -0500] "GET /pdf/Invite%20for%20vets%20listening%20session%20%28mm%20edits%29.pdf HTTP/1.1" 404 - "-" "Mozilla/5.0 (compatible; bingbot/2.0; +http://www.bing.com/bingbot.htm)"
1.202.218.8 - - [01/Apr/2012:22:49:41 -0500] "GET /robots.txt HTTP/1.0" 404 - "-" "\"Mozilla/5.0"
66.249.71.10 - - [01/Apr/2012:23:19:37 -0500] "GET /aboutus.php HTTP/1.1" 200 11446 "-" "Mozilla/5.0 (compatible; Googlebot/2.1; +http://www.google.com/bot.html)"
66.249.71.44 - - [01/Apr/2012:23:28:39 -0500] "GET /robots.txt HTTP/1.1" 404 - "-" "Mozilla/5.0 (compatible; Googlebot/2.1; +http://www.google.com/bot.html)"
66.249.71.44 - - [01/Apr/2012:23:28:39 -0500] "GET /donation.php HTTP/1.1" 404 - "-" "Mozilla/5.0 (compatible; Googlebot/2.1; +http://www.google.com/bot.html)"
180.76.5.52 - - [01/Apr/2012:23:45:43 -0500] "GET /robots.txt HTTP/1.1" 404 - "-" "Mozilla/5.0 (Windows NT 5.1; rv:6.0.2) Gecko/20100101 Firefox/6.0.2"
208.115.113.86 - - [02/Apr/2012:00:53:15 -0500] "GET /robots.txt HTTP/1.1" 404 - "-" "Mozilla/5.0 (compatible; Ezooms/1.0; ezooms.bot@gmail.com)"
208.115.113.86 - - [02/Apr/2012:00:58:29 -0500] "GET /aboutus.php HTTP/1.1" 200 11446 "-" "Mozilla/5.0 (compatible; Ezooms/1.0; ezooms.bot@gmail.com)"
207.46.192.45 - - [02/Apr/2012:01:23:15 -0500] "GET /mission.php HTTP/1.1" 404 - "-" "Mozilla/5.0 (compatible; bingbot/2.0; +http://www.bing.com/bingbot.htm)"
123.125.71.39 - - [02/Apr/2012:01:25:37 -0500] "GET /calendar.php HTTP/1.1" 200 10488 "-" "Mozilla/5.0 (compatible; Baiduspider/2.0; +http://www.baidu.com/search/spider.html)"
1.202.218.8 - - [02/Apr/2012:02:12:27 -0500] "GET /robots.txt HTTP/1.0" 404 - "-" "\"Mozilla/5.0"
65.52.108.199 - - [02/Apr/2012:02:18:47 -0500] "GET /wedo.php HTTP/1.1" 404 - "-" "Mozilla/5.0 (compatible; bingbot/2.0; +http://www.bing.com/bingbot.htm)"
1.202.218.8 - - [02/Apr/2012:05:33:10 -0500] "GET /robots.txt HTTP/1.0" 404 - "-" "\"Mozilla/5.0"
50.17.133.21 - - [02/Apr/2012:05:56:30 -0500] "GET / HTTP/1.0" 200 10288 "-" "Mozilla/5.0 (compatible; NetcraftSurveyAgent/1.0; +info@netcraft.com)"
50.17.133.21 - - [02/Apr/2012:05:56:44 -0500] "GET /_inc/slide.php HTTP/1.0" 200 3205 "-" "Mozilla/5.0 (compatible; NetcraftSurveyAgent/1.0; +info@netcraft.com)"
50.17.133.21 - - [02/Apr/2012:05:56:59 -0500] "GET /slider.html HTTP/1.0" 200 7532 "-" "Mozilla/5.0 (compatible; NetcraftSurveyAgent/1.0; +info@netcraft.com)"
213.186.119.131 - - [02/Apr/2012:06:07:32 -0500] "GET /robots.txt HTTP/1.1" 404 - "-" "Mozilla/5.0 (compatible; AhrefsBot/2.0; +http://ahrefs.com/robot/)"
213.186.119.131 - - [02/Apr/2012:06:07:32 -0500] "GET /robots.txt HTTP/1.1" 404 - "-" "Mozilla/5.0 (compatible; AhrefsBot/2.0; +http://ahrefs.com/robot/)"
193.106.136.59 - - [02/Apr/2012:06:47:30 -0500] "GET / HTTP/1.1" 200 10108 "http://kituramicenter.ru/" "Mozilla/5.0 (compatible; Googlebot/2.1; +http://www.google.com/bot.html)"
193.106.136.59 - - [02/Apr/2012:06:47:30 -0500] "GET / HTTP/1.1" 200 10108 "http://kituramicenter.ru/" "Mozilla/5.0 (compatible; Googlebot/2.1; +http://www.google.com/bot.html)"
65.52.108.199 - - [02/Apr/2012:07:17:09 -0500] "GET /robots.txt HTTP/1.1" 404 - "-" "Mozilla/5.0 (compatible; bingbot/2.0; +http://www.bing.com/bingbot.htm)"
157.55.39.225 - - [02/Apr/2012:07:17:10 -0500] "GET /robots.txt HTTP/1.1" 404 - "-" "msnbot/2.0b (+http://search.msn.com/msnbot.htm)"
157.55.39.225 - - [02/Apr/2012:07:17:10 -0500] "GET / HTTP/1.1" 200 10288 "-" "msnbot/2.0b (+http://search.msn.com/msnbot.htm)"
65.52.108.199 - - [02/Apr/2012:07:17:46 -0500] "GET /_inc/upcoming.php HTTP/1.1" 200 3545 "-" "Mozilla/5.0 (compatible; bingbot/2.0; +http://www.bing.com/bingbot.htm)"
1.202.218.8 - - [02/Apr/2012:08:57:20 -0500] "GET /robots.txt HTTP/1.0" 404 - "-" "\"Mozilla/5.0"
180.76.5.111 - - [02/Apr/2012:09:15:22 -0500] "GET /aboutus.php HTTP/1.1" 200 11446 "-" "Mozilla/5.0 (compatible; Baiduspider/2.0; +http://www.baidu.com/search/spider.html)"
23.20.123.7 - - [02/Apr/2012:09:54:33 -0500] "GET /robots.txt HTTP/1.1" 404 - "" "GSLFbot"
23.20.123.7 - - [02/Apr/2012:09:54:33 -0500] "GET / HTTP/1.1" 200 10288 "" "GSLFbot"
23.20.123.7 - - [02/Apr/2012:09:54:34 -0500] "GET /index.php HTTP/1.1" 200 10288 "" "GSLFbot"
23.20.123.7 - - [02/Apr/2012:09:54:35 -0500] "GET /aboutus.php HTTP/1.1" 200 11446 "" "GSLFbot"
23.20.123.7 - - [02/Apr/2012:09:54:36 -0500] "GET /contact.php HTTP/1.1" 200 10298 "" "GSLFbot"
23.20.123.7 - - [02/Apr/2012:09:54:38 -0500] "GET /donate.php HTTP/1.1" 200 12791 "" "GSLFbot"
23.20.123.7 - - [02/Apr/2012:09:54:39 -0500] "GET /business.php HTTP/1.1" 200 10592 "" "GSLFbot"
23.20.123.7 - - [02/Apr/2012:09:54:40 -0500] "GET /calendar.php HTTP/1.1" 200 10488 "" "GSLFbot"
23.20.123.7 - - [02/Apr/2012:09:54:41 -0500] "GET /pdf/2010_Top100_Military_Friendly_Employers.pdf HTTP/1.1" 200 711726 "" "GSLFbot"
66.249.71.10 - - [02/Apr/2012:10:16:26 -0500] "GET /robots.txt HTTP/1.1" 404 - "-" "Mozilla/5.0 (compatible; Googlebot/2.1; +http://www.google.com/bot.html)"
66.249.71.10 - - [02/Apr/2012:10:16:27 -0500] "GET /pdf/OSH%20Freedom%20Fridays%20Sign%20Up%20Sheet.pdf HTTP/1.1" 304 - "-" "Mozilla/5.0 (compatible; Googlebot/2.1; +http://www.google.com/bot.html)"
100.43.83.155 - - [02/Apr/2012:10:24:24 -0500] "GET /contact.php HTTP/1.1" 200 10298 "-" "Mozilla/5.0 (compatible; YandexBot/3.0; +http://yandex.com/bots)"
1.202.218.8 - - [02/Apr/2012:12:15:37 -0500] "GET /robots.txt HTTP/1.0" 404 - "-" "\"Mozilla/5.0"
178.137.128.241 - - [02/Apr/2012:13:25:15 -0500] "GET / HTTP/1.1" 200 10256 "http://posevogorod.ru/" "Mozilla/5.0 (compatible; Googlebot/2.1; +http://www.google.com/bot.html)"
92.249.127.111 - - [02/Apr/2012:13:41:58 -0500] "GET / HTTP/1.1" 200 10288 "http://ruseo.net/" "\xef\xbb\xbfMozilla/5.0 (compatible; Googlebot/2.1; +http://www.google.com/bot.html)"
92.249.127.111 - - [02/Apr/2012:13:41:59 -0500] "GET / HTTP/1.1" 200 10256 "http://ruseo.net/" "\xef\xbb\xbfMozilla/5.0 (compatible; Googlebot/2.1; +http://www.google.com/bot.html)"
64.184.244.75 - - [02/Apr/2012:13:43:26 -0500] "GET /java_for_joes/index.html HTTP/1.1" 404 - "-" "Mozilla/5.0 (compatible; MSIE 9.0; Windows NT 6.0; WOW64; Trident/5.0)"
66.220.149.250 - - [02/Apr/2012:13:48:46 -0500] "GET /java_for_joes/index.html HTTP/1.1" 404 - "-" "facebookexternalhit/1.1 (+http://www.facebook.com/externalhit_uatext.php)"
97.114.103.86 - - [02/Apr/2012:15:07:52 -0500] "GET /pdf/Invite%20for%20vets%20listening%20session%20%28mm%20edits%29.pdf HTTP/1.1" 404 - "http://www.spokanemoaa.org/_inc/content_slide.html" "Mozilla/5.0 (Windows NT 6.1; WOW64; rv:10.0.2) Gecko/20100101 Firefox/10.0.2"
97.114.103.86 - - [02/Apr/2012:15:07:52 -0500] "GET /favicon.ico HTTP/1.1" 404 - "-" "Mozilla/5.0 (Windows NT 6.1; WOW64; rv:10.0.2) Gecko/20100101 Firefox/10.0.2"
97.114.103.86 - - [02/Apr/2012:15:07:52 -0500] "GET /favicon.ico HTTP/1.1" 404 - "-" "Mozilla/5.0 (Windows NT 6.1; WOW64; rv:10.0.2) Gecko/20100101 Firefox/10.0.2"
97.114.103.86 - - [02/Apr/2012:15:07:52 -0500] "GET /favicon.ico HTTP/1.1" 404 - "-" "Mozilla/5.0 (Windows NT 6.1; WOW64; rv:10.0.2) Gecko/20100101 Firefox/10.0.2"
100.43.83.155 - - [02/Apr/2012:15:17:51 -0500] "GET /robots.txt HTTP/1.1" 404 - "-" "Mozilla/5.0 (compatible; YandexBot/3.0; +http://yandex.com/bots)"
157.55.16.55 - - [02/Apr/2012:15:24:50 -0500] "GET /robots.txt HTTP/1.1" 404 - "-" "Mozilla/5.0 (compatible; bingbot/2.0; +http://www.bing.com/bingbot.htm)"
157.55.16.55 - - [02/Apr/2012:15:25:55 -0500] "GET /calendar.php HTTP/1.1" 200 10488 "-" "Mozilla/5.0 (compatible; bingbot/2.0; +http://www.bing.com/bingbot.htm)"
123.125.71.19 - - [02/Apr/2012:15:27:24 -0500] "GET / HTTP/1.1" 200 10288 "-" "Mozilla/5.0 (compatible; Baiduspider/2.0; +http://www.baidu.com/search/spider.html)"
1.202.218.8 - - [02/Apr/2012:15:34:43 -0500] "GET /robots.txt HTTP/1.0" 404 - "-" "\"Mozilla/5.0"
157.55.39.225 - - [02/Apr/2012:16:45:46 -0500] "GET /robots.txt HTTP/1.1" 404 - "-" "msnbot/2.0b (+http://search.msn.com/msnbot.htm)"
157.55.39.225 - - [02/Apr/2012:16:45:47 -0500] "GET /index.php HTTP/1.1" 200 10288 "-" "msnbot/2.0b (+http://search.msn.com/msnbot.htm)"
157.55.39.225 - - [02/Apr/2012:16:45:49 -0500] "GET /contact.php HTTP/1.1" 200 10298 "-" "msnbot/2.0b (+http://search.msn.com/msnbot.htm)"
157.55.39.225 - - [02/Apr/2012:16:45:53 -0500] "GET /_inc/slide.php HTTP/1.1" 200 3205 "-" "msnbot/2.0b (+http://search.msn.com/msnbot.htm)"
157.55.39.225 - - [02/Apr/2012:16:45:57 -0500] "GET /calendar.php HTTP/1.1" 200 10488 "-" "msnbot/2.0b (+http://search.msn.com/msnbot.htm)"
157.55.39.225 - - [02/Apr/2012:16:45:59 -0500] "GET /slider.html HTTP/1.1" 200 7532 "-" "msnbot/2.0b (+http://search.msn.com/msnbot.htm)"
157.55.39.225 - - [02/Apr/2012:16:46:03 -0500] "GET /business.php HTTP/1.1" 200 10592 "-" "msnbot/2.0b (+http://search.msn.com/msnbot.htm)"
157.55.39.225 - - [02/Apr/2012:16:46:05 -0500] "GET /aboutus.php HTTP/1.1" 200 11446 "-" "msnbot/2.0b (+http://search.msn.com/msnbot.htm)"
157.55.39.225 - - [02/Apr/2012:16:46:09 -0500] "GET /donate.php HTTP/1.1" 200 12791 "-" "msnbot/2.0b (+http://search.msn.com/msnbot.htm)"
209.180.197.15 - - [02/Apr/2012:16:59:55 -0500] "GET / HTTP/1.1" 200 10288 "http://www.google.com/url?sa=t&rct=j&q=&esrc=s&frm=1&source=web&cd=1&ved=0CCgQFjAA&url=http%3A%2F%2Foperationspokaneheroes.org%2F&ei=WyF6T9y8GKKuiQKK-8lx&usg=AFQjCNGGuKExGUEgtWK2o7s2b3sBxGCH3Q&sig2=J-LOuiliQ_OKzJaOQOB_rg" "Mozilla/5.0 (compatible; MSIE 9.0; Windows NT 6.1; WOW64; Trident/5.0)"
209.180.197.15 - - [02/Apr/2012:16:59:56 -0500] "GET /css/footer.css HTTP/1.1" 200 752 "http://operationspokaneheroes.org/" "Mozilla/5.0 (compatible; MSIE 9.0; Windows NT 6.1; WOW64; Trident/5.0)"
209.180.197.15 - - [02/Apr/2012:16:59:56 -0500] "GET /images/facebook.png HTTP/1.1" 200 5004 "http://operationspokaneheroes.org/" "Mozilla/5.0 (compatible; MSIE 9.0; Windows NT 6.1; WOW64; Trident/5.0)"
209.180.197.15 - - [02/Apr/2012:16:59:56 -0500] "GET /images/global.png HTTP/1.1" 200 5737 "http://operationspokaneheroes.org/" "Mozilla/5.0 (compatible; MSIE 9.0; Windows NT 6.1; WOW64; Trident/5.0)"
209.180.197.15 - - [02/Apr/2012:16:59:56 -0500] "GET /images/contacticon.png HTTP/1.1" 200 4499 "http://operationspokaneheroes.org/" "Mozilla/5.0 (compatible; MSIE 9.0; Windows NT 6.1; WOW64; Trident/5.0)"
209.180.197.15 - - [02/Apr/2012:16:59:56 -0500] "GET /css/global.css HTTP/1.1" 200 13951 "http://operationspokaneheroes.org/" "Mozilla/5.0 (compatible; MSIE 9.0; Windows NT 6.1; WOW64; Trident/5.0)"
209.180.197.15 - - [02/Apr/2012:16:59:56 -0500] "GET /_inc/slide.php HTTP/1.1" 200 3205 "http://operationspokaneheroes.org/" "Mozilla/5.0 (compatible; MSIE 9.0; Windows NT 6.1; WOW64; Trident/5.0)"
209.180.197.15 - - [02/Apr/2012:16:59:56 -0500] "GET /slider.html HTTP/1.1" 200 7532 "http://operationspokaneheroes.org/" "Mozilla/5.0 (compatible; MSIE 9.0; Windows NT 6.1; WOW64; Trident/5.0)"
209.180.197.15 - - [02/Apr/2012:16:59:56 -0500] "GET /mainbk.png HTTP/1.1" 200 290 "http://operationspokaneheroes.org/" "Mozilla/5.0 (compatible; MSIE 9.0; Windows NT 6.1; WOW64; Trident/5.0)"
209.180.197.15 - - [02/Apr/2012:16:59:56 -0500] "GET /images/nav2.jpg HTTP/1.1" 200 4444 "http://operationspokaneheroes.org/" "Mozilla/5.0 (compatible; MSIE 9.0; Windows NT 6.1; WOW64; Trident/5.0)"
209.180.197.15 - - [02/Apr/2012:16:59:56 -0500] "GET /images/logo.png HTTP/1.1" 200 226129 "http://operationspokaneheroes.org/" "Mozilla/5.0 (compatible; MSIE 9.0; Windows NT 6.1; WOW64; Trident/5.0)"
209.180.197.15 - - [02/Apr/2012:16:59:57 -0500] "GET /css/slide.css HTTP/1.1" 200 2869 "http://operationspokaneheroes.org/_inc/slide.php" "Mozilla/5.0 (compatible; MSIE 9.0; Windows NT 6.1; WOW64; Trident/5.0)"
209.180.197.15 - - [02/Apr/2012:16:59:57 -0500] "GET /css/style_global.css HTTP/1.1" 200 2621 "http://operationspokaneheroes.org/_inc/slide.php" "Mozilla/5.0 (compatible; MSIE 9.0; Windows NT 6.1; WOW64; Trident/5.0)"
209.180.197.15 - - [02/Apr/2012:16:59:56 -0500] "GET /images/bg2.jpg HTTP/1.1" 200 55206 "http://operationspokaneheroes.org/" "Mozilla/5.0 (compatible; MSIE 9.0; Windows NT 6.1; WOW64; Trident/5.0)"
209.180.197.15 - - [02/Apr/2012:16:59:57 -0500] "GET /css/compact_style.css HTTP/1.1" 200 4934 "http://operationspokaneheroes.org/slider.html" "Mozilla/5.0 (compatible; MSIE 9.0; Windows NT 6.1; WOW64; Trident/5.0)"
209.180.197.15 - - [02/Apr/2012:16:59:57 -0500] "GET /js/Bebas_400.font.js HTTP/1.1" 200 32806 "http://operationspokaneheroes.org/slider.html" "Mozilla/5.0 (compatible; MSIE 9.0; Windows NT 6.1; WOW64; Trident/5.0)"
209.180.197.15 - - [02/Apr/2012:16:59:57 -0500] "GET /js/cufon-yui.js HTTP/1.1" 200 18257 "http://operationspokaneheroes.org/slider.html" "Mozilla/5.0 (compatible; MSIE 9.0; Windows NT 6.1; WOW64; Trident/5.0)"
209.180.197.15 - - [02/Apr/2012:16:59:57 -0500] "GET /images/osh_static_cling.jpg HTTP/1.1" 200 19209 "http://operationspokaneheroes.org/slider.html" "Mozilla/5.0 (compatible; MSIE 9.0; Windows NT 6.1; WOW64; Trident/5.0)"
209.180.197.15 - - [02/Apr/2012:16:59:57 -0500] "GET /images/campfire.jpg HTTP/1.1" 200 17397 "http://operationspokaneheroes.org/slider.html" "Mozilla/5.0 (compatible; MSIE 9.0; Windows NT 6.1; WOW64; Trident/5.0)"
209.180.197.15 - - [02/Apr/2012:16:59:58 -0500] "GET /jquery.easing.1.3.js HTTP/1.1" 200 8097 "http://operationspokaneheroes.org/slider.html" "Mozilla/5.0 (compatible; MSIE 9.0; Windows NT 6.1; WOW64; Trident/5.0)"
209.180.197.15 - - [02/Apr/2012:16:59:57 -0500] "GET /images/freedom_friday.jpg HTTP/1.1" 200 22631 "http://operationspokaneheroes.org/slider.html" "Mozilla/5.0 (compatible; MSIE 9.0; Windows NT 6.1; WOW64; Trident/5.0)"
209.180.197.15 - - [02/Apr/2012:16:59:57 -0500] "GET /js/combined.js HTTP/1.1" 200 169946 "http://operationspokaneheroes.org/_inc/slide.php" "Mozilla/5.0 (compatible; MSIE 9.0; Windows NT 6.1; WOW64; Trident/5.0)"
209.180.197.15 - - [02/Apr/2012:16:59:58 -0500] "GET /images/prev.png HTTP/1.1" 200 2995 "http://operationspokaneheroes.org/slider.html" "Mozilla/5.0 (compatible; MSIE 9.0; Windows NT 6.1; WOW64; Trident/5.0)"
209.180.197.15 - - [02/Apr/2012:16:59:58 -0500] "GET /images/next.png HTTP/1.1" 200 3022 "http://operationspokaneheroes.org/slider.html" "Mozilla/5.0 (compatible; MSIE 9.0; Windows NT 6.1; WOW64; Trident/5.0)"
209.180.197.15 - - [02/Apr/2012:16:59:59 -0500] "GET /assets/images/btn_top_search_hover.png HTTP/1.1" 404 - "http://operationspokaneheroes.org/_inc/slide.php" "Mozilla/5.0 (compatible; MSIE 9.0; Windows NT 6.1; WOW64; Trident/5.0)"
209.180.197.15 - - [02/Apr/2012:16:59:59 -0500] "GET /assets/images/btn_main_search_hover.png HTTP/1.1" 404 - "http://operationspokaneheroes.org/_inc/slide.php" "Mozilla/5.0 (compatible; MSIE 9.0; Windows NT 6.1; WOW64; Trident/5.0)"
209.180.197.15 - - [02/Apr/2012:16:59:59 -0500] "GET /images/mission_statement_bg.png HTTP/1.1" 200 11413 "http://operationspokaneheroes.org/_inc/slide.php" "Mozilla/5.0 (compatible; MSIE 9.0; Windows NT 6.1; WOW64; Trident/5.0)"
209.180.197.15 - - [02/Apr/2012:16:59:59 -0500] "GET /images/we_believe.png HTTP/1.1" 200 1785 "http://operationspokaneheroes.org/_inc/slide.php" "Mozilla/5.0 (compatible; MSIE 9.0; Windows NT 6.1; WOW64; Trident/5.0)"
209.180.197.15 - - [02/Apr/2012:16:59:59 -0500] "GET /favicon.ico HTTP/1.1" 404 - "-" "Mozilla/5.0 (compatible; MSIE 9.0; Windows NT 6.1; WOW64; Trident/5.0)"
209.180.197.15 - - [02/Apr/2012:16:59:59 -0500] "GET /images/we_strive.png HTTP/1.1" 200 1981 "http://operationspokaneheroes.org/_inc/slide.php" "Mozilla/5.0 (compatible; MSIE 9.0; Windows NT 6.1; WOW64; Trident/5.0)"
209.180.197.15 - - [02/Apr/2012:16:59:59 -0500] "GET /images/we_help.png HTTP/1.1" 200 1514 "http://operationspokaneheroes.org/_inc/slide.php" "Mozilla/5.0 (compatible; MSIE 9.0; Windows NT 6.1; WOW64; Trident/5.0)"
209.180.197.15 - - [02/Apr/2012:16:59:59 -0500] "GET /images/we_need.png HTTP/1.1" 200 2138 "http://operationspokaneheroes.org/_inc/slide.php" "Mozilla/5.0 (compatible; MSIE 9.0; Windows NT 6.1; WOW64; Trident/5.0)"
209.180.197.15 - - [02/Apr/2012:16:59:59 -0500] "GET /images/1.jpg HTTP/1.1" 200 142489 "http://operationspokaneheroes.org/_inc/slide.php" "Mozilla/5.0 (compatible; MSIE 9.0; Windows NT 6.1; WOW64; Trident/5.0)"
209.180.197.15 - - [02/Apr/2012:16:59:59 -0500] "GET /images/2.jpg HTTP/1.1" 200 170993 "http://operationspokaneheroes.org/_inc/slide.php" "Mozilla/5.0 (compatible; MSIE 9.0; Windows NT 6.1; WOW64; Trident/5.0)"
209.180.197.15 - - [02/Apr/2012:16:59:59 -0500] "GET /images/4.jpg HTTP/1.1" 200 186934 "http://operationspokaneheroes.org/_inc/slide.php" "Mozilla/5.0 (compatible; MSIE 9.0; Windows NT 6.1; WOW64; Trident/5.0)"
209.180.197.15 - - [02/Apr/2012:16:59:59 -0500] "GET /images/3.jpg HTTP/1.1" 200 240733 "http://operationspokaneheroes.org/_inc/slide.php" "Mozilla/5.0 (compatible; MSIE 9.0; Windows NT 6.1; WOW64; Trident/5.0)"
209.180.197.15 - - [02/Apr/2012:17:00:07 -0500] "GET /aboutus.php HTTP/1.1" 200 11446 "http://operationspokaneheroes.org/" "Mozilla/5.0 (compatible; MSIE 9.0; Windows NT 6.1; WOW64; Trident/5.0)"
209.180.197.15 - - [02/Apr/2012:17:00:08 -0500] "GET /_inc/slide.php HTTP/1.1" 200 3205 "http://operationspokaneheroes.org/aboutus.php" "Mozilla/5.0 (compatible; MSIE 9.0; Windows NT 6.1; WOW64; Trident/5.0)"
209.180.197.15 - - [02/Apr/2012:17:00:08 -0500] "GET /assets/images/btn_top_search_hover.png HTTP/1.1" 404 - "http://operationspokaneheroes.org/_inc/slide.php" "Mozilla/5.0 (compatible; MSIE 9.0; Windows NT 6.1; WOW64; Trident/5.0)"
209.180.197.15 - - [02/Apr/2012:17:00:08 -0500] "GET /assets/images/btn_main_search_hover.png HTTP/1.1" 404 - "http://operationspokaneheroes.org/_inc/slide.php" "Mozilla/5.0 (compatible; MSIE 9.0; Windows NT 6.1; WOW64; Trident/5.0)"
209.180.197.15 - - [02/Apr/2012:17:00:09 -0500] "GET /favicon.ico HTTP/1.1" 404 - "-" "Mozilla/5.0 (compatible; MSIE 9.0; Windows NT 6.1; WOW64; Trident/5.0)"
209.180.197.15 - - [02/Apr/2012:17:00:22 -0500] "GET /business.php HTTP/1.1" 200 10592 "http://operationspokaneheroes.org/aboutus.php" "Mozilla/5.0 (compatible; MSIE 9.0; Windows NT 6.1; WOW64; Trident/5.0)"
209.180.197.15 - - [02/Apr/2012:17:00:22 -0500] "GET /_inc/slide.php HTTP/1.1" 200 3205 "http://operationspokaneheroes.org/business.php" "Mozilla/5.0 (compatible; MSIE 9.0; Windows NT 6.1; WOW64; Trident/5.0)"
209.180.197.15 - - [02/Apr/2012:17:00:22 -0500] "GET /assets/images/btn_top_search_hover.png HTTP/1.1" 404 - "http://operationspokaneheroes.org/_inc/slide.php" "Mozilla/5.0 (compatible; MSIE 9.0; Windows NT 6.1; WOW64; Trident/5.0)"
209.180.197.15 - - [02/Apr/2012:17:00:22 -0500] "GET /assets/images/btn_main_search_hover.png HTTP/1.1" 404 - "http://operationspokaneheroes.org/_inc/slide.php" "Mozilla/5.0 (compatible; MSIE 9.0; Windows NT 6.1; WOW64; Trident/5.0)"
209.180.197.15 - - [02/Apr/2012:17:00:32 -0500] "GET /pdf/174%20Stores%20and%20Business%20Offering%20Military%20Discounts1.pdf HTTP/1.1" 200 122888 "http://operationspokaneheroes.org/business.php" "Mozilla/5.0 (compatible; MSIE 9.0; Windows NT 6.1; WOW64; Trident/5.0)"
209.180.197.15 - - [02/Apr/2012:17:06:26 -0500] "GET / HTTP/1.1" 200 10288 "http://www.google.com/webhp?sourceid=toolbar-instant&hl=en&ion=1&qscrl=1&nord=1&rlz=1T4ADFA_enUS472US473#hl=en&qscrl=1&nord=1&rlz=1T4ADFA_enUS472US473&sclient=psy-ab&q=spokane%20heros&oq=&aq=&aqi=&aql=&gs_l=&pbx=1&fp=a32bb7b71446f8e5&ion=1&bav=on.2,or.r_gc.r_pw.r_qf.,cf.osb&biw=1138&bih=557" "Mozilla/5.0 (compatible; MSIE 9.0; Windows NT 6.1; WOW64; Trident/5.0)"
209.180.197.15 - - [02/Apr/2012:17:06:27 -0500] "GET /_inc/slide.php HTTP/1.1" 200 3205 "http://operationspokaneheroes.org/" "Mozilla/5.0 (compatible; MSIE 9.0; Windows NT 6.1; WOW64; Trident/5.0)"
209.180.197.15 - - [02/Apr/2012:17:06:28 -0500] "GET /assets/images/btn_top_search_hover.png HTTP/1.1" 404 - "http://operationspokaneheroes.org/_inc/slide.php" "Mozilla/5.0 (compatible; MSIE 9.0; Windows NT 6.1; WOW64; Trident/5.0)"
209.180.197.15 - - [02/Apr/2012:17:06:28 -0500] "GET /assets/images/btn_main_search_hover.png HTTP/1.1" 404 - "http://operationspokaneheroes.org/_inc/slide.php" "Mozilla/5.0 (compatible; MSIE 9.0; Windows NT 6.1; WOW64; Trident/5.0)"
100.43.83.155 - - [02/Apr/2012:17:26:41 -0500] "GET /pdf/The%20new%20address%20for%20the%20National%20Personnel%20Records%20Center%20is.pdf HTTP/1.1" 404 - "-" "Mozilla/5.0 (compatible; YandexBot/3.0; +http://yandex.com/bots)"
100.43.83.155 - - [02/Apr/2012:17:26:43 -0500] "GET /index.php HTTP/1.1" 200 10288 "-" "Mozilla/5.0 (compatible; YandexBot/3.0; +http://yandex.com/bots)"
213.110.133.221 - - [02/Apr/2012:17:58:55 -0500] "GET / HTTP/1.1" 200 10288 "http://calimera-mebel.ru/" "Mozilla/5.0 (compatible; Googlebot/2.1; +http://www.google.com/bot.html)"
213.110.133.221 - - [02/Apr/2012:17:58:56 -0500] "GET / HTTP/1.1" 200 10288 "http://calimera-mebel.ru/" "Mozilla/5.0 (compatible; Googlebot/2.1; +http://www.google.com/bot.html)"
1.202.218.8 - - [02/Apr/2012:18:50:06 -0500] "GET /robots.txt HTTP/1.0" 404 - "-" "\"Mozilla/5.0"
67.185.3.199 - - [02/Apr/2012:19:10:32 -0500] "GET /pdf/Invite%20for%20vets%20listening%20session%20%28mm%20edits%29.pdf HTTP/1.1" 404 - "http://www.spokanemoaa.org/_inc/content_slide.html" "Mozilla/5.0 (compatible; MSIE 9.0; Windows NT 6.1; Trident/5.0; msn OptimizedIE8;ENUS)"
67.185.3.199 - - [02/Apr/2012:19:10:33 -0500] "GET /favicon.ico HTTP/1.1" 404 - "-" "Mozilla/5.0 (compatible; Google Desktop/5.9.1005.12335; http://desktop.google.com/)"
66.249.71.10 - - [02/Apr/2012:19:44:11 -0500] "GET /pdf/pearl%20harbor_map.pdf HTTP/1.1" 200 1596009 "-" "Mozilla/5.0 (iPhone; U; CPU iPhone OS 4_1 like Mac OS X; en-us) AppleWebKit/532.9 (KHTML, like Gecko) Version/4.0.5 Mobile/8B117 Safari/6531.22.7 (compatible; Googlebot-Mobile/2.1; +http://www.google.com/bot.html)"
65.52.110.16 - - [02/Apr/2012:20:06:12 -0500] "GET /robots.txt HTTP/1.1" 404 - "-" "Mozilla/5.0 (compatible; bingbot/2.0; +http://www.bing.com/bingbot.htm)"
89.108.102.171 - - [02/Apr/2012:20:24:29 -0500] "GET / HTTP/1.1" 200 10288 "http://isall.ru/" "Mozilla/5.0 (compatible; Googlebot/2.1; +http://www.google.com/bot.html)"
65.52.110.16 - - [02/Apr/2012:20:26:15 -0500] "GET / HTTP/1.1" 200 10288 "-" "Mozilla/5.0 (compatible; bingbot/2.0; +http://www.bing.com/bingbot.htm)"
100.43.83.155 - - [02/Apr/2012:21:44:08 -0500] "GET /calendar.php HTTP/1.1" 200 10488 "-" "Mozilla/5.0 (compatible; YandexBot/3.0; +http://yandex.com/bots)"
1.202.218.8 - - [02/Apr/2012:22:10:30 -0500] "GET /robots.txt HTTP/1.0" 404 - "-" "\"Mozilla/5.0"
107.22.68.116 - - [02/Apr/2012:22:43:39 -0500] "GET /robots.txt HTTP/1.1" 404 - "-" "SemrushBot/0.92"
107.22.68.116 - - [02/Apr/2012:22:44:58 -0500] "GET / HTTP/1.1" 200 10288 "-" "SemrushBot/0.92"
207.46.192.45 - - [03/Apr/2012:00:42:40 -0500] "GET /robots.txt HTTP/1.1" 404 - "-" "Mozilla/5.0 (compatible; bingbot/2.0; +http://www.bing.com/bingbot.htm)"
207.46.192.45 - - [03/Apr/2012:00:43:31 -0500] "GET /events/vet_picnic/vet_picnic.html HTTP/1.1" 404 - "-" "Mozilla/5.0 (compatible; bingbot/2.0; +http://www.bing.com/bingbot.htm)"
1.202.218.8 - - [03/Apr/2012:01:31:50 -0500] "GET /robots.txt HTTP/1.0" 404 - "-" "\"Mozilla/5.0"
100.43.83.155 - - [03/Apr/2012:01:48:21 -0500] "GET /business.php HTTP/1.1" 200 10592 "-" "Mozilla/5.0 (compatible; YandexBot/3.0; +http://yandex.com/bots)"
69.71.222.186 - - [03/Apr/2012:02:51:13 -0500] "GET / HTTP/1.0" 200 10288 "http://www.sitedossier.com/site/www.operationspokaneheroes.org" "-"
207.46.192.45 - - [03/Apr/2012:02:54:19 -0500] "GET /robots.txt HTTP/1.1" 404 - "-" "Mozilla/5.0 (compatible; bingbot/2.0; +http://www.bing.com/bingbot.htm)"
207.46.192.45 - - [03/Apr/2012:02:57:08 -0500] "GET /java_for_joes/java_for_joes_flyer2.pdf HTTP/1.1" 404 - "-" "Mozilla/5.0 (compatible; bingbot/2.0; +http://www.bing.com/bingbot.htm)"
207.46.13.117 - - [03/Apr/2012:03:28:25 -0500] "GET /robots.txt HTTP/1.1" 404 - "-" "Mozilla/5.0 (compatible; bingbot/2.0; +http://www.bing.com/bingbot.htm)"
207.46.13.117 - - [03/Apr/2012:03:29:00 -0500] "GET /pdf/2010_Top100_Military_Friendly_Employers.pdf HTTP/1.1" 200 711726 "-" "Mozilla/5.0 (compatible; bingbot/2.0; +http://www.bing.com/bingbot.htm)"
1.202.218.8 - - [03/Apr/2012:04:54:52 -0500] "GET /robots.txt HTTP/1.0" 404 - "-" "\"Mozilla/5.0"
123.125.71.97 - - [03/Apr/2012:06:15:58 -0500] "GET /robots.txt HTTP/1.1" 404 - "-" "Mozilla/5.0 (compatible; Baiduspider/2.0; +http://www.baidu.com/search/spider.html)"
123.126.68.20 - - [03/Apr/2012:07:03:08 -0500] "GET / HTTP/1.1" 200 10288 "-" "Sogou web spider/4.0(+http://www.sogou.com/docs/help/webmasters.htm#07)"
157.55.39.225 - - [03/Apr/2012:07:08:25 -0500] "GET / HTTP/1.1" 200 10288 "-" "msnbot/2.0b (+http://search.msn.com/msnbot.htm)"
66.220.153.249 - - [03/Apr/2012:07:23:16 -0500] "GET /images/osh_logo.jpg HTTP/1.1" 404 - "-" "facebookexternalhit/1.0 (+http://www.facebook.com/externalhit_uatext.php)"
1.202.218.8 - - [03/Apr/2012:08:17:54 -0500] "GET /robots.txt HTTP/1.0" 404 - "-" "\"Mozilla/5.0"
213.186.119.131 - - [03/Apr/2012:08:28:02 -0500] "GET /robots.txt HTTP/1.1" 404 - "-" "Mozilla/5.0 (compatible; AhrefsBot/2.0; +http://ahrefs.com/robot/)"
213.186.119.131 - - [03/Apr/2012:08:28:03 -0500] "GET /robots.txt HTTP/1.1" 404 - "-" "Mozilla/5.0 (compatible; AhrefsBot/2.0; +http://ahrefs.com/robot/)"
208.115.113.86 - - [03/Apr/2012:08:56:03 -0500] "GET /robots.txt HTTP/1.1" 404 - "-" "Mozilla/5.0 (compatible; Ezooms/1.0; ezooms.bot@gmail.com)"
208.115.113.86 - - [03/Apr/2012:10:18:54 -0500] "GET /index.php HTTP/1.1" 200 10288 "-" "Mozilla/5.0 (compatible; Ezooms/1.0; ezooms.bot@gmail.com)"
207.46.199.215 - - [03/Apr/2012:11:20:54 -0500] "GET /robots.txt HTTP/1.1" 404 - "-" "msnbot-media/1.1 (+http://search.msn.com/msnbot.htm)"
207.46.199.215 - - [03/Apr/2012:11:20:54 -0500] "GET /events/bbq/images/leftarrow.png HTTP/1.1" 404 - "-" "msnbot-media/1.1 (+http://search.msn.com/msnbot.htm)"
1.202.218.8 - - [03/Apr/2012:11:25:37 -0500] "GET /robots.txt HTTP/1.0" 404 - "-" "\"Mozilla/5.0"
75.146.54.1 - - [03/Apr/2012:11:49:01 -0500] "GET / HTTP/1.1" 200 10288 "http://www.google.com/webhp?sourceid=toolbar-instant&hl=en&ion=1&qscrl=1&nord=1&rlz=1T4ADFA_enUS338US338#hl=en&qscrl=1&nord=1&rlz=1T4ADFA_enUS338US338&sclient=psy-ab&q=riverfront%20park&oq=&aq=&aqi=&aql=&gs_l=&pbx=1&fp=a356af58ae652a18&ion=1&bav=on.2,or.r_gc.r_pw.r_qf.,cf.osb&biw=1440&bih=648" "Mozilla/4.0 (compatible; MSIE 8.0; Windows NT 5.1; Trident/4.0; GTB7.3; .NET CLR 1.1.4322; .NET CLR 2.0.50727; .NET CLR 3.0.04506.30; .NET CLR 3.0.4506.2152; .NET CLR 3.5.30729; .NET4.0C; .NET4.0E)"
75.146.54.1 - - [03/Apr/2012:11:49:02 -0500] "GET /images/contacticon.png HTTP/1.1" 200 4499 "http://operationspokaneheroes.org/" "Mozilla/4.0 (compatible; MSIE 8.0; Windows NT 5.1; Trident/4.0; GTB7.3; .NET CLR 1.1.4322; .NET CLR 2.0.50727; .NET CLR 3.0.04506.30; .NET CLR 3.0.4506.2152; .NET CLR 3.5.30729; .NET4.0C; .NET4.0E)"
75.146.54.1 - - [03/Apr/2012:11:49:02 -0500] "GET /css/footer.css HTTP/1.1" 200 752 "http://operationspokaneheroes.org/" "Mozilla/4.0 (compatible; MSIE 8.0; Windows NT 5.1; Trident/4.0; GTB7.3; .NET CLR 1.1.4322; .NET CLR 2.0.50727; .NET CLR 3.0.04506.30; .NET CLR 3.0.4506.2152; .NET CLR 3.5.30729; .NET4.0C; .NET4.0E)"
75.146.54.1 - - [03/Apr/2012:11:49:02 -0500] "GET /images/facebook.png HTTP/1.1" 200 5004 "http://operationspokaneheroes.org/" "Mozilla/4.0 (compatible; MSIE 8.0; Windows NT 5.1; Trident/4.0; GTB7.3; .NET CLR 1.1.4322; .NET CLR 2.0.50727; .NET CLR 3.0.04506.30; .NET CLR 3.0.4506.2152; .NET CLR 3.5.30729; .NET4.0C; .NET4.0E)"
75.146.54.1 - - [03/Apr/2012:11:49:01 -0500] "GET /css/global.css HTTP/1.1" 200 13951 "http://operationspokaneheroes.org/" "Mozilla/4.0 (compatible; MSIE 8.0; Windows NT 5.1; Trident/4.0; GTB7.3; .NET CLR 1.1.4322; .NET CLR 2.0.50727; .NET CLR 3.0.04506.30; .NET CLR 3.0.4506.2152; .NET CLR 3.5.30729; .NET4.0C; .NET4.0E)"
75.146.54.1 - - [03/Apr/2012:11:49:02 -0500] "GET /images/global.png HTTP/1.1" 200 5737 "http://operationspokaneheroes.org/" "Mozilla/4.0 (compatible; MSIE 8.0; Windows NT 5.1; Trident/4.0; GTB7.3; .NET CLR 1.1.4322; .NET CLR 2.0.50727; .NET CLR 3.0.04506.30; .NET CLR 3.0.4506.2152; .NET CLR 3.5.30729; .NET4.0C; .NET4.0E)"
75.146.54.1 - - [03/Apr/2012:11:49:02 -0500] "GET /images/nav2.jpg HTTP/1.1" 200 4444 "http://operationspokaneheroes.org/" "Mozilla/4.0 (compatible; MSIE 8.0; Windows NT 5.1; Trident/4.0; GTB7.3; .NET CLR 1.1.4322; .NET CLR 2.0.50727; .NET CLR 3.0.04506.30; .NET CLR 3.0.4506.2152; .NET CLR 3.5.30729; .NET4.0C; .NET4.0E)"
75.146.54.1 - - [03/Apr/2012:11:49:02 -0500] "GET /mainbk.png HTTP/1.1" 200 290 "http://operationspokaneheroes.org/" "Mozilla/4.0 (compatible; MSIE 8.0; Windows NT 5.1; Trident/4.0; GTB7.3; .NET CLR 1.1.4322; .NET CLR 2.0.50727; .NET CLR 3.0.04506.30; .NET CLR 3.0.4506.2152; .NET CLR 3.5.30729; .NET4.0C; .NET4.0E)"
75.146.54.1 - - [03/Apr/2012:11:49:02 -0500] "GET /_inc/slide.php HTTP/1.1" 200 3205 "http://operationspokaneheroes.org/" "Mozilla/4.0 (compatible; MSIE 8.0; Windows NT 5.1; Trident/4.0; GTB7.3; .NET CLR 1.1.4322; .NET CLR 2.0.50727; .NET CLR 3.0.04506.30; .NET CLR 3.0.4506.2152; .NET CLR 3.5.30729; .NET4.0C; .NET4.0E)"
75.146.54.1 - - [03/Apr/2012:11:49:02 -0500] "GET /slider.html HTTP/1.1" 200 7532 "http://operationspokaneheroes.org/" "Mozilla/4.0 (compatible; MSIE 8.0; Windows NT 5.1; Trident/4.0; GTB7.3; .NET CLR 1.1.4322; .NET CLR 2.0.50727; .NET CLR 3.0.04506.30; .NET CLR 3.0.4506.2152; .NET CLR 3.5.30729; .NET4.0C; .NET4.0E)"
75.146.54.1 - - [03/Apr/2012:11:49:02 -0500] "GET /css/slide.css HTTP/1.1" 200 2869 "http://operationspokaneheroes.org/_inc/slide.php" "Mozilla/4.0 (compatible; MSIE 8.0; Windows NT 5.1; Trident/4.0; GTB7.3; .NET CLR 1.1.4322; .NET CLR 2.0.50727; .NET CLR 3.0.04506.30; .NET CLR 3.0.4506.2152; .NET CLR 3.5.30729; .NET4.0C; .NET4.0E)"
75.146.54.1 - - [03/Apr/2012:11:49:02 -0500] "GET /css/style_global.css HTTP/1.1" 200 2621 "http://operationspokaneheroes.org/_inc/slide.php" "Mozilla/4.0 (compatible; MSIE 8.0; Windows NT 5.1; Trident/4.0; GTB7.3; .NET CLR 1.1.4322; .NET CLR 2.0.50727; .NET CLR 3.0.04506.30; .NET CLR 3.0.4506.2152; .NET CLR 3.5.30729; .NET4.0C; .NET4.0E)"
75.146.54.1 - - [03/Apr/2012:11:49:02 -0500] "GET /images/logo.png HTTP/1.1" 200 226129 "http://operationspokaneheroes.org/" "Mozilla/4.0 (compatible; MSIE 8.0; Windows NT 5.1; Trident/4.0; GTB7.3; .NET CLR 1.1.4322; .NET CLR 2.0.50727; .NET CLR 3.0.04506.30; .NET CLR 3.0.4506.2152; .NET CLR 3.5.30729; .NET4.0C; .NET4.0E)"
75.146.54.1 - - [03/Apr/2012:11:49:02 -0500] "GET /css/compact_style.css HTTP/1.1" 200 4934 "http://operationspokaneheroes.org/slider.html" "Mozilla/4.0 (compatible; MSIE 8.0; Windows NT 5.1; Trident/4.0; GTB7.3; .NET CLR 1.1.4322; .NET CLR 2.0.50727; .NET CLR 3.0.04506.30; .NET CLR 3.0.4506.2152; .NET CLR 3.5.30729; .NET4.0C; .NET4.0E)"
75.146.54.1 - - [03/Apr/2012:11:49:02 -0500] "GET /images/bg2.jpg HTTP/1.1" 200 55206 "http://operationspokaneheroes.org/" "Mozilla/4.0 (compatible; MSIE 8.0; Windows NT 5.1; Trident/4.0; GTB7.3; .NET CLR 1.1.4322; .NET CLR 2.0.50727; .NET CLR 3.0.04506.30; .NET CLR 3.0.4506.2152; .NET CLR 3.5.30729; .NET4.0C; .NET4.0E)"
75.146.54.1 - - [03/Apr/2012:11:49:02 -0500] "GET /jquery.easing.1.3.js HTTP/1.1" 200 8097 "http://operationspokaneheroes.org/slider.html" "Mozilla/4.0 (compatible; MSIE 8.0; Windows NT 5.1; Trident/4.0; GTB7.3; .NET CLR 1.1.4322; .NET CLR 2.0.50727; .NET CLR 3.0.04506.30; .NET CLR 3.0.4506.2152; .NET CLR 3.5.30729; .NET4.0C; .NET4.0E)"
75.146.54.1 - - [03/Apr/2012:11:49:02 -0500] "GET /js/Bebas_400.font.js HTTP/1.1" 200 32806 "http://operationspokaneheroes.org/slider.html" "Mozilla/4.0 (compatible; MSIE 8.0; Windows NT 5.1; Trident/4.0; GTB7.3; .NET CLR 1.1.4322; .NET CLR 2.0.50727; .NET CLR 3.0.04506.30; .NET CLR 3.0.4506.2152; .NET CLR 3.5.30729; .NET4.0C; .NET4.0E)"
75.146.54.1 - - [03/Apr/2012:11:49:02 -0500] "GET /js/cufon-yui.js HTTP/1.1" 200 18257 "http://operationspokaneheroes.org/slider.html" "Mozilla/4.0 (compatible; MSIE 8.0; Windows NT 5.1; Trident/4.0; GTB7.3; .NET CLR 1.1.4322; .NET CLR 2.0.50727; .NET CLR 3.0.04506.30; .NET CLR 3.0.4506.2152; .NET CLR 3.5.30729; .NET4.0C; .NET4.0E)"
75.146.54.1 - - [03/Apr/2012:11:49:02 -0500] "GET /js/combined.js HTTP/1.1" 200 169946 "http://operationspokaneheroes.org/_inc/slide.php" "Mozilla/4.0 (compatible; MSIE 8.0; Windows NT 5.1; Trident/4.0; GTB7.3; .NET CLR 1.1.4322; .NET CLR 2.0.50727; .NET CLR 3.0.04506.30; .NET CLR 3.0.4506.2152; .NET CLR 3.5.30729; .NET4.0C; .NET4.0E)"
75.146.54.1 - - [03/Apr/2012:11:49:03 -0500] "GET /images/freedom_friday.jpg HTTP/1.1" 200 22631 "http://operationspokaneheroes.org/slider.html" "Mozilla/4.0 (compatible; MSIE 8.0; Windows NT 5.1; Trident/4.0; GTB7.3; .NET CLR 1.1.4322; .NET CLR 2.0.50727; .NET CLR 3.0.04506.30; .NET CLR 3.0.4506.2152; .NET CLR 3.5.30729; .NET4.0C; .NET4.0E)"
75.146.54.1 - - [03/Apr/2012:11:49:03 -0500] "GET /images/campfire.jpg HTTP/1.1" 200 17397 "http://operationspokaneheroes.org/slider.html" "Mozilla/4.0 (compatible; MSIE 8.0; Windows NT 5.1; Trident/4.0; GTB7.3; .NET CLR 1.1.4322; .NET CLR 2.0.50727; .NET CLR 3.0.04506.30; .NET CLR 3.0.4506.2152; .NET CLR 3.5.30729; .NET4.0C; .NET4.0E)"
75.146.54.1 - - [03/Apr/2012:11:49:03 -0500] "GET /images/next.png HTTP/1.1" 200 3022 "http://operationspokaneheroes.org/slider.html" "Mozilla/4.0 (compatible; MSIE 8.0; Windows NT 5.1; Trident/4.0; GTB7.3; .NET CLR 1.1.4322; .NET CLR 2.0.50727; .NET CLR 3.0.04506.30; .NET CLR 3.0.4506.2152; .NET CLR 3.5.30729; .NET4.0C; .NET4.0E)"
75.146.54.1 - - [03/Apr/2012:11:49:03 -0500] "GET /images/prev.png HTTP/1.1" 200 2995 "http://operationspokaneheroes.org/slider.html" "Mozilla/4.0 (compatible; MSIE 8.0; Windows NT 5.1; Trident/4.0; GTB7.3; .NET CLR 1.1.4322; .NET CLR 2.0.50727; .NET CLR 3.0.04506.30; .NET CLR 3.0.4506.2152; .NET CLR 3.5.30729; .NET4.0C; .NET4.0E)"
75.146.54.1 - - [03/Apr/2012:11:49:03 -0500] "GET /images/osh_static_cling.jpg HTTP/1.1" 200 19209 "http://operationspokaneheroes.org/slider.html" "Mozilla/4.0 (compatible; MSIE 8.0; Windows NT 5.1; Trident/4.0; GTB7.3; .NET CLR 1.1.4322; .NET CLR 2.0.50727; .NET CLR 3.0.04506.30; .NET CLR 3.0.4506.2152; .NET CLR 3.5.30729; .NET4.0C; .NET4.0E)"
75.146.54.1 - - [03/Apr/2012:11:49:03 -0500] "GET /images/we_strive.png HTTP/1.1" 200 1981 "http://operationspokaneheroes.org/_inc/slide.php" "Mozilla/4.0 (compatible; MSIE 8.0; Windows NT 5.1; Trident/4.0; GTB7.3; .NET CLR 1.1.4322; .NET CLR 2.0.50727; .NET CLR 3.0.04506.30; .NET CLR 3.0.4506.2152; .NET CLR 3.5.30729; .NET4.0C; .NET4.0E)"
75.146.54.1 - - [03/Apr/2012:11:49:03 -0500] "GET /images/we_believe.png HTTP/1.1" 200 1785 "http://operationspokaneheroes.org/_inc/slide.php" "Mozilla/4.0 (compatible; MSIE 8.0; Windows NT 5.1; Trident/4.0; GTB7.3; .NET CLR 1.1.4322; .NET CLR 2.0.50727; .NET CLR 3.0.04506.30; .NET CLR 3.0.4506.2152; .NET CLR 3.5.30729; .NET4.0C; .NET4.0E)"
75.146.54.1 - - [03/Apr/2012:11:49:03 -0500] "GET /images/mission_statement_bg.png HTTP/1.1" 200 11413 "http://operationspokaneheroes.org/_inc/slide.php" "Mozilla/4.0 (compatible; MSIE 8.0; Windows NT 5.1; Trident/4.0; GTB7.3; .NET CLR 1.1.4322; .NET CLR 2.0.50727; .NET CLR 3.0.04506.30; .NET CLR 3.0.4506.2152; .NET CLR 3.5.30729; .NET4.0C; .NET4.0E)"
75.146.54.1 - - [03/Apr/2012:11:49:03 -0500] "GET /images/we_help.png HTTP/1.1" 200 1514 "http://operationspokaneheroes.org/_inc/slide.php" "Mozilla/4.0 (compatible; MSIE 8.0; Windows NT 5.1; Trident/4.0; GTB7.3; .NET CLR 1.1.4322; .NET CLR 2.0.50727; .NET CLR 3.0.04506.30; .NET CLR 3.0.4506.2152; .NET CLR 3.5.30729; .NET4.0C; .NET4.0E)"
75.146.54.1 - - [03/Apr/2012:11:49:03 -0500] "GET /images/we_need.png HTTP/1.1" 200 2138 "http://operationspokaneheroes.org/_inc/slide.php" "Mozilla/4.0 (compatible; MSIE 8.0; Windows NT 5.1; Trident/4.0; GTB7.3; .NET CLR 1.1.4322; .NET CLR 2.0.50727; .NET CLR 3.0.04506.30; .NET CLR 3.0.4506.2152; .NET CLR 3.5.30729; .NET4.0C; .NET4.0E)"
75.146.54.1 - - [03/Apr/2012:11:49:03 -0500] "GET /assets/images/btn_main_search_hover.png HTTP/1.1" 404 - "http://operationspokaneheroes.org/_inc/slide.php" "Mozilla/4.0 (compatible; MSIE 8.0; Windows NT 5.1; Trident/4.0; GTB7.3; .NET CLR 1.1.4322; .NET CLR 2.0.50727; .NET CLR 3.0.04506.30; .NET CLR 3.0.4506.2152; .NET CLR 3.5.30729; .NET4.0C; .NET4.0E)"
75.146.54.1 - - [03/Apr/2012:11:49:03 -0500] "GET /images/2.jpg HTTP/1.1" 200 170993 "http://operationspokaneheroes.org/_inc/slide.php" "Mozilla/4.0 (compatible; MSIE 8.0; Windows NT 5.1; Trident/4.0; GTB7.3; .NET CLR 1.1.4322; .NET CLR 2.0.50727; .NET CLR 3.0.04506.30; .NET CLR 3.0.4506.2152; .NET CLR 3.5.30729; .NET4.0C; .NET4.0E)"
75.146.54.1 - - [03/Apr/2012:11:49:03 -0500] "GET /assets/images/btn_top_search_hover.png HTTP/1.1" 404 - "http://operationspokaneheroes.org/_inc/slide.php" "Mozilla/4.0 (compatible; MSIE 8.0; Windows NT 5.1; Trident/4.0; GTB7.3; .NET CLR 1.1.4322; .NET CLR 2.0.50727; .NET CLR 3.0.04506.30; .NET CLR 3.0.4506.2152; .NET CLR 3.5.30729; .NET4.0C; .NET4.0E)"
75.146.54.1 - - [03/Apr/2012:11:49:03 -0500] "GET /images/4.jpg HTTP/1.1" 200 186934 "http://operationspokaneheroes.org/_inc/slide.php" "Mozilla/4.0 (compatible; MSIE 8.0; Windows NT 5.1; Trident/4.0; GTB7.3; .NET CLR 1.1.4322; .NET CLR 2.0.50727; .NET CLR 3.0.04506.30; .NET CLR 3.0.4506.2152; .NET CLR 3.5.30729; .NET4.0C; .NET4.0E)"
75.146.54.1 - - [03/Apr/2012:11:49:03 -0500] "GET /images/3.jpg HTTP/1.1" 200 240733 "http://operationspokaneheroes.org/_inc/slide.php" "Mozilla/4.0 (compatible; MSIE 8.0; Windows NT 5.1; Trident/4.0; GTB7.3; .NET CLR 1.1.4322; .NET CLR 2.0.50727; .NET CLR 3.0.04506.30; .NET CLR 3.0.4506.2152; .NET CLR 3.5.30729; .NET4.0C; .NET4.0E)"
75.146.54.1 - - [03/Apr/2012:11:49:03 -0500] "GET /images/1.jpg HTTP/1.1" 200 142489 "http://operationspokaneheroes.org/_inc/slide.php" "Mozilla/4.0 (compatible; MSIE 8.0; Windows NT 5.1; Trident/4.0; GTB7.3; .NET CLR 1.1.4322; .NET CLR 2.0.50727; .NET CLR 3.0.04506.30; .NET CLR 3.0.4506.2152; .NET CLR 3.5.30729; .NET4.0C; .NET4.0E)"
75.146.54.1 - - [03/Apr/2012:11:49:04 -0500] "GET /favicon.ico HTTP/1.1" 404 - "-" "Mozilla/4.0 (compatible; MSIE 8.0; Windows NT 5.1; Trident/4.0; GTB7.3; .NET CLR 1.1.4322; .NET CLR 2.0.50727; .NET CLR 3.0.04506.30; .NET CLR 3.0.4506.2152; .NET CLR 3.5.30729; .NET4.0C; .NET4.0E)"
75.146.54.1 - - [03/Apr/2012:11:49:30 -0500] "GET /business.php HTTP/1.1" 200 10592 "http://operationspokaneheroes.org/" "Mozilla/4.0 (compatible; MSIE 8.0; Windows NT 5.1; Trident/4.0; GTB7.3; .NET CLR 1.1.4322; .NET CLR 2.0.50727; .NET CLR 3.0.04506.30; .NET CLR 3.0.4506.2152; .NET CLR 3.5.30729; .NET4.0C; .NET4.0E)"
75.146.54.1 - - [03/Apr/2012:11:49:30 -0500] "GET /_inc/slide.php HTTP/1.1" 200 3205 "http://operationspokaneheroes.org/business.php" "Mozilla/4.0 (compatible; MSIE 8.0; Windows NT 5.1; Trident/4.0; GTB7.3; .NET CLR 1.1.4322; .NET CLR 2.0.50727; .NET CLR 3.0.04506.30; .NET CLR 3.0.4506.2152; .NET CLR 3.5.30729; .NET4.0C; .NET4.0E)"
75.146.54.1 - - [03/Apr/2012:11:49:30 -0500] "GET /assets/images/btn_top_search_hover.png HTTP/1.1" 404 - "http://operationspokaneheroes.org/_inc/slide.php" "Mozilla/4.0 (compatible; MSIE 8.0; Windows NT 5.1; Trident/4.0; GTB7.3; .NET CLR 1.1.4322; .NET CLR 2.0.50727; .NET CLR 3.0.04506.30; .NET CLR 3.0.4506.2152; .NET CLR 3.5.30729; .NET4.0C; .NET4.0E)"
75.146.54.1 - - [03/Apr/2012:11:49:30 -0500] "GET /favicon.ico HTTP/1.1" 404 - "-" "Mozilla/4.0 (compatible; MSIE 8.0; Windows NT 5.1; Trident/4.0; GTB7.3; .NET CLR 1.1.4322; .NET CLR 2.0.50727; .NET CLR 3.0.04506.30; .NET CLR 3.0.4506.2152; .NET CLR 3.5.30729; .NET4.0C; .NET4.0E)"
75.146.54.1 - - [03/Apr/2012:11:49:30 -0500] "GET /assets/images/btn_main_search_hover.png HTTP/1.1" 404 - "http://operationspokaneheroes.org/_inc/slide.php" "Mozilla/4.0 (compatible; MSIE 8.0; Windows NT 5.1; Trident/4.0; GTB7.3; .NET CLR 1.1.4322; .NET CLR 2.0.50727; .NET CLR 3.0.04506.30; .NET CLR 3.0.4506.2152; .NET CLR 3.5.30729; .NET4.0C; .NET4.0E)"
75.146.54.1 - - [03/Apr/2012:11:49:36 -0500] "GET /pdf/174%20Stores%20and%20Business%20Offering%20Military%20Discounts1.pdf HTTP/1.1" 200 122888 "http://operationspokaneheroes.org/business.php" "Mozilla/4.0 (compatible; MSIE 8.0; Windows NT 5.1; Trident/4.0; GTB7.3; .NET CLR 1.1.4322; .NET CLR 2.0.50727; .NET CLR 3.0.04506.30; .NET CLR 3.0.4506.2152; .NET CLR 3.5.30729; .NET4.0C; .NET4.0E)"
98.247.90.77 - - [03/Apr/2012:13:03:01 -0500] "GET / HTTP/1.1" 200 10288 "-" "Mozilla/4.0 (compatible; MSIE 8.0; Windows NT 5.1; Trident/4.0; .NET CLR 1.1.4322; WinTSI 06.05.2010; WinNT-EVI 21.06.2010)"
98.247.90.77 - - [03/Apr/2012:13:03:02 -0500] "GET /css/global.css HTTP/1.1" 304 - "http://www.operationspokaneheroes.org/" "Mozilla/4.0 (compatible; MSIE 8.0; Windows NT 5.1; Trident/4.0; .NET CLR 1.1.4322; WinTSI 06.05.2010; WinNT-EVI 21.06.2010)"
98.247.90.77 - - [03/Apr/2012:13:03:02 -0500] "GET /images/logo.png HTTP/1.1" 304 - "http://www.operationspokaneheroes.org/" "Mozilla/4.0 (compatible; MSIE 8.0; Windows NT 5.1; Trident/4.0; .NET CLR 1.1.4322; WinTSI 06.05.2010; WinNT-EVI 21.06.2010)"
