208.115.111.70 - - [03/Jan/2013:11:56:41 -0600] "GET /index.php HTTP/1.1" 200 10513 "-" "Mozilla/5.0 (compatible; Ezooms/1.0; ezooms.bot@gmail.com)"
139.18.2.209 - - [03/Jan/2013:12:07:52 -0600] "GET /robots.txt HTTP/1.1" 404 - "-" "findlinks/2.6 (+http://wortschatz.uni-leipzig.de/findlinks/)"
74.208.5.52 - - [03/Jan/2013:12:27:42 -0600] "GET / HTTP/1.1" 200 10513 "" "Mozilla/5.0 (Windows NT 6.1; WOW64; rv:14.0) Gecko/20100101 Firefox/14.0.1"
65.55.24.244 - - [03/Jan/2013:12:28:32 -0600] "GET /robots.txt HTTP/1.1" 404 - "-" "Mozilla/5.0 (compatible; bingbot/2.0; +http://www.bing.com/bingbot.htm)"
65.55.24.244 - - [03/Jan/2013:12:30:46 -0600] "GET / HTTP/1.1" 200 10513 "-" "Mozilla/5.0 (compatible; bingbot/2.0; +http://www.bing.com/bingbot.htm)"
132.3.65.68 - - [03/Jan/2013:13:21:56 -0600] "GET /favicon.ico HTTP/1.0" 404 - "-" "Mozilla/4.0 (compatible; MSIE 8.0; Windows NT 6.1; Trident/4.0; SLCC2; .NET CLR 2.0.50727; .NET CLR 3.5.30729; .NET CLR 3.0.30729; .NET4.0C; .NET4.0E; InfoPath.3)"
132.3.65.68 - - [03/Jan/2013:13:21:56 -0600] "GET / HTTP/1.0" 200 10513 "http://www.greaterspokane.org/community-overview/78-military.html" "Mozilla/4.0 (compatible; MSIE 8.0; Windows NT 6.1; Trident/4.0; SLCC2; .NET CLR 2.0.50727; .NET CLR 3.5.30729; .NET CLR 3.0.30729; .NET4.0C; .NET4.0E; InfoPath.3)"
132.3.65.68 - - [03/Jan/2013:13:21:56 -0600] "GET /css/global.css HTTP/1.0" 200 13951 "http://operationspokaneheroes.org/" "Mozilla/4.0 (compatible; MSIE 8.0; Windows NT 6.1; Trident/4.0; SLCC2; .NET CLR 2.0.50727; .NET CLR 3.5.30729; .NET CLR 3.0.30729; .NET4.0C; .NET4.0E; InfoPath.3)"
132.3.65.68 - - [03/Jan/2013:13:21:57 -0600] "GET /css/global.css HTTP/1.0" 200 13951 "http://operationspokaneheroes.org/" "Mozilla/4.0 (compatible; MSIE 8.0; Windows NT 6.1; Trident/4.0; SLCC2; .NET CLR 2.0.50727; .NET CLR 3.5.30729; .NET CLR 3.0.30729; .NET4.0C; .NET4.0E; InfoPath.3)"
132.3.65.68 - - [03/Jan/2013:13:21:57 -0600] "GET /slider/index.html HTTP/1.0" 200 1496 "http://operationspokaneheroes.org/" "Mozilla/4.0 (compatible; MSIE 8.0; Windows NT 6.1; Trident/4.0; SLCC2; .NET CLR 2.0.50727; .NET CLR 3.5.30729; .NET CLR 3.0.30729; .NET4.0C; .NET4.0E; InfoPath.3)"
132.3.65.68 - - [03/Jan/2013:13:21:57 -0600] "GET /images/global.png HTTP/1.0" 200 5737 "http://operationspokaneheroes.org/" "Mozilla/4.0 (compatible; MSIE 8.0; Windows NT 6.1; Trident/4.0; SLCC2; .NET CLR 2.0.50727; .NET CLR 3.5.30729; .NET CLR 3.0.30729; .NET4.0C; .NET4.0E; InfoPath.3)"
132.3.65.68 - - [03/Jan/2013:13:21:57 -0600] "GET /_inc/slide.php HTTP/1.0" 200 3205 "http://operationspokaneheroes.org/" "Mozilla/4.0 (compatible; MSIE 8.0; Windows NT 6.1; Trident/4.0; SLCC2; .NET CLR 2.0.50727; .NET CLR 3.5.30729; .NET CLR 3.0.30729; .NET4.0C; .NET4.0E; InfoPath.3)"
132.3.65.68 - - [03/Jan/2013:13:21:57 -0600] "GET /slider/js/startstop-slider.js HTTP/1.0" 200 1737 "-" "Mozilla/4.0 (compatible;)"
132.3.65.68 - - [03/Jan/2013:13:21:57 -0600] "GET /_inc/slide.php HTTP/1.0" 200 3205 "http://operationspokaneheroes.org/" "Mozilla/4.0 (compatible; MSIE 8.0; Windows NT 6.1; Trident/4.0; SLCC2; .NET CLR 2.0.50727; .NET CLR 3.5.30729; .NET CLR 3.0.30729; .NET4.0C; .NET4.0E; InfoPath.3)"
132.3.65.68 - - [03/Jan/2013:13:21:57 -0600] "GET /images/slder2.png HTTP/1.0" 200 32853 "-" "Mozilla/4.0 (compatible;)"
132.3.65.68 - - [03/Jan/2013:13:21:57 -0600] "GET /images/imagslider-1.png HTTP/1.0" 200 67116 "-" "Mozilla/4.0 (compatible;)"
132.3.65.68 - - [03/Jan/2013:13:21:57 -0600] "GET /slider/js/jquery-1.2.6.js HTTP/1.0" 200 100196 "-" "Mozilla/4.0 (compatible;)"
132.3.65.68 - - [03/Jan/2013:13:21:57 -0600] "GET /images/logo.png HTTP/1.0" 200 226129 "http://operationspokaneheroes.org/" "Mozilla/4.0 (compatible; MSIE 8.0; Windows NT 6.1; Trident/4.0; SLCC2; .NET CLR 2.0.50727; .NET CLR 3.5.30729; .NET CLR 3.0.30729; .NET4.0C; .NET4.0E; InfoPath.3)"
132.3.65.68 - - [03/Jan/2013:13:21:58 -0600] "GET /assets/images/btn_top_search_hover.png HTTP/1.0" 404 - "http://operationspokaneheroes.org/_inc/slide.php" "Mozilla/4.0 (compatible; MSIE 8.0; Windows NT 6.1; Trident/4.0; SLCC2; .NET CLR 2.0.50727; .NET CLR 3.5.30729; .NET CLR 3.0.30729; .NET4.0C; .NET4.0E; InfoPath.3)"
132.3.65.68 - - [03/Jan/2013:13:21:58 -0600] "GET /assets/images/btn_main_search_hover.png HTTP/1.0" 404 - "http://operationspokaneheroes.org/_inc/slide.php" "Mozilla/4.0 (compatible; MSIE 8.0; Windows NT 6.1; Trident/4.0; SLCC2; .NET CLR 2.0.50727; .NET CLR 3.5.30729; .NET CLR 3.0.30729; .NET4.0C; .NET4.0E; InfoPath.3)"
132.3.65.68 - - [03/Jan/2013:13:21:58 -0600] "GET /images/imagslider-1.png HTTP/1.0" 200 67116 "http://operationspokaneheroes.org/slider/index.html" "Mozilla/4.0 (compatible; MSIE 8.0; Windows NT 6.1; Trident/4.0; SLCC2; .NET CLR 2.0.50727; .NET CLR 3.5.30729; .NET CLR 3.0.30729; .NET4.0C; .NET4.0E; InfoPath.3)"
132.3.65.68 - - [03/Jan/2013:13:21:59 -0600] "GET /favicon.ico HTTP/1.0" 404 - "-" "Mozilla/4.0 (compatible; MSIE 8.0; Windows NT 6.1; Trident/4.0; SLCC2; .NET CLR 2.0.50727; .NET CLR 3.5.30729; .NET CLR 3.0.30729; .NET4.0C; .NET4.0E; InfoPath.3)"
132.3.65.68 - - [03/Jan/2013:13:22:45 -0600] "GET /images/slder2.png HTTP/1.0" 200 32853 "-" "Mozilla/4.0 (compatible;)"
132.3.65.68 - - [03/Jan/2013:13:24:04 -0600] "GET /slider/images/slider-bg.jpg HTTP/1.0" 200 3447 "-" "Mozilla/4.0 (compatible;)"
132.3.65.68 - - [03/Jan/2013:13:24:48 -0600] "GET /slider/js/startstop-slider.js HTTP/1.0" 200 1737 "-" "Mozilla/4.0 (compatible;)"
199.21.99.99 - - [03/Jan/2013:14:01:04 -0600] "GET /robots.txt HTTP/1.1" 404 - "-" "Mozilla/5.0 (compatible; YandexBot/3.0; +http://yandex.com/bots)"
66.249.74.210 - - [03/Jan/2013:14:39:10 -0600] "GET / HTTP/1.1" 200 10513 "-" "DoCoMo/2.0 N905i(c100;TB;W24H16) (compatible; Googlebot-Mobile/2.1; +http://www.google.com/bot.html)"
65.55.24.244 - - [03/Jan/2013:14:47:48 -0600] "GET /robots.txt HTTP/1.1" 404 - "-" "Mozilla/5.0 (compatible; bingbot/2.0; +http://www.bing.com/bingbot.htm)"
65.55.24.244 - - [03/Jan/2013:14:50:15 -0600] "GET /index.php HTTP/1.1" 200 10513 "-" "Mozilla/5.0 (compatible; bingbot/2.0; +http://www.bing.com/bingbot.htm)"
65.55.24.244 - - [03/Jan/2013:14:50:27 -0600] "GET /css/footer.css HTTP/1.1" 200 752 "-" "Mozilla/5.0 (compatible; bingbot/2.0; +http://www.bing.com/bingbot.htm)"
157.55.32.142 - - [03/Jan/2013:14:52:12 -0600] "GET /css/global.css HTTP/1.1" 200 13951 "-" "Mozilla/5.0 (compatible; bingbot/2.0; +http://www.bing.com/bingbot.htm)"
65.55.52.97 - - [03/Jan/2013:14:52:42 -0600] "GET /slider/index.html HTTP/1.1" 200 1496 "-" "Mozilla/5.0 (compatible; bingbot/2.0; +http://www.bing.com/bingbot.htm)"
199.21.99.99 - - [03/Jan/2013:15:43:34 -0600] "GET / HTTP/1.1" 200 10513 "-" "Mozilla/5.0 (compatible; YandexBot/3.0; +http://yandex.com/bots)"
157.55.32.142 - - [03/Jan/2013:15:51:33 -0600] "GET /robots.txt HTTP/1.1" 404 - "-" "Mozilla/5.0 (compatible; bingbot/2.0; +http://www.bing.com/bingbot.htm)"
157.56.93.150 - - [03/Jan/2013:15:51:33 -0600] "GET /robots.txt HTTP/1.1" 404 - "-" "Mozilla/5.0 (compatible; bingbot/2.0; +http://www.bing.com/bingbot.htm)"
157.55.32.142 - - [03/Jan/2013:15:53:12 -0600] "GET /css/global.css HTTP/1.1" 200 13951 "-" "Mozilla/5.0 (compatible; bingbot/2.0; +http://www.bing.com/bingbot.htm)"
157.56.93.150 - - [03/Jan/2013:15:53:12 -0600] "GET /_inc/slide.php HTTP/1.1" 200 3205 "-" "Mozilla/5.0 (compatible; bingbot/2.0; +http://www.bing.com/bingbot.htm)"
65.55.52.97 - - [03/Jan/2013:15:53:13 -0600] "GET /slider/index.html HTTP/1.1" 200 1496 "-" "Mozilla/5.0 (compatible; bingbot/2.0; +http://www.bing.com/bingbot.htm)"
157.56.93.150 - - [03/Jan/2013:16:52:10 -0600] "GET /robots.txt HTTP/1.1" 404 - "-" "Mozilla/5.0 (compatible; bingbot/2.0; +http://www.bing.com/bingbot.htm)"
157.56.93.150 - - [03/Jan/2013:16:53:55 -0600] "GET /_inc/slide.php HTTP/1.1" 200 3205 "-" "Mozilla/5.0 (compatible; bingbot/2.0; +http://www.bing.com/bingbot.htm)"
157.55.33.29 - - [03/Jan/2013:16:53:58 -0600] "GET /contact.php HTTP/1.1" 200 10519 "-" "Mozilla/5.0 (compatible; bingbot/2.0; +http://www.bing.com/bingbot.htm)"
157.55.33.29 - - [03/Jan/2013:16:53:58 -0600] "GET /donate.php HTTP/1.1" 200 11699 "-" "Mozilla/5.0 (compatible; bingbot/2.0; +http://www.bing.com/bingbot.htm)"
65.55.24.244 - - [03/Jan/2013:16:54:26 -0600] "GET /slider.html HTTP/1.1" 200 8245 "-" "Mozilla/5.0 (compatible; bingbot/2.0; +http://www.bing.com/bingbot.htm)"
65.55.24.215 - - [03/Jan/2013:16:54:26 -0600] "GET /business.php HTTP/1.1" 200 10813 "-" "Mozilla/5.0 (compatible; bingbot/2.0; +http://www.bing.com/bingbot.htm)"
65.55.24.215 - - [03/Jan/2013:16:54:26 -0600] "GET /events.php HTTP/1.1" 200 6407 "-" "Mozilla/5.0 (compatible; bingbot/2.0; +http://www.bing.com/bingbot.htm)"
157.56.93.187 - - [03/Jan/2013:16:54:27 -0600] "GET /calendar.php HTTP/1.1" 200 10709 "-" "Mozilla/5.0 (compatible; bingbot/2.0; +http://www.bing.com/bingbot.htm)"
157.55.32.86 - - [03/Jan/2013:16:55:28 -0600] "GET /_inc/contact.php HTTP/1.1" 200 756 "-" "Mozilla/5.0 (compatible; bingbot/2.0; +http://www.bing.com/bingbot.htm)"
199.21.99.99 - - [03/Jan/2013:17:04:37 -0600] "GET /donate.php HTTP/1.1" 200 11699 "-" "Mozilla/5.0 (compatible; YandexBot/3.0; +http://yandex.com/bots)"
58.68.242.164 - - [03/Jan/2013:17:06:03 -0600] "HEAD / HTTP/1.1" 200 - "-" "Mozilla/5.0 (compatible; JikeSpider; +http://shoulu.jike.com/spider.html)"
58.68.242.164 - - [03/Jan/2013:17:06:04 -0600] "GET / HTTP/1.1" 200 10513 "-" "Mozilla/5.0 (compatible; JikeSpider; +http://shoulu.jike.com/spider.html)"
65.55.24.244 - - [03/Jan/2013:17:23:57 -0600] "GET / HTTP/1.1" 200 10513 "-" "Mozilla/5.0 (compatible; bingbot/2.0; +http://www.bing.com/bingbot.htm)"
1.202.218.21 - - [03/Jan/2013:19:05:16 -0600] "GET /robots.txt HTTP/1.1" 404 - "-" "Mozilla/5.0 (compatible; JikeSpider; +http://shoulu.jike.com/spider.html)"
208.115.113.86 - - [03/Jan/2013:20:45:34 -0600] "GET /robots.txt HTTP/1.1" 404 - "-" "Mozilla/5.0 (compatible; Ezooms/1.0; ezooms.bot@gmail.com)"
208.115.113.86 - - [03/Jan/2013:22:18:55 -0600] "GET /java_for_joes/index.html HTTP/1.1" 404 - "-" "Mozilla/5.0 (compatible; Ezooms/1.0; ezooms.bot@gmail.com)"
1.202.219.3 - - [03/Jan/2013:22:31:15 -0600] "GET /robots.txt HTTP/1.1" 404 - "-" "Mozilla/5.0 ()"
1.202.219.3 - - [03/Jan/2013:22:33:21 -0600] "HEAD / HTTP/1.1" 200 - "-" "Mozilla/5.0 (compatible; JikeSpider; +http://shoulu.jike.com/spider.html)"
1.202.219.3 - - [03/Jan/2013:22:33:45 -0600] "GET / HTTP/1.1" 200 10513 "-" "Mozilla/5.0 (compatible; JikeSpider; +http://shoulu.jike.com/spider.html)"
66.249.74.210 - - [04/Jan/2013:00:47:11 -0600] "GET /robots.txt HTTP/1.1" 404 - "-" "Mozilla/5.0 (compatible; Googlebot/2.1; +http://www.google.com/bot.html)"
66.249.74.210 - - [04/Jan/2013:00:47:11 -0600] "GET / HTTP/1.1" 200 10513 "-" "Mozilla/5.0 (iPhone; U; CPU iPhone OS 4_1 like Mac OS X; en-us) AppleWebKit/532.9 (KHTML, like Gecko) Version/4.0.5 Mobile/8B117 Safari/6531.22.7 (compatible; Googlebot-Mobile/2.1; +http://www.google.com/bot.html)"
173.45.73.18 - - [04/Jan/2013:00:51:00 -0600] "GET / HTTP/1.1" 200 10513 "-" "Mozilla/5.0 (Windows NT 6.1; rv:16.0) Gecko/20100101 Firefox/16.0"
66.249.74.210 - - [04/Jan/2013:03:02:27 -0600] "GET /aboutus.php HTTP/1.1" 200 11667 "-" "DoCoMo/2.0 N905i(c100;TB;W24H16) (compatible; Googlebot-Mobile/2.1; +http://www.google.com/bot.html)"
199.195.212.192 - - [04/Jan/2013:04:22:06 -0600] "GET / HTTP/1.1" 200 10513 "-" "Mozilla/5.0 (Windows; U; Windows NT 6.1; en-US; rv:1.9.2.12) Gecko/20101026 Firefox/3.6.12"
66.249.74.210 - - [04/Jan/2013:05:04:09 -0600] "GET /aboutus.php HTTP/1.1" 200 11667 "-" "SAMSUNG-SGH-E250/1.0 Profile/MIDP-2.0 Configuration/CLDC-1.1 UP.Browser/6.2.3.3.c.1.101 (GUI) MMP/2.0 (compatible; Googlebot-Mobile/2.1; +http://www.google.com/bot.html)"
182.118.20.174 - - [04/Jan/2013:06:44:05 -0600] "GET /robots.txt HTTP/1.1" 404 - "http://www.operationspokaneheroes.org/robots.txt" "Mozilla/5.0 (Windows; U; Windows NT 5.1; zh-CN; rv:1.8.0.11) Gecko/20070312 Firefox/1.5.0.11; 360Spider"
208.115.111.70 - - [04/Jan/2013:06:45:17 -0600] "GET /robots.txt HTTP/1.1" 404 - "-" "Mozilla/5.0 (compatible; Ezooms/1.0; ezooms.bot@gmail.com)"
208.115.111.70 - - [04/Jan/2013:08:01:36 -0600] "GET /donate.php HTTP/1.1" 200 11699 "-" "Mozilla/5.0 (compatible; Ezooms/1.0; ezooms.bot@gmail.com)"
182.118.20.166 - - [04/Jan/2013:10:51:07 -0600] "GET /robots.txt HTTP/1.1" 404 - "http://www.operationspokaneheroes.org/robots.txt" "Mozilla/5.0 (Windows; U; Windows NT 5.1; zh-CN; rv:1.8.0.11) Gecko/20070312 Firefox/1.5.0.11; 360Spider"
66.249.74.210 - - [04/Jan/2013:11:26:55 -0600] "GET /events.php HTTP/1.1" 200 6407 "-" "Mozilla/5.0 (compatible; Googlebot/2.1; +http://www.google.com/bot.html)"
66.249.74.210 - - [04/Jan/2013:11:29:25 -0600] "GET /css/footer.css HTTP/1.1" 200 752 "-" "Mozilla/5.0 (compatible; Googlebot/2.1; +http://www.google.com/bot.html)"
66.249.74.210 - - [04/Jan/2013:11:29:25 -0600] "GET /events/ermy_event/css/style.css HTTP/1.1" 200 1149 "-" "Mozilla/5.0 (compatible; Googlebot/2.1; +http://www.google.com/bot.html)"
66.249.74.210 - - [04/Jan/2013:11:29:25 -0600] "GET /css/global.css HTTP/1.1" 200 13951 "-" "Mozilla/5.0 (compatible; Googlebot/2.1; +http://www.google.com/bot.html)"
66.249.74.210 - - [04/Jan/2013:11:29:26 -0600] "GET /events/carousel_11/css/style.css HTTP/1.1" 200 1149 "-" "Mozilla/5.0 (compatible; Googlebot/2.1; +http://www.google.com/bot.html)"
66.249.74.210 - - [04/Jan/2013:11:29:27 -0600] "GET /events/vet_picnic/css/style.css HTTP/1.1" 200 1149 "-" "Mozilla/5.0 (compatible; Googlebot/2.1; +http://www.google.com/bot.html)"
65.55.24.244 - - [04/Jan/2013:12:18:10 -0600] "GET /robots.txt HTTP/1.1" 404 - "-" "Mozilla/5.0 (compatible; bingbot/2.0; +http://www.bing.com/bingbot.htm)"
65.55.24.244 - - [04/Jan/2013:12:19:27 -0600] "GET / HTTP/1.1" 200 10513 "-" "Mozilla/5.0 (compatible; bingbot/2.0; +http://www.bing.com/bingbot.htm)"
65.55.24.244 - - [04/Jan/2013:12:19:36 -0600] "GET /css/footer.css HTTP/1.1" 200 752 "-" "Mozilla/5.0 (compatible; bingbot/2.0; +http://www.bing.com/bingbot.htm)"
157.56.93.150 - - [04/Jan/2013:12:20:55 -0600] "GET /_inc/slide.php HTTP/1.1" 200 3205 "-" "Mozilla/5.0 (compatible; bingbot/2.0; +http://www.bing.com/bingbot.htm)"
173.199.120.171 - - [04/Jan/2013:12:24:41 -0600] "GET /contact.php HTTP/1.1" 200 10519 "-" "Mozilla/5.0 (compatible; AhrefsBot/4.0; +http://ahrefs.com/robot/)"
65.55.24.244 - - [04/Jan/2013:13:08:32 -0600] "GET /robots.txt HTTP/1.1" 404 - "-" "Mozilla/5.0 (compatible; bingbot/2.0; +http://www.bing.com/bingbot.htm)"
65.55.24.244 - - [04/Jan/2013:13:09:57 -0600] "GET / HTTP/1.1" 200 10513 "-" "Mozilla/5.0 (compatible; bingbot/2.0; +http://www.bing.com/bingbot.htm)"
65.55.24.244 - - [04/Jan/2013:13:10:05 -0600] "GET /css/footer.css HTTP/1.1" 200 752 "-" "Mozilla/5.0 (compatible; bingbot/2.0; +http://www.bing.com/bingbot.htm)"
157.56.93.150 - - [04/Jan/2013:13:11:24 -0600] "GET /_inc/slide.php HTTP/1.1" 200 3205 "-" "Mozilla/5.0 (compatible; bingbot/2.0; +http://www.bing.com/bingbot.htm)"
85.25.154.14 - - [04/Jan/2013:13:46:06 -0600] "GET / HTTP/1.1" 200 10513 "-" "Mozilla/4.0 (compatible; MSIE 6.0; Windows 98; Win 9x4.90)"
173.199.120.171 - - [04/Jan/2013:13:48:15 -0600] "GET /pdf/2010_Top100_Military_Friendly_Employers.pdf HTTP/1.1" 200 711726 "-" "Mozilla/5.0 (compatible; AhrefsBot/4.0; +http://ahrefs.com/robot/)"
157.56.93.150 - - [04/Jan/2013:14:11:25 -0600] "GET /robots.txt HTTP/1.1" 404 - "-" "Mozilla/5.0 (compatible; bingbot/2.0; +http://www.bing.com/bingbot.htm)"
173.199.120.171 - - [04/Jan/2013:14:47:05 -0600] "GET /index.php HTTP/1.1" 200 10513 "-" "Mozilla/5.0 (compatible; AhrefsBot/4.0; +http://ahrefs.com/robot/)"
173.199.120.171 - - [04/Jan/2013:16:50:15 -0600] "GET /business.php HTTP/1.1" 200 10813 "-" "Mozilla/5.0 (compatible; AhrefsBot/4.0; +http://ahrefs.com/robot/)"
180.76.5.113 - - [04/Jan/2013:16:52:31 -0600] "GET /java_for_joes/index.html HTTP/1.1" 404 - "-" "Mozilla/5.0 (compatible; Baiduspider/2.0; +http://www.baidu.com/search/spider.html)"
173.199.120.171 - - [04/Jan/2013:17:22:16 -0600] "GET /pdf/174%20Stores%20and%20Business%20Offering%20Military%20Discounts1.pdf HTTP/1.1" 200 122888 "-" "Mozilla/5.0 (compatible; AhrefsBot/4.0; +http://ahrefs.com/robot/)"
98.247.90.77 - - [04/Jan/2013:17:28:41 -0600] "GET / HTTP/1.1" 200 10513 "-" "Mozilla/4.0 (compatible; MSIE 8.0; Windows NT 5.1; Trident/4.0; GTB7.4; .NET CLR 1.1.4322; WinTSI 06.05.2010; WinNT-EVI 21.06.2010)"
98.247.90.77 - - [04/Jan/2013:17:28:41 -0600] "GET /images/facebook.png HTTP/1.1" 200 5004 "http://www.operationspokaneheroes.org/" "Mozilla/4.0 (compatible; MSIE 8.0; Windows NT 5.1; Trident/4.0; GTB7.4; .NET CLR 1.1.4322; WinTSI 06.05.2010; WinNT-EVI 21.06.2010)"
98.247.90.77 - - [04/Jan/2013:17:28:41 -0600] "GET /css/global.css HTTP/1.1" 200 13951 "http://www.operationspokaneheroes.org/" "Mozilla/4.0 (compatible; MSIE 8.0; Windows NT 5.1; Trident/4.0; GTB7.4; .NET CLR 1.1.4322; WinTSI 06.05.2010; WinNT-EVI 21.06.2010)"
98.247.90.77 - - [04/Jan/2013:17:28:41 -0600] "GET /images/global.png HTTP/1.1" 200 5737 "http://www.operationspokaneheroes.org/" "Mozilla/4.0 (compatible; MSIE 8.0; Windows NT 5.1; Trident/4.0; GTB7.4; .NET CLR 1.1.4322; WinTSI 06.05.2010; WinNT-EVI 21.06.2010)"
98.247.90.77 - - [04/Jan/2013:17:28:41 -0600] "GET /images/contacticon.png HTTP/1.1" 200 4499 "http://www.operationspokaneheroes.org/" "Mozilla/4.0 (compatible; MSIE 8.0; Windows NT 5.1; Trident/4.0; GTB7.4; .NET CLR 1.1.4322; WinTSI 06.05.2010; WinNT-EVI 21.06.2010)"
98.247.90.77 - - [04/Jan/2013:17:28:41 -0600] "GET /css/footer.css HTTP/1.1" 200 752 "http://www.operationspokaneheroes.org/" "Mozilla/4.0 (compatible; MSIE 8.0; Windows NT 5.1; Trident/4.0; GTB7.4; .NET CLR 1.1.4322; WinTSI 06.05.2010; WinNT-EVI 21.06.2010)"
98.247.90.77 - - [04/Jan/2013:17:28:41 -0600] "GET /images/logo.png HTTP/1.1" 200 226129 "http://www.operationspokaneheroes.org/" "Mozilla/4.0 (compatible; MSIE 8.0; Windows NT 5.1; Trident/4.0; GTB7.4; .NET CLR 1.1.4322; WinTSI 06.05.2010; WinNT-EVI 21.06.2010)"
98.247.90.77 - - [04/Jan/2013:17:28:42 -0600] "GET /images/nav2.jpg HTTP/1.1" 200 4444 "http://www.operationspokaneheroes.org/" "Mozilla/4.0 (compatible; MSIE 8.0; Windows NT 5.1; Trident/4.0; GTB7.4; .NET CLR 1.1.4322; WinTSI 06.05.2010; WinNT-EVI 21.06.2010)"
98.247.90.77 - - [04/Jan/2013:17:28:42 -0600] "GET /mainbk.png HTTP/1.1" 200 290 "http://www.operationspokaneheroes.org/" "Mozilla/4.0 (compatible; MSIE 8.0; Windows NT 5.1; Trident/4.0; GTB7.4; .NET CLR 1.1.4322; WinTSI 06.05.2010; WinNT-EVI 21.06.2010)"
98.247.90.77 - - [04/Jan/2013:17:28:42 -0600] "GET /slider/index.html HTTP/1.1" 200 1496 "http://www.operationspokaneheroes.org/" "Mozilla/4.0 (compatible; MSIE 8.0; Windows NT 5.1; Trident/4.0; GTB7.4; .NET CLR 1.1.4322; WinTSI 06.05.2010; WinNT-EVI 21.06.2010)"
98.247.90.77 - - [04/Jan/2013:17:28:42 -0600] "GET /_inc/slide.php HTTP/1.1" 200 3205 "http://www.operationspokaneheroes.org/" "Mozilla/4.0 (compatible; MSIE 8.0; Windows NT 5.1; Trident/4.0; GTB7.4; .NET CLR 1.1.4322; WinTSI 06.05.2010; WinNT-EVI 21.06.2010)"
98.247.90.77 - - [04/Jan/2013:17:28:42 -0600] "GET /images/bg2.jpg HTTP/1.1" 200 55206 "http://www.operationspokaneheroes.org/" "Mozilla/4.0 (compatible; MSIE 8.0; Windows NT 5.1; Trident/4.0; GTB7.4; .NET CLR 1.1.4322; WinTSI 06.05.2010; WinNT-EVI 21.06.2010)"
98.247.90.77 - - [04/Jan/2013:17:28:43 -0600] "GET /css/slide.css HTTP/1.1" 200 2869 "http://www.operationspokaneheroes.org/_inc/slide.php" "Mozilla/4.0 (compatible; MSIE 8.0; Windows NT 5.1; Trident/4.0; GTB7.4; .NET CLR 1.1.4322; WinTSI 06.05.2010; WinNT-EVI 21.06.2010)"
98.247.90.77 - - [04/Jan/2013:17:28:43 -0600] "GET /css/style_global.css HTTP/1.1" 200 2621 "http://www.operationspokaneheroes.org/_inc/slide.php" "Mozilla/4.0 (compatible; MSIE 8.0; Windows NT 5.1; Trident/4.0; GTB7.4; .NET CLR 1.1.4322; WinTSI 06.05.2010; WinNT-EVI 21.06.2010)"
98.247.90.77 - - [04/Jan/2013:17:28:43 -0600] "GET /slider/css/style.css HTTP/1.1" 200 1382 "http://www.operationspokaneheroes.org/slider/index.html" "Mozilla/4.0 (compatible; MSIE 8.0; Windows NT 5.1; Trident/4.0; GTB7.4; .NET CLR 1.1.4322; WinTSI 06.05.2010; WinNT-EVI 21.06.2010)"
98.247.90.77 - - [04/Jan/2013:17:28:43 -0600] "GET /slider/js/jquery-1.2.6.js HTTP/1.1" 200 100196 "http://www.operationspokaneheroes.org/slider/index.html" "Mozilla/4.0 (compatible; MSIE 8.0; Windows NT 5.1; Trident/4.0; GTB7.4; .NET CLR 1.1.4322; WinTSI 06.05.2010; WinNT-EVI 21.06.2010)"
98.247.90.77 - - [04/Jan/2013:17:28:45 -0600] "GET /slider/js/startstop-slider.js HTTP/1.1" 200 1737 "http://www.operationspokaneheroes.org/slider/index.html" "Mozilla/4.0 (compatible; MSIE 8.0; Windows NT 5.1; Trident/4.0; GTB7.4; .NET CLR 1.1.4322; WinTSI 06.05.2010; WinNT-EVI 21.06.2010)"
98.247.90.77 - - [04/Jan/2013:17:28:43 -0600] "GET /js/combined.js HTTP/1.1" 200 169946 "http://www.operationspokaneheroes.org/_inc/slide.php" "Mozilla/4.0 (compatible; MSIE 8.0; Windows NT 5.1; Trident/4.0; GTB7.4; .NET CLR 1.1.4322; WinTSI 06.05.2010; WinNT-EVI 21.06.2010)"
98.247.90.77 - - [04/Jan/2013:17:28:45 -0600] "GET /slider/images/slider-bg.jpg HTTP/1.1" 200 3447 "http://www.operationspokaneheroes.org/slider/index.html" "Mozilla/4.0 (compatible; MSIE 8.0; Windows NT 5.1; Trident/4.0; GTB7.4; .NET CLR 1.1.4322; WinTSI 06.05.2010; WinNT-EVI 21.06.2010)"
98.247.90.77 - - [04/Jan/2013:17:28:45 -0600] "GET /images/slder2.png HTTP/1.1" 200 32853 "http://www.operationspokaneheroes.org/slider/index.html" "Mozilla/4.0 (compatible; MSIE 8.0; Windows NT 5.1; Trident/4.0; GTB7.4; .NET CLR 1.1.4322; WinTSI 06.05.2010; WinNT-EVI 21.06.2010)"
98.247.90.77 - - [04/Jan/2013:17:28:45 -0600] "GET /images/imagslider-1.png HTTP/1.1" 200 67116 "http://www.operationspokaneheroes.org/slider/index.html" "Mozilla/4.0 (compatible; MSIE 8.0; Windows NT 5.1; Trident/4.0; GTB7.4; .NET CLR 1.1.4322; WinTSI 06.05.2010; WinNT-EVI 21.06.2010)"
98.247.90.77 - - [04/Jan/2013:17:28:46 -0600] "GET /images/we_believe.png HTTP/1.1" 200 1785 "http://www.operationspokaneheroes.org/_inc/slide.php" "Mozilla/4.0 (compatible; MSIE 8.0; Windows NT 5.1; Trident/4.0; GTB7.4; .NET CLR 1.1.4322; WinTSI 06.05.2010; WinNT-EVI 21.06.2010)"
98.247.90.77 - - [04/Jan/2013:17:28:46 -0600] "GET /images/mission_statement_bg.png HTTP/1.1" 200 11413 "http://www.operationspokaneheroes.org/_inc/slide.php" "Mozilla/4.0 (compatible; MSIE 8.0; Windows NT 5.1; Trident/4.0; GTB7.4; .NET CLR 1.1.4322; WinTSI 06.05.2010; WinNT-EVI 21.06.2010)"
98.247.90.77 - - [04/Jan/2013:17:28:46 -0600] "GET /images/2.jpg HTTP/1.1" 200 170993 "http://www.operationspokaneheroes.org/_inc/slide.php" "Mozilla/4.0 (compatible; MSIE 8.0; Windows NT 5.1; Trident/4.0; GTB7.4; .NET CLR 1.1.4322; WinTSI 06.05.2010; WinNT-EVI 21.06.2010)"
98.247.90.77 - - [04/Jan/2013:17:28:46 -0600] "GET /images/we_help.png HTTP/1.1" 200 1514 "http://www.operationspokaneheroes.org/_inc/slide.php" "Mozilla/4.0 (compatible; MSIE 8.0; Windows NT 5.1; Trident/4.0; GTB7.4; .NET CLR 1.1.4322; WinTSI 06.05.2010; WinNT-EVI 21.06.2010)"
98.247.90.77 - - [04/Jan/2013:17:28:46 -0600] "GET /images/we_strive.png HTTP/1.1" 200 1981 "http://www.operationspokaneheroes.org/_inc/slide.php" "Mozilla/4.0 (compatible; MSIE 8.0; Windows NT 5.1; Trident/4.0; GTB7.4; .NET CLR 1.1.4322; WinTSI 06.05.2010; WinNT-EVI 21.06.2010)"
98.247.90.77 - - [04/Jan/2013:17:28:46 -0600] "GET /images/we_need.png HTTP/1.1" 200 2138 "http://www.operationspokaneheroes.org/_inc/slide.php" "Mozilla/4.0 (compatible; MSIE 8.0; Windows NT 5.1; Trident/4.0; GTB7.4; .NET CLR 1.1.4322; WinTSI 06.05.2010; WinNT-EVI 21.06.2010)"
98.247.90.77 - - [04/Jan/2013:17:28:46 -0600] "GET /images/1.jpg HTTP/1.1" 200 142489 "http://www.operationspokaneheroes.org/_inc/slide.php" "Mozilla/4.0 (compatible; MSIE 8.0; Windows NT 5.1; Trident/4.0; GTB7.4; .NET CLR 1.1.4322; WinTSI 06.05.2010; WinNT-EVI 21.06.2010)"
98.247.90.77 - - [04/Jan/2013:17:28:47 -0600] "GET /assets/images/btn_top_search_hover.png HTTP/1.1" 404 - "http://www.operationspokaneheroes.org/_inc/slide.php" "Mozilla/4.0 (compatible; MSIE 8.0; Windows NT 5.1; Trident/4.0; GTB7.4; .NET CLR 1.1.4322; WinTSI 06.05.2010; WinNT-EVI 21.06.2010)"
98.247.90.77 - - [04/Jan/2013:17:28:46 -0600] "GET /images/4.jpg HTTP/1.1" 200 186934 "http://www.operationspokaneheroes.org/_inc/slide.php" "Mozilla/4.0 (compatible; MSIE 8.0; Windows NT 5.1; Trident/4.0; GTB7.4; .NET CLR 1.1.4322; WinTSI 06.05.2010; WinNT-EVI 21.06.2010)"
98.247.90.77 - - [04/Jan/2013:17:28:46 -0600] "GET /images/3.jpg HTTP/1.1" 200 240733 "http://www.operationspokaneheroes.org/_inc/slide.php" "Mozilla/4.0 (compatible; MSIE 8.0; Windows NT 5.1; Trident/4.0; GTB7.4; .NET CLR 1.1.4322; WinTSI 06.05.2010; WinNT-EVI 21.06.2010)"
98.247.90.77 - - [04/Jan/2013:17:28:47 -0600] "GET /assets/images/btn_main_search_hover.png HTTP/1.1" 404 - "http://www.operationspokaneheroes.org/_inc/slide.php" "Mozilla/4.0 (compatible; MSIE 8.0; Windows NT 5.1; Trident/4.0; GTB7.4; .NET CLR 1.1.4322; WinTSI 06.05.2010; WinNT-EVI 21.06.2010)"
98.247.90.77 - - [04/Jan/2013:17:28:47 -0600] "GET /favicon.ico HTTP/1.1" 404 - "-" "Mozilla/4.0 (compatible; MSIE 8.0; Windows NT 5.1; Trident/4.0; GTB7.4; .NET CLR 1.1.4322; WinTSI 06.05.2010; WinNT-EVI 21.06.2010)"
157.56.93.187 - - [04/Jan/2013:18:08:49 -0600] "GET /robots.txt HTTP/1.1" 404 - "-" "Mozilla/5.0 (compatible; bingbot/2.0; +http://www.bing.com/bingbot.htm)"
157.56.93.187 - - [04/Jan/2013:18:10:56 -0600] "GET /calendar.php HTTP/1.1" 200 10709 "-" "Mozilla/5.0 (compatible; bingbot/2.0; +http://www.bing.com/bingbot.htm)"
178.255.215.79 - - [04/Jan/2013:18:18:39 -0600] "GET /robots.txt HTTP/1.1" 404 - "-" "Mozilla/5.0 (compatible; Exabot/3.0; +http://www.exabot.com/go/robot)"
178.255.215.79 - - [04/Jan/2013:18:18:39 -0600] "GET /events.php HTTP/1.1" 200 6407 "-" "Mozilla/5.0 (compatible; Exabot/3.0; +http://www.exabot.com/go/robot)"
173.199.120.171 - - [04/Jan/2013:18:19:09 -0600] "GET /java_for_joes/index.html?3e3ea140 HTTP/1.1" 404 - "-" "Mozilla/5.0 (compatible; AhrefsBot/4.0; +http://ahrefs.com/robot/)"
81.144.138.34 - - [04/Jan/2013:18:41:23 -0600] "GET /robots.txt HTTP/1.1" 404 - "-" "Wotbox/2.01 (+http://www.wotbox.com/bot/)"
81.144.138.34 - - [04/Jan/2013:18:41:33 -0600] "GET / HTTP/1.1" 200 10513 "-" "Wotbox/2.01 (+http://www.wotbox.com/bot/)"
81.144.138.34 - - [04/Jan/2013:18:41:39 -0600] "GET /index.php HTTP/1.1" 200 10513 "-" "Wotbox/2.01 (+http://www.wotbox.com/bot/)"
81.144.138.34 - - [04/Jan/2013:18:41:45 -0600] "GET /aboutus.php HTTP/1.1" 200 11667 "-" "Wotbox/2.01 (+http://www.wotbox.com/bot/)"
81.144.138.34 - - [04/Jan/2013:18:41:51 -0600] "GET /contact.php HTTP/1.1" 200 10519 "-" "Wotbox/2.01 (+http://www.wotbox.com/bot/)"
81.144.138.34 - - [04/Jan/2013:18:41:56 -0600] "GET /donate.php HTTP/1.1" 200 11699 "-" "Wotbox/2.01 (+http://www.wotbox.com/bot/)"
81.144.138.34 - - [04/Jan/2013:18:42:02 -0600] "GET /business.php HTTP/1.1" 200 10813 "-" "Wotbox/2.01 (+http://www.wotbox.com/bot/)"
81.144.138.34 - - [04/Jan/2013:18:42:08 -0600] "GET /calendar.php HTTP/1.1" 200 10709 "-" "Wotbox/2.01 (+http://www.wotbox.com/bot/)"
81.144.138.34 - - [04/Jan/2013:18:42:13 -0600] "GET /events.php HTTP/1.1" 200 6407 "-" "Wotbox/2.01 (+http://www.wotbox.com/bot/)"
66.87.113.36 - - [04/Jan/2013:19:08:36 -0600] "GET / HTTP/1.1" 200 10513 "-" "Mozilla/5.0 (Linux; U; Android 4.1.1; en-us; EVO Build/JRO03C) AppleWebKit/534.30 (KHTML, like Gecko) Version/4.0 Mobile Safari/534.30"
66.87.113.36 - - [04/Jan/2013:19:08:36 -0600] "GET /css/global.css HTTP/1.1" 200 13951 "http://www.operationspokaneheroes.org/" "Mozilla/5.0 (Linux; U; Android 4.1.1; en-us; EVO Build/JRO03C) AppleWebKit/534.30 (KHTML, like Gecko) Version/4.0 Mobile Safari/534.30"
66.87.113.36 - - [04/Jan/2013:19:08:36 -0600] "GET /slider/index.html HTTP/1.1" 200 1496 "http://www.operationspokaneheroes.org/" "Mozilla/5.0 (Linux; U; Android 4.1.1; en-us; EVO Build/JRO03C) AppleWebKit/534.30 (KHTML, like Gecko) Version/4.0 Mobile Safari/534.30"
66.87.113.36 - - [04/Jan/2013:19:08:36 -0600] "GET /_inc/slide.php HTTP/1.1" 200 3205 "http://www.operationspokaneheroes.org/" "Mozilla/5.0 (Linux; U; Android 4.1.1; en-us; EVO Build/JRO03C) AppleWebKit/534.30 (KHTML, like Gecko) Version/4.0 Mobile Safari/534.30"
66.87.113.36 - - [04/Jan/2013:19:08:36 -0600] "GET /css/footer.css HTTP/1.1" 200 752 "http://www.operationspokaneheroes.org/" "Mozilla/5.0 (Linux; U; Android 4.1.1; en-us; EVO Build/JRO03C) AppleWebKit/534.30 (KHTML, like Gecko) Version/4.0 Mobile Safari/534.30"
66.87.113.36 - - [04/Jan/2013:19:08:36 -0600] "GET /images/facebook.png HTTP/1.1" 200 5004 "http://www.operationspokaneheroes.org/" "Mozilla/5.0 (Linux; U; Android 4.1.1; en-us; EVO Build/JRO03C) AppleWebKit/534.30 (KHTML, like Gecko) Version/4.0 Mobile Safari/534.30"
66.87.113.36 - - [04/Jan/2013:19:08:36 -0600] "GET /images/contacticon.png HTTP/1.1" 200 4499 "http://www.operationspokaneheroes.org/" "Mozilla/5.0 (Linux; U; Android 4.1.1; en-us; EVO Build/JRO03C) AppleWebKit/534.30 (KHTML, like Gecko) Version/4.0 Mobile Safari/534.30"
66.87.113.36 - - [04/Jan/2013:19:08:36 -0600] "GET /images/global.png HTTP/1.1" 200 5737 "http://www.operationspokaneheroes.org/" "Mozilla/5.0 (Linux; U; Android 4.1.1; en-us; EVO Build/JRO03C) AppleWebKit/534.30 (KHTML, like Gecko) Version/4.0 Mobile Safari/534.30"
66.87.113.36 - - [04/Jan/2013:19:08:37 -0600] "GET /slider/css/style.css HTTP/1.1" 200 1382 "http://www.operationspokaneheroes.org/slider/index.html" "Mozilla/5.0 (Linux; U; Android 4.1.1; en-us; EVO Build/JRO03C) AppleWebKit/534.30 (KHTML, like Gecko) Version/4.0 Mobile Safari/534.30"
66.87.113.36 - - [04/Jan/2013:19:08:36 -0600] "GET /images/logo.png HTTP/1.1" 200 226129 "http://www.operationspokaneheroes.org/" "Mozilla/5.0 (Linux; U; Android 4.1.1; en-us; EVO Build/JRO03C) AppleWebKit/534.30 (KHTML, like Gecko) Version/4.0 Mobile Safari/534.30"
66.87.113.36 - - [04/Jan/2013:19:08:37 -0600] "GET /slider/js/startstop-slider.js HTTP/1.1" 200 1737 "http://www.operationspokaneheroes.org/slider/index.html" "Mozilla/5.0 (Linux; U; Android 4.1.1; en-us; EVO Build/JRO03C) AppleWebKit/534.30 (KHTML, like Gecko) Version/4.0 Mobile Safari/534.30"
66.87.113.36 - - [04/Jan/2013:19:08:37 -0600] "GET /images/bg2.jpg HTTP/1.1" 200 55206 "http://www.operationspokaneheroes.org/" "Mozilla/5.0 (Linux; U; Android 4.1.1; en-us; EVO Build/JRO03C) AppleWebKit/534.30 (KHTML, like Gecko) Version/4.0 Mobile Safari/534.30"
66.87.113.36 - - [04/Jan/2013:19:08:37 -0600] "GET /css/slide.css HTTP/1.1" 200 2869 "http://www.operationspokaneheroes.org/_inc/slide.php" "Mozilla/5.0 (Linux; U; Android 4.1.1; en-us; EVO Build/JRO03C) AppleWebKit/534.30 (KHTML, like Gecko) Version/4.0 Mobile Safari/534.30"
66.87.113.36 - - [04/Jan/2013:19:08:37 -0600] "GET /css/style_global.css HTTP/1.1" 200 2621 "http://www.operationspokaneheroes.org/_inc/slide.php" "Mozilla/5.0 (Linux; U; Android 4.1.1; en-us; EVO Build/JRO03C) AppleWebKit/534.30 (KHTML, like Gecko) Version/4.0 Mobile Safari/534.30"
66.87.113.36 - - [04/Jan/2013:19:08:37 -0600] "GET /images/nav2.jpg HTTP/1.1" 200 4444 "http://www.operationspokaneheroes.org/" "Mozilla/5.0 (Linux; U; Android 4.1.1; en-us; EVO Build/JRO03C) AppleWebKit/534.30 (KHTML, like Gecko) Version/4.0 Mobile Safari/534.30"
66.87.113.36 - - [04/Jan/2013:19:08:37 -0600] "GET /mainbk.png HTTP/1.1" 200 290 "http://www.operationspokaneheroes.org/" "Mozilla/5.0 (Linux; U; Android 4.1.1; en-us; EVO Build/JRO03C) AppleWebKit/534.30 (KHTML, like Gecko) Version/4.0 Mobile Safari/534.30"
66.87.113.36 - - [04/Jan/2013:19:08:37 -0600] "GET /slider/js/jquery-1.2.6.js HTTP/1.1" 200 100196 "http://www.operationspokaneheroes.org/slider/index.html" "Mozilla/5.0 (Linux; U; Android 4.1.1; en-us; EVO Build/JRO03C) AppleWebKit/534.30 (KHTML, like Gecko) Version/4.0 Mobile Safari/534.30"
66.87.113.36 - - [04/Jan/2013:19:08:37 -0600] "GET /js/combined.js HTTP/1.1" 200 169946 "http://www.operationspokaneheroes.org/_inc/slide.php" "Mozilla/5.0 (Linux; U; Android 4.1.1; en-us; EVO Build/JRO03C) AppleWebKit/534.30 (KHTML, like Gecko) Version/4.0 Mobile Safari/534.30"
66.87.113.36 - - [04/Jan/2013:19:08:38 -0600] "GET /slider/images/slider-bg.jpg HTTP/1.1" 200 3447 "http://www.operationspokaneheroes.org/slider/index.html" "Mozilla/5.0 (Linux; U; Android 4.1.1; en-us; EVO Build/JRO03C) AppleWebKit/534.30 (KHTML, like Gecko) Version/4.0 Mobile Safari/534.30"
66.87.113.36 - - [04/Jan/2013:19:08:38 -0600] "GET /images/slder2.png HTTP/1.1" 200 32853 "http://www.operationspokaneheroes.org/slider/index.html" "Mozilla/5.0 (Linux; U; Android 4.1.1; en-us; EVO Build/JRO03C) AppleWebKit/534.30 (KHTML, like Gecko) Version/4.0 Mobile Safari/534.30"
66.87.113.36 - - [04/Jan/2013:19:08:38 -0600] "GET /images/imagslider-1.png HTTP/1.1" 200 67116 "http://www.operationspokaneheroes.org/slider/index.html" "Mozilla/5.0 (Linux; U; Android 4.1.1; en-us; EVO Build/JRO03C) AppleWebKit/534.30 (KHTML, like Gecko) Version/4.0 Mobile Safari/534.30"
66.87.113.36 - - [04/Jan/2013:19:08:39 -0600] "GET /images/we_believe.png HTTP/1.1" 200 1785 "http://www.operationspokaneheroes.org/_inc/slide.php" "Mozilla/5.0 (Linux; U; Android 4.1.1; en-us; EVO Build/JRO03C) AppleWebKit/534.30 (KHTML, like Gecko) Version/4.0 Mobile Safari/534.30"
66.87.113.36 - - [04/Jan/2013:19:08:39 -0600] "GET /images/mission_statement_bg.png HTTP/1.1" 200 11413 "http://www.operationspokaneheroes.org/_inc/slide.php" "Mozilla/5.0 (Linux; U; Android 4.1.1; en-us; EVO Build/JRO03C) AppleWebKit/534.30 (KHTML, like Gecko) Version/4.0 Mobile Safari/534.30"
66.87.113.36 - - [04/Jan/2013:19:08:39 -0600] "GET /images/we_strive.png HTTP/1.1" 200 1981 "http://www.operationspokaneheroes.org/_inc/slide.php" "Mozilla/5.0 (Linux; U; Android 4.1.1; en-us; EVO Build/JRO03C) AppleWebKit/534.30 (KHTML, like Gecko) Version/4.0 Mobile Safari/534.30"
66.87.113.36 - - [04/Jan/2013:19:08:39 -0600] "GET /images/we_help.png HTTP/1.1" 200 1514 "http://www.operationspokaneheroes.org/_inc/slide.php" "Mozilla/5.0 (Linux; U; Android 4.1.1; en-us; EVO Build/JRO03C) AppleWebKit/534.30 (KHTML, like Gecko) Version/4.0 Mobile Safari/534.30"
66.87.113.36 - - [04/Jan/2013:19:08:39 -0600] "GET /images/2.jpg HTTP/1.1" 200 170993 "http://www.operationspokaneheroes.org/_inc/slide.php" "Mozilla/5.0 (Linux; U; Android 4.1.1; en-us; EVO Build/JRO03C) AppleWebKit/534.30 (KHTML, like Gecko) Version/4.0 Mobile Safari/534.30"
66.87.113.36 - - [04/Jan/2013:19:08:39 -0600] "GET /assets/images/btn_top_search_hover.png HTTP/1.1" 404 - "http://www.operationspokaneheroes.org/_inc/slide.php" "Mozilla/5.0 (Linux; U; Android 4.1.1; en-us; EVO Build/JRO03C) AppleWebKit/534.30 (KHTML, like Gecko) Version/4.0 Mobile Safari/534.30"
66.87.113.36 - - [04/Jan/2013:19:08:39 -0600] "GET /images/we_need.png HTTP/1.1" 200 2138 "http://www.operationspokaneheroes.org/_inc/slide.php" "Mozilla/5.0 (Linux; U; Android 4.1.1; en-us; EVO Build/JRO03C) AppleWebKit/534.30 (KHTML, like Gecko) Version/4.0 Mobile Safari/534.30"
66.87.113.36 - - [04/Jan/2013:19:08:39 -0600] "GET /assets/images/btn_main_search_hover.png HTTP/1.1" 404 - "http://www.operationspokaneheroes.org/_inc/slide.php" "Mozilla/5.0 (Linux; U; Android 4.1.1; en-us; EVO Build/JRO03C) AppleWebKit/534.30 (KHTML, like Gecko) Version/4.0 Mobile Safari/534.30"
66.87.113.36 - - [04/Jan/2013:19:08:39 -0600] "GET /images/4.jpg HTTP/1.1" 200 186934 "http://www.operationspokaneheroes.org/_inc/slide.php" "Mozilla/5.0 (Linux; U; Android 4.1.1; en-us; EVO Build/JRO03C) AppleWebKit/534.30 (KHTML, like Gecko) Version/4.0 Mobile Safari/534.30"
66.87.113.36 - - [04/Jan/2013:19:08:39 -0600] "GET /images/1.jpg HTTP/1.1" 200 142489 "http://www.operationspokaneheroes.org/_inc/slide.php" "Mozilla/5.0 (Linux; U; Android 4.1.1; en-us; EVO Build/JRO03C) AppleWebKit/534.30 (KHTML, like Gecko) Version/4.0 Mobile Safari/534.30"
66.87.113.36 - - [04/Jan/2013:19:08:39 -0600] "GET /images/3.jpg HTTP/1.1" 200 240733 "http://www.operationspokaneheroes.org/_inc/slide.php" "Mozilla/5.0 (Linux; U; Android 4.1.1; en-us; EVO Build/JRO03C) AppleWebKit/534.30 (KHTML, like Gecko) Version/4.0 Mobile Safari/534.30"
66.87.113.36 - - [04/Jan/2013:19:08:41 -0600] "GET /favicon.ico HTTP/1.1" 404 - "http://www.operationspokaneheroes.org/" "Mozilla/5.0 (Linux; U; Android 4.1.1; en-us; EVO Build/JRO03C) AppleWebKit/534.30 (KHTML, like Gecko) Version/4.0 Mobile Safari/534.30"
66.87.113.36 - - [04/Jan/2013:19:48:14 -0600] "GET / HTTP/1.1" 200 10513 "-" "Mozilla/5.0 (Linux; U; Android 4.1.1; en-us; EVO Build/JRO03C) AppleWebKit/534.30 (KHTML, like Gecko) Version/4.0 Mobile Safari/534.30"
66.87.113.36 - - [04/Jan/2013:19:48:14 -0600] "GET /_inc/slide.php HTTP/1.1" 200 3205 "-" "Mozilla/5.0 (Linux; U; Android 4.1.1; en-us; EVO Build/JRO03C) AppleWebKit/534.30 (KHTML, like Gecko) Version/4.0 Mobile Safari/534.30"
66.87.113.36 - - [04/Jan/2013:19:48:15 -0600] "GET /css/slide.css HTTP/1.1" 200 2869 "-" "Mozilla/5.0 (Linux; U; Android 4.1.1; en-us; EVO Build/JRO03C) AppleWebKit/534.30 (KHTML, like Gecko) Version/4.0 Mobile Safari/534.30"
66.87.113.36 - - [04/Jan/2013:19:48:15 -0600] "GET /css/style_global.css HTTP/1.1" 200 2621 "-" "Mozilla/5.0 (Linux; U; Android 4.1.1; en-us; EVO Build/JRO03C) AppleWebKit/534.30 (KHTML, like Gecko) Version/4.0 Mobile Safari/534.30"
66.87.113.36 - - [04/Jan/2013:19:48:15 -0600] "GET /js/combined.js HTTP/1.1" 200 169946 "-" "Mozilla/5.0 (Linux; U; Android 4.1.1; en-us; EVO Build/JRO03C) AppleWebKit/534.30 (KHTML, like Gecko) Version/4.0 Mobile Safari/534.30"
66.87.113.36 - - [04/Jan/2013:19:48:15 -0600] "GET /assets/images/btn_top_search_hover.png HTTP/1.1" 404 - "http://www.operationspokaneheroes.org/_inc/slide.php" "Mozilla/5.0 (Linux; U; Android 4.1.1; en-us; EVO Build/JRO03C) AppleWebKit/534.30 (KHTML, like Gecko) Version/4.0 Mobile Safari/534.30"
66.87.113.36 - - [04/Jan/2013:19:48:16 -0600] "GET /assets/images/btn_main_search_hover.png HTTP/1.1" 404 - "http://www.operationspokaneheroes.org/_inc/slide.php" "Mozilla/5.0 (Linux; U; Android 4.1.1; en-us; EVO Build/JRO03C) AppleWebKit/534.30 (KHTML, like Gecko) Version/4.0 Mobile Safari/534.30"
66.87.113.36 - - [04/Jan/2013:19:51:41 -0600] "GET / HTTP/1.1" 200 10513 "-" "Mozilla/5.0 (Linux; U; Android 4.1.1; en-us; EVO Build/JRO03C) AppleWebKit/534.30 (KHTML, like Gecko) Version/4.0 Mobile Safari/534.30"
66.87.113.36 - - [04/Jan/2013:19:51:42 -0600] "GET /_inc/slide.php HTTP/1.1" 200 3205 "-" "Mozilla/5.0 (Linux; U; Android 4.1.1; en-us; EVO Build/JRO03C) AppleWebKit/534.30 (KHTML, like Gecko) Version/4.0 Mobile Safari/534.30"
66.87.113.36 - - [04/Jan/2013:19:51:42 -0600] "GET /js/combined.js HTTP/1.1" 200 169946 "-" "Mozilla/5.0 (Linux; U; Android 4.1.1; en-us; EVO Build/JRO03C) AppleWebKit/534.30 (KHTML, like Gecko) Version/4.0 Mobile Safari/534.30"
66.87.113.36 - - [04/Jan/2013:19:51:43 -0600] "GET /assets/images/btn_main_search_hover.png HTTP/1.1" 404 - "http://www.operationspokaneheroes.org/_inc/slide.php" "Mozilla/5.0 (Linux; U; Android 4.1.1; en-us; EVO Build/JRO03C) AppleWebKit/534.30 (KHTML, like Gecko) Version/4.0 Mobile Safari/534.30"
66.87.113.36 - - [04/Jan/2013:19:51:43 -0600] "GET /assets/images/btn_top_search_hover.png HTTP/1.1" 404 - "http://www.operationspokaneheroes.org/_inc/slide.php" "Mozilla/5.0 (Linux; U; Android 4.1.1; en-us; EVO Build/JRO03C) AppleWebKit/534.30 (KHTML, like Gecko) Version/4.0 Mobile Safari/534.30"
66.87.113.36 - - [04/Jan/2013:19:51:43 -0600] "GET /favicon.ico HTTP/1.1" 404 - "http://www.operationspokaneheroes.org/" "Mozilla/5.0 (Linux; U; Android 4.1.1; en-us; EVO Build/JRO03C) AppleWebKit/534.30 (KHTML, like Gecko) Version/4.0 Mobile Safari/534.30"
66.249.74.210 - - [04/Jan/2013:19:54:21 -0600] "GET /robots.txt HTTP/1.1" 404 - "-" "Mozilla/5.0 (compatible; Googlebot/2.1; +http://www.google.com/bot.html)"
66.249.74.210 - - [04/Jan/2013:19:54:21 -0600] "GET / HTTP/1.1" 200 10513 "-" "SAMSUNG-SGH-E250/1.0 Profile/MIDP-2.0 Configuration/CLDC-1.1 UP.Browser/6.2.3.3.c.1.101 (GUI) MMP/2.0 (compatible; Googlebot-Mobile/2.1; +http://www.google.com/bot.html)"
173.199.120.171 - - [04/Jan/2013:20:19:13 -0600] "GET /contact.php HTTP/1.1" 200 10519 "-" "Mozilla/5.0 (compatible; AhrefsBot/4.0; +http://ahrefs.com/robot/)"
184.173.246.239 - - [04/Jan/2013:20:33:21 -0600] "HEAD / HTTP/1.1" 200 - "http://haroyoshi.com" "Mozilla/4.0 (compatible; MSIE 7.0; Windows NT 5.1; .NET CLR 1.1.4322; .NET CLR 2.0.50727; .NET CLR 3.0.04506.30)"
180.76.5.60 - - [04/Jan/2013:20:36:55 -0600] "GET /robots.txt HTTP/1.1" 404 - "-" "Mozilla/5.0 (Windows NT 5.1; rv:6.0.2) Gecko/20100101 Firefox/6.0.2"
173.199.120.171 - - [04/Jan/2013:20:58:57 -0600] "GET /events.php HTTP/1.1" 200 6407 "-" "Mozilla/5.0 (compatible; AhrefsBot/4.0; +http://ahrefs.com/robot/)"
66.249.74.210 - - [04/Jan/2013:21:32:35 -0600] "GET / HTTP/1.1" 200 10513 "-" "Mozilla/5.0 (compatible; Googlebot/2.1; +http://www.google.com/bot.html)"
173.199.120.67 - - [04/Jan/2013:22:41:39 -0600] "GET /robots.txt HTTP/1.1" 404 - "-" "Mozilla/5.0 (compatible; AhrefsBot/4.0; +http://ahrefs.com/robot/)"
173.199.120.67 - - [04/Jan/2013:22:41:42 -0600] "GET /robots.txt HTTP/1.1" 404 - "-" "Mozilla/5.0 (compatible; AhrefsBot/4.0; +http://ahrefs.com/robot/)"
66.249.74.210 - - [04/Jan/2013:23:24:04 -0600] "GET /business.php HTTP/1.1" 200 10813 "-" "DoCoMo/2.0 N905i(c100;TB;W24H16) (compatible; Googlebot-Mobile/2.1; +http://www.google.com/bot.html)"
173.199.120.171 - - [05/Jan/2013:00:08:49 -0600] "GET /donate.php HTTP/1.1" 200 11699 "-" "Mozilla/5.0 (compatible; AhrefsBot/4.0; +http://ahrefs.com/robot/)"
173.199.120.171 - - [05/Jan/2013:00:17:09 -0600] "GET /java_for_joes/index.html HTTP/1.1" 404 - "-" "Mozilla/5.0 (compatible; AhrefsBot/4.0; +http://ahrefs.com/robot/)"
188.40.82.78 - - [05/Jan/2013:00:19:33 -0600] "HEAD /java_for_joes/index.html HTTP/1.1" 404 - "-" "Mozilla/5.0 (X11; Ubuntu; Linux x86_64; rv:17.0) Gecko/20100101 Firefox/17.0"
67.185.129.28 - - [05/Jan/2013:00:41:43 -0600] "GET /pdf/REVISION2%20Military%20Kids%20Camp%202012%20(2).pdf HTTP/1.1" 200 1691328 "http://www.google.com/search?hl=en&client=ms-android-lenovo&tbo=d&source=android-home&site=webhp&source=hp&q=www.+campfireinc.+org&oq=www.+campfireinc.+org&gs_l=mobile-gws-hp.12..0i13.504866.570021.0.595173.38.25.10.3.3.0.217.2921.7j15j1.23.0.les%3B..0.0...1ac.1.RX4uqGb_qzI" "Mozilla/5.0 (Linux; U; Android 2.3.4; en-us; A1_07 Build/GRJ22) AppleWebKit/533.1 (KHTML, like Gecko) Version/4.0 Mobile Safari/533.1"
67.185.129.28 - - [05/Jan/2013:00:41:44 -0600] "GET /pdf/REVISION2%20Military%20Kids%20Camp%202012%20(2).pdf HTTP/1.1" 200 1691328 "-" "Mozilla/5.0 (Linux; U; Android 2.3.4; en-us; A1_07 Build/GRJ22) AppleWebKit/533.1 (KHTML, like Gecko) Version/4.0 Mobile Safari/533.1"
67.185.129.28 - - [05/Jan/2013:00:42:05 -0600] "GET /pdf/REVISION2%20Military%20Kids%20Camp%202012%20(2).pdf HTTP/1.1" 200 1691328 "http://www.google.com/search?hl=en&client=ms-android-lenovo&tbo=d&source=android-home&site=webhp&source=hp&q=www.+campfireinc.+org&oq=www.+campfireinc.+org&gs_l=mobile-gws-hp.12..0i13.504866.570021.0.595173.38.25.10.3.3.0.217.2921.7j15j1.23.0.les%3B..0.0...1ac.1.RX4uqGb_qzI" "Mozilla/5.0 (Linux; U; Android 2.3.4; en-us; A1_07 Build/GRJ22) AppleWebKit/533.1 (KHTML, like Gecko) Version/4.0 Mobile Safari/533.1"
67.185.129.28 - - [05/Jan/2013:00:42:05 -0600] "GET /pdf/REVISION2%20Military%20Kids%20Camp%202012%20(2).pdf HTTP/1.1" 200 1691328 "-" "Mozilla/5.0 (Linux; U; Android 2.3.4; en-us; A1_07 Build/GRJ22) AppleWebKit/533.1 (KHTML, like Gecko) Version/4.0 Mobile Safari/533.1"
67.185.129.28 - - [05/Jan/2013:00:42:41 -0600] "GET /pdf/REVISION2%20Military%20Kids%20Camp%202012%20(2).pdf HTTP/1.1" 200 1691328 "http://www.google.com/search?hl=en&client=ms-android-lenovo&tbo=d&source=android-home&site=webhp&source=hp&q=www.+campfireinc.+org&oq=www.+campfireinc.+org&gs_l=mobile-gws-hp.12..0i13.504866.570021.0.595173.38.25.10.3.3.0.217.2921.7j15j1.23.0.les%3B..0.0...1ac.1.RX4uqGb_qzI" "Mozilla/5.0 (Linux; U; Android 2.3.4; en-us; A1_07 Build/GRJ22) AppleWebKit/533.1 (KHTML, like Gecko) Version/4.0 Mobile Safari/533.1"
67.185.129.28 - - [05/Jan/2013:00:42:42 -0600] "GET /pdf/REVISION2%20Military%20Kids%20Camp%202012%20(2).pdf HTTP/1.1" 200 1691328 "-" "Mozilla/5.0 (Linux; U; Android 2.3.4; en-us; A1_07 Build/GRJ22) AppleWebKit/533.1 (KHTML, like Gecko) Version/4.0 Mobile Safari/533.1"
173.199.120.171 - - [05/Jan/2013:00:50:09 -0600] "GET / HTTP/1.1" 200 10513 "-" "Mozilla/5.0 (compatible; AhrefsBot/4.0; +http://ahrefs.com/robot/)"
91.223.75.117 - - [05/Jan/2013:01:30:15 -0600] "GET / HTTP/1.1" 200 10513 "http://linkedin.narutoforum.ru" "Mozilla/3.0 (x86 [en] Windows NT 5.1; Sun)"
91.223.75.117 - - [05/Jan/2013:01:30:16 -0600] "GET / HTTP/1.1" 200 10513 "http://linkedin.narutoforum.ru" "Mozilla/3.0 (x86 [en] Windows NT 5.1; Sun)"
173.199.120.171 - - [05/Jan/2013:01:35:19 -0600] "GET /aboutus.php HTTP/1.1" 200 11667 "-" "Mozilla/5.0 (compatible; AhrefsBot/4.0; +http://ahrefs.com/robot/)"
157.55.33.29 - - [05/Jan/2013:01:35:36 -0600] "GET /robots.txt HTTP/1.1" 404 - "-" "Mozilla/5.0 (compatible; bingbot/2.0; +http://www.bing.com/bingbot.htm)"
157.55.33.29 - - [05/Jan/2013:01:37:21 -0600] "GET /contact.php HTTP/1.1" 200 10519 "-" "Mozilla/5.0 (compatible; bingbot/2.0; +http://www.bing.com/bingbot.htm)"
173.199.120.171 - - [05/Jan/2013:02:04:18 -0600] "GET /pdf/174%20Stores%20and%20Business%20Offering%20Military%20Discounts1.pdf HTTP/1.1" 200 122888 "-" "Mozilla/5.0 (compatible; AhrefsBot/4.0; +http://ahrefs.com/robot/)"
173.199.120.171 - - [05/Jan/2013:02:04:47 -0600] "GET /business.php HTTP/1.1" 200 10813 "-" "Mozilla/5.0 (compatible; AhrefsBot/4.0; +http://ahrefs.com/robot/)"
173.199.120.171 - - [05/Jan/2013:02:37:33 -0600] "GET /events.php HTTP/1.1" 200 6407 "-" "Mozilla/5.0 (compatible; AhrefsBot/4.0; +http://ahrefs.com/robot/)"
199.21.99.99 - - [05/Jan/2013:03:25:56 -0600] "GET /robots.txt HTTP/1.1" 404 - "-" "Mozilla/5.0 (compatible; YandexBot/3.0; +http://yandex.com/bots)"
173.199.120.171 - - [05/Jan/2013:03:40:25 -0600] "GET /calendar.php HTTP/1.1" 200 10709 "-" "Mozilla/5.0 (compatible; AhrefsBot/4.0; +http://ahrefs.com/robot/)"
66.249.74.210 - - [05/Jan/2013:04:15:02 -0600] "GET /business.php HTTP/1.1" 200 10813 "-" "SAMSUNG-SGH-E250/1.0 Profile/MIDP-2.0 Configuration/CLDC-1.1 UP.Browser/6.2.3.3.c.1.101 (GUI) MMP/2.0 (compatible; Googlebot-Mobile/2.1; +http://www.google.com/bot.html)"
218.30.103.147 - - [05/Jan/2013:04:43:19 -0600] "GET / HTTP/1.1" 200 10513 "-" "Sogou web spider/4.0(+http://www.sogou.com/docs/help/webmasters.htm#07)"
218.30.103.147 - - [05/Jan/2013:04:43:28 -0600] "GET /robots.txt HTTP/1.1" 404 - "-" "Sogou web spider/4.0"
173.199.120.171 - - [05/Jan/2013:06:36:13 -0600] "GET /aboutus.php HTTP/1.1" 200 11667 "-" "Mozilla/5.0 (compatible; AhrefsBot/4.0; +http://ahrefs.com/robot/)"
173.199.120.171 - - [05/Jan/2013:06:42:47 -0600] "GET /index.php HTTP/1.1" 200 10513 "-" "Mozilla/5.0 (compatible; AhrefsBot/4.0; +http://ahrefs.com/robot/)"
173.199.120.171 - - [05/Jan/2013:07:19:10 -0600] "GET / HTTP/1.1" 200 10513 "-" "Mozilla/5.0 (compatible; AhrefsBot/4.0; +http://ahrefs.com/robot/)"
173.199.120.171 - - [05/Jan/2013:07:53:41 -0600] "GET /pdf/Cellphones%20for%20Soldiers%20press%20release.pdf HTTP/1.1" 404 - "-" "Mozilla/5.0 (compatible; AhrefsBot/4.0; +http://ahrefs.com/robot/)"
199.21.99.99 - - [05/Jan/2013:08:04:18 -0600] "GET /business.php HTTP/1.1" 200 10813 "-" "Mozilla/5.0 (compatible; YandexBot/3.0; +http://yandex.com/bots)"
173.199.120.171 - - [05/Jan/2013:08:13:14 -0600] "GET /calendar.php HTTP/1.1" 200 10709 "-" "Mozilla/5.0 (compatible; AhrefsBot/4.0; +http://ahrefs.com/robot/)"
95.108.150.235 - - [05/Jan/2013:08:16:25 -0600] "GET /robots.txt HTTP/1.1" 404 - "-" "Mozilla/5.0 (compatible; YandexBot/3.0; +http://yandex.com/bots)"
95.108.150.235 - - [05/Jan/2013:08:16:25 -0600] "GET /robots.txt HTTP/1.1" 404 - "-" "Mozilla/5.0 (compatible; YandexBot/3.0; +http://yandex.com/bots)"
95.108.150.235 - - [05/Jan/2013:08:16:25 -0600] "GET / HTTP/1.1" 200 10513 "-" "Mozilla/5.0 (compatible; YandexBot/3.0; +http://yandex.com/bots)"
95.108.150.235 - - [05/Jan/2013:08:16:25 -0600] "GET / HTTP/1.1" 200 10513 "-" "Mozilla/5.0 (compatible; YandexBot/3.0; +http://yandex.com/bots)"
95.108.150.235 - - [05/Jan/2013:08:16:26 -0600] "GET / HTTP/1.1" 200 10513 "-" "Mozilla/5.0 (compatible; YandexBot/3.0; +http://yandex.com/bots)"
95.108.150.235 - - [05/Jan/2013:08:16:26 -0600] "GET / HTTP/1.1" 200 10513 "-" "Mozilla/5.0 (compatible; YandexBot/3.0; +http://yandex.com/bots)"
173.199.120.171 - - [05/Jan/2013:08:42:58 -0600] "GET /donate.php HTTP/1.1" 200 11699 "-" "Mozilla/5.0 (compatible; AhrefsBot/4.0; +http://ahrefs.com/robot/)"
173.199.120.171 - - [05/Jan/2013:08:49:18 -0600] "GET /pdf/2010_Top100_Military_Friendly_Employers.pdf HTTP/1.1" 200 711726 "-" "Mozilla/5.0 (compatible; AhrefsBot/4.0; +http://ahrefs.com/robot/)"
66.249.74.210 - - [05/Jan/2013:09:58:47 -0600] "GET /robots.txt HTTP/1.1" 404 - "-" "Mozilla/5.0 (compatible; Googlebot/2.1; +http://www.google.com/bot.html)"
66.249.74.210 - - [05/Jan/2013:09:58:48 -0600] "GET /events/oif/oif.html HTTP/1.1" 200 4225 "-" "Mozilla/5.0 (compatible; Googlebot/2.1; +http://www.google.com/bot.html)"
67.161.98.114 - - [05/Jan/2013:11:40:18 -0600] "GET / HTTP/1.1" 200 10513 "http://www.kxly.com/news/news-links" "Mozilla/5.0 (Windows NT 6.1; WOW64) AppleWebKit/537.11 (KHTML, like Gecko) Chrome/23.0.1271.97 Safari/537.11"
67.161.98.114 - - [05/Jan/2013:11:40:18 -0600] "GET /css/footer.css HTTP/1.1" 200 752 "http://operationspokaneheroes.org/" "Mozilla/5.0 (Windows NT 6.1; WOW64) AppleWebKit/537.11 (KHTML, like Gecko) Chrome/23.0.1271.97 Safari/537.11"
67.161.98.114 - - [05/Jan/2013:11:40:18 -0600] "GET /slider/index.html HTTP/1.1" 200 1496 "http://operationspokaneheroes.org/" "Mozilla/5.0 (Windows NT 6.1; WOW64) AppleWebKit/537.11 (KHTML, like Gecko) Chrome/23.0.1271.97 Safari/537.11"
