67.185.209.173 - - [04/Mar/2012:13:35:40 -0600] "GET /pdf/Invite%20for%20vets%20listening%20session%20%28mm%20edits%29.pdf HTTP/1.1" 404 - "http://www.spokanemoaa.org/_inc/content_slide.html" "Mozilla/5.0 (Windows NT 6.0; WOW64) AppleWebKit/535.19 (KHTML, like Gecko) Chrome/18.0.1025.45 Safari/535.19"
67.185.209.173 - - [04/Mar/2012:13:35:40 -0600] "GET /favicon.ico HTTP/1.1" 404 - "-" "Mozilla/5.0 (Windows NT 6.0; WOW64) AppleWebKit/535.19 (KHTML, like Gecko) Chrome/18.0.1025.45 Safari/535.19"
100.43.83.155 - - [04/Mar/2012:13:52:12 -0600] "GET /pdf/Cellphones%20for%20Soldiers%20press%20release.pdf HTTP/1.1" 404 - "-" "Mozilla/5.0 (compatible; YandexBot/3.0; +http://yandex.com/bots)"
100.43.83.155 - - [04/Mar/2012:14:13:51 -0600] "GET /pdf/174%20Stores%20and%20Business%20Offering%20Military%20Discounts1.pdf HTTP/1.1" 404 - "-" "Mozilla/5.0 (compatible; YandexBot/3.0; +http://yandex.com/bots)"
65.52.108.69 - - [04/Mar/2012:14:34:19 -0600] "GET /robots.txt HTTP/1.1" 404 - "-" "Mozilla/5.0 (compatible; bingbot/2.0; +http://www.bing.com/bingbot.htm)"
180.76.5.165 - - [04/Mar/2012:14:40:31 -0600] "GET /css/footer.css HTTP/1.1" 200 752 "-" "Mozilla/5.0 (compatible; Baiduspider/2.0; +http://www.baidu.com/search/spider.html)"
65.52.108.69 - - [04/Mar/2012:14:49:31 -0600] "GET /resources.php HTTP/1.1" 200 10288 "-" "Mozilla/5.0 (compatible; bingbot/2.0; +http://www.bing.com/bingbot.htm)"
65.52.104.27 - - [04/Mar/2012:18:30:17 -0600] "GET /robots.txt HTTP/1.1" 404 - "-" "Mozilla/5.0 (compatible; bingbot/2.0; +http://www.bing.com/bingbot.htm)"
65.52.104.27 - - [04/Mar/2012:18:30:29 -0600] "GET / HTTP/1.1" 200 10288 "-" "Mozilla/5.0 (compatible; bingbot/2.0; +http://www.bing.com/bingbot.htm)"
65.52.104.88 - - [04/Mar/2012:19:21:55 -0600] "GET /robots.txt HTTP/1.1" 404 - "-" "Mozilla/5.0 (compatible; bingbot/2.0; +http://www.bing.com/bingbot.htm)"
66.249.71.117 - - [04/Mar/2012:19:22:23 -0600] "GET /robots.txt HTTP/1.1" 404 - "-" "Mozilla/5.0 (compatible; Googlebot/2.1; +http://www.google.com/bot.html)"
66.249.71.117 - - [04/Mar/2012:19:22:24 -0600] "GET /employers.php HTTP/1.1" 404 - "-" "Mozilla/5.0 (compatible; Googlebot/2.1; +http://www.google.com/bot.html)"
208.115.113.86 - - [04/Mar/2012:19:37:55 -0600] "GET /robots.txt HTTP/1.1" 404 - "-" "Mozilla/5.0 (compatible; Ezooms/1.0; ezooms.bot@gmail.com)"
100.43.83.155 - - [04/Mar/2012:20:17:32 -0600] "GET /robots.txt HTTP/1.1" 404 - "-" "Mozilla/5.0 (compatible; YandexBot/3.0; +http://yandex.com/bots)"
66.249.71.117 - - [04/Mar/2012:20:36:59 -0600] "GET /business_discount.php HTTP/1.1" 404 - "-" "Mozilla/5.0 (compatible; Googlebot/2.1; +http://www.google.com/bot.html)"
208.115.113.86 - - [04/Mar/2012:20:37:03 -0600] "GET /employers.php HTTP/1.1" 404 - "-" "Mozilla/5.0 (compatible; Ezooms/1.0; ezooms.bot@gmail.com)"
65.52.110.22 - - [04/Mar/2012:20:38:50 -0600] "GET /robots.txt HTTP/1.1" 404 - "-" "Mozilla/5.0 (compatible; bingbot/2.0; +http://www.bing.com/bingbot.htm)"
65.52.110.22 - - [04/Mar/2012:21:22:00 -0600] "GET /pdf/Christmas%20Carrousel%20Flyer2011.pdf HTTP/1.1" 404 - "-" "Mozilla/5.0 (compatible; bingbot/2.0; +http://www.bing.com/bingbot.htm)"
180.76.6.213 - - [04/Mar/2012:21:26:18 -0600] "GET /_inc/slide.php HTTP/1.1" 200 3205 "-" "Mozilla/5.0 (compatible; Baiduspider/2.0; +http://www.baidu.com/search/spider.html)"
123.125.71.38 - - [04/Mar/2012:21:29:19 -0600] "GET / HTTP/1.1" 200 10288 "-" "Mozilla/5.0 (compatible; Baiduspider/2.0; +http://www.baidu.com/search/spider.html)"
65.52.104.88 - - [04/Mar/2012:21:42:05 -0600] "GET /pdf/Christmas%20Carrousel%20Flyer2011.pdf HTTP/1.1" 404 - "-" "Mozilla/5.0 (compatible; bingbot/2.0; +http://www.bing.com/bingbot.htm)"
213.186.119.131 - - [04/Mar/2012:22:20:31 -0600] "GET /robots.txt HTTP/1.1" 404 - "-" "Mozilla/5.0 (compatible; AhrefsBot/2.0; +http://ahrefs.com/robot/)"
213.186.119.131 - - [04/Mar/2012:22:20:31 -0600] "GET /robots.txt HTTP/1.1" 404 - "-" "Mozilla/5.0 (compatible; AhrefsBot/2.0; +http://ahrefs.com/robot/)"
65.52.110.30 - - [04/Mar/2012:23:25:25 -0600] "GET /robots.txt HTTP/1.1" 404 - "-" "Mozilla/5.0 (compatible; bingbot/2.0; +http://www.bing.com/bingbot.htm)"
65.52.110.30 - - [04/Mar/2012:23:28:04 -0600] "GET /pdf/Invite%20for%20vets%20listening%20session%20%28mm%20edits%29.pdf HTTP/1.1" 404 - "-" "Mozilla/5.0 (compatible; bingbot/2.0; +http://www.bing.com/bingbot.htm)"
180.76.5.60 - - [05/Mar/2012:01:23:52 -0600] "GET /aboutus.php HTTP/1.1" 200 11446 "-" "Mozilla/5.0 (compatible; Baiduspider/2.0; +http://www.baidu.com/search/spider.html)"
207.46.195.237 - - [05/Mar/2012:01:34:06 -0600] "GET /contact.php HTTP/1.1" 200 10298 "-" "Mozilla/5.0 (compatible; bingbot/2.0; +http://www.bing.com/bingbot.htm)"
100.43.83.155 - - [05/Mar/2012:02:45:42 -0600] "GET /donation.php HTTP/1.1" 404 - "-" "Mozilla/5.0 (compatible; YandexBot/3.0; +http://yandex.com/bots)"
220.181.108.176 - - [05/Mar/2012:02:55:25 -0600] "GET /sys_cpanel/images/powered_by.gif HTTP/1.1" 200 2759 "-" "Baiduspider-image+(+http://www.baidu.com/search/spider.htm)"
207.46.195.237 - - [05/Mar/2012:04:50:00 -0600] "GET /donate.php HTTP/1.1" 200 12791 "-" "Mozilla/5.0 (compatible; bingbot/2.0; +http://www.bing.com/bingbot.htm)"
180.76.5.98 - - [05/Mar/2012:05:21:33 -0600] "GET /css/footer.css HTTP/1.1" 200 752 "-" "Mozilla/5.0 (compatible; Baiduspider/2.0; +http://www.baidu.com/search/spider.html)"
66.249.71.117 - - [05/Mar/2012:06:40:03 -0600] "GET /wedo.php HTTP/1.1" 404 - "-" "Mozilla/5.0 (compatible; Googlebot/2.1; +http://www.google.com/bot.html)"
66.249.71.117 - - [05/Mar/2012:07:03:55 -0600] "GET /java_for_joes/index.html HTTP/1.1" 404 - "-" "Mozilla/5.0 (iPhone; U; CPU iPhone OS 4_1 like Mac OS X; en-us) AppleWebKit/532.9 (KHTML, like Gecko) Version/4.0.5 Mobile/8B117 Safari/6531.22.7 (compatible; Googlebot-Mobile/2.1; +http://www.google.com/bot.html)"
95.108.150.235 - - [05/Mar/2012:07:20:07 -0600] "GET /robots.txt HTTP/1.1" 404 - "-" "Mozilla/5.0 (compatible; YandexBot/3.0; +http://yandex.com/bots)"
95.108.150.235 - - [05/Mar/2012:07:20:07 -0600] "GET /robots.txt HTTP/1.1" 404 - "-" "Mozilla/5.0 (compatible; YandexBot/3.0; +http://yandex.com/bots)"
95.108.150.235 - - [05/Mar/2012:07:20:08 -0600] "GET / HTTP/1.1" 200 10288 "-" "Mozilla/5.0 (compatible; YandexBot/3.0; +http://yandex.com/bots)"
95.108.150.235 - - [05/Mar/2012:07:20:08 -0600] "GET / HTTP/1.1" 200 10288 "-" "Mozilla/5.0 (compatible; YandexBot/3.0; +http://yandex.com/bots)"
95.108.150.235 - - [05/Mar/2012:07:20:09 -0600] "GET / HTTP/1.1" 200 10288 "-" "Mozilla/5.0 (compatible; YandexBot/3.0; +http://yandex.com/bots)"
95.108.150.235 - - [05/Mar/2012:07:20:09 -0600] "GET / HTTP/1.1" 200 10288 "-" "Mozilla/5.0 (compatible; YandexBot/3.0; +http://yandex.com/bots)"
66.249.71.117 - - [05/Mar/2012:07:45:58 -0600] "GET /robots.txt HTTP/1.1" 404 - "-" "Mozilla/5.0 (compatible; Googlebot/2.1; +http://www.google.com/bot.html)"
66.249.71.117 - - [05/Mar/2012:07:45:58 -0600] "GET /events/vet_picnic/vet_picnic.html HTTP/1.1" 404 - "-" "Mozilla/5.0 (compatible; Googlebot/2.1; +http://www.google.com/bot.html)"
123.125.71.97 - - [05/Mar/2012:07:54:22 -0600] "GET /robots.txt HTTP/1.1" 404 - "-" "Baiduspider+(+http://www.baidu.com/search/spider.htm)"
157.55.39.225 - - [05/Mar/2012:07:54:59 -0600] "GET /robots.txt HTTP/1.1" 404 - "-" "msnbot/2.0b (+http://search.msn.com/msnbot.htm)._"
157.55.39.225 - - [05/Mar/2012:07:54:59 -0600] "GET / HTTP/1.1" 200 10288 "-" "msnbot/2.0b (+http://search.msn.com/msnbot.htm)._"
207.46.204.177 - - [05/Mar/2012:08:39:23 -0600] "GET /robots.txt HTTP/1.1" 404 - "-" "Mozilla/5.0 (compatible; bingbot/2.0; +http://www.bing.com/bingbot.htm)"
207.46.204.177 - - [05/Mar/2012:08:47:49 -0600] "GET /pdf/Cellphones%20for%20Soldiers%20press%20release.pdf HTTP/1.1" 404 - "-" "Mozilla/5.0 (compatible; bingbot/2.0; +http://www.bing.com/bingbot.htm)"
66.249.71.117 - - [05/Mar/2012:09:30:34 -0600] "GET /pdf/The%20new%20address%20for%20the%20National%20Personnel%20Records%20Center%20is.pdf HTTP/1.1" 404 - "-" "Mozilla/5.0 (compatible; Googlebot/2.1; +http://www.google.com/bot.html)"
77.75.77.11 - - [05/Mar/2012:09:59:26 -0600] "GET /robots.txt HTTP/1.1" 404 - "-" "SeznamBot/3.0 (+http://fulltext.sblog.cz/)"
77.75.77.11 - - [05/Mar/2012:09:59:28 -0600] "GET /business_discount.php HTTP/1.1" 404 - "-" "SeznamBot/3.0 (+http://fulltext.sblog.cz/)"
77.75.77.11 - - [05/Mar/2012:10:00:23 -0600] "GET /pdf/wreath_across_america.pdf HTTP/1.1" 404 - "-" "SeznamBot/3.0 (+http://fulltext.sblog.cz/)"
207.46.13.51 - - [05/Mar/2012:10:18:47 -0600] "GET /robots.txt HTTP/1.1" 404 - "-" "Mozilla/5.0 (compatible; bingbot/2.0; +http://www.bing.com/bingbot.htm)"
180.76.5.67 - - [05/Mar/2012:11:14:11 -0600] "GET /donate.php HTTP/1.1" 200 12791 "-" "Mozilla/5.0 (compatible; Baiduspider/2.0; +http://www.baidu.com/search/spider.html)"
207.46.13.51 - - [05/Mar/2012:11:57:07 -0600] "GET / HTTP/1.1" 200 10288 "-" "Mozilla/5.0 (compatible; bingbot/2.0; +http://www.bing.com/bingbot.htm)"
208.115.111.70 - - [05/Mar/2012:12:27:33 -0600] "GET /robots.txt HTTP/1.1" 404 - "-" "Mozilla/5.0 (compatible; Ezooms/1.0; ezooms.bot@gmail.com)"
208.115.111.70 - - [05/Mar/2012:13:29:27 -0600] "GET /benefits.php HTTP/1.1" 404 - "-" "Mozilla/5.0 (compatible; Ezooms/1.0; ezooms.bot@gmail.com)"
123.126.68.20 - - [05/Mar/2012:14:40:16 -0600] "GET / HTTP/1.1" 200 10288 "-" "Sogou web spider/4.0(+http://www.sogou.com/docs/help/webmasters.htm#07)"
157.55.39.225 - - [05/Mar/2012:14:54:36 -0600] "GET /index.php HTTP/1.1" 200 10288 "-" "msnbot/2.0b (+http://search.msn.com/msnbot.htm)._"
157.55.39.225 - - [05/Mar/2012:14:54:38 -0600] "GET /contact.php HTTP/1.1" 200 10298 "-" "msnbot/2.0b (+http://search.msn.com/msnbot.htm)._"
157.55.39.225 - - [05/Mar/2012:14:54:42 -0600] "GET /_inc/slide.php HTTP/1.1" 200 3205 "-" "msnbot/2.0b (+http://search.msn.com/msnbot.htm)._"
157.55.39.225 - - [05/Mar/2012:14:54:44 -0600] "GET /calendar.php HTTP/1.1" 200 10488 "-" "msnbot/2.0b (+http://search.msn.com/msnbot.htm)._"
157.55.39.225 - - [05/Mar/2012:14:54:49 -0600] "GET /slider.html HTTP/1.1" 200 7903 "-" "msnbot/2.0b (+http://search.msn.com/msnbot.htm)._"
157.55.39.225 - - [05/Mar/2012:14:54:51 -0600] "GET /business.php HTTP/1.1" 200 10592 "-" "msnbot/2.0b (+http://search.msn.com/msnbot.htm)._"
157.55.39.225 - - [05/Mar/2012:14:54:53 -0600] "GET /aboutus.php HTTP/1.1" 200 11446 "-" "msnbot/2.0b (+http://search.msn.com/msnbot.htm)._"
157.55.39.225 - - [05/Mar/2012:14:54:54 -0600] "GET /donate.php HTTP/1.1" 200 12791 "-" "msnbot/2.0b (+http://search.msn.com/msnbot.htm)._"
207.46.204.31 - - [05/Mar/2012:16:09:50 -0600] "GET /robots.txt HTTP/1.1" 404 - "-" "msnbot-media/1.1 (+http://search.msn.com/msnbot.htm)"
207.46.204.31 - - [05/Mar/2012:16:09:50 -0600] "GET /events/care_package/images/7.jpg HTTP/1.1" 404 - "-" "msnbot-media/1.1 (+http://search.msn.com/msnbot.htm)"
207.46.194.109 - - [05/Mar/2012:16:11:20 -0600] "GET /robots.txt HTTP/1.1" 404 - "-" "msnbot-media/1.1 (+http://search.msn.com/msnbot.htm)"
207.46.194.109 - - [05/Mar/2012:16:11:21 -0600] "GET /events/care_package/images/1.jpg HTTP/1.1" 404 - "-" "msnbot-media/1.1 (+http://search.msn.com/msnbot.htm)"
100.43.83.155 - - [05/Mar/2012:16:43:49 -0600] "GET /pdf/The%20new%20address%20for%20the%20National%20Personnel%20Records%20Center%20is.pdf HTTP/1.1" 404 - "-" "Mozilla/5.0 (compatible; YandexBot/3.0; +http://yandex.com/bots)"
180.76.5.144 - - [05/Mar/2012:17:12:39 -0600] "GET /donate.php HTTP/1.1" 200 12791 "-" "Mozilla/5.0 (compatible; Baiduspider/2.0; +http://www.baidu.com/search/spider.html)"
70.89.141.89 - - [05/Mar/2012:17:15:05 -0600] "GET / HTTP/1.1" 200 10288 "-" "Mozilla/5.0 (iPhone; CPU iPhone OS 5_0_1 like Mac OS X) AppleWebKit/534.46 (KHTML, like Gecko) Version/5.1 Mobile/9A405 Safari/7534.48.3"
70.89.141.89 - - [05/Mar/2012:17:15:06 -0600] "GET /css/global.css HTTP/1.1" 200 13951 "http://operationspokaneheroes.org/" "Mozilla/5.0 (iPhone; CPU iPhone OS 5_0_1 like Mac OS X) AppleWebKit/534.46 (KHTML, like Gecko) Version/5.1 Mobile/9A405 Safari/7534.48.3"
70.89.141.89 - - [05/Mar/2012:17:15:06 -0600] "GET /css/footer.css HTTP/1.1" 200 752 "http://operationspokaneheroes.org/" "Mozilla/5.0 (iPhone; CPU iPhone OS 5_0_1 like Mac OS X) AppleWebKit/534.46 (KHTML, like Gecko) Version/5.1 Mobile/9A405 Safari/7534.48.3"
70.89.141.89 - - [05/Mar/2012:17:15:06 -0600] "GET /_inc/slide.php HTTP/1.1" 200 3205 "http://operationspokaneheroes.org/" "Mozilla/5.0 (iPhone; CPU iPhone OS 5_0_1 like Mac OS X) AppleWebKit/534.46 (KHTML, like Gecko) Version/5.1 Mobile/9A405 Safari/7534.48.3"
70.89.141.89 - - [05/Mar/2012:17:15:06 -0600] "GET /slider.html HTTP/1.1" 200 7903 "http://operationspokaneheroes.org/" "Mozilla/5.0 (iPhone; CPU iPhone OS 5_0_1 like Mac OS X) AppleWebKit/534.46 (KHTML, like Gecko) Version/5.1 Mobile/9A405 Safari/7534.48.3"
70.89.141.89 - - [05/Mar/2012:17:15:06 -0600] "GET /images/facebook.png HTTP/1.1" 200 5004 "http://operationspokaneheroes.org/" "Mozilla/5.0 (iPhone; CPU iPhone OS 5_0_1 like Mac OS X) AppleWebKit/534.46 (KHTML, like Gecko) Version/5.1 Mobile/9A405 Safari/7534.48.3"
70.89.141.89 - - [05/Mar/2012:17:15:06 -0600] "GET /mainbk.png HTTP/1.1" 200 290 "http://operationspokaneheroes.org/" "Mozilla/5.0 (iPhone; CPU iPhone OS 5_0_1 like Mac OS X) AppleWebKit/534.46 (KHTML, like Gecko) Version/5.1 Mobile/9A405 Safari/7534.48.3"
70.89.141.89 - - [05/Mar/2012:17:15:06 -0600] "GET /images/contacticon.png HTTP/1.1" 200 4499 "http://operationspokaneheroes.org/" "Mozilla/5.0 (iPhone; CPU iPhone OS 5_0_1 like Mac OS X) AppleWebKit/534.46 (KHTML, like Gecko) Version/5.1 Mobile/9A405 Safari/7534.48.3"
70.89.141.89 - - [05/Mar/2012:17:15:06 -0600] "GET /images/global.png HTTP/1.1" 200 5737 "http://operationspokaneheroes.org/" "Mozilla/5.0 (iPhone; CPU iPhone OS 5_0_1 like Mac OS X) AppleWebKit/534.46 (KHTML, like Gecko) Version/5.1 Mobile/9A405 Safari/7534.48.3"
70.89.141.89 - - [05/Mar/2012:17:15:06 -0600] "GET /images/bg2.jpg HTTP/1.1" 200 55206 "http://operationspokaneheroes.org/" "Mozilla/5.0 (iPhone; CPU iPhone OS 5_0_1 like Mac OS X) AppleWebKit/534.46 (KHTML, like Gecko) Version/5.1 Mobile/9A405 Safari/7534.48.3"
70.89.141.89 - - [05/Mar/2012:17:15:06 -0600] "GET /images/logo.png HTTP/1.1" 200 226129 "http://operationspokaneheroes.org/" "Mozilla/5.0 (iPhone; CPU iPhone OS 5_0_1 like Mac OS X) AppleWebKit/534.46 (KHTML, like Gecko) Version/5.1 Mobile/9A405 Safari/7534.48.3"
70.89.141.89 - - [05/Mar/2012:17:15:06 -0600] "GET /images/nav2.jpg HTTP/1.1" 200 4444 "http://operationspokaneheroes.org/" "Mozilla/5.0 (iPhone; CPU iPhone OS 5_0_1 like Mac OS X) AppleWebKit/534.46 (KHTML, like Gecko) Version/5.1 Mobile/9A405 Safari/7534.48.3"
70.89.141.89 - - [05/Mar/2012:17:15:07 -0600] "GET /css/slide.css HTTP/1.1" 200 2869 "http://operationspokaneheroes.org/_inc/slide.php" "Mozilla/5.0 (iPhone; CPU iPhone OS 5_0_1 like Mac OS X) AppleWebKit/534.46 (KHTML, like Gecko) Version/5.1 Mobile/9A405 Safari/7534.48.3"
70.89.141.89 - - [05/Mar/2012:17:15:07 -0600] "GET /css/style_global.css HTTP/1.1" 200 2621 "http://operationspokaneheroes.org/_inc/slide.php" "Mozilla/5.0 (iPhone; CPU iPhone OS 5_0_1 like Mac OS X) AppleWebKit/534.46 (KHTML, like Gecko) Version/5.1 Mobile/9A405 Safari/7534.48.3"
70.89.141.89 - - [05/Mar/2012:17:15:07 -0600] "GET /css/compact_style.css HTTP/1.1" 200 4934 "http://operationspokaneheroes.org/slider.html" "Mozilla/5.0 (iPhone; CPU iPhone OS 5_0_1 like Mac OS X) AppleWebKit/534.46 (KHTML, like Gecko) Version/5.1 Mobile/9A405 Safari/7534.48.3"
70.89.141.89 - - [05/Mar/2012:17:15:07 -0600] "GET /jquery.easing.1.3.js HTTP/1.1" 200 8097 "http://operationspokaneheroes.org/slider.html" "Mozilla/5.0 (iPhone; CPU iPhone OS 5_0_1 like Mac OS X) AppleWebKit/534.46 (KHTML, like Gecko) Version/5.1 Mobile/9A405 Safari/7534.48.3"
70.89.141.89 - - [05/Mar/2012:17:15:07 -0600] "GET /js/cufon-yui.js HTTP/1.1" 200 18257 "http://operationspokaneheroes.org/slider.html" "Mozilla/5.0 (iPhone; CPU iPhone OS 5_0_1 like Mac OS X) AppleWebKit/534.46 (KHTML, like Gecko) Version/5.1 Mobile/9A405 Safari/7534.48.3"
70.89.141.89 - - [05/Mar/2012:17:15:07 -0600] "GET /js/Bebas_400.font.js HTTP/1.1" 200 32806 "http://operationspokaneheroes.org/slider.html" "Mozilla/5.0 (iPhone; CPU iPhone OS 5_0_1 like Mac OS X) AppleWebKit/534.46 (KHTML, like Gecko) Version/5.1 Mobile/9A405 Safari/7534.48.3"
70.89.141.89 - - [05/Mar/2012:17:15:07 -0600] "GET /js/combined.js HTTP/1.1" 200 169946 "http://operationspokaneheroes.org/_inc/slide.php" "Mozilla/5.0 (iPhone; CPU iPhone OS 5_0_1 like Mac OS X) AppleWebKit/534.46 (KHTML, like Gecko) Version/5.1 Mobile/9A405 Safari/7534.48.3"
70.89.141.89 - - [05/Mar/2012:17:15:08 -0600] "GET /images/pearl_harbor.jpg HTTP/1.1" 200 16515 "http://operationspokaneheroes.org/slider.html" "Mozilla/5.0 (iPhone; CPU iPhone OS 5_0_1 like Mac OS X) AppleWebKit/534.46 (KHTML, like Gecko) Version/5.1 Mobile/9A405 Safari/7534.48.3"
70.89.141.89 - - [05/Mar/2012:17:15:08 -0600] "GET /images/marine_breakfast.jpg HTTP/1.1" 200 28792 "http://operationspokaneheroes.org/slider.html" "Mozilla/5.0 (iPhone; CPU iPhone OS 5_0_1 like Mac OS X) AppleWebKit/534.46 (KHTML, like Gecko) Version/5.1 Mobile/9A405 Safari/7534.48.3"
70.89.141.89 - - [05/Mar/2012:17:15:08 -0600] "GET /images/freedom_friday.jpg HTTP/1.1" 200 22631 "http://operationspokaneheroes.org/slider.html" "Mozilla/5.0 (iPhone; CPU iPhone OS 5_0_1 like Mac OS X) AppleWebKit/534.46 (KHTML, like Gecko) Version/5.1 Mobile/9A405 Safari/7534.48.3"
70.89.141.89 - - [05/Mar/2012:17:15:08 -0600] "GET /images/prev.png HTTP/1.1" 200 2995 "http://operationspokaneheroes.org/slider.html" "Mozilla/5.0 (iPhone; CPU iPhone OS 5_0_1 like Mac OS X) AppleWebKit/534.46 (KHTML, like Gecko) Version/5.1 Mobile/9A405 Safari/7534.48.3"
70.89.141.89 - - [05/Mar/2012:17:15:08 -0600] "GET /images/next.png HTTP/1.1" 200 3022 "http://operationspokaneheroes.org/slider.html" "Mozilla/5.0 (iPhone; CPU iPhone OS 5_0_1 like Mac OS X) AppleWebKit/534.46 (KHTML, like Gecko) Version/5.1 Mobile/9A405 Safari/7534.48.3"
70.89.141.89 - - [05/Mar/2012:17:15:08 -0600] "GET /images/osh_static_cling.jpg HTTP/1.1" 200 19209 "http://operationspokaneheroes.org/slider.html" "Mozilla/5.0 (iPhone; CPU iPhone OS 5_0_1 like Mac OS X) AppleWebKit/534.46 (KHTML, like Gecko) Version/5.1 Mobile/9A405 Safari/7534.48.3"
70.89.141.89 - - [05/Mar/2012:17:15:08 -0600] "GET /images/mission_statement_bg.png HTTP/1.1" 200 11413 "http://operationspokaneheroes.org/_inc/slide.php" "Mozilla/5.0 (iPhone; CPU iPhone OS 5_0_1 like Mac OS X) AppleWebKit/534.46 (KHTML, like Gecko) Version/5.1 Mobile/9A405 Safari/7534.48.3"
70.89.141.89 - - [05/Mar/2012:17:15:08 -0600] "GET /images/we_believe.png HTTP/1.1" 200 1785 "http://operationspokaneheroes.org/_inc/slide.php" "Mozilla/5.0 (iPhone; CPU iPhone OS 5_0_1 like Mac OS X) AppleWebKit/534.46 (KHTML, like Gecko) Version/5.1 Mobile/9A405 Safari/7534.48.3"
70.89.141.89 - - [05/Mar/2012:17:15:09 -0600] "GET /images/we_strive.png HTTP/1.1" 200 1981 "http://operationspokaneheroes.org/_inc/slide.php" "Mozilla/5.0 (iPhone; CPU iPhone OS 5_0_1 like Mac OS X) AppleWebKit/534.46 (KHTML, like Gecko) Version/5.1 Mobile/9A405 Safari/7534.48.3"
70.89.141.89 - - [05/Mar/2012:17:15:09 -0600] "GET /assets/images/btn_top_search_hover.png HTTP/1.1" 404 - "http://operationspokaneheroes.org/_inc/slide.php" "Mozilla/5.0 (iPhone; CPU iPhone OS 5_0_1 like Mac OS X) AppleWebKit/534.46 (KHTML, like Gecko) Version/5.1 Mobile/9A405 Safari/7534.48.3"
70.89.141.89 - - [05/Mar/2012:17:15:09 -0600] "GET /images/we_help.png HTTP/1.1" 200 1514 "http://operationspokaneheroes.org/_inc/slide.php" "Mozilla/5.0 (iPhone; CPU iPhone OS 5_0_1 like Mac OS X) AppleWebKit/534.46 (KHTML, like Gecko) Version/5.1 Mobile/9A405 Safari/7534.48.3"
70.89.141.89 - - [05/Mar/2012:17:15:09 -0600] "GET /images/we_need.png HTTP/1.1" 200 2138 "http://operationspokaneheroes.org/_inc/slide.php" "Mozilla/5.0 (iPhone; CPU iPhone OS 5_0_1 like Mac OS X) AppleWebKit/534.46 (KHTML, like Gecko) Version/5.1 Mobile/9A405 Safari/7534.48.3"
70.89.141.89 - - [05/Mar/2012:17:15:08 -0600] "GET /images/2.jpg HTTP/1.1" 200 170993 "http://operationspokaneheroes.org/_inc/slide.php" "Mozilla/5.0 (iPhone; CPU iPhone OS 5_0_1 like Mac OS X) AppleWebKit/534.46 (KHTML, like Gecko) Version/5.1 Mobile/9A405 Safari/7534.48.3"
70.89.141.89 - - [05/Mar/2012:17:15:09 -0600] "GET /images/1.jpg HTTP/1.1" 200 142489 "http://operationspokaneheroes.org/_inc/slide.php" "Mozilla/5.0 (iPhone; CPU iPhone OS 5_0_1 like Mac OS X) AppleWebKit/534.46 (KHTML, like Gecko) Version/5.1 Mobile/9A405 Safari/7534.48.3"
70.89.141.89 - - [05/Mar/2012:17:15:09 -0600] "GET /images/4.jpg HTTP/1.1" 200 186934 "http://operationspokaneheroes.org/_inc/slide.php" "Mozilla/5.0 (iPhone; CPU iPhone OS 5_0_1 like Mac OS X) AppleWebKit/534.46 (KHTML, like Gecko) Version/5.1 Mobile/9A405 Safari/7534.48.3"
70.89.141.89 - - [05/Mar/2012:17:15:09 -0600] "GET /images/3.jpg HTTP/1.1" 200 240733 "http://operationspokaneheroes.org/_inc/slide.php" "Mozilla/5.0 (iPhone; CPU iPhone OS 5_0_1 like Mac OS X) AppleWebKit/534.46 (KHTML, like Gecko) Version/5.1 Mobile/9A405 Safari/7534.48.3"
70.89.141.89 - - [05/Mar/2012:17:15:09 -0600] "GET /assets/images/btn_main_search_hover.png HTTP/1.1" 404 - "http://operationspokaneheroes.org/_inc/slide.php" "Mozilla/5.0 (iPhone; CPU iPhone OS 5_0_1 like Mac OS X) AppleWebKit/534.46 (KHTML, like Gecko) Version/5.1 Mobile/9A405 Safari/7534.48.3"
65.52.108.58 - - [05/Mar/2012:17:30:14 -0600] "GET /robots.txt HTTP/1.1" 404 - "-" "Mozilla/5.0 (compatible; bingbot/2.0; +http://www.bing.com/bingbot.htm)"
207.46.13.143 - - [05/Mar/2012:18:36:48 -0600] "GET /robots.txt HTTP/1.1" 404 - "-" "Mozilla/5.0 (compatible; bingbot/2.0; +http://www.bing.com/bingbot.htm)"
207.46.13.211 - - [05/Mar/2012:19:14:48 -0600] "GET /robots.txt HTTP/1.1" 404 - "-" "Mozilla/5.0 (compatible; bingbot/2.0; +http://www.bing.com/bingbot.htm)"
100.43.83.155 - - [05/Mar/2012:19:36:23 -0600] "GET /business.php HTTP/1.1" 200 10592 "-" "Mozilla/5.0 (compatible; YandexBot/3.0; +http://yandex.com/bots)"
123.125.71.32 - - [05/Mar/2012:20:10:10 -0600] "GET / HTTP/1.1" 200 10288 "-" "Mozilla/5.0 (compatible; Baiduspider/2.0; +http://www.baidu.com/search/spider.html)"
207.46.199.55 - - [05/Mar/2012:20:23:57 -0600] "GET /robots.txt HTTP/1.1" 404 - "-" "Mozilla/5.0 (compatible; bingbot/2.0; +http://www.bing.com/bingbot.htm)"
207.46.199.55 - - [05/Mar/2012:21:32:41 -0600] "GET / HTTP/1.1" 200 10288 "-" "Mozilla/5.0 (compatible; bingbot/2.0; +http://www.bing.com/bingbot.htm)"
213.186.119.131 - - [05/Mar/2012:22:35:00 -0600] "GET /robots.txt HTTP/1.1" 404 - "-" "Mozilla/5.0 (compatible; AhrefsBot/2.0; +http://ahrefs.com/robot/)"
213.186.119.131 - - [05/Mar/2012:22:35:00 -0600] "GET /robots.txt HTTP/1.1" 404 - "-" "Mozilla/5.0 (compatible; AhrefsBot/2.0; +http://ahrefs.com/robot/)"
74.220.207.125 - - [05/Mar/2012:23:11:18 -0600] "HEAD /pdf/Cellphones%20for%20Soldiers%20press%20release.pdf HTTP/1.0" 404 - "-" "WordPress/6307; http://prepaidwirelesscellphone.org"
74.220.207.125 - - [05/Mar/2012:23:11:18 -0600] "GET /pdf/Cellphones%20for%20Soldiers%20press%20release.pdf HTTP/1.0" 404 - "-" "WordPress/6307; http://prepaidwirelesscellphone.org"
74.220.207.125 - - [05/Mar/2012:23:11:18 -0600] "HEAD /pdf/Cellphones%20for%20Soldiers%20press%20release.pdf HTTP/1.0" 404 - "-" "WordPress/6307; http://prepaidwirelesscellphone.org"
74.220.207.125 - - [05/Mar/2012:23:11:18 -0600] "GET /pdf/Cellphones%20for%20Soldiers%20press%20release.pdf HTTP/1.0" 404 - "-" "WordPress/6307; http://prepaidwirelesscellphone.org"
74.220.207.125 - - [05/Mar/2012:23:11:48 -0600] "HEAD /pdf/Cellphones%20for%20Soldiers%20press%20release.pdf HTTP/1.0" 404 - "-" "WordPress/6307; http://prepaidwirelesscellphone.org"
74.220.207.125 - - [05/Mar/2012:23:11:48 -0600] "HEAD /pdf/Cellphones%20for%20Soldiers%20press%20release.pdf HTTP/1.0" 404 - "-" "WordPress/6307; http://prepaidwirelesscellphone.org"
207.46.195.239 - - [06/Mar/2012:00:43:27 -0600] "GET /robots.txt HTTP/1.1" 404 - "-" "Mozilla/5.0 (compatible; bingbot/2.0; +http://www.bing.com/bingbot.htm)"
67.168.14.124 - - [06/Mar/2012:01:21:31 -0600] "GET / HTTP/1.1" 200 10288 "http://www.google.com/url?sa=t&rct=j&q=operation%20spokane%20heroes&source=web&cd=1&ved=0CCMQFjAA&url=http%3A%2F%2Foperationspokaneheroes.org%2F&ei=_7pVT8yxKY_9iQK49bmCCA&usg=AFQjCNGGuKExGUEgtWK2o7s2b3sBxGCH3Q" "Mozilla/5.0 (compatible; MSIE 9.0; Windows NT 6.1; WOW64; Trident/5.0)"
67.168.14.124 - - [06/Mar/2012:01:21:31 -0600] "GET /images/facebook.png HTTP/1.1" 200 5004 "http://operationspokaneheroes.org/" "Mozilla/5.0 (compatible; MSIE 9.0; Windows NT 6.1; WOW64; Trident/5.0)"
67.168.14.124 - - [06/Mar/2012:01:21:31 -0600] "GET /images/contacticon.png HTTP/1.1" 200 4499 "http://operationspokaneheroes.org/" "Mozilla/5.0 (compatible; MSIE 9.0; Windows NT 6.1; WOW64; Trident/5.0)"
67.168.14.124 - - [06/Mar/2012:01:21:31 -0600] "GET /images/global.png HTTP/1.1" 200 5737 "http://operationspokaneheroes.org/" "Mozilla/5.0 (compatible; MSIE 9.0; Windows NT 6.1; WOW64; Trident/5.0)"
67.168.14.124 - - [06/Mar/2012:01:21:31 -0600] "GET /css/footer.css HTTP/1.1" 200 752 "http://operationspokaneheroes.org/" "Mozilla/5.0 (compatible; MSIE 9.0; Windows NT 6.1; WOW64; Trident/5.0)"
67.168.14.124 - - [06/Mar/2012:01:21:31 -0600] "GET /css/global.css HTTP/1.1" 200 13951 "http://operationspokaneheroes.org/" "Mozilla/5.0 (compatible; MSIE 9.0; Windows NT 6.1; WOW64; Trident/5.0)"
67.168.14.124 - - [06/Mar/2012:01:21:31 -0600] "GET /_inc/slide.php HTTP/1.1" 200 3205 "http://operationspokaneheroes.org/" "Mozilla/5.0 (compatible; MSIE 9.0; Windows NT 6.1; WOW64; Trident/5.0)"
67.168.14.124 - - [06/Mar/2012:01:21:32 -0600] "GET /images/nav2.jpg HTTP/1.1" 200 4444 "http://operationspokaneheroes.org/" "Mozilla/5.0 (compatible; MSIE 9.0; Windows NT 6.1; WOW64; Trident/5.0)"
67.168.14.124 - - [06/Mar/2012:01:21:32 -0600] "GET /mainbk.png HTTP/1.1" 200 290 "http://operationspokaneheroes.org/" "Mozilla/5.0 (compatible; MSIE 9.0; Windows NT 6.1; WOW64; Trident/5.0)"
67.168.14.124 - - [06/Mar/2012:01:21:32 -0600] "GET /css/slide.css HTTP/1.1" 200 2869 "http://operationspokaneheroes.org/_inc/slide.php" "Mozilla/5.0 (compatible; MSIE 9.0; Windows NT 6.1; WOW64; Trident/5.0)"
67.168.14.124 - - [06/Mar/2012:01:21:32 -0600] "GET /css/style_global.css HTTP/1.1" 200 2621 "http://operationspokaneheroes.org/_inc/slide.php" "Mozilla/5.0 (compatible; MSIE 9.0; Windows NT 6.1; WOW64; Trident/5.0)"
67.168.14.124 - - [06/Mar/2012:01:21:31 -0600] "GET /images/logo.png HTTP/1.1" 200 226129 "http://operationspokaneheroes.org/" "Mozilla/5.0 (compatible; MSIE 9.0; Windows NT 6.1; WOW64; Trident/5.0)"
67.168.14.124 - - [06/Mar/2012:01:21:32 -0600] "GET /slider.html HTTP/1.1" 200 7903 "http://operationspokaneheroes.org/" "Mozilla/5.0 (compatible; MSIE 9.0; Windows NT 6.1; WOW64; Trident/5.0)"
67.168.14.124 - - [06/Mar/2012:01:21:32 -0600] "GET /css/compact_style.css HTTP/1.1" 200 4934 "http://operationspokaneheroes.org/slider.html" "Mozilla/5.0 (compatible; MSIE 9.0; Windows NT 6.1; WOW64; Trident/5.0)"
67.168.14.124 - - [06/Mar/2012:01:21:32 -0600] "GET /images/bg2.jpg HTTP/1.1" 200 55206 "http://operationspokaneheroes.org/" "Mozilla/5.0 (compatible; MSIE 9.0; Windows NT 6.1; WOW64; Trident/5.0)"
67.168.14.124 - - [06/Mar/2012:01:21:32 -0600] "GET /js/Bebas_400.font.js HTTP/1.1" 200 32806 "http://operationspokaneheroes.org/slider.html" "Mozilla/5.0 (compatible; MSIE 9.0; Windows NT 6.1; WOW64; Trident/5.0)"
67.168.14.124 - - [06/Mar/2012:01:21:32 -0600] "GET /images/pearl_harbor.jpg HTTP/1.1" 200 16515 "http://operationspokaneheroes.org/slider.html" "Mozilla/5.0 (compatible; MSIE 9.0; Windows NT 6.1; WOW64; Trident/5.0)"
67.168.14.124 - - [06/Mar/2012:01:21:32 -0600] "GET /js/cufon-yui.js HTTP/1.1" 200 18257 "http://operationspokaneheroes.org/slider.html" "Mozilla/5.0 (compatible; MSIE 9.0; Windows NT 6.1; WOW64; Trident/5.0)"
67.168.14.124 - - [06/Mar/2012:01:21:32 -0600] "GET /images/freedom_friday.jpg HTTP/1.1" 200 22631 "http://operationspokaneheroes.org/slider.html" "Mozilla/5.0 (compatible; MSIE 9.0; Windows NT 6.1; WOW64; Trident/5.0)"
67.168.14.124 - - [06/Mar/2012:01:21:32 -0600] "GET /images/osh_static_cling.jpg HTTP/1.1" 200 19209 "http://operationspokaneheroes.org/slider.html" "Mozilla/5.0 (compatible; MSIE 9.0; Windows NT 6.1; WOW64; Trident/5.0)"
67.168.14.124 - - [06/Mar/2012:01:21:32 -0600] "GET /jquery.easing.1.3.js HTTP/1.1" 200 8097 "http://operationspokaneheroes.org/slider.html" "Mozilla/5.0 (compatible; MSIE 9.0; Windows NT 6.1; WOW64; Trident/5.0)"
67.168.14.124 - - [06/Mar/2012:01:21:32 -0600] "GET /images/marine_breakfast.jpg HTTP/1.1" 200 28792 "http://operationspokaneheroes.org/slider.html" "Mozilla/5.0 (compatible; MSIE 9.0; Windows NT 6.1; WOW64; Trident/5.0)"
67.168.14.124 - - [06/Mar/2012:01:21:32 -0600] "GET /images/next.png HTTP/1.1" 200 3022 "http://operationspokaneheroes.org/slider.html" "Mozilla/5.0 (compatible; MSIE 9.0; Windows NT 6.1; WOW64; Trident/5.0)"
67.168.14.124 - - [06/Mar/2012:01:21:32 -0600] "GET /images/prev.png HTTP/1.1" 200 2995 "http://operationspokaneheroes.org/slider.html" "Mozilla/5.0 (compatible; MSIE 9.0; Windows NT 6.1; WOW64; Trident/5.0)"
67.168.14.124 - - [06/Mar/2012:01:21:32 -0600] "GET /js/combined.js HTTP/1.1" 200 169946 "http://operationspokaneheroes.org/_inc/slide.php" "Mozilla/5.0 (compatible; MSIE 9.0; Windows NT 6.1; WOW64; Trident/5.0)"
67.168.14.124 - - [06/Mar/2012:01:21:33 -0600] "GET /assets/images/btn_top_search_hover.png HTTP/1.1" 404 - "http://operationspokaneheroes.org/_inc/slide.php" "Mozilla/5.0 (compatible; MSIE 9.0; Windows NT 6.1; WOW64; Trident/5.0)"
67.168.14.124 - - [06/Mar/2012:01:21:33 -0600] "GET /images/we_need.png HTTP/1.1" 200 2138 "http://operationspokaneheroes.org/_inc/slide.php" "Mozilla/5.0 (compatible; MSIE 9.0; Windows NT 6.1; WOW64; Trident/5.0)"
67.168.14.124 - - [06/Mar/2012:01:21:33 -0600] "GET /images/we_strive.png HTTP/1.1" 200 1981 "http://operationspokaneheroes.org/_inc/slide.php" "Mozilla/5.0 (compatible; MSIE 9.0; Windows NT 6.1; WOW64; Trident/5.0)"
67.168.14.124 - - [06/Mar/2012:01:21:33 -0600] "GET /images/we_believe.png HTTP/1.1" 200 1785 "http://operationspokaneheroes.org/_inc/slide.php" "Mozilla/5.0 (compatible; MSIE 9.0; Windows NT 6.1; WOW64; Trident/5.0)"
67.168.14.124 - - [06/Mar/2012:01:21:33 -0600] "GET /images/we_help.png HTTP/1.1" 200 1514 "http://operationspokaneheroes.org/_inc/slide.php" "Mozilla/5.0 (compatible; MSIE 9.0; Windows NT 6.1; WOW64; Trident/5.0)"
67.168.14.124 - - [06/Mar/2012:01:21:33 -0600] "GET /assets/images/btn_main_search_hover.png HTTP/1.1" 404 - "http://operationspokaneheroes.org/_inc/slide.php" "Mozilla/5.0 (compatible; MSIE 9.0; Windows NT 6.1; WOW64; Trident/5.0)"
67.168.14.124 - - [06/Mar/2012:01:21:33 -0600] "GET /images/mission_statement_bg.png HTTP/1.1" 200 11413 "http://operationspokaneheroes.org/_inc/slide.php" "Mozilla/5.0 (compatible; MSIE 9.0; Windows NT 6.1; WOW64; Trident/5.0)"
67.168.14.124 - - [06/Mar/2012:01:21:33 -0600] "GET /images/2.jpg HTTP/1.1" 200 170993 "http://operationspokaneheroes.org/_inc/slide.php" "Mozilla/5.0 (compatible; MSIE 9.0; Windows NT 6.1; WOW64; Trident/5.0)"
67.168.14.124 - - [06/Mar/2012:01:21:33 -0600] "GET /images/4.jpg HTTP/1.1" 200 186934 "http://operationspokaneheroes.org/_inc/slide.php" "Mozilla/5.0 (compatible; MSIE 9.0; Windows NT 6.1; WOW64; Trident/5.0)"
67.168.14.124 - - [06/Mar/2012:01:21:33 -0600] "GET /images/1.jpg HTTP/1.1" 200 142489 "http://operationspokaneheroes.org/_inc/slide.php" "Mozilla/5.0 (compatible; MSIE 9.0; Windows NT 6.1; WOW64; Trident/5.0)"
67.168.14.124 - - [06/Mar/2012:01:21:33 -0600] "GET /images/3.jpg HTTP/1.1" 200 240733 "http://operationspokaneheroes.org/_inc/slide.php" "Mozilla/5.0 (compatible; MSIE 9.0; Windows NT 6.1; WOW64; Trident/5.0)"
67.168.14.124 - - [06/Mar/2012:01:22:26 -0600] "GET /business.php HTTP/1.1" 200 10592 "http://operationspokaneheroes.org/" "Mozilla/5.0 (compatible; MSIE 9.0; Windows NT 6.1; WOW64; Trident/5.0)"
67.168.14.124 - - [06/Mar/2012:01:22:27 -0600] "GET /_inc/slide.php HTTP/1.1" 200 3205 "http://operationspokaneheroes.org/business.php" "Mozilla/5.0 (compatible; MSIE 9.0; Windows NT 6.1; WOW64; Trident/5.0)"
67.168.14.124 - - [06/Mar/2012:01:22:27 -0600] "GET /assets/images/btn_top_search_hover.png HTTP/1.1" 404 - "http://operationspokaneheroes.org/_inc/slide.php" "Mozilla/5.0 (compatible; MSIE 9.0; Windows NT 6.1; WOW64; Trident/5.0)"
67.168.14.124 - - [06/Mar/2012:01:22:27 -0600] "GET /assets/images/btn_main_search_hover.png HTTP/1.1" 404 - "http://operationspokaneheroes.org/_inc/slide.php" "Mozilla/5.0 (compatible; MSIE 9.0; Windows NT 6.1; WOW64; Trident/5.0)"
1.202.218.8 - - [06/Mar/2012:02:16:04 -0600] "GET /robots.txt HTTP/1.0" 404 - "-" "\"Mozilla/5.0"
100.43.83.155 - - [06/Mar/2012:02:55:29 -0600] "GET /robots.txt HTTP/1.1" 404 - "-" "Mozilla/5.0 (compatible; YandexBot/3.0; +http://yandex.com/bots)"
100.43.83.155 - - [06/Mar/2012:02:55:32 -0600] "GET /pdf/NWMSGrandPrix2011FLYER.pdf HTTP/1.1" 404 - "-" "Mozilla/5.0 (compatible; YandexBot/3.0; +http://yandex.com/bots)"
66.249.71.74 - - [06/Mar/2012:02:57:59 -0600] "GET /robots.txt HTTP/1.1" 404 - "-" "Mozilla/5.0 (compatible; Googlebot/2.1; +http://www.google.com/bot.html)"
66.249.71.74 - - [06/Mar/2012:02:57:59 -0600] "GET /pdf/MCL%20Breakfast%20-%20March%202012.pdf HTTP/1.1" 200 3577153 "-" "Googlebot/2.1 (+http://www.google.com/bot.html)"
66.249.71.74 - - [06/Mar/2012:03:10:37 -0600] "GET /pdf/pearl%20harbor_map.pdf HTTP/1.1" 200 1596009 "-" "Googlebot/2.1 (+http://www.google.com/bot.html)"
72.94.249.38 - - [06/Mar/2012:03:58:27 -0600] "GET / HTTP/1.1" 200 10288 "-" "Mozilla/4.0 (compatible; MSIE 6.0; Windows NT 5.1; SV1; .NET CLR 1.1.4322)"
66.249.71.117 - - [06/Mar/2012:05:00:15 -0600] "GET /robots.txt HTTP/1.1" 404 - "-" "Mozilla/5.0 (compatible; Googlebot/2.1; +http://www.google.com/bot.html)"
66.249.71.117 - - [06/Mar/2012:05:00:16 -0600] "GET /mission.php HTTP/1.1" 404 - "-" "Mozilla/5.0 (compatible; Googlebot/2.1; +http://www.google.com/bot.html)"
208.115.113.86 - - [06/Mar/2012:05:17:59 -0600] "GET /robots.txt HTTP/1.1" 404 - "-" "Mozilla/5.0 (compatible; Ezooms/1.0; ezooms.bot@gmail.com)"
1.202.218.8 - - [06/Mar/2012:05:22:59 -0600] "GET /robots.txt HTTP/1.0" 404 - "-" "\"Mozilla/5.0"
220.181.108.109 - - [06/Mar/2012:05:54:01 -0600] "GET /images/veterans.jpg HTTP/1.1" 404 - "-" "Baiduspider-image+(+http://www.baidu.com/search/spider.htm)"
220.181.108.90 - - [06/Mar/2012:05:54:04 -0600] "GET /images/records_logo.jpg HTTP/1.1" 404 - "-" "Baiduspider-image+(+http://www.baidu.com/search/spider.htm)"
208.115.113.86 - - [06/Mar/2012:06:04:22 -0600] "GET /contact.php HTTP/1.1" 200 10298 "-" "Mozilla/5.0 (compatible; Ezooms/1.0; ezooms.bot@gmail.com)"
157.55.39.225 - - [06/Mar/2012:06:37:04 -0600] "GET /robots.txt HTTP/1.1" 404 - "-" "msnbot/2.0b (+http://search.msn.com/msnbot.htm)._"
157.55.39.225 - - [06/Mar/2012:06:37:04 -0600] "GET / HTTP/1.1" 200 10288 "-" "msnbot/2.0b (+http://search.msn.com/msnbot.htm)._"
66.226.77.39 - - [06/Mar/2012:06:43:28 -0600] "GET / HTTP/1.1" 200 10288 "-" "Mozilla/5.0 (Windows NT 6.1; rv:7.0.1) Gecko/20100101 Firefox/7.0.1"
66.226.77.39 - - [06/Mar/2012:06:43:28 -0600] "GET /aboutus.php HTTP/1.1" 200 11446 "http://www.operationspokaneheroes.org" "Mozilla/5.0 (Windows NT 6.1; rv:7.0.1) Gecko/20100101 Firefox/7.0.1"
66.226.77.39 - - [06/Mar/2012:06:43:29 -0600] "GET /business.php HTTP/1.1" 200 10592 "http://www.operationspokaneheroes.org/aboutus.php" "Mozilla/5.0 (Windows NT 6.1; rv:7.0.1) Gecko/20100101 Firefox/7.0.1"
66.226.77.39 - - [06/Mar/2012:06:43:29 -0600] "GET /calendar.php HTTP/1.1" 200 10488 "http://www.operationspokaneheroes.org/business.php" "Mozilla/5.0 (Windows NT 6.1; rv:7.0.1) Gecko/20100101 Firefox/7.0.1"
66.226.77.39 - - [06/Mar/2012:06:43:29 -0600] "GET /contact.php HTTP/1.1" 200 10298 "http://www.operationspokaneheroes.org/calendar.php" "Mozilla/5.0 (Windows NT 6.1; rv:7.0.1) Gecko/20100101 Firefox/7.0.1"
66.226.77.39 - - [06/Mar/2012:06:43:29 -0600] "GET /index.php HTTP/1.1" 200 10288 "http://www.operationspokaneheroes.org/contact.php" "Mozilla/5.0 (Windows NT 6.1; rv:7.0.1) Gecko/20100101 Firefox/7.0.1"
207.46.199.55 - - [06/Mar/2012:07:06:55 -0600] "GET /robots.txt HTTP/1.1" 404 - "-" "Mozilla/5.0 (compatible; bingbot/2.0; +http://www.bing.com/bingbot.htm)"
180.76.5.195 - - [06/Mar/2012:07:20:06 -0600] "GET /slider.html HTTP/1.1" 200 7903 "-" "Mozilla/5.0 (compatible; Baiduspider/2.0; +http://www.baidu.com/search/spider.html)"
180.76.5.63 - - [06/Mar/2012:09:04:04 -0600] "GET /css/global.css HTTP/1.1" 200 13951 "-" "Mozilla/5.0 (compatible; Baiduspider/2.0; +http://www.baidu.com/search/spider.html)"
66.249.71.74 - - [06/Mar/2012:09:07:52 -0600] "GET /slider.html HTTP/1.1" 304 - "-" "Mozilla/5.0 (compatible; Googlebot/2.1; +http://www.google.com/bot.html)"
66.249.71.117 - - [06/Mar/2012:09:13:30 -0600] "GET /employers.php HTTP/1.1" 404 - "-" "Mozilla/5.0 (compatible; Googlebot/2.1; +http://www.google.com/bot.html)"
1.202.218.8 - - [06/Mar/2012:09:34:42 -0600] "GET /robots.txt HTTP/1.0" 404 - "-" "\"Mozilla/5.0"
77.75.77.17 - - [06/Mar/2012:11:32:21 -0600] "GET /robots.txt HTTP/1.1" 404 - "-" "SeznamBot/3.0 (+http://fulltext.sblog.cz/)"
77.75.77.17 - - [06/Mar/2012:11:32:23 -0600] "GET /calendar.php HTTP/1.1" 200 10488 "-" "SeznamBot/3.0 (+http://fulltext.sblog.cz/)"
77.75.77.17 - - [06/Mar/2012:11:32:29 -0600] "GET /contact.php HTTP/1.1" 200 10298 "-" "SeznamBot/3.0 (+http://fulltext.sblog.cz/)"
207.46.13.146 - - [06/Mar/2012:12:02:37 -0600] "GET /events.php HTTP/1.1" 200 8158 "-" "Mozilla/5.0 (compatible; bingbot/2.0; +http://www.bing.com/bingbot.htm)"
180.76.5.90 - - [06/Mar/2012:12:03:15 -0600] "GET /css/global.css HTTP/1.1" 200 13951 "-" "Mozilla/5.0 (compatible; Baiduspider/2.0; +http://www.baidu.com/search/spider.html)"
85.214.56.174 - - [06/Mar/2012:12:32:00 -0600] "GET / HTTP/1.1" 200 10288 "-" "dcrawl/001"
157.55.39.225 - - [06/Mar/2012:12:37:46 -0600] "GET /index.php HTTP/1.1" 200 10288 "-" "msnbot/2.0b (+http://search.msn.com/msnbot.htm)._"
157.55.39.225 - - [06/Mar/2012:12:37:48 -0600] "GET /contact.php HTTP/1.1" 200 10298 "-" "msnbot/2.0b (+http://search.msn.com/msnbot.htm)._"
157.55.39.225 - - [06/Mar/2012:12:37:50 -0600] "GET /_inc/slide.php HTTP/1.1" 200 3205 "-" "msnbot/2.0b (+http://search.msn.com/msnbot.htm)._"
157.55.39.225 - - [06/Mar/2012:12:37:51 -0600] "GET /calendar.php HTTP/1.1" 200 10488 "-" "msnbot/2.0b (+http://search.msn.com/msnbot.htm)._"
157.55.39.225 - - [06/Mar/2012:12:37:54 -0600] "GET /slider.html HTTP/1.1" 200 7903 "-" "msnbot/2.0b (+http://search.msn.com/msnbot.htm)._"
157.55.39.225 - - [06/Mar/2012:12:37:56 -0600] "GET /business.php HTTP/1.1" 200 10592 "-" "msnbot/2.0b (+http://search.msn.com/msnbot.htm)._"
157.55.39.225 - - [06/Mar/2012:12:38:00 -0600] "GET /aboutus.php HTTP/1.1" 200 11446 "-" "msnbot/2.0b (+http://search.msn.com/msnbot.htm)._"
157.55.39.225 - - [06/Mar/2012:12:38:03 -0600] "GET /donate.php HTTP/1.1" 200 12791 "-" "msnbot/2.0b (+http://search.msn.com/msnbot.htm)._"
66.249.71.74 - - [06/Mar/2012:12:38:52 -0600] "GET /business_discount.php HTTP/1.1" 404 - "-" "Mozilla/5.0 (compatible; Googlebot/2.1; +http://www.google.com/bot.html)"
1.202.218.8 - - [06/Mar/2012:12:45:50 -0600] "GET /robots.txt HTTP/1.0" 404 - "-" "\"Mozilla/5.0"
66.249.71.117 - - [06/Mar/2012:15:32:58 -0600] "GET /java_for_joes/index.html HTTP/1.1" 404 - "-" "Mozilla/5.0 (compatible; Googlebot/2.1; +http://www.google.com/bot.html)"
180.76.6.36 - - [06/Mar/2012:16:26:32 -0600] "GET /robots.txt HTTP/1.1" 404 - "-" "Baiduspider+(+http://www.baidu.com/search/spider.htm)"
180.76.5.155 - - [06/Mar/2012:16:27:12 -0600] "GET /robots.txt HTTP/1.1" 404 - "-" "Baiduspider+(+http://www.baidu.com/search/spider.htm)"
66.249.71.74 - - [06/Mar/2012:16:59:06 -0600] "GET /robots.txt HTTP/1.1" 404 - "-" "Mozilla/5.0 (compatible; Googlebot/2.1; +http://www.google.com/bot.html)"
66.249.71.74 - - [06/Mar/2012:16:59:06 -0600] "GET / HTTP/1.1" 200 10288 "-" "Mozilla/5.0 (iPhone; U; CPU iPhone OS 4_1 like Mac OS X; en-us) AppleWebKit/532.9 (KHTML, like Gecko) Version/4.0.5 Mobile/8B117 Safari/6531.22.7 (compatible; Googlebot-Mobile/2.1; +http://www.google.com/bot.html)"
1.202.218.8 - - [06/Mar/2012:17:21:00 -0600] "GET /robots.txt HTTP/1.0" 404 - "-" "\"Mozilla/5.0"
180.76.6.230 - - [06/Mar/2012:18:00:10 -0600] "GET /slider.html HTTP/1.1" 200 7903 "-" "Mozilla/5.0 (compatible; Baiduspider/2.0; +http://www.baidu.com/search/spider.html)"
100.43.83.155 - - [06/Mar/2012:19:31:05 -0600] "GET /pdf/wreath_across_america.pdf HTTP/1.1" 404 - "-" "Mozilla/5.0 (compatible; YandexBot/3.0; +http://yandex.com/bots)"
208.115.111.70 - - [06/Mar/2012:19:53:56 -0600] "GET /robots.txt HTTP/1.1" 404 - "-" "Mozilla/5.0 (compatible; Ezooms/1.0; ezooms.bot@gmail.com)"
213.186.119.131 - - [06/Mar/2012:20:24:38 -0600] "GET /robots.txt HTTP/1.1" 404 - "-" "Mozilla/5.0 (compatible; AhrefsBot/2.0; +http://ahrefs.com/robot/)"
213.186.119.131 - - [06/Mar/2012:20:24:38 -0600] "GET /robots.txt HTTP/1.1" 404 - "-" "Mozilla/5.0 (compatible; AhrefsBot/2.0; +http://ahrefs.com/robot/)"
208.115.111.70 - - [06/Mar/2012:20:41:11 -0600] "GET /business_discount.php HTTP/1.1" 404 - "-" "Mozilla/5.0 (compatible; Ezooms/1.0; ezooms.bot@gmail.com)"
207.46.199.55 - - [06/Mar/2012:21:31:13 -0600] "GET /robots.txt HTTP/1.1" 404 - "-" "Mozilla/5.0 (compatible; bingbot/2.0; +http://www.bing.com/bingbot.htm)"
207.46.199.55 - - [06/Mar/2012:21:37:34 -0600] "GET / HTTP/1.1" 200 10288 "-" "Mozilla/5.0 (compatible; bingbot/2.0; +http://www.bing.com/bingbot.htm)"
69.171.234.1 - - [06/Mar/2012:21:45:27 -0600] "GET / HTTP/1.1" 200 10288 "-" "facebookexternalhit/1.1 (+http://www.facebook.com/externalhit_uatext.php)"
69.28.40.173 - - [06/Mar/2012:21:45:29 -0600] "GET / HTTP/1.1" 200 10288 "http://www.facebook.com/l.php?u=http%3A%2F%2Fwww.operationspokaneheroes.org%2F&h=GAQEuTlz4" "Mozilla/5.0 (compatible; MSIE 9.0; Windows NT 6.1; Trident/5.0)"
69.28.40.173 - - [06/Mar/2012:21:45:29 -0600] "GET /css/global.css HTTP/1.1" 200 13951 "http://www.operationspokaneheroes.org/" "Mozilla/5.0 (compatible; MSIE 9.0; Windows NT 6.1; Trident/5.0)"
69.28.40.173 - - [06/Mar/2012:21:45:30 -0600] "GET /css/footer.css HTTP/1.1" 200 752 "http://www.operationspokaneheroes.org/" "Mozilla/5.0 (compatible; MSIE 9.0; Windows NT 6.1; Trident/5.0)"
69.28.40.173 - - [06/Mar/2012:21:45:30 -0600] "GET /images/contacticon.png HTTP/1.1" 200 4499 "http://www.operationspokaneheroes.org/" "Mozilla/5.0 (compatible; MSIE 9.0; Windows NT 6.1; Trident/5.0)"
69.28.40.173 - - [06/Mar/2012:21:45:30 -0600] "GET /images/global.png HTTP/1.1" 200 5737 "http://www.operationspokaneheroes.org/" "Mozilla/5.0 (compatible; MSIE 9.0; Windows NT 6.1; Trident/5.0)"
69.28.40.173 - - [06/Mar/2012:21:45:30 -0600] "GET /images/facebook.png HTTP/1.1" 200 5004 "http://www.operationspokaneheroes.org/" "Mozilla/5.0 (compatible; MSIE 9.0; Windows NT 6.1; Trident/5.0)"
69.28.40.173 - - [06/Mar/2012:21:45:30 -0600] "GET /slider.html HTTP/1.1" 200 7903 "http://www.operationspokaneheroes.org/" "Mozilla/5.0 (compatible; MSIE 9.0; Windows NT 6.1; Trident/5.0)"
69.28.40.173 - - [06/Mar/2012:21:45:30 -0600] "GET /_inc/slide.php HTTP/1.1" 200 3205 "http://www.operationspokaneheroes.org/" "Mozilla/5.0 (compatible; MSIE 9.0; Windows NT 6.1; Trident/5.0)"
69.28.40.173 - - [06/Mar/2012:21:45:30 -0600] "GET /images/nav2.jpg HTTP/1.1" 200 4444 "http://www.operationspokaneheroes.org/" "Mozilla/5.0 (compatible; MSIE 9.0; Windows NT 6.1; Trident/5.0)"
69.28.40.173 - - [06/Mar/2012:21:45:30 -0600] "GET /mainbk.png HTTP/1.1" 200 290 "http://www.operationspokaneheroes.org/" "Mozilla/5.0 (compatible; MSIE 9.0; Windows NT 6.1; Trident/5.0)"
69.28.40.173 - - [06/Mar/2012:21:45:31 -0600] "GET /css/compact_style.css HTTP/1.1" 200 4934 "http://www.operationspokaneheroes.org/slider.html" "Mozilla/5.0 (compatible; MSIE 9.0; Windows NT 6.1; Trident/5.0)"
69.28.40.173 - - [06/Mar/2012:21:45:30 -0600] "GET /images/bg2.jpg HTTP/1.1" 200 55206 "http://www.operationspokaneheroes.org/" "Mozilla/5.0 (compatible; MSIE 9.0; Windows NT 6.1; Trident/5.0)"
69.28.40.173 - - [06/Mar/2012:21:45:31 -0600] "GET /js/cufon-yui.js HTTP/1.1" 200 18257 "http://www.operationspokaneheroes.org/slider.html" "Mozilla/5.0 (compatible; MSIE 9.0; Windows NT 6.1; Trident/5.0)"
69.28.40.173 - - [06/Mar/2012:21:45:32 -0600] "GET /images/marine_breakfast.jpg HTTP/1.1" 200 28792 "http://www.operationspokaneheroes.org/slider.html" "Mozilla/5.0 (compatible; MSIE 9.0; Windows NT 6.1; Trident/5.0)"
69.28.40.173 - - [06/Mar/2012:21:45:31 -0600] "GET /js/Bebas_400.font.js HTTP/1.1" 200 32806 "http://www.operationspokaneheroes.org/slider.html" "Mozilla/5.0 (compatible; MSIE 9.0; Windows NT 6.1; Trident/5.0)"
69.28.40.173 - - [06/Mar/2012:21:45:32 -0600] "GET /images/pearl_harbor.jpg HTTP/1.1" 200 16515 "http://www.operationspokaneheroes.org/slider.html" "Mozilla/5.0 (compatible; MSIE 9.0; Windows NT 6.1; Trident/5.0)"
69.28.40.173 - - [06/Mar/2012:21:45:32 -0600] "GET /images/osh_static_cling.jpg HTTP/1.1" 200 19209 "http://www.operationspokaneheroes.org/slider.html" "Mozilla/5.0 (compatible; MSIE 9.0; Windows NT 6.1; Trident/5.0)"
69.28.40.173 - - [06/Mar/2012:21:45:33 -0600] "GET /jquery.easing.1.3.js HTTP/1.1" 200 8097 "http://www.operationspokaneheroes.org/slider.html" "Mozilla/5.0 (compatible; MSIE 9.0; Windows NT 6.1; Trident/5.0)"
69.28.40.173 - - [06/Mar/2012:21:45:35 -0600] "GET /images/prev.png HTTP/1.1" 200 2995 "http://www.operationspokaneheroes.org/slider.html" "Mozilla/5.0 (compatible; MSIE 9.0; Windows NT 6.1; Trident/5.0)"
69.28.40.173 - - [06/Mar/2012:21:45:32 -0600] "GET /images/freedom_friday.jpg HTTP/1.1" 200 22631 "http://www.operationspokaneheroes.org/slider.html" "Mozilla/5.0 (compatible; MSIE 9.0; Windows NT 6.1; Trident/5.0)"
69.28.40.173 - - [06/Mar/2012:21:45:36 -0600] "GET /images/next.png HTTP/1.1" 200 3022 "http://www.operationspokaneheroes.org/slider.html" "Mozilla/5.0 (compatible; MSIE 9.0; Windows NT 6.1; Trident/5.0)"
69.28.40.173 - - [06/Mar/2012:21:45:36 -0600] "GET /css/style_global.css HTTP/1.1" 200 2621 "http://www.operationspokaneheroes.org/_inc/slide.php" "Mozilla/5.0 (compatible; MSIE 9.0; Windows NT 6.1; Trident/5.0)"
69.28.40.173 - - [06/Mar/2012:21:45:29 -0600] "GET /images/logo.png HTTP/1.1" 200 226129 "http://www.operationspokaneheroes.org/" "Mozilla/5.0 (compatible; MSIE 9.0; Windows NT 6.1; Trident/5.0)"
69.28.40.173 - - [06/Mar/2012:21:45:38 -0600] "GET /css/slide.css HTTP/1.1" 200 2869 "http://www.operationspokaneheroes.org/_inc/slide.php" "Mozilla/5.0 (compatible; MSIE 9.0; Windows NT 6.1; Trident/5.0)"
69.28.40.173 - - [06/Mar/2012:21:45:35 -0600] "GET /js/combined.js HTTP/1.1" 200 169946 "http://www.operationspokaneheroes.org/_inc/slide.php" "Mozilla/5.0 (compatible; MSIE 9.0; Windows NT 6.1; Trident/5.0)"
69.28.40.173 - - [06/Mar/2012:21:45:41 -0600] "GET /assets/images/btn_main_search_hover.png HTTP/1.1" 404 - "http://www.operationspokaneheroes.org/_inc/slide.php" "Mozilla/5.0 (compatible; MSIE 9.0; Windows NT 6.1; Trident/5.0)"
69.28.40.173 - - [06/Mar/2012:21:45:42 -0600] "GET /images/we_strive.png HTTP/1.1" 200 1981 "http://www.operationspokaneheroes.org/_inc/slide.php" "Mozilla/5.0 (compatible; MSIE 9.0; Windows NT 6.1; Trident/5.0)"
69.28.40.173 - - [06/Mar/2012:21:45:42 -0600] "GET /images/mission_statement_bg.png HTTP/1.1" 200 11413 "http://www.operationspokaneheroes.org/_inc/slide.php" "Mozilla/5.0 (compatible; MSIE 9.0; Windows NT 6.1; Trident/5.0)"
69.28.40.173 - - [06/Mar/2012:21:45:44 -0600] "GET /images/we_help.png HTTP/1.1" 200 1514 "http://www.operationspokaneheroes.org/_inc/slide.php" "Mozilla/5.0 (compatible; MSIE 9.0; Windows NT 6.1; Trident/5.0)"
69.28.40.173 - - [06/Mar/2012:21:45:44 -0600] "GET /images/we_need.png HTTP/1.1" 200 2138 "http://www.operationspokaneheroes.org/_inc/slide.php" "Mozilla/5.0 (compatible; MSIE 9.0; Windows NT 6.1; Trident/5.0)"
69.28.40.173 - - [06/Mar/2012:21:45:44 -0600] "GET /assets/images/btn_top_search_hover.png HTTP/1.1" 404 - "http://www.operationspokaneheroes.org/_inc/slide.php" "Mozilla/5.0 (compatible; MSIE 9.0; Windows NT 6.1; Trident/5.0)"
69.28.40.173 - - [06/Mar/2012:21:45:44 -0600] "GET /images/we_believe.png HTTP/1.1" 200 1785 "http://www.operationspokaneheroes.org/_inc/slide.php" "Mozilla/5.0 (compatible; MSIE 9.0; Windows NT 6.1; Trident/5.0)"
69.28.40.173 - - [06/Mar/2012:21:45:45 -0600] "GET /favicon.ico HTTP/1.1" 404 - "-" "Mozilla/5.0 (compatible; MSIE 9.0; Windows NT 6.1; Trident/5.0)"
69.28.40.173 - - [06/Mar/2012:21:45:42 -0600] "GET /images/1.jpg HTTP/1.1" 200 142489 "http://www.operationspokaneheroes.org/_inc/slide.php" "Mozilla/5.0 (compatible; MSIE 9.0; Windows NT 6.1; Trident/5.0)"
69.28.40.173 - - [06/Mar/2012:21:45:42 -0600] "GET /images/2.jpg HTTP/1.1" 200 170993 "http://www.operationspokaneheroes.org/_inc/slide.php" "Mozilla/5.0 (compatible; MSIE 9.0; Windows NT 6.1; Trident/5.0)"
69.28.40.173 - - [06/Mar/2012:21:45:42 -0600] "GET /images/4.jpg HTTP/1.1" 200 186934 "http://www.operationspokaneheroes.org/_inc/slide.php" "Mozilla/5.0 (compatible; MSIE 9.0; Windows NT 6.1; Trident/5.0)"
69.28.40.173 - - [06/Mar/2012:21:45:42 -0600] "GET /images/3.jpg HTTP/1.1" 200 240733 "http://www.operationspokaneheroes.org/_inc/slide.php" "Mozilla/5.0 (compatible; MSIE 9.0; Windows NT 6.1; Trident/5.0)"
69.28.40.173 - - [06/Mar/2012:21:47:04 -0600] "GET /index.php HTTP/1.1" 200 10288 "http://www.operationspokaneheroes.org/" "Mozilla/5.0 (compatible; MSIE 9.0; Windows NT 6.1; Trident/5.0)"
69.28.40.173 - - [06/Mar/2012:21:47:05 -0600] "GET /_inc/slide.php HTTP/1.1" 200 3205 "http://www.operationspokaneheroes.org/index.php" "Mozilla/5.0 (compatible; MSIE 9.0; Windows NT 6.1; Trident/5.0)"
69.28.40.173 - - [06/Mar/2012:21:47:05 -0600] "GET /assets/images/btn_top_search_hover.png HTTP/1.1" 404 - "http://www.operationspokaneheroes.org/_inc/slide.php" "Mozilla/5.0 (compatible; MSIE 9.0; Windows NT 6.1; Trident/5.0)"
