180.76.6.28 - - [30/Sep/2013:18:48:54 -0500] "GET /pdf/11x17%20Pennant%20Run%20Poster.pdf HTTP/1.1" 200 3075560 "-" "Mozilla/5.0 (Windows NT 5.1; rv:6.0.2) Gecko/20100101 Firefox/6.0.2"
157.55.35.34 - - [30/Sep/2013:19:22:36 -0500] "GET /robots.txt HTTP/1.1" 404 - "-" "Mozilla/5.0 (compatible; bingbot/2.0; +http://www.bing.com/bingbot.htm)"
157.55.35.34 - - [30/Sep/2013:19:28:19 -0500] "GET / HTTP/1.1" 200 10635 "-" "Mozilla/5.0 (compatible; bingbot/2.0; +http://www.bing.com/bingbot.htm)"
157.55.35.34 - - [30/Sep/2013:20:34:08 -0500] "GET /robots.txt HTTP/1.1" 404 - "-" "Mozilla/5.0 (compatible; bingbot/2.0; +http://www.bing.com/bingbot.htm)"
157.55.35.34 - - [30/Sep/2013:20:35:27 -0500] "GET / HTTP/1.1" 200 10635 "-" "Mozilla/5.0 (compatible; bingbot/2.0; +http://www.bing.com/bingbot.htm)"
66.249.74.41 - - [30/Sep/2013:21:21:00 -0500] "GET /robots.txt HTTP/1.1" 404 - "-" "Mozilla/5.0 (compatible; Googlebot/2.1; +http://www.google.com/bot.html)"
66.249.74.41 - - [30/Sep/2013:21:21:00 -0500] "GET / HTTP/1.1" 200 10635 "-" "Mozilla/5.0 (iPhone; U; CPU iPhone OS 4_1 like Mac OS X; en-us) AppleWebKit/532.9 (KHTML, like Gecko) Version/4.0.5 Mobile/8B117 Safari/6531.22.7 (compatible; Googlebot-Mobile/2.1; +http://www.google.com/bot.html)"
66.249.74.41 - - [30/Sep/2013:21:24:34 -0500] "GET /css/global.css HTTP/1.1" 200 13951 "-" "Mozilla/5.0 (compatible; Googlebot/2.1; +http://www.google.com/bot.html)"
66.249.74.41 - - [30/Sep/2013:21:24:35 -0500] "GET /css/footer.css HTTP/1.1" 200 752 "-" "Mozilla/5.0 (compatible; Googlebot/2.1; +http://www.google.com/bot.html)"
66.249.74.41 - - [30/Sep/2013:21:24:36 -0500] "GET /slider/css/style.css HTTP/1.1" 200 1379 "-" "Mozilla/5.0 (compatible; Googlebot/2.1; +http://www.google.com/bot.html)"
66.249.74.41 - - [30/Sep/2013:21:24:37 -0500] "GET /css/style_global.css HTTP/1.1" 200 2621 "-" "Mozilla/5.0 (compatible; Googlebot/2.1; +http://www.google.com/bot.html)"
66.249.74.43 - - [30/Sep/2013:21:27:04 -0500] "GET /robots.txt HTTP/1.1" 404 - "-" "Mozilla/5.0 (compatible; Googlebot/2.1; +http://www.google.com/bot.html)"
66.249.74.43 - - [30/Sep/2013:21:27:04 -0500] "GET / HTTP/1.1" 200 10635 "-" "Mozilla/5.0 (iPhone; U; CPU iPhone OS 4_1 like Mac OS X; en-us) AppleWebKit/532.9 (KHTML, like Gecko) Version/4.0.5 Mobile/8B117 Safari/6531.22.7 (compatible; Googlebot-Mobile/2.1; +http://www.google.com/bot.html)"
5.10.83.10 - - [30/Sep/2013:21:30:39 -0500] "GET / HTTP/1.1" 200 10635 "-" "Mozilla/5.0 (compatible; AhrefsBot/5.0; +http://ahrefs.com/robot/)"
66.249.74.43 - - [30/Sep/2013:21:34:33 -0500] "GET /slider/css/style.css HTTP/1.1" 200 1379 "-" "Mozilla/5.0 (compatible; Googlebot/2.1; +http://www.google.com/bot.html)"
66.249.74.43 - - [30/Sep/2013:21:34:35 -0500] "GET /css/global.css HTTP/1.1" 200 13951 "-" "Mozilla/5.0 (compatible; Googlebot/2.1; +http://www.google.com/bot.html)"
180.76.5.173 - - [30/Sep/2013:21:50:42 -0500] "GET /pdf/AFLP%203%20Plate.pdf HTTP/1.1" 200 511881 "-" "Mozilla/5.0 (Windows NT 5.1; rv:6.0.2) Gecko/20100101 Firefox/6.0.2"
208.115.113.86 - - [30/Sep/2013:22:15:33 -0500] "GET /robots.txt HTTP/1.1" 404 - "-" "Mozilla/5.0 (compatible; Ezooms/1.0; ezooms.bot@gmail.com)"
208.115.113.86 - - [30/Sep/2013:23:28:17 -0500] "GET /business.php HTTP/1.1" 200 10813 "-" "Mozilla/5.0 (compatible; Ezooms/1.0; ezooms.bot@gmail.com)"
180.76.5.136 - - [01/Oct/2013:00:50:17 -0500] "GET /pdf/Hiring%20Our%20Heroes%20Sept%202013%20Career%20Fair%20Flyer.pdf HTTP/1.1" 200 406827 "-" "Mozilla/5.0 (Windows NT 5.1; rv:6.0.2) Gecko/20100101 Firefox/6.0.2"
180.76.5.170 - - [01/Oct/2013:01:08:59 -0500] "GET /pdf/WAwillvetsFINAL.pdf HTTP/1.1" 200 4202968 "-" "Mozilla/5.0 (Windows NT 5.1; rv:6.0.2) Gecko/20100101 Firefox/6.0.2"
199.21.99.103 - - [01/Oct/2013:02:01:37 -0500] "GET /robots.txt HTTP/1.1" 404 - "-" "Mozilla/5.0 (compatible; YandexBot/3.0; +http://yandex.com/bots)"
208.115.113.86 - - [01/Oct/2013:02:13:06 -0500] "GET /robots.txt HTTP/1.1" 404 - "-" "Mozilla/5.0 (compatible; Ezooms/1.0; ezooms.bot@gmail.com)"
199.21.99.103 - - [01/Oct/2013:03:07:26 -0500] "GET /pdf/freaky_farms.pdf HTTP/1.1" 200 390664 "-" "Mozilla/5.0 (compatible; YandexBot/3.0; +http://yandex.com/bots)"
208.115.113.86 - - [01/Oct/2013:03:29:15 -0500] "GET /freedom.php HTTP/1.1" 200 11227 "-" "Mozilla/5.0 (compatible; Ezooms/1.0; ezooms.bot@gmail.com)"
180.76.5.15 - - [01/Oct/2013:03:50:50 -0500] "GET /pdf/Idaho+DOL+Sep+-+Oct+2013.pdf HTTP/1.1" 200 522959 "-" "Mozilla/5.0 (Windows NT 5.1; rv:6.0.2) Gecko/20100101 Firefox/6.0.2"
5.10.83.85 - - [01/Oct/2013:03:53:47 -0500] "GET /aboutus.php HTTP/1.1" 200 11667 "-" "Mozilla/5.0 (compatible; AhrefsBot/5.0; +http://ahrefs.com/robot/)"
66.249.74.43 - - [01/Oct/2013:04:07:25 -0500] "GET /events/vet_picnic/images/4.jpg HTTP/1.1" 304 - "-" "Googlebot-Image/1.0"
157.55.35.34 - - [01/Oct/2013:04:27:05 -0500] "GET /robots.txt HTTP/1.1" 404 - "-" "Mozilla/5.0 (compatible; bingbot/2.0; +http://www.bing.com/bingbot.htm)"
157.55.35.34 - - [01/Oct/2013:04:27:29 -0500] "GET / HTTP/1.1" 200 10635 "-" "Mozilla/5.0 (compatible; bingbot/2.0; +http://www.bing.com/bingbot.htm)"
77.75.77.11 - - [01/Oct/2013:05:35:38 -0500] "GET /robots.txt HTTP/1.1" 404 - "-" "SeznamBot/3.0 (+http://fulltext.sblog.cz/)"
77.75.77.11 - - [01/Oct/2013:05:35:39 -0500] "GET /donate.php HTTP/1.1" 200 11699 "-" "SeznamBot/3.0 (+http://fulltext.sblog.cz/)"
66.249.74.43 - - [01/Oct/2013:06:09:00 -0500] "GET / HTTP/1.1" 200 10635 "-" "DoCoMo/2.0 N905i(c100;TB;W24H16) (compatible; Googlebot-Mobile/2.1; +http://www.google.com/bot.html)"
157.55.35.34 - - [01/Oct/2013:06:24:47 -0500] "GET /robots.txt HTTP/1.1" 404 - "-" "Mozilla/5.0 (compatible; bingbot/2.0; +http://www.bing.com/bingbot.htm)"
157.55.35.34 - - [01/Oct/2013:06:25:49 -0500] "GET / HTTP/1.1" 200 10635 "-" "Mozilla/5.0 (compatible; bingbot/2.0; +http://www.bing.com/bingbot.htm)"
180.76.5.164 - - [01/Oct/2013:06:50:36 -0500] "GET /pdf/REVISION2%20Military%20Kids%20Camp%202012%20(2).pdf HTTP/1.1" 200 1691328 "-" "Mozilla/5.0 (Windows NT 5.1; rv:6.0.2) Gecko/20100101 Firefox/6.0.2"
66.249.74.43 - - [01/Oct/2013:09:07:48 -0500] "GET / HTTP/1.1" 200 10635 "-" "SAMSUNG-SGH-E250/1.0 Profile/MIDP-2.0 Configuration/CLDC-1.1 UP.Browser/6.2.3.3.c.1.101 (GUI) MMP/2.0 (compatible; Googlebot-Mobile/2.1; +http://www.google.com/bot.html)"
5.10.83.32 - - [01/Oct/2013:09:20:22 -0500] "GET /business.php HTTP/1.1" 200 10813 "-" "Mozilla/5.0 (compatible; AhrefsBot/5.0; +http://ahrefs.com/robot/)"
220.181.125.162 - - [01/Oct/2013:09:33:57 -0500] "GET /robots.txt HTTP/1.1" 404 - "-" "Sogou web spider/4.0(+http://www.sogou.com/docs/help/webmasters.htm#07)"
220.181.125.162 - - [01/Oct/2013:09:34:15 -0500] "GET / HTTP/1.1" 200 10635 "-" "Sogou web spider/4.0(+http://www.sogou.com/docs/help/webmasters.htm#07)"
180.76.5.53 - - [01/Oct/2013:09:39:53 -0500] "GET /pdf/Veterans%20Resource%20Fair.pdf HTTP/1.1" 200 390899 "-" "Mozilla/5.0 (Windows NT 5.1; rv:6.0.2) Gecko/20100101 Firefox/6.0.2"
188.40.133.218 - - [01/Oct/2013:09:42:28 -0500] "GET /robots.txt HTTP/1.1" 404 - "-" "Mozilla/5.0 (compatible; SearchmetricsBot; http://www.searchmetrics.com/en/searchmetrics-bot/)"
188.40.133.218 - - [01/Oct/2013:09:42:29 -0500] "GET / HTTP/1.1" 200 10635 "-" "Mozilla/5.0 (compatible; SearchmetricsBot; http://www.searchmetrics.com/en/searchmetrics-bot/)"
188.40.133.218 - - [01/Oct/2013:09:42:30 -0500] "GET /business.php HTTP/1.1" 200 10813 "-" "Mozilla/5.0 (compatible; SearchmetricsBot; http://www.searchmetrics.com/en/searchmetrics-bot/)"
188.40.133.218 - - [01/Oct/2013:09:42:31 -0500] "GET /calendar.php HTTP/1.1" 200 10644 "-" "Mozilla/5.0 (compatible; SearchmetricsBot; http://www.searchmetrics.com/en/searchmetrics-bot/)"
188.40.133.218 - - [01/Oct/2013:09:42:32 -0500] "GET /contact.php HTTP/1.1" 200 10519 "-" "Mozilla/5.0 (compatible; SearchmetricsBot; http://www.searchmetrics.com/en/searchmetrics-bot/)"
188.40.133.218 - - [01/Oct/2013:09:42:33 -0500] "GET /index.php HTTP/1.1" 200 10635 "-" "Mozilla/5.0 (compatible; SearchmetricsBot; http://www.searchmetrics.com/en/searchmetrics-bot/)"
188.40.133.218 - - [01/Oct/2013:09:42:34 -0500] "GET /slider/index.html HTTP/1.1" 200 2900 "-" "Mozilla/5.0 (compatible; SearchmetricsBot; http://www.searchmetrics.com/en/searchmetrics-bot/)"
188.40.133.218 - - [01/Oct/2013:09:42:35 -0500] "GET /_inc/slide.php HTTP/1.1" 200 3205 "-" "Mozilla/5.0 (compatible; SearchmetricsBot; http://www.searchmetrics.com/en/searchmetrics-bot/)"
188.40.133.218 - - [01/Oct/2013:09:42:35 -0500] "GET /aboutus.php HTTP/1.1" 200 11667 "-" "Mozilla/5.0 (compatible; SearchmetricsBot; http://www.searchmetrics.com/en/searchmetrics-bot/)"
188.40.133.218 - - [01/Oct/2013:09:42:36 -0500] "GET /events.php HTTP/1.1" 200 6407 "-" "Mozilla/5.0 (compatible; SearchmetricsBot; http://www.searchmetrics.com/en/searchmetrics-bot/)"
188.40.133.218 - - [01/Oct/2013:09:42:37 -0500] "GET /donate.php HTTP/1.1" 200 11699 "-" "Mozilla/5.0 (compatible; SearchmetricsBot; http://www.searchmetrics.com/en/searchmetrics-bot/)"
5.10.83.35 - - [01/Oct/2013:10:03:07 -0500] "GET /index.php HTTP/1.1" 200 10635 "-" "Mozilla/5.0 (compatible; AhrefsBot/5.0; +http://ahrefs.com/robot/)"
208.115.113.86 - - [01/Oct/2013:10:12:21 -0500] "GET /robots.txt HTTP/1.1" 404 - "-" "Mozilla/5.0 (compatible; Ezooms/1.0; ezooms.bot@gmail.com)"
176.31.14.30 - - [01/Oct/2013:10:52:04 -0500] "GET / HTTP/1.1" 200 10635 "-" "Mozilla/5.0 (Macintosh; Intel Mac OS X 10.6; rv:9.0a2) Gecko/20111101 Firefox/9.0a2"
66.249.74.43 - - [01/Oct/2013:11:04:00 -0500] "GET /robots.txt HTTP/1.1" 404 - "-" "Mozilla/5.0 (compatible; Googlebot/2.1; +http://www.google.com/bot.html)"
66.249.74.43 - - [01/Oct/2013:11:04:00 -0500] "GET /events.php HTTP/1.1" 200 6407 "-" "Mozilla/5.0 (iPhone; U; CPU iPhone OS 4_1 like Mac OS X; en-us) AppleWebKit/532.9 (KHTML, like Gecko) Version/4.0.5 Mobile/8B117 Safari/6531.22.7 (compatible; Googlebot-Mobile/2.1; +http://www.google.com/bot.html)"
66.249.74.43 - - [01/Oct/2013:11:14:55 -0500] "GET /events/vet_picnic/css/style.css HTTP/1.1" 200 1149 "-" "Mozilla/5.0 (compatible; Googlebot/2.1; +http://www.google.com/bot.html)"
66.249.74.43 - - [01/Oct/2013:11:14:57 -0500] "GET /events/ermy_event/css/style.css HTTP/1.1" 200 1149 "-" "Mozilla/5.0 (compatible; Googlebot/2.1; +http://www.google.com/bot.html)"
66.249.74.43 - - [01/Oct/2013:11:14:59 -0500] "GET /events/carousel_11/css/style.css HTTP/1.1" 200 1149 "-" "Mozilla/5.0 (compatible; Googlebot/2.1; +http://www.google.com/bot.html)"
66.249.74.43 - - [01/Oct/2013:11:15:01 -0500] "GET /css/footer.css HTTP/1.1" 200 752 "-" "Mozilla/5.0 (compatible; Googlebot/2.1; +http://www.google.com/bot.html)"
208.115.113.86 - - [01/Oct/2013:11:27:45 -0500] "GET /business_discount.php HTTP/1.1" 404 - "-" "Mozilla/5.0 (compatible; Ezooms/1.0; ezooms.bot@gmail.com)"
81.169.211.231 - - [01/Oct/2013:12:30:33 -0500] "GET / HTTP/1.1" 200 10635 "-" "Opera/9.80 (Windows NT 6.0; U; de) Presto/2.2.15 Version/10.00"
180.76.5.29 - - [01/Oct/2013:12:30:38 -0500] "GET /pdf/WAwillvets_FINAL_orange.pdf HTTP/1.1" 200 1307012 "-" "Mozilla/5.0 (Windows NT 5.1; rv:6.0.2) Gecko/20100101 Firefox/6.0.2"
136.169.251.173 - - [01/Oct/2013:12:52:46 -0500] "GET /robots.txt HTTP/1.1" 404 - "-" "Mozilla/5.0 (compatible; 008/0.83; http://www.80legs.com/webcrawler.html;) Gecko/2008032620"
136.169.251.173 - - [01/Oct/2013:12:52:46 -0500] "GET / HTTP/1.1" 200 10635 "-" "Mozilla/5.0 (compatible; 008/0.85; http://www.80legs.com/webcrawler.html) Gecko/2008032620"
46.203.89.160 - - [01/Oct/2013:13:15:41 -0500] "GET /robots.txt HTTP/1.1" 404 - "-" "Mozilla/5.0 (compatible; 008/0.83; http://www.80legs.com/webcrawler.html;) Gecko/2008032620"
46.203.89.160 - - [01/Oct/2013:13:15:42 -0500] "GET /events.php HTTP/1.1" 200 6407 "-" "Mozilla/5.0 (compatible; 008/0.85; http://www.80legs.com/webcrawler.html) Gecko/2008032620"
70.160.236.224 - - [01/Oct/2013:13:16:18 -0500] "GET /robots.txt HTTP/1.1" 404 - "-" "Mozilla/5.0 (compatible; 008/0.83; http://www.80legs.com/webcrawler.html;) Gecko/2008032620"
70.160.236.224 - - [01/Oct/2013:13:16:22 -0500] "GET /events.php HTTP/1.1" 200 6407 "-" "Mozilla/5.0 (compatible; 008/0.85; http://www.80legs.com/webcrawler.html) Gecko/2008032620"
66.249.74.43 - - [01/Oct/2013:13:27:12 -0500] "GET /robots.txt HTTP/1.1" 404 - "-" "Mozilla/5.0 (compatible; Googlebot/2.1; +http://www.google.com/bot.html)"
66.249.74.43 - - [01/Oct/2013:13:27:12 -0500] "GET / HTTP/1.1" 200 10635 "-" "Mozilla/5.0 (compatible; Googlebot/2.1; +http://www.google.com/bot.html)"
123.151.139.217 - - [01/Oct/2013:13:31:07 -0500] "GET /robots.txt HTTP/1.1" 404 - "http://operationspokaneheroes.org/" "Mozilla/5.0 (compatible; MSIE 8.0; Windows NT 6.1)"
66.249.74.43 - - [01/Oct/2013:13:31:34 -0500] "GET /css/slide.css HTTP/1.1" 200 2869 "-" "Mozilla/5.0 (compatible; Googlebot/2.1; +http://www.google.com/bot.html)"
66.249.74.43 - - [01/Oct/2013:13:31:35 -0500] "GET /css/style_global.css HTTP/1.1" 200 2621 "-" "Mozilla/5.0 (compatible; Googlebot/2.1; +http://www.google.com/bot.html)"
199.21.99.103 - - [01/Oct/2013:13:34:12 -0500] "GET /robots.txt HTTP/1.1" 404 - "-" "Mozilla/5.0 (compatible; YandexBot/3.0; +http://yandex.com/bots)"
199.21.99.103 - - [01/Oct/2013:13:34:13 -0500] "GET /robots.txt HTTP/1.1" 404 - "-" "Mozilla/5.0 (compatible; YandexBot/3.0; +http://yandex.com/bots)"
199.21.99.103 - - [01/Oct/2013:13:34:14 -0500] "GET / HTTP/1.1" 200 10635 "-" "Mozilla/5.0 (compatible; YandexBot/3.0; +http://yandex.com/bots)"
199.21.99.103 - - [01/Oct/2013:13:34:15 -0500] "GET / HTTP/1.1" 200 10635 "-" "Mozilla/5.0 (compatible; YandexBot/3.0; +http://yandex.com/bots)"
199.21.99.103 - - [01/Oct/2013:13:34:30 -0500] "GET / HTTP/1.1" 200 10635 "-" "Mozilla/5.0 (compatible; YandexBot/3.0; +http://yandex.com/bots)"
199.21.99.103 - - [01/Oct/2013:13:34:36 -0500] "GET / HTTP/1.1" 200 10635 "-" "Mozilla/5.0 (compatible; YandexBot/3.0; +http://yandex.com/bots)"
212.12.8.239 - - [01/Oct/2013:13:36:07 -0500] "GET /robots.txt HTTP/1.1" 404 - "-" "Mozilla/5.0 (compatible; 008/0.83; http://www.80legs.com/webcrawler.html;) Gecko/2008032620"
212.12.8.239 - - [01/Oct/2013:13:36:07 -0500] "GET /_inc/slide.php HTTP/1.1" 200 3205 "-" "Mozilla/5.0 (compatible; 008/0.85; http://www.80legs.com/webcrawler.html) Gecko/2008032620"
188.130.206.140 - - [01/Oct/2013:13:39:43 -0500] "GET /robots.txt HTTP/1.1" 404 - "-" "Mozilla/5.0 (compatible; 008/0.83; http://www.80legs.com/webcrawler.html;) Gecko/2008032620"
188.130.206.140 - - [01/Oct/2013:13:39:43 -0500] "GET /business.php HTTP/1.1" 200 10813 "-" "Mozilla/5.0 (compatible; 008/0.85; http://www.80legs.com/webcrawler.html) Gecko/2008032620"
84.17.25.104 - - [01/Oct/2013:13:55:55 -0500] "GET /robots.txt HTTP/1.1" 404 - "-" "Mozilla/5.0 (compatible; 008/0.83; http://www.80legs.com/webcrawler.html;) Gecko/2008032620"
84.17.25.104 - - [01/Oct/2013:13:55:55 -0500] "GET /index.php HTTP/1.1" 200 10635 "-" "Mozilla/5.0 (compatible; 008/0.85; http://www.80legs.com/webcrawler.html) Gecko/2008032620"
178.74.237.38 - - [01/Oct/2013:14:07:55 -0500] "GET /robots.txt HTTP/1.1" 404 - "-" "Mozilla/5.0 (compatible; 008/0.83; http://www.80legs.com/webcrawler.html;) Gecko/2008032620"
178.74.237.38 - - [01/Oct/2013:14:07:55 -0500] "GET /donate.php HTTP/1.1" 200 11699 "-" "Mozilla/5.0 (compatible; 008/0.85; http://www.80legs.com/webcrawler.html) Gecko/2008032620"
178.140.85.195 - - [01/Oct/2013:14:13:53 -0500] "GET /robots.txt HTTP/1.1" 404 - "-" "Mozilla/5.0 (compatible; 008/0.83; http://www.80legs.com/webcrawler.html;) Gecko/2008032620"
178.140.85.195 - - [01/Oct/2013:14:13:53 -0500] "GET /donate.php HTTP/1.1" 200 11699 "-" "Mozilla/5.0 (compatible; 008/0.85; http://www.80legs.com/webcrawler.html) Gecko/2008032620"
176.124.133.218 - - [01/Oct/2013:14:35:37 -0500] "GET /robots.txt HTTP/1.1" 404 - "-" "Mozilla/5.0 (compatible; 008/0.83; http://www.80legs.com/webcrawler.html;) Gecko/2008032620"
176.124.133.218 - - [01/Oct/2013:14:35:38 -0500] "GET /aboutus.php HTTP/1.1" 200 11667 "-" "Mozilla/5.0 (compatible; 008/0.85; http://www.80legs.com/webcrawler.html) Gecko/2008032620"
176.124.133.218 - - [01/Oct/2013:14:35:39 -0500] "GET /events.php HTTP/1.1" 200 6407 "-" "Mozilla/5.0 (compatible; 008/0.85; http://www.80legs.com/webcrawler.html) Gecko/2008032620"
176.124.133.218 - - [01/Oct/2013:14:35:40 -0500] "GET /events/carousel_11/carousel_11.html HTTP/1.1" 200 3712 "-" "Mozilla/5.0 (compatible; 008/0.85; http://www.80legs.com/webcrawler.html) Gecko/2008032620"
66.249.74.43 - - [01/Oct/2013:14:57:10 -0500] "GET /events/oif/images/16.jpg HTTP/1.1" 304 - "-" "Googlebot-Image/1.0"
178.18.209.82 - - [01/Oct/2013:14:57:33 -0500] "GET /robots.txt HTTP/1.1" 404 - "-" "Mozilla/5.0 (compatible; 008/0.83; http://www.80legs.com/webcrawler.html;) Gecko/2008032620"
178.18.209.82 - - [01/Oct/2013:14:57:34 -0500] "GET /join HTTP/1.1" 404 - "-" "Mozilla/5.0 (compatible; 008/0.85; http://www.80legs.com/webcrawler.html) Gecko/2008032620"
178.18.209.82 - - [01/Oct/2013:14:58:02 -0500] "GET /join HTTP/1.1" 404 - "-" "Mozilla/5.0 (compatible; 008/0.85; http://www.80legs.com/webcrawler.html) Gecko/2008032620"
180.76.5.214 - - [01/Oct/2013:15:13:00 -0500] "GET / HTTP/1.1" 200 10635 "-" "Mozilla/5.0 (compatible; Baiduspider/2.0; +http://www.baidu.com/search/spider.html)"
180.76.5.85 - - [01/Oct/2013:15:13:22 -0500] "GET /pdf/WAwillvetsFINAL.pdf HTTP/1.1" 200 4202968 "-" "Mozilla/5.0 (compatible; Baiduspider/2.0; +http://www.baidu.com/search/spider.html)"
188.134.41.108 - - [01/Oct/2013:15:29:10 -0500] "GET /robots.txt HTTP/1.1" 404 - "-" "Mozilla/5.0 (compatible; 008/0.83; http://www.80legs.com/webcrawler.html;) Gecko/2008032620"
188.134.41.108 - - [01/Oct/2013:15:29:10 -0500] "GET /contact.php HTTP/1.1" 200 10519 "-" "Mozilla/5.0 (compatible; 008/0.85; http://www.80legs.com/webcrawler.html) Gecko/2008032620"
202.46.52.20 - - [01/Oct/2013:15:39:21 -0500] "GET / HTTP/1.1" 200 10635 "-" "Mozilla/4.0 (compatible; MSIE 7.0; Windows NT 6.0)"
119.63.193.132 - - [01/Oct/2013:15:39:23 -0500] "GET / HTTP/1.1" 200 10455 "-" "Mozilla/4.0 (compatible; MSIE 7.0; Windows NT 6.0)"
65.55.215.34 - - [01/Oct/2013:15:55:10 -0500] "GET /robots.txt HTTP/1.1" 404 - "-" "msnbot-media/1.1 (+http://search.msn.com/msnbot.htm)"
65.55.215.34 - - [01/Oct/2013:15:55:10 -0500] "GET /images/contacticon.png HTTP/1.1" 200 4499 "-" "msnbot-media/1.1 (+http://search.msn.com/msnbot.htm)"
46.39.46.100 - - [01/Oct/2013:16:12:45 -0500] "GET /robots.txt HTTP/1.1" 404 - "-" "Mozilla/5.0 (compatible; 008/0.83; http://www.80legs.com/webcrawler.html;) Gecko/2008032620"
46.39.46.100 - - [01/Oct/2013:16:12:46 -0500] "GET /calendar.php HTTP/1.1" 200 10644 "-" "Mozilla/5.0 (compatible; 008/0.85; http://www.80legs.com/webcrawler.html) Gecko/2008032620"
64.125.222.50 - - [01/Oct/2013:16:18:53 -0500] "GET /robots.txt HTTP/1.1" 404 - "-" "Mozilla/5.0 (compatible; 008/0.83; http://www.80legs.com/webcrawler.html;) Gecko/2008032620"
65.55.215.235 - - [01/Oct/2013:16:29:03 -0500] "GET /_inc/slide.php HTTP/1.1" 200 3205 "-" "Mozilla/4.0 (compatible; MSIE 7.0; Windows NT 5.1;  SV1;  .NET CLR 1.1.4325;  .NET CLR 2.0.50727;  .NET CLR 3.0.30729;  .NET CLR 3.5.30729;  MS-RTC LM 8)"
65.55.215.235 - - [01/Oct/2013:16:29:03 -0500] "GET /css/style_global.css HTTP/1.1" 200 2621 "http://operationspokaneheroes.org/_inc/slide.php" "Mozilla/4.0 (compatible; MSIE 7.0; Windows NT 5.1;  SV1;  .NET CLR 1.1.4325;  .NET CLR 2.0.50727;  .NET CLR 3.0.30729;  .NET CLR 3.5.30729;  MS-RTC LM 8)"
65.55.215.235 - - [01/Oct/2013:16:29:03 -0500] "GET /css/slide.css HTTP/1.1" 200 2869 "http://operationspokaneheroes.org/_inc/slide.php" "Mozilla/4.0 (compatible; MSIE 7.0; Windows NT 5.1;  SV1;  .NET CLR 1.1.4325;  .NET CLR 2.0.50727;  .NET CLR 3.0.30729;  .NET CLR 3.5.30729;  MS-RTC LM 8)"
65.55.215.235 - - [01/Oct/2013:16:29:03 -0500] "GET /js/combined.js HTTP/1.1" 200 169946 "http://operationspokaneheroes.org/_inc/slide.php" "Mozilla/4.0 (compatible; MSIE 7.0; Windows NT 5.1;  SV1;  .NET CLR 1.1.4325;  .NET CLR 2.0.50727;  .NET CLR 3.0.30729;  .NET CLR 3.5.30729;  MS-RTC LM 8)"
178.124.106.89 - - [01/Oct/2013:16:56:14 -0500] "GET /_inc/slide.php HTTP/1.1" 200 3205 "-" "Mozilla/5.0 (compatible; 008/0.85; http://www.80legs.com/webcrawler.html) Gecko/2008032620"
65.103.141.190 - - [01/Oct/2013:17:23:36 -0500] "GET /pdf/174%20Stores%20and%20Business%20Offering%20Military%20Discounts1.pdf HTTP/1.1" 200 122888 "http://www.nwveteranresources.org/operation-spokane-heroes.html" "Mozilla/5.0 (compatible; MSIE 10.0; Windows NT 6.1; WOW64; Trident/6.0)"
178.140.238.255 - - [01/Oct/2013:17:32:31 -0500] "GET /robots.txt HTTP/1.1" 404 - "-" "Mozilla/5.0 (compatible; 008/0.83; http://www.80legs.com/webcrawler.html;) Gecko/2008032620"
178.140.238.255 - - [01/Oct/2013:17:32:31 -0500] "GET /business.php HTTP/1.1" 200 10813 "-" "Mozilla/5.0 (compatible; 008/0.85; http://www.80legs.com/webcrawler.html) Gecko/2008032620"
157.55.35.34 - - [01/Oct/2013:17:42:16 -0500] "GET /robots.txt HTTP/1.1" 404 - "-" "Mozilla/5.0 (compatible; bingbot/2.0; +http://www.bing.com/bingbot.htm)"
194.50.9.207 - - [01/Oct/2013:17:47:02 -0500] "GET /robots.txt HTTP/1.1" 404 - "-" "Mozilla/5.0 (compatible; 008/0.83; http://www.80legs.com/webcrawler.html;) Gecko/2008032620"
157.55.35.34 - - [01/Oct/2013:17:47:02 -0500] "GET / HTTP/1.1" 200 10635 "-" "Mozilla/5.0 (compatible; bingbot/2.0; +http://www.bing.com/bingbot.htm)"
194.50.9.207 - - [01/Oct/2013:17:47:02 -0500] "GET /business.php HTTP/1.1" 200 10813 "-" "Mozilla/5.0 (compatible; 008/0.85; http://www.80legs.com/webcrawler.html) Gecko/2008032620"
173.252.100.119 - - [01/Oct/2013:19:25:39 -0500] "GET / HTTP/1.1" 200 10635 "-" "facebookexternalhit/1.1 (+http://www.facebook.com/externalhit_uatext.php)"
173.252.100.115 - - [01/Oct/2013:19:25:40 -0500] "GET /images/global.png HTTP/1.1" 200 5737 "http://www.operationspokaneheroes.org/" "facebookexternalhit/1.1 (+http://www.facebook.com/externalhit_uatext.php)"
173.252.100.113 - - [01/Oct/2013:19:25:40 -0500] "GET /images/facebook.png HTTP/1.1" 200 5004 "http://www.operationspokaneheroes.org/" "facebookexternalhit/1.1 (+http://www.facebook.com/externalhit_uatext.php)"
173.252.103.0 - - [01/Oct/2013:19:25:41 -0500] "GET /images/facebook.png HTTP/1.1" 200 5004 "-" "facebookexternalhit/1.1 (+http://www.facebook.com/externalhit_uatext.php)"
173.252.103.6 - - [01/Oct/2013:19:25:41 -0500] "GET /images/global.png HTTP/1.1" 200 5737 "-" "facebookexternalhit/1.1 (+http://www.facebook.com/externalhit_uatext.php)"
207.241.237.101 - - [01/Oct/2013:19:35:30 -0500] "GET /robots.txt HTTP/1.0" 404 - "-" "Mozilla/5.0 (compatible; archive.org_bot +http://www.archive.org/details/archive.org_bot)"
207.241.237.101 - - [01/Oct/2013:19:35:35 -0500] "GET /java_for_joes/index.html HTTP/1.0" 404 - "http://javaforjoes.org/" "Mozilla/5.0 (compatible; archive.org_bot +http://www.archive.org/details/archive.org_bot)"
157.55.35.34 - - [01/Oct/2013:20:00:13 -0500] "GET /robots.txt HTTP/1.1" 404 - "-" "Mozilla/5.0 (compatible; bingbot/2.0; +http://www.bing.com/bingbot.htm)"
180.76.5.166 - - [01/Oct/2013:20:00:30 -0500] "GET /pdf/Idaho+DOL+Sep+-+Oct+2013.pdf HTTP/1.1" 200 522959 "-" "Mozilla/5.0 (Windows NT 5.1; rv:6.0.2) Gecko/20100101 Firefox/6.0.2"
157.55.35.34 - - [01/Oct/2013:20:04:47 -0500] "GET / HTTP/1.1" 200 10635 "-" "Mozilla/5.0 (compatible; bingbot/2.0; +http://www.bing.com/bingbot.htm)"
209.237.142.141 - - [01/Oct/2013:20:50:03 -0500] "GET /wordpress/wp-admin/ HTTP/1.1" 404 - "-" "-"
66.249.74.41 - - [01/Oct/2013:20:53:35 -0500] "GET /robots.txt HTTP/1.1" 404 - "-" "Mozilla/5.0 (compatible; Googlebot/2.1; +http://www.google.com/bot.html)"
173.201.196.116 - - [01/Oct/2013:21:05:23 -0500] "GET /blog/wp-admin/ HTTP/1.1" 404 - "-" "-"
180.76.5.24 - - [01/Oct/2013:21:11:10 -0500] "GET / HTTP/1.1" 200 10635 "-" "Mozilla/5.0 (compatible; Baiduspider/2.0; +http://www.baidu.com/search/spider.html)"
216.38.5.9 - - [01/Oct/2013:21:21:59 -0500] "GET /wp-admin/ HTTP/1.1" 404 - "-" "-"
80.69.174.100 - - [01/Oct/2013:21:44:45 -0500] "GET /wp/wp-admin/ HTTP/1.1" 404 - "-" "-"
66.249.74.43 - - [01/Oct/2013:21:56:41 -0500] "GET /pdf/2013%20-%20Women%20Warriors%20and%20the%20Cowgirls%20Flyer.pdf HTTP/1.1" 304 - "-" "Mozilla/5.0 (iPhone; U; CPU iPhone OS 4_1 like Mac OS X; en-us) AppleWebKit/532.9 (KHTML, like Gecko) Version/4.0.5 Mobile/8B117 Safari/6531.22.7 (compatible; Googlebot-Mobile/2.1; +http://www.google.com/bot.html)"
180.76.5.153 - - [01/Oct/2013:22:41:54 -0500] "GET /java_for_joes/index.html HTTP/1.1" 404 - "-" "Mozilla/5.0 (compatible; Baiduspider/2.0; +http://www.baidu.com/search/spider.html)"
180.76.5.179 - - [01/Oct/2013:23:11:53 -0500] "GET /robots.txt HTTP/1.1" 404 - "-" "Mozilla/5.0 (Windows NT 5.1; rv:6.0.2) Gecko/20100101 Firefox/6.0.2"
157.55.33.17 - - [01/Oct/2013:23:31:36 -0500] "GET /robots.txt HTTP/1.1" 404 - "-" "Mozilla/5.0 (compatible; bingbot/2.0; +http://www.bing.com/bingbot.htm)"
174.61.169.168 - - [01/Oct/2013:23:41:01 -0500] "GET / HTTP/1.1" 200 10635 "http://www.facebook.com/l.php?u=http%3A%2F%2Fwww.operationspokaneheroes.org%2F&h=9AQGmcGz7&enc=AZMCPINFEcdNYaFq3S5oTNArLU0TXRc8Kw0dTpoYtxAJKnLIBQxm4S4i_b-LAoI-ngEmLs9lWv6vjDclXY0tBWQ5ECrdpjkin2ecE2Ym7oILMg&s=1" "Mozilla/5.0 (compatible; MSIE 9.0; Windows NT 6.1; WOW64; Trident/5.0)"
174.61.169.168 - - [01/Oct/2013:23:41:01 -0500] "GET /css/global.css HTTP/1.1" 200 13951 "http://www.operationspokaneheroes.org/" "Mozilla/5.0 (compatible; MSIE 9.0; Windows NT 6.1; WOW64; Trident/5.0)"
174.61.169.168 - - [01/Oct/2013:23:41:02 -0500] "GET /images/contacticon.png HTTP/1.1" 200 4499 "http://www.operationspokaneheroes.org/" "Mozilla/5.0 (compatible; MSIE 9.0; Windows NT 6.1; WOW64; Trident/5.0)"
174.61.169.168 - - [01/Oct/2013:23:41:02 -0500] "GET /images/global.png HTTP/1.1" 200 5737 "http://www.operationspokaneheroes.org/" "Mozilla/5.0 (compatible; MSIE 9.0; Windows NT 6.1; WOW64; Trident/5.0)"
174.61.169.168 - - [01/Oct/2013:23:41:02 -0500] "GET /css/footer.css HTTP/1.1" 200 752 "http://www.operationspokaneheroes.org/" "Mozilla/5.0 (compatible; MSIE 9.0; Windows NT 6.1; WOW64; Trident/5.0)"
174.61.169.168 - - [01/Oct/2013:23:41:02 -0500] "GET /images/facebook.png HTTP/1.1" 200 5004 "http://www.operationspokaneheroes.org/" "Mozilla/5.0 (compatible; MSIE 9.0; Windows NT 6.1; WOW64; Trident/5.0)"
174.61.169.168 - - [01/Oct/2013:23:41:02 -0500] "GET /_inc/slide.php HTTP/1.1" 200 3205 "http://www.operationspokaneheroes.org/" "Mozilla/5.0 (compatible; MSIE 9.0; Windows NT 6.1; WOW64; Trident/5.0)"
174.61.169.168 - - [01/Oct/2013:23:41:02 -0500] "GET /images/nav2.jpg HTTP/1.1" 200 4444 "http://www.operationspokaneheroes.org/" "Mozilla/5.0 (compatible; MSIE 9.0; Windows NT 6.1; WOW64; Trident/5.0)"
174.61.169.168 - - [01/Oct/2013:23:41:02 -0500] "GET /mainbk.png HTTP/1.1" 200 290 "http://www.operationspokaneheroes.org/" "Mozilla/5.0 (compatible; MSIE 9.0; Windows NT 6.1; WOW64; Trident/5.0)"
174.61.169.168 - - [01/Oct/2013:23:41:02 -0500] "GET /images/bg2.jpg HTTP/1.1" 200 55206 "http://www.operationspokaneheroes.org/" "Mozilla/5.0 (compatible; MSIE 9.0; Windows NT 6.1; WOW64; Trident/5.0)"
174.61.169.168 - - [01/Oct/2013:23:41:02 -0500] "GET /slider/index.html HTTP/1.1" 200 2900 "http://www.operationspokaneheroes.org/" "Mozilla/5.0 (compatible; MSIE 9.0; Windows NT 6.1; WOW64; Trident/5.0)"
174.61.169.168 - - [01/Oct/2013:23:41:02 -0500] "GET /images/logo.png HTTP/1.1" 200 226129 "http://www.operationspokaneheroes.org/" "Mozilla/5.0 (compatible; MSIE 9.0; Windows NT 6.1; WOW64; Trident/5.0)"
174.61.169.168 - - [01/Oct/2013:23:41:03 -0500] "GET /css/slide.css HTTP/1.1" 200 2869 "http://www.operationspokaneheroes.org/_inc/slide.php" "Mozilla/5.0 (compatible; MSIE 9.0; Windows NT 6.1; WOW64; Trident/5.0)"
174.61.169.168 - - [01/Oct/2013:23:41:03 -0500] "GET /css/style_global.css HTTP/1.1" 200 2621 "http://www.operationspokaneheroes.org/_inc/slide.php" "Mozilla/5.0 (compatible; MSIE 9.0; Windows NT 6.1; WOW64; Trident/5.0)"
174.61.169.168 - - [01/Oct/2013:23:41:03 -0500] "GET /slider/css/style.css HTTP/1.1" 200 1379 "http://www.operationspokaneheroes.org/slider/index.html" "Mozilla/5.0 (compatible; MSIE 9.0; Windows NT 6.1; WOW64; Trident/5.0)"
174.61.169.168 - - [01/Oct/2013:23:41:03 -0500] "GET /slider/images/imagslider-1.png HTTP/1.1" 200 69960 "http://www.operationspokaneheroes.org/slider/index.html" "Mozilla/5.0 (compatible; MSIE 9.0; Windows NT 6.1; WOW64; Trident/5.0)"
174.61.169.168 - - [01/Oct/2013:23:41:03 -0500] "GET /slider/js/startstop-slider.js HTTP/1.1" 200 1737 "http://www.operationspokaneheroes.org/slider/index.html" "Mozilla/5.0 (compatible; MSIE 9.0; Windows NT 6.1; WOW64; Trident/5.0)"
174.61.169.168 - - [01/Oct/2013:23:41:03 -0500] "GET /images/slder2.png HTTP/1.1" 200 32853 "http://www.operationspokaneheroes.org/slider/index.html" "Mozilla/5.0 (compatible; MSIE 9.0; Windows NT 6.1; WOW64; Trident/5.0)"
174.61.169.168 - - [01/Oct/2013:23:41:03 -0500] "GET /slider/images/imagslider-2.png HTTP/1.1" 200 62889 "http://www.operationspokaneheroes.org/slider/index.html" "Mozilla/5.0 (compatible; MSIE 9.0; Windows NT 6.1; WOW64; Trident/5.0)"
174.61.169.168 - - [01/Oct/2013:23:41:03 -0500] "GET /slider/js/jquery-1.2.6.js HTTP/1.1" 200 100196 "http://www.operationspokaneheroes.org/slider/index.html" "Mozilla/5.0 (compatible; MSIE 9.0; Windows NT 6.1; WOW64; Trident/5.0)"
174.61.169.168 - - [01/Oct/2013:23:41:03 -0500] "GET /js/combined.js HTTP/1.1" 200 169946 "http://www.operationspokaneheroes.org/_inc/slide.php" "Mozilla/5.0 (compatible; MSIE 9.0; Windows NT 6.1; WOW64; Trident/5.0)"
174.61.169.168 - - [01/Oct/2013:23:41:04 -0500] "GET /slider/images/slider-bg.jpg HTTP/1.1" 200 3447 "http://www.operationspokaneheroes.org/slider/index.html" "Mozilla/5.0 (compatible; MSIE 9.0; Windows NT 6.1; WOW64; Trident/5.0)"
174.61.169.168 - - [01/Oct/2013:23:41:05 -0500] "GET /assets/images/btn_main_search_hover.png HTTP/1.1" 404 - "http://www.operationspokaneheroes.org/_inc/slide.php" "Mozilla/5.0 (compatible; MSIE 9.0; Windows NT 6.1; WOW64; Trident/5.0)"
174.61.169.168 - - [01/Oct/2013:23:41:05 -0500] "GET /assets/images/btn_top_search_hover.png HTTP/1.1" 404 - "http://www.operationspokaneheroes.org/_inc/slide.php" "Mozilla/5.0 (compatible; MSIE 9.0; Windows NT 6.1; WOW64; Trident/5.0)"
174.61.169.168 - - [01/Oct/2013:23:41:05 -0500] "GET /images/mission_statement_bg.png HTTP/1.1" 200 11413 "http://www.operationspokaneheroes.org/_inc/slide.php" "Mozilla/5.0 (compatible; MSIE 9.0; Windows NT 6.1; WOW64; Trident/5.0)"
174.61.169.168 - - [01/Oct/2013:23:41:05 -0500] "GET /images/we_believe.png HTTP/1.1" 200 1785 "http://www.operationspokaneheroes.org/_inc/slide.php" "Mozilla/5.0 (compatible; MSIE 9.0; Windows NT 6.1; WOW64; Trident/5.0)"
174.61.169.168 - - [01/Oct/2013:23:41:04 -0500] "GET /images/4.jpg HTTP/1.1" 200 186934 "http://www.operationspokaneheroes.org/_inc/slide.php" "Mozilla/5.0 (compatible; MSIE 9.0; Windows NT 6.1; WOW64; Trident/5.0)"
174.61.169.168 - - [01/Oct/2013:23:41:04 -0500] "GET /images/2.jpg HTTP/1.1" 200 170993 "http://www.operationspokaneheroes.org/_inc/slide.php" "Mozilla/5.0 (compatible; MSIE 9.0; Windows NT 6.1; WOW64; Trident/5.0)"
174.61.169.168 - - [01/Oct/2013:23:41:05 -0500] "GET /images/we_help.png HTTP/1.1" 200 1514 "http://www.operationspokaneheroes.org/_inc/slide.php" "Mozilla/5.0 (compatible; MSIE 9.0; Windows NT 6.1; WOW64; Trident/5.0)"
174.61.169.168 - - [01/Oct/2013:23:41:04 -0500] "GET /images/3.jpg HTTP/1.1" 200 240733 "http://www.operationspokaneheroes.org/_inc/slide.php" "Mozilla/5.0 (compatible; MSIE 9.0; Windows NT 6.1; WOW64; Trident/5.0)"
174.61.169.168 - - [01/Oct/2013:23:41:05 -0500] "GET /favicon.ico HTTP/1.1" 404 - "-" "Mozilla/5.0 (compatible; MSIE 9.0; Windows NT 6.1; WOW64; Trident/5.0)"
174.61.169.168 - - [01/Oct/2013:23:41:05 -0500] "GET /images/we_strive.png HTTP/1.1" 200 1981 "http://www.operationspokaneheroes.org/_inc/slide.php" "Mozilla/5.0 (compatible; MSIE 9.0; Windows NT 6.1; WOW64; Trident/5.0)"
174.61.169.168 - - [01/Oct/2013:23:41:05 -0500] "GET /images/we_need.png HTTP/1.1" 200 2138 "http://www.operationspokaneheroes.org/_inc/slide.php" "Mozilla/5.0 (compatible; MSIE 9.0; Windows NT 6.1; WOW64; Trident/5.0)"
174.61.169.168 - - [01/Oct/2013:23:41:05 -0500] "GET /images/1.jpg HTTP/1.1" 200 142489 "http://www.operationspokaneheroes.org/_inc/slide.php" "Mozilla/5.0 (compatible; MSIE 9.0; Windows NT 6.1; WOW64; Trident/5.0)"
174.61.169.168 - - [01/Oct/2013:23:42:28 -0500] "GET /pdf/Idaho+DOL+Sep+-+Oct+2013.pdf HTTP/1.1" 200 522959 "http://www.operationspokaneheroes.org/slider/index.html" "Mozilla/5.0 (compatible; MSIE 9.0; Windows NT 6.1; WOW64; Trident/5.0)"
46.119.120.173 - - [01/Oct/2013:23:44:57 -0500] "GET /java_for_joes/index.html HTTP/1.0" 404 - "http://operationspokaneheroes.org/java_for_joes/index.html" "Opera/9.80 (Windows NT 6.2; WOW64; MRA 8.0 (build 5784)) Presto/2.12.388 Version/12.10"
157.55.33.17 - - [01/Oct/2013:23:45:51 -0500] "GET /pdf/Idaho+DOL+Sep+-+Oct+2013.pdf HTTP/1.1" 200 522959 "-" "Mozilla/5.0 (compatible; bingbot/2.0; +http://www.bing.com/bingbot.htm)"
180.76.5.60 - - [01/Oct/2013:23:53:37 -0500] "GET /pdf/REVISION2%20Military%20Kids%20Camp%202012%20(2).pdf HTTP/1.1" 200 1691328 "-" "Mozilla/5.0 (Windows NT 5.1; rv:6.0.2) Gecko/20100101 Firefox/6.0.2"
132.3.45.78 - - [01/Oct/2013:23:59:14 -0500] "GET /slider/index.html HTTP/1.1" 200 2900 "-" "Mozilla/4.0 (compatible;)"
132.3.45.78 - - [01/Oct/2013:23:59:14 -0500] "GET /slider/css/style.css HTTP/1.1" 200 1379 "http://operationspokaneheroes.org/slider/index.html" "Mozilla/4.0 (compatible;)"
132.3.45.78 - - [01/Oct/2013:23:59:14 -0500] "GET /slider/js/startstop-slider.js HTTP/1.1" 200 1737 "http://operationspokaneheroes.org/slider/index.html" "Mozilla/4.0 (compatible;)"
132.3.45.78 - - [01/Oct/2013:23:59:14 -0500] "GET /slider/images/imagslider-1.png HTTP/1.1" 200 69960 "http://operationspokaneheroes.org/slider/index.html" "Mozilla/4.0 (compatible;)"
132.3.45.78 - - [01/Oct/2013:23:59:14 -0500] "GET /slider/js/jquery-1.2.6.js HTTP/1.1" 200 100196 "http://operationspokaneheroes.org/slider/index.html" "Mozilla/4.0 (compatible;)"
180.76.6.213 - - [01/Oct/2013:23:59:29 -0500] "GET /pdf/osh_show.pdf HTTP/1.1" 200 6794939 "-" "Mozilla/5.0 (Windows NT 5.1; rv:6.0.2) Gecko/20100101 Firefox/6.0.2"
132.3.45.82 - - [02/Oct/2013:00:26:31 -0500] "GET /images/imagslider-5.png HTTP/1.1" 200 65260 "-" "Mozilla/4.0 (compatible;)"
157.55.32.221 - - [02/Oct/2013:00:36:12 -0500] "GET /robots.txt HTTP/1.1" 404 - "-" "Mozilla/5.0 (compatible; bingbot/2.0; +http://www.bing.com/bingbot.htm)"
157.55.32.221 - - [02/Oct/2013:00:39:55 -0500] "GET /java_for_joes/index.html HTTP/1.1" 404 - "-" "Mozilla/5.0 (compatible; bingbot/2.0; +http://www.bing.com/bingbot.htm)"
157.55.32.221 - - [02/Oct/2013:02:21:53 -0500] "GET /robots.txt HTTP/1.1" 404 - "-" "Mozilla/5.0 (compatible; bingbot/2.0; +http://www.bing.com/bingbot.htm)"
157.55.32.221 - - [02/Oct/2013:02:24:30 -0500] "GET /java_for_joes/index.html HTTP/1.1" 404 - "-" "Mozilla/5.0 (compatible; bingbot/2.0; +http://www.bing.com/bingbot.htm)"
180.76.5.63 - - [02/Oct/2013:03:24:15 -0500] "GET /pdf/Veterans%20Resource%20Fair.pdf HTTP/1.1" 200 390899 "-" "Mozilla/5.0 (Windows NT 5.1; rv:6.0.2) Gecko/20100101 Firefox/6.0.2"
188.40.133.218 - - [02/Oct/2013:04:55:06 -0500] "GET /robots.txt HTTP/1.1" 404 - "-" "Mozilla/5.0 (compatible; SearchmetricsBot; http://www.searchmetrics.com/en/searchmetrics-bot/)"
188.40.133.218 - - [02/Oct/2013:04:55:07 -0500] "GET / HTTP/1.1" 200 10635 "-" "Mozilla/5.0 (compatible; SearchmetricsBot; http://www.searchmetrics.com/en/searchmetrics-bot/)"
188.40.133.218 - - [02/Oct/2013:04:55:09 -0500] "GET /_inc/slide.php HTTP/1.1" 200 3205 "-" "Mozilla/5.0 (compatible; SearchmetricsBot; http://www.searchmetrics.com/en/searchmetrics-bot/)"
188.40.133.218 - - [02/Oct/2013:04:55:10 -0500] "GET /events.php HTTP/1.1" 200 6407 "-" "Mozilla/5.0 (compatible; SearchmetricsBot; http://www.searchmetrics.com/en/searchmetrics-bot/)"
188.40.133.218 - - [02/Oct/2013:04:55:11 -0500] "GET /donate.php HTTP/1.1" 200 11699 "-" "Mozilla/5.0 (compatible; SearchmetricsBot; http://www.searchmetrics.com/en/searchmetrics-bot/)"
188.40.133.218 - - [02/Oct/2013:04:55:12 -0500] "GET /slider/index.html HTTP/1.1" 200 2900 "-" "Mozilla/5.0 (compatible; SearchmetricsBot; http://www.searchmetrics.com/en/searchmetrics-bot/)"
188.40.133.218 - - [02/Oct/2013:04:55:13 -0500] "GET /calendar.php HTTP/1.1" 200 10644 "-" "Mozilla/5.0 (compatible; SearchmetricsBot; http://www.searchmetrics.com/en/searchmetrics-bot/)"
188.40.133.218 - - [02/Oct/2013:04:55:14 -0500] "GET /business.php HTTP/1.1" 200 10813 "-" "Mozilla/5.0 (compatible; SearchmetricsBot; http://www.searchmetrics.com/en/searchmetrics-bot/)"
188.40.133.218 - - [02/Oct/2013:04:55:16 -0500] "GET /index.php HTTP/1.1" 200 10635 "-" "Mozilla/5.0 (compatible; SearchmetricsBot; http://www.searchmetrics.com/en/searchmetrics-bot/)"
188.40.133.218 - - [02/Oct/2013:04:55:17 -0500] "GET /aboutus.php HTTP/1.1" 200 11667 "-" "Mozilla/5.0 (compatible; SearchmetricsBot; http://www.searchmetrics.com/en/searchmetrics-bot/)"
188.40.133.218 - - [02/Oct/2013:04:55:18 -0500] "GET /contact.php HTTP/1.1" 200 10519 "-" "Mozilla/5.0 (compatible; SearchmetricsBot; http://www.searchmetrics.com/en/searchmetrics-bot/)"
199.21.99.103 - - [02/Oct/2013:05:00:37 -0500] "GET /robots.txt HTTP/1.1" 404 - "-" "Mozilla/5.0 (compatible; YandexBot/3.0; +http://yandex.com/bots)"
199.21.99.103 - - [02/Oct/2013:05:00:39 -0500] "GET /events/carousel_11/images/2.jpg HTTP/1.1" 304 - "-" "Mozilla/5.0 (compatible; YandexImages/3.0; +http://yandex.com/bots)"
157.56.92.174 - - [02/Oct/2013:05:01:46 -0500] "GET /robots.txt HTTP/1.1" 404 - "-" "Mozilla/5.0 (compatible; bingbot/2.0; +http://www.bing.com/bingbot.htm)"
157.56.92.174 - - [02/Oct/2013:05:11:48 -0500] "GET / HTTP/1.1" 200 10635 "-" "Mozilla/5.0 (compatible; bingbot/2.0; +http://www.bing.com/bingbot.htm)"
66.249.74.43 - - [02/Oct/2013:06:02:20 -0500] "GET /robots.txt HTTP/1.1" 404 - "-" "Mozilla/5.0 (compatible; Googlebot/2.1; +http://www.google.com/bot.html)"
66.249.74.43 - - [02/Oct/2013:06:02:21 -0500] "GET /images/facebook.png HTTP/1.1" 304 - "-" "Googlebot-Image/1.0"
199.21.99.103 - - [02/Oct/2013:06:27:05 -0500] "GET /events/carousel_11/images/3.jpg HTTP/1.1" 304 - "-" "Mozilla/5.0 (compatible; YandexImages/3.0; +http://yandex.com/bots)"
157.55.34.29 - - [02/Oct/2013:06:46:05 -0500] "GET /robots.txt HTTP/1.1" 404 - "-" "Mozilla/5.0 (compatible; bingbot/2.0; +http://www.bing.com/bingbot.htm)"
180.76.5.192 - - [02/Oct/2013:06:49:33 -0500] "GET /pdf/WAwillvets_FINAL_orange.pdf HTTP/1.1" 200 1307012 "-" "Mozilla/5.0 (Windows NT 5.1; rv:6.0.2) Gecko/20100101 Firefox/6.0.2"
157.55.34.29 - - [02/Oct/2013:06:55:27 -0500] "GET / HTTP/1.1" 200 10635 "-" "Mozilla/5.0 (compatible; bingbot/2.0; +http://www.bing.com/bingbot.htm)"
66.249.74.43 - - [02/Oct/2013:07:13:22 -0500] "GET /events/carousel_11/images/8.jpg HTTP/1.1" 304 - "-" "Googlebot-Image/1.0"
38.99.96.153 - - [02/Oct/2013:07:55:14 -0500] "GET /robots.txt HTTP/1.1" 404 - "-" "Mozilla/5.0 (compatible; Blekkobot; ScoutJet; +http://blekko.com/about/blekkobot)"
38.99.97.49 - - [02/Oct/2013:07:55:14 -0500] "GET / HTTP/1.1" 200 10635 "-" "Mozilla/5.0 (compatible; Blekkobot; ScoutJet; +http://blekko.com/about/blekkobot)"
180.76.5.12 - - [02/Oct/2013:08:07:00 -0500] "GET /pdf/osh_show.pdf HTTP/1.1" 200 6794939 "-" "Mozilla/5.0 (Windows NT 5.1; rv:6.0.2) Gecko/20100101 Firefox/6.0.2"
157.56.93.96 - - [02/Oct/2013:10:15:45 -0500] "GET /robots.txt HTTP/1.1" 404 - "-" "Mozilla/5.0 (compatible; bingbot/2.0; +http://www.bing.com/bingbot.htm)"
157.56.93.96 - - [02/Oct/2013:10:20:08 -0500] "GET /java_for_joes/index.html HTTP/1.1" 404 - "-" "Mozilla/5.0 (compatible; bingbot/2.0; +http://www.bing.com/bingbot.htm)"
144.76.71.241 - - [02/Oct/2013:10:33:21 -0500] "GET /robots.txt HTTP/1.1" 404 - "-" "Mozilla/5.0 (compatible; SISTRIX Crawler; http://crawler.sistrix.net/)"
144.76.71.241 - - [02/Oct/2013:10:33:22 -0500] "GET / HTTP/1.1" 200 10635 "-" "Mozilla/5.0 (compatible; SISTRIX Crawler; http://crawler.sistrix.net/)"
144.76.71.241 - - [02/Oct/2013:10:33:22 -0500] "GET /calendar.php HTTP/1.1" 200 10644 "-" "Mozilla/5.0 (compatible; SISTRIX Crawler; http://crawler.sistrix.net/)"
144.76.71.241 - - [02/Oct/2013:10:33:23 -0500] "GET /contact.php HTTP/1.1" 200 10519 "-" "Mozilla/5.0 (compatible; SISTRIX Crawler; http://crawler.sistrix.net/)"
144.76.71.241 - - [02/Oct/2013:10:33:23 -0500] "GET /business.php HTTP/1.1" 200 10813 "-" "Mozilla/5.0 (compatible; SISTRIX Crawler; http://crawler.sistrix.net/)"
144.76.71.241 - - [02/Oct/2013:10:33:24 -0500] "GET /index.php HTTP/1.1" 200 10635 "-" "Mozilla/5.0 (compatible; SISTRIX Crawler; http://crawler.sistrix.net/)"
144.76.71.241 - - [02/Oct/2013:10:33:24 -0500] "GET /events.php HTTP/1.1" 200 6407 "-" "Mozilla/5.0 (compatible; SISTRIX Crawler; http://crawler.sistrix.net/)"
144.76.71.241 - - [02/Oct/2013:10:33:25 -0500] "GET /aboutus.php HTTP/1.1" 200 11667 "-" "Mozilla/5.0 (compatible; SISTRIX Crawler; http://crawler.sistrix.net/)"
144.76.71.241 - - [02/Oct/2013:10:33:25 -0500] "GET /freedom.php HTTP/1.1" 200 11227 "-" "Mozilla/5.0 (compatible; SISTRIX Crawler; http://crawler.sistrix.net/)"
144.76.71.241 - - [02/Oct/2013:10:33:26 -0500] "GET /donate.php HTTP/1.1" 200 11699 "-" "Mozilla/5.0 (compatible; SISTRIX Crawler; http://crawler.sistrix.net/)"
199.21.99.103 - - [02/Oct/2013:11:33:14 -0500] "GET /events/carousel_11/images/8.jpg HTTP/1.1" 304 - "-" "Mozilla/5.0 (compatible; YandexImages/3.0; +http://yandex.com/bots)"
180.76.5.51 - - [02/Oct/2013:12:13:22 -0500] "GET /join/ HTTP/1.1" 404 - "-" "Mozilla/5.0 (compatible; Baiduspider/2.0; +http://www.baidu.com/search/spider.html)"
192.187.109.66 - - [02/Oct/2013:13:25:50 -0500] "GET /aboutus.php HTTP/1.0" 200 11667 "http://operationspokaneheroes.org/aboutus.php" "Mozilla/5.0 (Windows NT 6.0; WOW64) AppleWebKit/537.11 (KHTML, like Gecko) Chrome/23.0.1271.64 Safari/537.11"
199.21.99.103 - - [02/Oct/2013:13:42:12 -0500] "GET /events/carousel_11/images/10.jpg HTTP/1.1" 304 - "-" "Mozilla/5.0 (compatible; YandexImages/3.0; +http://yandex.com/bots)"
199.87.252.25 - - [02/Oct/2013:14:21:57 -0500] "GET /robots.txt HTTP/1.1" 404 - "-" "Mozilla/5.0 (compatible; Blekkobot; ScoutJet; +http://blekko.com/about/blekkobot)"
199.87.252.25 - - [02/Oct/2013:14:21:57 -0500] "GET /aboutus.php HTTP/1.1" 200 11667 "-" "Mozilla/5.0 (compatible; Blekkobot; ScoutJet; +http://blekko.com/about/blekkobot)"
66.249.74.41 - - [02/Oct/2013:15:41:51 -0500] "GET /robots.txt HTTP/1.1" 404 - "-" "Mozilla/5.0 (compatible; Googlebot/2.1; +http://www.google.com/bot.html)"
66.249.74.41 - - [02/Oct/2013:15:41:52 -0500] "GET / HTTP/1.1" 200 10635 "-" "Mozilla/5.0 (compatible; Googlebot/2.1; +http://www.google.com/bot.html)"
199.21.99.103 - - [02/Oct/2013:15:49:19 -0500] "GET /events/carousel_11/images/9.jpg HTTP/1.1" 304 - "-" "Mozilla/5.0 (compatible; YandexImages/3.0; +http://yandex.com/bots)"
66.249.74.41 - - [02/Oct/2013:15:51:43 -0500] "GET /css/slide.css HTTP/1.1" 200 2869 "-" "Mozilla/5.0 (compatible; Googlebot/2.1; +http://www.google.com/bot.html)"
66.249.74.41 - - [02/Oct/2013:15:51:44 -0500] "GET /css/global.css HTTP/1.1" 200 13951 "-" "Mozilla/5.0 (compatible; Googlebot/2.1; +http://www.google.com/bot.html)"
66.249.74.41 - - [02/Oct/2013:15:51:44 -0500] "GET /css/footer.css HTTP/1.1" 200 752 "-" "Mozilla/5.0 (compatible; Googlebot/2.1; +http://www.google.com/bot.html)"
66.249.74.41 - - [02/Oct/2013:15:51:45 -0500] "GET /slider/css/style.css HTTP/1.1" 200 1379 "-" "Mozilla/5.0 (compatible; Googlebot/2.1; +http://www.google.com/bot.html)"
66.249.74.41 - - [02/Oct/2013:15:51:45 -0500] "GET /css/style_global.css HTTP/1.1" 200 2621 "-" "Mozilla/5.0 (compatible; Googlebot/2.1; +http://www.google.com/bot.html)"
208.115.111.70 - - [02/Oct/2013:16:00:53 -0500] "GET /robots.txt HTTP/1.1" 404 - "-" "Mozilla/5.0 (compatible; Ezooms/1.0; ezooms.bot@gmail.com)"
157.55.32.229 - - [02/Oct/2013:16:06:58 -0500] "GET /robots.txt HTTP/1.1" 404 - "-" "Mozilla/5.0 (compatible; bingbot/2.0; +http://www.bing.com/bingbot.htm)"
157.55.32.229 - - [02/Oct/2013:16:09:20 -0500] "GET /pdf/Hiring%20Our%20Heroes%20Sept%202013%20Career%20Fair%20Flyer.pdf HTTP/1.1" 200 406827 "-" "Mozilla/5.0 (compatible; bingbot/2.0; +http://www.bing.com/bingbot.htm)"
199.21.99.103 - - [02/Oct/2013:16:26:17 -0500] "GET /events/carousel_11/images/11.jpg HTTP/1.1" 304 - "-" "Mozilla/5.0 (compatible; YandexImages/3.0; +http://yandex.com/bots)"
157.55.33.18 - - [02/Oct/2013:16:50:51 -0500] "GET / HTTP/1.1" 200 10635 "-" "Mozilla/5.0 (compatible; bingbot/2.0; +http://www.bing.com/bingbot.htm)"
199.21.99.103 - - [02/Oct/2013:17:04:45 -0500] "GET /robots.txt HTTP/1.1" 404 - "-" "Mozilla/5.0 (compatible; YandexBot/3.0; +http://yandex.com/bots)"
199.21.99.103 - - [02/Oct/2013:17:04:47 -0500] "GET /images/welcome.jpg HTTP/1.1" 304 - "-" "Mozilla/5.0 (compatible; YandexImages/3.0; +http://yandex.com/bots)"
208.115.111.70 - - [02/Oct/2013:17:07:26 -0500] "GET /calendar.php HTTP/1.1" 200 10644 "-" "Mozilla/5.0 (compatible; Ezooms/1.0; ezooms.bot@gmail.com)"
199.21.99.103 - - [02/Oct/2013:18:01:03 -0500] "GET /robots.txt HTTP/1.1" 404 - "-" "Mozilla/5.0 (compatible; YandexBot/3.0; +http://yandex.com/bots)"
199.21.99.103 - - [02/Oct/2013:18:01:05 -0500] "GET / HTTP/1.1" 200 10635 "-" "Mozilla/5.0 (compatible; YandexBot/3.0; +http://yandex.com/bots)"
199.21.99.103 - - [02/Oct/2013:18:01:21 -0500] "GET / HTTP/1.1" 200 10635 "-" "Mozilla/5.0 (compatible; YandexBot/3.0; +http://yandex.com/bots)"
199.21.99.103 - - [02/Oct/2013:18:01:31 -0500] "GET / HTTP/1.1" 200 10635 "-" "Mozilla/5.0 (compatible; YandexBot/3.0; +http://yandex.com/bots)"
199.21.99.103 - - [02/Oct/2013:18:01:54 -0500] "GET / HTTP/1.1" 200 10635 "-" "Mozilla/5.0 (compatible; YandexBot/3.0; +http://yandex.com/bots)"
157.55.33.18 - - [02/Oct/2013:18:29:26 -0500] "GET /robots.txt HTTP/1.1" 404 - "-" "Mozilla/5.0 (compatible; bingbot/2.0; +http://www.bing.com/bingbot.htm)"
157.55.33.18 - - [02/Oct/2013:18:32:40 -0500] "GET / HTTP/1.1" 200 10635 "-" "Mozilla/5.0 (compatible; bingbot/2.0; +http://www.bing.com/bingbot.htm)"
199.21.99.103 - - [02/Oct/2013:19:00:38 -0500] "GET /events/carousel_11/images/7.jpg HTTP/1.1" 304 - "-" "Mozilla/5.0 (compatible; YandexImages/3.0; +http://yandex.com/bots)"
199.21.99.103 - - [02/Oct/2013:19:43:13 -0500] "GET /images/imagslider-1.png HTTP/1.1" 404 - "-" "Mozilla/5.0 (compatible; YandexImages/3.0; +http://yandex.com/bots)"
199.21.99.103 - - [02/Oct/2013:20:12:28 -0500] "GET /events/carousel_11/images/4.jpg HTTP/1.1" 304 - "-" "Mozilla/5.0 (compatible; YandexImages/3.0; +http://yandex.com/bots)"
199.21.99.103 - - [02/Oct/2013:22:24:10 -0500] "GET /events/carousel_11/images/5.jpg HTTP/1.1" 304 - "-" "Mozilla/5.0 (compatible; YandexImages/3.0; +http://yandex.com/bots)"
66.249.74.43 - - [02/Oct/2013:22:42:41 -0500] "GET /robots.txt HTTP/1.1" 404 - "-" "Mozilla/5.0 (compatible; Googlebot/2.1; +http://www.google.com/bot.html)"
66.249.74.43 - - [02/Oct/2013:22:42:41 -0500] "GET /aboutus.php HTTP/1.1" 200 11667 "-" "Mozilla/5.0 (iPhone; U; CPU iPhone OS 4_1 like Mac OS X; en-us) AppleWebKit/532.9 (KHTML, like Gecko) Version/4.0.5 Mobile/8B117 Safari/6531.22.7 (compatible; Googlebot-Mobile/2.1; +http://www.google.com/bot.html)"
66.249.74.43 - - [02/Oct/2013:22:44:15 -0500] "GET /css/footer.css HTTP/1.1" 200 752 "-" "Mozilla/5.0 (compatible; Googlebot/2.1; +http://www.google.com/bot.html)"
66.249.74.43 - - [02/Oct/2013:22:44:16 -0500] "GET /css/global.css HTTP/1.1" 200 13951 "-" "Mozilla/5.0 (compatible; Googlebot/2.1; +http://www.google.com/bot.html)"
66.249.74.43 - - [02/Oct/2013:22:44:16 -0500] "GET /css/slide.css HTTP/1.1" 200 2869 "-" "Mozilla/5.0 (compatible; Googlebot/2.1; +http://www.google.com/bot.html)"
66.249.74.43 - - [02/Oct/2013:22:44:17 -0500] "GET /css/style_global.css HTTP/1.1" 200 2621 "-" "Mozilla/5.0 (compatible; Googlebot/2.1; +http://www.google.com/bot.html)"
46.0.228.243 - - [02/Oct/2013:23:47:44 -0500] "GET / HTTP/1.1" 200 10635 "http://operationspokaneheroes.org" "Mozilla/4.0 (compatible; MSIE 6.0; Windows NT 5.1; SV1)"
199.21.99.103 - - [02/Oct/2013:23:47:46 -0500] "GET /images/free_clinic.png HTTP/1.1" 304 - "-" "Mozilla/5.0 (compatible; YandexImages/3.0; +http://yandex.com/bots)"
199.21.99.103 - - [02/Oct/2013:23:52:56 -0500] "GET /images/freaky_farms.png HTTP/1.1" 304 - "-" "Mozilla/5.0 (compatible; YandexImages/3.0; +http://yandex.com/bots)"
54.234.118.6 - - [03/Oct/2013:01:07:12 -0500] "GET / HTTP/1.0" 200 10635 "-" "Mozilla/5.0 (compatible; Windows; U; Windows NT 6.2; WOW64; en-US; rv:12.0) Gecko/20120403211507 Firefox/12.0"
173.252.110.113 - - [03/Oct/2013:02:24:49 -0500] "GET /images/logo.png HTTP/1.1" 200 226129 "-" "facebookexternalhit/1.1 (+http://www.facebook.com/externalhit_uatext.php)"
173.252.112.112 - - [03/Oct/2013:02:25:18 -0500] "GET /images/logo.png HTTP/1.1" 200 226129 "-" "facebookexternalhit/1.1 (+http://www.facebook.com/externalhit_uatext.php)"
157.55.32.229 - - [03/Oct/2013:03:43:44 -0500] "GET /robots.txt HTTP/1.1" 404 - "-" "Mozilla/5.0 (compatible; bingbot/2.0; +http://www.bing.com/bingbot.htm)"
157.55.32.229 - - [03/Oct/2013:03:48:42 -0500] "GET /pdf/2010_Top100_Military_Friendly_Employers.pdf HTTP/1.1" 200 711726 "-" "Mozilla/5.0 (compatible; bingbot/2.0; +http://www.bing.com/bingbot.htm)"
180.76.6.232 - - [03/Oct/2013:04:00:46 -0500] "GET /pdf/freaky_farms.pdf HTTP/1.1" 200 390664 "-" "Mozilla/5.0 (compatible; Baiduspider/2.0; +http://www.baidu.com/search/spider.html)"
157.55.33.18 - - [03/Oct/2013:04:21:21 -0500] "GET / HTTP/1.1" 200 10635 "-" "Mozilla/5.0 (compatible; bingbot/2.0; +http://www.bing.com/bingbot.htm)"
199.21.99.103 - - [03/Oct/2013:05:38:18 -0500] "GET /robots.txt HTTP/1.1" 404 - "-" "Mozilla/5.0 (compatible; YandexBot/3.0; +http://yandex.com/bots)"
199.21.99.103 - - [03/Oct/2013:05:38:20 -0500] "GET /events/carousel_11/images/6.jpg HTTP/1.1" 304 - "-" "Mozilla/5.0 (compatible; YandexImages/3.0; +http://yandex.com/bots)"
