66.249.73.53 - - [01/Feb/2014:09:54:23 -0600] "GET / HTTP/1.1" 200 10635 "-" "DoCoMo/2.0 N905i(c100;TB;W24H16) (compatible; Googlebot-Mobile/2.1; +http://www.google.com/bot.html)"
66.249.73.216 - - [01/Feb/2014:09:56:41 -0600] "GET /robots.txt HTTP/1.1" 404 - "-" "Mozilla/5.0 (compatible; Googlebot/2.1; +http://www.google.com/bot.html)"
66.249.73.216 - - [01/Feb/2014:09:56:41 -0600] "GET /index.php HTTP/1.1" 200 10635 "-" "Mozilla/5.0 (compatible; Googlebot/2.1; +http://www.google.com/bot.html)"
66.249.73.216 - - [01/Feb/2014:10:06:11 -0600] "GET /business.php HTTP/1.1" 200 10813 "-" "Mozilla/5.0 (compatible; Googlebot/2.1; +http://www.google.com/bot.html)"
132.3.65.82 - - [01/Feb/2014:10:06:45 -0600] "GET /slider/js/startstop-slider.js HTTP/1.1" 200 1737 "-" "Mozilla/4.0 (compatible;)"
202.46.61.106 - - [01/Feb/2014:10:23:09 -0600] "GET /java_for_joes/index.html HTTP/1.1" 404 - "-" "Mozilla/5.0 (Windows NT 6.1; WOW64; rv:22.0) Gecko/20100101 Firefox/22.0"
66.249.73.216 - - [01/Feb/2014:10:24:18 -0600] "GET /contact.php HTTP/1.1" 200 10519 "-" "Mozilla/5.0 (compatible; Googlebot/2.1; +http://www.google.com/bot.html)"
66.249.73.216 - - [01/Feb/2014:10:24:36 -0600] "GET /css/contact_style.css HTTP/1.1" 200 843 "-" "Mozilla/5.0 (compatible; Googlebot/2.1; +http://www.google.com/bot.html)"
66.249.73.216 - - [01/Feb/2014:10:25:40 -0600] "GET /pdf/2010_Top100_Military_Friendly_Employers.pdf HTTP/1.1" 304 - "-" "Mozilla/5.0 (compatible; Googlebot/2.1; +http://www.google.com/bot.html)"
66.249.73.216 - - [01/Feb/2014:10:37:11 -0600] "GET / HTTP/1.1" 200 10635 "-" "DoCoMo/2.0 N905i(c100;TB;W24H16) (compatible; Googlebot-Mobile/2.1; +http://www.google.com/bot.html)"
66.249.73.216 - - [01/Feb/2014:10:50:08 -0600] "GET /pdf/Idaho+DOL+Sep+-+Oct+2013.pdf HTTP/1.1" 304 - "-" "Mozilla/5.0 (compatible; Googlebot/2.1; +http://www.google.com/bot.html)"
185.10.104.130 - - [01/Feb/2014:10:56:29 -0600] "GET /java_for_joes/index.html HTTP/1.1" 404 - "-" "Mozilla/5.0 (Windows NT 6.1; WOW64; rv:22.0) Gecko/20100101 Firefox/22.0"
66.249.73.216 - - [01/Feb/2014:11:01:26 -0600] "GET /aboutus.php HTTP/1.1" 200 11667 "-" "Mozilla/5.0 (compatible; Googlebot/2.1; +http://www.google.com/bot.html)"
66.249.73.216 - - [01/Feb/2014:11:53:04 -0600] "GET /pdf/Hiring%20Our%20Heroes%20Sept%202013%20Career%20Fair%20Flyer.pdf HTTP/1.1" 304 - "-" "Mozilla/5.0 (compatible; Googlebot/2.1; +http://www.google.com/bot.html)"
66.249.73.216 - - [01/Feb/2014:12:08:27 -0600] "GET /calendar.php HTTP/1.1" 200 10644 "-" "Mozilla/5.0 (compatible; Googlebot/2.1; +http://www.google.com/bot.html)"
66.249.73.216 - - [01/Feb/2014:13:17:44 -0600] "GET /pdf/2013%20-%20Women%20Warriors%20and%20the%20Cowgirls%20Flyer.pdf HTTP/1.1" 304 - "-" "Mozilla/5.0 (compatible; Googlebot/2.1; +http://www.google.com/bot.html)"
66.249.73.216 - - [01/Feb/2014:13:18:11 -0600] "GET /resources.php HTTP/1.1" 200 10398 "-" "Mozilla/5.0 (compatible; Googlebot/2.1; +http://www.google.com/bot.html)"
66.249.73.216 - - [01/Feb/2014:14:38:48 -0600] "GET /donate.php HTTP/1.1" 200 11699 "-" "Mozilla/5.0 (compatible; Googlebot/2.1; +http://www.google.com/bot.html)"
66.249.73.216 - - [01/Feb/2014:15:10:02 -0600] "GET /pdf/174%20Stores%20and%20Business%20Offering%20Military%20Discounts1.pdf HTTP/1.1" 304 - "-" "Mozilla/5.0 (compatible; Googlebot/2.1; +http://www.google.com/bot.html)"
173.252.110.115 - - [01/Feb/2014:15:17:57 -0600] "GET /images/logo.png HTTP/1.1" 200 226129 "-" "facebookexternalhit/1.1 (+http://www.facebook.com/externalhit_uatext.php)"
66.249.73.53 - - [01/Feb/2014:15:37:55 -0600] "GET /events.php HTTP/1.1" 200 6407 "-" "Mozilla/5.0 (iPhone; CPU iPhone OS 6_0 like Mac OS X) AppleWebKit/536.26 (KHTML, like Gecko) Version/6.0 Mobile/10A5376e Safari/8536.25 (compatible; Googlebot-Mobile/2.1; +http://www.google.com/bot.html)"
66.249.73.216 - - [01/Feb/2014:15:41:10 -0600] "GET /contact.php HTTP/1.1" 200 10519 "-" "Mozilla/5.0 (iPhone; CPU iPhone OS 6_0 like Mac OS X) AppleWebKit/536.26 (KHTML, like Gecko) Version/6.0 Mobile/10A5376e Safari/8536.25 (compatible; Googlebot-Mobile/2.1; +http://www.google.com/bot.html)"
66.249.73.53 - - [01/Feb/2014:15:43:57 -0600] "GET /events/vet_picnic/css/style.css HTTP/1.1" 200 1149 "-" "Mozilla/5.0 (compatible; Googlebot/2.1; +http://www.google.com/bot.html)"
66.249.73.53 - - [01/Feb/2014:15:43:57 -0600] "GET /events/ermy_event/css/style.css HTTP/1.1" 200 1149 "-" "Mozilla/5.0 (compatible; Googlebot/2.1; +http://www.google.com/bot.html)"
66.249.73.53 - - [01/Feb/2014:15:43:58 -0600] "GET /events/carousel_11/css/style.css HTTP/1.1" 200 1149 "-" "Mozilla/5.0 (compatible; Googlebot/2.1; +http://www.google.com/bot.html)"
157.55.33.248 - - [01/Feb/2014:17:41:44 -0600] "GET /robots.txt HTTP/1.1" 404 - "-" "Mozilla/5.0 (compatible; bingbot/2.0; +http://www.bing.com/bingbot.htm)"
157.55.33.248 - - [01/Feb/2014:17:42:52 -0600] "GET / HTTP/1.1" 200 10635 "-" "Mozilla/5.0 (compatible; bingbot/2.0; +http://www.bing.com/bingbot.htm)"
66.249.73.216 - - [01/Feb/2014:19:05:31 -0600] "GET /pdf/Idaho+DOL+Sep+-+Oct+2013.pdf HTTP/1.1" 304 - "-" "Mozilla/5.0 (compatible; Googlebot/2.1; +http://www.google.com/bot.html)"
157.55.33.248 - - [01/Feb/2014:19:47:17 -0600] "GET /robots.txt HTTP/1.1" 404 - "-" "Mozilla/5.0 (compatible; bingbot/2.0; +http://www.bing.com/bingbot.htm)"
157.55.33.248 - - [01/Feb/2014:19:48:11 -0600] "GET / HTTP/1.1" 200 10635 "-" "Mozilla/5.0 (compatible; bingbot/2.0; +http://www.bing.com/bingbot.htm)"
216.152.243.214 - - [01/Feb/2014:21:33:44 -0600] "GET /aboutus.php HTTP/1.1" 200 11667 "-" "Mozilla/4.0 (compatible; MSIE 6.0; Windows NT 5.1; SV1; Mozilla/4.0 (compatible; MSIE 6.0; Windows NT 5.1; SV1) ; .NET CLR 2.0.50727 ; .NET CLR 4.0.30319)"
216.152.243.214 - - [01/Feb/2014:21:33:45 -0600] "POST /aboutus.php/trackback/ HTTP/1.1" 200 11667 "http://operationspokaneheroes.org/aboutus.php" "Mozilla/4.0 (compatible; MSIE 6.0; Windows NT 5.1; SV1; Mozilla/4.0 (compatible; MSIE 6.0; Windows NT 5.1; SV1) ; .NET CLR 1.0.3705)"
180.76.6.142 - - [01/Feb/2014:23:50:48 -0600] "GET /pdf/Operation%20Wings%20of%20Hope%20Poster.pdf HTTP/1.1" 200 298825 "-" "Mozilla/5.0 (Windows NT 5.1; rv:6.0.2) Gecko/20100101 Firefox/6.0.2"
31.202.241.229 - - [02/Feb/2014:02:33:12 -0600] "GET /java_for_joes/index.html HTTP/1.1" 404 - "-" "GoogleBot 1.0"
66.249.73.53 - - [02/Feb/2014:02:41:29 -0600] "GET /robots.txt HTTP/1.1" 404 - "-" "Mozilla/5.0 (compatible; Googlebot/2.1; +http://www.google.com/bot.html)"
66.249.73.53 - - [02/Feb/2014:02:41:29 -0600] "GET /aboutus.php HTTP/1.1" 200 11667 "-" "Mozilla/5.0 (iPhone; CPU iPhone OS 6_0 like Mac OS X) AppleWebKit/536.26 (KHTML, like Gecko) Version/6.0 Mobile/10A5376e Safari/8536.25 (compatible; Googlebot-Mobile/2.1; +http://www.google.com/bot.html)"
66.249.73.216 - - [02/Feb/2014:02:44:50 -0600] "GET /robots.txt HTTP/1.1" 404 - "-" "Mozilla/5.0 (compatible; Googlebot/2.1; +http://www.google.com/bot.html)"
66.249.73.216 - - [02/Feb/2014:03:27:12 -0600] "GET /business.php HTTP/1.1" 200 10813 "-" "Mozilla/5.0 (iPhone; CPU iPhone OS 6_0 like Mac OS X) AppleWebKit/536.26 (KHTML, like Gecko) Version/6.0 Mobile/10A5376e Safari/8536.25 (compatible; Googlebot-Mobile/2.1; +http://www.google.com/bot.html)"
66.249.73.216 - - [02/Feb/2014:03:35:31 -0600] "GET /css/footer.css HTTP/1.1" 200 752 "-" "Mozilla/5.0 (compatible; Googlebot/2.1; +http://www.google.com/bot.html)"
66.249.73.216 - - [02/Feb/2014:03:35:35 -0600] "GET /css/slide.css HTTP/1.1" 200 2869 "-" "Mozilla/5.0 (compatible; Googlebot/2.1; +http://www.google.com/bot.html)"
66.249.73.216 - - [02/Feb/2014:03:35:36 -0600] "GET /css/global.css HTTP/1.1" 200 13951 "-" "Mozilla/5.0 (compatible; Googlebot/2.1; +http://www.google.com/bot.html)"
66.249.73.216 - - [02/Feb/2014:03:35:36 -0600] "GET /css/style_global.css HTTP/1.1" 200 2621 "-" "Mozilla/5.0 (compatible; Googlebot/2.1; +http://www.google.com/bot.html)"
180.76.5.193 - - [02/Feb/2014:03:37:40 -0600] "GET /pdf/VetsDay_Flyer2.pdf HTTP/1.1" 200 2364673 "-" "Mozilla/5.0 (Windows NT 5.1; rv:6.0.2) Gecko/20100101 Firefox/6.0.2"
180.76.5.143 - - [02/Feb/2014:04:37:03 -0600] "GET / HTTP/1.1" 200 10635 "-" "Mozilla/5.0 (compatible; Baiduspider/2.0; +http://www.baidu.com/search/spider.html)"
157.55.33.248 - - [02/Feb/2014:05:13:33 -0600] "GET /robots.txt HTTP/1.1" 404 - "-" "Mozilla/5.0 (compatible; bingbot/2.0; +http://www.bing.com/bingbot.htm)"
157.55.33.248 - - [02/Feb/2014:05:14:14 -0600] "GET / HTTP/1.1" 200 10635 "-" "Mozilla/5.0 (compatible; bingbot/2.0; +http://www.bing.com/bingbot.htm)"
180.76.6.50 - - [02/Feb/2014:05:15:45 -0600] "GET / HTTP/1.1" 200 10635 "-" "Mozilla/5.0 (compatible; Baiduspider/2.0; +http://www.baidu.com/search/spider.html)"
157.55.33.248 - - [02/Feb/2014:06:53:13 -0600] "GET /robots.txt HTTP/1.1" 404 - "-" "Mozilla/5.0 (compatible; bingbot/2.0; +http://www.bing.com/bingbot.htm)"
157.55.33.248 - - [02/Feb/2014:06:53:38 -0600] "GET / HTTP/1.1" 200 10635 "-" "Mozilla/5.0 (compatible; bingbot/2.0; +http://www.bing.com/bingbot.htm)"
180.76.5.26 - - [02/Feb/2014:07:25:51 -0600] "GET /pdf/Operation%20Wings%20of%20Hope.pdf HTTP/1.1" 304 - "-" "Mozilla/5.0 (Windows NT 5.1; rv:6.0.2) Gecko/20100101 Firefox/6.0.2"
66.249.73.53 - - [02/Feb/2014:08:09:03 -0600] "GET / HTTP/1.1" 200 10635 "-" "Mozilla/5.0 (compatible; Googlebot/2.1; +http://www.google.com/bot.html)"
66.249.73.53 - - [02/Feb/2014:08:30:02 -0600] "GET /favicon.ico HTTP/1.1" 404 - "-" "Googlebot-Image/1.0"
91.239.15.240 - - [02/Feb/2014:08:38:55 -0600] "GET / HTTP/1.1" 200 10635 "-" "GoogleBot 1.0"
66.249.73.53 - - [02/Feb/2014:09:01:34 -0600] "GET /images/slder2.png HTTP/1.1" 304 - "-" "Googlebot-Image/1.0"
68.180.224.230 - - [02/Feb/2014:09:06:44 -0600] "GET /robots.txt HTTP/1.1" 404 - "-" "Mozilla/5.0 (compatible; Yahoo! Slurp; http://help.yahoo.com/help/us/ysearch/slurp)"
68.180.224.230 - - [02/Feb/2014:09:06:45 -0600] "GET / HTTP/1.1" 200 10635 "-" "Mozilla/5.0 (compatible; Yahoo! Slurp; http://help.yahoo.com/help/us/ysearch/slurp)"
66.249.73.53 - - [02/Feb/2014:09:32:59 -0600] "GET /images/logo.png HTTP/1.1" 304 - "-" "Googlebot-Image/1.0"
31.202.241.232 - - [02/Feb/2014:09:33:37 -0600] "GET /java_for_joes/index.html HTTP/1.1" 404 - "-" "GoogleBot 1.0"
66.249.73.53 - - [02/Feb/2014:10:04:24 -0600] "GET /images/global.png HTTP/1.1" 304 - "-" "Googlebot-Image/1.0"
66.249.73.53 - - [02/Feb/2014:10:35:57 -0600] "GET /images/facebook.png HTTP/1.1" 304 - "-" "Googlebot-Image/1.0"
66.249.73.53 - - [02/Feb/2014:11:07:31 -0600] "GET /images/contacticon.png HTTP/1.1" 304 - "-" "Googlebot-Image/1.0"
220.181.108.75 - - [02/Feb/2014:11:14:14 -0600] "GET /business.php HTTP/1.1" 200 10813 "-" "Mozilla/5.0 (compatible; Baiduspider/2.0; +http://www.baidu.com/search/spider.html)"
157.56.92.158 - - [02/Feb/2014:11:33:21 -0600] "GET /robots.txt HTTP/1.1" 404 - "-" "Mozilla/5.0 (compatible; bingbot/2.0; +http://www.bing.com/bingbot.htm)"
157.56.92.158 - - [02/Feb/2014:11:34:03 -0600] "GET /pdf/January%20Flyers.pdf HTTP/1.1" 200 5543019 "-" "Mozilla/5.0 (compatible; bingbot/2.0; +http://www.bing.com/bingbot.htm)"
66.249.73.53 - - [02/Feb/2014:11:38:45 -0600] "GET /slider/images/imagslider-1.png HTTP/1.1" 200 69960 "-" "Googlebot-Image/1.0"
180.76.6.48 - - [02/Feb/2014:13:18:23 -0600] "GET /pdf/Hiring%20Our%20Heroes%20Sept%202013%20Career%20Fair%20Flyer.pdf HTTP/1.1" 200 406827 "-" "Mozilla/5.0 (compatible; Baiduspider/2.0; +http://www.baidu.com/search/spider.html)"
199.30.20.64 - - [02/Feb/2014:13:48:47 -0600] "GET /robots.txt HTTP/1.1" 404 - "-" "msnbot-media/1.1 (+http://search.msn.com/msnbot.htm)"
199.30.20.64 - - [02/Feb/2014:13:48:47 -0600] "GET /images/welcome.jpg HTTP/1.1" 200 27773 "-" "msnbot-media/1.1 (+http://search.msn.com/msnbot.htm)"
86.123.241.48 - - [02/Feb/2014:14:09:07 -0600] "GET / HTTP/1.1" 200 10635 "-" "Java/1.7.0_25"
86.123.241.48 - - [02/Feb/2014:14:09:07 -0600] "GET /aboutus.php HTTP/1.1" 200 11667 "-" "Java/1.7.0_25"
86.123.241.48 - - [02/Feb/2014:14:09:08 -0600] "GET /business.php HTTP/1.1" 200 10813 "-" "Java/1.7.0_25"
86.123.241.48 - - [02/Feb/2014:14:09:08 -0600] "GET /calendar.php HTTP/1.1" 200 10644 "-" "Java/1.7.0_25"
86.123.241.48 - - [02/Feb/2014:14:09:09 -0600] "GET /contact.php HTTP/1.1" 200 10519 "-" "Java/1.7.0_25"
86.123.241.48 - - [02/Feb/2014:14:09:10 -0600] "GET /donate.php HTTP/1.1" 200 11699 "-" "Java/1.7.0_25"
86.123.241.48 - - [02/Feb/2014:14:09:10 -0600] "GET /events.php HTTP/1.1" 200 6407 "-" "Java/1.7.0_25"
86.123.241.48 - - [02/Feb/2014:14:09:11 -0600] "GET /freedom.php HTTP/1.1" 200 11227 "-" "Java/1.7.0_25"
86.123.241.48 - - [02/Feb/2014:14:09:11 -0600] "GET /index.php HTTP/1.1" 200 10635 "-" "Java/1.7.0_25"
86.123.241.48 - - [02/Feb/2014:14:09:12 -0600] "GET /_inc/slide.php HTTP/1.1" 200 3205 "-" "Java/1.7.0_25"
86.123.241.48 - - [02/Feb/2014:14:09:12 -0600] "GET /images/contacticon.png HTTP/1.1" 200 4499 "-" "Java/1.7.0_25"
86.123.241.48 - - [02/Feb/2014:14:09:12 -0600] "GET /images/facebook.png HTTP/1.1" 200 5004 "-" "Java/1.7.0_25"
86.123.241.48 - - [02/Feb/2014:14:09:13 -0600] "GET /images/freedom_friday_click_here.png HTTP/1.1" 200 19268 "-" "Java/1.7.0_25"
86.123.241.48 - - [02/Feb/2014:14:09:13 -0600] "GET /images/global.png HTTP/1.1" 200 5737 "-" "Java/1.7.0_25"
86.123.241.48 - - [02/Feb/2014:14:09:14 -0600] "GET /images/logo.png HTTP/1.1" 200 226129 "-" "Java/1.7.0_25"
86.123.241.48 - - [02/Feb/2014:14:09:15 -0600] "GET /slider/index.html HTTP/1.1" 200 2900 "-" "Java/1.7.0_25"
86.123.241.48 - - [02/Feb/2014:14:09:16 -0600] "GET /_inc/contact.php HTTP/1.1" 200 756 "-" "Java/1.7.0_25"
86.123.241.48 - - [02/Feb/2014:14:09:16 -0600] "GET /events/Brittanycozza-.png HTTP/1.1" 200 156325 "-" "Java/1.7.0_25"
86.123.241.48 - - [02/Feb/2014:14:09:18 -0600] "GET /join HTTP/1.1" 404 - "-" "Java/1.7.0_25"
86.123.241.48 - - [02/Feb/2014:14:09:18 -0600] "GET /js/combined.js HTTP/1.1" 200 169946 "-" "Java/1.7.0_25"
86.123.241.48 - - [02/Feb/2014:14:09:20 -0600] "GET /images/imagslider-2.png HTTP/1.1" 200 60039 "-" "Java/1.7.0_25"
86.123.241.48 - - [02/Feb/2014:14:09:20 -0600] "GET /images/imagslider-4.png HTTP/1.1" 200 64386 "-" "Java/1.7.0_25"
86.123.241.48 - - [02/Feb/2014:14:09:21 -0600] "GET /images/imagslider-5.png HTTP/1.1" 200 65260 "-" "Java/1.7.0_25"
86.123.241.48 - - [02/Feb/2014:14:09:23 -0600] "GET /images/imagslider-6.png HTTP/1.1" 200 37295 "-" "Java/1.7.0_25"
86.123.241.48 - - [02/Feb/2014:14:09:23 -0600] "GET /images/slder2.png HTTP/1.1" 200 32853 "-" "Java/1.7.0_25"
86.123.241.48 - - [02/Feb/2014:14:09:24 -0600] "GET /contact/contactengine.php HTTP/1.1" 200 61 "-" "Java/1.7.0_25"
86.123.241.48 - - [02/Feb/2014:14:09:24 -0600] "GET /js/'+opts.iframeSrc+' HTTP/1.1" 404 - "-" "Java/1.7.0_25"
86.123.241.48 - - [02/Feb/2014:14:09:24 -0600] "GET /js/'+s.src+' HTTP/1.1" 404 - "-" "Java/1.7.0_25"
86.123.241.48 - - [02/Feb/2014:14:09:25 -0600] "GET /js/)&&label.html(message);}else{label=$( HTTP/1.1" 404 - "-" "Java/1.7.0_25"
86.123.241.48 - - [02/Feb/2014:14:09:25 -0600] "GET /js/).html(options.highlight(formatted,term)).addClass(i%2==0? HTTP/1.1" 404 - "-" "Java/1.7.0_25"
199.30.20.64 - - [02/Feb/2014:14:35:52 -0600] "GET /images/serving_served.jpg HTTP/1.1" 200 23042 "-" "msnbot-media/1.1 (+http://search.msn.com/msnbot.htm)"
72.21.217.108 - - [02/Feb/2014:15:37:55 -0600] "GET / HTTP/1.1" 200 10635 "-" "Jakarta Commons-HttpClient/3.0"
178.154.243.83 - - [02/Feb/2014:15:53:44 -0600] "GET /robots.txt HTTP/1.1" 404 - "-" "Mozilla/5.0 (compatible; YandexImages/3.0; +http://yandex.com/bots)"
66.249.73.53 - - [02/Feb/2014:15:53:57 -0600] "GET /robots.txt HTTP/1.1" 404 - "-" "Mozilla/5.0 (compatible; Googlebot/2.1; +http://www.google.com/bot.html)"
66.249.73.53 - - [02/Feb/2014:15:53:57 -0600] "GET / HTTP/1.1" 200 10635 "-" "Mozilla/5.0 (iPhone; CPU iPhone OS 6_0 like Mac OS X) AppleWebKit/536.26 (KHTML, like Gecko) Version/6.0 Mobile/10A5376e Safari/8536.25 (compatible; Googlebot-Mobile/2.1; +http://www.google.com/bot.html)"
157.56.93.103 - - [02/Feb/2014:16:01:55 -0600] "GET /robots.txt HTTP/1.1" 404 - "-" "Mozilla/5.0 (compatible; bingbot/2.0; +http://www.bing.com/bingbot.htm)"
66.249.73.216 - - [02/Feb/2014:16:02:42 -0600] "GET /robots.txt HTTP/1.1" 404 - "-" "Mozilla/5.0 (compatible; Googlebot/2.1; +http://www.google.com/bot.html)"
66.249.73.216 - - [02/Feb/2014:16:02:43 -0600] "GET /pdf/2013%20-%20Women%20Warriors%20and%20the%20Cowgirls%20Flyer.pdf HTTP/1.1" 304 - "-" "Mozilla/5.0 (iPhone; CPU iPhone OS 6_0 like Mac OS X) AppleWebKit/536.26 (KHTML, like Gecko) Version/6.0 Mobile/10A5376e Safari/8536.25 (compatible; Googlebot-Mobile/2.1; +http://www.google.com/bot.html)"
66.249.73.53 - - [02/Feb/2014:16:04:01 -0600] "GET /css/slide.css HTTP/1.1" 200 2869 "-" "Mozilla/5.0 (compatible; Googlebot/2.1; +http://www.google.com/bot.html)"
66.249.73.53 - - [02/Feb/2014:16:04:02 -0600] "GET /css/global.css HTTP/1.1" 200 13951 "-" "Mozilla/5.0 (compatible; Googlebot/2.1; +http://www.google.com/bot.html)"
66.249.73.53 - - [02/Feb/2014:16:04:02 -0600] "GET /css/style_global.css HTTP/1.1" 200 2621 "-" "Mozilla/5.0 (compatible; Googlebot/2.1; +http://www.google.com/bot.html)"
66.249.73.53 - - [02/Feb/2014:16:04:03 -0600] "GET /slider/css/style.css HTTP/1.1" 200 1379 "-" "Mozilla/5.0 (compatible; Googlebot/2.1; +http://www.google.com/bot.html)"
66.249.73.53 - - [02/Feb/2014:16:04:03 -0600] "GET /css/footer.css HTTP/1.1" 200 752 "-" "Mozilla/5.0 (compatible; Googlebot/2.1; +http://www.google.com/bot.html)"
157.56.93.103 - - [02/Feb/2014:16:05:40 -0600] "GET / HTTP/1.1" 200 10635 "-" "Mozilla/5.0 (compatible; bingbot/2.0; +http://www.bing.com/bingbot.htm)"
66.249.73.53 - - [02/Feb/2014:16:22:30 -0600] "GET /events/carousel_11/images/8.jpg HTTP/1.1" 200 136957 "-" "Googlebot-Image/1.0"
66.249.73.53 - - [02/Feb/2014:16:53:19 -0600] "GET /events/Brittanycozza-.png HTTP/1.1" 304 - "-" "Googlebot-Image/1.0"
178.154.243.83 - - [02/Feb/2014:17:06:48 -0600] "GET /events/carousel_11/images/8.jpg HTTP/1.1" 304 - "-" "Mozilla/5.0 (compatible; YandexImages/3.0; +http://yandex.com/bots)"
66.249.73.53 - - [02/Feb/2014:17:24:44 -0600] "GET /events/vet_picnic/images/3.jpg HTTP/1.1" 304 - "-" "Googlebot-Image/1.0"
66.249.73.53 - - [02/Feb/2014:17:39:52 -0600] "GET / HTTP/1.1" 200 10635 "-" "SAMSUNG-SGH-E250/1.0 Profile/MIDP-2.0 Configuration/CLDC-1.1 UP.Browser/6.2.3.3.c.1.101 (GUI) MMP/2.0 (compatible; Googlebot-Mobile/2.1; +http://www.google.com/bot.html)"
66.249.73.53 - - [02/Feb/2014:17:57:22 -0600] "GET /events/ermy_event/images/8.jpg HTTP/1.1" 304 - "-" "Googlebot-Image/1.0"
66.249.73.216 - - [02/Feb/2014:18:18:15 -0600] "GET / HTTP/1.1" 200 10635 "-" "SAMSUNG-SGH-E250/1.0 Profile/MIDP-2.0 Configuration/CLDC-1.1 UP.Browser/6.2.3.3.c.1.101 (GUI) MMP/2.0 (compatible; Googlebot-Mobile/2.1; +http://www.google.com/bot.html)"
178.154.243.83 - - [02/Feb/2014:18:19:07 -0600] "GET /events/carousel_11/images/11.jpg HTTP/1.1" 304 - "-" "Mozilla/5.0 (compatible; YandexImages/3.0; +http://yandex.com/bots)"
66.249.73.53 - - [02/Feb/2014:18:27:44 -0600] "GET /events/ermy_event/images/6.jpg HTTP/1.1" 304 - "-" "Googlebot-Image/1.0"
157.55.33.248 - - [02/Feb/2014:18:31:37 -0600] "GET /robots.txt HTTP/1.1" 404 - "-" "Mozilla/5.0 (compatible; bingbot/2.0; +http://www.bing.com/bingbot.htm)"
157.55.33.248 - - [02/Feb/2014:18:39:15 -0600] "GET / HTTP/1.1" 200 10635 "-" "Mozilla/5.0 (compatible; bingbot/2.0; +http://www.bing.com/bingbot.htm)"
157.55.33.248 - - [02/Feb/2014:18:39:16 -0600] "GET / HTTP/1.1" 200 10635 "-" "Mozilla/5.0 (compatible; bingbot/2.0; +http://www.bing.com/bingbot.htm)"
106.120.173.159 - - [02/Feb/2014:18:53:14 -0600] "GET /robots.txt HTTP/1.1" 404 - "-" "Sogou web spider/4.0(+http://www.sogou.com/docs/help/webmasters.htm#07)"
106.120.173.159 - - [02/Feb/2014:18:53:15 -0600] "GET / HTTP/1.1" 200 10635 "-" "Sogou web spider/4.0(+http://www.sogou.com/docs/help/webmasters.htm#07)"
207.189.121.44 - - [02/Feb/2014:19:05:10 -0600] "GET / HTTP/1.1" 200 10635 "-" "Mozilla/5.0 (Windows; U; Windows NT 5.1; en-US; rv:1.9.2.8) Gecko/20100721 Firefox/3.6.8"
207.189.121.44 - - [02/Feb/2014:19:05:28 -0600] "GET /events.php HTTP/1.1" 200 6407 "http://www.operationspokaneheroes.org" "Mozilla/5.0 (Windows; U; Windows NT 5.1; en-US; rv:1.9.2.8) Gecko/20100721 Firefox/3.6.8"
207.189.121.44 - - [02/Feb/2014:19:05:40 -0600] "GET /donate.php HTTP/1.1" 200 11699 "http://www.operationspokaneheroes.org" "Mozilla/5.0 (Windows; U; Windows NT 5.1; en-US; rv:1.9.2.8) Gecko/20100721 Firefox/3.6.8"
207.189.121.44 - - [02/Feb/2014:19:05:43 -0600] "GET /calendar.php HTTP/1.1" 200 10644 "http://www.operationspokaneheroes.org" "Mozilla/5.0 (Windows; U; Windows NT 5.1; en-US; rv:1.9.2.8) Gecko/20100721 Firefox/3.6.8"
207.189.121.44 - - [02/Feb/2014:19:06:02 -0600] "GET /aboutus.php HTTP/1.1" 200 11667 "http://www.operationspokaneheroes.org" "Mozilla/5.0 (Windows; U; Windows NT 5.1; en-US; rv:1.9.2.8) Gecko/20100721 Firefox/3.6.8"
207.189.121.44 - - [02/Feb/2014:19:06:08 -0600] "GET /business.php HTTP/1.1" 200 10813 "http://www.operationspokaneheroes.org" "Mozilla/5.0 (Windows; U; Windows NT 5.1; en-US; rv:1.9.2.8) Gecko/20100721 Firefox/3.6.8"
207.189.121.41 - - [02/Feb/2014:19:43:25 -0600] "GET / HTTP/1.1" 200 10635 "-" "Mozilla/5.0 (Windows; U; Windows NT 5.1; en-US; rv:1.9.2.8) Gecko/20100721 Firefox/3.6.8"
66.249.73.216 - - [02/Feb/2014:19:44:25 -0600] "GET /business.php HTTP/1.1" 200 10813 "-" "DoCoMo/2.0 N905i(c100;TB;W24H16) (compatible; Googlebot-Mobile/2.1; +http://www.google.com/bot.html)"
178.154.243.83 - - [02/Feb/2014:19:55:00 -0600] "GET /events/carousel_11/images/4.jpg HTTP/1.1" 304 - "-" "Mozilla/5.0 (compatible; YandexImages/3.0; +http://yandex.com/bots)"
207.189.121.41 - - [02/Feb/2014:20:00:16 -0600] "GET / HTTP/1.1" 200 10635 "-" "Mozilla/5.0 (Windows; U; Windows NT 5.1; en-US; rv:1.9.2.8) Gecko/20100721 Firefox/3.6.8"
180.76.5.156 - - [02/Feb/2014:20:17:46 -0600] "GET /pdf/174%20Stores%20and%20Business%20Offering%20Military%20Discounts1.pdf HTTP/1.1" 200 122888 "-" "Mozilla/5.0 (Windows NT 5.1; rv:6.0.2) Gecko/20100101 Firefox/6.0.2"
66.249.73.216 - - [02/Feb/2014:20:27:33 -0600] "GET /java_for_joes/index.html HTTP/1.1" 404 - "-" "Mozilla/5.0 (compatible; Googlebot/2.1; +http://www.google.com/bot.html)"
216.152.243.214 - - [02/Feb/2014:20:40:54 -0600] "GET /aboutus.php HTTP/1.1" 200 11667 "-" "Mozilla/4.0 (compatible; MSIE 6.0; Windows NT 5.1)"
216.152.243.214 - - [02/Feb/2014:20:40:55 -0600] "POST /aboutus.php/trackback/ HTTP/1.1" 200 11667 "http://operationspokaneheroes.org/aboutus.php" "Mozilla/4.0 (compatible; MSIE 6.0; Windows NT 5.1; SV1; Mozilla/4.0 (compatible; MSIE 6.0; Windows NT 5.1; SV1) ; .NET CLR 2.0.50727 ; .NET CLR 4.0.30319)"
2.94.80.197 - - [02/Feb/2014:20:51:53 -0600] "GET /administrator HTTP/1.0" 404 - "-" "Mozilla/4.0 (compatible; MSIE 6.0; Windows NT 5.1)"
66.249.73.216 - - [02/Feb/2014:23:13:28 -0600] "GET / HTTP/1.1" 200 10635 "-" "Mozilla/5.0 (compatible; Googlebot/2.1; +http://www.google.com/bot.html)"
66.249.73.216 - - [02/Feb/2014:23:15:46 -0600] "GET /slider/js/startstop-slider.js HTTP/1.1" 200 1737 "-" "Mozilla/5.0 (compatible; Googlebot/2.1; +http://www.google.com/bot.html)"
178.154.243.83 - - [03/Feb/2014:00:24:42 -0600] "GET /events/carousel_11/images/10.jpg HTTP/1.1" 304 - "-" "Mozilla/5.0 (compatible; YandexImages/3.0; +http://yandex.com/bots)"
66.249.73.216 - - [03/Feb/2014:00:52:35 -0600] "GET /slider/js/jquery-1.2.6.js HTTP/1.1" 200 100196 "-" "Mozilla/5.0 (compatible; Googlebot/2.1; +http://www.google.com/bot.html)"
66.249.73.216 - - [03/Feb/2014:01:10:29 -0600] "GET /slider/css/style.css HTTP/1.1" 200 1379 "-" "Mozilla/5.0 (compatible; Googlebot/2.1; +http://www.google.com/bot.html)"
199.30.20.64 - - [03/Feb/2014:03:14:06 -0600] "GET /robots.txt HTTP/1.1" 404 - "-" "msnbot-media/1.1 (+http://search.msn.com/msnbot.htm)"
199.30.20.64 - - [03/Feb/2014:03:14:06 -0600] "GET /images/welcome.jpg HTTP/1.1" 200 27773 "-" "msnbot-media/1.1 (+http://search.msn.com/msnbot.htm)"
199.30.20.56 - - [03/Feb/2014:04:07:59 -0600] "GET /robots.txt HTTP/1.1" 404 - "-" "msnbot-media/1.1 (+http://search.msn.com/msnbot.htm)"
199.30.20.56 - - [03/Feb/2014:04:07:59 -0600] "GET /freedom.php HTTP/1.1" 200 11227 "-" "msnbot-media/1.1 (+http://search.msn.com/msnbot.htm)"
66.249.73.53 - - [03/Feb/2014:04:15:17 -0600] "GET /robots.txt HTTP/1.1" 404 - "-" "Mozilla/5.0 (compatible; Googlebot/2.1; +http://www.google.com/bot.html)"
66.249.73.53 - - [03/Feb/2014:04:15:18 -0600] "GET /donate.php HTTP/1.1" 200 11699 "-" "Mozilla/5.0 (iPhone; CPU iPhone OS 6_0 like Mac OS X) AppleWebKit/536.26 (KHTML, like Gecko) Version/6.0 Mobile/10A5376e Safari/8536.25 (compatible; Googlebot-Mobile/2.1; +http://www.google.com/bot.html)"
66.249.73.216 - - [03/Feb/2014:04:23:40 -0600] "GET /robots.txt HTTP/1.1" 404 - "-" "Mozilla/5.0 (compatible; Googlebot/2.1; +http://www.google.com/bot.html)"
66.249.73.216 - - [03/Feb/2014:04:23:40 -0600] "GET /pdf/Hiring%20Our%20Heroes%20Sept%202013%20Career%20Fair%20Flyer.pdf HTTP/1.1" 304 - "-" "Mozilla/5.0 (iPhone; CPU iPhone OS 6_0 like Mac OS X) AppleWebKit/536.26 (KHTML, like Gecko) Version/6.0 Mobile/10A5376e Safari/8536.25 (compatible; Googlebot-Mobile/2.1; +http://www.google.com/bot.html)"
157.55.33.248 - - [03/Feb/2014:04:54:55 -0600] "GET /robots.txt HTTP/1.1" 404 - "-" "Mozilla/5.0 (compatible; bingbot/2.0; +http://www.bing.com/bingbot.htm)"
157.55.33.248 - - [03/Feb/2014:05:00:13 -0600] "GET / HTTP/1.1" 200 10635 "-" "Mozilla/5.0 (compatible; bingbot/2.0; +http://www.bing.com/bingbot.htm)"
199.30.20.64 - - [03/Feb/2014:05:56:02 -0600] "GET /images/serving_served.jpg HTTP/1.1" 200 23042 "-" "msnbot-media/1.1 (+http://search.msn.com/msnbot.htm)"
157.55.33.248 - - [03/Feb/2014:06:17:48 -0600] "GET /robots.txt HTTP/1.1" 404 - "-" "Mozilla/5.0 (compatible; bingbot/2.0; +http://www.bing.com/bingbot.htm)"
157.55.33.248 - - [03/Feb/2014:06:21:17 -0600] "GET / HTTP/1.1" 200 10635 "-" "Mozilla/5.0 (compatible; bingbot/2.0; +http://www.bing.com/bingbot.htm)"
208.115.111.70 - - [03/Feb/2014:07:30:00 -0600] "GET /robots.txt HTTP/1.1" 404 - "-" "Mozilla/5.0 (compatible; Ezooms/1.0; help@moz.com)"
208.115.111.70 - - [03/Feb/2014:08:39:29 -0600] "GET /donate.php HTTP/1.1" 200 11699 "-" "Mozilla/5.0 (compatible; Ezooms/1.0; help@moz.com)"
54.211.219.81 - - [03/Feb/2014:09:03:40 -0600] "GET / HTTP/1.1" 200 10635 "-" "Mozilla/5.0 (Macintosh; U; Intel Mac OS X 10_5_8; en-US) AppleWebKit/532.5 (KHTML, like Gecko) Chrome/4.0.249.0 Safari/532.5"
180.76.6.46 - - [03/Feb/2014:09:09:38 -0600] "GET /pdf/VetsDay_Flyer2.pdf HTTP/1.1" 200 2364673 "-" "Mozilla/5.0 (Windows NT 5.1; rv:6.0.2) Gecko/20100101 Firefox/6.0.2"
208.115.113.86 - - [03/Feb/2014:09:22:44 -0600] "GET /robots.txt HTTP/1.1" 404 - "-" "Mozilla/5.0 (compatible; Ezooms/1.0; help@moz.com)"
208.115.113.86 - - [03/Feb/2014:10:30:23 -0600] "GET /benefits.php HTTP/1.1" 404 - "-" "Mozilla/5.0 (compatible; Ezooms/1.0; help@moz.com)"
146.187.33.240 - - [03/Feb/2014:11:22:35 -0600] "GET / HTTP/1.1" 200 10635 "http://www.greaterspokane.org/community-overview/78-military.html" "Mozilla/5.0 (Windows NT 6.1; WOW64; rv:26.0) Gecko/20100101 Firefox/26.0"
146.187.33.240 - - [03/Feb/2014:11:22:35 -0600] "GET /css/footer.css HTTP/1.1" 200 752 "http://operationspokaneheroes.org/" "Mozilla/5.0 (Windows NT 6.1; WOW64; rv:26.0) Gecko/20100101 Firefox/26.0"
146.187.33.240 - - [03/Feb/2014:11:22:35 -0600] "GET /css/global.css HTTP/1.1" 200 13951 "http://operationspokaneheroes.org/" "Mozilla/5.0 (Windows NT 6.1; WOW64; rv:26.0) Gecko/20100101 Firefox/26.0"
146.187.33.240 - - [03/Feb/2014:11:22:35 -0600] "GET /slider/index.html HTTP/1.1" 200 2900 "http://operationspokaneheroes.org/" "Mozilla/5.0 (Windows NT 6.1; WOW64; rv:26.0) Gecko/20100101 Firefox/26.0"
146.187.33.240 - - [03/Feb/2014:11:22:35 -0600] "GET /_inc/slide.php HTTP/1.1" 200 3205 "http://operationspokaneheroes.org/" "Mozilla/5.0 (Windows NT 6.1; WOW64; rv:26.0) Gecko/20100101 Firefox/26.0"
146.187.33.240 - - [03/Feb/2014:11:22:35 -0600] "GET /images/contacticon.png HTTP/1.1" 200 4499 "http://operationspokaneheroes.org/" "Mozilla/5.0 (Windows NT 6.1; WOW64; rv:26.0) Gecko/20100101 Firefox/26.0"
146.187.33.240 - - [03/Feb/2014:11:22:35 -0600] "GET /images/facebook.png HTTP/1.1" 200 5004 "http://operationspokaneheroes.org/" "Mozilla/5.0 (Windows NT 6.1; WOW64; rv:26.0) Gecko/20100101 Firefox/26.0"
146.187.33.240 - - [03/Feb/2014:11:22:35 -0600] "GET /images/nav2.jpg HTTP/1.1" 200 4444 "http://operationspokaneheroes.org/" "Mozilla/5.0 (Windows NT 6.1; WOW64; rv:26.0) Gecko/20100101 Firefox/26.0"
146.187.33.240 - - [03/Feb/2014:11:22:35 -0600] "GET /images/global.png HTTP/1.1" 200 5737 "http://operationspokaneheroes.org/" "Mozilla/5.0 (Windows NT 6.1; WOW64; rv:26.0) Gecko/20100101 Firefox/26.0"
146.187.33.240 - - [03/Feb/2014:11:22:35 -0600] "GET /mainbk.png HTTP/1.1" 200 290 "http://operationspokaneheroes.org/" "Mozilla/5.0 (Windows NT 6.1; WOW64; rv:26.0) Gecko/20100101 Firefox/26.0"
146.187.33.240 - - [03/Feb/2014:11:22:35 -0600] "GET /slider/css/style.css HTTP/1.1" 200 1379 "http://operationspokaneheroes.org/slider/index.html" "Mozilla/5.0 (Windows NT 6.1; WOW64; rv:26.0) Gecko/20100101 Firefox/26.0"
146.187.33.240 - - [03/Feb/2014:11:22:35 -0600] "GET /slider/js/startstop-slider.js HTTP/1.1" 200 1737 "http://operationspokaneheroes.org/slider/index.html" "Mozilla/5.0 (Windows NT 6.1; WOW64; rv:26.0) Gecko/20100101 Firefox/26.0"
146.187.33.240 - - [03/Feb/2014:11:22:35 -0600] "GET /css/slide.css HTTP/1.1" 200 2869 "http://operationspokaneheroes.org/_inc/slide.php" "Mozilla/5.0 (Windows NT 6.1; WOW64; rv:26.0) Gecko/20100101 Firefox/26.0"
146.187.33.240 - - [03/Feb/2014:11:22:35 -0600] "GET /css/style_global.css HTTP/1.1" 200 2621 "http://operationspokaneheroes.org/_inc/slide.php" "Mozilla/5.0 (Windows NT 6.1; WOW64; rv:26.0) Gecko/20100101 Firefox/26.0"
146.187.33.240 - - [03/Feb/2014:11:22:35 -0600] "GET /images/bg2.jpg HTTP/1.1" 200 55206 "http://operationspokaneheroes.org/css/global.css" "Mozilla/5.0 (Windows NT 6.1; WOW64; rv:26.0) Gecko/20100101 Firefox/26.0"
146.187.33.240 - - [03/Feb/2014:11:22:35 -0600] "GET /images/logo.png HTTP/1.1" 200 226129 "http://operationspokaneheroes.org/" "Mozilla/5.0 (Windows NT 6.1; WOW64; rv:26.0) Gecko/20100101 Firefox/26.0"
146.187.33.240 - - [03/Feb/2014:11:22:35 -0600] "GET /slider/js/jquery-1.2.6.js HTTP/1.1" 200 100196 "http://operationspokaneheroes.org/slider/index.html" "Mozilla/5.0 (Windows NT 6.1; WOW64; rv:26.0) Gecko/20100101 Firefox/26.0"
146.187.33.240 - - [03/Feb/2014:11:22:35 -0600] "GET /slider/images/imagslider-1.png HTTP/1.1" 200 69960 "http://operationspokaneheroes.org/slider/index.html" "Mozilla/5.0 (Windows NT 6.1; WOW64; rv:26.0) Gecko/20100101 Firefox/26.0"
146.187.33.240 - - [03/Feb/2014:11:22:36 -0600] "GET /slider/images/slider-bg.jpg HTTP/1.1" 200 3447 "http://operationspokaneheroes.org/slider/css/style.css" "Mozilla/5.0 (Windows NT 6.1; WOW64; rv:26.0) Gecko/20100101 Firefox/26.0"
146.187.33.240 - - [03/Feb/2014:11:22:35 -0600] "GET /js/combined.js HTTP/1.1" 200 169946 "http://operationspokaneheroes.org/_inc/slide.php" "Mozilla/5.0 (Windows NT 6.1; WOW64; rv:26.0) Gecko/20100101 Firefox/26.0"
146.187.33.240 - - [03/Feb/2014:11:22:35 -0600] "GET /images/slder2.png HTTP/1.1" 200 32853 "http://operationspokaneheroes.org/slider/index.html" "Mozilla/5.0 (Windows NT 6.1; WOW64; rv:26.0) Gecko/20100101 Firefox/26.0"
146.187.33.240 - - [03/Feb/2014:11:22:35 -0600] "GET /slider/images/imagslider-2.png HTTP/1.1" 200 62889 "http://operationspokaneheroes.org/slider/index.html" "Mozilla/5.0 (Windows NT 6.1; WOW64; rv:26.0) Gecko/20100101 Firefox/26.0"
146.187.33.240 - - [03/Feb/2014:11:22:36 -0600] "GET /images/we_strive.png HTTP/1.1" 200 1981 "http://operationspokaneheroes.org/css/slide.css" "Mozilla/5.0 (Windows NT 6.1; WOW64; rv:26.0) Gecko/20100101 Firefox/26.0"
146.187.33.240 - - [03/Feb/2014:11:22:36 -0600] "GET /images/we_believe.png HTTP/1.1" 200 1785 "http://operationspokaneheroes.org/css/slide.css" "Mozilla/5.0 (Windows NT 6.1; WOW64; rv:26.0) Gecko/20100101 Firefox/26.0"
146.187.33.240 - - [03/Feb/2014:11:22:36 -0600] "GET /images/mission_statement_bg.png HTTP/1.1" 200 11413 "http://operationspokaneheroes.org/css/slide.css" "Mozilla/5.0 (Windows NT 6.1; WOW64; rv:26.0) Gecko/20100101 Firefox/26.0"
146.187.33.240 - - [03/Feb/2014:11:22:36 -0600] "GET /images/we_need.png HTTP/1.1" 200 2138 "http://operationspokaneheroes.org/css/slide.css" "Mozilla/5.0 (Windows NT 6.1; WOW64; rv:26.0) Gecko/20100101 Firefox/26.0"
146.187.33.240 - - [03/Feb/2014:11:22:36 -0600] "GET /images/we_help.png HTTP/1.1" 200 1514 "http://operationspokaneheroes.org/css/slide.css" "Mozilla/5.0 (Windows NT 6.1; WOW64; rv:26.0) Gecko/20100101 Firefox/26.0"
146.187.33.240 - - [03/Feb/2014:11:22:36 -0600] "GET /images/2.jpg HTTP/1.1" 200 170993 "http://operationspokaneheroes.org/_inc/slide.php" "Mozilla/5.0 (Windows NT 6.1; WOW64; rv:26.0) Gecko/20100101 Firefox/26.0"
146.187.33.240 - - [03/Feb/2014:11:22:36 -0600] "GET /assets/images/btn_top_search_hover.png HTTP/1.1" 404 - "http://operationspokaneheroes.org/_inc/slide.php" "Mozilla/5.0 (Windows NT 6.1; WOW64; rv:26.0) Gecko/20100101 Firefox/26.0"
146.187.33.240 - - [03/Feb/2014:11:22:36 -0600] "GET /assets/images/btn_main_search_hover.png HTTP/1.1" 404 - "http://operationspokaneheroes.org/_inc/slide.php" "Mozilla/5.0 (Windows NT 6.1; WOW64; rv:26.0) Gecko/20100101 Firefox/26.0"
146.187.33.240 - - [03/Feb/2014:11:22:36 -0600] "GET /images/4.jpg HTTP/1.1" 200 186934 "http://operationspokaneheroes.org/_inc/slide.php" "Mozilla/5.0 (Windows NT 6.1; WOW64; rv:26.0) Gecko/20100101 Firefox/26.0"
146.187.33.240 - - [03/Feb/2014:11:22:36 -0600] "GET /images/1.jpg HTTP/1.1" 200 142489 "http://operationspokaneheroes.org/_inc/slide.php" "Mozilla/5.0 (Windows NT 6.1; WOW64; rv:26.0) Gecko/20100101 Firefox/26.0"
146.187.33.240 - - [03/Feb/2014:11:22:36 -0600] "GET /images/3.jpg HTTP/1.1" 200 240733 "http://operationspokaneheroes.org/_inc/slide.php" "Mozilla/5.0 (Windows NT 6.1; WOW64; rv:26.0) Gecko/20100101 Firefox/26.0"
146.187.33.240 - - [03/Feb/2014:11:22:36 -0600] "GET /favicon.ico HTTP/1.1" 404 - "-" "Mozilla/5.0 (Windows NT 6.1; WOW64; rv:26.0) Gecko/20100101 Firefox/26.0"
146.187.33.240 - - [03/Feb/2014:11:22:36 -0600] "GET /favicon.ico HTTP/1.1" 404 - "-" "Mozilla/5.0 (Windows NT 6.1; WOW64; rv:26.0) Gecko/20100101 Firefox/26.0"
150.70.97.112 - - [03/Feb/2014:11:23:56 -0600] "GET / HTTP/1.1" 200 10635 "-" "Mozilla/4.0 (compatible; MSIE 8.0; Windows NT 5.1; Trident/4.0)"
150.70.75.33 - - [03/Feb/2014:11:24:19 -0600] "GET / HTTP/1.0" 200 10635 "-" "Mozilla/4.0 (compatible; MSIE 6.0; Windows NT 5.1)"
150.70.75.212 - - [03/Feb/2014:11:31:54 -0600] "GET / HTTP/1.1" 200 10635 "-" "Mozilla/4.0 (compatible; MSIE 8.0; Windows NT 5.1; Trident/4.0)"
180.76.5.152 - - [03/Feb/2014:13:14:38 -0600] "GET /pdf/2013%20Salute%20Armed%20Forces.pdf HTTP/1.1" 200 1749455 "-" "Mozilla/5.0 (Windows NT 5.1; rv:6.0.2) Gecko/20100101 Firefox/6.0.2"
204.13.200.8 - - [03/Feb/2014:14:37:52 -0600] "GET / HTTP/1.0" 200 10635 "-" "Mozilla/5.0 (compatible; MSIE 8.0; Windows NT 6.1; Trident/4.0; .NET CLR 2.0.50727; .NET CLR 3.5.30729; .NET CLR 3.0.30729; .NET CLR 1.0.3705; .NET CLR 1.1.4322)"
204.13.200.8 - - [03/Feb/2014:14:37:53 -0600] "GET /css/footer.css HTTP/1.0" 200 752 "http://www.operationspokaneheroes.org/" "Mozilla/5.0 (compatible; MSIE 8.0; Windows NT 6.1; Trident/4.0; .NET CLR 2.0.50727; .NET CLR 3.5.30729; .NET CLR 3.0.30729; .NET CLR 1.0.3705; .NET CLR 1.1.4322)"
204.13.200.8 - - [03/Feb/2014:14:37:53 -0600] "GET /css/global.css HTTP/1.0" 200 13951 "http://www.operationspokaneheroes.org/" "Mozilla/5.0 (compatible; MSIE 8.0; Windows NT 6.1; Trident/4.0; .NET CLR 2.0.50727; .NET CLR 3.5.30729; .NET CLR 3.0.30729; .NET CLR 1.0.3705; .NET CLR 1.1.4322)"
204.13.200.8 - - [03/Feb/2014:14:37:54 -0600] "GET /css/global.css HTTP/1.1" 200 13951 "http://www.operationspokaneheroes.org" "Mozilla/5.0 (compatible; MSIE 8.0; Windows NT 6.1; Trident/4.0; .NET CLR 2.0.50727; .NET CLR 3.5.30729; .NET CLR 3.0.30729; .NET CLR 1.0.3705; .NET CLR 1.1.4322)"
204.13.200.8 - - [03/Feb/2014:14:37:54 -0600] "GET /css/footer.css HTTP/1.1" 200 752 "http://www.operationspokaneheroes.org" "Mozilla/5.0 (compatible; MSIE 8.0; Windows NT 6.1; Trident/4.0; .NET CLR 2.0.50727; .NET CLR 3.5.30729; .NET CLR 3.0.30729; .NET CLR 1.0.3705; .NET CLR 1.1.4322)"
66.249.73.216 - - [03/Feb/2014:15:18:22 -0600] "GET / HTTP/1.1" 200 10635 "-" "Mozilla/5.0 (iPhone; CPU iPhone OS 6_0 like Mac OS X) AppleWebKit/536.26 (KHTML, like Gecko) Version/6.0 Mobile/10A5376e Safari/8536.25 (compatible; Googlebot-Mobile/2.1; +http://www.google.com/bot.html)"
66.249.73.216 - - [03/Feb/2014:15:20:43 -0600] "GET /css/footer.css HTTP/1.1" 200 752 "-" "Mozilla/5.0 (compatible; Googlebot/2.1; +http://www.google.com/bot.html)"
66.249.73.216 - - [03/Feb/2014:15:20:43 -0600] "GET /css/global.css HTTP/1.1" 200 13951 "-" "Mozilla/5.0 (compatible; Googlebot/2.1; +http://www.google.com/bot.html)"
66.249.73.216 - - [03/Feb/2014:15:20:44 -0600] "GET /css/slide.css HTTP/1.1" 200 2869 "-" "Mozilla/5.0 (compatible; Googlebot/2.1; +http://www.google.com/bot.html)"
66.249.73.216 - - [03/Feb/2014:15:20:44 -0600] "GET /css/style_global.css HTTP/1.1" 200 2621 "-" "Mozilla/5.0 (compatible; Googlebot/2.1; +http://www.google.com/bot.html)"
66.249.73.53 - - [03/Feb/2014:15:47:48 -0600] "GET / HTTP/1.1" 200 10635 "-" "Mozilla/5.0 (compatible; Googlebot/2.1; +http://www.google.com/bot.html)"
207.173.120.114 - - [03/Feb/2014:15:52:24 -0600] "GET / HTTP/1.1" 200 10635 "http://www.bing.com/search?q=Operation+Spokane+Heros&form=HPDTDF&pc=HPDTDF&src=IE-SearchBox" "Mozilla/5.0 (Windows NT 6.1; WOW64; Trident/7.0; rv:11.0) like Gecko"
207.173.120.114 - - [03/Feb/2014:15:52:24 -0600] "GET /images/contacticon.png HTTP/1.1" 200 4499 "http://operationspokaneheroes.org/" "Mozilla/5.0 (Windows NT 6.1; WOW64; Trident/7.0; rv:11.0) like Gecko"
207.173.120.114 - - [03/Feb/2014:15:52:24 -0600] "GET /images/global.png HTTP/1.1" 200 5737 "http://operationspokaneheroes.org/" "Mozilla/5.0 (Windows NT 6.1; WOW64; Trident/7.0; rv:11.0) like Gecko"
207.173.120.114 - - [03/Feb/2014:15:52:24 -0600] "GET /images/facebook.png HTTP/1.1" 200 5004 "http://operationspokaneheroes.org/" "Mozilla/5.0 (Windows NT 6.1; WOW64; Trident/7.0; rv:11.0) like Gecko"
207.173.120.114 - - [03/Feb/2014:15:52:24 -0600] "GET /css/footer.css HTTP/1.1" 200 752 "http://operationspokaneheroes.org/" "Mozilla/5.0 (Windows NT 6.1; WOW64; Trident/7.0; rv:11.0) like Gecko"
207.173.120.114 - - [03/Feb/2014:15:52:24 -0600] "GET /css/global.css HTTP/1.1" 200 13951 "http://operationspokaneheroes.org/" "Mozilla/5.0 (Windows NT 6.1; WOW64; Trident/7.0; rv:11.0) like Gecko"
207.173.120.114 - - [03/Feb/2014:15:52:24 -0600] "GET /slider/index.html HTTP/1.1" 200 2900 "http://operationspokaneheroes.org/" "Mozilla/5.0 (Windows NT 6.1; WOW64; Trident/7.0; rv:11.0) like Gecko"
207.173.120.114 - - [03/Feb/2014:15:52:24 -0600] "GET /mainbk.png HTTP/1.1" 200 290 "http://operationspokaneheroes.org/" "Mozilla/5.0 (Windows NT 6.1; WOW64; Trident/7.0; rv:11.0) like Gecko"
207.173.120.114 - - [03/Feb/2014:15:52:24 -0600] "GET /images/nav2.jpg HTTP/1.1" 200 4444 "http://operationspokaneheroes.org/" "Mozilla/5.0 (Windows NT 6.1; WOW64; Trident/7.0; rv:11.0) like Gecko"
207.173.120.114 - - [03/Feb/2014:15:52:24 -0600] "GET /_inc/slide.php HTTP/1.1" 200 3205 "http://operationspokaneheroes.org/" "Mozilla/5.0 (Windows NT 6.1; WOW64; Trident/7.0; rv:11.0) like Gecko"
207.173.120.114 - - [03/Feb/2014:15:52:25 -0600] "GET /slider/css/style.css HTTP/1.1" 200 1379 "http://operationspokaneheroes.org/slider/index.html" "Mozilla/5.0 (Windows NT 6.1; WOW64; Trident/7.0; rv:11.0) like Gecko"
207.173.120.114 - - [03/Feb/2014:15:52:24 -0600] "GET /images/logo.png HTTP/1.1" 200 226129 "http://operationspokaneheroes.org/" "Mozilla/5.0 (Windows NT 6.1; WOW64; Trident/7.0; rv:11.0) like Gecko"
207.173.120.114 - - [03/Feb/2014:15:52:25 -0600] "GET /css/slide.css HTTP/1.1" 200 2869 "http://operationspokaneheroes.org/_inc/slide.php" "Mozilla/5.0 (Windows NT 6.1; WOW64; Trident/7.0; rv:11.0) like Gecko"
207.173.120.114 - - [03/Feb/2014:15:52:25 -0600] "GET /css/style_global.css HTTP/1.1" 200 2621 "http://operationspokaneheroes.org/_inc/slide.php" "Mozilla/5.0 (Windows NT 6.1; WOW64; Trident/7.0; rv:11.0) like Gecko"
207.173.120.114 - - [03/Feb/2014:15:52:25 -0600] "GET /slider/js/startstop-slider.js HTTP/1.1" 200 1737 "http://operationspokaneheroes.org/slider/index.html" "Mozilla/5.0 (Windows NT 6.1; WOW64; Trident/7.0; rv:11.0) like Gecko"
207.173.120.114 - - [03/Feb/2014:15:52:24 -0600] "GET /images/bg2.jpg HTTP/1.1" 200 55206 "http://operationspokaneheroes.org/" "Mozilla/5.0 (Windows NT 6.1; WOW64; Trident/7.0; rv:11.0) like Gecko"
207.173.120.114 - - [03/Feb/2014:15:52:25 -0600] "GET /slider/images/imagslider-2.png HTTP/1.1" 200 62889 "http://operationspokaneheroes.org/slider/index.html" "Mozilla/5.0 (Windows NT 6.1; WOW64; Trident/7.0; rv:11.0) like Gecko"
207.173.120.114 - - [03/Feb/2014:15:52:25 -0600] "GET /slider/js/jquery-1.2.6.js HTTP/1.1" 200 100196 "http://operationspokaneheroes.org/slider/index.html" "Mozilla/5.0 (Windows NT 6.1; WOW64; Trident/7.0; rv:11.0) like Gecko"
207.173.120.114 - - [03/Feb/2014:15:52:25 -0600] "GET /images/slder2.png HTTP/1.1" 200 32853 "http://operationspokaneheroes.org/slider/index.html" "Mozilla/5.0 (Windows NT 6.1; WOW64; Trident/7.0; rv:11.0) like Gecko"
207.173.120.114 - - [03/Feb/2014:15:52:25 -0600] "GET /slider/images/imagslider-1.png HTTP/1.1" 200 69960 "http://operationspokaneheroes.org/slider/index.html" "Mozilla/5.0 (Windows NT 6.1; WOW64; Trident/7.0; rv:11.0) like Gecko"
207.173.120.114 - - [03/Feb/2014:15:52:25 -0600] "GET /js/combined.js HTTP/1.1" 200 169946 "http://operationspokaneheroes.org/_inc/slide.php" "Mozilla/5.0 (Windows NT 6.1; WOW64; Trident/7.0; rv:11.0) like Gecko"
207.173.120.114 - - [03/Feb/2014:15:52:25 -0600] "GET /slider/images/slider-bg.jpg HTTP/1.1" 200 3447 "http://operationspokaneheroes.org/slider/index.html" "Mozilla/5.0 (Windows NT 6.1; WOW64; Trident/7.0; rv:11.0) like Gecko"
207.173.120.114 - - [03/Feb/2014:15:52:25 -0600] "GET /assets/images/btn_top_search_hover.png HTTP/1.1" 404 - "http://operationspokaneheroes.org/_inc/slide.php" "Mozilla/5.0 (Windows NT 6.1; WOW64; Trident/7.0; rv:11.0) like Gecko"
207.173.120.114 - - [03/Feb/2014:15:52:25 -0600] "GET /assets/images/btn_main_search_hover.png HTTP/1.1" 404 - "http://operationspokaneheroes.org/_inc/slide.php" "Mozilla/5.0 (Windows NT 6.1; WOW64; Trident/7.0; rv:11.0) like Gecko"
207.173.120.114 - - [03/Feb/2014:15:52:25 -0600] "GET /images/mission_statement_bg.png HTTP/1.1" 200 11413 "http://operationspokaneheroes.org/_inc/slide.php" "Mozilla/5.0 (Windows NT 6.1; WOW64; Trident/7.0; rv:11.0) like Gecko"
207.173.120.114 - - [03/Feb/2014:15:52:25 -0600] "GET /images/we_believe.png HTTP/1.1" 200 1785 "http://operationspokaneheroes.org/_inc/slide.php" "Mozilla/5.0 (Windows NT 6.1; WOW64; Trident/7.0; rv:11.0) like Gecko"
207.173.120.114 - - [03/Feb/2014:15:52:25 -0600] "GET /images/we_strive.png HTTP/1.1" 200 1981 "http://operationspokaneheroes.org/_inc/slide.php" "Mozilla/5.0 (Windows NT 6.1; WOW64; Trident/7.0; rv:11.0) like Gecko"
207.173.120.114 - - [03/Feb/2014:15:52:25 -0600] "GET /favicon.ico HTTP/1.1" 404 - "-" "Mozilla/5.0 (Windows NT 6.1; Win64; x64; Trident/7.0; rv:11.0) like Gecko"
207.173.120.114 - - [03/Feb/2014:15:52:25 -0600] "GET /images/we_help.png HTTP/1.1" 200 1514 "http://operationspokaneheroes.org/_inc/slide.php" "Mozilla/5.0 (Windows NT 6.1; WOW64; Trident/7.0; rv:11.0) like Gecko"
207.173.120.114 - - [03/Feb/2014:15:52:25 -0600] "GET /images/2.jpg HTTP/1.1" 200 170993 "http://operationspokaneheroes.org/_inc/slide.php" "Mozilla/5.0 (Windows NT 6.1; WOW64; Trident/7.0; rv:11.0) like Gecko"
207.173.120.114 - - [03/Feb/2014:15:52:25 -0600] "GET /images/we_need.png HTTP/1.1" 200 2138 "http://operationspokaneheroes.org/_inc/slide.php" "Mozilla/5.0 (Windows NT 6.1; WOW64; Trident/7.0; rv:11.0) like Gecko"
207.173.120.114 - - [03/Feb/2014:15:52:25 -0600] "GET /images/4.jpg HTTP/1.1" 200 186934 "http://operationspokaneheroes.org/_inc/slide.php" "Mozilla/5.0 (Windows NT 6.1; WOW64; Trident/7.0; rv:11.0) like Gecko"
207.173.120.114 - - [03/Feb/2014:15:52:25 -0600] "GET /images/3.jpg HTTP/1.1" 200 240733 "http://operationspokaneheroes.org/_inc/slide.php" "Mozilla/5.0 (Windows NT 6.1; WOW64; Trident/7.0; rv:11.0) like Gecko"
207.173.120.114 - - [03/Feb/2014:15:52:25 -0600] "GET /images/1.jpg HTTP/1.1" 200 142489 "http://operationspokaneheroes.org/_inc/slide.php" "Mozilla/5.0 (Windows NT 6.1; WOW64; Trident/7.0; rv:11.0) like Gecko"
207.173.120.114 - - [03/Feb/2014:15:52:29 -0600] "GET /donate.php HTTP/1.1" 200 11699 "http://operationspokaneheroes.org/" "Mozilla/5.0 (Windows NT 6.1; WOW64; Trident/7.0; rv:11.0) like Gecko"
207.173.120.114 - - [03/Feb/2014:15:52:30 -0600] "GET /_inc/slide.php HTTP/1.1" 200 3205 "http://operationspokaneheroes.org/donate.php" "Mozilla/5.0 (Windows NT 6.1; WOW64; Trident/7.0; rv:11.0) like Gecko"
207.173.120.114 - - [03/Feb/2014:15:52:30 -0600] "GET /assets/images/btn_main_search_hover.png HTTP/1.1" 404 - "http://operationspokaneheroes.org/_inc/slide.php" "Mozilla/5.0 (Windows NT 6.1; WOW64; Trident/7.0; rv:11.0) like Gecko"
207.173.120.114 - - [03/Feb/2014:15:52:30 -0600] "GET /assets/images/btn_top_search_hover.png HTTP/1.1" 404 - "http://operationspokaneheroes.org/_inc/slide.php" "Mozilla/5.0 (Windows NT 6.1; WOW64; Trident/7.0; rv:11.0) like Gecko"
207.173.120.114 - - [03/Feb/2014:15:52:34 -0600] "GET /favicon.ico HTTP/1.1" 404 - "-" "Mozilla/5.0 (Windows NT 6.1; Win64; x64; Trident/7.0; rv:11.0) like Gecko"
207.173.120.114 - - [03/Feb/2014:15:52:44 -0600] "GET /aboutus.php HTTP/1.1" 200 11667 "http://operationspokaneheroes.org/donate.php" "Mozilla/5.0 (Windows NT 6.1; WOW64; Trident/7.0; rv:11.0) like Gecko"
207.173.120.114 - - [03/Feb/2014:15:52:44 -0600] "GET /_inc/slide.php HTTP/1.1" 200 3205 "http://operationspokaneheroes.org/aboutus.php" "Mozilla/5.0 (Windows NT 6.1; WOW64; Trident/7.0; rv:11.0) like Gecko"
207.173.120.114 - - [03/Feb/2014:15:52:44 -0600] "GET /assets/images/btn_top_search_hover.png HTTP/1.1" 404 - "http://operationspokaneheroes.org/_inc/slide.php" "Mozilla/5.0 (Windows NT 6.1; WOW64; Trident/7.0; rv:11.0) like Gecko"
207.173.120.114 - - [03/Feb/2014:15:52:44 -0600] "GET /assets/images/btn_main_search_hover.png HTTP/1.1" 404 - "http://operationspokaneheroes.org/_inc/slide.php" "Mozilla/5.0 (Windows NT 6.1; WOW64; Trident/7.0; rv:11.0) like Gecko"
207.173.120.114 - - [03/Feb/2014:15:53:08 -0600] "GET /aboutus.php HTTP/1.1" 200 11667 "http://operationspokaneheroes.org/aboutus.php" "Mozilla/5.0 (Windows NT 6.1; WOW64; Trident/7.0; rv:11.0) like Gecko"
207.173.120.114 - - [03/Feb/2014:15:53:08 -0600] "GET /_inc/slide.php HTTP/1.1" 200 3205 "http://operationspokaneheroes.org/aboutus.php" "Mozilla/5.0 (Windows NT 6.1; WOW64; Trident/7.0; rv:11.0) like Gecko"
207.173.120.114 - - [03/Feb/2014:15:53:08 -0600] "GET /assets/images/btn_top_search_hover.png HTTP/1.1" 404 - "http://operationspokaneheroes.org/_inc/slide.php" "Mozilla/5.0 (Windows NT 6.1; WOW64; Trident/7.0; rv:11.0) like Gecko"
207.173.120.114 - - [03/Feb/2014:15:53:08 -0600] "GET /assets/images/btn_main_search_hover.png HTTP/1.1" 404 - "http://operationspokaneheroes.org/_inc/slide.php" "Mozilla/5.0 (Windows NT 6.1; WOW64; Trident/7.0; rv:11.0) like Gecko"
207.173.120.114 - - [03/Feb/2014:15:53:09 -0600] "GET /contact.php HTTP/1.1" 200 10519 "http://operationspokaneheroes.org/aboutus.php" "Mozilla/5.0 (Windows NT 6.1; WOW64; Trident/7.0; rv:11.0) like Gecko"
207.173.120.114 - - [03/Feb/2014:15:53:09 -0600] "GET /_inc/slide.php HTTP/1.1" 200 3205 "http://operationspokaneheroes.org/contact.php" "Mozilla/5.0 (Windows NT 6.1; WOW64; Trident/7.0; rv:11.0) like Gecko"
207.173.120.114 - - [03/Feb/2014:15:53:09 -0600] "GET /_inc/contact.php HTTP/1.1" 200 756 "http://operationspokaneheroes.org/contact.php" "Mozilla/5.0 (Windows NT 6.1; WOW64; Trident/7.0; rv:11.0) like Gecko"
207.173.120.114 - - [03/Feb/2014:15:53:09 -0600] "GET /css/contact_style.css HTTP/1.1" 200 843 "http://operationspokaneheroes.org/_inc/contact.php" "Mozilla/5.0 (Windows NT 6.1; WOW64; Trident/7.0; rv:11.0) like Gecko"
207.173.120.114 - - [03/Feb/2014:15:53:09 -0600] "GET /assets/images/btn_main_search_hover.png HTTP/1.1" 404 - "http://operationspokaneheroes.org/_inc/slide.php" "Mozilla/5.0 (Windows NT 6.1; WOW64; Trident/7.0; rv:11.0) like Gecko"
207.173.120.114 - - [03/Feb/2014:15:53:09 -0600] "GET /assets/images/btn_top_search_hover.png HTTP/1.1" 404 - "http://operationspokaneheroes.org/_inc/slide.php" "Mozilla/5.0 (Windows NT 6.1; WOW64; Trident/7.0; rv:11.0) like Gecko"
207.173.120.114 - - [03/Feb/2014:15:53:19 -0600] "GET /events.php HTTP/1.1" 200 6407 "http://operationspokaneheroes.org/contact.php" "Mozilla/5.0 (Windows NT 6.1; WOW64; Trident/7.0; rv:11.0) like Gecko"
207.173.120.114 - - [03/Feb/2014:15:53:20 -0600] "GET /events/carousel_11/carousel_11.html HTTP/1.1" 200 3712 "http://operationspokaneheroes.org/events.php" "Mozilla/5.0 (Windows NT 6.1; WOW64; Trident/7.0; rv:11.0) like Gecko"
207.173.120.114 - - [03/Feb/2014:15:53:20 -0600] "GET /events/ermy_event/ermy.html HTTP/1.1" 200 3507 "http://operationspokaneheroes.org/events.php" "Mozilla/5.0 (Windows NT 6.1; WOW64; Trident/7.0; rv:11.0) like Gecko"
207.173.120.114 - - [03/Feb/2014:15:53:20 -0600] "GET /events/vet_picnic/vet_picnic.html HTTP/1.1" 200 3163 "http://operationspokaneheroes.org/events.php" "Mozilla/5.0 (Windows NT 6.1; WOW64; Trident/7.0; rv:11.0) like Gecko"
207.173.120.114 - - [03/Feb/2014:15:53:20 -0600] "GET /events/carousel_11/css/style.css HTTP/1.1" 200 1149 "http://operationspokaneheroes.org/events/carousel_11/carousel_11.html" "Mozilla/5.0 (Windows NT 6.1; WOW64; Trident/7.0; rv:11.0) like Gecko"
