66.249.74.67 - - [02/Apr/2013:19:47:30 -0500] "GET /pdf/ready_set_go.pdf HTTP/1.1" 200 208616 "-" "Mozilla/5.0 (compatible; Googlebot/2.1; +http://www.google.com/bot.html)"
193.106.136.62 - - [02/Apr/2013:20:16:05 -0500] "GET / HTTP/1.1" 200 10628 "http://x-freelance.com/" "Mozilla/4.0 (compatible; MSIE 6.0; Windows NT 5.1; Maxthon; .NET CLR 1.1.4322)"
193.106.136.62 - - [02/Apr/2013:20:16:09 -0500] "GET / HTTP/1.1" 200 10628 "http://x-freelance.com/" "Mozilla/4.0 (compatible; MSIE 6.0; Windows NT 5.1; Maxthon; .NET CLR 1.1.4322)"
46.118.119.252 - - [02/Apr/2013:21:18:42 -0500] "GET / HTTP/1.1" 200 10628 "http://www.spatex.ru/" "Mozilla/4.0 (compatible; MSIE 5.5; Windows NT 5.0; T312461)"
46.118.119.252 - - [02/Apr/2013:21:18:42 -0500] "GET / HTTP/1.1" 200 10628 "http://chem.bz/" "Mozilla/4.0 (compatible; MSIE 5.5; Windows NT 5.0; T312461)"
46.118.119.252 - - [02/Apr/2013:21:18:43 -0500] "GET / HTTP/1.1" 200 10628 "http://www.spatex.ru/" "Mozilla/4.0 (compatible; MSIE 5.5; Windows NT 5.0; T312461)"
46.118.119.252 - - [02/Apr/2013:21:18:43 -0500] "GET / HTTP/1.1" 200 10628 "http://chem.bz/" "Mozilla/4.0 (compatible; MSIE 5.5; Windows NT 5.0; T312461)"
46.118.119.252 - - [02/Apr/2013:21:18:43 -0500] "GET / HTTP/1.1" 200 10628 "http://www.spatex.ru/" "Mozilla/4.0 (compatible; MSIE 5.5; Windows NT 5.0; T312461)"
46.118.119.252 - - [02/Apr/2013:21:18:43 -0500] "GET / HTTP/1.1" 200 10628 "http://chem.bz/" "Mozilla/4.0 (compatible; MSIE 5.5; Windows NT 5.0; T312461)"
180.76.5.111 - - [02/Apr/2013:21:55:43 -0500] "GET /robots.txt HTTP/1.1" 404 - "-" "Mozilla/5.0 (Windows NT 5.1; rv:6.0.2) Gecko/20100101 Firefox/6.0.2"
199.21.99.103 - - [02/Apr/2013:22:14:46 -0500] "GET /_inc/slide.php HTTP/1.1" 200 3205 "-" "Mozilla/5.0 (compatible; YandexBot/3.0; +http://yandex.com/bots)"
180.76.5.166 - - [02/Apr/2013:22:58:58 -0500] "GET / HTTP/1.1" 200 10628 "-" "Mozilla/5.0 (compatible; Baiduspider/2.0; +http://www.baidu.com/search/spider.html)"
174.21.130.248 - - [03/Apr/2013:00:17:10 -0500] "GET /pdf/2013%20Salute%20Armed%20Forces.pdf HTTP/1.1" 200 1749455 "http://nortonsafe.search.ask.com/web?q=Mariners+11th+annual+salute+to+armed+forces&geo=US&prt=360&locale=en_US&o=15527&chn=S1122&ver=20&tpr=2" "Mozilla/5.0 (compatible; MSIE 9.0; Windows NT 6.1; WOW64; Trident/5.0)"
174.21.130.248 - - [03/Apr/2013:00:17:14 -0500] "GET /pdf/2013%20Salute%20Armed%20Forces.pdf HTTP/1.1" 206 463 "-" "Mozilla/5.0 (compatible; MSIE 9.0; Windows NT 6.1; WOW64; Trident/5.0)"
174.21.130.248 - - [03/Apr/2013:00:17:14 -0500] "GET /pdf/2013%20Salute%20Armed%20Forces.pdf HTTP/1.1" 206 4608 "-" "Mozilla/5.0 (compatible; MSIE 9.0; Windows NT 6.1; WOW64; Trident/5.0)"
174.21.130.248 - - [03/Apr/2013:00:17:14 -0500] "GET /pdf/2013%20Salute%20Armed%20Forces.pdf HTTP/1.1" 206 14848 "-" "Mozilla/5.0 (compatible; MSIE 9.0; Windows NT 6.1; WOW64; Trident/5.0)"
174.21.130.248 - - [03/Apr/2013:00:17:15 -0500] "GET /pdf/2013%20Salute%20Armed%20Forces.pdf HTTP/1.1" 206 16603 "-" "Mozilla/5.0 (compatible; MSIE 9.0; Windows NT 6.1; WOW64; Trident/5.0)"
173.199.120.75 - - [03/Apr/2013:01:21:10 -0500] "GET /business.php HTTP/1.1" 200 10813 "-" "Mozilla/5.0 (compatible; AhrefsBot/4.0; +http://ahrefs.com/robot/)"
157.55.35.34 - - [03/Apr/2013:02:40:37 -0500] "GET /robots.txt HTTP/1.1" 404 - "-" "Mozilla/5.0 (compatible; bingbot/2.0; +http://www.bing.com/bingbot.htm)"
157.55.35.34 - - [03/Apr/2013:02:42:27 -0500] "GET /aboutus.php HTTP/1.1" 200 11667 "-" "Mozilla/5.0 (compatible; bingbot/2.0; +http://www.bing.com/bingbot.htm)"
157.55.32.186 - - [03/Apr/2013:02:43:26 -0500] "GET /events.php HTTP/1.1" 200 6407 "-" "Mozilla/5.0 (compatible; bingbot/2.0; +http://www.bing.com/bingbot.htm)"
157.56.93.209 - - [03/Apr/2013:02:51:56 -0500] "GET / HTTP/1.1" 200 10628 "-" "Mozilla/5.0 (compatible; bingbot/2.0; +http://www.bing.com/bingbot.htm)"
157.56.93.209 - - [03/Apr/2013:02:51:57 -0500] "GET /index.php HTTP/1.1" 200 10628 "-" "Mozilla/5.0 (compatible; bingbot/2.0; +http://www.bing.com/bingbot.htm)"
157.56.93.209 - - [03/Apr/2013:02:52:00 -0500] "GET /freedom.php HTTP/1.1" 200 11227 "-" "Mozilla/5.0 (compatible; bingbot/2.0; +http://www.bing.com/bingbot.htm)"
173.199.120.75 - - [03/Apr/2013:03:38:35 -0500] "GET /calendar.php HTTP/1.1" 200 10644 "-" "Mozilla/5.0 (compatible; AhrefsBot/4.0; +http://ahrefs.com/robot/)"
157.55.32.81 - - [03/Apr/2013:03:43:40 -0500] "GET /robots.txt HTTP/1.1" 404 - "-" "Mozilla/5.0 (compatible; bingbot/2.0; +http://www.bing.com/bingbot.htm)"
186.69.163.253 - - [03/Apr/2013:03:44:00 -0500] "GET /events/ermy_event/images/10.jpg HTTP/1.1" 200 123002 "-" "Mozilla/5.0 (Windows NT 6.1) AppleWebKit/537.31 (KHTML, like Gecko) Chrome/26.0.1410.43 Safari/537.31"
157.55.32.81 - - [03/Apr/2013:03:45:56 -0500] "GET /donate.php HTTP/1.1" 200 11699 "-" "Mozilla/5.0 (compatible; bingbot/2.0; +http://www.bing.com/bingbot.htm)"
208.115.111.70 - - [03/Apr/2013:03:55:25 -0500] "GET /robots.txt HTTP/1.1" 404 - "-" "Mozilla/5.0 (compatible; Ezooms/1.0; ezooms.bot@gmail.com)"
65.55.215.73 - - [03/Apr/2013:04:36:41 -0500] "GET /robots.txt HTTP/1.1" 404 - "-" "msnbot-media/1.1 (+http://search.msn.com/msnbot.htm)"
65.55.215.73 - - [03/Apr/2013:04:36:41 -0500] "GET /events/Brittanycozza-.png HTTP/1.1" 200 156325 "-" "msnbot-media/1.1 (+http://search.msn.com/msnbot.htm)"
208.115.111.70 - - [03/Apr/2013:04:59:38 -0500] "GET /business.php HTTP/1.1" 200 10813 "-" "Mozilla/5.0 (compatible; Ezooms/1.0; ezooms.bot@gmail.com)"
92.249.127.111 - - [03/Apr/2013:05:47:30 -0500] "GET / HTTP/1.1" 200 10628 "http://www.chipmarket.kz/" "Mozilla/5.0 (compatible; news bot /2.1)"
92.249.127.111 - - [03/Apr/2013:05:47:31 -0500] "GET / HTTP/1.1" 200 10628 "http://www.chipmarket.kz/" "Mozilla/5.0 (compatible; news bot /2.1)"
92.249.127.111 - - [03/Apr/2013:05:47:32 -0500] "GET / HTTP/1.1" 200 10628 "http://www.chipmarket.kz/" "Mozilla/5.0 (compatible; news bot /2.1)"
208.115.113.86 - - [03/Apr/2013:05:55:59 -0500] "GET /robots.txt HTTP/1.1" 404 - "-" "Mozilla/5.0 (compatible; Ezooms/1.0; ezooms.bot@gmail.com)"
208.115.113.86 - - [03/Apr/2013:06:03:37 -0500] "GET / HTTP/1.1" 200 10628 "-" "Mozilla/5.0 (compatible; Ezooms/1.0; ezooms.bot@gmail.com)"
173.199.120.75 - - [03/Apr/2013:06:19:25 -0500] "GET /events/vet_picnic/vet_picnic.html HTTP/1.1" 200 3163 "-" "Mozilla/5.0 (compatible; AhrefsBot/4.0; +http://ahrefs.com/robot/)"
94.153.64.11 - - [03/Apr/2013:06:37:29 -0500] "GET / HTTP/1.1" 200 10628 "http://bonus-fx.com/" "Mozilla/4.0 (compatible; MSIE 6.0; Windows NT 5.1; Deepnet Explorer 1.5.0; .NET CLR 1.0.3705)"
94.153.64.11 - - [03/Apr/2013:06:37:29 -0500] "GET / HTTP/1.1" 200 10628 "http://bonus-fx.com/" "Mozilla/4.0 (compatible; MSIE 6.0; Windows NT 5.1; Deepnet Explorer 1.5.0; .NET CLR 1.0.3705)"
94.153.64.11 - - [03/Apr/2013:06:37:30 -0500] "GET / HTTP/1.1" 200 10628 "http://bonus-fx.com/" "Mozilla/4.0 (compatible; MSIE 6.0; Windows NT 5.1; Deepnet Explorer 1.5.0; .NET CLR 1.0.3705)"
157.56.93.209 - - [03/Apr/2013:08:18:57 -0500] "GET /robots.txt HTTP/1.1" 404 - "-" "Mozilla/5.0 (compatible; bingbot/2.0; +http://www.bing.com/bingbot.htm)"
157.56.93.209 - - [03/Apr/2013:08:20:56 -0500] "GET / HTTP/1.1" 200 10628 "-" "Mozilla/5.0 (compatible; bingbot/2.0; +http://www.bing.com/bingbot.htm)"
157.55.35.34 - - [03/Apr/2013:08:40:56 -0500] "GET /_inc/slide.php HTTP/1.1" 200 3205 "-" "Mozilla/5.0 (compatible; bingbot/2.0; +http://www.bing.com/bingbot.htm)"
91.207.4.186 - - [03/Apr/2013:08:53:52 -0500] "GET / HTTP/1.1" 200 10628 "http://ranselem.net/" "Mozilla/4.0 (compatible; MSIE 6.0; Windows NT 5.1; FREE; .NET CLR 1.1.4322)"
91.207.4.186 - - [03/Apr/2013:08:53:53 -0500] "GET / HTTP/1.1" 200 10628 "http://ranselem.net/" "Mozilla/4.0 (compatible; MSIE 6.0; Windows NT 5.1; FREE; .NET CLR 1.1.4322)"
173.199.120.75 - - [03/Apr/2013:09:11:45 -0500] "GET /slider/index.html HTTP/1.1" 200 3205 "-" "Mozilla/5.0 (compatible; AhrefsBot/4.0; +http://ahrefs.com/robot/)"
173.199.120.75 - - [03/Apr/2013:09:33:20 -0500] "GET / HTTP/1.1" 200 10628 "-" "Mozilla/5.0 (compatible; AhrefsBot/4.0; +http://ahrefs.com/robot/)"
131.253.24.77 - - [03/Apr/2013:10:34:41 -0500] "GET /events.php HTTP/1.1" 200 6407 "-" "Mozilla/4.0 (compatible; MSIE 7.0; Windows NT 5.2;  SV1;  .NET CLR 1.1.4325)"
131.253.24.77 - - [03/Apr/2013:10:34:42 -0500] "GET /css/global.css HTTP/1.1" 200 13951 "http://www.operationspokaneheroes.org/events.php" "Mozilla/4.0 (compatible; MSIE 7.0; Windows NT 5.2;  SV1;  .NET CLR 1.1.4325)"
131.253.24.77 - - [03/Apr/2013:10:34:42 -0500] "GET /css/footer.css HTTP/1.1" 200 752 "http://www.operationspokaneheroes.org/events.php" "Mozilla/4.0 (compatible; MSIE 7.0; Windows NT 5.2;  SV1;  .NET CLR 1.1.4325)"
131.253.24.77 - - [03/Apr/2013:10:34:44 -0500] "GET /events/vet_picnic/vet_picnic.html HTTP/1.1" 200 3163 "http://www.operationspokaneheroes.org/events.php" "Mozilla/4.0 (compatible; MSIE 7.0; Windows NT 5.2;  SV1;  .NET CLR 1.1.4325)"
131.253.24.77 - - [03/Apr/2013:10:34:44 -0500] "GET /events/carousel_11/carousel_11.html HTTP/1.1" 200 3712 "http://www.operationspokaneheroes.org/events.php" "Mozilla/4.0 (compatible; MSIE 7.0; Windows NT 5.2;  SV1;  .NET CLR 1.1.4325)"
131.253.24.77 - - [03/Apr/2013:10:34:45 -0500] "GET /events/ermy_event/ermy.html HTTP/1.1" 200 3507 "http://www.operationspokaneheroes.org/events.php" "Mozilla/4.0 (compatible; MSIE 7.0; Windows NT 5.2;  SV1;  .NET CLR 1.1.4325)"
131.253.24.77 - - [03/Apr/2013:10:34:45 -0500] "GET /events/vet_picnic/css/style.css HTTP/1.1" 200 1149 "http://www.operationspokaneheroes.org/events/vet_picnic/vet_picnic.html" "Mozilla/4.0 (compatible; MSIE 7.0; Windows NT 5.2;  SV1;  .NET CLR 1.1.4325)"
131.253.24.77 - - [03/Apr/2013:10:34:45 -0500] "GET /events/carousel_11/css/style.css HTTP/1.1" 200 1149 "http://www.operationspokaneheroes.org/events/carousel_11/carousel_11.html" "Mozilla/4.0 (compatible; MSIE 7.0; Windows NT 5.2;  SV1;  .NET CLR 1.1.4325)"
131.253.24.77 - - [03/Apr/2013:10:34:45 -0500] "GET /events/ermy_event/css/style.css HTTP/1.1" 200 1149 "http://www.operationspokaneheroes.org/events/ermy_event/ermy.html" "Mozilla/4.0 (compatible; MSIE 7.0; Windows NT 5.2;  SV1;  .NET CLR 1.1.4325)"
131.253.24.77 - - [03/Apr/2013:10:34:46 -0500] "GET /events/vet_picnic/js/jquery.movingboxes.min.js HTTP/1.1" 200 4663 "http://www.operationspokaneheroes.org/events/vet_picnic/vet_picnic.html" "Mozilla/4.0 (compatible; MSIE 7.0; Windows NT 5.2;  SV1;  .NET CLR 1.1.4325)"
131.253.24.77 - - [03/Apr/2013:10:34:46 -0500] "GET /events/ermy_event/js/jquery.movingboxes.min.js HTTP/1.1" 200 4663 "http://www.operationspokaneheroes.org/events/ermy_event/ermy.html" "Mozilla/4.0 (compatible; MSIE 7.0; Windows NT 5.2;  SV1;  .NET CLR 1.1.4325)"
131.253.24.77 - - [03/Apr/2013:10:34:46 -0500] "GET /events/carousel_11/js/jquery.movingboxes.min.js HTTP/1.1" 200 4663 "http://www.operationspokaneheroes.org/events/carousel_11/carousel_11.html" "Mozilla/4.0 (compatible; MSIE 7.0; Windows NT 5.2;  SV1;  .NET CLR 1.1.4325)"
174.253.209.89 - - [03/Apr/2013:11:07:28 -0500] "GET / HTTP/1.1" 200 10628 "-" "Mozilla/5.0 (iPhone; CPU iPhone OS 6_1_3 like Mac OS X) AppleWebKit/536.26 (KHTML, like Gecko) Mobile/10B329"
174.253.209.89 - - [03/Apr/2013:11:07:39 -0500] "GET /css/footer.css HTTP/1.1" 200 752 "http://operationspokaneheroes.org/" "Mozilla/5.0 (iPhone; CPU iPhone OS 6_1_3 like Mac OS X) AppleWebKit/536.26 (KHTML, like Gecko) Mobile/10B329"
174.253.209.89 - - [03/Apr/2013:11:07:37 -0500] "GET /css/global.css HTTP/1.1" 200 13951 "http://operationspokaneheroes.org/" "Mozilla/5.0 (iPhone; CPU iPhone OS 6_1_3 like Mac OS X) AppleWebKit/536.26 (KHTML, like Gecko) Mobile/10B329"
174.253.209.89 - - [03/Apr/2013:11:07:47 -0500] "GET /mainbk.png HTTP/1.1" 200 290 "http://operationspokaneheroes.org/" "Mozilla/5.0 (iPhone; CPU iPhone OS 6_1_3 like Mac OS X) AppleWebKit/536.26 (KHTML, like Gecko) Mobile/10B329"
174.253.209.89 - - [03/Apr/2013:11:07:47 -0500] "GET /images/facebook.png HTTP/1.1" 200 5004 "http://operationspokaneheroes.org/" "Mozilla/5.0 (iPhone; CPU iPhone OS 6_1_3 like Mac OS X) AppleWebKit/536.26 (KHTML, like Gecko) Mobile/10B329"
174.253.209.89 - - [03/Apr/2013:11:07:47 -0500] "GET /images/nav2.jpg HTTP/1.1" 200 4444 "http://operationspokaneheroes.org/" "Mozilla/5.0 (iPhone; CPU iPhone OS 6_1_3 like Mac OS X) AppleWebKit/536.26 (KHTML, like Gecko) Mobile/10B329"
174.253.209.89 - - [03/Apr/2013:11:07:48 -0500] "GET /images/contacticon.png HTTP/1.1" 200 4499 "http://operationspokaneheroes.org/" "Mozilla/5.0 (iPhone; CPU iPhone OS 6_1_3 like Mac OS X) AppleWebKit/536.26 (KHTML, like Gecko) Mobile/10B329"
174.253.209.89 - - [03/Apr/2013:11:07:50 -0500] "GET /_inc/slide.php HTTP/1.1" 200 3205 "http://operationspokaneheroes.org/" "Mozilla/5.0 (iPhone; CPU iPhone OS 6_1_3 like Mac OS X) AppleWebKit/536.26 (KHTML, like Gecko) Mobile/10B329"
174.253.209.89 - - [03/Apr/2013:11:07:50 -0500] "GET /slider/index.html HTTP/1.1" 200 3205 "http://operationspokaneheroes.org/" "Mozilla/5.0 (iPhone; CPU iPhone OS 6_1_3 like Mac OS X) AppleWebKit/536.26 (KHTML, like Gecko) Mobile/10B329"
174.253.209.89 - - [03/Apr/2013:11:07:50 -0500] "GET /images/global.png HTTP/1.1" 200 5737 "http://operationspokaneheroes.org/" "Mozilla/5.0 (iPhone; CPU iPhone OS 6_1_3 like Mac OS X) AppleWebKit/536.26 (KHTML, like Gecko) Mobile/10B329"
174.253.209.89 - - [03/Apr/2013:11:07:52 -0500] "GET /css/style_global.css HTTP/1.1" 200 2621 "http://operationspokaneheroes.org/_inc/slide.php" "Mozilla/5.0 (iPhone; CPU iPhone OS 6_1_3 like Mac OS X) AppleWebKit/536.26 (KHTML, like Gecko) Mobile/10B329"
174.253.209.89 - - [03/Apr/2013:11:07:49 -0500] "GET /images/freedom_friday_click_here.png HTTP/1.1" 200 19268 "http://operationspokaneheroes.org/" "Mozilla/5.0 (iPhone; CPU iPhone OS 6_1_3 like Mac OS X) AppleWebKit/536.26 (KHTML, like Gecko) Mobile/10B329"
174.253.209.89 - - [03/Apr/2013:11:07:53 -0500] "GET /slider/css/style.css HTTP/1.1" 200 1379 "http://operationspokaneheroes.org/slider/index.html" "Mozilla/5.0 (iPhone; CPU iPhone OS 6_1_3 like Mac OS X) AppleWebKit/536.26 (KHTML, like Gecko) Mobile/10B329"
174.253.209.89 - - [03/Apr/2013:11:07:53 -0500] "GET /css/slide.css HTTP/1.1" 200 2869 "http://operationspokaneheroes.org/_inc/slide.php" "Mozilla/5.0 (iPhone; CPU iPhone OS 6_1_3 like Mac OS X) AppleWebKit/536.26 (KHTML, like Gecko) Mobile/10B329"
174.253.209.89 - - [03/Apr/2013:11:07:54 -0500] "GET /slider/css/style.css HTTP/1.1" 200 1379 "http://operationspokaneheroes.org/slider/index.html" "Mozilla/5.0 (iPhone; CPU iPhone OS 6_1_3 like Mac OS X) AppleWebKit/536.26 (KHTML, like Gecko) Mobile/10B329"
174.253.209.89 - - [03/Apr/2013:11:07:47 -0500] "GET /images/bg2.jpg HTTP/1.1" 200 55206 "http://operationspokaneheroes.org/" "Mozilla/5.0 (iPhone; CPU iPhone OS 6_1_3 like Mac OS X) AppleWebKit/536.26 (KHTML, like Gecko) Mobile/10B329"
174.253.209.89 - - [03/Apr/2013:11:07:42 -0500] "GET /images/logo.png HTTP/1.1" 200 226129 "http://operationspokaneheroes.org/" "Mozilla/5.0 (iPhone; CPU iPhone OS 6_1_3 like Mac OS X) AppleWebKit/536.26 (KHTML, like Gecko) Mobile/10B329"
174.253.209.89 - - [03/Apr/2013:11:07:42 -0500] "GET /images/freedom_friday_click_here.png HTTP/1.1" 200 19268 "http://operationspokaneheroes.org/" "Mozilla/5.0 (iPhone; CPU iPhone OS 6_1_3 like Mac OS X) AppleWebKit/536.26 (KHTML, like Gecko) Mobile/10B329"
174.253.209.89 - - [03/Apr/2013:11:08:03 -0500] "GET /slider/js/startstop-slider.js HTTP/1.1" 200 1737 "http://operationspokaneheroes.org/slider/index.html" "Mozilla/5.0 (iPhone; CPU iPhone OS 6_1_3 like Mac OS X) AppleWebKit/536.26 (KHTML, like Gecko) Mobile/10B329"
174.253.209.89 - - [03/Apr/2013:11:08:03 -0500] "GET /slider/js/jquery-1.2.6.js HTTP/1.1" 200 100196 "http://operationspokaneheroes.org/slider/index.html" "Mozilla/5.0 (iPhone; CPU iPhone OS 6_1_3 like Mac OS X) AppleWebKit/536.26 (KHTML, like Gecko) Mobile/10B329"
174.253.209.89 - - [03/Apr/2013:11:08:03 -0500] "GET /js/combined.js HTTP/1.1" 200 169946 "http://operationspokaneheroes.org/_inc/slide.php" "Mozilla/5.0 (iPhone; CPU iPhone OS 6_1_3 like Mac OS X) AppleWebKit/536.26 (KHTML, like Gecko) Mobile/10B329"
174.253.209.89 - - [03/Apr/2013:11:08:19 -0500] "GET /slider/images/slider-bg.jpg HTTP/1.1" 200 3447 "http://operationspokaneheroes.org/slider/index.html" "Mozilla/5.0 (iPhone; CPU iPhone OS 6_1_3 like Mac OS X) AppleWebKit/536.26 (KHTML, like Gecko) Mobile/10B329"
174.253.209.89 - - [03/Apr/2013:11:08:18 -0500] "GET /images/imagslider-6.png HTTP/1.1" 200 39098 "http://operationspokaneheroes.org/slider/index.html" "Mozilla/5.0 (iPhone; CPU iPhone OS 6_1_3 like Mac OS X) AppleWebKit/536.26 (KHTML, like Gecko) Mobile/10B329"
174.253.209.89 - - [03/Apr/2013:11:08:18 -0500] "GET /images/imagslider-2.png HTTP/1.1" 200 60039 "http://operationspokaneheroes.org/slider/index.html" "Mozilla/5.0 (iPhone; CPU iPhone OS 6_1_3 like Mac OS X) AppleWebKit/536.26 (KHTML, like Gecko) Mobile/10B329"
174.253.209.89 - - [03/Apr/2013:11:08:18 -0500] "GET /images/imagslider-7.png HTTP/1.1" 200 69144 "http://operationspokaneheroes.org/slider/index.html" "Mozilla/5.0 (iPhone; CPU iPhone OS 6_1_3 like Mac OS X) AppleWebKit/536.26 (KHTML, like Gecko) Mobile/10B329"
174.253.209.89 - - [03/Apr/2013:11:08:18 -0500] "GET /images/imagslider-4.png HTTP/1.1" 200 64386 "http://operationspokaneheroes.org/slider/index.html" "Mozilla/5.0 (iPhone; CPU iPhone OS 6_1_3 like Mac OS X) AppleWebKit/536.26 (KHTML, like Gecko) Mobile/10B329"
174.253.209.89 - - [03/Apr/2013:11:08:20 -0500] "GET /images/imagslider-1.png HTTP/1.1" 200 57055 "http://operationspokaneheroes.org/slider/index.html" "Mozilla/5.0 (iPhone; CPU iPhone OS 6_1_3 like Mac OS X) AppleWebKit/536.26 (KHTML, like Gecko) Mobile/10B329"
174.253.209.89 - - [03/Apr/2013:11:08:25 -0500] "GET /images/slder2.png HTTP/1.1" 200 32853 "http://operationspokaneheroes.org/slider/index.html" "Mozilla/5.0 (iPhone; CPU iPhone OS 6_1_3 like Mac OS X) AppleWebKit/536.26 (KHTML, like Gecko) Mobile/10B329"
174.253.209.89 - - [03/Apr/2013:11:08:28 -0500] "GET /images/mission_statement_bg.png HTTP/1.1" 200 11413 "http://operationspokaneheroes.org/_inc/slide.php" "Mozilla/5.0 (iPhone; CPU iPhone OS 6_1_3 like Mac OS X) AppleWebKit/536.26 (KHTML, like Gecko) Mobile/10B329"
174.253.209.89 - - [03/Apr/2013:11:08:29 -0500] "GET /images/we_believe.png HTTP/1.1" 200 1785 "http://operationspokaneheroes.org/_inc/slide.php" "Mozilla/5.0 (iPhone; CPU iPhone OS 6_1_3 like Mac OS X) AppleWebKit/536.26 (KHTML, like Gecko) Mobile/10B329"
174.253.209.89 - - [03/Apr/2013:11:08:22 -0500] "GET /images/logo.png HTTP/1.1" 200 226129 "http://operationspokaneheroes.org/" "Mozilla/5.0 (iPhone; CPU iPhone OS 6_1_3 like Mac OS X) AppleWebKit/536.26 (KHTML, like Gecko) Mobile/10B329"
174.253.209.89 - - [03/Apr/2013:11:08:31 -0500] "GET /images/we_strive.png HTTP/1.1" 200 1981 "http://operationspokaneheroes.org/_inc/slide.php" "Mozilla/5.0 (iPhone; CPU iPhone OS 6_1_3 like Mac OS X) AppleWebKit/536.26 (KHTML, like Gecko) Mobile/10B329"
174.253.209.89 - - [03/Apr/2013:11:08:31 -0500] "GET /images/we_help.png HTTP/1.1" 200 1514 "http://operationspokaneheroes.org/_inc/slide.php" "Mozilla/5.0 (iPhone; CPU iPhone OS 6_1_3 like Mac OS X) AppleWebKit/536.26 (KHTML, like Gecko) Mobile/10B329"
174.253.209.89 - - [03/Apr/2013:11:08:26 -0500] "GET /images/4.jpg HTTP/1.1" 200 186934 "http://operationspokaneheroes.org/_inc/slide.php" "Mozilla/5.0 (iPhone; CPU iPhone OS 6_1_3 like Mac OS X) AppleWebKit/536.26 (KHTML, like Gecko) Mobile/10B329"
174.253.209.89 - - [03/Apr/2013:11:08:31 -0500] "GET /assets/images/btn_top_search_hover.png HTTP/1.1" 404 - "http://operationspokaneheroes.org/_inc/slide.php" "Mozilla/5.0 (iPhone; CPU iPhone OS 6_1_3 like Mac OS X) AppleWebKit/536.26 (KHTML, like Gecko) Mobile/10B329"
174.253.209.89 - - [03/Apr/2013:11:08:29 -0500] "GET /images/imagslider-3.png HTTP/1.1" 200 49038 "http://operationspokaneheroes.org/slider/index.html" "Mozilla/5.0 (iPhone; CPU iPhone OS 6_1_3 like Mac OS X) AppleWebKit/536.26 (KHTML, like Gecko) Mobile/10B329"
174.253.209.89 - - [03/Apr/2013:11:08:34 -0500] "GET /assets/images/btn_main_search_hover.png HTTP/1.1" 404 - "http://operationspokaneheroes.org/_inc/slide.php" "Mozilla/5.0 (iPhone; CPU iPhone OS 6_1_3 like Mac OS X) AppleWebKit/536.26 (KHTML, like Gecko) Mobile/10B329"
174.253.209.89 - - [03/Apr/2013:11:08:34 -0500] "GET /images/imagslider-5.png HTTP/1.1" 200 39823 "http://operationspokaneheroes.org/slider/index.html" "Mozilla/5.0 (iPhone; CPU iPhone OS 6_1_3 like Mac OS X) AppleWebKit/536.26 (KHTML, like Gecko) Mobile/10B329"
174.253.209.89 - - [03/Apr/2013:11:08:35 -0500] "GET /images/we_need.png HTTP/1.1" 200 2138 "http://operationspokaneheroes.org/_inc/slide.php" "Mozilla/5.0 (iPhone; CPU iPhone OS 6_1_3 like Mac OS X) AppleWebKit/536.26 (KHTML, like Gecko) Mobile/10B329"
174.253.209.89 - - [03/Apr/2013:11:08:29 -0500] "GET /images/2.jpg HTTP/1.1" 200 170993 "http://operationspokaneheroes.org/_inc/slide.php" "Mozilla/5.0 (iPhone; CPU iPhone OS 6_1_3 like Mac OS X) AppleWebKit/536.26 (KHTML, like Gecko) Mobile/10B329"
174.253.209.89 - - [03/Apr/2013:11:08:31 -0500] "GET /images/1.jpg HTTP/1.1" 200 142489 "http://operationspokaneheroes.org/_inc/slide.php" "Mozilla/5.0 (iPhone; CPU iPhone OS 6_1_3 like Mac OS X) AppleWebKit/536.26 (KHTML, like Gecko) Mobile/10B329"
174.253.209.89 - - [03/Apr/2013:11:08:39 -0500] "GET /images/3.jpg HTTP/1.1" 200 240733 "http://operationspokaneheroes.org/_inc/slide.php" "Mozilla/5.0 (iPhone; CPU iPhone OS 6_1_3 like Mac OS X) AppleWebKit/536.26 (KHTML, like Gecko) Mobile/10B329"
174.253.209.89 - - [03/Apr/2013:11:08:45 -0500] "GET / HTTP/1.1" 200 10628 "-" "Mozilla/5.0 (iPhone; CPU iPhone OS 6_1_3 like Mac OS X) AppleWebKit/536.26 (KHTML, like Gecko) Mobile/10B329"
174.253.209.89 - - [03/Apr/2013:11:08:46 -0500] "GET /_inc/slide.php HTTP/1.1" 200 3205 "http://operationspokaneheroes.org/" "Mozilla/5.0 (iPhone; CPU iPhone OS 6_1_3 like Mac OS X) AppleWebKit/536.26 (KHTML, like Gecko) Mobile/10B329"
174.253.209.89 - - [03/Apr/2013:11:08:46 -0500] "GET /assets/images/btn_top_search_hover.png HTTP/1.1" 404 - "http://operationspokaneheroes.org/_inc/slide.php" "Mozilla/5.0 (iPhone; CPU iPhone OS 6_1_3 like Mac OS X) AppleWebKit/536.26 (KHTML, like Gecko) Mobile/10B329"
174.253.209.89 - - [03/Apr/2013:11:08:47 -0500] "GET /assets/images/btn_main_search_hover.png HTTP/1.1" 404 - "http://operationspokaneheroes.org/_inc/slide.php" "Mozilla/5.0 (iPhone; CPU iPhone OS 6_1_3 like Mac OS X) AppleWebKit/536.26 (KHTML, like Gecko) Mobile/10B329"
94.153.64.11 - - [03/Apr/2013:11:25:12 -0500] "GET / HTTP/1.1" 200 10628 "http://chevrolet.barsavto.ru/" "Mozilla/4.0 (compatible; MSIE 6.0; America Online Browser 1.1; rev1.2; Windows NT 5.1; SV1; .NET CLR 1.1.4322)"
94.153.64.11 - - [03/Apr/2013:11:25:12 -0500] "GET / HTTP/1.1" 200 10628 "http://chevrolet.barsavto.ru/" "Mozilla/4.0 (compatible; MSIE 6.0; America Online Browser 1.1; rev1.2; Windows NT 5.1; SV1; .NET CLR 1.1.4322)"
94.153.64.11 - - [03/Apr/2013:11:25:13 -0500] "GET / HTTP/1.1" 200 10628 "http://chevrolet.barsavto.ru/" "Mozilla/4.0 (compatible; MSIE 6.0; America Online Browser 1.1; rev1.2; Windows NT 5.1; SV1; .NET CLR 1.1.4322)"
208.115.111.70 - - [03/Apr/2013:11:52:59 -0500] "GET /robots.txt HTTP/1.1" 404 - "-" "Mozilla/5.0 (compatible; Ezooms/1.0; ezooms.bot@gmail.com)"
91.207.4.186 - - [03/Apr/2013:11:58:12 -0500] "GET / HTTP/1.1" 200 10628 "http://plutoncosmos.net/news.php?readmore=99" "Mozilla/4.0 (compatible; MSIE 6.0; Windows NT 5.1; SV1; .NET CLR 1.1.4322) NS8/0.9.6"
91.207.4.186 - - [03/Apr/2013:11:58:13 -0500] "GET / HTTP/1.1" 200 10628 "http://plutoncosmos.net/news.php?readmore=99" "Mozilla/4.0 (compatible; MSIE 6.0; Windows NT 5.1; SV1; .NET CLR 1.1.4322) NS8/0.9.6"
91.207.9.226 - - [03/Apr/2013:12:24:16 -0500] "GET / HTTP/1.1" 200 10628 "http://1001fact.ru/" "Mozilla/4.0 (compatible; MSIE 6.0; Windows NT 5.2; Win64; AMD64)"
91.207.9.226 - - [03/Apr/2013:12:24:17 -0500] "GET / HTTP/1.1" 200 10628 "http://1001fact.ru/" "Mozilla/4.0 (compatible; MSIE 6.0; Windows NT 5.2; Win64; AMD64)"
91.207.9.226 - - [03/Apr/2013:12:24:18 -0500] "GET / HTTP/1.1" 200 10628 "http://1001fact.ru/" "Mozilla/4.0 (compatible; MSIE 6.0; Windows NT 5.2; Win64; AMD64)"
208.115.111.70 - - [03/Apr/2013:12:55:05 -0500] "GET /employers.php HTTP/1.1" 404 - "-" "Mozilla/5.0 (compatible; Ezooms/1.0; ezooms.bot@gmail.com)"
157.55.32.109 - - [03/Apr/2013:13:07:21 -0500] "GET /robots.txt HTTP/1.1" 404 - "-" "Mozilla/5.0 (compatible; bingbot/2.0; +http://www.bing.com/bingbot.htm)"
157.55.32.109 - - [03/Apr/2013:13:13:49 -0500] "GET /java_for_joes/index.html HTTP/1.1" 404 - "-" "Mozilla/5.0 (compatible; bingbot/2.0; +http://www.bing.com/bingbot.htm)"
157.55.32.186 - - [03/Apr/2013:15:05:32 -0500] "GET /robots.txt HTTP/1.1" 404 - "-" "Mozilla/5.0 (compatible; bingbot/2.0; +http://www.bing.com/bingbot.htm)"
157.55.32.186 - - [03/Apr/2013:15:09:39 -0500] "GET /pdf/2010_Top100_Military_Friendly_Employers.pdf HTTP/1.1" 200 711726 "-" "Mozilla/5.0 (compatible; bingbot/2.0; +http://www.bing.com/bingbot.htm)"
176.15.234.139 - - [03/Apr/2013:16:39:01 -0500] "HEAD /java_for_joes/index.html HTTP/1.1" 404 - "-" "Mozilla/3.0 (compatible; Indy Library)"
176.15.234.139 - - [03/Apr/2013:16:39:07 -0500] "HEAD /java_for_joes/index.html HTTP/1.1" 404 - "-" "Mozilla/4.0 (compatible; MSIE 7.0; Windows NT 6.0; GTB6; SLCC1; .NET CLR 2.0.50727; .NET CLR 3.0.04506)"
46.229.160.208 - - [03/Apr/2013:17:37:14 -0500] "GET /pdf/Veterans%20Resource%20Fair.pdf HTTP/1.1" 200 390899 "-" "Opera/9.52 (X11; Linux i686; U; fr)"
199.21.99.103 - - [03/Apr/2013:19:02:37 -0500] "GET /robots.txt HTTP/1.1" 404 - "-" "Mozilla/5.0 (compatible; YandexBot/3.0; +http://yandex.com/bots)"
91.207.4.186 - - [03/Apr/2013:19:40:54 -0500] "GET / HTTP/1.1" 200 10628 "http://plutoncosmos.net/" "Mozilla/4.0 (compatible; MSIE 6.0; Windows NT 5.1; Maxthon; .NET CLR 1.1.4322)"
91.207.4.186 - - [03/Apr/2013:19:40:55 -0500] "GET / HTTP/1.1" 200 10628 "http://plutoncosmos.net/" "Mozilla/4.0 (compatible; MSIE 6.0; Windows NT 5.1; Maxthon; .NET CLR 1.1.4322)"
157.55.33.22 - - [03/Apr/2013:19:43:06 -0500] "GET /robots.txt HTTP/1.1" 404 - "-" "Mozilla/5.0 (compatible; bingbot/2.0; +http://www.bing.com/bingbot.htm)"
199.21.99.103 - - [03/Apr/2013:19:51:29 -0500] "GET /pdf/174%20Stores%20and%20Business%20Offering%20Military%20Discounts1.pdf HTTP/1.1" 200 122888 "-" "Mozilla/5.0 (compatible; YandexBot/3.0; +http://yandex.com/bots)"
157.56.92.151 - - [03/Apr/2013:20:10:32 -0500] "GET / HTTP/1.1" 200 10628 "-" "Mozilla/5.0 (compatible; bingbot/2.0; +http://www.bing.com/bingbot.htm)"
46.118.119.252 - - [03/Apr/2013:20:28:18 -0500] "GET / HTTP/1.1" 200 10628 "http://st-arenda.com/" "Mozilla/4.0 (compatible; MSIE 5.5; Windows NT 5.0; T312461)"
46.118.119.252 - - [03/Apr/2013:20:28:19 -0500] "GET / HTTP/1.1" 200 10628 "http://st-arenda.com/" "Mozilla/4.0 (compatible; MSIE 5.5; Windows NT 5.0; T312461)"
46.118.119.252 - - [03/Apr/2013:20:28:20 -0500] "GET / HTTP/1.1" 200 10628 "http://st-arenda.com/" "Mozilla/4.0 (compatible; MSIE 5.5; Windows NT 5.0; T312461)"
92.249.127.111 - - [03/Apr/2013:22:00:59 -0500] "GET / HTTP/1.1" 200 10628 "http://gahenkor.ya.ru/replies.xml?item_no=30" "Mozilla/5.0 (compatible; news bot /2.1)"
92.249.127.111 - - [03/Apr/2013:22:01:00 -0500] "GET / HTTP/1.1" 200 10628 "http://gahenkor.ya.ru/replies.xml?item_no=30" "Mozilla/5.0 (compatible; news bot /2.1)"
195.242.218.133 - - [03/Apr/2013:22:02:05 -0500] "GET / HTTP/1.1" 200 10628 "http://www.allkomplekt.by/" "Mozilla/4.0 (compatible; MSIE 5.5; Windows NT 5.0)"
195.242.218.133 - - [03/Apr/2013:22:02:06 -0500] "GET / HTTP/1.1" 200 10628 "http://www.allkomplekt.by/" "Mozilla/4.0 (compatible; MSIE 5.5; Windows NT 5.0)"
195.242.218.133 - - [03/Apr/2013:22:02:08 -0500] "GET / HTTP/1.1" 200 10628 "http://www.allkomplekt.by/" "Mozilla/4.0 (compatible; MSIE 5.5; Windows NT 5.0)"
208.115.113.86 - - [04/Apr/2013:01:49:08 -0500] "GET /robots.txt HTTP/1.1" 404 - "-" "Mozilla/5.0 (compatible; Ezooms/1.0; ezooms.bot@gmail.com)"
91.207.6.34 - - [04/Apr/2013:01:56:35 -0500] "GET / HTTP/1.1" 200 10628 "http://www.prostitutki-rostova.org/" "Mozilla/4.0 (compatible; MSIE 6.0; Windows NT 5.1) Netscape/8.0.4"
91.207.6.34 - - [04/Apr/2013:01:56:36 -0500] "GET / HTTP/1.1" 200 10628 "http://www.prostitutki-rostova.org/" "Mozilla/4.0 (compatible; MSIE 6.0; Windows NT 5.1) Netscape/8.0.4"
91.207.6.34 - - [04/Apr/2013:01:56:37 -0500] "GET / HTTP/1.1" 200 10628 "http://www.prostitutki-rostova.org/" "Mozilla/4.0 (compatible; MSIE 6.0; Windows NT 5.1) Netscape/8.0.4"
46.118.119.252 - - [04/Apr/2013:02:03:28 -0500] "GET / HTTP/1.1" 200 10628 "http://modamoda.com.ua/" "Mozilla/4.0 (compatible; MSIE 5.5; Windows NT 5.0; T312461)"
46.118.119.252 - - [04/Apr/2013:02:03:29 -0500] "GET / HTTP/1.1" 200 10628 "http://modamoda.com.ua/" "Mozilla/4.0 (compatible; MSIE 5.5; Windows NT 5.0; T312461)"
46.118.119.252 - - [04/Apr/2013:02:03:30 -0500] "GET / HTTP/1.1" 200 10628 "http://modamoda.com.ua/" "Mozilla/4.0 (compatible; MSIE 5.5; Windows NT 5.0; T312461)"
38.101.148.120 - - [04/Apr/2013:02:28:54 -0500] "GET /robots.txt HTTP/1.1" 404 - "-" "Mozilla/5.0 (compatible; discoverybot/2.0; +http://discoveryengine.com/discoverybot.html)"
38.101.148.120 - - [04/Apr/2013:02:28:57 -0500] "GET /events.php HTTP/1.1" 200 6407 "-" "Mozilla/5.0 (compatible; discoverybot/2.0; +http://discoveryengine.com/discoverybot.html)"
208.115.113.86 - - [04/Apr/2013:02:57:14 -0500] "GET /java_for_joes/index.html HTTP/1.1" 404 - "-" "Mozilla/5.0 (compatible; Ezooms/1.0; ezooms.bot@gmail.com)"
50.31.96.4 - - [04/Apr/2013:03:17:52 -0500] "GET /java_for_joes/index.html HTTP/1.1" 404 - "-" "Mozilla/5.0 (X11; U; Linux x86_64; en-US) AppleWebKit/533.3 (KHTML, like Gecko) Qt/4.7.4 Safari/533.3"
157.55.32.149 - - [04/Apr/2013:03:36:20 -0500] "GET /robots.txt HTTP/1.1" 404 - "-" "Mozilla/5.0 (compatible; bingbot/2.0; +http://www.bing.com/bingbot.htm)"
157.55.32.149 - - [04/Apr/2013:03:38:08 -0500] "GET /_inc/events.php HTTP/1.1" 200 5967 "-" "Mozilla/5.0 (compatible; bingbot/2.0; +http://www.bing.com/bingbot.htm)"
180.76.5.23 - - [04/Apr/2013:04:13:58 -0500] "GET /calendar.php HTTP/1.1" 200 10644 "-" "Mozilla/5.0 (compatible; Baiduspider/2.0; +http://www.baidu.com/search/spider.html)"
66.249.73.71 - - [04/Apr/2013:04:59:15 -0500] "GET /robots.txt HTTP/1.1" 404 - "-" "Mozilla/5.0 (compatible; Googlebot/2.1; +http://www.google.com/bot.html)"
66.249.73.50 - - [04/Apr/2013:04:59:15 -0500] "GET / HTTP/1.1" 200 10628 "-" "Mozilla/5.0 (iPhone; U; CPU iPhone OS 4_1 like Mac OS X; en-us) AppleWebKit/532.9 (KHTML, like Gecko) Version/4.0.5 Mobile/8B117 Safari/6531.22.7 (compatible; Googlebot-Mobile/2.1; +http://www.google.com/bot.html)"
66.249.73.215 - - [04/Apr/2013:05:08:56 -0500] "GET /robots.txt HTTP/1.1" 404 - "-" "Mozilla/5.0 (compatible; Googlebot/2.1; +http://www.google.com/bot.html)"
66.249.73.235 - - [04/Apr/2013:05:08:56 -0500] "GET / HTTP/1.1" 200 10628 "-" "Mozilla/5.0 (iPhone; U; CPU iPhone OS 4_1 like Mac OS X; en-us) AppleWebKit/532.9 (KHTML, like Gecko) Version/4.0.5 Mobile/8B117 Safari/6531.22.7 (compatible; Googlebot-Mobile/2.1; +http://www.google.com/bot.html)"
91.207.6.34 - - [04/Apr/2013:05:13:24 -0500] "GET / HTTP/1.1" 200 10628 "http://www.prostitutki-donetska.org/" "Mozilla/4.0 (compatible; MSIE 6.0; Windows NT 5.1) Netscape/8.0.4"
91.207.6.34 - - [04/Apr/2013:05:13:24 -0500] "GET / HTTP/1.1" 200 10628 "http://www.prostitutki-belgoroda.org/" "Mozilla/4.0 (compatible; MSIE 6.0; Windows NT 5.1) Netscape/8.0.4"
91.207.6.34 - - [04/Apr/2013:05:13:25 -0500] "GET / HTTP/1.1" 200 10628 "http://www.prostitutki-donetska.org/" "Mozilla/4.0 (compatible; MSIE 6.0; Windows NT 5.1) Netscape/8.0.4"
91.207.6.34 - - [04/Apr/2013:05:13:25 -0500] "GET / HTTP/1.1" 200 10628 "http://www.prostitutki-belgoroda.org/" "Mozilla/4.0 (compatible; MSIE 6.0; Windows NT 5.1) Netscape/8.0.4"
91.207.6.34 - - [04/Apr/2013:05:13:26 -0500] "GET / HTTP/1.1" 200 10628 "http://www.prostitutki-donetska.org/" "Mozilla/4.0 (compatible; MSIE 6.0; Windows NT 5.1) Netscape/8.0.4"
91.207.6.34 - - [04/Apr/2013:05:13:26 -0500] "GET / HTTP/1.1" 200 10628 "http://www.prostitutki-belgoroda.org/" "Mozilla/4.0 (compatible; MSIE 6.0; Windows NT 5.1) Netscape/8.0.4"
114.44.231.133 - - [04/Apr/2013:05:19:04 -0500] "GET /java_for_joes/index.html HTTP/1.1" 404 - "-" "Mozilla/5.0 (compatible; MSIE 9.0; Windows NT 6.1; WOW64; Trident/5.0)"
91.207.9.226 - - [04/Apr/2013:06:30:28 -0500] "GET / HTTP/1.1" 200 10628 "http://remont-fridge-tv.ru/" "Mozilla/4.0 (compatible; MSIE 6.0; Windows NT 5.1; Maxthon; .NET CLR 1.1.4322)"
91.207.9.226 - - [04/Apr/2013:06:30:29 -0500] "GET / HTTP/1.1" 200 10628 "http://remont-fridge-tv.ru/" "Mozilla/4.0 (compatible; MSIE 6.0; Windows NT 5.1; Maxthon; .NET CLR 1.1.4322)"
91.207.9.226 - - [04/Apr/2013:06:30:30 -0500] "GET / HTTP/1.1" 200 10628 "http://remont-fridge-tv.ru/" "Mozilla/4.0 (compatible; MSIE 6.0; Windows NT 5.1; Maxthon; .NET CLR 1.1.4322)"
66.249.73.7 - - [04/Apr/2013:06:36:02 -0500] "GET /business.php HTTP/1.1" 200 10813 "-" "Mozilla/5.0 (iPhone; U; CPU iPhone OS 4_1 like Mac OS X; en-us) AppleWebKit/532.9 (KHTML, like Gecko) Version/4.0.5 Mobile/8B117 Safari/6531.22.7 (compatible; Googlebot-Mobile/2.1; +http://www.google.com/bot.html)"
218.30.103.147 - - [04/Apr/2013:06:42:34 -0500] "GET / HTTP/1.1" 200 10628 "-" "Sogou web spider/4.0(+http://www.sogou.com/docs/help/webmasters.htm#07)"
218.30.103.147 - - [04/Apr/2013:06:42:35 -0500] "GET /robots.txt HTTP/1.1" 404 - "-" "Sogou web spider/4.0"
38.101.148.120 - - [04/Apr/2013:06:54:49 -0500] "GET /aboutus.php HTTP/1.1" 200 11667 "-" "Mozilla/5.0 (compatible; discoverybot/2.0; +http://discoveryengine.com/discoverybot.html)"
38.101.148.120 - - [04/Apr/2013:06:54:50 -0500] "GET /contact.php HTTP/1.1" 200 10519 "-" "Mozilla/5.0 (compatible; discoverybot/2.0; +http://discoveryengine.com/discoverybot.html)"
157.55.32.237 - - [04/Apr/2013:07:48:40 -0500] "GET /robots.txt HTTP/1.1" 404 - "-" "Mozilla/5.0 (compatible; bingbot/2.0; +http://www.bing.com/bingbot.htm)"
157.55.32.237 - - [04/Apr/2013:07:53:25 -0500] "GET / HTTP/1.1" 200 10628 "-" "Mozilla/5.0 (compatible; bingbot/2.0; +http://www.bing.com/bingbot.htm)"
199.21.99.103 - - [04/Apr/2013:08:00:26 -0500] "GET /robots.txt HTTP/1.1" 404 - "-" "Mozilla/5.0 (compatible; YandexBot/3.0; +http://yandex.com/bots)"
139.18.2.209 - - [04/Apr/2013:08:08:02 -0500] "GET /robots.txt HTTP/1.1" 404 - "-" "findlinks/2.6 (+http://wortschatz.uni-leipzig.de/findlinks/)"
66.249.73.228 - - [04/Apr/2013:08:17:55 -0500] "GET / HTTP/1.1" 200 10628 "-" "Mozilla/5.0 (compatible; Googlebot/2.1; +http://www.google.com/bot.html)"
178.255.215.79 - - [04/Apr/2013:11:49:21 -0500] "GET /robots.txt HTTP/1.1" 404 - "-" "Mozilla/5.0 (compatible; Exabot/3.0; +http://www.exabot.com/go/robot)"
178.255.215.79 - - [04/Apr/2013:11:49:21 -0500] "GET / HTTP/1.1" 200 10628 "-" "Mozilla/5.0 (compatible; Exabot/3.0; +http://www.exabot.com/go/robot)"
208.115.111.70 - - [04/Apr/2013:11:57:36 -0500] "GET /robots.txt HTTP/1.1" 404 - "-" "Mozilla/5.0 (compatible; Ezooms/1.0; ezooms.bot@gmail.com)"
180.76.5.188 - - [04/Apr/2013:12:01:09 -0500] "GET / HTTP/1.1" 200 10628 "-" "Mozilla/5.0 (compatible; Baiduspider/2.0; +http://www.baidu.com/search/spider.html)"
173.199.120.75 - - [04/Apr/2013:12:03:06 -0500] "GET /_inc/contact.php HTTP/1.1" 200 756 "-" "Mozilla/5.0 (compatible; AhrefsBot/4.0; +http://ahrefs.com/robot/)"
180.76.5.17 - - [04/Apr/2013:12:16:09 -0500] "GET /slider/ HTTP/1.1" 200 3205 "-" "Mozilla/5.0 (compatible; Baiduspider/2.0; +http://www.baidu.com/search/spider.html)"
173.199.120.75 - - [04/Apr/2013:12:36:37 -0500] "GET /_inc/slide.php HTTP/1.1" 200 3205 "-" "Mozilla/5.0 (compatible; AhrefsBot/4.0; +http://ahrefs.com/robot/)"
157.56.93.150 - - [04/Apr/2013:12:40:11 -0500] "GET /robots.txt HTTP/1.1" 404 - "-" "Mozilla/5.0 (compatible; bingbot/2.0; +http://www.bing.com/bingbot.htm)"
157.56.93.150 - - [04/Apr/2013:12:46:02 -0500] "GET /pdf/Welcome%20Home%20Event%20Flyer%202012.pdf HTTP/1.1" 200 462917 "-" "Mozilla/5.0 (compatible; bingbot/2.0; +http://www.bing.com/bingbot.htm)"
208.115.111.70 - - [04/Apr/2013:12:58:58 -0500] "GET /contact.php HTTP/1.1" 200 10519 "-" "Mozilla/5.0 (compatible; Ezooms/1.0; ezooms.bot@gmail.com)"
77.78.109.71 - - [04/Apr/2013:14:35:53 -0500] "GET /robots.txt HTTP/1.1" 404 - "-" "PagesInventory (robot http://www.pagesinvenotry.com)"
77.78.109.71 - - [04/Apr/2013:14:35:53 -0500] "GET /robots.txt HTTP/1.1" 404 - "-" "PagesInventory (robot http://www.pagesinvenotry.com)"
77.78.109.71 - - [04/Apr/2013:14:35:53 -0500] "GET /css/footer.css HTTP/1.1" 200 752 "-" "PagesInventory (robot http://www.pagesinventory.com)"
77.78.109.71 - - [04/Apr/2013:14:35:53 -0500] "GET /css/global.css HTTP/1.1" 200 13951 "-" "PagesInventory (robot http://www.pagesinventory.com)"
38.100.21.68 - - [04/Apr/2013:15:28:43 -0500] "GET / HTTP/1.1" 200 10628 "-" "Mozilla/4.0 (compatible; MSIE 7.0; Windows NT 5.2)"
38.100.21.68 - - [04/Apr/2013:15:28:44 -0500] "GET /donate.php HTTP/1.1" 200 11699 "-" "Mozilla/4.0 (compatible; MSIE 7.0; Windows NT 5.2)"
38.100.21.68 - - [04/Apr/2013:15:28:44 -0500] "GET /slider/index.html HTTP/1.1" 200 3205 "-" "Mozilla/4.0 (compatible; MSIE 7.0; Windows NT 5.2)"
38.100.21.68 - - [04/Apr/2013:15:28:44 -0500] "GET /css/footer.css HTTP/1.1" 200 752 "-" "Mozilla/4.0 (compatible; MSIE 7.0; Windows NT 5.2)"
38.100.21.68 - - [04/Apr/2013:15:28:44 -0500] "GET /contact.php HTTP/1.1" 200 10519 "-" "Mozilla/4.0 (compatible; MSIE 7.0; Windows NT 5.2)"
38.100.21.68 - - [04/Apr/2013:15:28:45 -0500] "GET /calendar.php HTTP/1.1" 200 10644 "-" "Mozilla/4.0 (compatible; MSIE 7.0; Windows NT 5.2)"
38.100.21.68 - - [04/Apr/2013:15:28:45 -0500] "GET /_inc/slide.php HTTP/1.1" 200 3205 "-" "Mozilla/4.0 (compatible; MSIE 7.0; Windows NT 5.2)"
38.100.21.68 - - [04/Apr/2013:15:28:45 -0500] "GET /freedom.php HTTP/1.1" 200 11227 "-" "Mozilla/4.0 (compatible; MSIE 7.0; Windows NT 5.2)"
38.100.21.68 - - [04/Apr/2013:15:28:45 -0500] "GET /index.php HTTP/1.1" 200 10628 "-" "Mozilla/4.0 (compatible; MSIE 7.0; Windows NT 5.2)"
38.100.21.68 - - [04/Apr/2013:15:28:45 -0500] "GET /aboutus.php HTTP/1.1" 200 11667 "-" "Mozilla/4.0 (compatible; MSIE 7.0; Windows NT 5.2)"
38.100.21.68 - - [04/Apr/2013:15:28:46 -0500] "GET /events.php HTTP/1.1" 200 6407 "-" "Mozilla/4.0 (compatible; MSIE 7.0; Windows NT 5.2)"
199.21.99.103 - - [04/Apr/2013:16:02:50 -0500] "GET /_inc/slide.php HTTP/1.1" 200 3205 "-" "Mozilla/5.0 (compatible; YandexBot/3.0; +http://yandex.com/bots)"
157.55.35.34 - - [04/Apr/2013:16:20:03 -0500] "GET /robots.txt HTTP/1.1" 404 - "-" "Mozilla/5.0 (compatible; bingbot/2.0; +http://www.bing.com/bingbot.htm)"
157.55.35.34 - - [04/Apr/2013:16:21:54 -0500] "GET /slider/index.html HTTP/1.1" 200 3205 "-" "Mozilla/5.0 (compatible; bingbot/2.0; +http://www.bing.com/bingbot.htm)"
157.55.32.109 - - [04/Apr/2013:16:49:55 -0500] "GET /pdf/ HTTP/1.1" 200 3661 "-" "Mozilla/5.0 (compatible; bingbot/2.0; +http://www.bing.com/bingbot.htm)"
91.207.6.34 - - [04/Apr/2013:16:59:30 -0500] "GET / HTTP/1.1" 200 10628 "http://www.prostitutki-yaroslavlya.org/" "Mozilla/4.0 (compatible; MSIE 6.0; Windows NT 5.1) Netscape/8.0.4"
91.207.6.34 - - [04/Apr/2013:16:59:31 -0500] "GET / HTTP/1.1" 200 10628 "http://www.prostitutki-yaroslavlya.org/" "Mozilla/4.0 (compatible; MSIE 6.0; Windows NT 5.1) Netscape/8.0.4"
91.207.6.34 - - [04/Apr/2013:16:59:32 -0500] "GET / HTTP/1.1" 200 10628 "http://www.prostitutki-yaroslavlya.org/" "Mozilla/4.0 (compatible; MSIE 6.0; Windows NT 5.1) Netscape/8.0.4"
180.76.5.110 - - [04/Apr/2013:17:12:42 -0500] "GET /robots.txt HTTP/1.1" 404 - "-" "Mozilla/5.0 (Windows NT 5.1; rv:6.0.2) Gecko/20100101 Firefox/6.0.2"
50.19.13.45 - - [04/Apr/2013:17:30:37 -0500] "GET /robots.txt HTTP/1.1" 404 - "-" "Mozilla/5.0 (compatible; Snipebot/1.0; +http://snipebot.com/bot.html)"
50.19.13.45 - - [04/Apr/2013:17:39:07 -0500] "GET / HTTP/1.1" 200 10628 "-" "Mozilla/5.0 (compatible; Snipebot/1.0; +http://snipebot.com/bot.html)"
66.249.73.214 - - [04/Apr/2013:17:53:46 -0500] "GET /robots.txt HTTP/1.1" 404 - "-" "Mozilla/5.0 (compatible; Googlebot/2.1; +http://www.google.com/bot.html)"
66.249.73.7 - - [04/Apr/2013:17:53:46 -0500] "GET /wedo.php HTTP/1.1" 404 - "-" "Mozilla/5.0 (iPhone; U; CPU iPhone OS 4_1 like Mac OS X; en-us) AppleWebKit/532.9 (KHTML, like Gecko) Version/4.0.5 Mobile/8B117 Safari/6531.22.7 (compatible; Googlebot-Mobile/2.1; +http://www.google.com/bot.html)"
66.249.73.4 - - [04/Apr/2013:19:01:46 -0500] "GET /slider/css/style.css HTTP/1.1" 200 1379 "-" "Mozilla/5.0 (compatible; Googlebot/2.1; +http://www.google.com/bot.html)"
66.249.73.217 - - [04/Apr/2013:19:01:46 -0500] "GET /css/global.css HTTP/1.1" 200 13951 "-" "Mozilla/5.0 (compatible; Googlebot/2.1; +http://www.google.com/bot.html)"
66.249.73.219 - - [04/Apr/2013:19:01:46 -0500] "GET /css/slide.css HTTP/1.1" 200 2869 "-" "Mozilla/5.0 (compatible; Googlebot/2.1; +http://www.google.com/bot.html)"
66.249.73.2 - - [04/Apr/2013:19:01:47 -0500] "GET /css/footer.css HTTP/1.1" 200 752 "-" "Mozilla/5.0 (compatible; Googlebot/2.1; +http://www.google.com/bot.html)"
66.249.73.217 - - [04/Apr/2013:19:01:47 -0500] "GET /css/style_global.css HTTP/1.1" 200 2621 "-" "Mozilla/5.0 (compatible; Googlebot/2.1; +http://www.google.com/bot.html)"
91.207.4.186 - - [04/Apr/2013:19:22:34 -0500] "GET / HTTP/1.1" 200 10628 "http://kalineks.net/news.php?readmore=75" "Mozilla/4.0 (compatible; MSIE 6.0; Windows NT 5.1; Maxthon; .NET CLR 1.1.4322)"
91.207.4.186 - - [04/Apr/2013:19:22:36 -0500] "GET / HTTP/1.1" 200 10628 "http://kalineks.net/news.php?readmore=75" "Mozilla/4.0 (compatible; MSIE 6.0; Windows NT 5.1; Maxthon; .NET CLR 1.1.4322)"
91.207.9.226 - - [04/Apr/2013:20:21:53 -0500] "GET / HTTP/1.1" 200 10628 "http://remont-komputerov-notebook.ru/" "Mozilla/4.0 (compatible; MSIE 6.0; Windows NT 5.1; Maxthon; .NET CLR 1.1.4322)"
91.207.9.226 - - [04/Apr/2013:20:21:54 -0500] "GET / HTTP/1.1" 200 10628 "http://remont-komputerov-notebook.ru/" "Mozilla/4.0 (compatible; MSIE 6.0; Windows NT 5.1; Maxthon; .NET CLR 1.1.4322)"
91.207.9.226 - - [04/Apr/2013:20:21:55 -0500] "GET / HTTP/1.1" 200 10628 "http://remont-komputerov-notebook.ru/" "Mozilla/4.0 (compatible; MSIE 6.0; Windows NT 5.1; Maxthon; .NET CLR 1.1.4322)"
157.56.93.220 - - [04/Apr/2013:20:35:18 -0500] "GET /robots.txt HTTP/1.1" 404 - "-" "Mozilla/5.0 (compatible; bingbot/2.0; +http://www.bing.com/bingbot.htm)"
157.56.93.220 - - [04/Apr/2013:20:37:08 -0500] "GET / HTTP/1.1" 200 10628 "-" "Mozilla/5.0 (compatible; bingbot/2.0; +http://www.bing.com/bingbot.htm)"
54.235.39.10 - - [04/Apr/2013:21:09:54 -0500] "GET /java_for_joes/index.html HTTP/1.1" 404 - "-" "Mozilla/5.0 (compatible; Snipebot/1.0; +http://snipebot.com/bot.html)"
66.249.73.231 - - [04/Apr/2013:21:27:52 -0500] "GET /events.php HTTP/1.1" 200 6407 "-" "Mozilla/5.0 (iPhone; U; CPU iPhone OS 4_1 like Mac OS X; en-us) AppleWebKit/532.9 (KHTML, like Gecko) Version/4.0.5 Mobile/8B117 Safari/6531.22.7 (compatible; Googlebot-Mobile/2.1; +http://www.google.com/bot.html)"
66.249.73.59 - - [04/Apr/2013:21:38:08 -0500] "GET /robots.txt HTTP/1.1" 404 - "-" "Mozilla/5.0 (compatible; Googlebot/2.1; +http://www.google.com/bot.html)"
66.249.73.66 - - [04/Apr/2013:21:38:09 -0500] "GET / HTTP/1.1" 200 10628 "-" "Mozilla/5.0 (compatible; Googlebot/2.1; +http://www.google.com/bot.html)"
173.192.235.226 - - [04/Apr/2013:21:38:58 -0500] "GET /robots.txt HTTP/1.1" 404 - "-" "Mozilla/5.0 (compatible; SiteExplorer/1.0b; +http://siteexplorer.info/)"
173.192.235.226 - - [04/Apr/2013:21:38:59 -0500] "GET /java_for_joes/index.html HTTP/1.1" 404 - "-" "Mozilla/5.0 (compatible; SiteExplorer/1.0b; +http://siteexplorer.info/)"
173.192.235.226 - - [04/Apr/2013:21:39:01 -0500] "GET /robots.txt HTTP/1.1" 404 - "-" "Mozilla/5.0 (compatible; SiteExplorer/1.0b; +http://siteexplorer.info/)"
173.192.235.226 - - [04/Apr/2013:21:39:03 -0500] "GET / HTTP/1.1" 200 10628 "-" "Mozilla/5.0 (compatible; SiteExplorer/1.0b; +http://siteexplorer.info/)"
66.249.73.72 - - [04/Apr/2013:21:41:09 -0500] "GET /pdf/coins_new.pdf HTTP/1.1" 404 - "-" "Mozilla/5.0 (compatible; Googlebot/2.1; +http://www.google.com/bot.html)"
174.129.237.157 - - [04/Apr/2013:21:44:33 -0500] "GET /robots.txt HTTP/1.0" 404 - "-" "ia_archiver (+http://www.alexa.com/site/help/webmasters; crawler@alexa.com)"
174.129.237.157 - - [04/Apr/2013:21:44:33 -0500] "GET / HTTP/1.0" 200 10628 "-" "ia_archiver (+http://www.alexa.com/site/help/webmasters; crawler@alexa.com)"
66.249.73.77 - - [04/Apr/2013:21:55:56 -0500] "GET /pdf/ready_set_go.pdf HTTP/1.1" 200 208616 "-" "Mozilla/5.0 (compatible; Googlebot/2.1; +http://www.google.com/bot.html)"
54.235.14.122 - - [04/Apr/2013:22:09:50 -0500] "GET /java_for_joes/index.html HTTP/1.1" 404 - "-" "Mozilla/5.0 (compatible; Snipebot/1.0; +http://snipebot.com/bot.html)"
66.249.73.232 - - [04/Apr/2013:22:11:51 -0500] "GET / HTTP/1.1" 200 10628 "-" "SAMSUNG-SGH-E250/1.0 Profile/MIDP-2.0 Configuration/CLDC-1.1 UP.Browser/6.2.3.3.c.1.101 (GUI) MMP/2.0 (compatible; Googlebot-Mobile/2.1; +http://www.google.com/bot.html)"
38.101.148.120 - - [04/Apr/2013:22:21:33 -0500] "GET /robots.txt HTTP/1.1" 404 - "-" "Mozilla/5.0 (compatible; discoverybot/2.0; +http://discoveryengine.com/discoverybot.html)"
38.101.148.120 - - [04/Apr/2013:22:21:38 -0500] "GET /events.php HTTP/1.1" 200 6407 "-" "Mozilla/5.0 (compatible; discoverybot/2.0; +http://discoveryengine.com/discoverybot.html)"
91.207.9.226 - - [04/Apr/2013:23:02:17 -0500] "GET / HTTP/1.1" 200 10628 "http://nayra.ru/" "Mozilla/4.0 (compatible; MSIE 6.0; Windows NT 5.1; Maxthon; .NET CLR 1.1.4322)"
91.207.9.226 - - [04/Apr/2013:23:02:17 -0500] "GET / HTTP/1.1" 200 10628 "http://nayra.ru/" "Mozilla/4.0 (compatible; MSIE 6.0; Windows NT 5.1; Maxthon; .NET CLR 1.1.4322)"
91.207.9.226 - - [04/Apr/2013:23:02:18 -0500] "GET / HTTP/1.1" 200 10628 "http://nayra.ru/" "Mozilla/4.0 (compatible; MSIE 6.0; Windows NT 5.1; Maxthon; .NET CLR 1.1.4322)"
38.101.148.120 - - [05/Apr/2013:01:11:03 -0500] "GET /donate.php HTTP/1.1" 200 11699 "-" "Mozilla/5.0 (compatible; discoverybot/2.0; +http://discoveryengine.com/discoverybot.html)"
46.165.230.206 - - [05/Apr/2013:01:59:05 -0500] "GET /?dgcr=1 HTTP/1.1" 200 10628 "-" "Mozilla/5.0 (Windows NT 5.1; rv:19.0) Gecko/20100101 Firefox/19.0"
78.158.11.226 - - [05/Apr/2013:02:27:59 -0500] "GET / HTTP/1.1" 200 10628 "http://evuln.com/tools/malware-scanner/operationspokaneheroes.org/" "Lynx/2.8.5rel.1 libwww-FM/2.15FC SSL-MM/1.4.1c OpenSSL/0.9.7e-dev"
78.158.11.226 - - [05/Apr/2013:02:28:00 -0500] "GET / HTTP/1.1" 200 10628 "http://www.google.com/url?sa=t&rct=j&q=operationspokaneheroes.org&source=web&cd=5&ved=0CF0QFjAE&url=http:%2F%2Foperationspokaneheroes.org%2F&cad=rja" "Lynx/2.8.5rel.1 libwww-FM/2.15FC SSL-MM/1.4.1c OpenSSL/0.9.7e-dev"
78.158.11.226 - - [05/Apr/2013:02:28:00 -0500] "GET /contact.php HTTP/1.1" 200 10519 "http://operationspokaneheroes.org/" "Lynx/2.8.5rel.1 libwww-FM/2.15FC SSL-MM/1.4.1c OpenSSL/0.9.7e-dev"
78.158.11.226 - - [05/Apr/2013:02:28:01 -0500] "GET /slider/index.html HTTP/1.1" 200 3205 "-" "Lynx/2.8.5rel.1 libwww-FM/2.15FC SSL-MM/1.4.1c OpenSSL/0.9.7e-dev"
66.249.73.74 - - [05/Apr/2013:02:58:30 -0500] "GET /pdf/2013%20-%20Women%20Warriors%20and%20the%20Cowgirls%20Flyer.pdf HTTP/1.1" 200 379297 "-" "Mozilla/5.0 (compatible; Googlebot/2.1; +http://www.google.com/bot.html)"
66.249.73.208 - - [05/Apr/2013:03:07:42 -0500] "GET /_inc/contact.php HTTP/1.1" 200 756 "-" "Mozilla/5.0 (compatible; Googlebot/2.1; +http://www.google.com/bot.html)"
180.76.6.35 - - [05/Apr/2013:03:08:03 -0500] "GET /java_for_joes/index.html HTTP/1.1" 404 - "-" "Mozilla/5.0 (compatible; Baiduspider/2.0; +http://www.baidu.com/search/spider.html)"
66.249.73.5 - - [05/Apr/2013:03:08:32 -0500] "GET /pdf/Operation%20Wings%20of%20Hope.pdf HTTP/1.1" 200 52094 "-" "Mozilla/5.0 (compatible; Googlebot/2.1; +http://www.google.com/bot.html)"
91.207.4.186 - - [05/Apr/2013:04:53:25 -0500] "GET / HTTP/1.1" 200 10628 "http://danelkon.net/" "Mozilla/4.0 (compatible; MSIE 6.0; Windows NT 5.1; Maxthon; .NET CLR 1.1.4322)"
91.207.4.186 - - [05/Apr/2013:04:53:26 -0500] "GET / HTTP/1.1" 200 10628 "http://danelkon.net/" "Mozilla/4.0 (compatible; MSIE 6.0; Windows NT 5.1; Maxthon; .NET CLR 1.1.4322)"
38.101.148.120 - - [05/Apr/2013:05:01:53 -0500] "GET /calendar.php HTTP/1.1" 200 10644 "-" "Mozilla/5.0 (compatible; discoverybot/2.0; +http://discoveryengine.com/discoverybot.html)"
180.76.6.16 - - [05/Apr/2013:05:19:32 -0500] "GET /robots.txt HTTP/1.1" 404 - "-" "Mozilla/5.0 (Windows NT 5.1; rv:6.0.2) Gecko/20100101 Firefox/6.0.2"
193.106.136.44 - - [05/Apr/2013:05:20:53 -0500] "GET / HTTP/1.1" 200 10628 "http://x-freelance.com/" "Mozilla/4.0 (compatible; MSIE 6.0; Windows NT 5.1; Maxthon; .NET CLR 1.1.4322)"
193.106.136.44 - - [05/Apr/2013:05:20:53 -0500] "GET / HTTP/1.1" 200 10628 "http://x-freelance.com/" "Mozilla/4.0 (compatible; MSIE 6.0; Windows NT 5.1; Maxthon; .NET CLR 1.1.4322)"
66.249.73.208 - - [05/Apr/2013:05:24:30 -0500] "GET / HTTP/1.1" 200 10628 "-" "DoCoMo/2.0 N905i(c100;TB;W24H16) (compatible; Googlebot-Mobile/2.1; +http://www.google.com/bot.html)"
46.118.119.252 - - [05/Apr/2013:05:49:09 -0500] "GET / HTTP/1.1" 200 10628 "http://www.spatex.ru/" "Mozilla/4.0 (compatible; MSIE 5.5; Windows NT 5.0; T312461)"
46.118.119.252 - - [05/Apr/2013:05:49:09 -0500] "GET / HTTP/1.1" 200 10628 "http://www.mart-an.ru/" "Mozilla/4.0 (compatible; MSIE 5.5; Windows NT 5.0; T312461)"
46.118.119.252 - - [05/Apr/2013:05:49:10 -0500] "GET / HTTP/1.1" 200 10628 "http://www.spatex.ru/" "Mozilla/4.0 (compatible; MSIE 5.5; Windows NT 5.0; T312461)"
46.118.119.252 - - [05/Apr/2013:05:49:10 -0500] "GET / HTTP/1.1" 200 10628 "http://www.mart-an.ru/" "Mozilla/4.0 (compatible; MSIE 5.5; Windows NT 5.0; T312461)"
46.118.119.252 - - [05/Apr/2013:05:49:10 -0500] "GET / HTTP/1.1" 200 10628 "http://www.spatex.ru/" "Mozilla/4.0 (compatible; MSIE 5.5; Windows NT 5.0; T312461)"
