65.52.109.151 - - [31/Dec/2011:05:14:02 -0600] "GET /robots.txt HTTP/1.1" 404 - "-" "Mozilla/5.0 (compatible; bingbot/2.0; +http://www.bing.com/bingbot.htm)"
65.52.109.151 - - [31/Dec/2011:05:17:23 -0600] "GET /_inc/slide.php HTTP/1.1" 200 3098 "-" "Mozilla/5.0 (compatible; bingbot/2.0; +http://www.bing.com/bingbot.htm)"
123.125.71.104 - - [31/Dec/2011:05:48:51 -0600] "GET /robots.txt HTTP/1.1" 404 - "-" "Baiduspider+(+http://www.baidu.com/search/spider.htm)"
77.88.29.247 - - [31/Dec/2011:05:56:26 -0600] "GET /pdf/9-11%20Coin%20order%20form.pdf HTTP/1.1" 200 99241 "-" "Mozilla/5.0 (compatible; YandexBot/3.0; +http://yandex.com/bots)"
77.88.29.247 - - [31/Dec/2011:08:30:47 -0600] "GET /pdf/9112001coin.pdf HTTP/1.1" 200 313602 "-" "Mozilla/5.0 (compatible; YandexBot/3.0; +http://yandex.com/bots)"
157.55.39.225 - - [31/Dec/2011:08:40:14 -0600] "GET /robots.txt HTTP/1.1" 404 - "-" "msnbot/2.0b (+http://search.msn.com/msnbot.htm)._"
157.55.39.225 - - [31/Dec/2011:08:40:15 -0600] "GET / HTTP/1.1" 200 10292 "-" "msnbot/2.0b (+http://search.msn.com/msnbot.htm)._"
77.88.29.247 - - [31/Dec/2011:09:36:57 -0600] "GET /mission.php HTTP/1.1" 200 7049 "-" "Mozilla/5.0 (compatible; YandexBot/3.0; +http://yandex.com/bots)"
65.52.108.58 - - [31/Dec/2011:11:02:56 -0600] "GET /robots.txt HTTP/1.1" 404 - "-" "Mozilla/5.0 (compatible; bingbot/2.0; +http://www.bing.com/bingbot.htm)"
65.52.108.58 - - [31/Dec/2011:11:05:27 -0600] "GET /resources.php HTTP/1.1" 404 - "-" "Mozilla/5.0 (compatible; bingbot/2.0; +http://www.bing.com/bingbot.htm)"
65.52.108.58 - - [31/Dec/2011:11:51:32 -0600] "GET /robots.txt HTTP/1.1" 404 - "-" "Mozilla/5.0 (compatible; bingbot/2.0; +http://www.bing.com/bingbot.htm)"
65.52.108.58 - - [31/Dec/2011:11:53:12 -0600] "GET /pdf/wreath_across_america.pdf HTTP/1.1" 200 134573 "-" "Mozilla/5.0 (compatible; bingbot/2.0; +http://www.bing.com/bingbot.htm)"
77.88.29.247 - - [31/Dec/2011:12:35:53 -0600] "GET /employers.php HTTP/1.1" 200 5325 "-" "Mozilla/5.0 (compatible; YandexBot/3.0; +http://yandex.com/bots)"
180.76.5.60 - - [31/Dec/2011:14:41:56 -0600] "GET /robots.txt HTTP/1.1" 404 - "-" "Baiduspider+(+http://www.baidu.com/search/spider.htm)"
77.88.29.247 - - [31/Dec/2011:14:50:30 -0600] "GET / HTTP/1.1" 200 10292 "-" "Mozilla/5.0 (compatible; YandexBot/3.0; +http://yandex.com/bots)"
77.88.29.247 - - [31/Dec/2011:14:50:34 -0600] "GET /pdf/veteran_benefits.pdf HTTP/1.1" 304 - "-" "Mozilla/5.0 (compatible; YandexBot/3.0; +http://yandex.com/bots)"
77.88.29.247 - - [31/Dec/2011:14:50:40 -0600] "GET /events/lilac_parade/lilac_parade.html HTTP/1.1" 200 3084 "-" "Mozilla/5.0 (compatible; YandexBot/3.0; +http://yandex.com/bots)"
77.88.29.247 - - [31/Dec/2011:14:50:44 -0600] "GET /contact.php HTTP/1.1" 200 5628 "-" "Mozilla/5.0 (compatible; YandexBot/3.0; +http://yandex.com/bots)"
77.88.29.247 - - [31/Dec/2011:14:59:39 -0600] "GET /events/care_package/care.html HTTP/1.1" 200 3294 "-" "Mozilla/5.0 (compatible; YandexBot/3.0; +http://yandex.com/bots)"
132.3.65.68 - - [31/Dec/2011:15:36:21 -0600] "GET /pdf/OSH%20Gift%20Cards%202011%20Media%20Advisory.pdf HTTP/1.1" 200 31888 "-" "Mozilla/4.0 (compatible;)"
157.55.39.225 - - [31/Dec/2011:19:08:40 -0600] "GET /index.php HTTP/1.1" 200 10292 "-" "msnbot/2.0b (+http://search.msn.com/msnbot.htm)._"
157.55.39.225 - - [31/Dec/2011:19:08:42 -0600] "GET /wedo.php HTTP/1.1" 200 6622 "-" "msnbot/2.0b (+http://search.msn.com/msnbot.htm)._"
157.55.39.225 - - [31/Dec/2011:19:08:43 -0600] "GET /calendar.php HTTP/1.1" 200 5395 "-" "msnbot/2.0b (+http://search.msn.com/msnbot.htm)._"
157.55.39.225 - - [31/Dec/2011:19:08:46 -0600] "GET /contact.php HTTP/1.1" 200 5628 "-" "msnbot/2.0b (+http://search.msn.com/msnbot.htm)._"
157.55.39.225 - - [31/Dec/2011:19:08:48 -0600] "GET /business_discount.php HTTP/1.1" 200 5779 "-" "msnbot/2.0b (+http://search.msn.com/msnbot.htm)._"
157.55.39.225 - - [31/Dec/2011:19:08:50 -0600] "GET /mission.php HTTP/1.1" 200 7049 "-" "msnbot/2.0b (+http://search.msn.com/msnbot.htm)._"
157.55.39.225 - - [31/Dec/2011:19:08:51 -0600] "GET /benefits.php HTTP/1.1" 200 5679 "-" "msnbot/2.0b (+http://search.msn.com/msnbot.htm)._"
208.115.111.70 - - [31/Dec/2011:20:41:54 -0600] "GET /robots.txt HTTP/1.1" 404 - "-" "Mozilla/5.0 (compatible; Ezooms/1.0; ezooms.bot@gmail.com)"
208.115.111.70 - - [31/Dec/2011:20:47:50 -0600] "GET /java_for_joes/index.html HTTP/1.1" 404 - "-" "Mozilla/5.0 (compatible; Ezooms/1.0; ezooms.bot@gmail.com)"
123.125.71.84 - - [31/Dec/2011:21:58:03 -0600] "GET / HTTP/1.1" 200 10292 "-" "Mozilla/5.0 (compatible; Baiduspider/2.0; +http://www.baidu.com/search/spider.html)"
66.249.71.15 - - [01/Jan/2012:04:03:00 -0600] "GET /robots.txt HTTP/1.1" 404 - "-" "Mozilla/5.0 (compatible; Googlebot/2.1; +http://www.google.com/bot.html)"
66.249.71.15 - - [01/Jan/2012:04:03:01 -0600] "GET /pdf/9-11%20Coin%20order%20form.pdf HTTP/1.1" 200 99241 "-" "Mozilla/5.0 (compatible; Googlebot/2.1; +http://www.google.com/bot.html)"
66.249.71.15 - - [01/Jan/2012:05:20:01 -0600] "GET /_inc/slide.php HTTP/1.1" 200 3098 "-" "Mozilla/5.0 (compatible; Googlebot/2.1; +http://www.google.com/bot.html)"
123.125.71.39 - - [01/Jan/2012:05:43:37 -0600] "GET /calendar.php HTTP/1.1" 200 5395 "-" "Mozilla/5.0 (compatible; Baiduspider/2.0; +http://www.baidu.com/search/spider.html)"
220.181.125.71 - - [01/Jan/2012:05:47:07 -0600] "GET / HTTP/1.1" 200 10292 "-" "Sogou web spider/4.0(+http://www.sogou.com/docs/help/webmasters.htm#07)"
66.249.71.15 - - [01/Jan/2012:06:49:24 -0600] "GET /join/ HTTP/1.1" 404 - "-" "Mozilla/5.0 (compatible; Googlebot/2.1; +http://www.google.com/bot.html)"
180.76.5.147 - - [01/Jan/2012:07:15:00 -0600] "GET /index.php HTTP/1.1" 200 10292 "-" "Mozilla/5.0 (compatible; Baiduspider/2.0; +http://www.baidu.com/search/spider.html)"
180.76.6.225 - - [01/Jan/2012:07:15:01 -0600] "GET / HTTP/1.1" 200 10292 "-" "Mozilla/5.0 (compatible; Baiduspider/2.0; +http://www.baidu.com/search/spider.html)"
157.55.39.225 - - [01/Jan/2012:07:57:19 -0600] "GET /robots.txt HTTP/1.1" 404 - "-" "msnbot/2.0b (+http://search.msn.com/msnbot.htm)._"
157.55.39.225 - - [01/Jan/2012:07:57:19 -0600] "GET / HTTP/1.1" 200 10292 "-" "msnbot/2.0b (+http://search.msn.com/msnbot.htm)._"
66.249.71.15 - - [01/Jan/2012:07:58:56 -0600] "GET /_inc/contact.php HTTP/1.1" 200 756 "-" "Mozilla/5.0 (compatible; Googlebot/2.1; +http://www.google.com/bot.html)"
65.52.110.147 - - [01/Jan/2012:08:06:11 -0600] "GET /robots.txt HTTP/1.1" 404 - "-" "Mozilla/5.0 (compatible; bingbot/2.0; +http://www.bing.com/bingbot.htm)"
65.52.110.147 - - [01/Jan/2012:08:07:35 -0600] "GET / HTTP/1.1" 200 10292 "-" "Mozilla/5.0 (compatible; bingbot/2.0; +http://www.bing.com/bingbot.htm)"
65.52.109.151 - - [01/Jan/2012:09:55:25 -0600] "GET /robots.txt HTTP/1.1" 404 - "-" "Mozilla/5.0 (compatible; bingbot/2.0; +http://www.bing.com/bingbot.htm)"
207.46.204.164 - - [01/Jan/2012:10:10:19 -0600] "GET /events/lilac_parade/lilac_parade.html HTTP/1.1" 200 3084 "-" "Mozilla/5.0 (Windows NT 6.1; WOW64) AppleWebKit/534+ (KHTML, like Gecko)"
207.46.204.164 - - [01/Jan/2012:10:10:19 -0600] "GET /events/lilac_parade/js/jquery.movingboxes.min.js HTTP/1.1" 200 4663 "http://operationspokaneheroes.org/events/lilac_parade/lilac_parade.html" "Mozilla/5.0 (Windows NT 6.1; WOW64) AppleWebKit/534+ (KHTML, like Gecko)"
65.52.109.151 - - [01/Jan/2012:10:11:24 -0600] "GET /events/lilac_parade/lilac_parade.html HTTP/1.1" 304 - "-" "Mozilla/5.0 (compatible; bingbot/2.0; +http://www.bing.com/bingbot.htm)"
208.115.113.86 - - [01/Jan/2012:10:41:36 -0600] "GET /robots.txt HTTP/1.1" 404 - "-" "Mozilla/5.0 (compatible; Ezooms/1.0; ezooms.bot@gmail.com)"
180.76.5.164 - - [01/Jan/2012:10:54:52 -0600] "GET / HTTP/1.1" 200 10292 "-" "Mozilla/5.0 (compatible; Baiduspider/2.0; +http://www.baidu.com/search/spider.html)"
123.125.71.86 - - [01/Jan/2012:11:37:04 -0600] "GET /sys_cpanel/images/apache_pb.gif HTTP/1.1" 200 2326 "-" "Baiduspider-image+(+http://www.baidu.com/search/spider.htm)"
208.115.113.86 - - [01/Jan/2012:11:40:32 -0600] "GET /employers.php HTTP/1.1" 200 5325 "-" "Mozilla/5.0 (compatible; Ezooms/1.0; ezooms.bot@gmail.com)"
77.88.29.247 - - [01/Jan/2012:12:52:30 -0600] "GET /robots.txt HTTP/1.1" 404 - "-" "Mozilla/5.0 (compatible; YandexBot/3.0; +http://yandex.com/bots)"
157.55.39.225 - - [01/Jan/2012:12:59:05 -0600] "GET /employers.php HTTP/1.1" 200 5325 "-" "msnbot/2.0b (+http://search.msn.com/msnbot.htm)._"
66.249.71.15 - - [01/Jan/2012:14:10:19 -0600] "GET /java_for_joes/index.html HTTP/1.1" 404 - "-" "Mozilla/5.0 (compatible; Googlebot/2.1; +http://www.google.com/bot.html)"
77.88.29.247 - - [01/Jan/2012:14:16:50 -0600] "GET /events/vet_picnic/vet_picnic.html HTTP/1.1" 200 3163 "-" "Mozilla/5.0 (compatible; YandexBot/3.0; +http://yandex.com/bots)"
123.125.71.99 - - [01/Jan/2012:14:41:29 -0600] "GET / HTTP/1.1" 200 10292 "-" "Mozilla/5.0 (compatible; Baiduspider/2.0; +http://www.baidu.com/search/spider.html)"
65.52.104.88 - - [01/Jan/2012:15:41:17 -0600] "GET /robots.txt HTTP/1.1" 404 - "-" "Mozilla/5.0 (compatible; bingbot/2.0; +http://www.bing.com/bingbot.htm)"
180.76.5.96 - - [01/Jan/2012:16:53:03 -0600] "GET /index.php HTTP/1.1" 200 10292 "-" "Mozilla/5.0 (compatible; Baiduspider/2.0; +http://www.baidu.com/search/spider.html)"
180.76.6.26 - - [01/Jan/2012:16:53:04 -0600] "GET / HTTP/1.1" 200 10292 "-" "Mozilla/5.0 (compatible; Baiduspider/2.0; +http://www.baidu.com/search/spider.html)"
174.133.91.136 - - [01/Jan/2012:17:09:49 -0600] "GET //cgi-bin/awstats-6.4/awstats.pl?&PluginMode=:print+system(\"uname -a;id\");+ HTTP/1.1" 404 - "-" "Mozilla/4.0 (compatible; MSIE 6.0; Windows 98)"
65.52.110.153 - - [01/Jan/2012:20:16:55 -0600] "GET /robots.txt HTTP/1.1" 404 - "-" "Mozilla/5.0 (compatible; bingbot/2.0; +http://www.bing.com/bingbot.htm)"
65.52.110.153 - - [01/Jan/2012:20:17:58 -0600] "GET /business.php HTTP/1.1" 200 18068 "-" "Mozilla/5.0 (compatible; bingbot/2.0; +http://www.bing.com/bingbot.htm)"
59.106.141.140 - - [01/Jan/2012:20:33:36 -0600] "GET /muieblackcat HTTP/1.1" 404 - "-" "-"
59.106.141.140 - - [01/Jan/2012:20:33:36 -0600] "GET //scripts/setup.php HTTP/1.1" 404 - "-" "-"
59.106.141.140 - - [01/Jan/2012:20:33:37 -0600] "GET //admin/scripts/setup.php HTTP/1.1" 404 - "-" "-"
59.106.141.140 - - [01/Jan/2012:20:33:37 -0600] "GET //admin/pma/scripts/setup.php HTTP/1.1" 404 - "-" "-"
59.106.141.140 - - [01/Jan/2012:20:33:37 -0600] "GET //admin/phpmyadmin/scripts/setup.php HTTP/1.1" 404 - "-" "-"
59.106.141.140 - - [01/Jan/2012:20:33:38 -0600] "GET //db/scripts/setup.php HTTP/1.1" 404 - "-" "-"
59.106.141.140 - - [01/Jan/2012:20:33:39 -0600] "GET //dbadmin/scripts/setup.php HTTP/1.1" 404 - "-" "-"
59.106.141.140 - - [01/Jan/2012:20:33:39 -0600] "GET //myadmin/scripts/setup.php HTTP/1.1" 404 - "-" "-"
59.106.141.140 - - [01/Jan/2012:20:33:40 -0600] "GET //mysql/scripts/setup.php HTTP/1.1" 404 - "-" "-"
59.106.141.140 - - [01/Jan/2012:20:33:40 -0600] "GET //mysqladmin/scripts/setup.php HTTP/1.1" 404 - "-" "-"
59.106.141.140 - - [01/Jan/2012:20:33:40 -0600] "GET //typo3/phpmyadmin/scripts/setup.php HTTP/1.1" 404 - "-" "-"
59.106.141.140 - - [01/Jan/2012:20:33:41 -0600] "GET //phpadmin/scripts/setup.php HTTP/1.1" 404 - "-" "-"
59.106.141.140 - - [01/Jan/2012:20:33:41 -0600] "GET //phpMyAdmin/scripts/setup.php HTTP/1.1" 404 - "-" "-"
59.106.141.140 - - [01/Jan/2012:20:33:41 -0600] "GET //phpmyadmin/scripts/setup.php HTTP/1.1" 404 - "-" "-"
59.106.141.140 - - [01/Jan/2012:20:33:45 -0600] "GET //phpmyadmin2/scripts/setup.php HTTP/1.1" 404 - "-" "-"
59.106.141.140 - - [01/Jan/2012:20:33:45 -0600] "GET //pma/scripts/setup.php HTTP/1.1" 404 - "-" "-"
59.106.141.140 - - [01/Jan/2012:20:33:45 -0600] "GET //web/phpMyAdmin/scripts/setup.php HTTP/1.1" 404 - "-" "-"
59.106.141.140 - - [01/Jan/2012:20:33:46 -0600] "GET //xampp/phpmyadmin/scripts/setup.php HTTP/1.1" 404 - "-" "-"
59.106.141.140 - - [01/Jan/2012:20:33:46 -0600] "GET //web/scripts/setup.php HTTP/1.1" 404 - "-" "-"
59.106.141.140 - - [01/Jan/2012:20:33:46 -0600] "GET //php-my-admin/scripts/setup.php HTTP/1.1" 404 - "-" "-"
59.106.141.140 - - [01/Jan/2012:20:33:47 -0600] "GET //websql/scripts/setup.php HTTP/1.1" 404 - "-" "-"
59.106.141.140 - - [01/Jan/2012:20:33:47 -0600] "GET //phpmyadmin/scripts/setup.php HTTP/1.1" 404 - "-" "-"
59.106.141.140 - - [01/Jan/2012:20:33:47 -0600] "GET //phpMyAdmin/scripts/setup.php HTTP/1.1" 404 - "-" "-"
59.106.141.140 - - [01/Jan/2012:20:33:48 -0600] "GET //phpMyAdmin-2/scripts/setup.php HTTP/1.1" 404 - "-" "-"
59.106.141.140 - - [01/Jan/2012:20:33:48 -0600] "GET //php-my-admin/scripts/setup.php HTTP/1.1" 404 - "-" "-"
59.106.141.140 - - [01/Jan/2012:20:33:48 -0600] "GET //phpMyAdmin-2.2.3/scripts/setup.php HTTP/1.1" 404 - "-" "-"
59.106.141.140 - - [01/Jan/2012:20:33:49 -0600] "GET //phpMyAdmin-2.2.6/scripts/setup.php HTTP/1.1" 404 - "-" "-"
59.106.141.140 - - [01/Jan/2012:20:33:49 -0600] "GET //phpMyAdmin-2.5.1/scripts/setup.php HTTP/1.1" 404 - "-" "-"
59.106.141.140 - - [01/Jan/2012:20:33:49 -0600] "GET //phpMyAdmin-2.5.4/scripts/setup.php HTTP/1.1" 404 - "-" "-"
59.106.141.140 - - [01/Jan/2012:20:33:50 -0600] "GET //phpMyAdmin-2.5.5-rc1/scripts/setup.php HTTP/1.1" 404 - "-" "-"
59.106.141.140 - - [01/Jan/2012:20:33:50 -0600] "GET //phpMyAdmin-2.5.5-rc2/scripts/setup.php HTTP/1.1" 404 - "-" "-"
59.106.141.140 - - [01/Jan/2012:20:33:50 -0600] "GET //phpMyAdmin-2.5.5/scripts/setup.php HTTP/1.1" 404 - "-" "-"
59.106.141.140 - - [01/Jan/2012:20:33:51 -0600] "GET //phpMyAdmin-2.5.5-pl1/scripts/setup.php HTTP/1.1" 404 - "-" "-"
59.106.141.140 - - [01/Jan/2012:20:33:51 -0600] "GET //phpMyAdmin-2.5.6-rc1/scripts/setup.php HTTP/1.1" 404 - "-" "-"
59.106.141.140 - - [01/Jan/2012:20:33:51 -0600] "GET //phpMyAdmin-2.5.6-rc2/scripts/setup.php HTTP/1.1" 404 - "-" "-"
59.106.141.140 - - [01/Jan/2012:20:33:51 -0600] "GET //phpMyAdmin-2.5.6/scripts/setup.php HTTP/1.1" 404 - "-" "-"
59.106.141.140 - - [01/Jan/2012:20:33:52 -0600] "GET //phpMyAdmin-2.5.7/scripts/setup.php HTTP/1.1" 404 - "-" "-"
59.106.141.140 - - [01/Jan/2012:20:33:52 -0600] "GET //phpMyAdmin-2.5.7-pl1/scripts/setup.php HTTP/1.1" 404 - "-" "-"
59.106.141.140 - - [01/Jan/2012:20:33:52 -0600] "GET //phpMyAdmin-2.6.0-alpha/scripts/setup.php HTTP/1.1" 404 - "-" "-"
59.106.141.140 - - [01/Jan/2012:20:33:53 -0600] "GET //phpMyAdmin-2.6.0-alpha2/scripts/setup.php HTTP/1.1" 404 - "-" "-"
59.106.141.140 - - [01/Jan/2012:20:33:53 -0600] "GET //phpMyAdmin-2.6.0-beta1/scripts/setup.php HTTP/1.1" 404 - "-" "-"
59.106.141.140 - - [01/Jan/2012:20:33:53 -0600] "GET //phpMyAdmin-2.6.0-beta2/scripts/setup.php HTTP/1.1" 404 - "-" "-"
59.106.141.140 - - [01/Jan/2012:20:33:54 -0600] "GET //phpMyAdmin-2.6.0-rc1/scripts/setup.php HTTP/1.1" 404 - "-" "-"
59.106.141.140 - - [01/Jan/2012:20:33:54 -0600] "GET //phpMyAdmin-2.6.0-rc2/scripts/setup.php HTTP/1.1" 404 - "-" "-"
59.106.141.140 - - [01/Jan/2012:20:33:54 -0600] "GET //phpMyAdmin-2.6.0-rc3/scripts/setup.php HTTP/1.1" 404 - "-" "-"
59.106.141.140 - - [01/Jan/2012:20:33:55 -0600] "GET //phpMyAdmin-2.6.0/scripts/setup.php HTTP/1.1" 404 - "-" "-"
59.106.141.140 - - [01/Jan/2012:20:33:55 -0600] "GET //phpMyAdmin-2.6.0-pl1/scripts/setup.php HTTP/1.1" 404 - "-" "-"
59.106.141.140 - - [01/Jan/2012:20:33:55 -0600] "GET //phpMyAdmin-2.6.0-pl2/scripts/setup.php HTTP/1.1" 404 - "-" "-"
59.106.141.140 - - [01/Jan/2012:20:33:56 -0600] "GET //phpMyAdmin-2.6.0-pl3/scripts/setup.php HTTP/1.1" 404 - "-" "-"
59.106.141.140 - - [01/Jan/2012:20:33:56 -0600] "GET //phpMyAdmin-2.6.1-rc1/scripts/setup.php HTTP/1.1" 404 - "-" "-"
59.106.141.140 - - [01/Jan/2012:20:33:56 -0600] "GET //phpMyAdmin-2.6.1-rc2/scripts/setup.php HTTP/1.1" 404 - "-" "-"
59.106.141.140 - - [01/Jan/2012:20:33:57 -0600] "GET //phpMyAdmin-2.6.1/scripts/setup.php HTTP/1.1" 404 - "-" "-"
59.106.141.140 - - [01/Jan/2012:20:33:57 -0600] "GET //phpMyAdmin-2.6.1-pl1/scripts/setup.php HTTP/1.1" 404 - "-" "-"
59.106.141.140 - - [01/Jan/2012:20:33:57 -0600] "GET //phpMyAdmin-2.6.1-pl2/scripts/setup.php HTTP/1.1" 404 - "-" "-"
59.106.141.140 - - [01/Jan/2012:20:33:58 -0600] "GET //phpMyAdmin-2.6.1-pl3/scripts/setup.php HTTP/1.1" 404 - "-" "-"
59.106.141.140 - - [01/Jan/2012:20:33:58 -0600] "GET //phpMyAdmin-2.6.2-rc1/scripts/setup.php HTTP/1.1" 404 - "-" "-"
59.106.141.140 - - [01/Jan/2012:20:33:58 -0600] "GET //phpMyAdmin-2.6.2-beta1/scripts/setup.php HTTP/1.1" 404 - "-" "-"
59.106.141.140 - - [01/Jan/2012:20:33:59 -0600] "GET //phpMyAdmin-2.6.2-rc1/scripts/setup.php HTTP/1.1" 404 - "-" "-"
59.106.141.140 - - [01/Jan/2012:20:33:59 -0600] "GET //phpMyAdmin-2.6.2/scripts/setup.php HTTP/1.1" 404 - "-" "-"
59.106.141.140 - - [01/Jan/2012:20:33:59 -0600] "GET //phpMyAdmin-2.6.2-pl1/scripts/setup.php HTTP/1.1" 404 - "-" "-"
59.106.141.140 - - [01/Jan/2012:20:34:00 -0600] "GET //phpMyAdmin-2.6.3/scripts/setup.php HTTP/1.1" 404 - "-" "-"
59.106.141.140 - - [01/Jan/2012:20:34:00 -0600] "GET //phpMyAdmin-2.6.3-rc1/scripts/setup.php HTTP/1.1" 404 - "-" "-"
59.106.141.140 - - [01/Jan/2012:20:34:00 -0600] "GET //phpMyAdmin-2.6.3/scripts/setup.php HTTP/1.1" 404 - "-" "-"
59.106.141.140 - - [01/Jan/2012:20:34:01 -0600] "GET //phpMyAdmin-2.6.3-pl1/scripts/setup.php HTTP/1.1" 404 - "-" "-"
59.106.141.140 - - [01/Jan/2012:20:34:01 -0600] "GET //phpMyAdmin-2.6.4-rc1/scripts/setup.php HTTP/1.1" 404 - "-" "-"
59.106.141.140 - - [01/Jan/2012:20:34:01 -0600] "GET //phpMyAdmin-2.6.4-pl1/scripts/setup.php HTTP/1.1" 404 - "-" "-"
59.106.141.140 - - [01/Jan/2012:20:34:02 -0600] "GET //phpMyAdmin-2.6.4-pl2/scripts/setup.php HTTP/1.1" 404 - "-" "-"
59.106.141.140 - - [01/Jan/2012:20:34:02 -0600] "GET //phpMyAdmin-2.6.4-pl3/scripts/setup.php HTTP/1.1" 404 - "-" "-"
59.106.141.140 - - [01/Jan/2012:20:34:02 -0600] "GET //phpMyAdmin-2.6.4-pl4/scripts/setup.php HTTP/1.1" 404 - "-" "-"
59.106.141.140 - - [01/Jan/2012:20:34:03 -0600] "GET //phpMyAdmin-2.6.4/scripts/setup.php HTTP/1.1" 404 - "-" "-"
59.106.141.140 - - [01/Jan/2012:20:34:03 -0600] "GET //phpMyAdmin-2.7.0-beta1/scripts/setup.php HTTP/1.1" 404 - "-" "-"
59.106.141.140 - - [01/Jan/2012:20:34:03 -0600] "GET //phpMyAdmin-2.7.0-rc1/scripts/setup.php HTTP/1.1" 404 - "-" "-"
59.106.141.140 - - [01/Jan/2012:20:34:04 -0600] "GET //phpMyAdmin-2.7.0-pl1/scripts/setup.php HTTP/1.1" 404 - "-" "-"
59.106.141.140 - - [01/Jan/2012:20:34:04 -0600] "GET //phpMyAdmin-2.7.0-pl2/scripts/setup.php HTTP/1.1" 404 - "-" "-"
59.106.141.140 - - [01/Jan/2012:20:34:04 -0600] "GET //phpMyAdmin-2.7.0/scripts/setup.php HTTP/1.1" 404 - "-" "-"
59.106.141.140 - - [01/Jan/2012:20:34:05 -0600] "GET //phpMyAdmin-2.8.0-beta1/scripts/setup.php HTTP/1.1" 404 - "-" "-"
59.106.141.140 - - [01/Jan/2012:20:34:05 -0600] "GET //phpMyAdmin-2.8.0-rc1/scripts/setup.php HTTP/1.1" 404 - "-" "-"
59.106.141.140 - - [01/Jan/2012:20:34:05 -0600] "GET //phpMyAdmin-2.8.0-rc2/scripts/setup.php HTTP/1.1" 404 - "-" "-"
59.106.141.140 - - [01/Jan/2012:20:34:06 -0600] "GET //phpMyAdmin-2.8.0/scripts/setup.php HTTP/1.1" 404 - "-" "-"
59.106.141.140 - - [01/Jan/2012:20:34:06 -0600] "GET //phpMyAdmin-2.8.0.1/scripts/setup.php HTTP/1.1" 404 - "-" "-"
59.106.141.140 - - [01/Jan/2012:20:34:06 -0600] "GET //phpMyAdmin-2.8.0.2/scripts/setup.php HTTP/1.1" 404 - "-" "-"
59.106.141.140 - - [01/Jan/2012:20:34:06 -0600] "GET //phpMyAdmin-2.8.0.3/scripts/setup.php HTTP/1.1" 404 - "-" "-"
59.106.141.140 - - [01/Jan/2012:20:34:07 -0600] "GET //phpMyAdmin-2.8.0.4/scripts/setup.php HTTP/1.1" 404 - "-" "-"
59.106.141.140 - - [01/Jan/2012:20:34:07 -0600] "GET //phpMyAdmin-2.8.1-rc1/scripts/setup.php HTTP/1.1" 404 - "-" "-"
59.106.141.140 - - [01/Jan/2012:20:34:07 -0600] "GET //phpMyAdmin-2.8.1/scripts/setup.php HTTP/1.1" 404 - "-" "-"
59.106.141.140 - - [01/Jan/2012:20:34:08 -0600] "GET //phpMyAdmin-2.8.2/scripts/setup.php HTTP/1.1" 404 - "-" "-"
59.106.141.140 - - [01/Jan/2012:20:34:08 -0600] "GET //sqlmanager/scripts/setup.php HTTP/1.1" 404 - "-" "-"
59.106.141.140 - - [01/Jan/2012:20:34:08 -0600] "GET //mysqlmanager/scripts/setup.php HTTP/1.1" 404 - "-" "-"
59.106.141.140 - - [01/Jan/2012:20:34:09 -0600] "GET //p/m/a/scripts/setup.php HTTP/1.1" 404 - "-" "-"
59.106.141.140 - - [01/Jan/2012:20:34:09 -0600] "GET //PMA2005/scripts/setup.php HTTP/1.1" 404 - "-" "-"
59.106.141.140 - - [01/Jan/2012:20:34:09 -0600] "GET //pma2005/scripts/setup.php HTTP/1.1" 404 - "-" "-"
59.106.141.140 - - [01/Jan/2012:20:34:10 -0600] "GET //phpmanager/scripts/setup.php HTTP/1.1" 404 - "-" "-"
59.106.141.140 - - [01/Jan/2012:20:34:10 -0600] "GET //php-myadmin/scripts/setup.php HTTP/1.1" 404 - "-" "-"
59.106.141.140 - - [01/Jan/2012:20:34:10 -0600] "GET //phpmy-admin/scripts/setup.php HTTP/1.1" 404 - "-" "-"
59.106.141.140 - - [01/Jan/2012:20:34:11 -0600] "GET //webadmin/scripts/setup.php HTTP/1.1" 404 - "-" "-"
59.106.141.140 - - [01/Jan/2012:20:34:11 -0600] "GET //sqlweb/scripts/setup.php HTTP/1.1" 404 - "-" "-"
59.106.141.140 - - [01/Jan/2012:20:34:11 -0600] "GET //websql/scripts/setup.php HTTP/1.1" 404 - "-" "-"
59.106.141.140 - - [01/Jan/2012:20:34:12 -0600] "GET //webdb/scripts/setup.php HTTP/1.1" 404 - "-" "-"
59.106.141.140 - - [01/Jan/2012:20:34:12 -0600] "GET //mysqladmin/scripts/setup.php HTTP/1.1" 404 - "-" "-"
59.106.141.140 - - [01/Jan/2012:20:34:12 -0600] "GET //mysql-admin/scripts/setup.php HTTP/1.1" 404 - "-" "-"
59.106.141.140 - - [01/Jan/2012:20:34:13 -0600] "GET //databaseadmin/scripts/setup.php HTTP/1.1" 404 - "-" "-"
59.106.141.140 - - [01/Jan/2012:20:34:13 -0600] "GET //admm/scripts/setup.php HTTP/1.1" 404 - "-" "-"
59.106.141.140 - - [01/Jan/2012:20:34:13 -0600] "GET //admn/scripts/setup.php HTTP/1.1" 404 - "-" "-"
77.20.40.31 - - [01/Jan/2012:21:11:12 -0600] "GET /robots.txt HTTP/1.1" 404 - "-" "findlinks/2.0.2 (+http://wortschatz.uni-leipzig.de/findlinks/)"
193.47.80.51 - - [01/Jan/2012:22:59:28 -0600] "GET /robots.txt HTTP/1.1" 404 - "-" "Mozilla/5.0 (compatible; Exabot/3.0; +http://www.exabot.com/go/robot)"
193.47.80.51 - - [01/Jan/2012:22:59:29 -0600] "GET / HTTP/1.1" 200 10292 "-" "Mozilla/5.0 (compatible; Exabot/3.0; +http://www.exabot.com/go/robot)"
77.88.29.247 - - [02/Jan/2012:02:37:23 -0600] "GET /business_discount.php HTTP/1.1" 200 5779 "-" "Mozilla/5.0 (compatible; YandexBot/3.0; +http://yandex.com/bots)"
66.249.71.15 - - [02/Jan/2012:03:07:29 -0600] "GET /robots.txt HTTP/1.1" 404 - "-" "Mozilla/5.0 (compatible; Googlebot/2.1; +http://www.google.com/bot.html)"
66.249.71.15 - - [02/Jan/2012:03:07:29 -0600] "GET /wedo.php HTTP/1.1" 200 6622 "-" "Mozilla/5.0 (compatible; Googlebot/2.1; +http://www.google.com/bot.html)"
66.249.71.15 - - [02/Jan/2012:03:18:40 -0600] "GET /employers.php HTTP/1.1" 200 5325 "-" "Mozilla/5.0 (compatible; Googlebot/2.1; +http://www.google.com/bot.html)"
123.125.71.24 - - [02/Jan/2012:04:50:20 -0600] "GET /calendar.php HTTP/1.1" 200 5395 "-" "Mozilla/5.0 (compatible; Baiduspider/2.0; +http://www.baidu.com/search/spider.html)"
157.55.39.225 - - [02/Jan/2012:07:25:35 -0600] "GET /robots.txt HTTP/1.1" 404 - "-" "msnbot/2.0b (+http://search.msn.com/msnbot.htm)._"
157.55.39.225 - - [02/Jan/2012:07:25:35 -0600] "GET / HTTP/1.1" 200 10292 "-" "msnbot/2.0b (+http://search.msn.com/msnbot.htm)._"
65.52.110.153 - - [02/Jan/2012:08:31:30 -0600] "GET /robots.txt HTTP/1.1" 404 - "-" "Mozilla/5.0 (compatible; bingbot/2.0; +http://www.bing.com/bingbot.htm)"
65.52.110.153 - - [02/Jan/2012:08:32:38 -0600] "GET /events.php HTTP/1.1" 404 - "-" "Mozilla/5.0 (compatible; bingbot/2.0; +http://www.bing.com/bingbot.htm)"
180.76.5.94 - - [02/Jan/2012:09:36:05 -0600] "GET / HTTP/1.1" 200 10292 "-" "Mozilla/5.0 (compatible; Baiduspider/2.0; +http://www.baidu.com/search/spider.html)"
77.88.29.247 - - [02/Jan/2012:11:29:55 -0600] "GET /robots.txt HTTP/1.1" 404 - "-" "Mozilla/5.0 (compatible; YandexBot/3.0; +http://yandex.com/bots)"
62.75.181.210 - - [02/Jan/2012:12:52:06 -0600] "GET / HTTP/1.0" 200 10292 "http://operationspokaneheroes.org/" "Mozilla/4.0 (compatible; MSIE 6.0; Windows NT 5.1; SV1; .NET CLR 1.1.4322; .NET CLR 2.0.50727)"
180.76.5.192 - - [02/Jan/2012:15:35:30 -0600] "GET /events/carousel_11/css/style.css HTTP/1.1" 200 1149 "-" "Mozilla/5.0 (compatible; Baiduspider/2.0; +http://www.baidu.com/search/spider.html)"
65.52.110.147 - - [02/Jan/2012:15:42:27 -0600] "GET /robots.txt HTTP/1.1" 404 - "-" "Mozilla/5.0 (compatible; bingbot/2.0; +http://www.bing.com/bingbot.htm)"
65.52.110.147 - - [02/Jan/2012:15:43:29 -0600] "GET /index.php HTTP/1.1" 200 10292 "-" "Mozilla/5.0 (compatible; bingbot/2.0; +http://www.bing.com/bingbot.htm)"
157.55.39.225 - - [02/Jan/2012:16:02:35 -0600] "GET /index.php HTTP/1.1" 200 10292 "-" "msnbot/2.0b (+http://search.msn.com/msnbot.htm)._"
157.55.39.225 - - [02/Jan/2012:16:02:36 -0600] "GET /wedo.php HTTP/1.1" 200 6622 "-" "msnbot/2.0b (+http://search.msn.com/msnbot.htm)._"
157.55.39.225 - - [02/Jan/2012:16:02:38 -0600] "GET /calendar.php HTTP/1.1" 200 5395 "-" "msnbot/2.0b (+http://search.msn.com/msnbot.htm)._"
157.55.39.225 - - [02/Jan/2012:16:02:39 -0600] "GET /business_discount.php HTTP/1.1" 200 5779 "-" "msnbot/2.0b (+http://search.msn.com/msnbot.htm)._"
157.55.39.225 - - [02/Jan/2012:16:02:41 -0600] "GET /contact.php HTTP/1.1" 200 5628 "-" "msnbot/2.0b (+http://search.msn.com/msnbot.htm)._"
157.55.39.225 - - [02/Jan/2012:16:02:42 -0600] "GET /employers.php HTTP/1.1" 200 5325 "-" "msnbot/2.0b (+http://search.msn.com/msnbot.htm)._"
157.55.39.225 - - [02/Jan/2012:16:02:44 -0600] "GET /mission.php HTTP/1.1" 200 7049 "-" "msnbot/2.0b (+http://search.msn.com/msnbot.htm)._"
157.55.39.225 - - [02/Jan/2012:16:02:45 -0600] "GET /benefits.php HTTP/1.1" 200 5679 "-" "msnbot/2.0b (+http://search.msn.com/msnbot.htm)._"
77.88.29.247 - - [02/Jan/2012:18:14:57 -0600] "GET / HTTP/1.1" 200 10292 "-" "Mozilla/5.0 (compatible; YandexBot/3.0; +http://yandex.com/bots)"
123.125.71.80 - - [02/Jan/2012:19:15:04 -0600] "HEAD /images/veterans.jpg HTTP/1.1" 200 - "-" "Baiduspider-image+(+http://www.baidu.com/search/spider.htm)"
123.125.71.42 - - [02/Jan/2012:20:05:41 -0600] "GET / HTTP/1.1" 200 10292 "-" "Mozilla/5.0 (compatible; Baiduspider/2.0; +http://www.baidu.com/search/spider.html)"
65.52.110.147 - - [02/Jan/2012:21:40:02 -0600] "GET /robots.txt HTTP/1.1" 404 - "-" "Mozilla/5.0 (compatible; bingbot/2.0; +http://www.bing.com/bingbot.htm)"
65.52.110.147 - - [02/Jan/2012:21:41:02 -0600] "GET / HTTP/1.1" 200 10292 "-" "Mozilla/5.0 (compatible; bingbot/2.0; +http://www.bing.com/bingbot.htm)"
77.88.29.247 - - [02/Jan/2012:22:32:02 -0600] "GET /events/oif/oif.html HTTP/1.1" 200 4225 "-" "Mozilla/5.0 (compatible; YandexBot/3.0; +http://yandex.com/bots)"
208.115.113.86 - - [02/Jan/2012:22:56:13 -0600] "GET /robots.txt HTTP/1.1" 404 - "-" "Mozilla/5.0 (compatible; Ezooms/1.0; ezooms.bot@gmail.com)"
220.181.125.71 - - [02/Jan/2012:23:44:13 -0600] "GET / HTTP/1.1" 200 10292 "-" "Sogou web spider/4.0(+http://www.sogou.com/docs/help/webmasters.htm#07)"
208.115.113.86 - - [03/Jan/2012:00:00:36 -0600] "GET /employers.php HTTP/1.1" 200 5325 "-" "Mozilla/5.0 (compatible; Ezooms/1.0; ezooms.bot@gmail.com)"
208.115.113.86 - - [03/Jan/2012:00:41:30 -0600] "GET /robots.txt HTTP/1.1" 404 - "-" "Mozilla/5.0 (compatible; Ezooms/1.0; ezooms.bot@gmail.com)"
66.249.71.15 - - [03/Jan/2012:01:06:52 -0600] "GET /robots.txt HTTP/1.1" 404 - "-" "Mozilla/5.0 (compatible; Googlebot/2.1; +http://www.google.com/bot.html)"
66.249.71.15 - - [03/Jan/2012:01:06:52 -0600] "GET /mission.php HTTP/1.1" 200 7049 "-" "Mozilla/5.0 (compatible; Googlebot/2.1; +http://www.google.com/bot.html)"
208.115.113.86 - - [03/Jan/2012:01:42:57 -0600] "GET /employers.php HTTP/1.1" 200 5325 "-" "Mozilla/5.0 (compatible; Ezooms/1.0; ezooms.bot@gmail.com)"
123.125.71.86 - - [03/Jan/2012:03:13:39 -0600] "GET /sys_cpanel/images/powered_by.gif HTTP/1.1" 200 2759 "-" "Baiduspider-image+(+http://www.baidu.com/search/spider.htm)"
157.55.18.22 - - [03/Jan/2012:07:37:49 -0600] "GET /robots.txt HTTP/1.1" 404 - "-" "Mozilla/5.0 (compatible; bingbot/2.0; +http://www.bing.com/bingbot.htm)"
207.46.204.219 - - [03/Jan/2012:08:04:49 -0600] "GET /_inc/contact.php HTTP/1.1" 200 756 "-" "Mozilla/5.0 (Windows NT 6.1; WOW64) AppleWebKit/534+ (KHTML, like Gecko)"
157.55.39.225 - - [03/Jan/2012:08:28:35 -0600] "GET /robots.txt HTTP/1.1" 404 - "-" "msnbot/2.0b (+http://search.msn.com/msnbot.htm)._"
157.55.39.225 - - [03/Jan/2012:08:28:35 -0600] "GET / HTTP/1.1" 200 10292 "-" "msnbot/2.0b (+http://search.msn.com/msnbot.htm)._"
157.55.18.22 - - [03/Jan/2012:13:54:52 -0600] "GET /_inc/contact.php HTTP/1.1" 200 756 "-" "Mozilla/5.0 (compatible; bingbot/2.0; +http://www.bing.com/bingbot.htm)"
65.52.104.88 - - [03/Jan/2012:15:18:59 -0600] "GET /robots.txt HTTP/1.1" 404 - "-" "Mozilla/5.0 (compatible; bingbot/2.0; +http://www.bing.com/bingbot.htm)"
71.178.65.93 - - [03/Jan/2012:16:29:50 -0600] "GET /pdf/Cellphones%20for%20Soldiers%20press%20release.pdf HTTP/1.1" 200 71184 "http://www.google.com/url?sa=t&rct=j&q=cell%20phones%20for%20soldiers%20montgomery%20chapter&source=web&cd=1&ved=0CCkQFjAA&url=http%3A%2F%2Foperationspokaneheroes.org%2Fpdf%2FCellphones%2520for%2520Soldiers%2520press%2520release.pdf&ei=XIEDT4XkNYPx0gGcvbnWAg&usg=AFQjCNGhRWzemX0ug7hhRkhbzXPaO2Q6hw&sig2=1F1drVu-Hz-KV_FOxeC_Gg" "Mozilla/5.0 (Macintosh; Intel Mac OS X 10_6_8) AppleWebKit/534.52.7 (KHTML, like Gecko) Version/5.1.2 Safari/534.52.7"
95.108.151.244 - - [03/Jan/2012:16:43:47 -0600] "GET /robots.txt HTTP/1.1" 404 - "-" "Mozilla/5.0 (compatible; YandexBot/3.0; +http://yandex.com/bots)"
95.108.151.244 - - [03/Jan/2012:16:43:48 -0600] "GET / HTTP/1.1" 200 10292 "-" "Mozilla/5.0 (compatible; YandexBot/3.0; +http://yandex.com/bots)"
95.108.151.244 - - [03/Jan/2012:16:43:49 -0600] "GET / HTTP/1.1" 200 10292 "-" "Mozilla/5.0 (compatible; YandexBot/3.0; +http://yandex.com/bots)"
65.52.104.88 - - [03/Jan/2012:17:42:47 -0600] "GET /robots.txt HTTP/1.1" 404 - "-" "Mozilla/5.0 (compatible; bingbot/2.0; +http://www.bing.com/bingbot.htm)"
65.52.104.88 - - [03/Jan/2012:17:43:19 -0600] "GET /java_for_joes/index.html HTTP/1.1" 404 - "-" "Mozilla/5.0 (compatible; bingbot/2.0; +http://www.bing.com/bingbot.htm)"
213.186.127.13 - - [03/Jan/2012:18:49:12 -0600] "GET /business_discount.php HTTP/1.1" 200 5779 "-" "Mozilla/5.0 (compatible; AhrefsBot/2.0; +http://ahrefs.com/robot/)"
77.20.40.31 - - [03/Jan/2012:19:00:17 -0600] "GET / HTTP/1.1" 200 10292 "-" "findlinks/2.0.2 (+http://wortschatz.uni-leipzig.de/findlinks/)"
123.125.71.43 - - [03/Jan/2012:20:47:49 -0600] "GET / HTTP/1.1" 200 10292 "-" "Mozilla/5.0 (compatible; Baiduspider/2.0; +http://www.baidu.com/search/spider.html)"
123.125.71.33 - - [03/Jan/2012:20:48:01 -0600] "GET /employers.php HTTP/1.1" 200 5325 "-" "Mozilla/5.0 (compatible; Baiduspider/2.0; +http://www.baidu.com/search/spider.html)"
157.55.39.225 - - [03/Jan/2012:20:55:35 -0600] "GET /robots.txt HTTP/1.1" 404 - "-" "msnbot/2.0b (+http://search.msn.com/msnbot.htm)._"
157.55.39.225 - - [03/Jan/2012:20:55:35 -0600] "GET /index.php HTTP/1.1" 200 10292 "-" "msnbot/2.0b (+http://search.msn.com/msnbot.htm)._"
157.55.39.225 - - [03/Jan/2012:20:55:41 -0600] "GET /wedo.php HTTP/1.1" 200 6622 "-" "msnbot/2.0b (+http://search.msn.com/msnbot.htm)._"
157.55.39.225 - - [03/Jan/2012:20:55:44 -0600] "GET /calendar.php HTTP/1.1" 200 5395 "-" "msnbot/2.0b (+http://search.msn.com/msnbot.htm)._"
157.55.39.225 - - [03/Jan/2012:20:55:45 -0600] "GET /business_discount.php HTTP/1.1" 200 5779 "-" "msnbot/2.0b (+http://search.msn.com/msnbot.htm)._"
157.55.39.225 - - [03/Jan/2012:20:55:49 -0600] "GET /contact.php HTTP/1.1" 200 5628 "-" "msnbot/2.0b (+http://search.msn.com/msnbot.htm)._"
157.55.39.225 - - [03/Jan/2012:20:55:51 -0600] "GET /employers.php HTTP/1.1" 200 5325 "-" "msnbot/2.0b (+http://search.msn.com/msnbot.htm)._"
157.55.39.225 - - [03/Jan/2012:20:55:55 -0600] "GET /mission.php HTTP/1.1" 200 7049 "-" "msnbot/2.0b (+http://search.msn.com/msnbot.htm)._"
157.55.39.225 - - [03/Jan/2012:20:55:58 -0600] "GET /benefits.php HTTP/1.1" 200 5679 "-" "msnbot/2.0b (+http://search.msn.com/msnbot.htm)._"
166.250.2.70 - - [03/Jan/2012:21:05:49 -0600] "GET / HTTP/1.1" 200 10292 "-" "Mozilla/5.0 (Macintosh; U; Intel Mac OS X 10.6; en-US; rv:1.9.2.25) Gecko/20111212 Firefox/3.6.25"
166.250.2.70 - - [03/Jan/2012:21:05:49 -0600] "GET /style.css HTTP/1.1" 200 5190 "http://operationspokaneheroes.org/" "Mozilla/5.0 (Macintosh; U; Intel Mac OS X 10.6; en-US; rv:1.9.2.25) Gecko/20111212 Firefox/3.6.25"
166.250.2.70 - - [03/Jan/2012:21:05:50 -0600] "GET /images/bodybg.gif HTTP/1.1" 200 159 "http://operationspokaneheroes.org/style.css" "Mozilla/5.0 (Macintosh; U; Intel Mac OS X 10.6; en-US; rv:1.9.2.25) Gecko/20111212 Firefox/3.6.25"
166.250.2.70 - - [03/Jan/2012:21:05:50 -0600] "GET /images/contacticon.png HTTP/1.1" 200 4499 "http://operationspokaneheroes.org/" "Mozilla/5.0 (Macintosh; U; Intel Mac OS X 10.6; en-US; rv:1.9.2.25) Gecko/20111212 Firefox/3.6.25"
166.250.2.70 - - [03/Jan/2012:21:05:50 -0600] "GET /images/donate.png HTTP/1.1" 200 2925 "http://operationspokaneheroes.org/" "Mozilla/5.0 (Macintosh; U; Intel Mac OS X 10.6; en-US; rv:1.9.2.25) Gecko/20111212 Firefox/3.6.25"
166.250.2.70 - - [03/Jan/2012:21:05:50 -0600] "GET /images/involved.png HTTP/1.1" 200 5042 "http://operationspokaneheroes.org/" "Mozilla/5.0 (Macintosh; U; Intel Mac OS X 10.6; en-US; rv:1.9.2.25) Gecko/20111212 Firefox/3.6.25"
166.250.2.70 - - [03/Jan/2012:21:05:49 -0600] "GET /images/osh_logo.jpg HTTP/1.1" 200 40631 "http://operationspokaneheroes.org/" "Mozilla/5.0 (Macintosh; U; Intel Mac OS X 10.6; en-US; rv:1.9.2.25) Gecko/20111212 Firefox/3.6.25"
166.250.2.70 - - [03/Jan/2012:21:05:49 -0600] "GET /images/Christmas-Carrousel-Flyer2011.jpg HTTP/1.1" 200 47566 "http://operationspokaneheroes.org/" "Mozilla/5.0 (Macintosh; U; Intel Mac OS X 10.6; en-US; rv:1.9.2.25) Gecko/20111212 Firefox/3.6.25"
166.250.2.70 - - [03/Jan/2012:21:05:50 -0600] "GET /images/cell_phones.jpg HTTP/1.1" 200 6648 "http://operationspokaneheroes.org/" "Mozilla/5.0 (Macintosh; U; Intel Mac OS X 10.6; en-US; rv:1.9.2.25) Gecko/20111212 Firefox/3.6.25"
166.250.2.70 - - [03/Jan/2012:21:05:50 -0600] "GET /images/bigbox.gif HTTP/1.1" 200 9243 "http://operationspokaneheroes.org/style.css" "Mozilla/5.0 (Macintosh; U; Intel Mac OS X 10.6; en-US; rv:1.9.2.25) Gecko/20111212 Firefox/3.6.25"
166.250.2.70 - - [03/Jan/2012:21:05:50 -0600] "GET /images/barbg.gif HTTP/1.1" 200 982 "http://operationspokaneheroes.org/style.css" "Mozilla/5.0 (Macintosh; U; Intel Mac OS X 10.6; en-US; rv:1.9.2.25) Gecko/20111212 Firefox/3.6.25"
166.250.2.70 - - [03/Jan/2012:21:05:50 -0600] "GET /images/wreaths.jpg HTTP/1.1" 200 38386 "http://operationspokaneheroes.org/" "Mozilla/5.0 (Macintosh; U; Intel Mac OS X 10.6; en-US; rv:1.9.2.25) Gecko/20111212 Firefox/3.6.25"
166.250.2.70 - - [03/Jan/2012:21:05:50 -0600] "GET /images/gboxtop.gif HTTP/1.1" 200 285 "http://operationspokaneheroes.org/style.css" "Mozilla/5.0 (Macintosh; U; Intel Mac OS X 10.6; en-US; rv:1.9.2.25) Gecko/20111212 Firefox/3.6.25"
166.250.2.70 - - [03/Jan/2012:21:05:50 -0600] "GET /images/gbox.gif HTTP/1.1" 200 622 "http://operationspokaneheroes.org/style.css" "Mozilla/5.0 (Macintosh; U; Intel Mac OS X 10.6; en-US; rv:1.9.2.25) Gecko/20111212 Firefox/3.6.25"
166.250.2.70 - - [03/Jan/2012:21:05:50 -0600] "GET /images/box.png HTTP/1.1" 200 13315 "http://operationspokaneheroes.org/style.css" "Mozilla/5.0 (Macintosh; U; Intel Mac OS X 10.6; en-US; rv:1.9.2.25) Gecko/20111212 Firefox/3.6.25"
166.250.2.70 - - [03/Jan/2012:21:05:50 -0600] "GET /images/smallboxtop.gif HTTP/1.1" 200 450 "http://operationspokaneheroes.org/style.css" "Mozilla/5.0 (Macintosh; U; Intel Mac OS X 10.6; en-US; rv:1.9.2.25) Gecko/20111212 Firefox/3.6.25"
166.250.2.70 - - [03/Jan/2012:21:05:50 -0600] "GET /images/smallbox.gif HTTP/1.1" 200 1233 "http://operationspokaneheroes.org/style.css" "Mozilla/5.0 (Macintosh; U; Intel Mac OS X 10.6; en-US; rv:1.9.2.25) Gecko/20111212 Firefox/3.6.25"
166.250.2.70 - - [03/Jan/2012:21:05:50 -0600] "GET /images/calendar.gif HTTP/1.1" 200 529 "http://operationspokaneheroes.org/style.css" "Mozilla/5.0 (Macintosh; U; Intel Mac OS X 10.6; en-US; rv:1.9.2.25) Gecko/20111212 Firefox/3.6.25"
166.250.2.70 - - [03/Jan/2012:21:05:50 -0600] "GET /images/boxtop.gif HTTP/1.1" 200 767 "http://operationspokaneheroes.org/style.css" "Mozilla/5.0 (Macintosh; U; Intel Mac OS X 10.6; en-US; rv:1.9.2.25) Gecko/20111212 Firefox/3.6.25"
166.250.2.70 - - [03/Jan/2012:21:05:51 -0600] "GET /images/box.gif HTTP/1.1" 200 1643 "http://operationspokaneheroes.org/style.css" "Mozilla/5.0 (Macintosh; U; Intel Mac OS X 10.6; en-US; rv:1.9.2.25) Gecko/20111212 Firefox/3.6.25"
166.250.2.70 - - [03/Jan/2012:21:05:50 -0600] "GET /images/logo.png HTTP/1.1" 200 270272 "http://operationspokaneheroes.org/style.css" "Mozilla/5.0 (Macintosh; U; Intel Mac OS X 10.6; en-US; rv:1.9.2.25) Gecko/20111212 Firefox/3.6.25"
166.250.2.70 - - [03/Jan/2012:21:05:51 -0600] "GET /favicon.ico HTTP/1.1" 404 - "-" "Mozilla/5.0 (Macintosh; U; Intel Mac OS X 10.6; en-US; rv:1.9.2.25) Gecko/20111212 Firefox/3.6.25"
166.250.2.70 - - [03/Jan/2012:21:05:54 -0600] "GET /favicon.ico HTTP/1.1" 404 - "-" "Mozilla/5.0 (Macintosh; U; Intel Mac OS X 10.6; en-US; rv:1.9.2.25) Gecko/20111212 Firefox/3.6.25"
166.250.2.70 - - [03/Jan/2012:21:06:07 -0600] "GET /pdf/Cellphones%20for%20Soldiers%20press%20release.pdf HTTP/1.1" 200 71184 "http://operationspokaneheroes.org/" "Mozilla/5.0 (Macintosh; U; Intel Mac OS X 10.6; en-US; rv:1.9.2.25) Gecko/20111212 Firefox/3.6.25"
65.52.110.153 - - [04/Jan/2012:01:02:04 -0600] "GET /robots.txt HTTP/1.1" 404 - "-" "Mozilla/5.0 (compatible; bingbot/2.0; +http://www.bing.com/bingbot.htm)"
157.55.17.145 - - [04/Jan/2012:01:05:24 -0600] "GET /wedo.php HTTP/1.1" 200 6622 "-" "Mozilla/5.0 (compatible; bingbot/2.0; +http://www.bing.com/bingbot.htm)"
65.52.110.153 - - [04/Jan/2012:01:45:16 -0600] "GET /benefits.php HTTP/1.1" 200 5679 "-" "Mozilla/5.0 (compatible; bingbot/2.0; +http://www.bing.com/bingbot.htm)"
65.52.110.147 - - [04/Jan/2012:02:25:54 -0600] "GET /robots.txt HTTP/1.1" 404 - "-" "Mozilla/5.0 (compatible; bingbot/2.0; +http://www.bing.com/bingbot.htm)"
65.52.110.147 - - [04/Jan/2012:02:31:15 -0600] "GET / HTTP/1.1" 200 10292 "-" "Mozilla/5.0 (compatible; bingbot/2.0; +http://www.bing.com/bingbot.htm)"
66.249.71.15 - - [04/Jan/2012:05:06:40 -0600] "GET /robots.txt HTTP/1.1" 404 - "-" "Mozilla/5.0 (compatible; Googlebot/2.1; +http://www.google.com/bot.html)"
66.249.71.15 - - [04/Jan/2012:05:06:41 -0600] "GET /java_for_joes/index.html HTTP/1.1" 404 - "-" "Mozilla/5.0 (compatible; Googlebot/2.1; +http://www.google.com/bot.html)"
118.169.47.104 - - [04/Jan/2012:05:14:51 -0600] "GET / HTTP/1.1" 200 10292 "-" "Mozilla/5.0 (Windows NT 6.1; WOW64; rv:7.0.1) Gecko/20100101 Firefox/7.0.1"
38.107.179.200 - - [04/Jan/2012:09:25:46 -0600] "GET /robots.txt HTTP/1.1" 404 - "-" "CCBot/1.0 (+http://www.commoncrawl.org/bot.html)"
38.107.179.201 - - [04/Jan/2012:09:25:49 -0600] "GET /style.css HTTP/1.1" 200 5190 "-" "CCBot/1.0 (+http://www.commoncrawl.org/bot.html)"
220.181.125.71 - - [04/Jan/2012:09:32:18 -0600] "GET / HTTP/1.1" 200 10292 "-" "Sogou web spider/4.0(+http://www.sogou.com/docs/help/webmasters.htm#07)"
157.55.39.225 - - [04/Jan/2012:09:46:05 -0600] "GET / HTTP/1.1" 200 10292 "-" "msnbot/2.0b (+http://search.msn.com/msnbot.htm)._"
65.52.110.153 - - [04/Jan/2012:10:05:12 -0600] "GET /robots.txt HTTP/1.1" 404 - "-" "Mozilla/5.0 (compatible; bingbot/2.0; +http://www.bing.com/bingbot.htm)"
208.115.113.86 - - [04/Jan/2012:11:44:16 -0600] "GET /robots.txt HTTP/1.1" 404 - "-" "Mozilla/5.0 (compatible; Ezooms/1.0; ezooms.bot@gmail.com)"
65.52.110.147 - - [04/Jan/2012:11:58:56 -0600] "GET /robots.txt HTTP/1.1" 404 - "-" "Mozilla/5.0 (compatible; bingbot/2.0; +http://www.bing.com/bingbot.htm)"
65.52.110.147 - - [04/Jan/2012:12:06:19 -0600] "GET / HTTP/1.1" 200 10292 "-" "Mozilla/5.0 (compatible; bingbot/2.0; +http://www.bing.com/bingbot.htm)"
208.115.113.86 - - [04/Jan/2012:13:29:16 -0600] "GET /contact.php HTTP/1.1" 200 5628 "-" "Mozilla/5.0 (compatible; Ezooms/1.0; ezooms.bot@gmail.com)"
213.186.127.13 - - [04/Jan/2012:17:18:01 -0600] "GET /mission.php HTTP/1.1" 200 7049 "-" "Mozilla/5.0 (compatible; AhrefsBot/2.0; +http://ahrefs.com/robot/)"
208.115.111.70 - - [04/Jan/2012:20:54:03 -0600] "GET /robots.txt HTTP/1.1" 404 - "-" "Mozilla/5.0 (compatible; Ezooms/1.0; ezooms.bot@gmail.com)"
67.185.43.117 - - [04/Jan/2012:20:57:54 -0600] "GET / HTTP/1.1" 200 10292 "http://www.greaterspokane.org/blog/2011/05/saluting-and-employing-our-veterans/" "Mozilla/4.0 (compatible; MSIE 8.0; Windows NT 6.0; WOW64; Trident/4.0; GTB7.2; SLCC1; .NET CLR 2.0.50727; Media Center PC 5.0; .NET CLR 3.5.30729; .NET CLR 3.0.30729; .NET4.0C)"
67.185.43.117 - - [04/Jan/2012:20:57:55 -0600] "GET /style.css HTTP/1.1" 200 5190 "http://operationspokaneheroes.org/" "Mozilla/4.0 (compatible; MSIE 8.0; Windows NT 6.0; WOW64; Trident/4.0; GTB7.2; SLCC1; .NET CLR 2.0.50727; Media Center PC 5.0; .NET CLR 3.5.30729; .NET CLR 3.0.30729; .NET4.0C)"
67.185.43.117 - - [04/Jan/2012:20:57:55 -0600] "GET /images/cell_phones.jpg HTTP/1.1" 200 6648 "http://operationspokaneheroes.org/" "Mozilla/4.0 (compatible; MSIE 8.0; Windows NT 6.0; WOW64; Trident/4.0; GTB7.2; SLCC1; .NET CLR 2.0.50727; Media Center PC 5.0; .NET CLR 3.5.30729; .NET CLR 3.0.30729; .NET4.0C)"
67.185.43.117 - - [04/Jan/2012:20:57:55 -0600] "GET /images/involved.png HTTP/1.1" 200 5042 "http://operationspokaneheroes.org/" "Mozilla/4.0 (compatible; MSIE 8.0; Windows NT 6.0; WOW64; Trident/4.0; GTB7.2; SLCC1; .NET CLR 2.0.50727; Media Center PC 5.0; .NET CLR 3.5.30729; .NET CLR 3.0.30729; .NET4.0C)"
67.185.43.117 - - [04/Jan/2012:20:57:55 -0600] "GET /images/contacticon.png HTTP/1.1" 200 4499 "http://operationspokaneheroes.org/" "Mozilla/4.0 (compatible; MSIE 8.0; Windows NT 6.0; WOW64; Trident/4.0; GTB7.2; SLCC1; .NET CLR 2.0.50727; Media Center PC 5.0; .NET CLR 3.5.30729; .NET CLR 3.0.30729; .NET4.0C)"
67.185.43.117 - - [04/Jan/2012:20:57:55 -0600] "GET /images/bodybg.gif HTTP/1.1" 200 159 "http://operationspokaneheroes.org/" "Mozilla/4.0 (compatible; MSIE 8.0; Windows NT 6.0; WOW64; Trident/4.0; GTB7.2; SLCC1; .NET CLR 2.0.50727; Media Center PC 5.0; .NET CLR 3.5.30729; .NET CLR 3.0.30729; .NET4.0C)"
67.185.43.117 - - [04/Jan/2012:20:57:55 -0600] "GET /images/bigbox.gif HTTP/1.1" 200 9243 "http://operationspokaneheroes.org/" "Mozilla/4.0 (compatible; MSIE 8.0; Windows NT 6.0; WOW64; Trident/4.0; GTB7.2; SLCC1; .NET CLR 2.0.50727; Media Center PC 5.0; .NET CLR 3.5.30729; .NET CLR 3.0.30729; .NET4.0C)"
67.185.43.117 - - [04/Jan/2012:20:57:55 -0600] "GET /images/donate.png HTTP/1.1" 200 2925 "http://operationspokaneheroes.org/" "Mozilla/4.0 (compatible; MSIE 8.0; Windows NT 6.0; WOW64; Trident/4.0; GTB7.2; SLCC1; .NET CLR 2.0.50727; Media Center PC 5.0; .NET CLR 3.5.30729; .NET CLR 3.0.30729; .NET4.0C)"
67.185.43.117 - - [04/Jan/2012:20:57:55 -0600] "GET /images/barbg.gif HTTP/1.1" 200 982 "http://operationspokaneheroes.org/" "Mozilla/4.0 (compatible; MSIE 8.0; Windows NT 6.0; WOW64; Trident/4.0; GTB7.2; SLCC1; .NET CLR 2.0.50727; Media Center PC 5.0; .NET CLR 3.5.30729; .NET CLR 3.0.30729; .NET4.0C)"
67.185.43.117 - - [04/Jan/2012:20:57:55 -0600] "GET /images/gboxtop.gif HTTP/1.1" 200 285 "http://operationspokaneheroes.org/" "Mozilla/4.0 (compatible; MSIE 8.0; Windows NT 6.0; WOW64; Trident/4.0; GTB7.2; SLCC1; .NET CLR 2.0.50727; Media Center PC 5.0; .NET CLR 3.5.30729; .NET CLR 3.0.30729; .NET4.0C)"
67.185.43.117 - - [04/Jan/2012:20:57:55 -0600] "GET /images/gbox.gif HTTP/1.1" 200 622 "http://operationspokaneheroes.org/" "Mozilla/4.0 (compatible; MSIE 8.0; Windows NT 6.0; WOW64; Trident/4.0; GTB7.2; SLCC1; .NET CLR 2.0.50727; Media Center PC 5.0; .NET CLR 3.5.30729; .NET CLR 3.0.30729; .NET4.0C)"
67.185.43.117 - - [04/Jan/2012:20:57:55 -0600] "GET /images/osh_logo.jpg HTTP/1.1" 200 40631 "http://operationspokaneheroes.org/" "Mozilla/4.0 (compatible; MSIE 8.0; Windows NT 6.0; WOW64; Trident/4.0; GTB7.2; SLCC1; .NET CLR 2.0.50727; Media Center PC 5.0; .NET CLR 3.5.30729; .NET CLR 3.0.30729; .NET4.0C)"
67.185.43.117 - - [04/Jan/2012:20:57:55 -0600] "GET /images/Christmas-Carrousel-Flyer2011.jpg HTTP/1.1" 200 47566 "http://operationspokaneheroes.org/" "Mozilla/4.0 (compatible; MSIE 8.0; Windows NT 6.0; WOW64; Trident/4.0; GTB7.2; SLCC1; .NET CLR 2.0.50727; Media Center PC 5.0; .NET CLR 3.5.30729; .NET CLR 3.0.30729; .NET4.0C)"
67.185.43.117 - - [04/Jan/2012:20:57:55 -0600] "GET /images/smallboxtop.gif HTTP/1.1" 200 450 "http://operationspokaneheroes.org/" "Mozilla/4.0 (compatible; MSIE 8.0; Windows NT 6.0; WOW64; Trident/4.0; GTB7.2; SLCC1; .NET CLR 2.0.50727; Media Center PC 5.0; .NET CLR 3.5.30729; .NET CLR 3.0.30729; .NET4.0C)"
67.185.43.117 - - [04/Jan/2012:20:57:55 -0600] "GET /images/calendar.gif HTTP/1.1" 200 529 "http://operationspokaneheroes.org/" "Mozilla/4.0 (compatible; MSIE 8.0; Windows NT 6.0; WOW64; Trident/4.0; GTB7.2; SLCC1; .NET CLR 2.0.50727; Media Center PC 5.0; .NET CLR 3.5.30729; .NET CLR 3.0.30729; .NET4.0C)"
67.185.43.117 - - [04/Jan/2012:20:57:55 -0600] "GET /images/smallbox.gif HTTP/1.1" 200 1233 "http://operationspokaneheroes.org/" "Mozilla/4.0 (compatible; MSIE 8.0; Windows NT 6.0; WOW64; Trident/4.0; GTB7.2; SLCC1; .NET CLR 2.0.50727; Media Center PC 5.0; .NET CLR 3.5.30729; .NET CLR 3.0.30729; .NET4.0C)"
67.185.43.117 - - [04/Jan/2012:20:57:55 -0600] "GET /images/boxtop.gif HTTP/1.1" 200 767 "http://operationspokaneheroes.org/" "Mozilla/4.0 (compatible; MSIE 8.0; Windows NT 6.0; WOW64; Trident/4.0; GTB7.2; SLCC1; .NET CLR 2.0.50727; Media Center PC 5.0; .NET CLR 3.5.30729; .NET CLR 3.0.30729; .NET4.0C)"
67.185.43.117 - - [04/Jan/2012:20:57:56 -0600] "GET /images/box.gif HTTP/1.1" 200 1643 "http://operationspokaneheroes.org/" "Mozilla/4.0 (compatible; MSIE 8.0; Windows NT 6.0; WOW64; Trident/4.0; GTB7.2; SLCC1; .NET CLR 2.0.50727; Media Center PC 5.0; .NET CLR 3.5.30729; .NET CLR 3.0.30729; .NET4.0C)"
67.185.43.117 - - [04/Jan/2012:20:57:55 -0600] "GET /images/box.png HTTP/1.1" 200 13315 "http://operationspokaneheroes.org/" "Mozilla/4.0 (compatible; MSIE 8.0; Windows NT 6.0; WOW64; Trident/4.0; GTB7.2; SLCC1; .NET CLR 2.0.50727; Media Center PC 5.0; .NET CLR 3.5.30729; .NET CLR 3.0.30729; .NET4.0C)"
67.185.43.117 - - [04/Jan/2012:20:57:55 -0600] "GET /images/wreaths.jpg HTTP/1.1" 200 38386 "http://operationspokaneheroes.org/" "Mozilla/4.0 (compatible; MSIE 8.0; Windows NT 6.0; WOW64; Trident/4.0; GTB7.2; SLCC1; .NET CLR 2.0.50727; Media Center PC 5.0; .NET CLR 3.5.30729; .NET CLR 3.0.30729; .NET4.0C)"
67.185.43.117 - - [04/Jan/2012:20:57:55 -0600] "GET /images/logo.png HTTP/1.1" 200 270272 "http://operationspokaneheroes.org/" "Mozilla/4.0 (compatible; MSIE 8.0; Windows NT 6.0; WOW64; Trident/4.0; GTB7.2; SLCC1; .NET CLR 2.0.50727; Media Center PC 5.0; .NET CLR 3.5.30729; .NET CLR 3.0.30729; .NET4.0C)"
67.185.43.117 - - [04/Jan/2012:20:57:57 -0600] "GET /favicon.ico HTTP/1.1" 404 - "-" "Mozilla/4.0 (compatible; MSIE 8.0; Windows NT 6.0; WOW64; Trident/4.0; GTB7.2; SLCC1; .NET CLR 2.0.50727; Media Center PC 5.0; .NET CLR 3.5.30729; .NET CLR 3.0.30729; .NET4.0C)"
67.185.43.117 - - [04/Jan/2012:20:57:58 -0600] "GET /crossdomain.xml HTTP/1.1" 404 - "-" "Mozilla/4.0 (compatible; MSIE 8.0; Windows NT 6.0; WOW64; Trident/4.0; GTB7.2; SLCC1; .NET CLR 2.0.50727; Media Center PC 5.0; .NET CLR 3.5.30729; .NET CLR 3.0.30729; .NET4.0C)"
67.185.43.117 - - [04/Jan/2012:20:57:59 -0600] "GET /images/barcurrent.gif HTTP/1.1" 200 1415 "http://operationspokaneheroes.org/" "Mozilla/4.0 (compatible; MSIE 8.0; Windows NT 6.0; WOW64; Trident/4.0; GTB7.2; SLCC1; .NET CLR 2.0.50727; Media Center PC 5.0; .NET CLR 3.5.30729; .NET CLR 3.0.30729; .NET4.0C)"
67.185.43.117 - - [04/Jan/2012:20:57:59 -0600] "GET /images/barcurrent.gif HTTP/1.1" 200 1415 "http://operationspokaneheroes.org/" "Mozilla/4.0 (compatible; MSIE 8.0; Windows NT 6.0; WOW64; Trident/4.0; GTB7.2; SLCC1; .NET CLR 2.0.50727; Media Center PC 5.0; .NET CLR 3.5.30729; .NET CLR 3.0.30729; .NET4.0C)"
67.185.43.117 - - [04/Jan/2012:20:58:00 -0600] "GET /images/barcurrent.gif HTTP/1.1" 200 1415 "http://operationspokaneheroes.org/" "Mozilla/4.0 (compatible; MSIE 8.0; Windows NT 6.0; WOW64; Trident/4.0; GTB7.2; SLCC1; .NET CLR 2.0.50727; Media Center PC 5.0; .NET CLR 3.5.30729; .NET CLR 3.0.30729; .NET4.0C)"
67.185.43.117 - - [04/Jan/2012:20:58:00 -0600] "GET /images/barcurrent.gif HTTP/1.1" 200 1415 "http://operationspokaneheroes.org/" "Mozilla/4.0 (compatible; MSIE 8.0; Windows NT 6.0; WOW64; Trident/4.0; GTB7.2; SLCC1; .NET CLR 2.0.50727; Media Center PC 5.0; .NET CLR 3.5.30729; .NET CLR 3.0.30729; .NET4.0C)"
67.185.43.117 - - [04/Jan/2012:20:58:00 -0600] "GET /employers.php HTTP/1.1" 200 5325 "http://operationspokaneheroes.org/" "Mozilla/4.0 (compatible; MSIE 8.0; Windows NT 6.0; WOW64; Trident/4.0; GTB7.2; SLCC1; .NET CLR 2.0.50727; Media Center PC 5.0; .NET CLR 3.5.30729; .NET CLR 3.0.30729; .NET4.0C)"
67.185.43.117 - - [04/Jan/2012:20:58:00 -0600] "GET /images/raceway.jpg HTTP/1.1" 200 16793 "http://operationspokaneheroes.org/employers.php" "Mozilla/4.0 (compatible; MSIE 8.0; Windows NT 6.0; WOW64; Trident/4.0; GTB7.2; SLCC1; .NET CLR 2.0.50727; Media Center PC 5.0; .NET CLR 3.5.30729; .NET CLR 3.0.30729; .NET4.0C)"
67.185.43.117 - - [04/Jan/2012:20:58:01 -0600] "GET /favicon.ico HTTP/1.1" 404 - "-" "Mozilla/4.0 (compatible; MSIE 8.0; Windows NT 6.0; WOW64; Trident/4.0; GTB7.2; SLCC1; .NET CLR 2.0.50727; Media Center PC 5.0; .NET CLR 3.5.30729; .NET CLR 3.0.30729; .NET4.0C)"
67.185.43.117 - - [04/Jan/2012:20:58:08 -0600] "GET /pdf/2010_Top100_Military_Friendly_Employers.pdf HTTP/1.1" 200 711726 "http://operationspokaneheroes.org/employers.php" "Mozilla/4.0 (compatible; MSIE 8.0; Windows NT 6.0; WOW64; Trident/4.0; GTB7.2; SLCC1; .NET CLR 2.0.50727; Media Center PC 5.0; .NET CLR 3.5.30729; .NET CLR 3.0.30729; .NET4.0C)"
