12.144.134.2 - - [12/Apr/2013:11:27:55 -0500] "GET /images/we_need.png HTTP/1.0" 200 2138 "http://operationspokaneheroes.org/_inc/slide.php" "Mozilla/5.0 (compatible; MSIE 9.0; Windows NT 6.1; Trident/5.0)"
12.144.134.2 - - [12/Apr/2013:11:27:55 -0500] "GET /images/we_strive.png HTTP/1.0" 200 1981 "http://operationspokaneheroes.org/_inc/slide.php" "Mozilla/5.0 (compatible; MSIE 9.0; Windows NT 6.1; Trident/5.0)"
12.144.134.2 - - [12/Apr/2013:11:27:55 -0500] "GET /images/mission_statement_bg.png HTTP/1.0" 200 11413 "http://operationspokaneheroes.org/_inc/slide.php" "Mozilla/5.0 (compatible; MSIE 9.0; Windows NT 6.1; Trident/5.0)"
12.144.134.2 - - [12/Apr/2013:11:27:55 -0500] "GET /images/we_help.png HTTP/1.0" 200 1514 "http://operationspokaneheroes.org/_inc/slide.php" "Mozilla/5.0 (compatible; MSIE 9.0; Windows NT 6.1; Trident/5.0)"
12.144.134.2 - - [12/Apr/2013:11:27:55 -0500] "GET /images/we_believe.png HTTP/1.0" 200 1785 "http://operationspokaneheroes.org/_inc/slide.php" "Mozilla/5.0 (compatible; MSIE 9.0; Windows NT 6.1; Trident/5.0)"
12.144.134.2 - - [12/Apr/2013:11:27:55 -0500] "GET /images/2.jpg HTTP/1.0" 200 170993 "http://operationspokaneheroes.org/_inc/slide.php" "Mozilla/5.0 (compatible; MSIE 9.0; Windows NT 6.1; Trident/5.0)"
12.144.134.2 - - [12/Apr/2013:11:27:55 -0500] "GET /favicon.ico HTTP/1.0" 404 - "-" "Mozilla/5.0 (compatible; MSIE 9.0; Windows NT 6.1; Trident/5.0)"
12.144.134.2 - - [12/Apr/2013:11:27:55 -0500] "GET /images/1.jpg HTTP/1.0" 200 142489 "http://operationspokaneheroes.org/_inc/slide.php" "Mozilla/5.0 (compatible; MSIE 9.0; Windows NT 6.1; Trident/5.0)"
12.144.134.2 - - [12/Apr/2013:11:27:55 -0500] "GET /images/4.jpg HTTP/1.0" 200 186934 "http://operationspokaneheroes.org/_inc/slide.php" "Mozilla/5.0 (compatible; MSIE 9.0; Windows NT 6.1; Trident/5.0)"
12.144.134.2 - - [12/Apr/2013:11:27:55 -0500] "GET /images/3.jpg HTTP/1.0" 200 240733 "http://operationspokaneheroes.org/_inc/slide.php" "Mozilla/5.0 (compatible; MSIE 9.0; Windows NT 6.1; Trident/5.0)"
12.144.134.2 - - [12/Apr/2013:11:28:04 -0500] "GET /aboutus.php HTTP/1.0" 200 11667 "http://operationspokaneheroes.org/" "Mozilla/5.0 (compatible; MSIE 9.0; Windows NT 6.1; Trident/5.0)"
12.144.134.2 - - [12/Apr/2013:11:28:04 -0500] "GET /_inc/slide.php HTTP/1.0" 200 3205 "http://operationspokaneheroes.org/aboutus.php" "Mozilla/5.0 (compatible; MSIE 9.0; Windows NT 6.1; Trident/5.0)"
12.144.134.2 - - [12/Apr/2013:11:29:12 -0500] "GET /business.php HTTP/1.0" 200 10813 "http://operationspokaneheroes.org/aboutus.php" "Mozilla/5.0 (compatible; MSIE 9.0; Windows NT 6.1; Trident/5.0)"
12.144.134.2 - - [12/Apr/2013:11:29:12 -0500] "GET /_inc/slide.php HTTP/1.0" 200 3205 "http://operationspokaneheroes.org/business.php" "Mozilla/5.0 (compatible; MSIE 9.0; Windows NT 6.1; Trident/5.0)"
157.55.32.86 - - [12/Apr/2013:12:31:40 -0500] "GET /robots.txt HTTP/1.1" 404 - "-" "Mozilla/5.0 (compatible; bingbot/2.0; +http://www.bing.com/bingbot.htm)"
157.55.32.86 - - [12/Apr/2013:12:33:42 -0500] "GET / HTTP/1.1" 200 10628 "-" "Mozilla/5.0 (compatible; bingbot/2.0; +http://www.bing.com/bingbot.htm)"
157.55.32.113 - - [12/Apr/2013:12:49:11 -0500] "GET /_inc/upcoming.php HTTP/1.1" 200 3545 "-" "Mozilla/5.0 (compatible; bingbot/2.0; +http://www.bing.com/bingbot.htm)"
46.118.119.252 - - [12/Apr/2013:13:59:17 -0500] "GET / HTTP/1.1" 200 10628 "http://yobero.ru/" "Mozilla/4.0 (compatible; MSIE 5.5; Windows NT 5.0; T312461)"
46.118.119.252 - - [12/Apr/2013:13:59:17 -0500] "GET / HTTP/1.1" 200 10628 "http://www.mart-an.ru/" "Mozilla/4.0 (compatible; MSIE 5.5; Windows NT 5.0; T312461)"
46.118.119.252 - - [12/Apr/2013:13:59:18 -0500] "GET / HTTP/1.1" 200 10628 "http://www.mart-an.ru/" "Mozilla/4.0 (compatible; MSIE 5.5; Windows NT 5.0; T312461)"
46.118.119.252 - - [12/Apr/2013:13:59:18 -0500] "GET / HTTP/1.1" 200 10448 "http://yobero.ru/" "Mozilla/4.0 (compatible; MSIE 5.5; Windows NT 5.0; T312461)"
46.118.119.252 - - [12/Apr/2013:13:59:19 -0500] "GET / HTTP/1.1" 200 10628 "http://yobero.ru/" "Mozilla/4.0 (compatible; MSIE 5.5; Windows NT 5.0; T312461)"
46.118.119.252 - - [12/Apr/2013:13:59:19 -0500] "GET / HTTP/1.1" 200 10628 "http://www.mart-an.ru/" "Mozilla/4.0 (compatible; MSIE 5.5; Windows NT 5.0; T312461)"
173.192.235.226 - - [12/Apr/2013:14:33:09 -0500] "GET /index.php HTTP/1.1" 200 10628 "-" "Mozilla/5.0 (compatible; SiteExplorer/1.0b; +http://siteexplorer.info/)"
173.192.235.226 - - [12/Apr/2013:14:33:15 -0500] "GET /freedom.php HTTP/1.1" 200 11227 "-" "Mozilla/5.0 (compatible; SiteExplorer/1.0b; +http://siteexplorer.info/)"
173.192.235.226 - - [12/Apr/2013:14:33:20 -0500] "GET /events.php HTTP/1.1" 200 6407 "-" "Mozilla/5.0 (compatible; SiteExplorer/1.0b; +http://siteexplorer.info/)"
173.192.235.226 - - [12/Apr/2013:14:33:25 -0500] "GET /donate.php HTTP/1.1" 200 11699 "-" "Mozilla/5.0 (compatible; SiteExplorer/1.0b; +http://siteexplorer.info/)"
173.192.235.226 - - [12/Apr/2013:14:33:31 -0500] "GET /contact.php HTTP/1.1" 200 10519 "-" "Mozilla/5.0 (compatible; SiteExplorer/1.0b; +http://siteexplorer.info/)"
173.192.235.226 - - [12/Apr/2013:14:33:36 -0500] "GET /calendar.php HTTP/1.1" 200 10644 "-" "Mozilla/5.0 (compatible; SiteExplorer/1.0b; +http://siteexplorer.info/)"
173.192.235.226 - - [12/Apr/2013:14:33:41 -0500] "GET /business.php HTTP/1.1" 200 10813 "-" "Mozilla/5.0 (compatible; SiteExplorer/1.0b; +http://siteexplorer.info/)"
173.192.235.226 - - [12/Apr/2013:14:33:47 -0500] "GET /aboutus.php HTTP/1.1" 200 11667 "-" "Mozilla/5.0 (compatible; SiteExplorer/1.0b; +http://siteexplorer.info/)"
188.40.133.218 - - [12/Apr/2013:15:24:16 -0500] "GET /robots.txt HTTP/1.1" 404 - "-" "Mozilla/5.0 (compatible; SearchmetricsBot; http://www.searchmetrics.com/en/searchmetrics-bot/)"
188.40.133.218 - - [12/Apr/2013:15:24:16 -0500] "GET / HTTP/1.1" 200 10628 "-" "Mozilla/5.0 (compatible; SearchmetricsBot; http://www.searchmetrics.com/en/searchmetrics-bot/)"
188.40.133.218 - - [12/Apr/2013:15:24:17 -0500] "GET /index.php HTTP/1.1" 200 10628 "-" "Mozilla/5.0 (compatible; SearchmetricsBot; http://www.searchmetrics.com/en/searchmetrics-bot/)"
1.202.219.3 - - [12/Apr/2013:15:47:22 -0500] "GET /robots.txt HTTP/1.1" 404 - "-" "Mozilla/5.0 ()"
1.202.219.107 - - [12/Apr/2013:15:47:23 -0500] "HEAD / HTTP/1.1" 200 - "-" "Mozilla/5.0 (compatible; JikeSpider; +http://shoulu.jike.com/spider.html)"
1.202.219.108 - - [12/Apr/2013:15:47:24 -0500] "GET / HTTP/1.1" 200 10628 "-" "Mozilla/5.0 (compatible; JikeSpider; +http://shoulu.jike.com/spider.html)"
66.249.74.43 - - [12/Apr/2013:16:54:31 -0500] "GET /robots.txt HTTP/1.1" 404 - "-" "Mozilla/5.0 (compatible; Googlebot/2.1; +http://www.google.com/bot.html)"
66.249.74.43 - - [12/Apr/2013:16:54:31 -0500] "GET /slider/index.html HTTP/1.1" 200 3205 "-" "SAMSUNG-SGH-E250/1.0 Profile/MIDP-2.0 Configuration/CLDC-1.1 UP.Browser/6.2.3.3.c.1.101 (GUI) MMP/2.0 (compatible; Googlebot-Mobile/2.1; +http://www.google.com/bot.html)"
66.249.74.43 - - [12/Apr/2013:16:58:48 -0500] "GET /pdf/2013%20-%20Women%20Warriors%20and%20the%20Cowgirls%20Flyer.pdf HTTP/1.1" 200 379297 "-" "SAMSUNG-SGH-E250/1.0 Profile/MIDP-2.0 Configuration/CLDC-1.1 UP.Browser/6.2.3.3.c.1.101 (GUI) MMP/2.0 (compatible; Googlebot-Mobile/2.1; +http://www.google.com/bot.html)"
66.249.74.43 - - [12/Apr/2013:16:59:01 -0500] "GET /pdf/2013%20Salute%20Armed%20Forces.pdf HTTP/1.1" 200 1749455 "-" "SAMSUNG-SGH-E250/1.0 Profile/MIDP-2.0 Configuration/CLDC-1.1 UP.Browser/6.2.3.3.c.1.101 (GUI) MMP/2.0 (compatible; Googlebot-Mobile/2.1; +http://www.google.com/bot.html)"
66.249.74.43 - - [12/Apr/2013:16:59:16 -0500] "GET /pdf/OSH%20Freedom%20Fridays%20Flyer%20-%20Informational%20Handout%20Final.pdf HTTP/1.1" 200 726093 "-" "SAMSUNG-SGH-E250/1.0 Profile/MIDP-2.0 Configuration/CLDC-1.1 UP.Browser/6.2.3.3.c.1.101 (GUI) MMP/2.0 (compatible; Googlebot-Mobile/2.1; +http://www.google.com/bot.html)"
91.207.9.226 - - [12/Apr/2013:17:00:07 -0500] "GET / HTTP/1.1" 200 10628 "http://remont-fridge-tv.ru/" "Mozilla/4.0 (compatible; MSIE 6.0; Windows NT 5.1; ru) Opera 8.50"
91.207.9.226 - - [12/Apr/2013:17:00:07 -0500] "GET / HTTP/1.1" 200 10628 "http://remont-fridge-tv.ru/" "Mozilla/4.0 (compatible; MSIE 6.0; Windows NT 5.1; ru) Opera 8.50"
91.207.9.226 - - [12/Apr/2013:17:00:08 -0500] "GET / HTTP/1.1" 200 10628 "http://remont-fridge-tv.ru/" "Mozilla/4.0 (compatible; MSIE 6.0; Windows NT 5.1; ru) Opera 8.50"
66.249.74.43 - - [12/Apr/2013:17:33:22 -0500] "GET /_inc/slide.php HTTP/1.1" 200 3205 "-" "DoCoMo/2.0 N905i(c100;TB;W24H16) (compatible; Googlebot-Mobile/2.1; +http://www.google.com/bot.html)"
173.199.116.203 - - [12/Apr/2013:19:51:30 -0500] "GET /aboutus.php HTTP/1.1" 200 11667 "-" "Mozilla/5.0 (compatible; AhrefsBot/4.0; +http://ahrefs.com/robot/)"
208.115.111.70 - - [12/Apr/2013:20:08:47 -0500] "GET /robots.txt HTTP/1.1" 404 - "-" "Mozilla/5.0 (compatible; Ezooms/1.0; ezooms.bot@gmail.com)"
66.249.74.41 - - [12/Apr/2013:20:35:15 -0500] "GET /robots.txt HTTP/1.1" 404 - "-" "Mozilla/5.0 (compatible; Googlebot/2.1; +http://www.google.com/bot.html)"
66.249.74.41 - - [12/Apr/2013:20:35:15 -0500] "GET /donate.php HTTP/1.1" 200 11699 "-" "Mozilla/5.0 (compatible; Googlebot/2.1; +http://www.google.com/bot.html)"
66.249.74.41 - - [12/Apr/2013:20:36:28 -0500] "GET /index.php HTTP/1.1" 200 10628 "-" "Mozilla/5.0 (compatible; Googlebot/2.1; +http://www.google.com/bot.html)"
66.249.74.41 - - [12/Apr/2013:20:40:14 -0500] "GET /business.php HTTP/1.1" 200 10813 "-" "Mozilla/5.0 (compatible; Googlebot/2.1; +http://www.google.com/bot.html)"
66.249.74.41 - - [12/Apr/2013:20:41:06 -0500] "GET /events.php HTTP/1.1" 200 6407 "-" "Mozilla/5.0 (compatible; Googlebot/2.1; +http://www.google.com/bot.html)"
66.249.74.41 - - [12/Apr/2013:20:50:32 -0500] "GET /aboutus.php HTTP/1.1" 200 11667 "-" "Mozilla/5.0 (compatible; Googlebot/2.1; +http://www.google.com/bot.html)"
66.249.74.41 - - [12/Apr/2013:20:59:49 -0500] "GET /contact.php HTTP/1.1" 200 10519 "-" "Mozilla/5.0 (compatible; Googlebot/2.1; +http://www.google.com/bot.html)"
66.249.74.43 - - [12/Apr/2013:20:59:58 -0500] "GET / HTTP/1.1" 200 10628 "-" "Mozilla/5.0 (compatible; Googlebot/2.1; +http://www.google.com/bot.html)"
66.249.74.41 - - [12/Apr/2013:21:02:23 -0500] "GET /calendar.php HTTP/1.1" 200 10644 "-" "Mozilla/5.0 (compatible; Googlebot/2.1; +http://www.google.com/bot.html)"
66.249.74.41 - - [12/Apr/2013:21:04:59 -0500] "GET /_inc/slide.php HTTP/1.1" 200 3205 "-" "Mozilla/5.0 (compatible; Googlebot/2.1; +http://www.google.com/bot.html)"
66.249.74.43 - - [12/Apr/2013:21:10:30 -0500] "GET /pdf/2013%20Salute%20Armed%20Forces.pdf HTTP/1.1" 304 - "-" "Mozilla/5.0 (compatible; Googlebot/2.1; +http://www.google.com/bot.html)"
66.249.74.43 - - [12/Apr/2013:21:10:39 -0500] "GET /css/footer.css HTTP/1.1" 200 752 "-" "Mozilla/5.0 (compatible; Googlebot/2.1; +http://www.google.com/bot.html)"
66.249.74.43 - - [12/Apr/2013:21:10:40 -0500] "GET /css/slide.css HTTP/1.1" 200 2869 "-" "Mozilla/5.0 (compatible; Googlebot/2.1; +http://www.google.com/bot.html)"
66.249.74.43 - - [12/Apr/2013:21:10:40 -0500] "GET /slider/css/style.css HTTP/1.1" 200 1379 "-" "Mozilla/5.0 (compatible; Googlebot/2.1; +http://www.google.com/bot.html)"
66.249.74.43 - - [12/Apr/2013:21:10:40 -0500] "GET /css/global.css HTTP/1.1" 200 13951 "-" "Mozilla/5.0 (compatible; Googlebot/2.1; +http://www.google.com/bot.html)"
66.249.74.43 - - [12/Apr/2013:21:10:41 -0500] "GET /css/style_global.css HTTP/1.1" 200 2621 "-" "Mozilla/5.0 (compatible; Googlebot/2.1; +http://www.google.com/bot.html)"
66.249.74.43 - - [12/Apr/2013:21:12:28 -0500] "GET /pdf/2013%20-%20Women%20Warriors%20and%20the%20Cowgirls%20Flyer.pdf HTTP/1.1" 304 - "-" "Mozilla/5.0 (compatible; Googlebot/2.1; +http://www.google.com/bot.html)"
66.249.74.43 - - [12/Apr/2013:21:12:32 -0500] "GET /pdf/ready_set_go.pdf HTTP/1.1" 304 - "-" "Mozilla/5.0 (compatible; Googlebot/2.1; +http://www.google.com/bot.html)"
208.115.111.70 - - [12/Apr/2013:21:14:39 -0500] "GET /donate.php HTTP/1.1" 200 11699 "-" "Mozilla/5.0 (compatible; Ezooms/1.0; ezooms.bot@gmail.com)"
66.249.74.43 - - [12/Apr/2013:21:18:40 -0500] "GET /events.php HTTP/1.1" 200 6407 "-" "Mozilla/5.0 (compatible; Googlebot/2.1; +http://www.google.com/bot.html)"
66.249.74.43 - - [12/Apr/2013:21:19:13 -0500] "GET /donate.php HTTP/1.1" 200 11699 "-" "Mozilla/5.0 (compatible; Googlebot/2.1; +http://www.google.com/bot.html)"
66.249.74.43 - - [12/Apr/2013:21:19:45 -0500] "GET /business.php HTTP/1.1" 200 10813 "-" "Mozilla/5.0 (compatible; Googlebot/2.1; +http://www.google.com/bot.html)"
66.249.74.43 - - [12/Apr/2013:21:20:03 -0500] "GET /aboutus.php HTTP/1.1" 200 11667 "-" "Mozilla/5.0 (compatible; Googlebot/2.1; +http://www.google.com/bot.html)"
66.249.74.41 - - [12/Apr/2013:21:20:15 -0500] "GET /pdf/2013%20-%20Women%20Warriors%20and%20the%20Cowgirls%20Flyer.pdf HTTP/1.1" 200 379297 "-" "Mozilla/5.0 (compatible; Googlebot/2.1; +http://www.google.com/bot.html)"
66.249.74.43 - - [12/Apr/2013:21:22:05 -0500] "GET /events/ermy_event/css/style.css HTTP/1.1" 200 1149 "-" "Mozilla/5.0 (compatible; Googlebot/2.1; +http://www.google.com/bot.html)"
66.249.74.43 - - [12/Apr/2013:21:22:06 -0500] "GET /events/vet_picnic/css/style.css HTTP/1.1" 200 1149 "-" "Mozilla/5.0 (compatible; Googlebot/2.1; +http://www.google.com/bot.html)"
66.249.74.43 - - [12/Apr/2013:21:22:06 -0500] "GET /events/carousel_11/css/style.css HTTP/1.1" 200 1149 "-" "Mozilla/5.0 (compatible; Googlebot/2.1; +http://www.google.com/bot.html)"
199.21.99.103 - - [12/Apr/2013:22:15:19 -0500] "GET /robots.txt HTTP/1.1" 404 - "-" "Mozilla/5.0 (compatible; YandexBot/3.0; +http://yandex.com/bots)"
199.21.99.103 - - [12/Apr/2013:22:15:21 -0500] "GET / HTTP/1.1" 200 10628 "-" "Mozilla/5.0 (compatible; YandexBot/3.0; +http://yandex.com/bots)"
173.199.116.203 - - [12/Apr/2013:23:14:06 -0500] "GET /business.php HTTP/1.1" 200 10813 "-" "Mozilla/5.0 (compatible; AhrefsBot/4.0; +http://ahrefs.com/robot/)"
91.207.6.34 - - [12/Apr/2013:23:23:53 -0500] "GET / HTTP/1.1" 200 10628 "http://www.prostitutki-surguta.org/" "Mozilla/4.0 (compatible; MSIE 6.0; Windows NT 5.1; .NET CLR 1.1.4322)"
91.207.6.34 - - [12/Apr/2013:23:23:54 -0500] "GET / HTTP/1.1" 200 10628 "http://www.prostitutki-surguta.org/" "Mozilla/4.0 (compatible; MSIE 6.0; Windows NT 5.1; .NET CLR 1.1.4322)"
91.207.6.34 - - [12/Apr/2013:23:23:55 -0500] "GET / HTTP/1.1" 200 10628 "http://www.prostitutki-surguta.org/" "Mozilla/4.0 (compatible; MSIE 6.0; Windows NT 5.1; .NET CLR 1.1.4322)"
173.199.116.203 - - [13/Apr/2013:01:12:39 -0500] "GET /index.php HTTP/1.1" 200 10628 "-" "Mozilla/5.0 (compatible; AhrefsBot/4.0; +http://ahrefs.com/robot/)"
218.30.103.147 - - [13/Apr/2013:01:18:10 -0500] "GET / HTTP/1.1" 200 10628 "-" "Sogou web spider/4.0(+http://www.sogou.com/docs/help/webmasters.htm#07)"
218.30.103.147 - - [13/Apr/2013:01:18:10 -0500] "GET /robots.txt HTTP/1.1" 404 - "-" "Sogou web spider/4.0"
91.207.6.34 - - [13/Apr/2013:02:11:06 -0500] "GET / HTTP/1.1" 200 10628 "http://www.prostitutki-kazani.org/" "Mozilla/4.0 (compatible; MSIE 5.5; Windows NT 4.0; .NET CLR 1.0.2914)"
91.207.6.34 - - [13/Apr/2013:02:11:07 -0500] "GET / HTTP/1.1" 200 10628 "http://www.prostitutki-kazani.org/" "Mozilla/4.0 (compatible; MSIE 5.5; Windows NT 4.0; .NET CLR 1.0.2914)"
91.207.6.34 - - [13/Apr/2013:02:11:08 -0500] "GET / HTTP/1.1" 200 10628 "http://www.prostitutki-kazani.org/" "Mozilla/4.0 (compatible; MSIE 5.5; Windows NT 4.0; .NET CLR 1.0.2914)"
66.249.74.41 - - [13/Apr/2013:02:41:37 -0500] "GET /css/slide.css HTTP/1.1" 200 2869 "-" "Mozilla/5.0 (compatible; Googlebot/2.1; +http://www.google.com/bot.html)"
66.249.74.41 - - [13/Apr/2013:02:41:37 -0500] "GET /css/footer.css HTTP/1.1" 200 752 "-" "Mozilla/5.0 (compatible; Googlebot/2.1; +http://www.google.com/bot.html)"
66.249.74.41 - - [13/Apr/2013:02:41:38 -0500] "GET /css/style_global.css HTTP/1.1" 200 2621 "-" "Mozilla/5.0 (compatible; Googlebot/2.1; +http://www.google.com/bot.html)"
66.249.74.41 - - [13/Apr/2013:02:41:38 -0500] "GET /css/global.css HTTP/1.1" 200 13951 "-" "Mozilla/5.0 (compatible; Googlebot/2.1; +http://www.google.com/bot.html)"
66.249.74.41 - - [13/Apr/2013:03:17:15 -0500] "GET / HTTP/1.1" 200 10628 "-" "Mozilla/5.0 (iPhone; U; CPU iPhone OS 4_1 like Mac OS X; en-us) AppleWebKit/532.9 (KHTML, like Gecko) Version/4.0.5 Mobile/8B117 Safari/6531.22.7 (compatible; Googlebot-Mobile/2.1; +http://www.google.com/bot.html)"
66.249.74.43 - - [13/Apr/2013:03:24:35 -0500] "GET /robots.txt HTTP/1.1" 404 - "-" "Mozilla/5.0 (compatible; Googlebot/2.1; +http://www.google.com/bot.html)"
66.249.74.43 - - [13/Apr/2013:03:24:36 -0500] "GET / HTTP/1.1" 200 10628 "-" "Mozilla/5.0 (iPhone; U; CPU iPhone OS 4_1 like Mac OS X; en-us) AppleWebKit/532.9 (KHTML, like Gecko) Version/4.0.5 Mobile/8B117 Safari/6531.22.7 (compatible; Googlebot-Mobile/2.1; +http://www.google.com/bot.html)"
66.249.74.43 - - [13/Apr/2013:03:29:30 -0500] "GET / HTTP/1.1" 200 10628 "-" "DoCoMo/2.0 N905i(c100;TB;W24H16) (compatible; Googlebot-Mobile/2.1; +http://www.google.com/bot.html)"
66.249.74.41 - - [13/Apr/2013:04:15:56 -0500] "GET /freedom.php HTTP/1.1" 200 11227 "-" "Mozilla/5.0 (iPhone; U; CPU iPhone OS 4_1 like Mac OS X; en-us) AppleWebKit/532.9 (KHTML, like Gecko) Version/4.0.5 Mobile/8B117 Safari/6531.22.7 (compatible; Googlebot-Mobile/2.1; +http://www.google.com/bot.html)"
66.249.74.43 - - [13/Apr/2013:04:30:37 -0500] "GET /donate.php HTTP/1.1" 200 11699 "-" "Mozilla/5.0 (iPhone; U; CPU iPhone OS 4_1 like Mac OS X; en-us) AppleWebKit/532.9 (KHTML, like Gecko) Version/4.0.5 Mobile/8B117 Safari/6531.22.7 (compatible; Googlebot-Mobile/2.1; +http://www.google.com/bot.html)"
66.249.74.43 - - [13/Apr/2013:04:44:38 -0500] "GET / HTTP/1.1" 200 10628 "-" "SAMSUNG-SGH-E250/1.0 Profile/MIDP-2.0 Configuration/CLDC-1.1 UP.Browser/6.2.3.3.c.1.101 (GUI) MMP/2.0 (compatible; Googlebot-Mobile/2.1; +http://www.google.com/bot.html)"
173.199.116.203 - - [13/Apr/2013:05:02:08 -0500] "GET /events/vet_picnic/vet_picnic.html HTTP/1.1" 200 3163 "-" "Mozilla/5.0 (compatible; AhrefsBot/4.0; +http://ahrefs.com/robot/)"
176.9.111.204 - - [13/Apr/2013:05:08:15 -0500] "GET / HTTP/1.1" 200 10628 "-" "Mozilla/4.0 (compatible; MSIE 7.0; Windows NT 5.1)"
91.207.6.34 - - [13/Apr/2013:05:13:06 -0500] "GET / HTTP/1.1" 200 10628 "http://www.prostitutki-tomska.org/" "Opera/9.00 (Windows NT 4.0; U; en)"
91.207.6.34 - - [13/Apr/2013:05:13:07 -0500] "GET / HTTP/1.1" 200 10628 "http://www.prostitutki-tomska.org/" "Opera/9.00 (Windows NT 4.0; U; en)"
91.207.6.34 - - [13/Apr/2013:05:13:08 -0500] "GET / HTTP/1.1" 200 10628 "http://www.prostitutki-tomska.org/" "Opera/9.00 (Windows NT 4.0; U; en)"
220.181.108.88 - - [13/Apr/2013:05:25:20 -0500] "GET / HTTP/1.1" 200 10628 "-" "Mozilla/5.0 (compatible; Baiduspider/2.0; +http://www.baidu.com/search/spider.html)"
208.115.113.86 - - [13/Apr/2013:06:02:42 -0500] "GET /robots.txt HTTP/1.1" 404 - "-" "Mozilla/5.0 (compatible; Ezooms/1.0; ezooms.bot@gmail.com)"
91.207.9.226 - - [13/Apr/2013:06:25:21 -0500] "GET / HTTP/1.1" 200 10628 "http://komportal.ru/" "Mozilla/4.0 (compatible; MSIE 7.0b; Windows NT 6.0 ; .NET CLR 2.0.50215; SL Commerce Client v1.0; Tablet PC 2.0"
91.207.9.226 - - [13/Apr/2013:06:25:22 -0500] "GET / HTTP/1.1" 200 10628 "http://komportal.ru/" "Mozilla/4.0 (compatible; MSIE 7.0b; Windows NT 6.0 ; .NET CLR 2.0.50215; SL Commerce Client v1.0; Tablet PC 2.0"
91.207.9.226 - - [13/Apr/2013:06:25:23 -0500] "GET / HTTP/1.1" 200 10628 "http://komportal.ru/" "Mozilla/4.0 (compatible; MSIE 7.0b; Windows NT 6.0 ; .NET CLR 2.0.50215; SL Commerce Client v1.0; Tablet PC 2.0"
91.207.4.186 - - [13/Apr/2013:06:58:36 -0500] "GET / HTTP/1.1" 200 10628 "http://kalineks.net/" "Mozilla/4.7 (compatible; OffByOne; Windows 2000) Webster Pro V3.4"
91.207.4.186 - - [13/Apr/2013:06:58:37 -0500] "GET / HTTP/1.1" 200 10628 "http://kalineks.net/" "Mozilla/4.7 (compatible; OffByOne; Windows 2000) Webster Pro V3.4"
91.207.9.226 - - [13/Apr/2013:07:30:41 -0500] "GET / HTTP/1.1" 200 10628 "http://viagrashops.ru/" "Mozilla/4.0 (compatible; MSIE 6.0; Windows NT 5.1; .NET CLR 1.1.4322; Alexa Toolbar; (R1 1.5))"
91.207.9.226 - - [13/Apr/2013:07:30:42 -0500] "GET / HTTP/1.1" 200 10628 "http://viagrashops.ru/" "Mozilla/4.0 (compatible; MSIE 6.0; Windows NT 5.1; .NET CLR 1.1.4322; Alexa Toolbar; (R1 1.5))"
91.207.9.226 - - [13/Apr/2013:07:30:43 -0500] "GET / HTTP/1.1" 200 10628 "http://viagrashops.ru/" "Mozilla/4.0 (compatible; MSIE 6.0; Windows NT 5.1; .NET CLR 1.1.4322; Alexa Toolbar; (R1 1.5))"
208.115.113.86 - - [13/Apr/2013:07:35:05 -0500] "GET /contact.php HTTP/1.1" 200 10519 "-" "Mozilla/5.0 (compatible; Ezooms/1.0; ezooms.bot@gmail.com)"
199.21.99.103 - - [13/Apr/2013:07:42:51 -0500] "GET /pdf/174%20Stores%20and%20Business%20Offering%20Military%20Discounts1.pdf HTTP/1.1" 200 122888 "-" "Mozilla/5.0 (compatible; YandexBot/3.0; +http://yandex.com/bots)"
173.199.116.203 - - [13/Apr/2013:07:48:12 -0500] "GET /java_for_joes/index.html HTTP/1.1" 404 - "-" "Mozilla/5.0 (compatible; AhrefsBot/4.0; +http://ahrefs.com/robot/)"
66.249.74.41 - - [13/Apr/2013:08:52:49 -0500] "GET /robots.txt HTTP/1.1" 404 - "-" "Mozilla/5.0 (compatible; Googlebot/2.1; +http://www.google.com/bot.html)"
66.249.74.41 - - [13/Apr/2013:08:52:49 -0500] "GET / HTTP/1.1" 200 10628 "-" "Mozilla/5.0 (compatible; Googlebot/2.1; +http://www.google.com/bot.html)"
157.55.33.44 - - [13/Apr/2013:09:39:24 -0500] "GET /robots.txt HTTP/1.1" 404 - "-" "Mozilla/5.0 (compatible; bingbot/2.0; +http://www.bing.com/bingbot.htm)"
157.55.33.44 - - [13/Apr/2013:09:40:42 -0500] "GET /pdf/Operation%20Wings%20of%20Hope.pdf HTTP/1.1" 200 52094 "-" "Mozilla/5.0 (compatible; bingbot/2.0; +http://www.bing.com/bingbot.htm)"
173.199.116.203 - - [13/Apr/2013:10:21:04 -0500] "GET /events/carousel_11/carousel_11.html HTTP/1.1" 200 3712 "-" "Mozilla/5.0 (compatible; AhrefsBot/4.0; +http://ahrefs.com/robot/)"
202.46.60.15 - - [13/Apr/2013:11:38:01 -0500] "GET / HTTP/1.1" 200 10628 "-" "Mozilla/4.0 (compatible; MSIE 7.0; Windows NT 6.0)"
119.63.193.196 - - [13/Apr/2013:11:38:04 -0500] "GET / HTTP/1.1" 200 10628 "-" "Mozilla/4.0 (compatible; MSIE 7.0; Windows NT 6.0)"
66.249.74.43 - - [13/Apr/2013:13:42:25 -0500] "GET /robots.txt HTTP/1.1" 404 - "-" "Mozilla/5.0 (compatible; Googlebot/2.1; +http://www.google.com/bot.html)"
66.249.74.43 - - [13/Apr/2013:13:42:26 -0500] "GET /donate.php HTTP/1.1" 200 11699 "-" "SAMSUNG-SGH-E250/1.0 Profile/MIDP-2.0 Configuration/CLDC-1.1 UP.Browser/6.2.3.3.c.1.101 (GUI) MMP/2.0 (compatible; Googlebot-Mobile/2.1; +http://www.google.com/bot.html)"
157.56.93.201 - - [13/Apr/2013:14:00:22 -0500] "GET /robots.txt HTTP/1.1" 404 - "-" "Mozilla/5.0 (compatible; bingbot/2.0; +http://www.bing.com/bingbot.htm)"
157.56.93.201 - - [13/Apr/2013:14:02:46 -0500] "GET /pdf/Veterans%20Resource%20Fair%20Exhib%20App.pdf HTTP/1.1" 200 26168 "-" "Mozilla/5.0 (compatible; bingbot/2.0; +http://www.bing.com/bingbot.htm)"
66.249.74.41 - - [13/Apr/2013:14:17:28 -0500] "GET /aboutus.php HTTP/1.1" 200 11667 "-" "Mozilla/5.0 (iPhone; U; CPU iPhone OS 4_1 like Mac OS X; en-us) AppleWebKit/532.9 (KHTML, like Gecko) Version/4.0.5 Mobile/8B117 Safari/6531.22.7 (compatible; Googlebot-Mobile/2.1; +http://www.google.com/bot.html)"
66.249.74.43 - - [13/Apr/2013:14:24:47 -0500] "GET /calendar.php HTTP/1.1" 200 10644 "-" "Mozilla/5.0 (iPhone; U; CPU iPhone OS 4_1 like Mac OS X; en-us) AppleWebKit/532.9 (KHTML, like Gecko) Version/4.0.5 Mobile/8B117 Safari/6531.22.7 (compatible; Googlebot-Mobile/2.1; +http://www.google.com/bot.html)"
46.118.119.252 - - [13/Apr/2013:14:50:12 -0500] "GET / HTTP/1.1" 200 10628 "http://www.plentagos.com/" "Mozilla/4.0 (compatible; MSIE 5.5; Windows NT 5.0; T312461)"
46.118.119.252 - - [13/Apr/2013:14:50:12 -0500] "GET / HTTP/1.1" 200 10628 "http://www.plentagos.com/" "Mozilla/4.0 (compatible; MSIE 5.5; Windows NT 5.0; T312461)"
46.118.119.252 - - [13/Apr/2013:14:50:13 -0500] "GET / HTTP/1.1" 200 10628 "http://www.plentagos.com/" "Mozilla/4.0 (compatible; MSIE 5.5; Windows NT 5.0; T312461)"
66.249.74.41 - - [13/Apr/2013:15:23:28 -0500] "GET /pdf/pearl%20harbor_map.pdf HTTP/1.1" 200 1596009 "-" "Mozilla/5.0 (iPhone; U; CPU iPhone OS 4_1 like Mac OS X; en-us) AppleWebKit/532.9 (KHTML, like Gecko) Version/4.0.5 Mobile/8B117 Safari/6531.22.7 (compatible; Googlebot-Mobile/2.1; +http://www.google.com/bot.html)"
66.249.74.41 - - [13/Apr/2013:15:30:51 -0500] "GET /pdf/OSH%20Freedom%20Fridays%20Sign%20Up%20Sheet.pdf HTTP/1.1" 200 170318 "-" "Mozilla/5.0 (iPhone; U; CPU iPhone OS 4_1 like Mac OS X; en-us) AppleWebKit/532.9 (KHTML, like Gecko) Version/4.0.5 Mobile/8B117 Safari/6531.22.7 (compatible; Googlebot-Mobile/2.1; +http://www.google.com/bot.html)"
66.249.74.43 - - [13/Apr/2013:15:38:08 -0500] "GET /events/carousel_11/carousel_11.html HTTP/1.1" 200 3712 "-" "Mozilla/5.0 (iPhone; U; CPU iPhone OS 4_1 like Mac OS X; en-us) AppleWebKit/532.9 (KHTML, like Gecko) Version/4.0.5 Mobile/8B117 Safari/6531.22.7 (compatible; Googlebot-Mobile/2.1; +http://www.google.com/bot.html)"
66.249.74.43 - - [13/Apr/2013:15:45:28 -0500] "GET /_inc/contact.php HTTP/1.1" 200 756 "-" "Mozilla/5.0 (iPhone; U; CPU iPhone OS 4_1 like Mac OS X; en-us) AppleWebKit/532.9 (KHTML, like Gecko) Version/4.0.5 Mobile/8B117 Safari/6531.22.7 (compatible; Googlebot-Mobile/2.1; +http://www.google.com/bot.html)"
92.249.127.111 - - [13/Apr/2013:17:02:06 -0500] "GET / HTTP/1.1" 200 10628 "http://palvarduk.ya.ru/replies.xml?item_no=36" "Mozilla/5.0 (compatible; news bot /2.1)"
92.249.127.111 - - [13/Apr/2013:17:02:07 -0500] "GET / HTTP/1.1" 200 10628 "http://palvarduk.ya.ru/replies.xml?item_no=36" "Mozilla/5.0 (compatible; news bot /2.1)"
188.165.248.204 - - [13/Apr/2013:17:08:08 -0500] "GET /robots.txt HTTP/1.0" 404 - "-" "Mozilla/5.0 (compatible; MJ12bot/v1.4.3; http://www.majestic12.co.uk/bot.php?+)"
188.165.248.204 - - [13/Apr/2013:17:08:21 -0500] "GET /java_for_joes/index.html HTTP/1.0" 404 - "-" "Mozilla/5.0 (compatible; MJ12bot/v1.4.3; http://www.majestic12.co.uk/bot.php?+)"
188.165.248.204 - - [13/Apr/2013:17:08:23 -0500] "GET /robots.txt HTTP/1.0" 404 - "-" "Mozilla/5.0 (compatible; MJ12bot/v1.4.3; http://www.majestic12.co.uk/bot.php?+)"
188.165.248.204 - - [13/Apr/2013:17:08:58 -0500] "GET / HTTP/1.0" 200 10628 "-" "Mozilla/5.0 (compatible; MJ12bot/v1.4.3; http://www.majestic12.co.uk/bot.php?+)"
199.21.99.103 - - [13/Apr/2013:17:12:26 -0500] "GET /robots.txt HTTP/1.1" 404 - "-" "Mozilla/5.0 (compatible; YandexBot/3.0; +http://yandex.com/bots)"
46.118.119.252 - - [13/Apr/2013:17:12:52 -0500] "GET / HTTP/1.1" 200 10628 "http://oneweb.ru/" "Mozilla/4.0 (compatible; MSIE 5.5; Windows NT 5.0; T312461)"
46.118.119.252 - - [13/Apr/2013:17:12:53 -0500] "GET / HTTP/1.1" 200 10628 "http://oneweb.ru/" "Mozilla/4.0 (compatible; MSIE 5.5; Windows NT 5.0; T312461)"
46.118.119.252 - - [13/Apr/2013:17:12:54 -0500] "GET / HTTP/1.1" 200 10628 "http://oneweb.ru/" "Mozilla/4.0 (compatible; MSIE 5.5; Windows NT 5.0; T312461)"
66.249.74.43 - - [13/Apr/2013:17:13:30 -0500] "GET /index.php HTTP/1.1" 200 10628 "-" "Mozilla/5.0 (iPhone; U; CPU iPhone OS 4_1 like Mac OS X; en-us) AppleWebKit/532.9 (KHTML, like Gecko) Version/4.0.5 Mobile/8B117 Safari/6531.22.7 (compatible; Googlebot-Mobile/2.1; +http://www.google.com/bot.html)"
66.249.74.43 - - [13/Apr/2013:17:25:46 -0500] "GET /style.css HTTP/1.1" 404 - "-" "Mozilla/5.0 (compatible; Googlebot/2.1; +http://www.google.com/bot.html)"
66.249.74.43 - - [13/Apr/2013:17:25:47 -0500] "GET /images/vet2fed.jpg HTTP/1.1" 404 - "-" "Mozilla/5.0 (compatible; Googlebot/2.1; +http://www.google.com/bot.html)"
66.249.74.43 - - [13/Apr/2013:17:25:47 -0500] "GET /images/smallboxtop.gif HTTP/1.1" 404 - "-" "Mozilla/5.0 (compatible; Googlebot/2.1; +http://www.google.com/bot.html)"
66.249.74.43 - - [13/Apr/2013:17:25:47 -0500] "GET /images/gbox.gif HTTP/1.1" 404 - "-" "Mozilla/5.0 (compatible; Googlebot/2.1; +http://www.google.com/bot.html)"
66.249.74.43 - - [13/Apr/2013:17:25:48 -0500] "GET /images/smallbox.gif HTTP/1.1" 404 - "-" "Mozilla/5.0 (compatible; Googlebot/2.1; +http://www.google.com/bot.html)"
66.249.74.43 - - [13/Apr/2013:17:25:49 -0500] "GET /images/gboxtop.gif HTTP/1.1" 404 - "-" "Mozilla/5.0 (compatible; Googlebot/2.1; +http://www.google.com/bot.html)"
66.249.74.43 - - [13/Apr/2013:17:25:50 -0500] "GET /images/camp.jpg HTTP/1.1" 404 - "-" "Mozilla/5.0 (compatible; Googlebot/2.1; +http://www.google.com/bot.html)"
66.249.74.43 - - [13/Apr/2013:17:25:51 -0500] "GET /images/calendar.gif HTTP/1.1" 404 - "-" "Mozilla/5.0 (compatible; Googlebot/2.1; +http://www.google.com/bot.html)"
66.249.74.43 - - [13/Apr/2013:17:25:51 -0500] "GET /images/box.gif HTTP/1.1" 404 - "-" "Mozilla/5.0 (compatible; Googlebot/2.1; +http://www.google.com/bot.html)"
66.249.74.43 - - [13/Apr/2013:17:25:52 -0500] "GET /images/bigbox.gif HTTP/1.1" 404 - "-" "Mozilla/5.0 (compatible; Googlebot/2.1; +http://www.google.com/bot.html)"
66.249.74.43 - - [13/Apr/2013:17:25:53 -0500] "GET /images/boxtop.gif HTTP/1.1" 404 - "-" "Mozilla/5.0 (compatible; Googlebot/2.1; +http://www.google.com/bot.html)"
66.249.74.43 - - [13/Apr/2013:17:25:53 -0500] "GET /images/raceway.jpg HTTP/1.1" 404 - "-" "Mozilla/5.0 (compatible; Googlebot/2.1; +http://www.google.com/bot.html)"
66.249.74.43 - - [13/Apr/2013:17:25:54 -0500] "GET /images/bodybg.gif HTTP/1.1" 404 - "-" "Mozilla/5.0 (compatible; Googlebot/2.1; +http://www.google.com/bot.html)"
66.249.74.43 - - [13/Apr/2013:17:25:55 -0500] "GET /images/box.png HTTP/1.1" 404 - "-" "Mozilla/5.0 (compatible; Googlebot/2.1; +http://www.google.com/bot.html)"
66.249.74.43 - - [13/Apr/2013:17:25:55 -0500] "GET /images/donate.png HTTP/1.1" 200 15197 "-" "Mozilla/5.0 (compatible; Googlebot/2.1; +http://www.google.com/bot.html)"
66.249.74.43 - - [13/Apr/2013:17:25:56 -0500] "GET /images/involved.png HTTP/1.1" 200 5042 "-" "Mozilla/5.0 (compatible; Googlebot/2.1; +http://www.google.com/bot.html)"
66.249.74.43 - - [13/Apr/2013:17:25:57 -0500] "GET /images/barbg.gif HTTP/1.1" 404 - "-" "Mozilla/5.0 (compatible; Googlebot/2.1; +http://www.google.com/bot.html)"
66.249.74.43 - - [13/Apr/2013:17:25:57 -0500] "GET /images/oif.jpg HTTP/1.1" 404 - "-" "Mozilla/5.0 (compatible; Googlebot/2.1; +http://www.google.com/bot.html)"
205.178.190.234 - - [13/Apr/2013:17:48:50 -0500] "HEAD /java_for_joes/index.html HTTP/1.1" 404 - "-" "Mozilla/5.0 (Windows; U; Windows NT 5.1; en-US; rv:1.8.1.16) Gecko/20080702 Firefox/2.0.0.16"
205.178.190.234 - - [13/Apr/2013:17:56:29 -0500] "GET /java_for_joes/index.html HTTP/1.1" 404 - "-" "Mozilla/4.0 (compatible; MSIE 7.0; Windows NT 5.2; Trident/4.0; .NET CLR 1.1.4322; .NET CLR 2.0.50727; .NET CLR 3.0.4506.2152; .NET CLR 3.5.30729)"
66.249.74.43 - - [13/Apr/2013:18:10:22 -0500] "GET /_inc/slide.php HTTP/1.1" 200 3205 "-" "SAMSUNG-SGH-E250/1.0 Profile/MIDP-2.0 Configuration/CLDC-1.1 UP.Browser/6.2.3.3.c.1.101 (GUI) MMP/2.0 (compatible; Googlebot-Mobile/2.1; +http://www.google.com/bot.html)"
157.56.93.214 - - [13/Apr/2013:18:14:02 -0500] "GET /robots.txt HTTP/1.1" 404 - "-" "Mozilla/5.0 (compatible; bingbot/2.0; +http://www.bing.com/bingbot.htm)"
157.55.32.81 - - [13/Apr/2013:18:15:46 -0500] "GET /resources.php HTTP/1.1" 200 10398 "-" "Mozilla/5.0 (compatible; bingbot/2.0; +http://www.bing.com/bingbot.htm)"
157.55.32.81 - - [13/Apr/2013:18:15:46 -0500] "GET /pdf/174%20Stores%20and%20Business%20Offering%20Military%20Discounts1.pdf HTTP/1.1" 200 122888 "-" "Mozilla/5.0 (compatible; bingbot/2.0; +http://www.bing.com/bingbot.htm)"
65.55.24.215 - - [13/Apr/2013:18:15:46 -0500] "GET / HTTP/1.1" 200 10628 "-" "Mozilla/5.0 (compatible; bingbot/2.0; +http://www.bing.com/bingbot.htm)"
65.55.24.215 - - [13/Apr/2013:18:15:46 -0500] "GET /index.php HTTP/1.1" 200 10628 "-" "Mozilla/5.0 (compatible; bingbot/2.0; +http://www.bing.com/bingbot.htm)"
157.56.93.214 - - [13/Apr/2013:18:15:46 -0500] "GET /aboutus.php HTTP/1.1" 200 11667 "-" "Mozilla/5.0 (compatible; bingbot/2.0; +http://www.bing.com/bingbot.htm)"
157.55.33.44 - - [13/Apr/2013:18:16:46 -0500] "GET /pdf/2010_Top100_Military_Friendly_Employers.pdf HTTP/1.1" 200 711726 "-" "Mozilla/5.0 (compatible; bingbot/2.0; +http://www.bing.com/bingbot.htm)"
157.55.32.149 - - [13/Apr/2013:19:13:16 -0500] "GET /pdf/OSH%20Freedom%20Fridays%20Sign%20Up%20Sheet.pdf HTTP/1.1" 200 170318 "-" "Mozilla/5.0 (compatible; bingbot/2.0; +http://www.bing.com/bingbot.htm)"
123.125.71.33 - - [13/Apr/2013:20:36:59 -0500] "GET /sys_cpanel/images/apache_pb.gif HTTP/1.1" 200 2326 "-" "Baiduspider-image+(+http://www.baidu.com/search/spider.htm)"
76.226.77.236 - - [13/Apr/2013:21:20:29 -0500] "GET /pdf/2013%20Salute%20Armed%20Forces.pdf HTTP/1.1" 200 1749455 "https://www.facebook.com/" "Mozilla/5.0 (Windows NT 6.0) AppleWebKit/537.31 (KHTML, like Gecko) Chrome/26.0.1410.64 Safari/537.31"
76.226.77.236 - - [13/Apr/2013:21:20:31 -0500] "GET /favicon.ico HTTP/1.1" 404 - "-" "Mozilla/5.0 (Windows NT 6.0) AppleWebKit/537.31 (KHTML, like Gecko) Chrome/26.0.1410.64 Safari/537.31"
76.226.77.236 - - [13/Apr/2013:21:20:31 -0500] "GET /pdf/2013%20Salute%20Armed%20Forces.pdf HTTP/1.1" 206 32768 "http://operationspokaneheroes.org/pdf/2013%20Salute%20Armed%20Forces.pdf" "Mozilla/5.0 (Windows NT 6.0) AppleWebKit/537.31 (KHTML, like Gecko) Chrome/26.0.1410.64 Safari/537.31"
76.226.77.236 - - [13/Apr/2013:21:20:32 -0500] "GET /pdf/2013%20Salute%20Armed%20Forces.pdf HTTP/1.1" 206 1667888 "http://operationspokaneheroes.org/pdf/2013%20Salute%20Armed%20Forces.pdf" "Mozilla/5.0 (Windows NT 6.0) AppleWebKit/537.31 (KHTML, like Gecko) Chrome/26.0.1410.64 Safari/537.31"
76.226.77.236 - - [13/Apr/2013:21:20:35 -0500] "GET /pdf/2013%20Salute%20Armed%20Forces.pdf HTTP/1.1" 206 48799 "http://operationspokaneheroes.org/pdf/2013%20Salute%20Armed%20Forces.pdf" "Mozilla/5.0 (Windows NT 6.0) AppleWebKit/537.31 (KHTML, like Gecko) Chrome/26.0.1410.64 Safari/537.31"
76.226.77.236 - - [13/Apr/2013:21:20:36 -0500] "GET /favicon.ico HTTP/1.1" 404 - "-" "Mozilla/5.0 (Windows NT 6.0) AppleWebKit/537.31 (KHTML, like Gecko) Chrome/26.0.1410.64 Safari/537.31"
150.70.172.206 - - [13/Apr/2013:21:25:06 -0500] "GET /pdf/2013%20Salute%20Armed%20Forces.pdf HTTP/1.0" 200 1749455 "-" "Mozilla/4.0 (compatible; MSIE 6.0; Windows NT 5.1)"
180.76.5.25 - - [13/Apr/2013:21:38:21 -0500] "GET /robots.txt HTTP/1.1" 404 - "-" "Mozilla/5.0 (Windows NT 5.1; rv:6.0.2) Gecko/20100101 Firefox/6.0.2"
66.249.74.43 - - [13/Apr/2013:23:07:40 -0500] "GET /donate.php HTTP/1.1" 200 11699 "-" "DoCoMo/2.0 N905i(c100;TB;W24H16) (compatible; Googlebot-Mobile/2.1; +http://www.google.com/bot.html)"
199.21.99.103 - - [13/Apr/2013:23:27:14 -0500] "GET /_inc/slide.php HTTP/1.1" 200 3205 "-" "Mozilla/5.0 (compatible; YandexBot/3.0; +http://yandex.com/bots)"
173.199.116.203 - - [13/Apr/2013:23:59:45 -0500] "GET /contact.php HTTP/1.1" 200 10519 "-" "Mozilla/5.0 (compatible; AhrefsBot/4.0; +http://ahrefs.com/robot/)"
208.115.111.70 - - [14/Apr/2013:00:03:46 -0500] "GET /robots.txt HTTP/1.1" 404 - "-" "Mozilla/5.0 (compatible; Ezooms/1.0; ezooms.bot@gmail.com)"
66.249.74.43 - - [14/Apr/2013:00:43:04 -0500] "GET / HTTP/1.1" 200 10628 "-" "Mozilla/5.0 (compatible; Googlebot/2.1; +http://www.google.com/bot.html)"
208.115.111.70 - - [14/Apr/2013:01:07:07 -0500] "GET /aboutus.php HTTP/1.1" 200 11667 "-" "Mozilla/5.0 (compatible; Ezooms/1.0; ezooms.bot@gmail.com)"
66.249.74.43 - - [14/Apr/2013:01:32:26 -0500] "GET /aboutus.php HTTP/1.1" 200 11667 "-" "Mozilla/5.0 (iPhone; U; CPU iPhone OS 4_1 like Mac OS X; en-us) AppleWebKit/532.9 (KHTML, like Gecko) Version/4.0.5 Mobile/8B117 Safari/6531.22.7 (compatible; Googlebot-Mobile/2.1; +http://www.google.com/bot.html)"
66.249.74.43 - - [14/Apr/2013:01:46:03 -0500] "GET /robots.txt HTTP/1.1" 404 - "-" "Mozilla/5.0 (compatible; Googlebot/2.1; +http://www.google.com/bot.html)"
180.76.5.16 - - [14/Apr/2013:01:49:39 -0500] "GET /css/compact_style.css HTTP/1.1" 200 4934 "-" "Mozilla/5.0 (compatible; Baiduspider/2.0; +http://www.baidu.com/search/spider.html)"
173.199.116.203 - - [14/Apr/2013:02:03:24 -0500] "GET /_inc/slide.php HTTP/1.1" 200 3205 "-" "Mozilla/5.0 (compatible; AhrefsBot/4.0; +http://ahrefs.com/robot/)"
173.199.116.203 - - [14/Apr/2013:03:35:14 -0500] "GET /_inc/contact.php HTTP/1.1" 200 756 "-" "Mozilla/5.0 (compatible; AhrefsBot/4.0; +http://ahrefs.com/robot/)"
173.199.116.203 - - [14/Apr/2013:03:36:20 -0500] "GET / HTTP/1.1" 200 10628 "-" "Mozilla/5.0 (compatible; AhrefsBot/4.0; +http://ahrefs.com/robot/)"
173.199.116.203 - - [14/Apr/2013:04:20:17 -0500] "GET /calendar.php HTTP/1.1" 200 10644 "-" "Mozilla/5.0 (compatible; AhrefsBot/4.0; +http://ahrefs.com/robot/)"
180.76.6.17 - - [14/Apr/2013:04:24:12 -0500] "GET /robots.txt HTTP/1.1" 404 - "-" "Mozilla/5.0 (Windows NT 5.1; rv:6.0.2) Gecko/20100101 Firefox/6.0.2"
195.242.218.133 - - [14/Apr/2013:05:00:38 -0500] "GET / HTTP/1.1" 200 10628 "http://pc.su/" "Mozilla/4.0 (compatible; MSIE 6.0; Windows ME) Opera 7.11  [en]"
195.242.218.133 - - [14/Apr/2013:05:00:40 -0500] "GET / HTTP/1.1" 200 10628 "http://pc.su/" "Mozilla/4.0 (compatible; MSIE 6.0; Windows ME) Opera 7.11  [en]"
195.242.218.133 - - [14/Apr/2013:05:00:41 -0500] "GET / HTTP/1.1" 200 10628 "http://pc.su/" "Mozilla/4.0 (compatible; MSIE 6.0; Windows ME) Opera 7.11  [en]"
199.21.99.103 - - [14/Apr/2013:05:30:06 -0500] "GET /robots.txt HTTP/1.1" 404 - "-" "Mozilla/5.0 (compatible; YandexBot/3.0; +http://yandex.com/bots)"
199.21.99.103 - - [14/Apr/2013:05:30:06 -0500] "GET /robots.txt HTTP/1.1" 404 - "-" "Mozilla/5.0 (compatible; YandexBot/3.0; +http://yandex.com/bots)"
199.21.99.103 - - [14/Apr/2013:05:30:08 -0500] "GET / HTTP/1.1" 200 10628 "-" "Mozilla/5.0 (compatible; YandexBot/3.0; +http://yandex.com/bots)"
199.21.99.103 - - [14/Apr/2013:05:30:09 -0500] "GET / HTTP/1.1" 200 10628 "-" "Mozilla/5.0 (compatible; YandexBot/3.0; +http://yandex.com/bots)"
199.21.99.103 - - [14/Apr/2013:05:30:13 -0500] "GET / HTTP/1.1" 200 10628 "-" "Mozilla/5.0 (compatible; YandexBot/3.0; +http://yandex.com/bots)"
199.21.99.103 - - [14/Apr/2013:05:30:17 -0500] "GET / HTTP/1.1" 200 10628 "-" "Mozilla/5.0 (compatible; YandexBot/3.0; +http://yandex.com/bots)"
123.125.71.98 - - [14/Apr/2013:05:37:17 -0500] "GET / HTTP/1.1" 200 10628 "-" "Mozilla/5.0 (compatible; Baiduspider/2.0; +http://www.baidu.com/search/spider.html)"
173.199.116.203 - - [14/Apr/2013:05:43:17 -0500] "GET /contact.php HTTP/1.1" 200 10519 "-" "Mozilla/5.0 (compatible; AhrefsBot/4.0; +http://ahrefs.com/robot/)"
66.249.74.43 - - [14/Apr/2013:07:08:05 -0500] "GET /pdf/OSH%20Freedom%20Fridays%20Flyer%20-%20Informational%20Handout%20Final.pdf HTTP/1.1" 304 - "-" "Mozilla/5.0 (compatible; Googlebot/2.1; +http://www.google.com/bot.html)"
173.199.116.203 - - [14/Apr/2013:07:14:48 -0500] "GET /aboutus.php HTTP/1.1" 200 11667 "-" "Mozilla/5.0 (compatible; AhrefsBot/4.0; +http://ahrefs.com/robot/)"
66.249.74.43 - - [14/Apr/2013:07:33:43 -0500] "GET /business.php HTTP/1.1" 200 10813 "-" "Mozilla/5.0 (compatible; Googlebot/2.1; +http://www.google.com/bot.html)"
193.106.136.50 - - [14/Apr/2013:07:49:44 -0500] "GET / HTTP/1.1" 200 10628 "http://nayra.ru/" "Mozilla/4.0 (compatible; MSIE 6.0; Windows NT 5.1; MyIE2; Deepnet Explorer)"
193.106.136.50 - - [14/Apr/2013:07:49:45 -0500] "GET / HTTP/1.1" 200 10628 "http://nayra.ru/" "Mozilla/4.0 (compatible; MSIE 6.0; Windows NT 5.1; MyIE2; Deepnet Explorer)"
178.137.129.44 - - [14/Apr/2013:07:54:00 -0500] "GET / HTTP/1.1" 200 10628 "http://bonus-fx.com/" "Mozilla/4.0 (compatible; MSIE 6.0; Windows NT 5.1; Deepnet Explorer 1.5.0; .NET CLR 1.0.3705)"
178.137.129.44 - - [14/Apr/2013:07:54:00 -0500] "GET / HTTP/1.1" 200 10628 "http://bonus-fx.com/" "Mozilla/4.0 (compatible; MSIE 6.0; Windows NT 5.1; Deepnet Explorer 1.5.0; .NET CLR 1.0.3705)"
178.137.129.44 - - [14/Apr/2013:07:54:01 -0500] "GET / HTTP/1.1" 200 10628 "http://bonus-fx.com/" "Mozilla/4.0 (compatible; MSIE 6.0; Windows NT 5.1; Deepnet Explorer 1.5.0; .NET CLR 1.0.3705)"
91.207.6.34 - - [14/Apr/2013:07:55:24 -0500] "GET / HTTP/1.1" 200 10628 "http://www.prostitutki-yaroslavlya.org/" "Mozilla/4.0 (compatible; MSIE 6.0; Windows NT 5.1) Netscape/8.0.4"
91.207.6.34 - - [14/Apr/2013:07:55:24 -0500] "GET / HTTP/1.1" 200 10628 "http://www.prostitutki-donetska.org/" "Mozilla/4.0 (compatible; MSIE 6.0; Windows NT 5.1) Netscape/8.0.4"
91.207.6.34 - - [14/Apr/2013:07:55:25 -0500] "GET / HTTP/1.1" 200 10628 "http://www.prostitutki-yaroslavlya.org/" "Mozilla/4.0 (compatible; MSIE 6.0; Windows NT 5.1) Netscape/8.0.4"
91.207.6.34 - - [14/Apr/2013:07:55:25 -0500] "GET / HTTP/1.1" 200 10628 "http://www.prostitutki-donetska.org/" "Mozilla/4.0 (compatible; MSIE 6.0; Windows NT 5.1) Netscape/8.0.4"
91.207.6.34 - - [14/Apr/2013:07:55:26 -0500] "GET / HTTP/1.1" 200 10628 "http://www.prostitutki-yaroslavlya.org/" "Mozilla/4.0 (compatible; MSIE 6.0; Windows NT 5.1) Netscape/8.0.4"
91.207.6.34 - - [14/Apr/2013:07:55:26 -0500] "GET / HTTP/1.1" 200 10628 "http://www.prostitutki-donetska.org/" "Mozilla/4.0 (compatible; MSIE 6.0; Windows NT 5.1) Netscape/8.0.4"
70.199.132.73 - - [14/Apr/2013:09:20:31 -0500] "GET /images/imagslider-2.png HTTP/1.1" 200 60039 "http://www.google.com/search?q=mariners+armed+forces+April+13&client=ms-android-verizon&hl=en&source=android-launcher-widget&v=141400000&source=lnms&tbm=isch&sa=X&ei=GbtqUYizJMnAiwL604DYAQ&ved=0CAgQ_AUoAQ&biw=360&bih=563&sei=JLtqUaO7AYeCjALs6IC4Aw" "Mozilla/5.0 (Linux; U; Android 4.0.4; en-us; DROID BIONIC 4G Build/6.7.2-223_DBN_M4-23) AppleWebKit/534.30 (KHTML, like Gecko) Version/4.0 Mobile Safari/534.30"
218.30.103.147 - - [14/Apr/2013:11:54:46 -0500] "GET / HTTP/1.1" 200 10628 "-" "Sogou web spider/4.0(+http://www.sogou.com/docs/help/webmasters.htm#07)"
218.30.103.147 - - [14/Apr/2013:11:54:51 -0500] "GET /robots.txt HTTP/1.1" 404 - "-" "Sogou web spider/4.0"
218.30.103.147 - - [14/Apr/2013:11:57:07 -0500] "GET / HTTP/1.1" 200 10628 "-" "Sogou web spider/4.0(+http://www.sogou.com/docs/help/webmasters.htm#07)"
157.56.93.201 - - [14/Apr/2013:12:12:30 -0500] "GET /robots.txt HTTP/1.1" 404 - "-" "Mozilla/5.0 (compatible; bingbot/2.0; +http://www.bing.com/bingbot.htm)"
157.56.93.201 - - [14/Apr/2013:12:15:11 -0500] "GET /java_for_joes/index.html HTTP/1.1" 404 - "-" "Mozilla/5.0 (compatible; bingbot/2.0; +http://www.bing.com/bingbot.htm)"
67.185.214.218 - - [14/Apr/2013:12:25:24 -0500] "GET /favicon.ico HTTP/1.1" 404 - "-" "Mozilla/5.0 (compatible; MSIE 10.0; Windows NT 6.1; Win64; x64; Trident/6.0)"
67.185.214.218 - - [14/Apr/2013:12:25:24 -0500] "GET /events.php HTTP/1.1" 200 6407 "http://search.comcast.net/?cat=web&con=betac&q=brittany+cozza&offset=10" "Mozilla/5.0 (compatible; MSIE 10.0; Windows NT 6.1; WOW64; Trident/6.0)"
67.185.214.218 - - [14/Apr/2013:12:25:24 -0500] "GET /css/footer.css HTTP/1.1" 200 752 "http://operationspokaneheroes.org/events.php" "Mozilla/5.0 (compatible; MSIE 10.0; Windows NT 6.1; WOW64; Trident/6.0)"
67.185.214.218 - - [14/Apr/2013:12:25:24 -0500] "GET /css/global.css HTTP/1.1" 200 13951 "http://operationspokaneheroes.org/events.php" "Mozilla/5.0 (compatible; MSIE 10.0; Windows NT 6.1; WOW64; Trident/6.0)"
67.185.214.218 - - [14/Apr/2013:12:25:24 -0500] "GET /events/carousel_11/carousel_11.html HTTP/1.1" 200 3712 "http://operationspokaneheroes.org/events.php" "Mozilla/5.0 (compatible; MSIE 10.0; Windows NT 6.1; WOW64; Trident/6.0)"
67.185.214.218 - - [14/Apr/2013:12:25:24 -0500] "GET /events/vet_picnic/vet_picnic.html HTTP/1.1" 200 3163 "http://operationspokaneheroes.org/events.php" "Mozilla/5.0 (compatible; MSIE 10.0; Windows NT 6.1; WOW64; Trident/6.0)"
67.185.214.218 - - [14/Apr/2013:12:25:24 -0500] "GET /events/ermy_event/ermy.html HTTP/1.1" 200 3507 "http://operationspokaneheroes.org/events.php" "Mozilla/5.0 (compatible; MSIE 10.0; Windows NT 6.1; WOW64; Trident/6.0)"
67.185.214.218 - - [14/Apr/2013:12:25:24 -0500] "GET /images/nav2.jpg HTTP/1.1" 200 4444 "http://operationspokaneheroes.org/events.php" "Mozilla/5.0 (compatible; MSIE 10.0; Windows NT 6.1; WOW64; Trident/6.0)"
67.185.214.218 - - [14/Apr/2013:12:25:24 -0500] "GET /mainbk.png HTTP/1.1" 200 290 "http://operationspokaneheroes.org/events.php" "Mozilla/5.0 (compatible; MSIE 10.0; Windows NT 6.1; WOW64; Trident/6.0)"
67.185.214.218 - - [14/Apr/2013:12:25:24 -0500] "GET /events/carousel_11/css/style.css HTTP/1.1" 200 1149 "http://operationspokaneheroes.org/events/carousel_11/carousel_11.html" "Mozilla/5.0 (compatible; MSIE 10.0; Windows NT 6.1; WOW64; Trident/6.0)"
67.185.214.218 - - [14/Apr/2013:12:25:24 -0500] "GET /events/carousel_11/js/jquery.movingboxes.min.js HTTP/1.1" 200 4663 "http://operationspokaneheroes.org/events/carousel_11/carousel_11.html" "Mozilla/5.0 (compatible; MSIE 10.0; Windows NT 6.1; WOW64; Trident/6.0)"
67.185.214.218 - - [14/Apr/2013:12:25:24 -0500] "GET /images/bg2.jpg HTTP/1.1" 200 55206 "http://operationspokaneheroes.org/events.php" "Mozilla/5.0 (compatible; MSIE 10.0; Windows NT 6.1; WOW64; Trident/6.0)"
67.185.214.218 - - [14/Apr/2013:12:25:24 -0500] "GET /events/Brittanycozza-.png HTTP/1.1" 200 156325 "http://operationspokaneheroes.org/events.php" "Mozilla/5.0 (compatible; MSIE 10.0; Windows NT 6.1; WOW64; Trident/6.0)"
67.185.214.218 - - [14/Apr/2013:12:25:24 -0500] "GET /images/logo.png HTTP/1.1" 200 226129 "http://operationspokaneheroes.org/events.php" "Mozilla/5.0 (compatible; MSIE 10.0; Windows NT 6.1; WOW64; Trident/6.0)"
67.185.214.218 - - [14/Apr/2013:12:25:24 -0500] "GET /events/carousel_11/images/10.jpg HTTP/1.1" 200 165405 "http://operationspokaneheroes.org/events/carousel_11/carousel_11.html" "Mozilla/5.0 (compatible; MSIE 10.0; Windows NT 6.1; WOW64; Trident/6.0)"
67.185.214.218 - - [14/Apr/2013:12:25:25 -0500] "GET /events/carousel_11/images/6.jpg HTTP/1.1" 200 154334 "http://operationspokaneheroes.org/events/carousel_11/carousel_11.html" "Mozilla/5.0 (compatible; MSIE 10.0; Windows NT 6.1; WOW64; Trident/6.0)"
67.185.214.218 - - [14/Apr/2013:12:25:25 -0500] "GET /events/carousel_11/images/7.jpg HTTP/1.1" 200 162292 "http://operationspokaneheroes.org/events/carousel_11/carousel_11.html" "Mozilla/5.0 (compatible; MSIE 10.0; Windows NT 6.1; WOW64; Trident/6.0)"
67.185.214.218 - - [14/Apr/2013:12:25:25 -0500] "GET /events/carousel_11/images/8.jpg HTTP/1.1" 200 136957 "http://operationspokaneheroes.org/events/carousel_11/carousel_11.html" "Mozilla/5.0 (compatible; MSIE 10.0; Windows NT 6.1; WOW64; Trident/6.0)"
67.185.214.218 - - [14/Apr/2013:12:25:25 -0500] "GET /events/carousel_11/images/5.jpg HTTP/1.1" 200 157898 "http://operationspokaneheroes.org/events/carousel_11/carousel_11.html" "Mozilla/5.0 (compatible; MSIE 10.0; Windows NT 6.1; WOW64; Trident/6.0)"
67.185.214.218 - - [14/Apr/2013:12:25:24 -0500] "GET /events/carousel_11/images/11.jpg HTTP/1.1" 200 171021 "http://operationspokaneheroes.org/events/carousel_11/carousel_11.html" "Mozilla/5.0 (compatible; MSIE 10.0; Windows NT 6.1; WOW64; Trident/6.0)"
67.185.214.218 - - [14/Apr/2013:12:25:25 -0500] "GET /events/vet_picnic/css/style.css HTTP/1.1" 200 1149 "http://operationspokaneheroes.org/events/vet_picnic/vet_picnic.html" "Mozilla/5.0 (compatible; MSIE 10.0; Windows NT 6.1; WOW64; Trident/6.0)"
67.185.214.218 - - [14/Apr/2013:12:25:25 -0500] "GET /events/vet_picnic/js/jquery.movingboxes.min.js HTTP/1.1" 200 4663 "http://operationspokaneheroes.org/events/vet_picnic/vet_picnic.html" "Mozilla/5.0 (compatible; MSIE 10.0; Windows NT 6.1; WOW64; Trident/6.0)"
67.185.214.218 - - [14/Apr/2013:12:25:25 -0500] "GET /events/carousel_11/images/4.jpg HTTP/1.1" 200 162289 "http://operationspokaneheroes.org/events/carousel_11/carousel_11.html" "Mozilla/5.0 (compatible; MSIE 10.0; Windows NT 6.1; WOW64; Trident/6.0)"
67.185.214.218 - - [14/Apr/2013:12:25:25 -0500] "GET /events/vet_picnic/images/67.jpg HTTP/1.1" 404 - "http://operationspokaneheroes.org/events/vet_picnic/vet_picnic.html" "Mozilla/5.0 (compatible; MSIE 10.0; Windows NT 6.1; WOW64; Trident/6.0)"
67.185.214.218 - - [14/Apr/2013:12:25:25 -0500] "GET /events/vet_picnic/images/6.jpg HTTP/1.1" 200 169784 "http://operationspokaneheroes.org/events/vet_picnic/vet_picnic.html" "Mozilla/5.0 (compatible; MSIE 10.0; Windows NT 6.1; WOW64; Trident/6.0)"
67.185.214.218 - - [14/Apr/2013:12:25:25 -0500] "GET /events/vet_picnic/images/4.jpg HTTP/1.1" 200 181214 "http://operationspokaneheroes.org/events/vet_picnic/vet_picnic.html" "Mozilla/5.0 (compatible; MSIE 10.0; Windows NT 6.1; WOW64; Trident/6.0)"
67.185.214.218 - - [14/Apr/2013:12:25:25 -0500] "GET /events/vet_picnic/images/5.jpg HTTP/1.1" 200 197080 "http://operationspokaneheroes.org/events/vet_picnic/vet_picnic.html" "Mozilla/5.0 (compatible; MSIE 10.0; Windows NT 6.1; WOW64; Trident/6.0)"
67.185.214.218 - - [14/Apr/2013:12:25:25 -0500] "GET /events/carousel_11/images/2.jpg HTTP/1.1" 200 158920 "http://operationspokaneheroes.org/events/carousel_11/carousel_11.html" "Mozilla/5.0 (compatible; MSIE 10.0; Windows NT 6.1; WOW64; Trident/6.0)"
67.185.214.218 - - [14/Apr/2013:12:25:25 -0500] "GET /events/carousel_11/images/3.jpg HTTP/1.1" 200 168442 "http://operationspokaneheroes.org/events/carousel_11/carousel_11.html" "Mozilla/5.0 (compatible; MSIE 10.0; Windows NT 6.1; WOW64; Trident/6.0)"
67.185.214.218 - - [14/Apr/2013:12:25:26 -0500] "GET /events/vet_picnic/images/3.jpg HTTP/1.1" 200 197588 "http://operationspokaneheroes.org/events/vet_picnic/vet_picnic.html" "Mozilla/5.0 (compatible; MSIE 10.0; Windows NT 6.1; WOW64; Trident/6.0)"
67.185.214.218 - - [14/Apr/2013:12:25:26 -0500] "GET /events/vet_picnic/images/2.jpg HTTP/1.1" 200 184758 "http://operationspokaneheroes.org/events/vet_picnic/vet_picnic.html" "Mozilla/5.0 (compatible; MSIE 10.0; Windows NT 6.1; WOW64; Trident/6.0)"
67.185.214.218 - - [14/Apr/2013:12:25:26 -0500] "GET /events/ermy_event/css/style.css HTTP/1.1" 200 1149 "http://operationspokaneheroes.org/events/ermy_event/ermy.html" "Mozilla/5.0 (compatible; MSIE 10.0; Windows NT 6.1; WOW64; Trident/6.0)"
