2.248.171.141 - - [03/Jul/2013:07:45:57 -0500] "GET / HTTP/1.1" 200 10635 "-" "Mozilla/5.0 (compatible; lufsbot/0.1; +http://www.lufs.org/bot.html)"
2.248.171.141 - - [03/Jul/2013:07:45:58 -0500] "GET /index.php HTTP/1.1" 200 10635 "-" "Mozilla/5.0 (compatible; lufsbot/0.1; +http://www.lufs.org/bot.html)"
2.248.171.141 - - [03/Jul/2013:07:45:59 -0500] "GET /aboutus.php HTTP/1.1" 200 11667 "-" "Mozilla/5.0 (compatible; lufsbot/0.1; +http://www.lufs.org/bot.html)"
2.248.171.141 - - [03/Jul/2013:07:45:59 -0500] "GET /contact.php HTTP/1.1" 200 10519 "-" "Mozilla/5.0 (compatible; lufsbot/0.1; +http://www.lufs.org/bot.html)"
2.248.171.141 - - [03/Jul/2013:07:46:00 -0500] "GET /donate.php HTTP/1.1" 200 11699 "-" "Mozilla/5.0 (compatible; lufsbot/0.1; +http://www.lufs.org/bot.html)"
157.55.33.146 - - [03/Jul/2013:07:54:16 -0500] "GET /robots.txt HTTP/1.1" 404 - "-" "Mozilla/5.0 (compatible; bingbot/2.0; +http://www.bing.com/bingbot.htm)"
157.55.33.146 - - [03/Jul/2013:07:58:22 -0500] "GET /pdf/ HTTP/1.1" 200 3965 "-" "Mozilla/5.0 (compatible; bingbot/2.0; +http://www.bing.com/bingbot.htm)"
157.55.33.146 - - [03/Jul/2013:08:49:48 -0500] "GET /robots.txt HTTP/1.1" 404 - "-" "Mozilla/5.0 (compatible; bingbot/2.0; +http://www.bing.com/bingbot.htm)"
157.55.33.146 - - [03/Jul/2013:08:52:14 -0500] "GET /pdf/ HTTP/1.1" 200 3965 "-" "Mozilla/5.0 (compatible; bingbot/2.0; +http://www.bing.com/bingbot.htm)"
204.12.208.162 - - [03/Jul/2013:08:52:34 -0500] "GET /robots.txt HTTP/1.0" 404 - "-" "Mozilla/5.0 (compatible; MJ12bot/v1.4.3; http://www.majestic12.co.uk/bot.php?+)"
204.12.208.162 - - [03/Jul/2013:08:52:35 -0500] "GET /_inc/contact.php HTTP/1.0" 200 756 "-" "Mozilla/5.0 (compatible; MJ12bot/v1.4.3; http://www.majestic12.co.uk/bot.php?+)"
204.12.208.162 - - [03/Jul/2013:08:52:37 -0500] "GET /events/carousel_11/carousel_11.html HTTP/1.0" 200 3712 "-" "Mozilla/5.0 (compatible; MJ12bot/v1.4.3; http://www.majestic12.co.uk/bot.php?+)"
204.12.208.162 - - [03/Jul/2013:08:52:40 -0500] "GET /robots.txt HTTP/1.0" 404 - "-" "Mozilla/5.0 (compatible; MJ12bot/v1.4.3; http://www.majestic12.co.uk/bot.php?+)"
204.12.208.162 - - [03/Jul/2013:08:52:41 -0500] "GET /events/ermy_event/ermy.html HTTP/1.0" 200 3507 "-" "Mozilla/5.0 (compatible; MJ12bot/v1.4.3; http://www.majestic12.co.uk/bot.php?+)"
204.12.208.162 - - [03/Jul/2013:08:52:43 -0500] "GET /events/vet_picnic/vet_picnic.html HTTP/1.0" 200 3163 "-" "Mozilla/5.0 (compatible; MJ12bot/v1.4.3; http://www.majestic12.co.uk/bot.php?+)"
204.12.208.162 - - [03/Jul/2013:08:52:44 -0500] "GET /slider/index.html HTTP/1.0" 200 2952 "-" "Mozilla/5.0 (compatible; MJ12bot/v1.4.3; http://www.majestic12.co.uk/bot.php?+)"
93.190.138.105 - - [03/Jul/2013:10:48:16 -0500] "GET / HTTP/1.1" 200 10635 "http://domains.checkparams.com/index.php?q=operationspokaneheroes.org" "Mozilla/5.0 (compatible; DCPbot/1.4; +http://domains.checkparams.com/)"
199.21.99.103 - - [03/Jul/2013:11:04:33 -0500] "GET /robots.txt HTTP/1.1" 404 - "-" "Mozilla/5.0 (compatible; YandexBot/3.0; +http://yandex.com/bots)"
46.165.197.142 - - [03/Jul/2013:11:08:26 -0500] "GET /robots.txt HTTP/1.0" 404 - "-" "Mozilla/5.0 (compatible; MJ12bot/v1.4.3; http://www.majestic12.co.uk/bot.php?+)"
46.165.197.142 - - [03/Jul/2013:11:08:28 -0500] "GET /calendar.php HTTP/1.0" 200 10644 "-" "Mozilla/5.0 (compatible; MJ12bot/v1.4.3; http://www.majestic12.co.uk/bot.php?+)"
208.115.111.70 - - [03/Jul/2013:11:53:13 -0500] "GET /robots.txt HTTP/1.1" 404 - "-" "Mozilla/5.0 (compatible; Ezooms/1.0; ezooms.bot@gmail.com)"
178.255.87.241 - - [03/Jul/2013:12:01:21 -0500] "GET /robots.txt HTTP/1.0" 404 - "-" "COMODOSpider/Nutch-1.2"
178.255.87.241 - - [03/Jul/2013:12:01:21 -0500] "GET /java_for_joes/index.html HTTP/1.0" 404 - "-" "COMODOSpider/Nutch-1.2"
173.199.114.131 - - [03/Jul/2013:12:12:12 -0500] "GET /index.php HTTP/1.1" 200 10635 "-" "Mozilla/5.0 (compatible; AhrefsBot/4.0; +http://ahrefs.com/robot/)"
66.249.73.53 - - [03/Jul/2013:12:28:55 -0500] "GET /robots.txt HTTP/1.1" 404 - "-" "Mozilla/5.0 (compatible; Googlebot/2.1; +http://www.google.com/bot.html)"
66.249.73.53 - - [03/Jul/2013:12:28:55 -0500] "GET / HTTP/1.1" 200 10635 "-" "Mozilla/5.0 (compatible; Googlebot/2.1; +http://www.google.com/bot.html)"
23.19.132.84 - - [03/Jul/2013:12:48:57 -0500] "GET /aboutus.php HTTP/1.0" 200 11667 "http://www.operationspokaneheroes.org/" "Mozilla/4.0 (compatible; MSIE 7.0; Windows NT 5.1; SV1; .NET CLR 2.0.50727)"
23.19.132.84 - - [03/Jul/2013:12:48:59 -0500] "GET /_inc/slide.php HTTP/1.0" 200 3205 "http://www.operationspokaneheroes.org/" "Mozilla/4.0 (compatible; MSIE 7.0; Windows NT 5.1; SV1; .NET CLR 2.0.50727)"
208.115.111.70 - - [03/Jul/2013:12:58:16 -0500] "GET /business.php HTTP/1.1" 200 10813 "-" "Mozilla/5.0 (compatible; Ezooms/1.0; ezooms.bot@gmail.com)"
198.2.193.195 - - [03/Jul/2013:13:00:32 -0500] "GET /aboutus.php HTTP/1.0" 200 11667 "http://operationspokaneheroes.org/aboutus.php" "Opera/9.80 (Windows NT 5.1; U; ru) Presto/2.10.289 Version/12.00"
173.199.114.131 - - [03/Jul/2013:13:42:06 -0500] "GET /join/ HTTP/1.1" 404 - "-" "Mozilla/5.0 (compatible; AhrefsBot/4.0; +http://ahrefs.com/robot/)"
173.208.165.90 - - [03/Jul/2013:14:39:30 -0500] "GET /robots.txt HTTP/1.0" 404 - "-" "Mozilla/5.0 (compatible; MJ12bot/v1.4.3; http://www.majestic12.co.uk/bot.php?+)"
173.208.165.90 - - [03/Jul/2013:14:39:32 -0500] "GET /java_for_joes/index.html HTTP/1.0" 404 - "-" "Mozilla/5.0 (compatible; MJ12bot/v1.4.3; http://www.majestic12.co.uk/bot.php?+)"
46.229.164.100 - - [03/Jul/2013:14:58:22 -0500] "GET / HTTP/1.1" 200 10635 "-" "Mozilla/5.0 (compatible; SemrushBot/0.96.3; +http://www.semrush.com/bot.html)"
173.199.114.131 - - [03/Jul/2013:15:05:57 -0500] "GET /events/ermy_event/ermy.html HTTP/1.1" 200 3507 "-" "Mozilla/5.0 (compatible; AhrefsBot/4.0; +http://ahrefs.com/robot/)"
93.189.43.2 - - [03/Jul/2013:15:38:41 -0500] "GET //language/en-GB/en-GB.xml HTTP/1.1" 404 - "-" "Mozilla/4.0 (compatible; MSIE 6.0; Windows NT 5.2; Win64; x64; SV1)"
180.76.5.52 - - [03/Jul/2013:15:49:57 -0500] "GET /slider.html HTTP/1.1" 200 8245 "-" "Mozilla/5.0 (compatible; Baiduspider/2.0; +http://www.baidu.com/search/spider.html)"
157.55.35.114 - - [03/Jul/2013:15:50:16 -0500] "GET /robots.txt HTTP/1.1" 404 - "-" "Mozilla/5.0 (compatible; bingbot/2.0; +http://www.bing.com/bingbot.htm)"
157.55.35.114 - - [03/Jul/2013:15:51:15 -0500] "GET /benefits.php HTTP/1.1" 404 - "-" "Mozilla/5.0 (compatible; bingbot/2.0; +http://www.bing.com/bingbot.htm)"
173.199.114.131 - - [03/Jul/2013:16:00:35 -0500] "GET /calendar.php HTTP/1.1" 200 10644 "-" "Mozilla/5.0 (compatible; AhrefsBot/4.0; +http://ahrefs.com/robot/)"
173.199.114.131 - - [03/Jul/2013:16:56:40 -0500] "GET /events.php HTTP/1.1" 200 6407 "-" "Mozilla/5.0 (compatible; AhrefsBot/4.0; +http://ahrefs.com/robot/)"
65.55.52.87 - - [03/Jul/2013:17:14:36 -0500] "GET /robots.txt HTTP/1.1" 404 - "-" "Mozilla/5.0 (compatible; bingbot/2.0; +http://www.bing.com/bingbot.htm)"
66.249.73.216 - - [03/Jul/2013:17:19:09 -0500] "GET /robots.txt HTTP/1.1" 404 - "-" "Mozilla/5.0 (compatible; Googlebot/2.1; +http://www.google.com/bot.html)"
66.249.73.216 - - [03/Jul/2013:17:19:09 -0500] "GET /pdf/building.jpg HTTP/1.1" 304 - "-" "Googlebot-Image/1.0"
88.190.61.95 - - [03/Jul/2013:17:19:35 -0500] "GET /aboutus.php HTTP/1.0" 200 11667 "http://operationspokaneheroes.org/aboutus.php" "Mozilla/5.0 (Windows NT 6.1; WOW64) AppleWebKit/537.4 (KHTML, like Gecko) Chrome/22.0.1229.96 Safari/537.4"
180.76.5.48 - - [03/Jul/2013:17:28:45 -0500] "GET /robots.txt HTTP/1.1" 404 - "-" "Mozilla/5.0 (Windows NT 5.1; rv:6.0.2) Gecko/20100101 Firefox/6.0.2"
62.212.73.211 - - [03/Jul/2013:17:37:05 -0500] "GET /robots.txt HTTP/1.0" 404 - "-" "Mozilla/5.0 (compatible; MJ12bot/v1.4.3; http://www.majestic12.co.uk/bot.php?+)"
62.212.73.211 - - [03/Jul/2013:17:37:07 -0500] "GET /join HTTP/1.0" 404 - "-" "Mozilla/5.0 (compatible; MJ12bot/v1.4.3; http://www.majestic12.co.uk/bot.php?+)"
199.21.99.103 - - [03/Jul/2013:17:50:18 -0500] "GET /calendar.php HTTP/1.1" 200 10644 "-" "Mozilla/5.0 (compatible; YandexBot/3.0; +http://yandex.com/bots)"
65.55.52.87 - - [03/Jul/2013:18:28:35 -0500] "GET /robots.txt HTTP/1.1" 404 - "-" "Mozilla/5.0 (compatible; bingbot/2.0; +http://www.bing.com/bingbot.htm)"
65.55.52.87 - - [03/Jul/2013:18:29:57 -0500] "GET / HTTP/1.1" 200 10635 "-" "Mozilla/5.0 (compatible; bingbot/2.0; +http://www.bing.com/bingbot.htm)"
65.55.52.87 - - [03/Jul/2013:18:58:14 -0500] "GET / HTTP/1.1" 200 10635 "-" "Mozilla/5.0 (compatible; bingbot/2.0; +http://www.bing.com/bingbot.htm)"
180.76.6.225 - - [03/Jul/2013:19:13:22 -0500] "GET /donate.php HTTP/1.1" 200 11699 "-" "Mozilla/5.0 (compatible; Baiduspider/2.0; +http://www.baidu.com/search/spider.html)"
101.227.4.27 - - [03/Jul/2013:19:28:30 -0500] "GET /robots.txt HTTP/1.1" 404 - "-" "Mozilla/5.0 ()"
101.227.4.27 - - [03/Jul/2013:19:28:33 -0500] "HEAD /java_for_joes/index.html HTTP/1.1" 404 - "-" "Mozilla/5.0 (compatible; YYSpider; +http://www.yunyun.com/spider.html)"
101.227.4.27 - - [03/Jul/2013:19:28:33 -0500] "GET /java_for_joes/index.html HTTP/1.1" 404 - "-" "Mozilla/5.0 (compatible; YYSpider; +http://www.yunyun.com/spider.html)"
208.115.111.70 - - [03/Jul/2013:19:52:09 -0500] "GET /robots.txt HTTP/1.1" 404 - "-" "Mozilla/5.0 (compatible; Ezooms/1.0; ezooms.bot@gmail.com)"
66.249.73.53 - - [03/Jul/2013:20:45:54 -0500] "GET / HTTP/1.1" 200 10635 "-" "Mozilla/5.0 (iPhone; U; CPU iPhone OS 4_1 like Mac OS X; en-us) AppleWebKit/532.9 (KHTML, like Gecko) Version/4.0.5 Mobile/8B117 Safari/6531.22.7 (compatible; Googlebot-Mobile/2.1; +http://www.google.com/bot.html)"
66.249.73.216 - - [03/Jul/2013:20:54:18 -0500] "GET / HTTP/1.1" 200 10635 "-" "Mozilla/5.0 (iPhone; U; CPU iPhone OS 4_1 like Mac OS X; en-us) AppleWebKit/532.9 (KHTML, like Gecko) Version/4.0.5 Mobile/8B117 Safari/6531.22.7 (compatible; Googlebot-Mobile/2.1; +http://www.google.com/bot.html)"
208.115.111.70 - - [03/Jul/2013:20:54:22 -0500] "GET /employers.php HTTP/1.1" 404 - "-" "Mozilla/5.0 (compatible; Ezooms/1.0; ezooms.bot@gmail.com)"
157.56.92.159 - - [03/Jul/2013:20:54:56 -0500] "GET /robots.txt HTTP/1.1" 404 - "-" "Mozilla/5.0 (compatible; bingbot/2.0; +http://www.bing.com/bingbot.htm)"
184.97.95.159 - - [03/Jul/2013:21:12:56 -0500] "GET / HTTP/1.1" 200 10635 "http://www.google.com/url?sa=t&rct=j&q=spokane%20families%20in%20need&source=web&cd=10&ved=0CGQQFjAJ&url=http%3A%2F%2Foperationspokaneheroes.org%2F&ei=s9nUUdL5OYW6yAGlg4CADw&usg=AFQjCNGGuKExGUEgtWK2o7s2b3sBxGCH3Q" "Mozilla/4.0 (compatible; MSIE 8.0; Windows NT 6.1; WOW64; Trident/4.0; GTB7.5; SLCC2; .NET CLR 2.0.50727; .NET CLR 3.5.30729; .NET CLR 3.0.30729; Media Center PC 6.0; .NET4.0C)"
184.97.95.159 - - [03/Jul/2013:21:12:56 -0500] "GET /css/global.css HTTP/1.1" 200 13951 "http://operationspokaneheroes.org/" "Mozilla/4.0 (compatible; MSIE 8.0; Windows NT 6.1; WOW64; Trident/4.0; GTB7.5; SLCC2; .NET CLR 2.0.50727; .NET CLR 3.5.30729; .NET CLR 3.0.30729; Media Center PC 6.0; .NET4.0C)"
184.97.95.159 - - [03/Jul/2013:21:12:57 -0500] "GET /images/contacticon.png HTTP/1.1" 200 4499 "http://operationspokaneheroes.org/" "Mozilla/4.0 (compatible; MSIE 8.0; Windows NT 6.1; WOW64; Trident/4.0; GTB7.5; SLCC2; .NET CLR 2.0.50727; .NET CLR 3.5.30729; .NET CLR 3.0.30729; Media Center PC 6.0; .NET4.0C)"
184.97.95.159 - - [03/Jul/2013:21:12:57 -0500] "GET /images/facebook.png HTTP/1.1" 200 5004 "http://operationspokaneheroes.org/" "Mozilla/4.0 (compatible; MSIE 8.0; Windows NT 6.1; WOW64; Trident/4.0; GTB7.5; SLCC2; .NET CLR 2.0.50727; .NET CLR 3.5.30729; .NET CLR 3.0.30729; Media Center PC 6.0; .NET4.0C)"
184.97.95.159 - - [03/Jul/2013:21:12:57 -0500] "GET /images/global.png HTTP/1.1" 200 5737 "http://operationspokaneheroes.org/" "Mozilla/4.0 (compatible; MSIE 8.0; Windows NT 6.1; WOW64; Trident/4.0; GTB7.5; SLCC2; .NET CLR 2.0.50727; .NET CLR 3.5.30729; .NET CLR 3.0.30729; Media Center PC 6.0; .NET4.0C)"
184.97.95.159 - - [03/Jul/2013:21:12:57 -0500] "GET /images/nav2.jpg HTTP/1.1" 200 4444 "http://operationspokaneheroes.org/" "Mozilla/4.0 (compatible; MSIE 8.0; Windows NT 6.1; WOW64; Trident/4.0; GTB7.5; SLCC2; .NET CLR 2.0.50727; .NET CLR 3.5.30729; .NET CLR 3.0.30729; Media Center PC 6.0; .NET4.0C)"
184.97.95.159 - - [03/Jul/2013:21:12:57 -0500] "GET /_inc/slide.php HTTP/1.1" 200 3205 "http://operationspokaneheroes.org/" "Mozilla/4.0 (compatible; MSIE 8.0; Windows NT 6.1; WOW64; Trident/4.0; GTB7.5; SLCC2; .NET CLR 2.0.50727; .NET CLR 3.5.30729; .NET CLR 3.0.30729; Media Center PC 6.0; .NET4.0C)"
184.97.95.159 - - [03/Jul/2013:21:12:57 -0500] "GET /slider/index.html HTTP/1.1" 200 2952 "http://operationspokaneheroes.org/" "Mozilla/4.0 (compatible; MSIE 8.0; Windows NT 6.1; WOW64; Trident/4.0; GTB7.5; SLCC2; .NET CLR 2.0.50727; .NET CLR 3.5.30729; .NET CLR 3.0.30729; Media Center PC 6.0; .NET4.0C)"
184.97.95.159 - - [03/Jul/2013:21:12:57 -0500] "GET /css/footer.css HTTP/1.1" 200 752 "http://operationspokaneheroes.org/" "Mozilla/4.0 (compatible; MSIE 8.0; Windows NT 6.1; WOW64; Trident/4.0; GTB7.5; SLCC2; .NET CLR 2.0.50727; .NET CLR 3.5.30729; .NET CLR 3.0.30729; Media Center PC 6.0; .NET4.0C)"
184.97.95.159 - - [03/Jul/2013:21:12:57 -0500] "GET /mainbk.png HTTP/1.1" 200 290 "http://operationspokaneheroes.org/" "Mozilla/4.0 (compatible; MSIE 8.0; Windows NT 6.1; WOW64; Trident/4.0; GTB7.5; SLCC2; .NET CLR 2.0.50727; .NET CLR 3.5.30729; .NET CLR 3.0.30729; Media Center PC 6.0; .NET4.0C)"
184.97.95.159 - - [03/Jul/2013:21:12:57 -0500] "GET /css/slide.css HTTP/1.1" 200 2869 "http://operationspokaneheroes.org/_inc/slide.php" "Mozilla/4.0 (compatible; MSIE 8.0; Windows NT 6.1; WOW64; Trident/4.0; GTB7.5; SLCC2; .NET CLR 2.0.50727; .NET CLR 3.5.30729; .NET CLR 3.0.30729; Media Center PC 6.0; .NET4.0C)"
184.97.95.159 - - [03/Jul/2013:21:12:57 -0500] "GET /css/style_global.css HTTP/1.1" 200 2621 "http://operationspokaneheroes.org/_inc/slide.php" "Mozilla/4.0 (compatible; MSIE 8.0; Windows NT 6.1; WOW64; Trident/4.0; GTB7.5; SLCC2; .NET CLR 2.0.50727; .NET CLR 3.5.30729; .NET CLR 3.0.30729; Media Center PC 6.0; .NET4.0C)"
184.97.95.159 - - [03/Jul/2013:21:12:58 -0500] "GET /slider/css/style.css HTTP/1.1" 200 1379 "http://operationspokaneheroes.org/slider/index.html" "Mozilla/4.0 (compatible; MSIE 8.0; Windows NT 6.1; WOW64; Trident/4.0; GTB7.5; SLCC2; .NET CLR 2.0.50727; .NET CLR 3.5.30729; .NET CLR 3.0.30729; Media Center PC 6.0; .NET4.0C)"
184.97.95.159 - - [03/Jul/2013:21:12:57 -0500] "GET /images/bg2.jpg HTTP/1.1" 200 55206 "http://operationspokaneheroes.org/" "Mozilla/4.0 (compatible; MSIE 8.0; Windows NT 6.1; WOW64; Trident/4.0; GTB7.5; SLCC2; .NET CLR 2.0.50727; .NET CLR 3.5.30729; .NET CLR 3.0.30729; Media Center PC 6.0; .NET4.0C)"
184.97.95.159 - - [03/Jul/2013:21:12:57 -0500] "GET /images/logo.png HTTP/1.1" 200 226129 "http://operationspokaneheroes.org/" "Mozilla/4.0 (compatible; MSIE 8.0; Windows NT 6.1; WOW64; Trident/4.0; GTB7.5; SLCC2; .NET CLR 2.0.50727; .NET CLR 3.5.30729; .NET CLR 3.0.30729; Media Center PC 6.0; .NET4.0C)"
184.97.95.159 - - [03/Jul/2013:21:12:58 -0500] "GET /slider/js/jquery-1.2.6.js HTTP/1.1" 200 100196 "http://operationspokaneheroes.org/slider/index.html" "Mozilla/4.0 (compatible; MSIE 8.0; Windows NT 6.1; WOW64; Trident/4.0; GTB7.5; SLCC2; .NET CLR 2.0.50727; .NET CLR 3.5.30729; .NET CLR 3.0.30729; Media Center PC 6.0; .NET4.0C)"
184.97.95.159 - - [03/Jul/2013:21:12:58 -0500] "GET /js/combined.js HTTP/1.1" 200 169946 "http://operationspokaneheroes.org/_inc/slide.php" "Mozilla/4.0 (compatible; MSIE 8.0; Windows NT 6.1; WOW64; Trident/4.0; GTB7.5; SLCC2; .NET CLR 2.0.50727; .NET CLR 3.5.30729; .NET CLR 3.0.30729; Media Center PC 6.0; .NET4.0C)"
184.97.95.159 - - [03/Jul/2013:21:12:58 -0500] "GET /slider/js/startstop-slider.js HTTP/1.1" 200 1737 "http://operationspokaneheroes.org/slider/index.html" "Mozilla/4.0 (compatible; MSIE 8.0; Windows NT 6.1; WOW64; Trident/4.0; GTB7.5; SLCC2; .NET CLR 2.0.50727; .NET CLR 3.5.30729; .NET CLR 3.0.30729; Media Center PC 6.0; .NET4.0C)"
184.97.95.159 - - [03/Jul/2013:21:12:58 -0500] "GET /images/imagslider-6.png HTTP/1.1" 200 37295 "http://operationspokaneheroes.org/slider/index.html" "Mozilla/4.0 (compatible; MSIE 8.0; Windows NT 6.1; WOW64; Trident/4.0; GTB7.5; SLCC2; .NET CLR 2.0.50727; .NET CLR 3.5.30729; .NET CLR 3.0.30729; Media Center PC 6.0; .NET4.0C)"
184.97.95.159 - - [03/Jul/2013:21:12:58 -0500] "GET /images/imagslider-5.png HTTP/1.1" 200 65260 "http://operationspokaneheroes.org/slider/index.html" "Mozilla/4.0 (compatible; MSIE 8.0; Windows NT 6.1; WOW64; Trident/4.0; GTB7.5; SLCC2; .NET CLR 2.0.50727; .NET CLR 3.5.30729; .NET CLR 3.0.30729; Media Center PC 6.0; .NET4.0C)"
184.97.95.159 - - [03/Jul/2013:21:12:58 -0500] "GET /images/slder2.png HTTP/1.1" 200 32853 "http://operationspokaneheroes.org/slider/index.html" "Mozilla/4.0 (compatible; MSIE 8.0; Windows NT 6.1; WOW64; Trident/4.0; GTB7.5; SLCC2; .NET CLR 2.0.50727; .NET CLR 3.5.30729; .NET CLR 3.0.30729; Media Center PC 6.0; .NET4.0C)"
184.97.95.159 - - [03/Jul/2013:21:12:58 -0500] "GET /slider/images/slider-bg.jpg HTTP/1.1" 200 3447 "http://operationspokaneheroes.org/slider/index.html" "Mozilla/4.0 (compatible; MSIE 8.0; Windows NT 6.1; WOW64; Trident/4.0; GTB7.5; SLCC2; .NET CLR 2.0.50727; .NET CLR 3.5.30729; .NET CLR 3.0.30729; Media Center PC 6.0; .NET4.0C)"
184.97.95.159 - - [03/Jul/2013:21:12:58 -0500] "GET /images/2.jpg HTTP/1.1" 200 170993 "http://operationspokaneheroes.org/_inc/slide.php" "Mozilla/4.0 (compatible; MSIE 8.0; Windows NT 6.1; WOW64; Trident/4.0; GTB7.5; SLCC2; .NET CLR 2.0.50727; .NET CLR 3.5.30729; .NET CLR 3.0.30729; Media Center PC 6.0; .NET4.0C)"
184.97.95.159 - - [03/Jul/2013:21:12:59 -0500] "GET /images/mission_statement_bg.png HTTP/1.1" 200 11413 "http://operationspokaneheroes.org/_inc/slide.php" "Mozilla/4.0 (compatible; MSIE 8.0; Windows NT 6.1; WOW64; Trident/4.0; GTB7.5; SLCC2; .NET CLR 2.0.50727; .NET CLR 3.5.30729; .NET CLR 3.0.30729; Media Center PC 6.0; .NET4.0C)"
184.97.95.159 - - [03/Jul/2013:21:12:59 -0500] "GET /images/we_believe.png HTTP/1.1" 200 1785 "http://operationspokaneheroes.org/_inc/slide.php" "Mozilla/4.0 (compatible; MSIE 8.0; Windows NT 6.1; WOW64; Trident/4.0; GTB7.5; SLCC2; .NET CLR 2.0.50727; .NET CLR 3.5.30729; .NET CLR 3.0.30729; Media Center PC 6.0; .NET4.0C)"
184.97.95.159 - - [03/Jul/2013:21:12:59 -0500] "GET /images/we_strive.png HTTP/1.1" 200 1981 "http://operationspokaneheroes.org/_inc/slide.php" "Mozilla/4.0 (compatible; MSIE 8.0; Windows NT 6.1; WOW64; Trident/4.0; GTB7.5; SLCC2; .NET CLR 2.0.50727; .NET CLR 3.5.30729; .NET CLR 3.0.30729; Media Center PC 6.0; .NET4.0C)"
184.97.95.159 - - [03/Jul/2013:21:12:58 -0500] "GET /images/imagslider-1.png HTTP/1.1" 200 53651 "http://operationspokaneheroes.org/slider/index.html" "Mozilla/4.0 (compatible; MSIE 8.0; Windows NT 6.1; WOW64; Trident/4.0; GTB7.5; SLCC2; .NET CLR 2.0.50727; .NET CLR 3.5.30729; .NET CLR 3.0.30729; Media Center PC 6.0; .NET4.0C)"
184.97.95.159 - - [03/Jul/2013:21:12:59 -0500] "GET /images/we_help.png HTTP/1.1" 200 1514 "http://operationspokaneheroes.org/_inc/slide.php" "Mozilla/4.0 (compatible; MSIE 8.0; Windows NT 6.1; WOW64; Trident/4.0; GTB7.5; SLCC2; .NET CLR 2.0.50727; .NET CLR 3.5.30729; .NET CLR 3.0.30729; Media Center PC 6.0; .NET4.0C)"
184.97.95.159 - - [03/Jul/2013:21:12:59 -0500] "GET /images/1.jpg HTTP/1.1" 200 142489 "http://operationspokaneheroes.org/_inc/slide.php" "Mozilla/4.0 (compatible; MSIE 8.0; Windows NT 6.1; WOW64; Trident/4.0; GTB7.5; SLCC2; .NET CLR 2.0.50727; .NET CLR 3.5.30729; .NET CLR 3.0.30729; Media Center PC 6.0; .NET4.0C)"
184.97.95.159 - - [03/Jul/2013:21:12:59 -0500] "GET /images/we_need.png HTTP/1.1" 200 2138 "http://operationspokaneheroes.org/_inc/slide.php" "Mozilla/4.0 (compatible; MSIE 8.0; Windows NT 6.1; WOW64; Trident/4.0; GTB7.5; SLCC2; .NET CLR 2.0.50727; .NET CLR 3.5.30729; .NET CLR 3.0.30729; Media Center PC 6.0; .NET4.0C)"
184.97.95.159 - - [03/Jul/2013:21:12:59 -0500] "GET /assets/images/btn_top_search_hover.png HTTP/1.1" 404 - "http://operationspokaneheroes.org/_inc/slide.php" "Mozilla/4.0 (compatible; MSIE 8.0; Windows NT 6.1; WOW64; Trident/4.0; GTB7.5; SLCC2; .NET CLR 2.0.50727; .NET CLR 3.5.30729; .NET CLR 3.0.30729; Media Center PC 6.0; .NET4.0C)"
184.97.95.159 - - [03/Jul/2013:21:12:59 -0500] "GET /assets/images/btn_main_search_hover.png HTTP/1.1" 404 - "http://operationspokaneheroes.org/_inc/slide.php" "Mozilla/4.0 (compatible; MSIE 8.0; Windows NT 6.1; WOW64; Trident/4.0; GTB7.5; SLCC2; .NET CLR 2.0.50727; .NET CLR 3.5.30729; .NET CLR 3.0.30729; Media Center PC 6.0; .NET4.0C)"
184.97.95.159 - - [03/Jul/2013:21:12:59 -0500] "GET /images/4.jpg HTTP/1.1" 200 186934 "http://operationspokaneheroes.org/_inc/slide.php" "Mozilla/4.0 (compatible; MSIE 8.0; Windows NT 6.1; WOW64; Trident/4.0; GTB7.5; SLCC2; .NET CLR 2.0.50727; .NET CLR 3.5.30729; .NET CLR 3.0.30729; Media Center PC 6.0; .NET4.0C)"
184.97.95.159 - - [03/Jul/2013:21:12:59 -0500] "GET /images/3.jpg HTTP/1.1" 200 240733 "http://operationspokaneheroes.org/_inc/slide.php" "Mozilla/4.0 (compatible; MSIE 8.0; Windows NT 6.1; WOW64; Trident/4.0; GTB7.5; SLCC2; .NET CLR 2.0.50727; .NET CLR 3.5.30729; .NET CLR 3.0.30729; Media Center PC 6.0; .NET4.0C)"
184.97.95.159 - - [03/Jul/2013:21:13:01 -0500] "GET /favicon.ico HTTP/1.1" 404 - "-" "Mozilla/4.0 (compatible; MSIE 8.0; Windows NT 6.1; WOW64; Trident/4.0; GTB7.5; SLCC2; .NET CLR 2.0.50727; .NET CLR 3.5.30729; .NET CLR 3.0.30729; Media Center PC 6.0; .NET4.0C)"
157.56.92.159 - - [03/Jul/2013:21:19:53 -0500] "GET /donate.php HTTP/1.1" 200 11699 "-" "Mozilla/5.0 (compatible; bingbot/2.0; +http://www.bing.com/bingbot.htm)"
157.55.33.146 - - [03/Jul/2013:21:33:34 -0500] "GET /robots.txt HTTP/1.1" 404 - "-" "Mozilla/5.0 (compatible; bingbot/2.0; +http://www.bing.com/bingbot.htm)"
157.55.33.146 - - [03/Jul/2013:21:39:38 -0500] "GET /calendar.php HTTP/1.1" 200 10644 "-" "Mozilla/5.0 (compatible; bingbot/2.0; +http://www.bing.com/bingbot.htm)"
218.30.103.147 - - [03/Jul/2013:21:59:51 -0500] "GET / HTTP/1.1" 200 10635 "-" "Sogou web spider/4.0(+http://www.sogou.com/docs/help/webmasters.htm#07)"
218.30.103.147 - - [03/Jul/2013:21:59:55 -0500] "GET /robots.txt HTTP/1.1" 404 - "-" "Sogou web spider/4.0"
65.55.52.87 - - [03/Jul/2013:22:19:39 -0500] "GET /robots.txt HTTP/1.1" 404 - "-" "Mozilla/5.0 (compatible; bingbot/2.0; +http://www.bing.com/bingbot.htm)"
65.55.52.87 - - [03/Jul/2013:22:24:34 -0500] "GET /events.php HTTP/1.1" 200 6407 "-" "Mozilla/5.0 (compatible; bingbot/2.0; +http://www.bing.com/bingbot.htm)"
180.76.5.172 - - [03/Jul/2013:22:33:54 -0500] "GET /contact.php HTTP/1.1" 200 10519 "-" "Mozilla/5.0 (compatible; Baiduspider/2.0; +http://www.baidu.com/search/spider.html)"
173.199.114.131 - - [03/Jul/2013:22:45:44 -0500] "GET /index.php HTTP/1.1" 200 10635 "-" "Mozilla/5.0 (compatible; AhrefsBot/4.0; +http://ahrefs.com/robot/)"
157.55.35.114 - - [03/Jul/2013:23:32:30 -0500] "GET /robots.txt HTTP/1.1" 404 - "-" "Mozilla/5.0 (compatible; bingbot/2.0; +http://www.bing.com/bingbot.htm)"
157.55.35.114 - - [03/Jul/2013:23:34:16 -0500] "GET /benefits.php HTTP/1.1" 404 - "-" "Mozilla/5.0 (compatible; bingbot/2.0; +http://www.bing.com/bingbot.htm)"
173.199.114.131 - - [03/Jul/2013:23:49:23 -0500] "GET /slider/index.html HTTP/1.1" 200 2952 "-" "Mozilla/5.0 (compatible; AhrefsBot/4.0; +http://ahrefs.com/robot/)"
173.199.114.131 - - [03/Jul/2013:23:58:20 -0500] "GET /calendar.php HTTP/1.1" 200 10644 "-" "Mozilla/5.0 (compatible; AhrefsBot/4.0; +http://ahrefs.com/robot/)"
66.249.73.216 - - [04/Jul/2013:00:14:19 -0500] "GET /pdf/2013%20-%20Women%20Warriors%20and%20the%20Cowgirls%20Flyer.pdf HTTP/1.1" 200 379297 "-" "Mozilla/5.0 (iPhone; U; CPU iPhone OS 4_1 like Mac OS X; en-us) AppleWebKit/532.9 (KHTML, like Gecko) Version/4.0.5 Mobile/8B117 Safari/6531.22.7 (compatible; Googlebot-Mobile/2.1; +http://www.google.com/bot.html)"
157.55.35.114 - - [04/Jul/2013:02:00:30 -0500] "GET /robots.txt HTTP/1.1" 404 - "-" "Mozilla/5.0 (compatible; bingbot/2.0; +http://www.bing.com/bingbot.htm)"
157.55.35.114 - - [04/Jul/2013:02:01:16 -0500] "GET /benefits.php HTTP/1.1" 404 - "-" "Mozilla/5.0 (compatible; bingbot/2.0; +http://www.bing.com/bingbot.htm)"
46.229.167.149 - - [04/Jul/2013:03:04:37 -0500] "GET / HTTP/1.1" 200 10635 "-" "Mozilla/5.0 (X11; Arch Linux i686; rv:2.0) Gecko/20110321 Firefox/4.0"
88.190.61.96 - - [04/Jul/2013:04:06:25 -0500] "GET /aboutus.php HTTP/1.0" 200 11667 "http://operationspokaneheroes.org/aboutus.php" "Mozilla/5.0 (Windows NT 5.2; WOW64; rv:16.0) Gecko/20100101 Firefox/16.0"
65.55.52.87 - - [04/Jul/2013:04:15:27 -0500] "GET /robots.txt HTTP/1.1" 404 - "-" "Mozilla/5.0 (compatible; bingbot/2.0; +http://www.bing.com/bingbot.htm)"
65.55.52.87 - - [04/Jul/2013:04:49:02 -0500] "GET / HTTP/1.1" 200 10635 "-" "Mozilla/5.0 (compatible; bingbot/2.0; +http://www.bing.com/bingbot.htm)"
157.55.35.114 - - [04/Jul/2013:05:09:40 -0500] "GET /pdf/2010_Top100_Military_Friendly_Employers.pdf HTTP/1.1" 200 711726 "-" "Mozilla/5.0 (compatible; bingbot/2.0; +http://www.bing.com/bingbot.htm)"
199.21.99.103 - - [04/Jul/2013:05:17:51 -0500] "GET /robots.txt HTTP/1.1" 404 - "-" "Mozilla/5.0 (compatible; YandexBot/3.0; +http://yandex.com/bots)"
199.21.99.103 - - [04/Jul/2013:05:17:53 -0500] "GET /java_for_joes/index.html HTTP/1.1" 404 - "-" "Mozilla/5.0 (compatible; YandexBot/3.0; +http://yandex.com/bots)"
180.76.5.154 - - [04/Jul/2013:05:32:15 -0500] "GET /js/combined.js HTTP/1.1" 200 169946 "-" "Mozilla/5.0 (compatible; Baiduspider/2.0; +http://www.baidu.com/search/spider.html)"
157.56.92.159 - - [04/Jul/2013:05:33:49 -0500] "GET /events/ermy_event/ermy.html HTTP/1.1" 304 - "-" "Mozilla/5.0 (compatible; bingbot/2.0; +http://www.bing.com/bingbot.htm)"
157.56.92.159 - - [04/Jul/2013:05:57:32 -0500] "GET /robots.txt HTTP/1.1" 404 - "-" "Mozilla/5.0 (compatible; bingbot/2.0; +http://www.bing.com/bingbot.htm)"
77.75.77.32 - - [04/Jul/2013:06:02:12 -0500] "GET /robots.txt HTTP/1.1" 404 - "-" "SeznamBot/3.0 (+http://fulltext.sblog.cz/)"
77.75.77.32 - - [04/Jul/2013:06:02:13 -0500] "GET / HTTP/1.1" 200 10635 "-" "SeznamBot/3.0 (+http://fulltext.sblog.cz/)"
65.55.52.87 - - [04/Jul/2013:06:03:16 -0500] "GET /robots.txt HTTP/1.1" 404 - "-" "Mozilla/5.0 (compatible; bingbot/2.0; +http://www.bing.com/bingbot.htm)"
198.200.32.92 - - [04/Jul/2013:06:05:49 -0500] "GET /aboutus.php HTTP/1.0" 200 11667 "http://operationspokaneheroes.org/aboutus.php" "Mozilla/5.0 (Windows NT 5.1) AppleWebKit/537.11 (KHTML, like Gecko) Chrome/23.0.1271.64 Safari/537.11"
65.55.52.87 - - [04/Jul/2013:06:14:30 -0500] "GET / HTTP/1.1" 200 10635 "-" "Mozilla/5.0 (compatible; bingbot/2.0; +http://www.bing.com/bingbot.htm)"
157.56.92.159 - - [04/Jul/2013:06:16:44 -0500] "GET /pdf/2013%20Salute%20Armed%20Forces.pdf HTTP/1.1" 200 1749455 "-" "Mozilla/5.0 (compatible; bingbot/2.0; +http://www.bing.com/bingbot.htm)"
66.249.73.216 - - [04/Jul/2013:07:25:21 -0500] "GET /robots.txt HTTP/1.1" 404 - "-" "Mozilla/5.0 (compatible; Googlebot/2.1; +http://www.google.com/bot.html)"
66.249.73.216 - - [04/Jul/2013:07:25:21 -0500] "GET / HTTP/1.1" 200 10635 "-" "Mozilla/5.0 (compatible; Googlebot/2.1; +http://www.google.com/bot.html)"
66.249.73.216 - - [04/Jul/2013:07:33:20 -0500] "GET /css/slide.css HTTP/1.1" 200 2869 "-" "Mozilla/5.0 (compatible; Googlebot/2.1; +http://www.google.com/bot.html)"
66.249.73.216 - - [04/Jul/2013:07:33:26 -0500] "GET /slider/css/style.css HTTP/1.1" 200 1379 "-" "Mozilla/5.0 (compatible; Googlebot/2.1; +http://www.google.com/bot.html)"
66.249.73.216 - - [04/Jul/2013:07:33:28 -0500] "GET /css/footer.css HTTP/1.1" 200 752 "-" "Mozilla/5.0 (compatible; Googlebot/2.1; +http://www.google.com/bot.html)"
66.249.73.216 - - [04/Jul/2013:07:33:35 -0500] "GET /css/style_global.css HTTP/1.1" 200 2621 "-" "Mozilla/5.0 (compatible; Googlebot/2.1; +http://www.google.com/bot.html)"
66.249.73.216 - - [04/Jul/2013:07:33:47 -0500] "GET /css/global.css HTTP/1.1" 200 13951 "-" "Mozilla/5.0 (compatible; Googlebot/2.1; +http://www.google.com/bot.html)"
157.56.92.159 - - [04/Jul/2013:07:43:58 -0500] "GET /robots.txt HTTP/1.1" 404 - "-" "Mozilla/5.0 (compatible; bingbot/2.0; +http://www.bing.com/bingbot.htm)"
157.56.92.159 - - [04/Jul/2013:08:02:11 -0500] "GET /java_for_joes/index.html HTTP/1.1" 404 - "-" "Mozilla/5.0 (compatible; bingbot/2.0; +http://www.bing.com/bingbot.htm)"
157.55.35.114 - - [04/Jul/2013:11:02:35 -0500] "GET /robots.txt HTTP/1.1" 404 - "-" "Mozilla/5.0 (compatible; bingbot/2.0; +http://www.bing.com/bingbot.htm)"
157.55.35.114 - - [04/Jul/2013:11:03:12 -0500] "GET /pdf/REVISION2%20Military%20Kids%20Camp%202012%20(2).pdf HTTP/1.1" 200 1691328 "-" "Mozilla/5.0 (compatible; bingbot/2.0; +http://www.bing.com/bingbot.htm)"
66.249.73.216 - - [04/Jul/2013:12:01:44 -0500] "GET /aboutus.php HTTP/1.1" 200 11667 "-" "Mozilla/5.0 (iPhone; U; CPU iPhone OS 4_1 like Mac OS X; en-us) AppleWebKit/532.9 (KHTML, like Gecko) Version/4.0.5 Mobile/8B117 Safari/6531.22.7 (compatible; Googlebot-Mobile/2.1; +http://www.google.com/bot.html)"
180.76.5.146 - - [04/Jul/2013:12:14:41 -0500] "GET /jquery.easing.1.3.js HTTP/1.1" 304 - "-" "Mozilla/5.0 (compatible; Baiduspider/2.0; +http://www.baidu.com/search/spider.html)"
157.55.33.146 - - [04/Jul/2013:13:15:00 -0500] "GET /robots.txt HTTP/1.1" 404 - "-" "Mozilla/5.0 (compatible; bingbot/2.0; +http://www.bing.com/bingbot.htm)"
157.55.33.146 - - [04/Jul/2013:13:16:59 -0500] "GET /_inc/slide.php HTTP/1.1" 200 3205 "-" "Mozilla/5.0 (compatible; bingbot/2.0; +http://www.bing.com/bingbot.htm)"
180.76.5.163 - - [04/Jul/2013:13:41:52 -0500] "GET / HTTP/1.1" 200 10635 "-" "Mozilla/5.0 (compatible; Baiduspider/2.0; +http://www.baidu.com/search/spider.html)"
180.76.5.138 - - [04/Jul/2013:13:42:12 -0500] "GET /index.php HTTP/1.1" 200 10635 "-" "Mozilla/5.0 (compatible; Baiduspider/2.0; +http://www.baidu.com/search/spider.html)"
180.76.6.28 - - [04/Jul/2013:13:42:13 -0500] "GET / HTTP/1.1" 200 10635 "-" "Mozilla/5.0 (compatible; Baiduspider/2.0; +http://www.baidu.com/search/spider.html)"
70.199.132.215 - - [04/Jul/2013:14:50:52 -0500] "GET /pdf/REVISION2%20Military%20Kids%20Camp%202012%20(2).pdf HTTP/1.1" 200 1691328 "http://www.google.com/search?site=&source=hp&ei=8tHVUf2nMMj6igKX7IHACg&q=www.campfireinc.org&oq=www.campfire&gs_l=mobile-gws-hp.1.1.5j0l4.17946.27181.0.29186.13.10.0.3.3.0.329.2151.0j3j3j3.9.0....0...1c.1.19.mobile-gws-hp.MuqMJfelqOI" "Mozilla/5.0 (Linux; U; Android 4.0.4; en-us; VS930 4G Build/IMM76I) AppleWebKit/534.30 (KHTML, like Gecko) Version/4.0 Mobile Safari/534.30"
70.199.132.215 - - [04/Jul/2013:14:50:54 -0500] "GET /pdf/REVISION2%20Military%20Kids%20Camp%202012%20(2).pdf HTTP/1.1" 200 1691328 "-" "Mozilla/5.0 (Linux; U; Android 4.0.4; en-us; VS930 4G Build/IMM76I) AppleWebKit/534.30 (KHTML, like Gecko) Version/4.0 Mobile Safari/534.30"
174.61.169.168 - - [04/Jul/2013:14:55:11 -0500] "GET / HTTP/1.1" 200 10635 "http://www.facebook.com/l.php?u=http%3A%2F%2Fwww.operationspokaneheroes.org%2F&h=IAQH4HU2X&s=1" "Mozilla/5.0 (compatible; MSIE 9.0; Windows NT 6.1; WOW64; Trident/5.0)"
174.61.169.168 - - [04/Jul/2013:14:55:12 -0500] "GET /_inc/slide.php HTTP/1.1" 200 3205 "http://www.operationspokaneheroes.org/" "Mozilla/5.0 (compatible; MSIE 9.0; Windows NT 6.1; WOW64; Trident/5.0)"
174.61.169.168 - - [04/Jul/2013:14:55:12 -0500] "GET /slider/index.html HTTP/1.1" 304 - "http://www.operationspokaneheroes.org/" "Mozilla/5.0 (compatible; MSIE 9.0; Windows NT 6.1; WOW64; Trident/5.0)"
174.61.169.168 - - [04/Jul/2013:14:55:12 -0500] "GET /slider/css/style.css HTTP/1.1" 304 - "http://www.operationspokaneheroes.org/slider/index.html" "Mozilla/5.0 (compatible; MSIE 9.0; Windows NT 6.1; WOW64; Trident/5.0)"
174.61.169.168 - - [04/Jul/2013:14:55:12 -0500] "GET /assets/images/btn_main_search_hover.png HTTP/1.1" 404 - "http://www.operationspokaneheroes.org/_inc/slide.php" "Mozilla/5.0 (compatible; MSIE 9.0; Windows NT 6.1; WOW64; Trident/5.0)"
174.61.169.168 - - [04/Jul/2013:14:55:12 -0500] "GET /assets/images/btn_top_search_hover.png HTTP/1.1" 404 - "http://www.operationspokaneheroes.org/_inc/slide.php" "Mozilla/5.0 (compatible; MSIE 9.0; Windows NT 6.1; WOW64; Trident/5.0)"
174.61.169.168 - - [04/Jul/2013:14:55:12 -0500] "GET /slider/images/slider-bg.jpg HTTP/1.1" 200 3447 "http://www.operationspokaneheroes.org/slider/index.html" "Mozilla/5.0 (compatible; MSIE 9.0; Windows NT 6.1; WOW64; Trident/5.0)"
174.61.169.168 - - [04/Jul/2013:14:55:12 -0500] "GET /images/imagslider-6.png HTTP/1.1" 200 37295 "http://www.operationspokaneheroes.org/slider/index.html" "Mozilla/5.0 (compatible; MSIE 9.0; Windows NT 6.1; WOW64; Trident/5.0)"
174.61.169.168 - - [04/Jul/2013:14:55:12 -0500] "GET /images/slder2.png HTTP/1.1" 200 32853 "http://www.operationspokaneheroes.org/slider/index.html" "Mozilla/5.0 (compatible; MSIE 9.0; Windows NT 6.1; WOW64; Trident/5.0)"
174.61.169.168 - - [04/Jul/2013:14:55:12 -0500] "GET /images/imagslider-1.png HTTP/1.1" 200 53651 "http://www.operationspokaneheroes.org/slider/index.html" "Mozilla/5.0 (compatible; MSIE 9.0; Windows NT 6.1; WOW64; Trident/5.0)"
174.61.169.168 - - [04/Jul/2013:14:55:12 -0500] "GET /images/imagslider-5.png HTTP/1.1" 200 65260 "http://www.operationspokaneheroes.org/slider/index.html" "Mozilla/5.0 (compatible; MSIE 9.0; Windows NT 6.1; WOW64; Trident/5.0)"
174.61.169.168 - - [04/Jul/2013:14:55:14 -0500] "GET /aboutus.php HTTP/1.1" 200 11667 "http://www.operationspokaneheroes.org/" "Mozilla/5.0 (compatible; MSIE 9.0; Windows NT 6.1; WOW64; Trident/5.0)"
174.61.169.168 - - [04/Jul/2013:14:55:14 -0500] "GET /_inc/slide.php HTTP/1.1" 200 3205 "http://www.operationspokaneheroes.org/aboutus.php" "Mozilla/5.0 (compatible; MSIE 9.0; Windows NT 6.1; WOW64; Trident/5.0)"
174.61.169.168 - - [04/Jul/2013:14:55:15 -0500] "GET /assets/images/btn_top_search_hover.png HTTP/1.1" 404 - "http://www.operationspokaneheroes.org/_inc/slide.php" "Mozilla/5.0 (compatible; MSIE 9.0; Windows NT 6.1; WOW64; Trident/5.0)"
174.61.169.168 - - [04/Jul/2013:14:55:15 -0500] "GET /assets/images/btn_main_search_hover.png HTTP/1.1" 404 - "http://www.operationspokaneheroes.org/_inc/slide.php" "Mozilla/5.0 (compatible; MSIE 9.0; Windows NT 6.1; WOW64; Trident/5.0)"
173.252.101.114 - - [04/Jul/2013:15:02:17 -0500] "GET /images/logo.png HTTP/1.1" 200 226129 "-" "facebookexternalhit/1.1 (+http://www.facebook.com/externalhit_uatext.php)"
66.249.73.216 - - [04/Jul/2013:15:10:38 -0500] "GET /images/imagslider-5.png HTTP/1.1" 200 65260 "-" "Googlebot-Image/1.0"
157.56.92.159 - - [04/Jul/2013:15:30:33 -0500] "GET /robots.txt HTTP/1.1" 404 - "-" "Mozilla/5.0 (compatible; bingbot/2.0; +http://www.bing.com/bingbot.htm)"
157.56.92.159 - - [04/Jul/2013:15:44:00 -0500] "GET /java_for_joes/press_release.pdf HTTP/1.1" 404 - "-" "Mozilla/5.0 (compatible; bingbot/2.0; +http://www.bing.com/bingbot.htm)"
157.55.33.146 - - [04/Jul/2013:15:48:08 -0500] "GET /robots.txt HTTP/1.1" 404 - "-" "Mozilla/5.0 (compatible; bingbot/2.0; +http://www.bing.com/bingbot.htm)"
157.55.33.146 - - [04/Jul/2013:15:48:43 -0500] "GET /donation.php HTTP/1.1" 404 - "-" "Mozilla/5.0 (compatible; bingbot/2.0; +http://www.bing.com/bingbot.htm)"
109.120.157.179 - - [04/Jul/2013:15:53:18 -0500] "GET / HTTP/1.1" 200 10635 "http://nagus.net/" "Mozilla/5.0 (compatible; Add Catalog/2.1;)"
109.120.157.179 - - [04/Jul/2013:15:53:19 -0500] "GET / HTTP/1.1" 200 10635 "http://nagus.net/" "Mozilla/5.0 (compatible; Add Catalog/2.1;)"
65.55.52.87 - - [04/Jul/2013:16:23:47 -0500] "GET / HTTP/1.1" 200 10635 "-" "Mozilla/5.0 (compatible; bingbot/2.0; +http://www.bing.com/bingbot.htm)"
199.21.99.103 - - [04/Jul/2013:16:36:38 -0500] "GET /robots.txt HTTP/1.1" 404 - "-" "Mozilla/5.0 (compatible; YandexBot/3.0; +http://yandex.com/bots)"
199.21.99.103 - - [04/Jul/2013:16:36:41 -0500] "GET / HTTP/1.1" 200 10635 "-" "Mozilla/5.0 (compatible; YandexBot/3.0; +http://yandex.com/bots)"
199.21.99.103 - - [04/Jul/2013:16:36:42 -0500] "GET / HTTP/1.1" 200 10635 "-" "Mozilla/5.0 (compatible; YandexBot/3.0; +http://yandex.com/bots)"
199.21.99.103 - - [04/Jul/2013:16:36:49 -0500] "GET / HTTP/1.1" 200 10635 "-" "Mozilla/5.0 (compatible; YandexBot/3.0; +http://yandex.com/bots)"
199.21.99.103 - - [04/Jul/2013:16:36:54 -0500] "GET / HTTP/1.1" 200 10635 "-" "Mozilla/5.0 (compatible; YandexBot/3.0; +http://yandex.com/bots)"
166.147.88.30 - - [04/Jul/2013:17:25:52 -0500] "GET / HTTP/1.1" 200 10635 "http://www.google.com/url?sa=t&rct=j&q=operation+spokane+heroes&source=web&cd=1&ved=0CC0QFjAA&url=http%3A%2F%2Foperationspokaneheroes.org%2F&ei=SfbVUcapNMmtiQKO7YDYBQ&usg=AFQjCNGGuKExGUEgtWK2o7s2b3sBxGCH3Q&sig2=a3WPw_dRlcnht_8NH0dbJw&bvm=bv.48705608,d.cGE" "Mozilla/5.0 (X11; Linux x86_64) AppleWebKit/534.24 (KHTML, like Gecko) Chrome/11.0.696.34 Safari/534.24"
166.147.88.30 - - [04/Jul/2013:17:25:52 -0500] "GET /slider/index.html HTTP/1.1" 200 2952 "http://operationspokaneheroes.org/" "Mozilla/5.0 (X11; Linux x86_64) AppleWebKit/534.24 (KHTML, like Gecko) Chrome/11.0.696.34 Safari/534.24"
166.147.88.30 - - [04/Jul/2013:17:25:52 -0500] "GET /css/footer.css HTTP/1.1" 200 752 "http://operationspokaneheroes.org/" "Mozilla/5.0 (X11; Linux x86_64) AppleWebKit/534.24 (KHTML, like Gecko) Chrome/11.0.696.34 Safari/534.24"
166.147.88.30 - - [04/Jul/2013:17:25:52 -0500] "GET /_inc/slide.php HTTP/1.1" 200 3205 "http://operationspokaneheroes.org/" "Mozilla/5.0 (X11; Linux x86_64) AppleWebKit/534.24 (KHTML, like Gecko) Chrome/11.0.696.34 Safari/534.24"
166.147.88.30 - - [04/Jul/2013:17:25:52 -0500] "GET /css/global.css HTTP/1.1" 200 13951 "http://operationspokaneheroes.org/" "Mozilla/5.0 (X11; Linux x86_64) AppleWebKit/534.24 (KHTML, like Gecko) Chrome/11.0.696.34 Safari/534.24"
166.147.88.30 - - [04/Jul/2013:17:25:52 -0500] "GET /images/facebook.png HTTP/1.1" 200 5004 "http://operationspokaneheroes.org/" "Mozilla/5.0 (X11; Linux x86_64) AppleWebKit/534.24 (KHTML, like Gecko) Chrome/11.0.696.34 Safari/534.24"
166.147.88.30 - - [04/Jul/2013:17:25:52 -0500] "GET /images/contacticon.png HTTP/1.1" 200 4499 "http://operationspokaneheroes.org/" "Mozilla/5.0 (X11; Linux x86_64) AppleWebKit/534.24 (KHTML, like Gecko) Chrome/11.0.696.34 Safari/534.24"
166.147.88.30 - - [04/Jul/2013:17:25:52 -0500] "GET /images/global.png HTTP/1.1" 200 5737 "http://operationspokaneheroes.org/" "Mozilla/5.0 (X11; Linux x86_64) AppleWebKit/534.24 (KHTML, like Gecko) Chrome/11.0.696.34 Safari/534.24"
166.147.88.30 - - [04/Jul/2013:17:25:52 -0500] "GET /slider/css/style.css HTTP/1.1" 200 1379 "http://operationspokaneheroes.org/slider/index.html" "Mozilla/5.0 (X11; Linux x86_64) AppleWebKit/534.24 (KHTML, like Gecko) Chrome/11.0.696.34 Safari/534.24"
166.147.88.30 - - [04/Jul/2013:17:25:53 -0500] "GET /css/slide.css HTTP/1.1" 200 2869 "http://operationspokaneheroes.org/_inc/slide.php" "Mozilla/5.0 (X11; Linux x86_64) AppleWebKit/534.24 (KHTML, like Gecko) Chrome/11.0.696.34 Safari/534.24"
166.147.88.30 - - [04/Jul/2013:17:25:53 -0500] "GET /slider/js/startstop-slider.js HTTP/1.1" 200 1737 "http://operationspokaneheroes.org/slider/index.html" "Mozilla/5.0 (X11; Linux x86_64) AppleWebKit/534.24 (KHTML, like Gecko) Chrome/11.0.696.34 Safari/534.24"
166.147.88.30 - - [04/Jul/2013:17:25:53 -0500] "GET /css/style_global.css HTTP/1.1" 200 2621 "http://operationspokaneheroes.org/_inc/slide.php" "Mozilla/5.0 (X11; Linux x86_64) AppleWebKit/534.24 (KHTML, like Gecko) Chrome/11.0.696.34 Safari/534.24"
166.147.88.30 - - [04/Jul/2013:17:25:53 -0500] "GET /images/nav2.jpg HTTP/1.1" 200 4444 "http://operationspokaneheroes.org/" "Mozilla/5.0 (X11; Linux x86_64) AppleWebKit/534.24 (KHTML, like Gecko) Chrome/11.0.696.34 Safari/534.24"
166.147.88.30 - - [04/Jul/2013:17:25:53 -0500] "GET /mainbk.png HTTP/1.1" 200 290 "http://operationspokaneheroes.org/" "Mozilla/5.0 (X11; Linux x86_64) AppleWebKit/534.24 (KHTML, like Gecko) Chrome/11.0.696.34 Safari/534.24"
166.147.88.30 - - [04/Jul/2013:17:25:52 -0500] "GET /images/logo.png HTTP/1.1" 200 226129 "http://operationspokaneheroes.org/" "Mozilla/5.0 (X11; Linux x86_64) AppleWebKit/534.24 (KHTML, like Gecko) Chrome/11.0.696.34 Safari/534.24"
166.147.88.30 - - [04/Jul/2013:17:25:53 -0500] "GET /images/bg2.jpg HTTP/1.1" 200 55206 "http://operationspokaneheroes.org/" "Mozilla/5.0 (X11; Linux x86_64) AppleWebKit/534.24 (KHTML, like Gecko) Chrome/11.0.696.34 Safari/534.24"
166.147.88.30 - - [04/Jul/2013:17:25:53 -0500] "GET /slider/js/jquery-1.2.6.js HTTP/1.1" 200 100196 "http://operationspokaneheroes.org/slider/index.html" "Mozilla/5.0 (X11; Linux x86_64) AppleWebKit/534.24 (KHTML, like Gecko) Chrome/11.0.696.34 Safari/534.24"
166.147.88.30 - - [04/Jul/2013:17:25:53 -0500] "GET /js/combined.js HTTP/1.1" 200 169946 "http://operationspokaneheroes.org/_inc/slide.php" "Mozilla/5.0 (X11; Linux x86_64) AppleWebKit/534.24 (KHTML, like Gecko) Chrome/11.0.696.34 Safari/534.24"
166.147.88.30 - - [04/Jul/2013:17:25:55 -0500] "GET /images/we_believe.png HTTP/1.1" 200 1785 "http://operationspokaneheroes.org/_inc/slide.php" "Mozilla/5.0 (X11; Linux x86_64) AppleWebKit/534.24 (KHTML, like Gecko) Chrome/11.0.696.34 Safari/534.24"
166.147.88.30 - - [04/Jul/2013:17:25:55 -0500] "GET /images/mission_statement_bg.png HTTP/1.1" 200 11413 "http://operationspokaneheroes.org/_inc/slide.php" "Mozilla/5.0 (X11; Linux x86_64) AppleWebKit/534.24 (KHTML, like Gecko) Chrome/11.0.696.34 Safari/534.24"
166.147.88.30 - - [04/Jul/2013:17:25:55 -0500] "GET /images/we_help.png HTTP/1.1" 200 1514 "http://operationspokaneheroes.org/_inc/slide.php" "Mozilla/5.0 (X11; Linux x86_64) AppleWebKit/534.24 (KHTML, like Gecko) Chrome/11.0.696.34 Safari/534.24"
166.147.88.30 - - [04/Jul/2013:17:25:55 -0500] "GET /images/we_strive.png HTTP/1.1" 200 1981 "http://operationspokaneheroes.org/_inc/slide.php" "Mozilla/5.0 (X11; Linux x86_64) AppleWebKit/534.24 (KHTML, like Gecko) Chrome/11.0.696.34 Safari/534.24"
166.147.88.30 - - [04/Jul/2013:17:25:55 -0500] "GET /images/we_need.png HTTP/1.1" 200 2138 "http://operationspokaneheroes.org/_inc/slide.php" "Mozilla/5.0 (X11; Linux x86_64) AppleWebKit/534.24 (KHTML, like Gecko) Chrome/11.0.696.34 Safari/534.24"
166.147.88.30 - - [04/Jul/2013:17:25:55 -0500] "GET /assets/images/btn_top_search_hover.png HTTP/1.1" 404 - "http://operationspokaneheroes.org/_inc/slide.php" "Mozilla/5.0 (X11; Linux x86_64) AppleWebKit/534.24 (KHTML, like Gecko) Chrome/11.0.696.34 Safari/534.24"
166.147.88.30 - - [04/Jul/2013:17:25:55 -0500] "GET /assets/images/btn_main_search_hover.png HTTP/1.1" 404 - "http://operationspokaneheroes.org/_inc/slide.php" "Mozilla/5.0 (X11; Linux x86_64) AppleWebKit/534.24 (KHTML, like Gecko) Chrome/11.0.696.34 Safari/534.24"
166.147.88.30 - - [04/Jul/2013:17:25:55 -0500] "GET /slider/images/slider-bg.jpg HTTP/1.1" 200 3447 "http://operationspokaneheroes.org/slider/index.html" "Mozilla/5.0 (X11; Linux x86_64) AppleWebKit/534.24 (KHTML, like Gecko) Chrome/11.0.696.34 Safari/534.24"
166.147.88.30 - - [04/Jul/2013:17:25:55 -0500] "GET /images/imagslider-1.png HTTP/1.1" 200 53651 "http://operationspokaneheroes.org/slider/index.html" "Mozilla/5.0 (X11; Linux x86_64) AppleWebKit/534.24 (KHTML, like Gecko) Chrome/11.0.696.34 Safari/534.24"
166.147.88.30 - - [04/Jul/2013:17:25:55 -0500] "GET /images/4.jpg HTTP/1.1" 200 186934 "http://operationspokaneheroes.org/_inc/slide.php" "Mozilla/5.0 (X11; Linux x86_64) AppleWebKit/534.24 (KHTML, like Gecko) Chrome/11.0.696.34 Safari/534.24"
166.147.88.30 - - [04/Jul/2013:17:25:55 -0500] "GET /images/1.jpg HTTP/1.1" 200 142489 "http://operationspokaneheroes.org/_inc/slide.php" "Mozilla/5.0 (X11; Linux x86_64) AppleWebKit/534.24 (KHTML, like Gecko) Chrome/11.0.696.34 Safari/534.24"
166.147.88.30 - - [04/Jul/2013:17:25:55 -0500] "GET /images/2.jpg HTTP/1.1" 200 170993 "http://operationspokaneheroes.org/_inc/slide.php" "Mozilla/5.0 (X11; Linux x86_64) AppleWebKit/534.24 (KHTML, like Gecko) Chrome/11.0.696.34 Safari/534.24"
166.147.88.30 - - [04/Jul/2013:17:25:55 -0500] "GET /images/slder2.png HTTP/1.1" 200 32853 "http://operationspokaneheroes.org/slider/index.html" "Mozilla/5.0 (X11; Linux x86_64) AppleWebKit/534.24 (KHTML, like Gecko) Chrome/11.0.696.34 Safari/534.24"
166.147.88.30 - - [04/Jul/2013:17:25:55 -0500] "GET /images/imagslider-6.png HTTP/1.1" 200 37295 "http://operationspokaneheroes.org/slider/index.html" "Mozilla/5.0 (X11; Linux x86_64) AppleWebKit/534.24 (KHTML, like Gecko) Chrome/11.0.696.34 Safari/534.24"
166.147.88.30 - - [04/Jul/2013:17:25:55 -0500] "GET /images/3.jpg HTTP/1.1" 200 240733 "http://operationspokaneheroes.org/_inc/slide.php" "Mozilla/5.0 (X11; Linux x86_64) AppleWebKit/534.24 (KHTML, like Gecko) Chrome/11.0.696.34 Safari/534.24"
166.147.88.30 - - [04/Jul/2013:17:25:55 -0500] "GET /images/imagslider-5.png HTTP/1.1" 200 65260 "http://operationspokaneheroes.org/slider/index.html" "Mozilla/5.0 (X11; Linux x86_64) AppleWebKit/534.24 (KHTML, like Gecko) Chrome/11.0.696.34 Safari/534.24"
166.147.88.30 - - [04/Jul/2013:17:25:57 -0500] "GET /favicon.ico HTTP/1.1" 404 - "http://operationspokaneheroes.org/" "Mozilla/5.0 (X11; Linux x86_64) AppleWebKit/534.24 (KHTML, like Gecko) Chrome/11.0.696.34 Safari/534.24"
166.147.88.30 - - [04/Jul/2013:17:26:19 -0500] "GET /events.php HTTP/1.1" 200 6407 "http://operationspokaneheroes.org/" "Mozilla/5.0 (X11; Linux x86_64) AppleWebKit/534.24 (KHTML, like Gecko) Chrome/11.0.696.34 Safari/534.24"
166.147.88.30 - - [04/Jul/2013:17:26:19 -0500] "GET /events/carousel_11/carousel_11.html HTTP/1.1" 200 3712 "http://operationspokaneheroes.org/events.php" "Mozilla/5.0 (X11; Linux x86_64) AppleWebKit/534.24 (KHTML, like Gecko) Chrome/11.0.696.34 Safari/534.24"
166.147.88.30 - - [04/Jul/2013:17:26:19 -0500] "GET /events/ermy_event/ermy.html HTTP/1.1" 200 3507 "http://operationspokaneheroes.org/events.php" "Mozilla/5.0 (X11; Linux x86_64) AppleWebKit/534.24 (KHTML, like Gecko) Chrome/11.0.696.34 Safari/534.24"
166.147.88.30 - - [04/Jul/2013:17:26:19 -0500] "GET /events/vet_picnic/vet_picnic.html HTTP/1.1" 200 3163 "http://operationspokaneheroes.org/events.php" "Mozilla/5.0 (X11; Linux x86_64) AppleWebKit/534.24 (KHTML, like Gecko) Chrome/11.0.696.34 Safari/534.24"
166.147.88.30 - - [04/Jul/2013:17:26:20 -0500] "GET /events/carousel_11/css/style.css HTTP/1.1" 200 1149 "http://operationspokaneheroes.org/events/carousel_11/carousel_11.html" "Mozilla/5.0 (X11; Linux x86_64) AppleWebKit/534.24 (KHTML, like Gecko) Chrome/11.0.696.34 Safari/534.24"
166.147.88.30 - - [04/Jul/2013:17:26:20 -0500] "GET /events/carousel_11/js/jquery.movingboxes.min.js HTTP/1.1" 200 4663 "http://operationspokaneheroes.org/events/carousel_11/carousel_11.html" "Mozilla/5.0 (X11; Linux x86_64) AppleWebKit/534.24 (KHTML, like Gecko) Chrome/11.0.696.34 Safari/534.24"
166.147.88.30 - - [04/Jul/2013:17:26:20 -0500] "GET /events/ermy_event/css/style.css HTTP/1.1" 200 1149 "http://operationspokaneheroes.org/events/ermy_event/ermy.html" "Mozilla/5.0 (X11; Linux x86_64) AppleWebKit/534.24 (KHTML, like Gecko) Chrome/11.0.696.34 Safari/534.24"
166.147.88.30 - - [04/Jul/2013:17:26:19 -0500] "GET /events/Brittanycozza-.png HTTP/1.1" 200 156325 "http://operationspokaneheroes.org/events.php" "Mozilla/5.0 (X11; Linux x86_64) AppleWebKit/534.24 (KHTML, like Gecko) Chrome/11.0.696.34 Safari/534.24"
166.147.88.30 - - [04/Jul/2013:17:26:20 -0500] "GET /events/ermy_event/js/jquery.movingboxes.min.js HTTP/1.1" 200 4663 "http://operationspokaneheroes.org/events/ermy_event/ermy.html" "Mozilla/5.0 (X11; Linux x86_64) AppleWebKit/534.24 (KHTML, like Gecko) Chrome/11.0.696.34 Safari/534.24"
166.147.88.30 - - [04/Jul/2013:17:26:20 -0500] "GET /events/vet_picnic/css/style.css HTTP/1.1" 200 1149 "http://operationspokaneheroes.org/events/vet_picnic/vet_picnic.html" "Mozilla/5.0 (X11; Linux x86_64) AppleWebKit/534.24 (KHTML, like Gecko) Chrome/11.0.696.34 Safari/534.24"
166.147.88.30 - - [04/Jul/2013:17:26:20 -0500] "GET /events/vet_picnic/js/jquery.movingboxes.min.js HTTP/1.1" 200 4663 "http://operationspokaneheroes.org/events/vet_picnic/vet_picnic.html" "Mozilla/5.0 (X11; Linux x86_64) AppleWebKit/534.24 (KHTML, like Gecko) Chrome/11.0.696.34 Safari/534.24"
166.147.88.30 - - [04/Jul/2013:17:26:22 -0500] "GET /events/vet_picnic/images/67.jpg HTTP/1.1" 404 - "http://operationspokaneheroes.org/events/vet_picnic/vet_picnic.html" "Mozilla/5.0 (X11; Linux x86_64) AppleWebKit/534.24 (KHTML, like Gecko) Chrome/11.0.696.34 Safari/534.24"
166.147.88.30 - - [04/Jul/2013:17:26:24 -0500] "GET /events/vet_picnic/images/leftarrow.png HTTP/1.1" 200 3371 "http://operationspokaneheroes.org/events/vet_picnic/vet_picnic.html" "Mozilla/5.0 (X11; Linux x86_64) AppleWebKit/534.24 (KHTML, like Gecko) Chrome/11.0.696.34 Safari/534.24"
166.147.88.30 - - [04/Jul/2013:17:26:24 -0500] "GET /events/vet_picnic/images/rightarrow.png HTTP/1.1" 200 3351 "http://operationspokaneheroes.org/events/vet_picnic/vet_picnic.html" "Mozilla/5.0 (X11; Linux x86_64) AppleWebKit/534.24 (KHTML, like Gecko) Chrome/11.0.696.34 Safari/534.24"
166.147.88.30 - - [04/Jul/2013:17:26:24 -0500] "GET /events/vet_picnic/images/leftshadow.png HTTP/1.1" 200 153 "http://operationspokaneheroes.org/events/vet_picnic/vet_picnic.html" "Mozilla/5.0 (X11; Linux x86_64) AppleWebKit/534.24 (KHTML, like Gecko) Chrome/11.0.696.34 Safari/534.24"
166.147.88.30 - - [04/Jul/2013:17:26:24 -0500] "GET /events/vet_picnic/images/rightshadow.png HTTP/1.1" 200 147 "http://operationspokaneheroes.org/events/vet_picnic/vet_picnic.html" "Mozilla/5.0 (X11; Linux x86_64) AppleWebKit/534.24 (KHTML, like Gecko) Chrome/11.0.696.34 Safari/534.24"
166.147.88.30 - - [04/Jul/2013:17:26:23 -0500] "GET /events/vet_picnic/images/6.jpg HTTP/1.1" 200 169784 "http://operationspokaneheroes.org/events/vet_picnic/vet_picnic.html" "Mozilla/5.0 (X11; Linux x86_64) AppleWebKit/534.24 (KHTML, like Gecko) Chrome/11.0.696.34 Safari/534.24"
