174.61.133.163 - - [11/Mar/2014:17:55:09 -0500] "GET /events/vet_picnic/images/rightarrow.png HTTP/1.1" 200 3351 "http://www.operationspokaneheroes.org/events/vet_picnic/vet_picnic.html" "Mozilla/4.0 (compatible; MSIE 8.0; Windows NT 6.1; WOW64; Trident/4.0; SLCC2; .NET CLR 2.0.50727; .NET CLR 3.5.30729; .NET CLR 3.0.30729; Media Center PC 6.0; InfoPath.2)"
174.61.133.163 - - [11/Mar/2014:17:55:09 -0500] "GET /events/vet_picnic/images/rightshadow.png HTTP/1.1" 200 147 "http://www.operationspokaneheroes.org/events/vet_picnic/vet_picnic.html" "Mozilla/4.0 (compatible; MSIE 8.0; Windows NT 6.1; WOW64; Trident/4.0; SLCC2; .NET CLR 2.0.50727; .NET CLR 3.5.30729; .NET CLR 3.0.30729; Media Center PC 6.0; InfoPath.2)"
174.61.133.163 - - [11/Mar/2014:17:55:08 -0500] "GET /events/carousel_11/images/10.jpg HTTP/1.1" 200 165405 "http://www.operationspokaneheroes.org/events/carousel_11/carousel_11.html" "Mozilla/4.0 (compatible; MSIE 8.0; Windows NT 6.1; WOW64; Trident/4.0; SLCC2; .NET CLR 2.0.50727; .NET CLR 3.5.30729; .NET CLR 3.0.30729; Media Center PC 6.0; InfoPath.2)"
174.61.133.163 - - [11/Mar/2014:17:55:09 -0500] "GET /events/carousel_11/images/11.jpg HTTP/1.1" 200 171021 "http://www.operationspokaneheroes.org/events/carousel_11/carousel_11.html" "Mozilla/4.0 (compatible; MSIE 8.0; Windows NT 6.1; WOW64; Trident/4.0; SLCC2; .NET CLR 2.0.50727; .NET CLR 3.5.30729; .NET CLR 3.0.30729; Media Center PC 6.0; InfoPath.2)"
174.61.133.163 - - [11/Mar/2014:17:55:09 -0500] "GET /events/ermy_event/images/leftshadow.png HTTP/1.1" 200 153 "http://www.operationspokaneheroes.org/events/ermy_event/ermy.html" "Mozilla/4.0 (compatible; MSIE 8.0; Windows NT 6.1; WOW64; Trident/4.0; SLCC2; .NET CLR 2.0.50727; .NET CLR 3.5.30729; .NET CLR 3.0.30729; Media Center PC 6.0; InfoPath.2)"
174.61.133.163 - - [11/Mar/2014:17:55:09 -0500] "GET /events/ermy_event/images/leftarrow.png HTTP/1.1" 200 3371 "http://www.operationspokaneheroes.org/events/ermy_event/ermy.html" "Mozilla/4.0 (compatible; MSIE 8.0; Windows NT 6.1; WOW64; Trident/4.0; SLCC2; .NET CLR 2.0.50727; .NET CLR 3.5.30729; .NET CLR 3.0.30729; Media Center PC 6.0; InfoPath.2)"
174.61.133.163 - - [11/Mar/2014:17:55:09 -0500] "GET /events/carousel_11/images/2.jpg HTTP/1.1" 200 158920 "http://www.operationspokaneheroes.org/events/carousel_11/carousel_11.html" "Mozilla/4.0 (compatible; MSIE 8.0; Windows NT 6.1; WOW64; Trident/4.0; SLCC2; .NET CLR 2.0.50727; .NET CLR 3.5.30729; .NET CLR 3.0.30729; Media Center PC 6.0; InfoPath.2)"
174.61.133.163 - - [11/Mar/2014:17:55:09 -0500] "GET /events/ermy_event/images/rightshadow.png HTTP/1.1" 200 147 "http://www.operationspokaneheroes.org/events/ermy_event/ermy.html" "Mozilla/4.0 (compatible; MSIE 8.0; Windows NT 6.1; WOW64; Trident/4.0; SLCC2; .NET CLR 2.0.50727; .NET CLR 3.5.30729; .NET CLR 3.0.30729; Media Center PC 6.0; InfoPath.2)"
174.61.133.163 - - [11/Mar/2014:17:55:09 -0500] "GET /events/ermy_event/images/rightarrow.png HTTP/1.1" 200 3351 "http://www.operationspokaneheroes.org/events/ermy_event/ermy.html" "Mozilla/4.0 (compatible; MSIE 8.0; Windows NT 6.1; WOW64; Trident/4.0; SLCC2; .NET CLR 2.0.50727; .NET CLR 3.5.30729; .NET CLR 3.0.30729; Media Center PC 6.0; InfoPath.2)"
174.61.133.163 - - [11/Mar/2014:17:55:10 -0500] "GET /events/carousel_11/images/leftarrow.png HTTP/1.1" 200 3371 "http://www.operationspokaneheroes.org/events/carousel_11/carousel_11.html" "Mozilla/4.0 (compatible; MSIE 8.0; Windows NT 6.1; WOW64; Trident/4.0; SLCC2; .NET CLR 2.0.50727; .NET CLR 3.5.30729; .NET CLR 3.0.30729; Media Center PC 6.0; InfoPath.2)"
174.61.133.163 - - [11/Mar/2014:17:55:10 -0500] "GET /events/carousel_11/images/leftshadow.png HTTP/1.1" 200 153 "http://www.operationspokaneheroes.org/events/carousel_11/carousel_11.html" "Mozilla/4.0 (compatible; MSIE 8.0; Windows NT 6.1; WOW64; Trident/4.0; SLCC2; .NET CLR 2.0.50727; .NET CLR 3.5.30729; .NET CLR 3.0.30729; Media Center PC 6.0; InfoPath.2)"
174.61.133.163 - - [11/Mar/2014:17:55:10 -0500] "GET /events/carousel_11/images/rightarrow.png HTTP/1.1" 200 3351 "http://www.operationspokaneheroes.org/events/carousel_11/carousel_11.html" "Mozilla/4.0 (compatible; MSIE 8.0; Windows NT 6.1; WOW64; Trident/4.0; SLCC2; .NET CLR 2.0.50727; .NET CLR 3.5.30729; .NET CLR 3.0.30729; Media Center PC 6.0; InfoPath.2)"
174.61.133.163 - - [11/Mar/2014:17:55:10 -0500] "GET /events/carousel_11/images/rightshadow.png HTTP/1.1" 200 147 "http://www.operationspokaneheroes.org/events/carousel_11/carousel_11.html" "Mozilla/4.0 (compatible; MSIE 8.0; Windows NT 6.1; WOW64; Trident/4.0; SLCC2; .NET CLR 2.0.50727; .NET CLR 3.5.30729; .NET CLR 3.0.30729; Media Center PC 6.0; InfoPath.2)"
174.61.133.163 - - [11/Mar/2014:17:55:15 -0500] "GET /contact.php HTTP/1.1" 200 10519 "http://www.operationspokaneheroes.org/events.php" "Mozilla/4.0 (compatible; MSIE 8.0; Windows NT 6.1; WOW64; Trident/4.0; SLCC2; .NET CLR 2.0.50727; .NET CLR 3.5.30729; .NET CLR 3.0.30729; Media Center PC 6.0; InfoPath.2)"
174.61.133.163 - - [11/Mar/2014:17:55:15 -0500] "GET /images/contacticon.png HTTP/1.1" 304 - "http://www.operationspokaneheroes.org/contact.php" "Mozilla/4.0 (compatible; MSIE 8.0; Windows NT 6.1; WOW64; Trident/4.0; SLCC2; .NET CLR 2.0.50727; .NET CLR 3.5.30729; .NET CLR 3.0.30729; Media Center PC 6.0; InfoPath.2)"
174.61.133.163 - - [11/Mar/2014:17:55:15 -0500] "GET /images/global.png HTTP/1.1" 304 - "http://www.operationspokaneheroes.org/contact.php" "Mozilla/4.0 (compatible; MSIE 8.0; Windows NT 6.1; WOW64; Trident/4.0; SLCC2; .NET CLR 2.0.50727; .NET CLR 3.5.30729; .NET CLR 3.0.30729; Media Center PC 6.0; InfoPath.2)"
174.61.133.163 - - [11/Mar/2014:17:55:15 -0500] "GET /images/facebook.png HTTP/1.1" 304 - "http://www.operationspokaneheroes.org/contact.php" "Mozilla/4.0 (compatible; MSIE 8.0; Windows NT 6.1; WOW64; Trident/4.0; SLCC2; .NET CLR 2.0.50727; .NET CLR 3.5.30729; .NET CLR 3.0.30729; Media Center PC 6.0; InfoPath.2)"
174.61.133.163 - - [11/Mar/2014:17:55:15 -0500] "GET /_inc/slide.php HTTP/1.1" 200 3205 "http://www.operationspokaneheroes.org/contact.php" "Mozilla/4.0 (compatible; MSIE 8.0; Windows NT 6.1; WOW64; Trident/4.0; SLCC2; .NET CLR 2.0.50727; .NET CLR 3.5.30729; .NET CLR 3.0.30729; Media Center PC 6.0; InfoPath.2)"
174.61.133.163 - - [11/Mar/2014:17:55:15 -0500] "GET /_inc/contact.php HTTP/1.1" 200 756 "http://www.operationspokaneheroes.org/contact.php" "Mozilla/4.0 (compatible; MSIE 8.0; Windows NT 6.1; WOW64; Trident/4.0; SLCC2; .NET CLR 2.0.50727; .NET CLR 3.5.30729; .NET CLR 3.0.30729; Media Center PC 6.0; InfoPath.2)"
174.61.133.163 - - [11/Mar/2014:17:55:15 -0500] "GET /css/slide.css HTTP/1.1" 304 - "http://www.operationspokaneheroes.org/_inc/slide.php" "Mozilla/4.0 (compatible; MSIE 8.0; Windows NT 6.1; WOW64; Trident/4.0; SLCC2; .NET CLR 2.0.50727; .NET CLR 3.5.30729; .NET CLR 3.0.30729; Media Center PC 6.0; InfoPath.2)"
174.61.133.163 - - [11/Mar/2014:17:55:15 -0500] "GET /css/style_global.css HTTP/1.1" 304 - "http://www.operationspokaneheroes.org/_inc/slide.php" "Mozilla/4.0 (compatible; MSIE 8.0; Windows NT 6.1; WOW64; Trident/4.0; SLCC2; .NET CLR 2.0.50727; .NET CLR 3.5.30729; .NET CLR 3.0.30729; Media Center PC 6.0; InfoPath.2)"
174.61.133.163 - - [11/Mar/2014:17:55:15 -0500] "GET /js/combined.js HTTP/1.1" 304 - "http://www.operationspokaneheroes.org/_inc/slide.php" "Mozilla/4.0 (compatible; MSIE 8.0; Windows NT 6.1; WOW64; Trident/4.0; SLCC2; .NET CLR 2.0.50727; .NET CLR 3.5.30729; .NET CLR 3.0.30729; Media Center PC 6.0; InfoPath.2)"
174.61.133.163 - - [11/Mar/2014:17:55:15 -0500] "GET /css/contact_style.css HTTP/1.1" 200 843 "http://www.operationspokaneheroes.org/_inc/contact.php" "Mozilla/4.0 (compatible; MSIE 8.0; Windows NT 6.1; WOW64; Trident/4.0; SLCC2; .NET CLR 2.0.50727; .NET CLR 3.5.30729; .NET CLR 3.0.30729; Media Center PC 6.0; InfoPath.2)"
174.61.133.163 - - [11/Mar/2014:17:55:15 -0500] "GET /images/4.jpg HTTP/1.1" 304 - "http://www.operationspokaneheroes.org/_inc/slide.php" "Mozilla/4.0 (compatible; MSIE 8.0; Windows NT 6.1; WOW64; Trident/4.0; SLCC2; .NET CLR 2.0.50727; .NET CLR 3.5.30729; .NET CLR 3.0.30729; Media Center PC 6.0; InfoPath.2)"
174.61.133.163 - - [11/Mar/2014:17:55:15 -0500] "GET /images/mission_statement_bg.png HTTP/1.1" 304 - "http://www.operationspokaneheroes.org/_inc/slide.php" "Mozilla/4.0 (compatible; MSIE 8.0; Windows NT 6.1; WOW64; Trident/4.0; SLCC2; .NET CLR 2.0.50727; .NET CLR 3.5.30729; .NET CLR 3.0.30729; Media Center PC 6.0; InfoPath.2)"
174.61.133.163 - - [11/Mar/2014:17:55:15 -0500] "GET /images/we_believe.png HTTP/1.1" 304 - "http://www.operationspokaneheroes.org/_inc/slide.php" "Mozilla/4.0 (compatible; MSIE 8.0; Windows NT 6.1; WOW64; Trident/4.0; SLCC2; .NET CLR 2.0.50727; .NET CLR 3.5.30729; .NET CLR 3.0.30729; Media Center PC 6.0; InfoPath.2)"
174.61.133.163 - - [11/Mar/2014:17:55:15 -0500] "GET /images/2.jpg HTTP/1.1" 304 - "http://www.operationspokaneheroes.org/_inc/slide.php" "Mozilla/4.0 (compatible; MSIE 8.0; Windows NT 6.1; WOW64; Trident/4.0; SLCC2; .NET CLR 2.0.50727; .NET CLR 3.5.30729; .NET CLR 3.0.30729; Media Center PC 6.0; InfoPath.2)"
174.61.133.163 - - [11/Mar/2014:17:55:15 -0500] "GET /images/3.jpg HTTP/1.1" 304 - "http://www.operationspokaneheroes.org/_inc/slide.php" "Mozilla/4.0 (compatible; MSIE 8.0; Windows NT 6.1; WOW64; Trident/4.0; SLCC2; .NET CLR 2.0.50727; .NET CLR 3.5.30729; .NET CLR 3.0.30729; Media Center PC 6.0; InfoPath.2)"
174.61.133.163 - - [11/Mar/2014:17:55:15 -0500] "GET /images/we_help.png HTTP/1.1" 304 - "http://www.operationspokaneheroes.org/_inc/slide.php" "Mozilla/4.0 (compatible; MSIE 8.0; Windows NT 6.1; WOW64; Trident/4.0; SLCC2; .NET CLR 2.0.50727; .NET CLR 3.5.30729; .NET CLR 3.0.30729; Media Center PC 6.0; InfoPath.2)"
174.61.133.163 - - [11/Mar/2014:17:55:15 -0500] "GET /images/1.jpg HTTP/1.1" 304 - "http://www.operationspokaneheroes.org/_inc/slide.php" "Mozilla/4.0 (compatible; MSIE 8.0; Windows NT 6.1; WOW64; Trident/4.0; SLCC2; .NET CLR 2.0.50727; .NET CLR 3.5.30729; .NET CLR 3.0.30729; Media Center PC 6.0; InfoPath.2)"
174.61.133.163 - - [11/Mar/2014:17:55:15 -0500] "GET /images/we_strive.png HTTP/1.1" 304 - "http://www.operationspokaneheroes.org/_inc/slide.php" "Mozilla/4.0 (compatible; MSIE 8.0; Windows NT 6.1; WOW64; Trident/4.0; SLCC2; .NET CLR 2.0.50727; .NET CLR 3.5.30729; .NET CLR 3.0.30729; Media Center PC 6.0; InfoPath.2)"
174.61.133.163 - - [11/Mar/2014:17:55:15 -0500] "GET /images/we_need.png HTTP/1.1" 304 - "http://www.operationspokaneheroes.org/_inc/slide.php" "Mozilla/4.0 (compatible; MSIE 8.0; Windows NT 6.1; WOW64; Trident/4.0; SLCC2; .NET CLR 2.0.50727; .NET CLR 3.5.30729; .NET CLR 3.0.30729; Media Center PC 6.0; InfoPath.2)"
174.61.133.163 - - [11/Mar/2014:17:55:15 -0500] "GET /assets/images/btn_main_search_hover.png HTTP/1.1" 404 - "http://www.operationspokaneheroes.org/_inc/slide.php" "Mozilla/4.0 (compatible; MSIE 8.0; Windows NT 6.1; WOW64; Trident/4.0; SLCC2; .NET CLR 2.0.50727; .NET CLR 3.5.30729; .NET CLR 3.0.30729; Media Center PC 6.0; InfoPath.2)"
174.61.133.163 - - [11/Mar/2014:17:55:15 -0500] "GET /assets/images/btn_top_search_hover.png HTTP/1.1" 404 - "http://www.operationspokaneheroes.org/_inc/slide.php" "Mozilla/4.0 (compatible; MSIE 8.0; Windows NT 6.1; WOW64; Trident/4.0; SLCC2; .NET CLR 2.0.50727; .NET CLR 3.5.30729; .NET CLR 3.0.30729; Media Center PC 6.0; InfoPath.2)"
174.61.133.163 - - [11/Mar/2014:18:28:54 -0500] "GET /index.php HTTP/1.1" 200 10635 "http://www.operationspokaneheroes.org/contact.php" "Mozilla/4.0 (compatible; MSIE 8.0; Windows NT 6.1; WOW64; Trident/4.0; SLCC2; .NET CLR 2.0.50727; .NET CLR 3.5.30729; .NET CLR 3.0.30729; Media Center PC 6.0; InfoPath.2)"
174.61.133.163 - - [11/Mar/2014:18:28:54 -0500] "GET /css/global.css HTTP/1.1" 304 - "http://www.operationspokaneheroes.org/index.php" "Mozilla/4.0 (compatible; MSIE 8.0; Windows NT 6.1; WOW64; Trident/4.0; SLCC2; .NET CLR 2.0.50727; .NET CLR 3.5.30729; .NET CLR 3.0.30729; Media Center PC 6.0; InfoPath.2)"
174.61.133.163 - - [11/Mar/2014:18:28:54 -0500] "GET /images/logo.png HTTP/1.1" 304 - "http://www.operationspokaneheroes.org/index.php" "Mozilla/4.0 (compatible; MSIE 8.0; Windows NT 6.1; WOW64; Trident/4.0; SLCC2; .NET CLR 2.0.50727; .NET CLR 3.5.30729; .NET CLR 3.0.30729; Media Center PC 6.0; InfoPath.2)"
174.61.133.163 - - [11/Mar/2014:18:28:54 -0500] "GET /images/contacticon.png HTTP/1.1" 304 - "http://www.operationspokaneheroes.org/index.php" "Mozilla/4.0 (compatible; MSIE 8.0; Windows NT 6.1; WOW64; Trident/4.0; SLCC2; .NET CLR 2.0.50727; .NET CLR 3.5.30729; .NET CLR 3.0.30729; Media Center PC 6.0; InfoPath.2)"
174.61.133.163 - - [11/Mar/2014:18:28:54 -0500] "GET /images/facebook.png HTTP/1.1" 304 - "http://www.operationspokaneheroes.org/index.php" "Mozilla/4.0 (compatible; MSIE 8.0; Windows NT 6.1; WOW64; Trident/4.0; SLCC2; .NET CLR 2.0.50727; .NET CLR 3.5.30729; .NET CLR 3.0.30729; Media Center PC 6.0; InfoPath.2)"
174.61.133.163 - - [11/Mar/2014:18:28:54 -0500] "GET /images/global.png HTTP/1.1" 304 - "http://www.operationspokaneheroes.org/index.php" "Mozilla/4.0 (compatible; MSIE 8.0; Windows NT 6.1; WOW64; Trident/4.0; SLCC2; .NET CLR 2.0.50727; .NET CLR 3.5.30729; .NET CLR 3.0.30729; Media Center PC 6.0; InfoPath.2)"
174.61.133.163 - - [11/Mar/2014:18:28:54 -0500] "GET /css/footer.css HTTP/1.1" 304 - "http://www.operationspokaneheroes.org/index.php" "Mozilla/4.0 (compatible; MSIE 8.0; Windows NT 6.1; WOW64; Trident/4.0; SLCC2; .NET CLR 2.0.50727; .NET CLR 3.5.30729; .NET CLR 3.0.30729; Media Center PC 6.0; InfoPath.2)"
174.61.133.163 - - [11/Mar/2014:18:28:54 -0500] "GET /slider/index.html HTTP/1.1" 304 - "http://www.operationspokaneheroes.org/index.php" "Mozilla/4.0 (compatible; MSIE 8.0; Windows NT 6.1; WOW64; Trident/4.0; SLCC2; .NET CLR 2.0.50727; .NET CLR 3.5.30729; .NET CLR 3.0.30729; Media Center PC 6.0; InfoPath.2)"
174.61.133.163 - - [11/Mar/2014:18:28:54 -0500] "GET /images/nav2.jpg HTTP/1.1" 304 - "http://www.operationspokaneheroes.org/index.php" "Mozilla/4.0 (compatible; MSIE 8.0; Windows NT 6.1; WOW64; Trident/4.0; SLCC2; .NET CLR 2.0.50727; .NET CLR 3.5.30729; .NET CLR 3.0.30729; Media Center PC 6.0; InfoPath.2)"
174.61.133.163 - - [11/Mar/2014:18:28:54 -0500] "GET /images/bg2.jpg HTTP/1.1" 304 - "http://www.operationspokaneheroes.org/index.php" "Mozilla/4.0 (compatible; MSIE 8.0; Windows NT 6.1; WOW64; Trident/4.0; SLCC2; .NET CLR 2.0.50727; .NET CLR 3.5.30729; .NET CLR 3.0.30729; Media Center PC 6.0; InfoPath.2)"
174.61.133.163 - - [11/Mar/2014:18:28:54 -0500] "GET /_inc/slide.php HTTP/1.1" 200 3205 "http://www.operationspokaneheroes.org/index.php" "Mozilla/4.0 (compatible; MSIE 8.0; Windows NT 6.1; WOW64; Trident/4.0; SLCC2; .NET CLR 2.0.50727; .NET CLR 3.5.30729; .NET CLR 3.0.30729; Media Center PC 6.0; InfoPath.2)"
174.61.133.163 - - [11/Mar/2014:18:28:54 -0500] "GET /mainbk.png HTTP/1.1" 304 - "http://www.operationspokaneheroes.org/index.php" "Mozilla/4.0 (compatible; MSIE 8.0; Windows NT 6.1; WOW64; Trident/4.0; SLCC2; .NET CLR 2.0.50727; .NET CLR 3.5.30729; .NET CLR 3.0.30729; Media Center PC 6.0; InfoPath.2)"
174.61.133.163 - - [11/Mar/2014:18:28:54 -0500] "GET /slider/css/style.css HTTP/1.1" 304 - "http://www.operationspokaneheroes.org/slider/index.html" "Mozilla/4.0 (compatible; MSIE 8.0; Windows NT 6.1; WOW64; Trident/4.0; SLCC2; .NET CLR 2.0.50727; .NET CLR 3.5.30729; .NET CLR 3.0.30729; Media Center PC 6.0; InfoPath.2)"
174.61.133.163 - - [11/Mar/2014:18:28:54 -0500] "GET /slider/js/jquery-1.2.6.js HTTP/1.1" 304 - "http://www.operationspokaneheroes.org/slider/index.html" "Mozilla/4.0 (compatible; MSIE 8.0; Windows NT 6.1; WOW64; Trident/4.0; SLCC2; .NET CLR 2.0.50727; .NET CLR 3.5.30729; .NET CLR 3.0.30729; Media Center PC 6.0; InfoPath.2)"
174.61.133.163 - - [11/Mar/2014:18:28:54 -0500] "GET /js/combined.js HTTP/1.1" 304 - "http://www.operationspokaneheroes.org/_inc/slide.php" "Mozilla/4.0 (compatible; MSIE 8.0; Windows NT 6.1; WOW64; Trident/4.0; SLCC2; .NET CLR 2.0.50727; .NET CLR 3.5.30729; .NET CLR 3.0.30729; Media Center PC 6.0; InfoPath.2)"
174.61.133.163 - - [11/Mar/2014:18:28:54 -0500] "GET /css/slide.css HTTP/1.1" 304 - "http://www.operationspokaneheroes.org/_inc/slide.php" "Mozilla/4.0 (compatible; MSIE 8.0; Windows NT 6.1; WOW64; Trident/4.0; SLCC2; .NET CLR 2.0.50727; .NET CLR 3.5.30729; .NET CLR 3.0.30729; Media Center PC 6.0; InfoPath.2)"
174.61.133.163 - - [11/Mar/2014:18:28:54 -0500] "GET /css/style_global.css HTTP/1.1" 304 - "http://www.operationspokaneheroes.org/_inc/slide.php" "Mozilla/4.0 (compatible; MSIE 8.0; Windows NT 6.1; WOW64; Trident/4.0; SLCC2; .NET CLR 2.0.50727; .NET CLR 3.5.30729; .NET CLR 3.0.30729; Media Center PC 6.0; InfoPath.2)"
174.61.133.163 - - [11/Mar/2014:18:28:54 -0500] "GET /slider/js/startstop-slider.js HTTP/1.1" 304 - "http://www.operationspokaneheroes.org/slider/index.html" "Mozilla/4.0 (compatible; MSIE 8.0; Windows NT 6.1; WOW64; Trident/4.0; SLCC2; .NET CLR 2.0.50727; .NET CLR 3.5.30729; .NET CLR 3.0.30729; Media Center PC 6.0; InfoPath.2)"
174.61.133.163 - - [11/Mar/2014:18:28:54 -0500] "GET /images/2.jpg HTTP/1.1" 304 - "http://www.operationspokaneheroes.org/_inc/slide.php" "Mozilla/4.0 (compatible; MSIE 8.0; Windows NT 6.1; WOW64; Trident/4.0; SLCC2; .NET CLR 2.0.50727; .NET CLR 3.5.30729; .NET CLR 3.0.30729; Media Center PC 6.0; InfoPath.2)"
174.61.133.163 - - [11/Mar/2014:18:28:54 -0500] "GET /images/3.jpg HTTP/1.1" 304 - "http://www.operationspokaneheroes.org/_inc/slide.php" "Mozilla/4.0 (compatible; MSIE 8.0; Windows NT 6.1; WOW64; Trident/4.0; SLCC2; .NET CLR 2.0.50727; .NET CLR 3.5.30729; .NET CLR 3.0.30729; Media Center PC 6.0; InfoPath.2)"
174.61.133.163 - - [11/Mar/2014:18:28:54 -0500] "GET /images/we_strive.png HTTP/1.1" 304 - "http://www.operationspokaneheroes.org/_inc/slide.php" "Mozilla/4.0 (compatible; MSIE 8.0; Windows NT 6.1; WOW64; Trident/4.0; SLCC2; .NET CLR 2.0.50727; .NET CLR 3.5.30729; .NET CLR 3.0.30729; Media Center PC 6.0; InfoPath.2)"
174.61.133.163 - - [11/Mar/2014:18:28:54 -0500] "GET /images/mission_statement_bg.png HTTP/1.1" 304 - "http://www.operationspokaneheroes.org/_inc/slide.php" "Mozilla/4.0 (compatible; MSIE 8.0; Windows NT 6.1; WOW64; Trident/4.0; SLCC2; .NET CLR 2.0.50727; .NET CLR 3.5.30729; .NET CLR 3.0.30729; Media Center PC 6.0; InfoPath.2)"
174.61.133.163 - - [11/Mar/2014:18:28:54 -0500] "GET /images/we_believe.png HTTP/1.1" 304 - "http://www.operationspokaneheroes.org/_inc/slide.php" "Mozilla/4.0 (compatible; MSIE 8.0; Windows NT 6.1; WOW64; Trident/4.0; SLCC2; .NET CLR 2.0.50727; .NET CLR 3.5.30729; .NET CLR 3.0.30729; Media Center PC 6.0; InfoPath.2)"
174.61.133.163 - - [11/Mar/2014:18:28:54 -0500] "GET /images/4.jpg HTTP/1.1" 304 - "http://www.operationspokaneheroes.org/_inc/slide.php" "Mozilla/4.0 (compatible; MSIE 8.0; Windows NT 6.1; WOW64; Trident/4.0; SLCC2; .NET CLR 2.0.50727; .NET CLR 3.5.30729; .NET CLR 3.0.30729; Media Center PC 6.0; InfoPath.2)"
174.61.133.163 - - [11/Mar/2014:18:28:54 -0500] "GET /assets/images/btn_top_search_hover.png HTTP/1.1" 404 - "http://www.operationspokaneheroes.org/_inc/slide.php" "Mozilla/4.0 (compatible; MSIE 8.0; Windows NT 6.1; WOW64; Trident/4.0; SLCC2; .NET CLR 2.0.50727; .NET CLR 3.5.30729; .NET CLR 3.0.30729; Media Center PC 6.0; InfoPath.2)"
174.61.133.163 - - [11/Mar/2014:18:28:54 -0500] "GET /images/we_help.png HTTP/1.1" 304 - "http://www.operationspokaneheroes.org/_inc/slide.php" "Mozilla/4.0 (compatible; MSIE 8.0; Windows NT 6.1; WOW64; Trident/4.0; SLCC2; .NET CLR 2.0.50727; .NET CLR 3.5.30729; .NET CLR 3.0.30729; Media Center PC 6.0; InfoPath.2)"
174.61.133.163 - - [11/Mar/2014:18:28:54 -0500] "GET /slider/images/imagslider-1.png HTTP/1.1" 304 - "http://www.operationspokaneheroes.org/slider/index.html" "Mozilla/4.0 (compatible; MSIE 8.0; Windows NT 6.1; WOW64; Trident/4.0; SLCC2; .NET CLR 2.0.50727; .NET CLR 3.5.30729; .NET CLR 3.0.30729; Media Center PC 6.0; InfoPath.2)"
174.61.133.163 - - [11/Mar/2014:18:28:54 -0500] "GET /images/we_need.png HTTP/1.1" 304 - "http://www.operationspokaneheroes.org/_inc/slide.php" "Mozilla/4.0 (compatible; MSIE 8.0; Windows NT 6.1; WOW64; Trident/4.0; SLCC2; .NET CLR 2.0.50727; .NET CLR 3.5.30729; .NET CLR 3.0.30729; Media Center PC 6.0; InfoPath.2)"
174.61.133.163 - - [11/Mar/2014:18:28:54 -0500] "GET /assets/images/btn_main_search_hover.png HTTP/1.1" 404 - "http://www.operationspokaneheroes.org/_inc/slide.php" "Mozilla/4.0 (compatible; MSIE 8.0; Windows NT 6.1; WOW64; Trident/4.0; SLCC2; .NET CLR 2.0.50727; .NET CLR 3.5.30729; .NET CLR 3.0.30729; Media Center PC 6.0; InfoPath.2)"
174.61.133.163 - - [11/Mar/2014:18:28:54 -0500] "GET /images/1.jpg HTTP/1.1" 304 - "http://www.operationspokaneheroes.org/_inc/slide.php" "Mozilla/4.0 (compatible; MSIE 8.0; Windows NT 6.1; WOW64; Trident/4.0; SLCC2; .NET CLR 2.0.50727; .NET CLR 3.5.30729; .NET CLR 3.0.30729; Media Center PC 6.0; InfoPath.2)"
174.61.133.163 - - [11/Mar/2014:18:28:54 -0500] "GET /slider/images/imagslider-2.png HTTP/1.1" 304 - "http://www.operationspokaneheroes.org/slider/index.html" "Mozilla/4.0 (compatible; MSIE 8.0; Windows NT 6.1; WOW64; Trident/4.0; SLCC2; .NET CLR 2.0.50727; .NET CLR 3.5.30729; .NET CLR 3.0.30729; Media Center PC 6.0; InfoPath.2)"
174.61.133.163 - - [11/Mar/2014:18:28:54 -0500] "GET /images/slder2.png HTTP/1.1" 304 - "http://www.operationspokaneheroes.org/slider/index.html" "Mozilla/4.0 (compatible; MSIE 8.0; Windows NT 6.1; WOW64; Trident/4.0; SLCC2; .NET CLR 2.0.50727; .NET CLR 3.5.30729; .NET CLR 3.0.30729; Media Center PC 6.0; InfoPath.2)"
174.61.133.163 - - [11/Mar/2014:18:28:54 -0500] "GET /slider/images/slider-bg.jpg HTTP/1.1" 304 - "http://www.operationspokaneheroes.org/slider/index.html" "Mozilla/4.0 (compatible; MSIE 8.0; Windows NT 6.1; WOW64; Trident/4.0; SLCC2; .NET CLR 2.0.50727; .NET CLR 3.5.30729; .NET CLR 3.0.30729; Media Center PC 6.0; InfoPath.2)"
66.249.75.89 - - [11/Mar/2014:19:53:53 -0500] "GET /aboutus.php HTTP/1.1" 200 11667 "-" "Mozilla/5.0 (iPhone; CPU iPhone OS 6_0 like Mac OS X) AppleWebKit/536.26 (KHTML, like Gecko) Version/6.0 Mobile/10A5376e Safari/8536.25 (compatible; Googlebot/2.1; +http://www.google.com/bot.html)"
81.144.138.34 - - [11/Mar/2014:19:58:15 -0500] "GET /robots.txt HTTP/1.1" 404 - "-" "Wotbox/2.01 (+http://www.wotbox.com/bot/)"
180.76.6.131 - - [11/Mar/2014:19:58:19 -0500] "GET /pdf/Operation%20Wings%20of%20Hope.pdf HTTP/1.1" 304 - "-" "Mozilla/5.0 (Windows NT 5.1; rv:6.0.2) Gecko/20100101 Firefox/6.0.2"
81.144.138.34 - - [11/Mar/2014:19:58:26 -0500] "GET / HTTP/1.1" 200 10635 "-" "Wotbox/2.01 (+http://www.wotbox.com/bot/)"
81.144.138.34 - - [11/Mar/2014:19:58:32 -0500] "GET /index.php HTTP/1.1" 200 10635 "-" "Wotbox/2.01 (+http://www.wotbox.com/bot/)"
81.144.138.34 - - [11/Mar/2014:19:58:38 -0500] "GET /aboutus.php HTTP/1.1" 200 11667 "-" "Wotbox/2.01 (+http://www.wotbox.com/bot/)"
81.144.138.34 - - [11/Mar/2014:19:58:44 -0500] "GET /contact.php HTTP/1.1" 200 10519 "-" "Wotbox/2.01 (+http://www.wotbox.com/bot/)"
81.144.138.34 - - [11/Mar/2014:19:58:51 -0500] "GET /donate.php HTTP/1.1" 200 11699 "-" "Wotbox/2.01 (+http://www.wotbox.com/bot/)"
81.144.138.34 - - [11/Mar/2014:19:58:56 -0500] "GET /business.php HTTP/1.1" 200 10813 "-" "Wotbox/2.01 (+http://www.wotbox.com/bot/)"
81.144.138.34 - - [11/Mar/2014:19:59:02 -0500] "GET /calendar.php HTTP/1.1" 200 10644 "-" "Wotbox/2.01 (+http://www.wotbox.com/bot/)"
81.144.138.34 - - [11/Mar/2014:19:59:10 -0500] "GET /events.php HTTP/1.1" 200 6407 "-" "Wotbox/2.01 (+http://www.wotbox.com/bot/)"
66.249.75.101 - - [11/Mar/2014:20:04:00 -0500] "GET /css/global.css HTTP/1.1" 200 13951 "-" "Mozilla/5.0 (compatible; Googlebot/2.1; +http://www.google.com/bot.html)"
66.249.68.249 - - [11/Mar/2014:20:04:01 -0500] "GET /css/footer.css HTTP/1.1" 200 752 "-" "Mozilla/5.0 (compatible; Googlebot/2.1; +http://www.google.com/bot.html)"
66.249.68.249 - - [11/Mar/2014:20:04:02 -0500] "GET /css/slide.css HTTP/1.1" 200 2869 "-" "Mozilla/5.0 (compatible; Googlebot/2.1; +http://www.google.com/bot.html)"
66.249.68.249 - - [11/Mar/2014:20:04:03 -0500] "GET /css/style_global.css HTTP/1.1" 200 2621 "-" "Mozilla/5.0 (compatible; Googlebot/2.1; +http://www.google.com/bot.html)"
66.249.68.155 - - [11/Mar/2014:20:04:30 -0500] "GET / HTTP/1.1" 200 10635 "-" "Mozilla/5.0 (iPhone; CPU iPhone OS 6_0 like Mac OS X) AppleWebKit/536.26 (KHTML, like Gecko) Version/6.0 Mobile/10A5376e Safari/8536.25 (compatible; Googlebot/2.1; +http://www.google.com/bot.html)"
66.249.68.219 - - [11/Mar/2014:20:13:58 -0500] "GET /slider/css/style.css HTTP/1.1" 200 1379 "-" "Mozilla/5.0 (compatible; Googlebot/2.1; +http://www.google.com/bot.html)"
66.249.75.210 - - [11/Mar/2014:20:13:59 -0500] "GET /css/slide.css HTTP/1.1" 200 2869 "-" "Mozilla/5.0 (compatible; Googlebot/2.1; +http://www.google.com/bot.html)"
66.249.75.220 - - [11/Mar/2014:20:13:59 -0500] "GET /css/style_global.css HTTP/1.1" 200 2621 "-" "Mozilla/5.0 (compatible; Googlebot/2.1; +http://www.google.com/bot.html)"
66.249.68.219 - - [11/Mar/2014:20:14:00 -0500] "GET /css/global.css HTTP/1.1" 200 13951 "-" "Mozilla/5.0 (compatible; Googlebot/2.1; +http://www.google.com/bot.html)"
66.249.68.219 - - [11/Mar/2014:20:14:01 -0500] "GET /css/footer.css HTTP/1.1" 200 752 "-" "Mozilla/5.0 (compatible; Googlebot/2.1; +http://www.google.com/bot.html)"
66.249.75.207 - - [11/Mar/2014:22:03:56 -0500] "GET / HTTP/1.1" 200 10635 "-" "Mozilla/5.0 (compatible; Googlebot/2.1; +http://www.google.com/bot.html)"
66.249.68.249 - - [12/Mar/2014:02:13:26 -0500] "GET /robots.txt HTTP/1.1" 404 - "-" "Mozilla/5.0 (compatible; Googlebot/2.1; +http://www.google.com/bot.html)"
66.249.68.13 - - [12/Mar/2014:02:13:26 -0500] "GET /freedom.php HTTP/1.1" 200 11227 "-" "Mozilla/5.0 (compatible; Googlebot/2.1; +http://www.google.com/bot.html)"
66.249.75.62 - - [12/Mar/2014:02:17:39 -0500] "GET / HTTP/1.1" 200 10635 "-" "Mozilla/5.0 (compatible; Googlebot/2.1; +http://www.google.com/bot.html)"
66.249.68.249 - - [12/Mar/2014:02:24:43 -0500] "GET /slider/css/style.css HTTP/1.1" 200 1379 "-" "Mozilla/5.0 (compatible; Googlebot/2.1; +http://www.google.com/bot.html)"
193.43.252.252 - - [12/Mar/2014:02:45:27 -0500] "GET /java_for_joes/index.html HTTP/1.0" 404 - "http://w12files.com" "Mozilla/4.0 (compatible; MSIE 6.0; Windows NT 5.1; Q312461)"
193.43.252.252 - - [12/Mar/2014:02:45:28 -0500] "GET /java_for_joes/index.html HTTP/1.0" 404 - "http://w12files.com" "Mozilla/4.0 (compatible; MSIE 6.0; Windows NT 5.1; SV1; .NET CLR 1.1.4322)"
193.43.252.252 - - [12/Mar/2014:02:45:28 -0500] "GET /index.html HTTP/1.0" 404 - "http://w12files.com" "Mozilla/4.0 (compatible; MSIE 6.0; Windows NT 5.1; SV1; .NET CLR 1.1.4322)"
193.43.252.252 - - [12/Mar/2014:02:45:29 -0500] "GET /java_for_joes/index.html HTTP/1.0" 404 - "http://w12files.com" "Mozilla/4.0 (compatible; MSIE 6.0; Windows XP)"
193.43.252.252 - - [12/Mar/2014:02:45:29 -0500] "GET /index.html HTTP/1.0" 404 - "http://w12files.com" "Mozilla/4.0 (compatible; MSIE 6.0; Windows XP)"
193.43.252.252 - - [12/Mar/2014:02:45:29 -0500] "GET /java_for_joes/index.html HTTP/1.0" 404 - "http://w12files.com" "Opera/8.00 (Windows NT 5.1; U; en)"
193.43.252.252 - - [12/Mar/2014:02:45:30 -0500] "GET /index.html HTTP/1.0" 404 - "http://w12files.com" "Opera/8.00 (Windows NT 5.1; U; en)"
220.181.108.161 - - [12/Mar/2014:02:47:57 -0500] "GET / HTTP/1.1" 200 10635 "-" "Mozilla/5.0 (compatible; Baiduspider/2.0; +http://www.baidu.com/search/spider.html)"
123.125.71.82 - - [12/Mar/2014:02:48:12 -0500] "GET / HTTP/1.1" 200 10635 "-" "Mozilla/5.0 (compatible; Baiduspider/2.0; +http://www.baidu.com/search/spider.html)"
66.249.68.249 - - [12/Mar/2014:03:31:51 -0500] "GET /pdf/11x17%20Pennant%20Run%20Poster.pdf HTTP/1.1" 304 - "-" "Mozilla/5.0 (compatible; Googlebot/2.1; +http://www.google.com/bot.html)"
180.76.6.157 - - [12/Mar/2014:03:51:28 -0500] "GET /pdf/Veterans%20Resource%20Fair.pdf HTTP/1.1" 200 390899 "-" "Mozilla/5.0 (Windows NT 5.1; rv:6.0.2) Gecko/20100101 Firefox/6.0.2"
66.249.68.13 - - [12/Mar/2014:04:27:07 -0500] "GET /pdf/Operation%20Wings%20of%20Hope%20Poster.pdf HTTP/1.1" 304 - "-" "Mozilla/5.0 (compatible; Googlebot/2.1; +http://www.google.com/bot.html)"
66.249.68.187 - - [12/Mar/2014:05:12:09 -0500] "GET /robots.txt HTTP/1.1" 404 - "-" "Mozilla/5.0 (compatible; Googlebot/2.1; +http://www.google.com/bot.html)"
81.169.137.73 - - [12/Mar/2014:05:15:35 -0500] "GET /administrator/index.php HTTP/1.1" 404 - "-" "Mozilla/5.0 (Windows NT 6.2; Win64; x64) AppleWebKit/537.36 (KHTML, like Gecko) Chrome/32.0.1667.0 Safari/537.36"
66.249.68.13 - - [12/Mar/2014:05:28:51 -0500] "GET /pdf/veteran_benefits.pdf HTTP/1.1" 304 - "-" "Mozilla/5.0 (compatible; Googlebot/2.1; +http://www.google.com/bot.html)"
180.76.6.50 - - [12/Mar/2014:06:14:53 -0500] "GET / HTTP/1.1" 200 10635 "-" "Mozilla/5.0 (compatible; Baiduspider/2.0; +http://www.baidu.com/search/spider.html)"
183.60.214.119 - - [12/Mar/2014:06:20:41 -0500] "GET /contact.php HTTP/1.1" 200 10519 "-" "Mozilla/5.0 (compatible; EasouSpider; +http://www.easou.com/search/spider.html)"
66.249.68.13 - - [12/Mar/2014:08:15:16 -0500] "GET /pdf/pearl%20harbor_map.pdf HTTP/1.1" 304 - "-" "Mozilla/5.0 (compatible; Googlebot/2.1; +http://www.google.com/bot.html)"
180.76.5.67 - - [12/Mar/2014:08:17:29 -0500] "GET /pdf/11x17%20Pennant%20Run%20Poster.pdf HTTP/1.1" 200 3075560 "-" "Mozilla/5.0 (compatible; Baiduspider/2.0; +http://www.baidu.com/search/spider.html)"
180.76.5.194 - - [12/Mar/2014:08:47:38 -0500] "GET /pdf/VetsDay_Flyer2.pdf HTTP/1.1" 200 2364673 "-" "Mozilla/5.0 (Windows NT 5.1; rv:6.0.2) Gecko/20100101 Firefox/6.0.2"
66.249.68.187 - - [12/Mar/2014:08:50:59 -0500] "GET /pdf/Hiring%20Our%20Heroes%20Sept%202013%20Career%20Fair%20Flyer.pdf HTTP/1.1" 304 - "-" "Mozilla/5.0 (iPhone; CPU iPhone OS 6_0 like Mac OS X) AppleWebKit/536.26 (KHTML, like Gecko) Version/6.0 Mobile/10A5376e Safari/8536.25 (compatible; Googlebot/2.1; +http://www.google.com/bot.html)"
66.249.75.107 - - [12/Mar/2014:09:46:38 -0500] "GET /pdf/Survival%20Camp%202013%202%20pg%20flyer.pdf HTTP/1.1" 200 781521 "-" "Mozilla/5.0 (compatible; Googlebot/2.1; +http://www.google.com/bot.html)"
66.249.75.81 - - [12/Mar/2014:10:46:08 -0500] "GET /pdf/Welcome%20Home%20Event%20Flyer%202012.pdf HTTP/1.1" 304 - "-" "Mozilla/5.0 (compatible; Googlebot/2.1; +http://www.google.com/bot.html)"
183.60.213.29 - - [12/Mar/2014:10:49:50 -0500] "GET /business.php HTTP/1.1" 200 10813 "-" "Mozilla/5.0 (compatible; EasouSpider; +http://www.easou.com/search/spider.html)"
66.249.68.205 - - [12/Mar/2014:11:15:53 -0500] "GET /events.php HTTP/1.1" 200 6407 "-" "Mozilla/5.0 (iPhone; CPU iPhone OS 6_0 like Mac OS X) AppleWebKit/536.26 (KHTML, like Gecko) Version/6.0 Mobile/10A5376e Safari/8536.25 (compatible; Googlebot/2.1; +http://www.google.com/bot.html)"
66.249.68.249 - - [12/Mar/2014:11:23:43 -0500] "GET /events/ermy_event/css/style.css HTTP/1.1" 200 1149 "-" "Mozilla/5.0 (compatible; Googlebot/2.1; +http://www.google.com/bot.html)"
66.249.75.80 - - [12/Mar/2014:11:23:43 -0500] "GET /events/carousel_11/css/style.css HTTP/1.1" 200 1149 "-" "Mozilla/5.0 (compatible; Googlebot/2.1; +http://www.google.com/bot.html)"
66.249.68.249 - - [12/Mar/2014:11:23:44 -0500] "GET /events/vet_picnic/css/style.css HTTP/1.1" 200 1149 "-" "Mozilla/5.0 (compatible; Googlebot/2.1; +http://www.google.com/bot.html)"
74.93.161.74 - - [12/Mar/2014:11:40:43 -0500] "GET /aboutus.php HTTP/1.1" 200 11667 "http://www.google.com/url?sa=t&rct=j&q=&esrc=s&source=web&cd=2&sqi=2&ved=0CC4QjBAwAQ&url=http%3A%2F%2Fwww.operationspokaneheroes.org%2Faboutus.php&ei=CI4gU5z3C4n-oQTkwoE4&usg=AFQjCNF14tQMx_213Gb04Epx5CmMwHRB3A&sig2=antFAeS_rwj4Sl5nn0OmGA&bvm=bv.62788935,d.cGU" "Mozilla/5.0 (Windows NT 6.1; WOW64; rv:27.0) Gecko/20100101 Firefox/27.0"
74.93.161.74 - - [12/Mar/2014:11:40:43 -0500] "GET /_inc/slide.php HTTP/1.1" 200 3205 "http://www.operationspokaneheroes.org/aboutus.php" "Mozilla/5.0 (Windows NT 6.1; WOW64; rv:27.0) Gecko/20100101 Firefox/27.0"
74.93.161.74 - - [12/Mar/2014:11:40:43 -0500] "GET /assets/images/btn_top_search_hover.png HTTP/1.1" 404 - "http://www.operationspokaneheroes.org/_inc/slide.php" "Mozilla/5.0 (Windows NT 6.1; WOW64; rv:27.0) Gecko/20100101 Firefox/27.0"
74.93.161.74 - - [12/Mar/2014:11:40:43 -0500] "GET /assets/images/btn_main_search_hover.png HTTP/1.1" 404 - "http://www.operationspokaneheroes.org/_inc/slide.php" "Mozilla/5.0 (Windows NT 6.1; WOW64; rv:27.0) Gecko/20100101 Firefox/27.0"
74.93.161.74 - - [12/Mar/2014:11:40:43 -0500] "GET /favicon.ico HTTP/1.1" 404 - "-" "Mozilla/5.0 (Windows NT 6.1; WOW64; rv:27.0) Gecko/20100101 Firefox/27.0"
74.93.161.74 - - [12/Mar/2014:11:40:44 -0500] "GET /favicon.ico HTTP/1.1" 404 - "-" "Mozilla/5.0 (Windows NT 6.1; WOW64; rv:27.0) Gecko/20100101 Firefox/27.0"
74.93.161.74 - - [12/Mar/2014:11:40:45 -0500] "GET /contact.php HTTP/1.1" 200 10519 "http://www.operationspokaneheroes.org/aboutus.php" "Mozilla/5.0 (Windows NT 6.1; WOW64; rv:27.0) Gecko/20100101 Firefox/27.0"
74.93.161.74 - - [12/Mar/2014:11:40:46 -0500] "GET /_inc/contact.php HTTP/1.1" 200 756 "http://www.operationspokaneheroes.org/contact.php" "Mozilla/5.0 (Windows NT 6.1; WOW64; rv:27.0) Gecko/20100101 Firefox/27.0"
74.93.161.74 - - [12/Mar/2014:11:40:46 -0500] "GET /assets/images/btn_top_search_hover.png HTTP/1.1" 404 - "http://www.operationspokaneheroes.org/_inc/slide.php" "Mozilla/5.0 (Windows NT 6.1; WOW64; rv:27.0) Gecko/20100101 Firefox/27.0"
74.93.161.74 - - [12/Mar/2014:11:40:46 -0500] "GET /assets/images/btn_main_search_hover.png HTTP/1.1" 404 - "http://www.operationspokaneheroes.org/_inc/slide.php" "Mozilla/5.0 (Windows NT 6.1; WOW64; rv:27.0) Gecko/20100101 Firefox/27.0"
74.93.161.74 - - [12/Mar/2014:11:41:42 -0500] "POST /contact/contactengine.php HTTP/1.1" 200 61 "http://www.operationspokaneheroes.org/_inc/contact.php" "Mozilla/5.0 (Windows NT 6.1; WOW64; rv:27.0) Gecko/20100101 Firefox/27.0"
74.93.161.74 - - [12/Mar/2014:11:41:42 -0500] "GET /contact/contactthanks.php HTTP/1.1" 200 492 "-" "Mozilla/5.0 (Windows NT 6.1; WOW64; rv:27.0) Gecko/20100101 Firefox/27.0"
74.93.161.74 - - [12/Mar/2014:11:41:42 -0500] "GET /contact/style.css HTTP/1.1" 200 853 "http://www.operationspokaneheroes.org/contact/contactthanks.php" "Mozilla/5.0 (Windows NT 6.1; WOW64; rv:27.0) Gecko/20100101 Firefox/27.0"
74.93.161.74 - - [12/Mar/2014:11:41:49 -0500] "GET /index.php HTTP/1.1" 200 10635 "http://www.operationspokaneheroes.org/contact.php" "Mozilla/5.0 (Windows NT 6.1; WOW64; rv:27.0) Gecko/20100101 Firefox/27.0"
74.93.161.74 - - [12/Mar/2014:11:41:49 -0500] "GET /assets/images/btn_top_search_hover.png HTTP/1.1" 404 - "http://www.operationspokaneheroes.org/_inc/slide.php" "Mozilla/5.0 (Windows NT 6.1; WOW64; rv:27.0) Gecko/20100101 Firefox/27.0"
74.93.161.74 - - [12/Mar/2014:11:41:49 -0500] "GET /assets/images/btn_main_search_hover.png HTTP/1.1" 404 - "http://www.operationspokaneheroes.org/_inc/slide.php" "Mozilla/5.0 (Windows NT 6.1; WOW64; rv:27.0) Gecko/20100101 Firefox/27.0"
69.171.237.10 - - [12/Mar/2014:11:48:31 -0500] "GET /images/logo.png HTTP/1.1" 200 226129 "-" "facebookexternalhit/1.1 (+http://www.facebook.com/externalhit_uatext.php)"
66.249.68.13 - - [12/Mar/2014:11:50:32 -0500] "GET /events/vet_picnic/vet_picnic.html HTTP/1.1" 304 - "-" "Mozilla/5.0 (compatible; Googlebot/2.1; +http://www.google.com/bot.html)"
208.115.111.70 - - [12/Mar/2014:12:11:44 -0500] "GET /robots.txt HTTP/1.1" 404 - "-" "Mozilla/5.0 (compatible; Ezooms/1.0; help@moz.com)"
66.249.68.13 - - [12/Mar/2014:12:50:38 -0500] "GET /pdf/MCL%20Breakfast%20-%20March%202012.pdf HTTP/1.1" 304 - "-" "Mozilla/5.0 (compatible; Googlebot/2.1; +http://www.google.com/bot.html)"
208.115.111.70 - - [12/Mar/2014:13:14:22 -0500] "GET /business.php HTTP/1.1" 200 10813 "-" "Mozilla/5.0 (compatible; Ezooms/1.0; help@moz.com)"
178.255.215.83 - - [12/Mar/2014:14:30:51 -0500] "GET /robots.txt HTTP/1.1" 404 - "-" "Mozilla/5.0 (compatible; Exabot/3.0 (BiggerBetter); +http://www.exabot.com/go/robot)"
178.255.215.83 - - [12/Mar/2014:14:30:52 -0500] "GET /pdf/2013%20-%20Women%20Warriors%20and%20the%20Cowgirls%20Flyer.pdf HTTP/1.1" 304 - "-" "Mozilla/5.0 (compatible; Exabot/3.0 (BiggerBetter); +http://www.exabot.com/go/robot)"
157.55.35.41 - - [12/Mar/2014:14:36:31 -0500] "GET /robots.txt HTTP/1.1" 404 - "-" "Mozilla/5.0 (compatible; bingbot/2.0; +http://www.bing.com/bingbot.htm)"
66.249.68.249 - - [12/Mar/2014:14:37:20 -0500] "GET /robots.txt HTTP/1.1" 404 - "-" "Mozilla/5.0 (compatible; Googlebot/2.1; +http://www.google.com/bot.html)"
66.249.68.205 - - [12/Mar/2014:14:37:20 -0500] "GET /pdf/OSH%20Freedom%20Fridays%20Sign%20Up%20Sheet.pdf HTTP/1.1" 200 170318 "-" "Mozilla/5.0 (compatible; Googlebot/2.1; +http://www.google.com/bot.html)"
157.55.35.41 - - [12/Mar/2014:14:38:38 -0500] "GET / HTTP/1.1" 200 10635 "-" "Mozilla/5.0 (compatible; bingbot/2.0; +http://www.bing.com/bingbot.htm)"
65.55.24.246 - - [12/Mar/2014:14:47:19 -0500] "GET /contact.php HTTP/1.1" 200 10519 "-" "Mozilla/5.0 (compatible; bingbot/2.0; +http://www.bing.com/bingbot.htm)"
66.249.68.249 - - [12/Mar/2014:15:41:08 -0500] "GET /pdf/Operation%20Wings%20of%20Hope%20-%20Kids.pdf HTTP/1.1" 200 34092 "-" "Mozilla/5.0 (compatible; Googlebot/2.1; +http://www.google.com/bot.html)"
157.55.35.41 - - [12/Mar/2014:16:28:39 -0500] "GET /robots.txt HTTP/1.1" 404 - "-" "Mozilla/5.0 (compatible; bingbot/2.0; +http://www.bing.com/bingbot.htm)"
180.76.6.51 - - [12/Mar/2014:16:30:14 -0500] "GET /pdf/WAwillvetsFINAL.pdf HTTP/1.1" 200 4202968 "-" "Mozilla/5.0 (Windows NT 5.1; rv:6.0.2) Gecko/20100101 Firefox/6.0.2"
157.55.35.41 - - [12/Mar/2014:16:31:36 -0500] "GET / HTTP/1.1" 200 10635 "-" "Mozilla/5.0 (compatible; bingbot/2.0; +http://www.bing.com/bingbot.htm)"
66.249.75.235 - - [12/Mar/2014:16:51:17 -0500] "GET /robots.txt HTTP/1.1" 404 - "-" "Mozilla/5.0 (compatible; Googlebot/2.1; +http://www.google.com/bot.html)"
66.249.75.229 - - [12/Mar/2014:16:51:17 -0500] "GET /pdf/Hiring%20Our%20Heroes%20Sept%202013%20Career%20Fair%20Flyer.pdf HTTP/1.1" 304 - "-" "SAMSUNG-SGH-E250/1.0 Profile/MIDP-2.0 Configuration/CLDC-1.1 UP.Browser/6.2.3.3.c.1.101 (GUI) MMP/2.0 (compatible; Googlebot-Mobile/2.1; +http://www.google.com/bot.html)"
123.125.71.12 - - [12/Mar/2014:16:56:16 -0500] "GET /slider/index.html HTTP/1.1" 200 2900 "-" "Mozilla/5.0 (compatible; Baiduspider/2.0; +http://www.baidu.com/search/spider.html)"
123.125.71.20 - - [12/Mar/2014:16:56:16 -0500] "GET /slider/ HTTP/1.1" 200 2900 "-" "Mozilla/5.0 (compatible; Baiduspider/2.0; +http://www.baidu.com/search/spider.html)"
178.154.243.83 - - [12/Mar/2014:16:57:16 -0500] "GET /robots.txt HTTP/1.1" 404 - "-" "Mozilla/5.0 (compatible; YandexImages/3.0; +http://yandex.com/bots)"
178.154.243.83 - - [12/Mar/2014:19:00:52 -0500] "GET /slider/images/imagslider-1.png HTTP/1.1" 304 - "-" "Mozilla/5.0 (compatible; YandexImages/3.0; +http://yandex.com/bots)"
68.180.224.176 - - [12/Mar/2014:19:11:25 -0500] "GET /robots.txt HTTP/1.1" 404 - "-" "Mozilla/5.0 (compatible; Yahoo! Slurp; http://help.yahoo.com/help/us/ysearch/slurp)"
68.180.224.176 - - [12/Mar/2014:19:11:26 -0500] "GET /business.php HTTP/1.1" 200 10813 "-" "Mozilla/5.0 (compatible; Yahoo! Slurp; http://help.yahoo.com/help/us/ysearch/slurp)"
66.249.75.93 - - [12/Mar/2014:19:51:25 -0500] "GET /donate.php HTTP/1.1" 200 11699 "-" "Mozilla/5.0 (iPhone; CPU iPhone OS 6_0 like Mac OS X) AppleWebKit/536.26 (KHTML, like Gecko) Version/6.0 Mobile/10A5376e Safari/8536.25 (compatible; Googlebot/2.1; +http://www.google.com/bot.html)"
208.115.111.70 - - [12/Mar/2014:19:51:46 -0500] "GET /robots.txt HTTP/1.1" 404 - "-" "Mozilla/5.0 (compatible; Ezooms/1.0; help@moz.com)"
208.115.111.70 - - [12/Mar/2014:21:15:26 -0500] "GET /employers.php HTTP/1.1" 404 - "-" "Mozilla/5.0 (compatible; Ezooms/1.0; help@moz.com)"
46.119.116.251 - - [12/Mar/2014:21:31:48 -0500] "GET /contact.php HTTP/1.1" 200 10519 "-" "-"
180.76.6.58 - - [12/Mar/2014:21:42:01 -0500] "GET /pdf/2010_Top100_Military_Friendly_Employers.pdf HTTP/1.1" 200 711726 "-" "Mozilla/5.0 (Windows NT 5.1; rv:6.0.2) Gecko/20100101 Firefox/6.0.2"
66.249.68.155 - - [12/Mar/2014:22:06:04 -0500] "GET /business.php HTTP/1.1" 200 10813 "-" "Mozilla/5.0 (iPhone; CPU iPhone OS 6_0 like Mac OS X) AppleWebKit/536.26 (KHTML, like Gecko) Version/6.0 Mobile/10A5376e Safari/8536.25 (compatible; Googlebot/2.1; +http://www.google.com/bot.html)"
66.249.75.213 - - [12/Mar/2014:22:13:55 -0500] "GET /css/style_global.css HTTP/1.1" 200 2621 "-" "Mozilla/5.0 (compatible; Googlebot/2.1; +http://www.google.com/bot.html)"
66.249.68.155 - - [12/Mar/2014:22:13:56 -0500] "GET /css/global.css HTTP/1.1" 200 13951 "-" "Mozilla/5.0 (compatible; Googlebot/2.1; +http://www.google.com/bot.html)"
66.249.68.187 - - [12/Mar/2014:22:13:56 -0500] "GET /css/slide.css HTTP/1.1" 200 2869 "-" "Mozilla/5.0 (compatible; Googlebot/2.1; +http://www.google.com/bot.html)"
66.249.75.220 - - [12/Mar/2014:22:13:57 -0500] "GET /css/footer.css HTTP/1.1" 200 752 "-" "Mozilla/5.0 (compatible; Googlebot/2.1; +http://www.google.com/bot.html)"
202.46.63.91 - - [12/Mar/2014:22:24:11 -0500] "GET / HTTP/1.1" 200 10635 "-" "Mozilla/4.0 (compatible; MSIE 7.0; Windows NT 6.0)"
119.63.193.131 - - [12/Mar/2014:22:26:06 -0500] "GET / HTTP/1.1" 200 10635 "-" "Mozilla/4.0 (compatible; MSIE 7.0; Windows NT 6.0)"
180.76.5.62 - - [13/Mar/2014:02:46:40 -0500] "GET /pdf/General%20Support%20group%20flyer.pdf HTTP/1.1" 304 - "-" "Mozilla/5.0 (Windows NT 5.1; rv:6.0.2) Gecko/20100101 Firefox/6.0.2"
183.60.214.119 - - [13/Mar/2014:02:53:27 -0500] "GET /events.php HTTP/1.1" 200 6407 "-" "Mozilla/5.0 (compatible; EasouSpider; +http://www.easou.com/search/spider.html)"
66.249.75.86 - - [13/Mar/2014:02:59:23 -0500] "GET /robots.txt HTTP/1.1" 404 - "-" "Mozilla/5.0 (compatible; Googlebot/2.1; +http://www.google.com/bot.html)"
66.249.68.205 - - [13/Mar/2014:02:59:23 -0500] "GET / HTTP/1.1" 200 10635 "-" "SAMSUNG-SGH-E250/1.0 Profile/MIDP-2.0 Configuration/CLDC-1.1 UP.Browser/6.2.3.3.c.1.101 (GUI) MMP/2.0 (compatible; Googlebot-Mobile/2.1; +http://www.google.com/bot.html)"
199.21.99.103 - - [13/Mar/2014:03:40:39 -0500] "GET /robots.txt HTTP/1.1" 404 - "-" "Mozilla/5.0 (compatible; YandexBot/3.0; +http://yandex.com/bots)"
199.21.99.103 - - [13/Mar/2014:03:40:40 -0500] "GET /robots.txt HTTP/1.1" 404 - "-" "Mozilla/5.0 (compatible; YandexBot/3.0; +http://yandex.com/bots)"
199.21.99.103 - - [13/Mar/2014:03:40:41 -0500] "GET / HTTP/1.1" 200 10635 "-" "Mozilla/5.0 (compatible; YandexBot/3.0; +http://yandex.com/bots)"
199.21.99.103 - - [13/Mar/2014:03:40:43 -0500] "GET / HTTP/1.1" 200 10635 "-" "Mozilla/5.0 (compatible; YandexBot/3.0; +http://yandex.com/bots)"
199.21.99.103 - - [13/Mar/2014:03:40:47 -0500] "GET / HTTP/1.1" 200 10635 "-" "Mozilla/5.0 (compatible; YandexBot/3.0; +http://yandex.com/bots)"
199.21.99.103 - - [13/Mar/2014:03:40:48 -0500] "GET / HTTP/1.1" 200 10635 "-" "Mozilla/5.0 (compatible; YandexBot/3.0; +http://yandex.com/bots)"
66.249.75.237 - - [13/Mar/2014:03:53:25 -0500] "GET / HTTP/1.1" 200 10635 "-" "SAMSUNG-SGH-E250/1.0 Profile/MIDP-2.0 Configuration/CLDC-1.1 UP.Browser/6.2.3.3.c.1.101 (GUI) MMP/2.0 (compatible; Googlebot-Mobile/2.1; +http://www.google.com/bot.html)"
157.55.35.41 - - [13/Mar/2014:05:14:47 -0500] "GET /robots.txt HTTP/1.1" 404 - "-" "Mozilla/5.0 (compatible; bingbot/2.0; +http://www.bing.com/bingbot.htm)"
180.76.6.61 - - [13/Mar/2014:05:15:33 -0500] "GET /pdf/osh_show.pdf HTTP/1.1" 200 6794939 "-" "Mozilla/5.0 (Windows NT 5.1; rv:6.0.2) Gecko/20100101 Firefox/6.0.2"
157.55.35.41 - - [13/Mar/2014:05:21:49 -0500] "GET /robots.txt HTTP/1.1" 404 - "-" "Mozilla/5.0 (compatible; bingbot/2.0; +http://www.bing.com/bingbot.htm)"
157.55.35.41 - - [13/Mar/2014:05:22:49 -0500] "GET / HTTP/1.1" 200 10635 "-" "Mozilla/5.0 (compatible; bingbot/2.0; +http://www.bing.com/bingbot.htm)"
157.55.35.41 - - [13/Mar/2014:05:29:22 -0500] "GET / HTTP/1.1" 200 10635 "-" "Mozilla/5.0 (compatible; bingbot/2.0; +http://www.bing.com/bingbot.htm)"
66.249.75.81 - - [13/Mar/2014:12:09:04 -0500] "GET /join/ HTTP/1.1" 404 - "-" "Mozilla/5.0 (iPhone; CPU iPhone OS 6_0 like Mac OS X) AppleWebKit/536.26 (KHTML, like Gecko) Version/6.0 Mobile/10A5376e Safari/8536.25 (compatible; Googlebot/2.1; +http://www.google.com/bot.html)"
54.203.41.121 - - [13/Mar/2014:12:22:57 -0500] "GET / HTTP/1.1" 200 10635 "-" "python-requests/1.2.3 CPython/2.7.3 Linux/3.2.0-60-virtual"
65.55.24.221 - - [13/Mar/2014:14:48:27 -0500] "GET /robots.txt HTTP/1.1" 404 - "-" "Mozilla/5.0 (compatible; bingbot/2.0; +http://www.bing.com/bingbot.htm)"
65.55.24.221 - - [13/Mar/2014:14:49:02 -0500] "GET / HTTP/1.1" 200 10635 "-" "Mozilla/5.0 (compatible; bingbot/2.0; +http://www.bing.com/bingbot.htm)"
66.249.68.219 - - [13/Mar/2014:15:10:06 -0500] "GET /robots.txt HTTP/1.1" 404 - "-" "Mozilla/5.0 (compatible; Googlebot/2.1; +http://www.google.com/bot.html)"
66.249.68.219 - - [13/Mar/2014:15:10:06 -0500] "GET /_inc/slide.php HTTP/1.1" 200 3205 "-" "Mozilla/5.0 (iPhone; CPU iPhone OS 6_0 like Mac OS X) AppleWebKit/536.26 (KHTML, like Gecko) Version/6.0 Mobile/10A5376e Safari/8536.25 (compatible; Googlebot/2.1; +http://www.google.com/bot.html)"
66.249.68.155 - - [13/Mar/2014:15:13:50 -0500] "GET /images/we_strive.png HTTP/1.1" 200 1981 "-" "Mozilla/5.0 (compatible; Googlebot/2.1; +http://www.google.com/bot.html)"
66.249.68.219 - - [13/Mar/2014:15:13:51 -0500] "GET /images/4.jpg HTTP/1.1" 200 186934 "-" "Mozilla/5.0 (compatible; Googlebot/2.1; +http://www.google.com/bot.html)"
66.249.75.220 - - [13/Mar/2014:15:13:52 -0500] "GET /images/we_need.png HTTP/1.1" 200 2138 "-" "Mozilla/5.0 (compatible; Googlebot/2.1; +http://www.google.com/bot.html)"
66.249.68.219 - - [13/Mar/2014:15:13:52 -0500] "GET /assets/images/btn_main_search_hover.png HTTP/1.1" 404 - "-" "Mozilla/5.0 (compatible; Googlebot/2.1; +http://www.google.com/bot.html)"
66.249.68.155 - - [13/Mar/2014:15:13:53 -0500] "GET /images/we_believe.png HTTP/1.1" 200 1785 "-" "Mozilla/5.0 (compatible; Googlebot/2.1; +http://www.google.com/bot.html)"
66.249.75.218 - - [13/Mar/2014:15:13:54 -0500] "GET /images/we_help.png HTTP/1.1" 200 1514 "-" "Mozilla/5.0 (compatible; Googlebot/2.1; +http://www.google.com/bot.html)"
66.249.68.219 - - [13/Mar/2014:15:13:54 -0500] "GET /assets/images/btn_top_search_hover.png HTTP/1.1" 404 - "-" "Mozilla/5.0 (compatible; Googlebot/2.1; +http://www.google.com/bot.html)"
66.249.68.219 - - [13/Mar/2014:15:13:55 -0500] "GET /images/2.jpg HTTP/1.1" 200 170993 "-" "Mozilla/5.0 (compatible; Googlebot/2.1; +http://www.google.com/bot.html)"
66.249.75.230 - - [13/Mar/2014:15:13:56 -0500] "GET /images/3.jpg HTTP/1.1" 200 240733 "-" "Mozilla/5.0 (compatible; Googlebot/2.1; +http://www.google.com/bot.html)"
66.249.75.5 - - [13/Mar/2014:15:13:57 -0500] "GET /images/mission_statement_bg.png HTTP/1.1" 200 11413 "-" "Mozilla/5.0 (compatible; Googlebot/2.1; +http://www.google.com/bot.html)"
66.249.75.230 - - [13/Mar/2014:15:13:58 -0500] "GET /images/1.jpg HTTP/1.1" 200 142489 "-" "Mozilla/5.0 (compatible; Googlebot/2.1; +http://www.google.com/bot.html)"
66.249.68.249 - - [13/Mar/2014:15:17:12 -0500] "GET /robots.txt HTTP/1.1" 404 - "-" "Mozilla/5.0 (compatible; Googlebot/2.1; +http://www.google.com/bot.html)"
66.249.68.249 - - [13/Mar/2014:15:17:12 -0500] "GET /pdf/pearl%20harbor_map.pdf HTTP/1.1" 200 1596009 "-" "Mozilla/5.0 (iPhone; CPU iPhone OS 6_0 like Mac OS X) AppleWebKit/536.26 (KHTML, like Gecko) Version/6.0 Mobile/10A5376e Safari/8536.25 (compatible; Googlebot/2.1; +http://www.google.com/bot.html)"
66.249.68.187 - - [13/Mar/2014:15:24:29 -0500] "GET /pdf/2013%20Salute%20Armed%20Forces.pdf HTTP/1.1" 200 1749455 "-" "Mozilla/5.0 (iPhone; CPU iPhone OS 6_0 like Mac OS X) AppleWebKit/536.26 (KHTML, like Gecko) Version/6.0 Mobile/10A5376e Safari/8536.25 (compatible; Googlebot/2.1; +http://www.google.com/bot.html)"
66.249.75.219 - - [13/Mar/2014:16:30:03 -0500] "GET /pdf/Idaho+DOL+Sep+-+Oct+2013.pdf HTTP/1.1" 304 - "-" "SAMSUNG-SGH-E250/1.0 Profile/MIDP-2.0 Configuration/CLDC-1.1 UP.Browser/6.2.3.3.c.1.101 (GUI) MMP/2.0 (compatible; Googlebot-Mobile/2.1; +http://www.google.com/bot.html)"
66.249.75.210 - - [13/Mar/2014:16:49:15 -0500] "GET / HTTP/1.1" 200 10635 "-" "DoCoMo/2.0 N905i(c100;TB;W24H16) (compatible; Googlebot-Mobile/2.1; +http://www.google.com/bot.html)"
65.55.24.221 - - [13/Mar/2014:17:01:21 -0500] "GET /robots.txt HTTP/1.1" 404 - "-" "Mozilla/5.0 (compatible; bingbot/2.0; +http://www.bing.com/bingbot.htm)"
65.55.24.221 - - [13/Mar/2014:17:01:44 -0500] "GET / HTTP/1.1" 200 10635 "-" "Mozilla/5.0 (compatible; bingbot/2.0; +http://www.bing.com/bingbot.htm)"
66.249.68.155 - - [13/Mar/2014:18:04:47 -0500] "GET /events/carousel_11/carousel_11.html HTTP/1.1" 200 3712 "-" "Mozilla/5.0 (iPhone; CPU iPhone OS 6_0 like Mac OS X) AppleWebKit/536.26 (KHTML, like Gecko) Version/6.0 Mobile/10A5376e Safari/8536.25 (compatible; Googlebot/2.1; +http://www.google.com/bot.html)"
66.249.68.219 - - [13/Mar/2014:18:14:25 -0500] "GET /slider/index.html HTTP/1.1" 200 2900 "-" "Mozilla/5.0 (iPhone; CPU iPhone OS 6_0 like Mac OS X) AppleWebKit/536.26 (KHTML, like Gecko) Version/6.0 Mobile/10A5376e Safari/8536.25 (compatible; Googlebot/2.1; +http://www.google.com/bot.html)"
66.249.68.155 - - [13/Mar/2014:18:19:19 -0500] "GET /events/carousel_11/images/rightshadow.png HTTP/1.1" 200 147 "-" "Mozilla/5.0 (compatible; Googlebot/2.1; +http://www.google.com/bot.html)"
66.249.75.227 - - [13/Mar/2014:18:19:19 -0500] "GET /events/carousel_11/css/style.css HTTP/1.1" 200 1149 "-" "Mozilla/5.0 (compatible; Googlebot/2.1; +http://www.google.com/bot.html)"
66.249.75.240 - - [13/Mar/2014:18:19:20 -0500] "GET /events/carousel_11/images/6.jpg HTTP/1.1" 200 154334 "-" "Mozilla/5.0 (compatible; Googlebot/2.1; +http://www.google.com/bot.html)"
66.249.75.235 - - [13/Mar/2014:18:19:21 -0500] "GET /events/carousel_11/images/11.jpg HTTP/1.1" 200 171021 "-" "Mozilla/5.0 (compatible; Googlebot/2.1; +http://www.google.com/bot.html)"
