66.249.65.1 - - [06/Feb/2014:04:24:22 -0600] "GET /css/footer.css HTTP/1.1" 200 752 "-" "Mozilla/5.0 (compatible; Googlebot/2.1; +http://www.google.com/bot.html)"
66.249.65.7 - - [06/Feb/2014:04:24:23 -0600] "GET /events/vet_picnic/vet_picnic.html HTTP/1.1" 200 3163 "-" "Mozilla/5.0 (compatible; Googlebot/2.1; +http://www.google.com/bot.html)"
66.249.65.8 - - [06/Feb/2014:04:24:24 -0600] "GET /css/global.css HTTP/1.1" 200 13951 "-" "Mozilla/5.0 (compatible; Googlebot/2.1; +http://www.google.com/bot.html)"
66.249.65.5 - - [06/Feb/2014:04:27:46 -0600] "GET /robots.txt HTTP/1.1" 404 - "-" "Mozilla/5.0 (compatible; Googlebot/2.1; +http://www.google.com/bot.html)"
66.249.65.7 - - [06/Feb/2014:04:27:46 -0600] "GET /pdf/Hiring%20Our%20Heroes%20Sept%202013%20Career%20Fair%20Flyer.pdf HTTP/1.1" 304 - "-" "Mozilla/5.0 (iPhone; CPU iPhone OS 6_0 like Mac OS X) AppleWebKit/536.26 (KHTML, like Gecko) Version/6.0 Mobile/10A5376e Safari/8536.25 (compatible; Googlebot-Mobile/2.1; +http://www.google.com/bot.html)"
68.180.224.176 - - [06/Feb/2014:05:42:48 -0600] "GET /robots.txt HTTP/1.1" 404 - "-" "Mozilla/5.0 (compatible; Yahoo! Slurp; http://help.yahoo.com/help/us/ysearch/slurp)"
68.180.224.176 - - [06/Feb/2014:05:42:49 -0600] "GET /events.php HTTP/1.1" 200 6407 "-" "Mozilla/5.0 (compatible; Yahoo! Slurp; http://help.yahoo.com/help/us/ysearch/slurp)"
157.55.32.52 - - [06/Feb/2014:06:30:03 -0600] "GET /robots.txt HTTP/1.1" 404 - "-" "Mozilla/5.0 (compatible; bingbot/2.0; +http://www.bing.com/bingbot.htm)"
157.55.32.52 - - [06/Feb/2014:06:34:28 -0600] "GET /java_for_joes/index.html HTTP/1.1" 404 - "-" "Mozilla/5.0 (compatible; bingbot/2.0; +http://www.bing.com/bingbot.htm)"
66.249.73.53 - - [06/Feb/2014:07:07:57 -0600] "GET /robots.txt HTTP/1.1" 404 - "-" "Mozilla/5.0 (compatible; Googlebot/2.1; +http://www.google.com/bot.html)"
66.249.73.53 - - [06/Feb/2014:07:07:57 -0600] "GET / HTTP/1.1" 200 10635 "-" "SAMSUNG-SGH-E250/1.0 Profile/MIDP-2.0 Configuration/CLDC-1.1 UP.Browser/6.2.3.3.c.1.101 (GUI) MMP/2.0 (compatible; Googlebot-Mobile/2.1; +http://www.google.com/bot.html)"
66.249.73.53 - - [06/Feb/2014:07:14:45 -0600] "GET / HTTP/1.1" 200 10635 "-" "Mozilla/5.0 (compatible; Googlebot/2.1; +http://www.google.com/bot.html)"
68.180.224.230 - - [06/Feb/2014:08:22:55 -0600] "GET /robots.txt HTTP/1.1" 404 - "-" "Mozilla/5.0 (compatible; Yahoo! Slurp; http://help.yahoo.com/help/us/ysearch/slurp)"
68.180.224.230 - - [06/Feb/2014:08:22:55 -0600] "GET / HTTP/1.1" 200 10635 "-" "Mozilla/5.0 (compatible; Yahoo! Slurp; http://help.yahoo.com/help/us/ysearch/slurp)"
199.21.99.103 - - [06/Feb/2014:08:39:13 -0600] "GET /robots.txt HTTP/1.1" 404 - "-" "Mozilla/5.0 (compatible; YandexBot/3.0; +http://yandex.com/bots)"
199.21.99.103 - - [06/Feb/2014:08:39:15 -0600] "GET / HTTP/1.1" 200 10635 "-" "Mozilla/5.0 (compatible; YandexBot/3.0; +http://yandex.com/bots)"
199.30.228.129 - - [06/Feb/2014:08:43:15 -0600] "GET / HTTP/1.1" 200 10635 "-" "Mozilla/5.0 (X11; Linux i686) AppleWebKit/534.34 (KHTML, like Gecko) Qt/4.8.4 Safari/534.34"
199.30.228.129 - - [06/Feb/2014:08:43:16 -0600] "GET /css/global.css HTTP/1.1" 200 13951 "http://operationspokaneheroes.org/" "Mozilla/5.0 (X11; Linux i686) AppleWebKit/534.34 (KHTML, like Gecko) Qt/4.8.4 Safari/534.34"
199.30.228.129 - - [06/Feb/2014:08:43:16 -0600] "GET /slider/index.html HTTP/1.1" 200 2900 "http://operationspokaneheroes.org/" "Mozilla/5.0 (X11; Linux i686) AppleWebKit/534.34 (KHTML, like Gecko) Qt/4.8.4 Safari/534.34"
199.30.228.129 - - [06/Feb/2014:08:43:16 -0600] "GET /css/footer.css HTTP/1.1" 200 752 "http://operationspokaneheroes.org/" "Mozilla/5.0 (X11; Linux i686) AppleWebKit/534.34 (KHTML, like Gecko) Qt/4.8.4 Safari/534.34"
199.30.228.129 - - [06/Feb/2014:08:43:16 -0600] "GET /_inc/slide.php HTTP/1.1" 200 3205 "http://operationspokaneheroes.org/" "Mozilla/5.0 (X11; Linux i686) AppleWebKit/534.34 (KHTML, like Gecko) Qt/4.8.4 Safari/534.34"
199.30.228.129 - - [06/Feb/2014:08:43:20 -0600] "GET /images/facebook.png HTTP/1.1" 200 5004 "http://operationspokaneheroes.org/" "Mozilla/5.0 (X11; Linux i686) AppleWebKit/534.34 (KHTML, like Gecko) Qt/4.8.4 Safari/534.34"
199.30.228.129 - - [06/Feb/2014:08:43:20 -0600] "GET /images/global.png HTTP/1.1" 200 5737 "http://operationspokaneheroes.org/" "Mozilla/5.0 (X11; Linux i686) AppleWebKit/534.34 (KHTML, like Gecko) Qt/4.8.4 Safari/534.34"
199.30.228.129 - - [06/Feb/2014:08:43:20 -0600] "GET /images/contacticon.png HTTP/1.1" 200 4499 "http://operationspokaneheroes.org/" "Mozilla/5.0 (X11; Linux i686) AppleWebKit/534.34 (KHTML, like Gecko) Qt/4.8.4 Safari/534.34"
199.30.228.139 - - [06/Feb/2014:08:43:20 -0600] "GET /images/nav2.jpg HTTP/1.1" 200 4444 "http://operationspokaneheroes.org/" "Mozilla/5.0 (X11; Linux i686) AppleWebKit/534.34 (KHTML, like Gecko) Qt/4.8.4 Safari/534.34"
199.30.228.129 - - [06/Feb/2014:08:43:21 -0600] "GET /mainbk.png HTTP/1.1" 200 290 "http://operationspokaneheroes.org/" "Mozilla/5.0 (X11; Linux i686) AppleWebKit/534.34 (KHTML, like Gecko) Qt/4.8.4 Safari/534.34"
199.30.228.129 - - [06/Feb/2014:08:43:21 -0600] "GET /slider/css/style.css HTTP/1.1" 200 1379 "http://operationspokaneheroes.org/slider/index.html" "Mozilla/5.0 (X11; Linux i686) AppleWebKit/534.34 (KHTML, like Gecko) Qt/4.8.4 Safari/534.34"
199.30.228.139 - - [06/Feb/2014:08:43:21 -0600] "GET /slider/js/startstop-slider.js HTTP/1.1" 200 1737 "http://operationspokaneheroes.org/slider/index.html" "Mozilla/5.0 (X11; Linux i686) AppleWebKit/534.34 (KHTML, like Gecko) Qt/4.8.4 Safari/534.34"
199.30.228.129 - - [06/Feb/2014:08:43:21 -0600] "GET /css/slide.css HTTP/1.1" 200 2869 "http://operationspokaneheroes.org/_inc/slide.php" "Mozilla/5.0 (X11; Linux i686) AppleWebKit/534.34 (KHTML, like Gecko) Qt/4.8.4 Safari/534.34"
199.30.228.158 - - [06/Feb/2014:08:43:20 -0600] "GET /images/bg2.jpg HTTP/1.1" 200 55206 "http://operationspokaneheroes.org/" "Mozilla/5.0 (X11; Linux i686) AppleWebKit/534.34 (KHTML, like Gecko) Qt/4.8.4 Safari/534.34"
199.30.228.129 - - [06/Feb/2014:08:43:21 -0600] "GET /css/style_global.css HTTP/1.1" 200 2621 "http://operationspokaneheroes.org/_inc/slide.php" "Mozilla/5.0 (X11; Linux i686) AppleWebKit/534.34 (KHTML, like Gecko) Qt/4.8.4 Safari/534.34"
199.30.228.129 - - [06/Feb/2014:08:43:20 -0600] "GET /images/logo.png HTTP/1.1" 200 226129 "http://operationspokaneheroes.org/" "Mozilla/5.0 (X11; Linux i686) AppleWebKit/534.34 (KHTML, like Gecko) Qt/4.8.4 Safari/534.34"
199.30.228.129 - - [06/Feb/2014:08:43:21 -0600] "GET /slider/js/jquery-1.2.6.js HTTP/1.1" 200 100196 "http://operationspokaneheroes.org/slider/index.html" "Mozilla/5.0 (X11; Linux i686) AppleWebKit/534.34 (KHTML, like Gecko) Qt/4.8.4 Safari/534.34"
199.30.228.139 - - [06/Feb/2014:08:43:21 -0600] "GET /js/combined.js HTTP/1.1" 200 169946 "http://operationspokaneheroes.org/_inc/slide.php" "Mozilla/5.0 (X11; Linux i686) AppleWebKit/534.34 (KHTML, like Gecko) Qt/4.8.4 Safari/534.34"
199.30.228.129 - - [06/Feb/2014:08:43:21 -0600] "GET /slider/images/slider-bg.jpg HTTP/1.1" 200 3447 "http://operationspokaneheroes.org/slider/index.html" "Mozilla/5.0 (X11; Linux i686) AppleWebKit/534.34 (KHTML, like Gecko) Qt/4.8.4 Safari/534.34"
199.30.228.129 - - [06/Feb/2014:08:43:21 -0600] "GET /images/slder2.png HTTP/1.1" 200 32853 "http://operationspokaneheroes.org/slider/index.html" "Mozilla/5.0 (X11; Linux i686) AppleWebKit/534.34 (KHTML, like Gecko) Qt/4.8.4 Safari/534.34"
199.30.228.129 - - [06/Feb/2014:08:43:21 -0600] "GET /slider/images/imagslider-1.png HTTP/1.1" 200 69960 "http://operationspokaneheroes.org/slider/index.html" "Mozilla/5.0 (X11; Linux i686) AppleWebKit/534.34 (KHTML, like Gecko) Qt/4.8.4 Safari/534.34"
199.30.228.129 - - [06/Feb/2014:08:43:21 -0600] "GET /slider/images/imagslider-2.png HTTP/1.1" 200 62889 "http://operationspokaneheroes.org/slider/index.html" "Mozilla/5.0 (X11; Linux i686) AppleWebKit/534.34 (KHTML, like Gecko) Qt/4.8.4 Safari/534.34"
199.30.228.139 - - [06/Feb/2014:08:43:21 -0600] "GET /images/we_believe.png HTTP/1.1" 200 1785 "http://operationspokaneheroes.org/_inc/slide.php" "Mozilla/5.0 (X11; Linux i686) AppleWebKit/534.34 (KHTML, like Gecko) Qt/4.8.4 Safari/534.34"
199.30.228.158 - - [06/Feb/2014:08:43:21 -0600] "GET /images/mission_statement_bg.png HTTP/1.1" 200 11413 "http://operationspokaneheroes.org/_inc/slide.php" "Mozilla/5.0 (X11; Linux i686) AppleWebKit/534.34 (KHTML, like Gecko) Qt/4.8.4 Safari/534.34"
199.30.228.139 - - [06/Feb/2014:08:43:21 -0600] "GET /images/we_strive.png HTTP/1.1" 200 1981 "http://operationspokaneheroes.org/_inc/slide.php" "Mozilla/5.0 (X11; Linux i686) AppleWebKit/534.34 (KHTML, like Gecko) Qt/4.8.4 Safari/534.34"
199.30.228.129 - - [06/Feb/2014:08:43:21 -0600] "GET /images/we_help.png HTTP/1.1" 200 1514 "http://operationspokaneheroes.org/_inc/slide.php" "Mozilla/5.0 (X11; Linux i686) AppleWebKit/534.34 (KHTML, like Gecko) Qt/4.8.4 Safari/534.34"
199.30.228.139 - - [06/Feb/2014:08:43:21 -0600] "GET /images/we_need.png HTTP/1.1" 200 2138 "http://operationspokaneheroes.org/_inc/slide.php" "Mozilla/5.0 (X11; Linux i686) AppleWebKit/534.34 (KHTML, like Gecko) Qt/4.8.4 Safari/534.34"
199.30.228.129 - - [06/Feb/2014:08:43:21 -0600] "GET /images/2.jpg HTTP/1.1" 200 170993 "http://operationspokaneheroes.org/_inc/slide.php" "Mozilla/5.0 (X11; Linux i686) AppleWebKit/534.34 (KHTML, like Gecko) Qt/4.8.4 Safari/534.34"
199.30.228.129 - - [06/Feb/2014:08:43:21 -0600] "GET /assets/images/btn_top_search_hover.png HTTP/1.1" 404 - "http://operationspokaneheroes.org/_inc/slide.php" "Mozilla/5.0 (X11; Linux i686) AppleWebKit/534.34 (KHTML, like Gecko) Qt/4.8.4 Safari/534.34"
199.30.228.139 - - [06/Feb/2014:08:43:21 -0600] "GET /assets/images/btn_main_search_hover.png HTTP/1.1" 404 - "http://operationspokaneheroes.org/_inc/slide.php" "Mozilla/5.0 (X11; Linux i686) AppleWebKit/534.34 (KHTML, like Gecko) Qt/4.8.4 Safari/534.34"
199.30.228.129 - - [06/Feb/2014:08:43:21 -0600] "GET /images/3.jpg HTTP/1.1" 200 240733 "http://operationspokaneheroes.org/_inc/slide.php" "Mozilla/5.0 (X11; Linux i686) AppleWebKit/534.34 (KHTML, like Gecko) Qt/4.8.4 Safari/534.34"
199.30.228.129 - - [06/Feb/2014:08:43:21 -0600] "GET /images/4.jpg HTTP/1.1" 200 186934 "http://operationspokaneheroes.org/_inc/slide.php" "Mozilla/5.0 (X11; Linux i686) AppleWebKit/534.34 (KHTML, like Gecko) Qt/4.8.4 Safari/534.34"
199.30.228.158 - - [06/Feb/2014:08:43:21 -0600] "GET /images/1.jpg HTTP/1.1" 200 142489 "http://operationspokaneheroes.org/_inc/slide.php" "Mozilla/5.0 (X11; Linux i686) AppleWebKit/534.34 (KHTML, like Gecko) Qt/4.8.4 Safari/534.34"
65.55.24.246 - - [06/Feb/2014:09:06:23 -0600] "GET /robots.txt HTTP/1.1" 404 - "-" "Mozilla/5.0 (compatible; bingbot/2.0; +http://www.bing.com/bingbot.htm)"
65.55.24.246 - - [06/Feb/2014:09:38:16 -0600] "GET /events/lilac_lunch/lilac_lunch.html HTTP/1.1" 304 - "-" "Mozilla/5.0 (compatible; bingbot/2.0; +http://www.bing.com/bingbot.htm)"
208.115.111.70 - - [06/Feb/2014:11:08:52 -0600] "GET /robots.txt HTTP/1.1" 404 - "-" "Mozilla/5.0 (compatible; Ezooms/1.0; help@moz.com)"
208.115.111.70 - - [06/Feb/2014:11:23:11 -0600] "GET /java_for_joes/index.html?2110d400 HTTP/1.1" 404 - "-" "Mozilla/5.0 (compatible; Ezooms/1.0; help@moz.com)"
5.255.253.35 - - [06/Feb/2014:11:23:25 -0600] "GET / HTTP/1.1" 200 10635 "-" "Mozilla/5.0 (compatible; YandexBot/3.0; +http://yandex.com/bots)"
106.120.173.105 - - [06/Feb/2014:11:58:07 -0600] "GET /robots.txt HTTP/1.1" 404 - "-" "Sogou web spider/4.0(+http://www.sogou.com/docs/help/webmasters.htm#07)"
106.120.173.105 - - [06/Feb/2014:11:58:09 -0600] "GET / HTTP/1.1" 200 10635 "-" "Sogou web spider/4.0(+http://www.sogou.com/docs/help/webmasters.htm#07)"
157.56.93.103 - - [06/Feb/2014:12:01:03 -0600] "GET /robots.txt HTTP/1.1" 404 - "-" "Mozilla/5.0 (compatible; bingbot/2.0; +http://www.bing.com/bingbot.htm)"
217.69.133.192 - - [06/Feb/2014:12:06:30 -0600] "GET /robots.txt HTTP/1.1" 404 - "-" "Mozilla/5.0 (compatible; Linux x86_64; Mail.RU_Bot/2.0; +http://go.mail.ru/help/robots)"
217.69.133.72 - - [06/Feb/2014:12:06:32 -0600] "GET / HTTP/1.1" 200 10635 "-" "Mozilla/5.0 (compatible; Linux x86_64; Mail.RU_Bot/2.0; +http://go.mail.ru/help/robots)"
157.56.93.103 - - [06/Feb/2014:12:08:06 -0600] "GET / HTTP/1.1" 200 10635 "-" "Mozilla/5.0 (compatible; bingbot/2.0; +http://www.bing.com/bingbot.htm)"
180.76.5.187 - - [06/Feb/2014:12:13:46 -0600] "GET /pdf/2010_Top100_Military_Friendly_Employers.pdf HTTP/1.1" 200 711726 "-" "Mozilla/5.0 (Windows NT 5.1; rv:6.0.2) Gecko/20100101 Firefox/6.0.2"
180.76.5.116 - - [06/Feb/2014:12:34:29 -0600] "GET /events/ermy_event/css/style.css HTTP/1.1" 200 1149 "-" "Mozilla/5.0 (compatible; Baiduspider/2.0; +http://www.baidu.com/search/spider.html)"
65.55.24.246 - - [06/Feb/2014:14:36:22 -0600] "GET /robots.txt HTTP/1.1" 404 - "-" "Mozilla/5.0 (compatible; bingbot/2.0; +http://www.bing.com/bingbot.htm)"
199.21.99.103 - - [06/Feb/2014:14:41:05 -0600] "GET /robots.txt HTTP/1.1" 404 - "-" "Mozilla/5.0 (compatible; YandexBot/3.0; +http://yandex.com/bots)"
199.21.99.103 - - [06/Feb/2014:14:41:07 -0600] "GET / HTTP/1.1" 200 10635 "-" "Mozilla/5.0 (compatible; YandexBot/3.0; +http://yandex.com/bots)"
199.21.99.103 - - [06/Feb/2014:14:41:08 -0600] "GET / HTTP/1.1" 200 10635 "-" "Mozilla/5.0 (compatible; YandexBot/3.0; +http://yandex.com/bots)"
199.21.99.103 - - [06/Feb/2014:14:41:12 -0600] "GET / HTTP/1.1" 200 10635 "-" "Mozilla/5.0 (compatible; YandexBot/3.0; +http://yandex.com/bots)"
199.21.99.103 - - [06/Feb/2014:14:41:13 -0600] "GET / HTTP/1.1" 200 10635 "-" "Mozilla/5.0 (compatible; YandexBot/3.0; +http://yandex.com/bots)"
65.55.24.246 - - [06/Feb/2014:14:57:40 -0600] "GET / HTTP/1.1" 200 10635 "-" "Mozilla/5.0 (compatible; bingbot/2.0; +http://www.bing.com/bingbot.htm)"
180.76.5.214 - - [06/Feb/2014:16:19:54 -0600] "GET /pdf/VetsDay_Flyer2.pdf HTTP/1.1" 200 2364673 "-" "Mozilla/5.0 (Windows NT 5.1; rv:6.0.2) Gecko/20100101 Firefox/6.0.2"
66.249.73.216 - - [06/Feb/2014:16:27:58 -0600] "GET /robots.txt HTTP/1.1" 404 - "-" "Mozilla/5.0 (compatible; Googlebot/2.1; +http://www.google.com/bot.html)"
66.249.73.216 - - [06/Feb/2014:16:27:58 -0600] "GET /business.php HTTP/1.1" 200 10813 "-" "Mozilla/5.0 (iPhone; CPU iPhone OS 6_0 like Mac OS X) AppleWebKit/536.26 (KHTML, like Gecko) Version/6.0 Mobile/10A5376e Safari/8536.25 (compatible; Googlebot-Mobile/2.1; +http://www.google.com/bot.html)"
66.249.73.216 - - [06/Feb/2014:16:34:11 -0600] "GET /css/slide.css HTTP/1.1" 200 2869 "-" "Mozilla/5.0 (compatible; Googlebot/2.1; +http://www.google.com/bot.html)"
66.249.73.216 - - [06/Feb/2014:16:34:11 -0600] "GET /css/style_global.css HTTP/1.1" 200 2621 "-" "Mozilla/5.0 (compatible; Googlebot/2.1; +http://www.google.com/bot.html)"
66.249.73.216 - - [06/Feb/2014:16:34:12 -0600] "GET /css/global.css HTTP/1.1" 200 13951 "-" "Mozilla/5.0 (compatible; Googlebot/2.1; +http://www.google.com/bot.html)"
173.252.100.112 - - [06/Feb/2014:16:37:54 -0600] "GET /images/logo.png HTTP/1.1" 200 226129 "-" "facebookexternalhit/1.1 (+http://www.facebook.com/externalhit_uatext.php)"
63.224.213.88 - - [06/Feb/2014:16:53:54 -0600] "GET / HTTP/1.0" 200 10635 "http://www.google.com/url?sa=t&rct=j&q=&esrc=s&frm=1&source=web&cd=1&ved=0CCcQFjAA&url=http%3A%2F%2Fwww.operationspokaneheroes.org%2F&ei=fxL0UuzrEsK7oQS0q4KQBw&usg=AFQjCNELhoWkVVZy6dp_kJlmhnClIeUkrg&bvm=bv.60983673,d.cGU" "Mozilla/5.0 (compatible; MSIE 9.0; Windows NT 6.1; WOW64; Trident/5.0)"
63.224.213.88 - - [06/Feb/2014:16:53:54 -0600] "GET /images/global.png HTTP/1.0" 200 5737 "http://www.operationspokaneheroes.org/" "Mozilla/5.0 (compatible; MSIE 9.0; Windows NT 6.1; WOW64; Trident/5.0)"
63.224.213.88 - - [06/Feb/2014:16:53:54 -0600] "GET /images/contacticon.png HTTP/1.0" 200 4499 "http://www.operationspokaneheroes.org/" "Mozilla/5.0 (compatible; MSIE 9.0; Windows NT 6.1; WOW64; Trident/5.0)"
63.224.213.88 - - [06/Feb/2014:16:53:54 -0600] "GET /css/footer.css HTTP/1.0" 200 752 "http://www.operationspokaneheroes.org/" "Mozilla/5.0 (compatible; MSIE 9.0; Windows NT 6.1; WOW64; Trident/5.0)"
63.224.213.88 - - [06/Feb/2014:16:53:54 -0600] "GET /images/facebook.png HTTP/1.0" 200 5004 "http://www.operationspokaneheroes.org/" "Mozilla/5.0 (compatible; MSIE 9.0; Windows NT 6.1; WOW64; Trident/5.0)"
63.224.213.88 - - [06/Feb/2014:16:53:54 -0600] "GET /css/global.css HTTP/1.0" 200 13951 "http://www.operationspokaneheroes.org/" "Mozilla/5.0 (compatible; MSIE 9.0; Windows NT 6.1; WOW64; Trident/5.0)"
63.224.213.88 - - [06/Feb/2014:16:53:54 -0600] "GET /slider/index.html HTTP/1.0" 200 2900 "http://www.operationspokaneheroes.org/" "Mozilla/5.0 (compatible; MSIE 9.0; Windows NT 6.1; WOW64; Trident/5.0)"
63.224.213.88 - - [06/Feb/2014:16:53:54 -0600] "GET /_inc/slide.php HTTP/1.0" 200 3205 "http://www.operationspokaneheroes.org/" "Mozilla/5.0 (compatible; MSIE 9.0; Windows NT 6.1; WOW64; Trident/5.0)"
63.224.213.88 - - [06/Feb/2014:16:53:54 -0600] "GET /mainbk.png HTTP/1.0" 200 290 "http://www.operationspokaneheroes.org/" "Mozilla/5.0 (compatible; MSIE 9.0; Windows NT 6.1; WOW64; Trident/5.0)"
63.224.213.88 - - [06/Feb/2014:16:53:54 -0600] "GET /images/nav2.jpg HTTP/1.0" 200 4444 "http://www.operationspokaneheroes.org/" "Mozilla/5.0 (compatible; MSIE 9.0; Windows NT 6.1; WOW64; Trident/5.0)"
63.224.213.88 - - [06/Feb/2014:16:53:54 -0600] "GET /slider/css/style.css HTTP/1.0" 200 1379 "http://www.operationspokaneheroes.org/slider/index.html" "Mozilla/5.0 (compatible; MSIE 9.0; Windows NT 6.1; WOW64; Trident/5.0)"
63.224.213.88 - - [06/Feb/2014:16:53:54 -0600] "GET /slider/js/startstop-slider.js HTTP/1.0" 200 1737 "http://www.operationspokaneheroes.org/slider/index.html" "Mozilla/5.0 (compatible; MSIE 9.0; Windows NT 6.1; WOW64; Trident/5.0)"
63.224.213.88 - - [06/Feb/2014:16:53:54 -0600] "GET /images/logo.png HTTP/1.0" 200 226129 "http://www.operationspokaneheroes.org/" "Mozilla/5.0 (compatible; MSIE 9.0; Windows NT 6.1; WOW64; Trident/5.0)"
63.224.213.88 - - [06/Feb/2014:16:53:54 -0600] "GET /images/bg2.jpg HTTP/1.0" 200 55206 "http://www.operationspokaneheroes.org/" "Mozilla/5.0 (compatible; MSIE 9.0; Windows NT 6.1; WOW64; Trident/5.0)"
63.224.213.88 - - [06/Feb/2014:16:53:54 -0600] "GET /slider/js/jquery-1.2.6.js HTTP/1.0" 200 100196 "http://www.operationspokaneheroes.org/slider/index.html" "Mozilla/5.0 (compatible; MSIE 9.0; Windows NT 6.1; WOW64; Trident/5.0)"
63.224.213.88 - - [06/Feb/2014:16:53:54 -0600] "GET /slider/images/imagslider-1.png HTTP/1.0" 200 69960 "http://www.operationspokaneheroes.org/slider/index.html" "Mozilla/5.0 (compatible; MSIE 9.0; Windows NT 6.1; WOW64; Trident/5.0)"
63.224.213.88 - - [06/Feb/2014:16:53:55 -0600] "GET /css/slide.css HTTP/1.0" 200 2869 "http://www.operationspokaneheroes.org/_inc/slide.php" "Mozilla/5.0 (compatible; MSIE 9.0; Windows NT 6.1; WOW64; Trident/5.0)"
63.224.213.88 - - [06/Feb/2014:16:53:55 -0600] "GET /css/style_global.css HTTP/1.0" 200 2621 "http://www.operationspokaneheroes.org/_inc/slide.php" "Mozilla/5.0 (compatible; MSIE 9.0; Windows NT 6.1; WOW64; Trident/5.0)"
63.224.213.88 - - [06/Feb/2014:16:53:55 -0600] "GET /slider/images/slider-bg.jpg HTTP/1.0" 200 3447 "http://www.operationspokaneheroes.org/slider/index.html" "Mozilla/5.0 (compatible; MSIE 9.0; Windows NT 6.1; WOW64; Trident/5.0)"
63.224.213.88 - - [06/Feb/2014:16:53:55 -0600] "GET /js/combined.js HTTP/1.0" 200 169946 "http://www.operationspokaneheroes.org/_inc/slide.php" "Mozilla/5.0 (compatible; MSIE 9.0; Windows NT 6.1; WOW64; Trident/5.0)"
63.224.213.88 - - [06/Feb/2014:16:53:55 -0600] "GET /images/slder2.png HTTP/1.0" 200 32853 "http://www.operationspokaneheroes.org/slider/index.html" "Mozilla/5.0 (compatible; MSIE 9.0; Windows NT 6.1; WOW64; Trident/5.0)"
63.224.213.88 - - [06/Feb/2014:16:53:55 -0600] "GET /assets/images/btn_top_search_hover.png HTTP/1.0" 404 - "http://www.operationspokaneheroes.org/_inc/slide.php" "Mozilla/5.0 (compatible; MSIE 9.0; Windows NT 6.1; WOW64; Trident/5.0)"
63.224.213.88 - - [06/Feb/2014:16:53:55 -0600] "GET /assets/images/btn_main_search_hover.png HTTP/1.0" 404 - "http://www.operationspokaneheroes.org/_inc/slide.php" "Mozilla/5.0 (compatible; MSIE 9.0; Windows NT 6.1; WOW64; Trident/5.0)"
63.224.213.88 - - [06/Feb/2014:16:53:55 -0600] "GET /images/mission_statement_bg.png HTTP/1.0" 200 11413 "http://www.operationspokaneheroes.org/_inc/slide.php" "Mozilla/5.0 (compatible; MSIE 9.0; Windows NT 6.1; WOW64; Trident/5.0)"
63.224.213.88 - - [06/Feb/2014:16:53:55 -0600] "GET /images/2.jpg HTTP/1.0" 200 170993 "http://www.operationspokaneheroes.org/_inc/slide.php" "Mozilla/5.0 (compatible; MSIE 9.0; Windows NT 6.1; WOW64; Trident/5.0)"
63.224.213.88 - - [06/Feb/2014:16:53:55 -0600] "GET /images/1.jpg HTTP/1.0" 200 142489 "http://www.operationspokaneheroes.org/_inc/slide.php" "Mozilla/5.0 (compatible; MSIE 9.0; Windows NT 6.1; WOW64; Trident/5.0)"
63.224.213.88 - - [06/Feb/2014:16:53:55 -0600] "GET /images/4.jpg HTTP/1.0" 200 186934 "http://www.operationspokaneheroes.org/_inc/slide.php" "Mozilla/5.0 (compatible; MSIE 9.0; Windows NT 6.1; WOW64; Trident/5.0)"
63.224.213.88 - - [06/Feb/2014:16:53:56 -0600] "GET /images/we_strive.png HTTP/1.0" 200 1981 "http://www.operationspokaneheroes.org/_inc/slide.php" "Mozilla/5.0 (compatible; MSIE 9.0; Windows NT 6.1; WOW64; Trident/5.0)"
63.224.213.88 - - [06/Feb/2014:16:53:56 -0600] "GET /images/we_believe.png HTTP/1.0" 200 1785 "http://www.operationspokaneheroes.org/_inc/slide.php" "Mozilla/5.0 (compatible; MSIE 9.0; Windows NT 6.1; WOW64; Trident/5.0)"
63.224.213.88 - - [06/Feb/2014:16:53:56 -0600] "GET /images/we_help.png HTTP/1.0" 200 1514 "http://www.operationspokaneheroes.org/_inc/slide.php" "Mozilla/5.0 (compatible; MSIE 9.0; Windows NT 6.1; WOW64; Trident/5.0)"
63.224.213.88 - - [06/Feb/2014:16:53:56 -0600] "GET /images/we_need.png HTTP/1.0" 200 2138 "http://www.operationspokaneheroes.org/_inc/slide.php" "Mozilla/5.0 (compatible; MSIE 9.0; Windows NT 6.1; WOW64; Trident/5.0)"
63.224.213.88 - - [06/Feb/2014:16:53:55 -0600] "GET /slider/images/imagslider-2.png HTTP/1.0" 200 62889 "http://www.operationspokaneheroes.org/slider/index.html" "Mozilla/5.0 (compatible; MSIE 9.0; Windows NT 6.1; WOW64; Trident/5.0)"
63.224.213.88 - - [06/Feb/2014:16:53:55 -0600] "GET /images/3.jpg HTTP/1.0" 200 240733 "http://www.operationspokaneheroes.org/_inc/slide.php" "Mozilla/5.0 (compatible; MSIE 9.0; Windows NT 6.1; WOW64; Trident/5.0)"
63.224.213.88 - - [06/Feb/2014:16:53:56 -0600] "GET /favicon.ico HTTP/1.0" 404 - "-" "Mozilla/5.0 (compatible; MSIE 9.0; Windows NT 6.1; WOW64; Trident/5.0)"
66.220.158.119 - - [06/Feb/2014:17:03:07 -0600] "GET / HTTP/1.1" 200 10635 "-" "facebookexternalhit/1.1 (+http://www.facebook.com/externalhit_uatext.php)"
66.220.158.119 - - [06/Feb/2014:17:03:08 -0600] "GET /images/global.png HTTP/1.1" 200 5737 "http://ow.ly/tmJ1D" "facebookexternalhit/1.1 (+http://www.facebook.com/externalhit_uatext.php)"
66.220.158.119 - - [06/Feb/2014:17:03:08 -0600] "GET /images/contacticon.png HTTP/1.1" 200 4499 "http://ow.ly/tmJ1D" "facebookexternalhit/1.1 (+http://www.facebook.com/externalhit_uatext.php)"
66.220.158.118 - - [06/Feb/2014:17:03:08 -0600] "GET /images/logo.png HTTP/1.1" 206 9000 "http://ow.ly/tmJ1D" "facebookexternalhit/1.1 (+http://www.facebook.com/externalhit_uatext.php)"
66.220.158.116 - - [06/Feb/2014:17:03:08 -0600] "GET /images/facebook.png HTTP/1.1" 200 5004 "http://ow.ly/tmJ1D" "facebookexternalhit/1.1 (+http://www.facebook.com/externalhit_uatext.php)"
66.220.158.119 - - [06/Feb/2014:17:03:09 -0600] "GET /images/global.png HTTP/1.1" 200 5737 "http://ow.ly/tmJ1D" "facebookexternalhit/1.1 (+http://www.facebook.com/externalhit_uatext.php)"
66.220.158.115 - - [06/Feb/2014:17:03:09 -0600] "GET /images/logo.png HTTP/1.1" 206 9000 "http://ow.ly/tmJ1D" "facebookexternalhit/1.1 (+http://www.facebook.com/externalhit_uatext.php)"
66.220.158.112 - - [06/Feb/2014:17:03:09 -0600] "GET /images/contacticon.png HTTP/1.1" 200 4499 "http://ow.ly/tmJ1D" "facebookexternalhit/1.1 (+http://www.facebook.com/externalhit_uatext.php)"
66.220.158.113 - - [06/Feb/2014:17:03:09 -0600] "GET /images/facebook.png HTTP/1.1" 200 5004 "http://ow.ly/tmJ1D" "facebookexternalhit/1.1 (+http://www.facebook.com/externalhit_uatext.php)"
173.252.103.1 - - [06/Feb/2014:17:03:10 -0600] "GET /images/contacticon.png HTTP/1.1" 200 4499 "-" "facebookexternalhit/1.1 (+http://www.facebook.com/externalhit_uatext.php)"
184.72.253.170 - - [06/Feb/2014:17:03:10 -0600] "GET /images/logo.png HTTP/1.1" 200 226129 "-" "HootSuite Image proxy (hosting@hootsuite.com)"
173.252.103.6 - - [06/Feb/2014:17:03:10 -0600] "GET /images/global.png HTTP/1.1" 200 5737 "-" "facebookexternalhit/1.1 (+http://www.facebook.com/externalhit_uatext.php)"
173.252.103.0 - - [06/Feb/2014:17:03:10 -0600] "GET /images/facebook.png HTTP/1.1" 200 5004 "-" "facebookexternalhit/1.1 (+http://www.facebook.com/externalhit_uatext.php)"
173.252.103.6 - - [06/Feb/2014:17:03:10 -0600] "GET /images/logo.png HTTP/1.1" 200 226129 "-" "facebookexternalhit/1.1 (+http://www.facebook.com/externalhit_uatext.php)"
173.252.103.5 - - [06/Feb/2014:17:03:11 -0600] "GET /images/logo.png HTTP/1.1" 200 226129 "-" "facebookexternalhit/1.1 (+http://www.facebook.com/externalhit_uatext.php)"
173.252.113.117 - - [06/Feb/2014:17:03:12 -0600] "GET /images/logo.png HTTP/1.1" 200 226129 "-" "-"
69.171.234.113 - - [06/Feb/2014:17:23:37 -0600] "GET / HTTP/1.1" 200 10635 "-" "facebookexternalhit/1.1 (+http://www.facebook.com/externalhit_uatext.php)"
69.171.234.113 - - [06/Feb/2014:17:23:40 -0600] "GET /images/facebook.png HTTP/1.1" 200 5004 "http://www.operationspokaneheroes.org/" "facebookexternalhit/1.1 (+http://www.facebook.com/externalhit_uatext.php)"
69.171.234.114 - - [06/Feb/2014:17:23:40 -0600] "GET /images/global.png HTTP/1.1" 200 5737 "http://www.operationspokaneheroes.org/" "facebookexternalhit/1.1 (+http://www.facebook.com/externalhit_uatext.php)"
69.171.233.117 - - [06/Feb/2014:17:23:41 -0600] "GET /images/facebook.png HTTP/1.1" 200 5004 "-" "facebookexternalhit/1.1 (+http://www.facebook.com/externalhit_uatext.php)"
69.171.233.115 - - [06/Feb/2014:17:23:41 -0600] "GET /images/global.png HTTP/1.1" 200 5737 "-" "facebookexternalhit/1.1 (+http://www.facebook.com/externalhit_uatext.php)"
101.226.167.245 - - [06/Feb/2014:17:26:36 -0600] "GET /robots.txt HTTP/1.1" 404 - "http://operationspokaneheroes.org/robots.txt" "Mozilla/4.0 (compatible; MSIE 8.0; Windows NT 6.1; Trident/4.0; SLCC2; .NET CLR 2.0.50727; .NET CLR 3.5.30729; .NET CLR 3.0.30729; Media Center PC 6.0; MDDR; .NET4.0C; .NET4.0E; .NET CLR 1.1.4322; Tablet PC 2.0); 360Spider"
65.55.24.244 - - [06/Feb/2014:18:32:48 -0600] "GET /robots.txt HTTP/1.1" 404 - "-" "Mozilla/5.0 (compatible; bingbot/2.0; +http://www.bing.com/bingbot.htm)"
180.76.5.61 - - [06/Feb/2014:18:49:58 -0600] "GET /pdf/11x17%20Pennant%20Run%20Poster.pdf HTTP/1.1" 200 3075560 "-" "Mozilla/5.0 (Windows NT 5.1; rv:6.0.2) Gecko/20100101 Firefox/6.0.2"
65.55.24.244 - - [06/Feb/2014:18:50:06 -0600] "GET /contact.php HTTP/1.1" 200 10519 "-" "Mozilla/5.0 (compatible; bingbot/2.0; +http://www.bing.com/bingbot.htm)"
180.76.5.222 - - [06/Feb/2014:20:33:39 -0600] "GET /robots.txt HTTP/1.1" 404 - "-" "Mozilla/5.0 (Windows NT 5.1; rv:6.0.2) Gecko/20100101 Firefox/6.0.2"
180.76.5.98 - - [06/Feb/2014:20:44:57 -0600] "GET /pdf/Welcome%20Home%20Event%20Flyer%202012.pdf HTTP/1.1" 200 462917 "-" "Mozilla/5.0 (Windows NT 5.1; rv:6.0.2) Gecko/20100101 Firefox/6.0.2"
131.253.24.9 - - [06/Feb/2014:20:59:12 -0600] "GET /robots.txt HTTP/1.1" 404 - "-" "msnbot-media/1.1 (+http://search.msn.com/msnbot.htm)"
131.253.24.9 - - [06/Feb/2014:20:59:12 -0600] "GET /events/ermy_event/images/2.jpg HTTP/1.1" 200 114501 "-" "msnbot-media/1.1 (+http://search.msn.com/msnbot.htm)"
180.76.5.73 - - [06/Feb/2014:21:40:31 -0600] "GET /pdf/2012%204th%20of%20July%20Pennant%20Run%20Entry%20Form%205-14-12.pdf HTTP/1.1" 200 231633 "-" "Mozilla/5.0 (Windows NT 5.1; rv:6.0.2) Gecko/20100101 Firefox/6.0.2"
66.249.73.216 - - [06/Feb/2014:23:07:06 -0600] "GET / HTTP/1.1" 200 10635 "-" "Mozilla/5.0 (compatible; Googlebot/2.1; +http://www.google.com/bot.html)"
180.76.6.50 - - [07/Feb/2014:00:25:06 -0600] "GET /pdf/Hiring%20Our%20Heroes%20Sept%202013%20Career%20Fair%20Flyer.pdf HTTP/1.1" 200 406827 "-" "Mozilla/5.0 (Windows NT 5.1; rv:6.0.2) Gecko/20100101 Firefox/6.0.2"
54.204.227.167 - - [07/Feb/2014:00:32:25 -0600] "GET /index.php HTTP/1.1" 200 10635 "-" "Pinterest/0.1 +http://pinterest.com/"
31.3.233.120 - - [07/Feb/2014:01:21:15 -0600] "GET / HTTP/1.1" 200 10635 "-" "-"
66.249.73.53 - - [07/Feb/2014:02:01:49 -0600] "GET /robots.txt HTTP/1.1" 404 - "-" "Mozilla/5.0 (compatible; Googlebot/2.1; +http://www.google.com/bot.html)"
66.249.73.53 - - [07/Feb/2014:02:01:49 -0600] "GET / HTTP/1.1" 200 10635 "-" "Mozilla/5.0 (iPhone; CPU iPhone OS 6_0 like Mac OS X) AppleWebKit/536.26 (KHTML, like Gecko) Version/6.0 Mobile/10A5376e Safari/8536.25 (compatible; Googlebot-Mobile/2.1; +http://www.google.com/bot.html)"
66.249.73.216 - - [07/Feb/2014:02:09:15 -0600] "GET /contact.php HTTP/1.1" 200 10519 "-" "Mozilla/5.0 (iPhone; CPU iPhone OS 6_0 like Mac OS X) AppleWebKit/536.26 (KHTML, like Gecko) Version/6.0 Mobile/10A5376e Safari/8536.25 (compatible; Googlebot-Mobile/2.1; +http://www.google.com/bot.html)"
66.249.73.216 - - [07/Feb/2014:02:15:09 -0600] "GET /css/footer.css HTTP/1.1" 200 752 "-" "Mozilla/5.0 (compatible; Googlebot/2.1; +http://www.google.com/bot.html)"
66.249.73.216 - - [07/Feb/2014:02:15:09 -0600] "GET /css/contact_style.css HTTP/1.1" 200 843 "-" "Mozilla/5.0 (compatible; Googlebot/2.1; +http://www.google.com/bot.html)"
199.21.99.103 - - [07/Feb/2014:02:42:34 -0600] "GET /robots.txt HTTP/1.1" 404 - "-" "Mozilla/5.0 (compatible; YandexBot/3.0; +http://yandex.com/bots)"
66.249.73.53 - - [07/Feb/2014:02:50:48 -0600] "GET /slider/css/style.css HTTP/1.1" 200 1379 "-" "Mozilla/5.0 (compatible; Googlebot/2.1; +http://www.google.com/bot.html)"
66.249.73.53 - - [07/Feb/2014:02:50:48 -0600] "GET /css/slide.css HTTP/1.1" 200 2869 "-" "Mozilla/5.0 (compatible; Googlebot/2.1; +http://www.google.com/bot.html)"
66.249.73.53 - - [07/Feb/2014:02:50:48 -0600] "GET /css/style_global.css HTTP/1.1" 200 2621 "-" "Mozilla/5.0 (compatible; Googlebot/2.1; +http://www.google.com/bot.html)"
65.55.24.246 - - [07/Feb/2014:02:57:51 -0600] "GET /robots.txt HTTP/1.1" 404 - "-" "Mozilla/5.0 (compatible; bingbot/2.0; +http://www.bing.com/bingbot.htm)"
65.55.24.246 - - [07/Feb/2014:02:58:14 -0600] "GET / HTTP/1.1" 200 10635 "-" "Mozilla/5.0 (compatible; bingbot/2.0; +http://www.bing.com/bingbot.htm)"
65.55.24.246 - - [07/Feb/2014:03:08:03 -0600] "GET /robots.txt HTTP/1.1" 404 - "-" "Mozilla/5.0 (compatible; bingbot/2.0; +http://www.bing.com/bingbot.htm)"
65.55.24.246 - - [07/Feb/2014:03:08:33 -0600] "GET / HTTP/1.1" 200 10635 "-" "Mozilla/5.0 (compatible; bingbot/2.0; +http://www.bing.com/bingbot.htm)"
199.21.99.103 - - [07/Feb/2014:03:12:14 -0600] "GET /aboutus.php HTTP/1.1" 200 11667 "-" "Mozilla/5.0 (compatible; YandexBot/3.0; +http://yandex.com/bots)"
180.76.5.151 - - [07/Feb/2014:03:13:00 -0600] "GET /pdf/Idaho+DOL+Sep+-+Oct+2013.pdf HTTP/1.1" 200 522959 "-" "Mozilla/5.0 (Windows NT 5.1; rv:6.0.2) Gecko/20100101 Firefox/6.0.2"
180.76.6.148 - - [07/Feb/2014:04:23:14 -0600] "GET /pdf/GetConnected2013.pdf HTTP/1.1" 200 131597 "-" "Mozilla/5.0 (compatible; Baiduspider/2.0; +http://www.baidu.com/search/spider.html)"
66.249.73.53 - - [07/Feb/2014:05:38:03 -0600] "GET / HTTP/1.1" 200 10635 "-" "DoCoMo/2.0 N905i(c100;TB;W24H16) (compatible; Googlebot-Mobile/2.1; +http://www.google.com/bot.html)"
180.76.5.146 - - [07/Feb/2014:06:01:37 -0600] "GET /pdf/11x17%20Pennant%20Run%20Poster.pdf HTTP/1.1" 200 3075560 "-" "Mozilla/5.0 (compatible; Baiduspider/2.0; +http://www.baidu.com/search/spider.html)"
66.249.73.216 - - [07/Feb/2014:06:23:48 -0600] "GET /robots.txt HTTP/1.1" 404 - "-" "Mozilla/5.0 (compatible; Googlebot/2.1; +http://www.google.com/bot.html)"
66.249.73.216 - - [07/Feb/2014:06:23:48 -0600] "GET / HTTP/1.1" 200 10635 "-" "DoCoMo/2.0 N905i(c100;TB;W24H16) (compatible; Googlebot-Mobile/2.1; +http://www.google.com/bot.html)"
66.249.73.216 - - [07/Feb/2014:06:44:49 -0600] "GET /pdf/2013%20-%20Women%20Warriors%20and%20the%20Cowgirls%20Flyer.pdf HTTP/1.1" 200 379297 "-" "Mozilla/5.0 (iPhone; CPU iPhone OS 6_0 like Mac OS X) AppleWebKit/536.26 (KHTML, like Gecko) Version/6.0 Mobile/10A5376e Safari/8536.25 (compatible; Googlebot-Mobile/2.1; +http://www.google.com/bot.html)"
180.76.6.37 - - [07/Feb/2014:07:22:09 -0600] "GET /pdf/NAVY%20HOLIDAY%20CARE%20PACKAGES.pdf HTTP/1.1" 200 52326 "-" "Mozilla/5.0 (Windows NT 5.1; rv:6.0.2) Gecko/20100101 Firefox/6.0.2"
180.76.5.196 - - [07/Feb/2014:08:44:00 -0600] "GET /pdf/Veterans%20Resource%20Fair.pdf HTTP/1.1" 200 390899 "-" "Mozilla/5.0 (Windows NT 5.1; rv:6.0.2) Gecko/20100101 Firefox/6.0.2"
202.46.63.40 - - [07/Feb/2014:09:23:07 -0600] "GET / HTTP/1.1" 200 10635 "-" "Mozilla/4.0 (compatible; MSIE 7.0; Windows NT 6.0)"
119.63.193.194 - - [07/Feb/2014:09:25:01 -0600] "GET / HTTP/1.1" 200 10635 "-" "Mozilla/4.0 (compatible; MSIE 7.0; Windows NT 6.0)"
5.9.214.2 - - [07/Feb/2014:09:34:10 -0600] "GET / HTTP/1.1" 200 10635 "-" "Mozilla/5.0 (Windows; U; MSIE 9.0; Windows NT 9.0; en-US)"
65.55.24.246 - - [07/Feb/2014:11:23:38 -0600] "GET /robots.txt HTTP/1.1" 404 - "-" "Mozilla/5.0 (compatible; bingbot/2.0; +http://www.bing.com/bingbot.htm)"
65.55.24.246 - - [07/Feb/2014:11:29:11 -0600] "GET / HTTP/1.1" 200 10635 "-" "Mozilla/5.0 (compatible; bingbot/2.0; +http://www.bing.com/bingbot.htm)"
180.76.5.26 - - [07/Feb/2014:12:23:41 -0600] "GET /pdf/2013%20-%20Women%20Warriors%20and%20the%20Cowgirls%20Flyer.pdf HTTP/1.1" 200 379297 "-" "Mozilla/5.0 (compatible; Baiduspider/2.0; +http://www.baidu.com/search/spider.html)"
66.249.73.53 - - [07/Feb/2014:12:24:06 -0600] "GET / HTTP/1.1" 200 10635 "-" "SAMSUNG-SGH-E250/1.0 Profile/MIDP-2.0 Configuration/CLDC-1.1 UP.Browser/6.2.3.3.c.1.101 (GUI) MMP/2.0 (compatible; Googlebot-Mobile/2.1; +http://www.google.com/bot.html)"
132.3.65.82 - - [07/Feb/2014:12:54:32 -0600] "GET /business.php HTTP/1.1" 200 10813 "http://www.google.com/url?sa=t&rct=j&q=&esrc=s&source=web&cd=1&cad=rja&ved=0CCQQFjAA&url=http%3A%2F%2Foperationspokaneheroes.org%2Fbusiness.php&ei=sSv1UuP8CYbXkQffiYFY&usg=AFQjCNH7yKz39NLuvdo4yBacj2NOKR4rWg&bvm=bv.60799247,d.eW0" "Mozilla/5.0 (Windows NT 6.1; WOW64; rv:26.0) Gecko/20100101 Firefox/26.0"
132.3.65.82 - - [07/Feb/2014:12:54:32 -0600] "GET /css/global.css HTTP/1.1" 200 13951 "http://operationspokaneheroes.org/business.php" "Mozilla/5.0 (Windows NT 6.1; WOW64; rv:26.0) Gecko/20100101 Firefox/26.0"
132.3.65.80 - - [07/Feb/2014:12:54:33 -0600] "GET /favicon.ico HTTP/1.1" 404 - "-" "Mozilla/5.0 (Windows NT 6.1; WOW64; rv:26.0) Gecko/20100101 Firefox/26.0"
132.3.65.80 - - [07/Feb/2014:12:55:45 -0600] "GET /accepted-Flag1-User_Notified?aHR0cDovL29wZXJhdGlvbnNwb2thbmVoZXJvZXMub3JnL2J1c2luZXNzLnBocA== HTTP/1.1" 404 - "http://operationspokaneheroes.org/notify-Flag1-User_Notified?aHR0cDovL29wZXJhdGlvbnNwb2thbmVoZXJvZXMub3JnL2J1c2luZXNzLnBocA==" "Mozilla/5.0 (Windows NT 6.1; WOW64; rv:26.0) Gecko/20100101 Firefox/26.0"
132.3.65.78 - - [07/Feb/2014:12:55:45 -0600] "GET /verify-Flag1-User_Notified?aHR0cDovL29wZXJhdGlvbnNwb2thbmVoZXJvZXMub3JnL2J1c2luZXNzLnBocA== HTTP/1.1" 404 - "http://operationspokaneheroes.org/notify-Flag1-User_Notified?aHR0cDovL29wZXJhdGlvbnNwb2thbmVoZXJvZXMub3JnL2J1c2luZXNzLnBocA==" "Mozilla/5.0 (Windows NT 6.1; WOW64; rv:26.0) Gecko/20100101 Firefox/26.0"
132.3.65.81 - - [07/Feb/2014:12:55:46 -0600] "GET /business.php HTTP/1.1" 200 10813 "http://operationspokaneheroes.org/notify-Flag1-User_Notified?aHR0cDovL29wZXJhdGlvbnNwb2thbmVoZXJvZXMub3JnL2J1c2luZXNzLnBocA==" "Mozilla/5.0 (Windows NT 6.1; WOW64; rv:26.0) Gecko/20100101 Firefox/26.0"
132.3.65.81 - - [07/Feb/2014:12:55:46 -0600] "GET /images/global.png HTTP/1.1" 200 5737 "http://operationspokaneheroes.org/business.php" "Mozilla/5.0 (Windows NT 6.1; WOW64; rv:26.0) Gecko/20100101 Firefox/26.0"
132.3.65.81 - - [07/Feb/2014:12:55:46 -0600] "GET /images/contacticon.png HTTP/1.1" 200 4499 "http://operationspokaneheroes.org/business.php" "Mozilla/5.0 (Windows NT 6.1; WOW64; rv:26.0) Gecko/20100101 Firefox/26.0"
132.3.65.81 - - [07/Feb/2014:12:55:46 -0600] "GET /css/footer.css HTTP/1.1" 200 752 "http://operationspokaneheroes.org/business.php" "Mozilla/5.0 (Windows NT 6.1; WOW64; rv:26.0) Gecko/20100101 Firefox/26.0"
132.3.65.81 - - [07/Feb/2014:12:55:46 -0600] "GET /css/global.css HTTP/1.1" 200 13951 "http://operationspokaneheroes.org/business.php" "Mozilla/5.0 (Windows NT 6.1; WOW64; rv:26.0) Gecko/20100101 Firefox/26.0"
132.3.65.81 - - [07/Feb/2014:12:55:46 -0600] "GET /images/facebook.png HTTP/1.1" 200 5004 "http://operationspokaneheroes.org/business.php" "Mozilla/5.0 (Windows NT 6.1; WOW64; rv:26.0) Gecko/20100101 Firefox/26.0"
132.3.65.81 - - [07/Feb/2014:12:55:46 -0600] "GET /_inc/slide.php HTTP/1.1" 200 3205 "http://operationspokaneheroes.org/business.php" "Mozilla/5.0 (Windows NT 6.1; WOW64; rv:26.0) Gecko/20100101 Firefox/26.0"
132.3.65.78 - - [07/Feb/2014:12:55:46 -0600] "GET /_inc/slide.php HTTP/1.1" 200 3205 "http://operationspokaneheroes.org/business.php" "Mozilla/5.0 (Windows NT 6.1; WOW64; rv:26.0) Gecko/20100101 Firefox/26.0"
132.3.65.81 - - [07/Feb/2014:12:55:46 -0600] "GET /assets/images/btn_top_search_hover.png HTTP/1.1" 404 - "http://operationspokaneheroes.org/_inc/slide.php" "Mozilla/5.0 (Windows NT 6.1; WOW64; rv:26.0) Gecko/20100101 Firefox/26.0"
132.3.65.79 - - [07/Feb/2014:12:55:46 -0600] "GET /assets/images/btn_main_search_hover.png HTTP/1.1" 404 - "http://operationspokaneheroes.org/_inc/slide.php" "Mozilla/5.0 (Windows NT 6.1; WOW64; rv:26.0) Gecko/20100101 Firefox/26.0"
132.3.65.81 - - [07/Feb/2014:12:55:46 -0600] "GET /images/logo.png HTTP/1.1" 200 226129 "http://operationspokaneheroes.org/business.php" "Mozilla/5.0 (Windows NT 6.1; WOW64; rv:26.0) Gecko/20100101 Firefox/26.0"
65.55.24.246 - - [07/Feb/2014:13:02:12 -0600] "GET /robots.txt HTTP/1.1" 404 - "-" "Mozilla/5.0 (compatible; bingbot/2.0; +http://www.bing.com/bingbot.htm)"
65.55.24.246 - - [07/Feb/2014:13:27:43 -0600] "GET / HTTP/1.1" 200 10635 "-" "Mozilla/5.0 (compatible; bingbot/2.0; +http://www.bing.com/bingbot.htm)"
217.69.133.31 - - [07/Feb/2014:13:39:26 -0600] "GET /robots.txt HTTP/1.1" 404 - "-" "Mozilla/5.0 (compatible; Linux x86_64; Mail.RU_Bot/2.0; +http://go.mail.ru/help/robots)"
217.69.133.29 - - [07/Feb/2014:13:39:30 -0600] "GET / HTTP/1.1" 200 10635 "-" "Mozilla/5.0 (compatible; Linux x86_64; Mail.RU_Bot/2.0; +http://go.mail.ru/help/robots)"
93.186.115.95 - - [07/Feb/2014:13:51:52 -0600] "GET /index.php?option=com_community&view=frontpage HTTP/1.1" 200 10635 "-" "Googlebot (compatible; Googlebot/2.1; +http://www.google.com/bot.html)"
180.76.6.151 - - [07/Feb/2014:14:27:03 -0600] "GET /pdf/Operation%20Wings%20of%20Hope%20-%20Kids.pdf HTTP/1.1" 304 - "-" "Mozilla/5.0 (Windows NT 5.1; rv:6.0.2) Gecko/20100101 Firefox/6.0.2"
68.180.224.230 - - [07/Feb/2014:15:40:04 -0600] "GET /robots.txt HTTP/1.1" 404 - "-" "Mozilla/5.0 (compatible; Yahoo! Slurp; http://help.yahoo.com/help/us/ysearch/slurp)"
68.180.224.230 - - [07/Feb/2014:15:40:04 -0600] "GET /contact.php HTTP/1.1" 200 10519 "-" "Mozilla/5.0 (compatible; Yahoo! Slurp; http://help.yahoo.com/help/us/ysearch/slurp)"
66.249.73.53 - - [07/Feb/2014:17:19:01 -0600] "GET /robots.txt HTTP/1.1" 404 - "-" "Mozilla/5.0 (compatible; Googlebot/2.1; +http://www.google.com/bot.html)"
66.249.73.53 - - [07/Feb/2014:17:19:01 -0600] "GET /aboutus.php HTTP/1.1" 200 11667 "-" "Mozilla/5.0 (iPhone; CPU iPhone OS 6_0 like Mac OS X) AppleWebKit/536.26 (KHTML, like Gecko) Version/6.0 Mobile/10A5376e Safari/8536.25 (compatible; Googlebot-Mobile/2.1; +http://www.google.com/bot.html)"
66.249.73.53 - - [07/Feb/2014:17:24:10 -0600] "GET /css/global.css HTTP/1.1" 200 13951 "-" "Mozilla/5.0 (compatible; Googlebot/2.1; +http://www.google.com/bot.html)"
66.249.73.53 - - [07/Feb/2014:17:24:10 -0600] "GET /css/footer.css HTTP/1.1" 200 752 "-" "Mozilla/5.0 (compatible; Googlebot/2.1; +http://www.google.com/bot.html)"
180.76.6.36 - - [07/Feb/2014:17:52:17 -0600] "GET /pdf/VetsDay_Flyer2.pdf HTTP/1.1" 200 2364673 "-" "Mozilla/5.0 (Windows NT 5.1; rv:6.0.2) Gecko/20100101 Firefox/6.0.2"
157.56.93.103 - - [07/Feb/2014:18:12:17 -0600] "GET /robots.txt HTTP/1.1" 404 - "-" "Mozilla/5.0 (compatible; bingbot/2.0; +http://www.bing.com/bingbot.htm)"
157.56.93.103 - - [07/Feb/2014:18:19:08 -0600] "GET / HTTP/1.1" 200 10635 "-" "Mozilla/5.0 (compatible; bingbot/2.0; +http://www.bing.com/bingbot.htm)"
66.249.73.216 - - [07/Feb/2014:19:55:16 -0600] "GET /robots.txt HTTP/1.1" 404 - "-" "Mozilla/5.0 (compatible; Googlebot/2.1; +http://www.google.com/bot.html)"
66.249.73.216 - - [07/Feb/2014:19:55:17 -0600] "GET /pdf/2013%20-%20Women%20Warriors%20and%20the%20Cowgirls%20Flyer.pdf HTTP/1.1" 200 379297 "-" "Mozilla/5.0 (iPhone; CPU iPhone OS 6_0 like Mac OS X) AppleWebKit/536.26 (KHTML, like Gecko) Version/6.0 Mobile/10A5376e Safari/8536.25 (compatible; Googlebot/2.1; +http://www.google.com/bot.html)"
101.226.166.249 - - [07/Feb/2014:20:30:04 -0600] "GET /robots.txt HTTP/1.1" 404 - "http://operationspokaneheroes.org/robots.txt" "Mozilla/4.0 (compatible; MSIE 8.0; Windows NT 6.1; Trident/4.0; SLCC2; .NET CLR 2.0.50727; .NET CLR 3.5.30729; .NET CLR 3.0.30729; Media Center PC 6.0; MDDR; .NET4.0C; .NET4.0E; .NET CLR 1.1.4322; Tablet PC 2.0); 360Spider"
66.249.73.216 - - [07/Feb/2014:20:38:25 -0600] "GET /pdf/2013%20-%20Women%20Warriors%20and%20the%20Cowgirls%20Flyer.pdf HTTP/1.1" 200 379297 "-" "Mozilla/5.0 (compatible; Googlebot/2.1; +http://www.google.com/bot.html)"
180.76.6.146 - - [07/Feb/2014:21:21:14 -0600] "GET /pdf/Operation%20Wings%20of%20Hope.pdf HTTP/1.1" 304 - "-" "Mozilla/5.0 (Windows NT 5.1; rv:6.0.2) Gecko/20100101 Firefox/6.0.2"
208.115.111.70 - - [07/Feb/2014:23:05:20 -0600] "GET /robots.txt HTTP/1.1" 404 - "-" "Mozilla/5.0 (compatible; Ezooms/1.0; help@moz.com)"
192.96.204.42 - - [07/Feb/2014:23:14:12 -0600] "HEAD / HTTP/1.1" 200 - "http://domainsigma.com/whois/operationspokaneheroes.org" "Mozilla/5.0 (Windows NT 5.1) AppleWebKit/537.36 (KHTML, like Gecko) Chrome/31.0.1650.16 Safari/537.36"
157.55.32.52 - - [07/Feb/2014:23:35:05 -0600] "GET /robots.txt HTTP/1.1" 404 - "-" "Mozilla/5.0 (compatible; bingbot/2.0; +http://www.bing.com/bingbot.htm)"
157.55.32.52 - - [07/Feb/2014:23:38:16 -0600] "GET /events/lilac_parade/lilac_parade.html HTTP/1.1" 200 3084 "-" "Mozilla/5.0 (compatible; bingbot/2.0; +http://www.bing.com/bingbot.htm)"
180.76.5.152 - - [08/Feb/2014:00:13:26 -0600] "GET /pdf/OSH%20Freedom%20Fridays%20Sign%20Up%20Sheet.pdf HTTP/1.1" 200 170318 "-" "Mozilla/5.0 (compatible; Baiduspider/2.0; +http://www.baidu.com/search/spider.html)"
79.114.119.129 - - [08/Feb/2014:00:24:04 -0600] "GET / HTTP/1.1" 200 10635 "-" "-"
208.115.111.70 - - [08/Feb/2014:00:26:16 -0600] "GET /events.php HTTP/1.1" 200 6407 "-" "Mozilla/5.0 (compatible; Ezooms/1.0; help@moz.com)"
180.76.6.62 - - [08/Feb/2014:00:43:26 -0600] "GET /pdf/General%20Support%20group%20flyer.pdf HTTP/1.1" 200 23335 "-" "Mozilla/5.0 (compatible; Baiduspider/2.0; +http://www.baidu.com/search/spider.html)"
66.249.73.53 - - [08/Feb/2014:00:48:34 -0600] "GET /donate.php HTTP/1.1" 200 11699 "-" "Mozilla/5.0 (iPhone; CPU iPhone OS 6_0 like Mac OS X) AppleWebKit/536.26 (KHTML, like Gecko) Version/6.0 Mobile/10A5376e Safari/8536.25 (compatible; Googlebot-Mobile/2.1; +http://www.google.com/bot.html)"
180.76.6.151 - - [08/Feb/2014:01:48:46 -0600] "GET / HTTP/1.1" 200 10635 "-" "Mozilla/5.0 (compatible; Baiduspider/2.0; +http://www.baidu.com/search/spider.html)"
66.249.73.216 - - [08/Feb/2014:02:03:54 -0600] "GET / HTTP/1.1" 200 10635 "-" "Mozilla/5.0 (compatible; Googlebot/2.1; +http://www.google.com/bot.html)"
66.249.73.216 - - [08/Feb/2014:02:05:17 -0600] "GET /css/slide.css HTTP/1.1" 200 2869 "-" "Mozilla/5.0 (compatible; Googlebot/2.1; +http://www.google.com/bot.html)"
66.249.73.216 - - [08/Feb/2014:02:05:18 -0600] "GET /css/global.css HTTP/1.1" 200 13951 "-" "Mozilla/5.0 (compatible; Googlebot/2.1; +http://www.google.com/bot.html)"
66.249.73.216 - - [08/Feb/2014:02:05:19 -0600] "GET /slider/css/style.css HTTP/1.1" 200 1379 "-" "Mozilla/5.0 (compatible; Googlebot/2.1; +http://www.google.com/bot.html)"
66.249.73.216 - - [08/Feb/2014:02:05:20 -0600] "GET /css/style_global.css HTTP/1.1" 200 2621 "-" "Mozilla/5.0 (compatible; Googlebot/2.1; +http://www.google.com/bot.html)"
66.249.73.53 - - [08/Feb/2014:02:09:51 -0600] "GET / HTTP/1.1" 200 10635 "-" "Mozilla/5.0 (compatible; Googlebot/2.1; +http://www.google.com/bot.html)"
65.55.215.55 - - [08/Feb/2014:04:08:01 -0600] "GET /robots.txt HTTP/1.1" 404 - "-" "msnbot-media/1.1 (+http://search.msn.com/msnbot.htm)"
65.55.215.55 - - [08/Feb/2014:04:08:01 -0600] "GET /events/Brittanycozza-.png HTTP/1.1" 200 156325 "-" "msnbot-media/1.1 (+http://search.msn.com/msnbot.htm)"
65.55.24.221 - - [08/Feb/2014:04:12:50 -0600] "GET /robots.txt HTTP/1.1" 404 - "-" "Mozilla/5.0 (compatible; bingbot/2.0; +http://www.bing.com/bingbot.htm)"
66.249.73.53 - - [08/Feb/2014:04:15:36 -0600] "GET /donate.php HTTP/1.1" 200 11699 "-" "SAMSUNG-SGH-E250/1.0 Profile/MIDP-2.0 Configuration/CLDC-1.1 UP.Browser/6.2.3.3.c.1.101 (GUI) MMP/2.0 (compatible; Googlebot-Mobile/2.1; +http://www.google.com/bot.html)"
65.55.24.221 - - [08/Feb/2014:04:18:58 -0600] "GET / HTTP/1.1" 200 10635 "-" "Mozilla/5.0 (compatible; bingbot/2.0; +http://www.bing.com/bingbot.htm)"
66.249.73.216 - - [08/Feb/2014:04:31:44 -0600] "GET /events.php HTTP/1.1" 200 6407 "-" "Mozilla/5.0 (compatible; Googlebot/2.1; +http://www.google.com/bot.html)"
66.249.73.216 - - [08/Feb/2014:04:34:45 -0600] "GET /events/ermy_event/css/style.css HTTP/1.1" 200 1149 "-" "Mozilla/5.0 (compatible; Googlebot/2.1; +http://www.google.com/bot.html)"
66.249.73.216 - - [08/Feb/2014:04:34:45 -0600] "GET /events/vet_picnic/js/jquery.movingboxes.min.js HTTP/1.1" 200 4663 "-" "Mozilla/5.0 (compatible; Googlebot/2.1; +http://www.google.com/bot.html)"
66.249.73.216 - - [08/Feb/2014:04:34:46 -0600] "GET /events/carousel_11/js/jquery.movingboxes.min.js HTTP/1.1" 200 4663 "-" "Mozilla/5.0 (compatible; Googlebot/2.1; +http://www.google.com/bot.html)"
66.249.73.216 - - [08/Feb/2014:04:34:46 -0600] "GET /events/vet_picnic/css/style.css HTTP/1.1" 200 1149 "-" "Mozilla/5.0 (compatible; Googlebot/2.1; +http://www.google.com/bot.html)"
66.249.73.216 - - [08/Feb/2014:04:34:47 -0600] "GET /events/carousel_11/css/style.css HTTP/1.1" 200 1149 "-" "Mozilla/5.0 (compatible; Googlebot/2.1; +http://www.google.com/bot.html)"
66.249.73.216 - - [08/Feb/2014:04:34:47 -0600] "GET /events/ermy_event/js/jquery.movingboxes.min.js HTTP/1.1" 200 4663 "-" "Mozilla/5.0 (compatible; Googlebot/2.1; +http://www.google.com/bot.html)"
66.249.73.216 - - [08/Feb/2014:04:34:48 -0600] "GET /css/footer.css HTTP/1.1" 200 752 "-" "Mozilla/5.0 (compatible; Googlebot/2.1; +http://www.google.com/bot.html)"
183.60.244.49 - - [08/Feb/2014:05:22:13 -0600] "GET / HTTP/1.1" 200 10635 "http://www.baidu.com" "Mozilla/5.0 (Windows NT 6.1; WOW64; rv:18.0) Gecko/20100101 Firefox/18.0"
183.60.244.49 - - [08/Feb/2014:05:22:19 -0600] "GET / HTTP/1.1" 200 10635 "http://www.baidu.com" "Mozilla/5.0 (Windows NT 6.1; WOW64; rv:18.0) Gecko/20100101 Firefox/18.0"
183.60.244.49 - - [08/Feb/2014:05:22:20 -0600] "HEAD / HTTP/1.1" 200 - "-" "Opera/9.80 (X11; U; Linux i686; en-US; rv:1.9.2.3) Presto/2.2.15 Version/10.10"
183.60.244.49 - - [08/Feb/2014:05:22:21 -0600] "GET /do/reg.php HTTP/1.1" 404 - "http://www.baidu.com" "Mozilla/5.0 (Windows NT 6.1; WOW64; rv:18.0) Gecko/20100101 Firefox/18.0"
183.60.244.49 - - [08/Feb/2014:05:22:21 -0600] "GET /static/js/common.js HTTP/1.1" 404 - "http://www.baidu.com" "Mozilla/5.0 (Windows NT 6.1; WOW64; rv:18.0) Gecko/20100101 Firefox/18.0"
183.60.244.49 - - [08/Feb/2014:05:22:21 -0600] "GET /lionsky_client/WebHtmlEditor/1_7_2006_1020/Theme/Office_Tinge/WebHtmlEditor.css HTTP/1.1" 404 - "http://www.baidu.com" "Mozilla/5.0 (Windows NT 6.1; WOW64; rv:18.0) Gecko/20100101 Firefox/18.0"
183.60.244.49 - - [08/Feb/2014:05:22:21 -0600] "GET /admin/help/online_help_1.htm HTTP/1.1" 404 - "http://www.baidu.com" "Mozilla/5.0 (Windows NT 6.1; WOW64; rv:18.0) Gecko/20100101 Firefox/18.0"
183.60.244.49 - - [08/Feb/2014:05:22:21 -0600] "GET /ask HTTP/1.1" 404 - "http://www.baidu.com" "Mozilla/5.0 (Windows NT 6.1; WOW64; rv:18.0) Gecko/20100101 Firefox/18.0"
183.60.244.49 - - [08/Feb/2014:05:22:21 -0600] "GET /robots.txt HTTP/1.1" 404 - "http://www.baidu.com" "Mozilla/5.0 (Windows NT 6.1; WOW64; rv:18.0) Gecko/20100101 Firefox/18.0"
183.60.244.49 - - [08/Feb/2014:05:22:21 -0600] "GET /statics/js/ckeditor/plugins/capture/plugin.js HTTP/1.1" 404 - "http://www.baidu.com" "Mozilla/5.0 (Windows NT 6.1; WOW64; rv:18.0) Gecko/20100101 Firefox/18.0"
183.60.244.49 - - [08/Feb/2014:05:22:21 -0600] "GET /robots HTTP/1.1" 404 - "http://www.baidu.com" "Mozilla/5.0 (Windows NT 6.1; WOW64; rv:18.0) Gecko/20100101 Firefox/18.0"
183.60.244.49 - - [08/Feb/2014:05:22:21 -0600] "GET /wp-content/themes/twentyten/style.css HTTP/1.1" 404 - "http://www.baidu.com" "Mozilla/5.0 (Windows NT 6.1; WOW64; rv:18.0) Gecko/20100101 Firefox/18.0"
183.60.244.49 - - [08/Feb/2014:05:22:21 -0600] "GET /Providers/HtmlEditorProviders/Fck/fcklinkgallery.aspx HTTP/1.1" 404 - "http://www.baidu.com" "Mozilla/5.0 (Windows NT 6.1; WOW64; rv:18.0) Gecko/20100101 Firefox/18.0"
183.60.244.49 - - [08/Feb/2014:05:22:21 -0600] "GET /robots.txt HTTP/1.1" 404 - "http://www.baidu.com" "Mozilla/5.0 (Windows NT 6.1; WOW64; rv:18.0) Gecko/20100101 Firefox/18.0"
183.60.244.49 - - [08/Feb/2014:05:22:21 -0600] "GET /\xe5\xae\x89\xe8\xa3\x85\xe8\xaf\xb4\xe6\x98\x8e.txt HTTP/1.1" 404 - "http://www.baidu.com" "Mozilla/5.0 (Windows NT 6.1; WOW64; rv:18.0) Gecko/20100101 Firefox/18.0"
183.60.244.49 - - [08/Feb/2014:05:22:21 -0600] "GET /_data/jcmsU1.js HTTP/1.1" 404 - "http://www.baidu.com" "Mozilla/5.0 (Windows NT 6.1; WOW64; rv:18.0) Gecko/20100101 Firefox/18.0"
