75.233.69.240 - - [10/Oct/2012:21:54:12 -0500] "GET /events/carousel_11/images/leftarrow.png HTTP/1.1" 200 3371 "http://www.operationspokaneheroes.org/events/carousel_11/carousel_11.html" "Mozilla/5.0 (compatible; MSIE 9.0; Windows NT 6.1; WOW64; Trident/5.0)"
75.233.69.240 - - [10/Oct/2012:21:54:12 -0500] "GET /events/carousel_11/images/leftshadow.png HTTP/1.1" 200 153 "http://www.operationspokaneheroes.org/events/carousel_11/carousel_11.html" "Mozilla/5.0 (compatible; MSIE 9.0; Windows NT 6.1; WOW64; Trident/5.0)"
75.233.69.240 - - [10/Oct/2012:21:54:13 -0500] "GET /_inc/slide.php HTTP/1.1" 200 3205 "http://www.operationspokaneheroes.org/index.php" "Mozilla/5.0 (compatible; MSIE 9.0; Windows NT 6.1; WOW64; Trident/5.0)"
75.233.69.240 - - [10/Oct/2012:21:54:13 -0500] "GET /slider.html HTTP/1.1" 200 8245 "http://www.operationspokaneheroes.org/index.php" "Mozilla/5.0 (compatible; MSIE 9.0; Windows NT 6.1; WOW64; Trident/5.0)"
75.233.69.240 - - [10/Oct/2012:21:54:13 -0500] "GET /events/vet_picnic/images/leftshadow.png HTTP/1.1" 200 153 "http://www.operationspokaneheroes.org/events/vet_picnic/vet_picnic.html" "Mozilla/5.0 (compatible; MSIE 9.0; Windows NT 6.1; WOW64; Trident/5.0)"
75.233.69.240 - - [10/Oct/2012:21:54:13 -0500] "GET /events/ermy_event/images/leftshadow.png HTTP/1.1" 200 153 "http://www.operationspokaneheroes.org/events/ermy_event/ermy.html" "Mozilla/5.0 (compatible; MSIE 9.0; Windows NT 6.1; WOW64; Trident/5.0)"
75.233.69.240 - - [10/Oct/2012:21:54:14 -0500] "GET /css/compact_style.css HTTP/1.1" 200 4934 "http://www.operationspokaneheroes.org/slider.html" "Mozilla/5.0 (compatible; MSIE 9.0; Windows NT 6.1; WOW64; Trident/5.0)"
75.233.69.240 - - [10/Oct/2012:21:54:14 -0500] "GET /js/cufon-yui.js HTTP/1.1" 200 18257 "http://www.operationspokaneheroes.org/slider.html" "Mozilla/5.0 (compatible; MSIE 9.0; Windows NT 6.1; WOW64; Trident/5.0)"
75.233.69.240 - - [10/Oct/2012:21:54:14 -0500] "GET /js/Bebas_400.font.js HTTP/1.1" 200 32806 "http://www.operationspokaneheroes.org/slider.html" "Mozilla/5.0 (compatible; MSIE 9.0; Windows NT 6.1; WOW64; Trident/5.0)"
75.233.69.240 - - [10/Oct/2012:21:54:16 -0500] "GET /jquery.easing.1.3.js HTTP/1.1" 200 8097 "http://www.operationspokaneheroes.org/slider.html" "Mozilla/5.0 (compatible; MSIE 9.0; Windows NT 6.1; WOW64; Trident/5.0)"
75.233.69.240 - - [10/Oct/2012:21:54:15 -0500] "GET /js/combined.js HTTP/1.1" 200 169946 "http://www.operationspokaneheroes.org/_inc/slide.php" "Mozilla/5.0 (compatible; MSIE 9.0; Windows NT 6.1; WOW64; Trident/5.0)"
75.233.69.240 - - [10/Oct/2012:21:54:18 -0500] "GET /images/freaky_farms.png HTTP/1.1" 200 20215 "http://www.operationspokaneheroes.org/slider.html" "Mozilla/5.0 (compatible; MSIE 9.0; Windows NT 6.1; WOW64; Trident/5.0)"
75.233.69.240 - - [10/Oct/2012:21:54:16 -0500] "GET /images/free_clinic.png HTTP/1.1" 200 48993 "http://www.operationspokaneheroes.org/slider.html" "Mozilla/5.0 (compatible; MSIE 9.0; Windows NT 6.1; WOW64; Trident/5.0)"
75.233.69.240 - - [10/Oct/2012:21:54:19 -0500] "GET /images/serving_served.jpg HTTP/1.1" 200 23042 "http://www.operationspokaneheroes.org/slider.html" "Mozilla/5.0 (compatible; MSIE 9.0; Windows NT 6.1; WOW64; Trident/5.0)"
75.233.69.240 - - [10/Oct/2012:21:54:19 -0500] "GET /images/welcome.jpg HTTP/1.1" 200 27773 "http://www.operationspokaneheroes.org/slider.html" "Mozilla/5.0 (compatible; MSIE 9.0; Windows NT 6.1; WOW64; Trident/5.0)"
75.233.69.240 - - [10/Oct/2012:21:54:20 -0500] "GET /images/next.png HTTP/1.1" 200 3022 "http://www.operationspokaneheroes.org/slider.html" "Mozilla/5.0 (compatible; MSIE 9.0; Windows NT 6.1; WOW64; Trident/5.0)"
75.233.69.240 - - [10/Oct/2012:21:54:20 -0500] "GET /images/prev.png HTTP/1.1" 200 2995 "http://www.operationspokaneheroes.org/slider.html" "Mozilla/5.0 (compatible; MSIE 9.0; Windows NT 6.1; WOW64; Trident/5.0)"
75.233.69.240 - - [10/Oct/2012:21:54:20 -0500] "GET /assets/images/btn_main_search_hover.png HTTP/1.1" 404 - "http://www.operationspokaneheroes.org/_inc/slide.php" "Mozilla/5.0 (compatible; MSIE 9.0; Windows NT 6.1; WOW64; Trident/5.0)"
75.233.69.240 - - [10/Oct/2012:21:54:20 -0500] "GET /assets/images/btn_top_search_hover.png HTTP/1.1" 404 - "http://www.operationspokaneheroes.org/_inc/slide.php" "Mozilla/5.0 (compatible; MSIE 9.0; Windows NT 6.1; WOW64; Trident/5.0)"
75.233.69.240 - - [10/Oct/2012:21:54:21 -0500] "GET /images/mission_statement_bg.png HTTP/1.1" 200 11413 "http://www.operationspokaneheroes.org/_inc/slide.php" "Mozilla/5.0 (compatible; MSIE 9.0; Windows NT 6.1; WOW64; Trident/5.0)"
75.233.69.240 - - [10/Oct/2012:21:54:22 -0500] "GET /images/we_believe.png HTTP/1.1" 200 1785 "http://www.operationspokaneheroes.org/_inc/slide.php" "Mozilla/5.0 (compatible; MSIE 9.0; Windows NT 6.1; WOW64; Trident/5.0)"
75.233.69.240 - - [10/Oct/2012:21:54:22 -0500] "GET /images/we_strive.png HTTP/1.1" 200 1981 "http://www.operationspokaneheroes.org/_inc/slide.php" "Mozilla/5.0 (compatible; MSIE 9.0; Windows NT 6.1; WOW64; Trident/5.0)"
75.233.69.240 - - [10/Oct/2012:21:54:20 -0500] "GET /images/2.jpg HTTP/1.1" 200 170993 "http://www.operationspokaneheroes.org/_inc/slide.php" "Mozilla/5.0 (compatible; MSIE 9.0; Windows NT 6.1; WOW64; Trident/5.0)"
180.76.5.185 - - [10/Oct/2012:22:08:36 -0500] "GET /java_for_joes/index.html HTTP/1.1" 404 - "-" "Mozilla/5.0 (compatible; Baiduspider/2.0; +http://www.baidu.com/search/spider.html)"
92.249.127.111 - - [10/Oct/2012:23:34:29 -0500] "GET / HTTP/1.1" 200 10267 "http://www.farmadbcialis.com/" "Mozilla/5.0 (compatible; news bot /2.1)"
92.249.127.111 - - [10/Oct/2012:23:34:30 -0500] "GET / HTTP/1.1" 200 10447 "http://www.farmadbcialis.com/" "Mozilla/5.0 (compatible; news bot /2.1)"
123.125.71.107 - - [10/Oct/2012:23:34:40 -0500] "GET / HTTP/1.1" 200 10447 "-" "Mozilla/5.0 (compatible; Baiduspider/2.0; +http://www.baidu.com/search/spider.html)"
193.106.136.63 - - [11/Oct/2012:01:09:05 -0500] "GET / HTTP/1.1" 200 10267 "http://flatrentodessa.com/" "Mozilla/4.0 (compatible; MSIE 5.0; Windows 95) Opera 6.01  [en]"
193.106.136.63 - - [11/Oct/2012:01:09:07 -0500] "GET / HTTP/1.1" 200 10267 "http://flatrentodessa.com/" "Mozilla/4.0 (compatible; MSIE 5.0; Windows 95) Opera 6.01  [en]"
66.249.73.133 - - [11/Oct/2012:01:12:02 -0500] "GET /robots.txt HTTP/1.1" 404 - "-" "Mozilla/5.0 (compatible; Googlebot/2.1; +http://www.google.com/bot.html)"
66.249.73.133 - - [11/Oct/2012:01:12:02 -0500] "GET / HTTP/1.1" 200 10447 "-" "Mozilla/5.0 (compatible; Googlebot/2.1; +http://www.google.com/bot.html)"
69.171.234.3 - - [11/Oct/2012:02:14:00 -0500] "GET /images/global.png HTTP/1.1" 200 5737 "-" "facebookexternalhit/1.0 (+http://www.facebook.com/externalhit_uatext.php)"
69.171.237.4 - - [11/Oct/2012:03:04:36 -0500] "GET /images/global.png HTTP/1.1" 200 5737 "-" "facebookexternalhit/1.0 (+http://www.facebook.com/externalhit_uatext.php)"
66.249.16.211 - - [11/Oct/2012:04:06:28 -0500] "GET /java_for_joes/index.html HTTP/1.1" 404 - "http://whois.domaintools.com/javaforjoes.org" "Mozilla/5.0 (compatible; Baiduspider/2.0; +http://www.baidu.com/search/spider.html)"
206.225.83.83 - - [11/Oct/2012:05:37:11 -0500] "GET /java_for_joes/index.html HTTP/1.1" 404 - "-" "Mozilla/5.0 (X11; U; Linux i686; en-US; rv:1.9.2.3) Gecko/2009102704 Fedora/3.0.15-1.fc10 Firefox/3.0.15"
66.249.73.133 - - [11/Oct/2012:06:04:02 -0500] "GET /java_for_joes/index.html HTTP/1.1" 404 - "-" "Mozilla/5.0 (compatible; Googlebot/2.1; +http://www.google.com/bot.html)"
218.30.103.147 - - [11/Oct/2012:06:19:03 -0500] "GET /robots.txt HTTP/1.1" 404 - "-" "Sogou web spider/4.0"
173.199.120.67 - - [11/Oct/2012:07:33:16 -0500] "GET /robots.txt HTTP/1.1" 404 - "-" "Mozilla/5.0 (compatible; AhrefsBot/4.0; +http://ahrefs.com/robot/)"
218.30.103.147 - - [11/Oct/2012:07:51:02 -0500] "GET / HTTP/1.1" 200 10447 "-" "Sogou web spider/4.0(+http://www.sogou.com/docs/help/webmasters.htm#07)"
173.199.120.67 - - [11/Oct/2012:08:26:32 -0500] "GET /robots.txt HTTP/1.1" 404 - "-" "Mozilla/5.0 (compatible; AhrefsBot/4.0; +http://ahrefs.com/robot/)"
123.125.71.16 - - [11/Oct/2012:08:33:04 -0500] "GET /events.php HTTP/1.1" 200 6407 "-" "Mozilla/5.0 (compatible; Baiduspider/2.0; +http://www.baidu.com/search/spider.html)"
173.199.120.67 - - [11/Oct/2012:09:06:38 -0500] "GET /robots.txt HTTP/1.1" 404 - "-" "Mozilla/5.0 (compatible; AhrefsBot/4.0; +http://ahrefs.com/robot/)"
100.43.83.155 - - [11/Oct/2012:09:07:47 -0500] "GET /events/carousel_11/carousel_11.html HTTP/1.1" 200 3712 "-" "Mozilla/5.0 (compatible; YandexBot/3.0; +http://yandex.com/bots)"
100.43.83.155 - - [11/Oct/2012:09:07:50 -0500] "GET /slider.html HTTP/1.1" 200 8245 "-" "Mozilla/5.0 (compatible; YandexBot/3.0; +http://yandex.com/bots)"
180.76.5.65 - - [11/Oct/2012:11:34:59 -0500] "GET / HTTP/1.1" 200 10447 "-" "Mozilla/5.0 (compatible; Baiduspider/2.0; +http://www.baidu.com/search/spider.html)"
178.255.215.79 - - [11/Oct/2012:12:09:13 -0500] "GET /robots.txt HTTP/1.1" 404 - "-" "Mozilla/5.0 (compatible; Exabot/3.0; +http://www.exabot.com/go/robot)"
178.255.215.79 - - [11/Oct/2012:12:09:14 -0500] "GET /_inc/contact.php HTTP/1.1" 200 756 "-" "Mozilla/5.0 (compatible; Exabot/3.0; +http://www.exabot.com/go/robot)"
178.137.128.51 - - [11/Oct/2012:12:11:05 -0500] "GET / HTTP/1.1" 200 10267 "http://www.ooo-tehnoprom.ru/" "Mozilla/4.0 (compatible; MSIE 6.0; Windows NT 5.2; SV1; .NET CLR 1.1.4322; .NET CLR 2.0.50727)"
178.137.128.51 - - [11/Oct/2012:12:11:05 -0500] "GET / HTTP/1.1" 200 10267 "http://iphoneservis.com.ua/" "Opera/7.54 (Windows NT 5.1; U)  [pl]"
178.137.128.51 - - [11/Oct/2012:12:11:06 -0500] "GET / HTTP/1.1" 200 10267 "http://www.ooo-tehnoprom.ru/" "Mozilla/4.0 (compatible; MSIE 6.0; Windows NT 5.2; SV1; .NET CLR 1.1.4322; .NET CLR 2.0.50727)"
178.137.128.51 - - [11/Oct/2012:12:11:06 -0500] "GET / HTTP/1.1" 200 10267 "http://iphoneservis.com.ua/" "Opera/7.54 (Windows NT 5.1; U)  [pl]"
123.125.71.12 - - [11/Oct/2012:12:30:17 -0500] "GET /cgi-sys/defaultwebpage.cgi HTTP/1.1" 200 3477 "-" "Mozilla/5.0 (compatible; Baiduspider/2.0; +http://www.baidu.com/search/spider.html)"
180.76.5.58 - - [11/Oct/2012:12:42:35 -0500] "GET /business.php HTTP/1.1" 200 10703 "-" "Mozilla/5.0 (compatible; Baiduspider/2.0; +http://www.baidu.com/search/spider.html)"
78.46.47.49 - - [11/Oct/2012:14:36:30 -0500] "GET /contact.php HTTP/1.1" 200 10409 "-" "Mozilla/4.0 (compatible; MSIE 8.0; Windows NT 6.1; Trident/4.0)"
173.199.120.67 - - [11/Oct/2012:15:41:48 -0500] "GET /robots.txt HTTP/1.1" 404 - "-" "Mozilla/5.0 (compatible; AhrefsBot/4.0; +http://ahrefs.com/robot/)"
173.199.120.67 - - [11/Oct/2012:16:54:31 -0500] "GET /robots.txt HTTP/1.1" 404 - "-" "Mozilla/5.0 (compatible; AhrefsBot/4.0; +http://ahrefs.com/robot/)"
180.76.5.137 - - [11/Oct/2012:17:25:46 -0500] "GET /java_for_joes/index.html HTTP/1.1" 404 - "-" "Mozilla/5.0 (compatible; Baiduspider/2.0; +http://www.baidu.com/search/spider.html)"
100.43.83.155 - - [11/Oct/2012:18:44:16 -0500] "GET /robots.txt HTTP/1.1" 404 - "-" "Mozilla/5.0 (compatible; YandexBot/3.0; +http://yandex.com/bots)"
180.76.5.101 - - [11/Oct/2012:19:34:52 -0500] "GET / HTTP/1.1" 200 5324 "-" "Mozilla/5.0 (compatible; Baiduspider/2.0; +http://www.baidu.com/search/spider.html)"
218.30.103.147 - - [11/Oct/2012:22:10:46 -0500] "GET /robots.txt HTTP/1.1" 404 - "-" "Sogou web spider/4.0"
100.43.83.155 - - [11/Oct/2012:22:32:46 -0500] "GET /index.php HTTP/1.1" 200 10447 "-" "Mozilla/5.0 (compatible; YandexBot/3.0; +http://yandex.com/bots)"
92.249.127.111 - - [11/Oct/2012:22:59:57 -0500] "GET / HTTP/1.1" 200 10267 "http://sonnik-millera.ru/" "Mozilla/5.0 (compatible; news bot /2.1)"
92.249.127.111 - - [11/Oct/2012:22:59:58 -0500] "GET / HTTP/1.1" 200 10447 "http://sonnik-millera.ru/" "Mozilla/5.0 (compatible; news bot /2.1)"
180.76.5.163 - - [11/Oct/2012:23:30:32 -0500] "GET /robots.txt HTTP/1.1" 404 - "-" "Mozilla/5.0 (compatible; Baiduspider/2.0; +http://www.baidu.com/search/spider.html)"
180.76.5.113 - - [11/Oct/2012:23:30:32 -0500] "GET /robots.txt HTTP/1.1" 404 - "-" "Mozilla/5.0 (compatible; Baiduspider/2.0; +http://www.baidu.com/search/spider.html)"
180.76.5.179 - - [11/Oct/2012:23:32:41 -0500] "GET /java_for_joes/index.html HTTP/1.1" 404 - "-" "Mozilla/5.0 (compatible; Baiduspider/2.0; +http://www.baidu.com/search/spider.html)"
180.76.5.164 - - [12/Oct/2012:00:27:45 -0500] "GET / HTTP/1.1" 200 10447 "-" "Mozilla/5.0 (compatible; Baiduspider/2.0; +http://www.baidu.com/search/spider.html)"
123.125.71.89 - - [12/Oct/2012:01:57:08 -0500] "GET / HTTP/1.1" 200 10447 "-" "Mozilla/5.0 (compatible; Baiduspider/2.0; +http://www.baidu.com/search/spider.html)"
100.43.83.155 - - [12/Oct/2012:02:28:48 -0500] "GET /business.php HTTP/1.1" 200 10703 "-" "Mozilla/5.0 (compatible; YandexBot/3.0; +http://yandex.com/bots)"
132.79.9.16 - - [12/Oct/2012:03:13:25 -0500] "GET / HTTP/1.0" 200 10447 "-" "Mozilla/4.0 (compatible;)"
180.76.5.98 - - [12/Oct/2012:03:34:18 -0500] "GET / HTTP/1.1" 200 10447 "-" "Mozilla/5.0 (compatible; Baiduspider/2.0; +http://www.baidu.com/search/spider.html)"
208.115.111.70 - - [12/Oct/2012:04:02:15 -0500] "GET /robots.txt HTTP/1.1" 404 - "-" "Mozilla/5.0 (compatible; Ezooms/1.0; ezooms.bot@gmail.com)"
123.125.71.41 - - [12/Oct/2012:05:03:32 -0500] "GET /index.php HTTP/1.1" 200 10447 "-" "Mozilla/5.0 (compatible; Baiduspider/2.0; +http://www.baidu.com/search/spider.html)"
123.125.71.44 - - [12/Oct/2012:05:03:34 -0500] "GET / HTTP/1.1" 200 10447 "-" "Mozilla/5.0 (compatible; Baiduspider/2.0; +http://www.baidu.com/search/spider.html)"
157.56.94.158 - - [12/Oct/2012:05:19:38 -0500] "GET /robots.txt HTTP/1.1" 404 - "-" "msnbot/2.0b (+http://search.msn.com/msnbot.htm)"
157.56.94.158 - - [12/Oct/2012:05:19:38 -0500] "GET / HTTP/1.1" 200 10447 "-" "msnbot/2.0b (+http://search.msn.com/msnbot.htm)"
208.115.113.86 - - [12/Oct/2012:05:54:05 -0500] "GET /robots.txt HTTP/1.1" 404 - "-" "Mozilla/5.0 (compatible; Ezooms/1.0; ezooms.bot@gmail.com)"
208.115.111.70 - - [12/Oct/2012:05:55:31 -0500] "GET /events.php HTTP/1.1" 200 6407 "-" "Mozilla/5.0 (compatible; Ezooms/1.0; ezooms.bot@gmail.com)"
109.120.157.179 - - [12/Oct/2012:06:06:55 -0500] "GET / HTTP/1.1" 200 10447 "http://kinonew-online.net/" "Mozilla/5.0 (compatible; Add Catalog/2.1;)"
109.120.157.179 - - [12/Oct/2012:06:06:56 -0500] "GET / HTTP/1.1" 200 10447 "http://kinonew-online.net/" "Mozilla/5.0 (compatible; Add Catalog/2.1;)"
208.115.113.86 - - [12/Oct/2012:07:06:06 -0500] "GET /contact.php HTTP/1.1" 200 10409 "-" "Mozilla/5.0 (compatible; Ezooms/1.0; ezooms.bot@gmail.com)"
180.76.5.142 - - [12/Oct/2012:08:44:40 -0500] "GET /business.php HTTP/1.1" 200 10703 "-" "Mozilla/5.0 (compatible; Baiduspider/2.0; +http://www.baidu.com/search/spider.html)"
157.56.94.158 - - [12/Oct/2012:09:15:05 -0500] "GET /aboutus.php HTTP/1.1" 200 11557 "-" "msnbot/2.0b (+http://search.msn.com/msnbot.htm)"
157.56.94.158 - - [12/Oct/2012:09:15:08 -0500] "GET /donate.php HTTP/1.1" 200 11589 "-" "msnbot/2.0b (+http://search.msn.com/msnbot.htm)"
157.56.94.158 - - [12/Oct/2012:09:15:11 -0500] "GET /_inc/slide.php HTTP/1.1" 200 3205 "-" "msnbot/2.0b (+http://search.msn.com/msnbot.htm)"
157.56.94.158 - - [12/Oct/2012:09:15:13 -0500] "GET /events.php HTTP/1.1" 200 6407 "-" "msnbot/2.0b (+http://search.msn.com/msnbot.htm)"
157.56.94.158 - - [12/Oct/2012:09:15:19 -0500] "GET /slider.html HTTP/1.1" 200 8245 "-" "msnbot/2.0b (+http://search.msn.com/msnbot.htm)"
157.56.94.158 - - [12/Oct/2012:09:15:22 -0500] "GET /calendar.php HTTP/1.1" 200 10599 "-" "msnbot/2.0b (+http://search.msn.com/msnbot.htm)"
157.56.94.158 - - [12/Oct/2012:09:15:24 -0500] "GET /contact.php HTTP/1.1" 200 10409 "-" "msnbot/2.0b (+http://search.msn.com/msnbot.htm)"
157.56.94.158 - - [12/Oct/2012:09:15:26 -0500] "GET /business.php HTTP/1.1" 200 10703 "-" "msnbot/2.0b (+http://search.msn.com/msnbot.htm)"
193.106.136.55 - - [12/Oct/2012:10:00:47 -0500] "GET / HTTP/1.1" 200 10447 "http://www.fotolink.su/" "Mozilla/4.61 [en] (X11; U; ) - BrowseX (2.0.0 Windows)"
193.106.136.55 - - [12/Oct/2012:10:00:48 -0500] "GET / HTTP/1.1" 200 10447 "http://www.fotolink.su/" "Mozilla/4.61 [en] (X11; U; ) - BrowseX (2.0.0 Windows)"
100.43.83.155 - - [12/Oct/2012:10:03:33 -0500] "GET /pdf/REVISION2%20Military%20Kids%20Camp%202012%20(2).pdf HTTP/1.1" 304 - "-" "Mozilla/5.0 (compatible; YandexBot/3.0; +http://yandex.com/bots)"
123.125.71.48 - - [12/Oct/2012:11:02:55 -0500] "GET /cgi-sys/defaultwebpage.cgi HTTP/1.1" 200 3477 "-" "Mozilla/5.0 (compatible; Baiduspider/2.0; +http://www.baidu.com/search/spider.html)"
75.244.69.62 - - [12/Oct/2012:11:57:04 -0500] "GET / HTTP/1.1" 200 10447 "http://www.bing.com/search?q=operation+spokanehero&form=MSNH14&pq=operation+spokanehero&sc=1-21&sp=-1&qs=n&sk=" "Mozilla/5.0 (compatible; MSIE 9.0; Windows NT 6.1; WOW64; Trident/5.0)"
75.244.69.62 - - [12/Oct/2012:11:57:04 -0500] "GET /css/global.css HTTP/1.1" 200 13951 "http://operationspokaneheroes.org/" "Mozilla/5.0 (compatible; MSIE 9.0; Windows NT 6.1; WOW64; Trident/5.0)"
75.244.69.62 - - [12/Oct/2012:11:57:06 -0500] "GET /images/contacticon.png HTTP/1.1" 200 4499 "http://operationspokaneheroes.org/" "Mozilla/5.0 (compatible; MSIE 9.0; Windows NT 6.1; WOW64; Trident/5.0)"
75.244.69.62 - - [12/Oct/2012:11:57:06 -0500] "GET /_inc/slide.php HTTP/1.1" 200 3205 "http://operationspokaneheroes.org/" "Mozilla/5.0 (compatible; MSIE 9.0; Windows NT 6.1; WOW64; Trident/5.0)"
75.244.69.62 - - [12/Oct/2012:11:57:07 -0500] "GET /slider.html HTTP/1.1" 200 8245 "http://operationspokaneheroes.org/" "Mozilla/5.0 (compatible; MSIE 9.0; Windows NT 6.1; WOW64; Trident/5.0)"
75.244.69.62 - - [12/Oct/2012:11:57:09 -0500] "GET /images/global.png HTTP/1.1" 200 5737 "http://operationspokaneheroes.org/" "Mozilla/5.0 (compatible; MSIE 9.0; Windows NT 6.1; WOW64; Trident/5.0)"
75.244.69.62 - - [12/Oct/2012:11:57:05 -0500] "GET /images/logo.png HTTP/1.1" 200 226129 "http://operationspokaneheroes.org/" "Mozilla/5.0 (compatible; MSIE 9.0; Windows NT 6.1; WOW64; Trident/5.0)"
75.244.69.62 - - [12/Oct/2012:11:57:11 -0500] "GET /images/facebook.png HTTP/1.1" 200 5004 "http://operationspokaneheroes.org/" "Mozilla/5.0 (compatible; MSIE 9.0; Windows NT 6.1; WOW64; Trident/5.0)"
75.244.69.62 - - [12/Oct/2012:11:57:13 -0500] "GET /css/footer.css HTTP/1.1" 200 752 "http://operationspokaneheroes.org/" "Mozilla/5.0 (compatible; MSIE 9.0; Windows NT 6.1; WOW64; Trident/5.0)"
75.244.69.62 - - [12/Oct/2012:11:57:13 -0500] "GET /images/nav2.jpg HTTP/1.1" 200 4444 "http://operationspokaneheroes.org/" "Mozilla/5.0 (compatible; MSIE 9.0; Windows NT 6.1; WOW64; Trident/5.0)"
75.244.69.62 - - [12/Oct/2012:11:57:14 -0500] "GET /mainbk.png HTTP/1.1" 200 290 "http://operationspokaneheroes.org/" "Mozilla/5.0 (compatible; MSIE 9.0; Windows NT 6.1; WOW64; Trident/5.0)"
75.244.69.62 - - [12/Oct/2012:11:57:13 -0500] "GET /images/bg2.jpg HTTP/1.1" 200 55206 "http://operationspokaneheroes.org/" "Mozilla/5.0 (compatible; MSIE 9.0; Windows NT 6.1; WOW64; Trident/5.0)"
75.244.69.62 - - [12/Oct/2012:11:57:14 -0500] "GET /css/slide.css HTTP/1.1" 200 2869 "http://operationspokaneheroes.org/_inc/slide.php" "Mozilla/5.0 (compatible; MSIE 9.0; Windows NT 6.1; WOW64; Trident/5.0)"
75.244.69.62 - - [12/Oct/2012:11:57:15 -0500] "GET /css/style_global.css HTTP/1.1" 200 2621 "http://operationspokaneheroes.org/_inc/slide.php" "Mozilla/5.0 (compatible; MSIE 9.0; Windows NT 6.1; WOW64; Trident/5.0)"
75.244.69.62 - - [12/Oct/2012:11:57:15 -0500] "GET /css/compact_style.css HTTP/1.1" 200 4934 "http://operationspokaneheroes.org/slider.html" "Mozilla/5.0 (compatible; MSIE 9.0; Windows NT 6.1; WOW64; Trident/5.0)"
75.244.69.62 - - [12/Oct/2012:11:57:18 -0500] "GET /js/cufon-yui.js HTTP/1.1" 200 18257 "http://operationspokaneheroes.org/slider.html" "Mozilla/5.0 (compatible; MSIE 9.0; Windows NT 6.1; WOW64; Trident/5.0)"
75.244.69.62 - - [12/Oct/2012:11:57:15 -0500] "GET /js/combined.js HTTP/1.1" 200 169946 "http://operationspokaneheroes.org/_inc/slide.php" "Mozilla/5.0 (compatible; MSIE 9.0; Windows NT 6.1; WOW64; Trident/5.0)"
75.244.69.62 - - [12/Oct/2012:11:57:20 -0500] "GET /jquery.easing.1.3.js HTTP/1.1" 200 8097 "http://operationspokaneheroes.org/slider.html" "Mozilla/5.0 (compatible; MSIE 9.0; Windows NT 6.1; WOW64; Trident/5.0)"
75.244.69.62 - - [12/Oct/2012:11:57:20 -0500] "GET /js/Bebas_400.font.js HTTP/1.1" 200 32806 "http://operationspokaneheroes.org/slider.html" "Mozilla/5.0 (compatible; MSIE 9.0; Windows NT 6.1; WOW64; Trident/5.0)"
75.244.69.62 - - [12/Oct/2012:11:57:21 -0500] "GET /assets/images/btn_top_search_hover.png HTTP/1.1" 404 - "http://operationspokaneheroes.org/_inc/slide.php" "Mozilla/5.0 (compatible; MSIE 9.0; Windows NT 6.1; WOW64; Trident/5.0)"
75.244.69.62 - - [12/Oct/2012:11:57:21 -0500] "GET /images/3.jpg HTTP/1.1" 200 240733 "http://operationspokaneheroes.org/_inc/slide.php" "Mozilla/5.0 (compatible; MSIE 9.0; Windows NT 6.1; WOW64; Trident/5.0)"
75.244.69.62 - - [12/Oct/2012:11:57:21 -0500] "GET /images/4.jpg HTTP/1.1" 200 186934 "http://operationspokaneheroes.org/_inc/slide.php" "Mozilla/5.0 (compatible; MSIE 9.0; Windows NT 6.1; WOW64; Trident/5.0)"
75.244.69.62 - - [12/Oct/2012:11:57:34 -0500] "GET /images/1.jpg HTTP/1.1" 200 142489 "http://operationspokaneheroes.org/_inc/slide.php" "Mozilla/5.0 (compatible; MSIE 9.0; Windows NT 6.1; WOW64; Trident/5.0)"
75.244.69.62 - - [12/Oct/2012:11:57:46 -0500] "GET /images/mission_statement_bg.png HTTP/1.1" 200 11413 "http://operationspokaneheroes.org/_inc/slide.php" "Mozilla/5.0 (compatible; MSIE 9.0; Windows NT 6.1; WOW64; Trident/5.0)"
75.244.69.62 - - [12/Oct/2012:11:57:48 -0500] "GET /images/we_believe.png HTTP/1.1" 200 1785 "http://operationspokaneheroes.org/_inc/slide.php" "Mozilla/5.0 (compatible; MSIE 9.0; Windows NT 6.1; WOW64; Trident/5.0)"
75.244.69.62 - - [12/Oct/2012:11:57:48 -0500] "GET /images/we_strive.png HTTP/1.1" 200 1981 "http://operationspokaneheroes.org/_inc/slide.php" "Mozilla/5.0 (compatible; MSIE 9.0; Windows NT 6.1; WOW64; Trident/5.0)"
75.244.69.62 - - [12/Oct/2012:11:57:49 -0500] "GET /images/we_help.png HTTP/1.1" 200 1514 "http://operationspokaneheroes.org/_inc/slide.php" "Mozilla/5.0 (compatible; MSIE 9.0; Windows NT 6.1; WOW64; Trident/5.0)"
75.244.69.62 - - [12/Oct/2012:11:57:50 -0500] "GET /assets/images/btn_main_search_hover.png HTTP/1.1" 404 - "http://operationspokaneheroes.org/_inc/slide.php" "Mozilla/5.0 (compatible; MSIE 9.0; Windows NT 6.1; WOW64; Trident/5.0)"
75.244.69.62 - - [12/Oct/2012:11:57:51 -0500] "GET /images/we_need.png HTTP/1.1" 200 2138 "http://operationspokaneheroes.org/_inc/slide.php" "Mozilla/5.0 (compatible; MSIE 9.0; Windows NT 6.1; WOW64; Trident/5.0)"
75.244.69.62 - - [12/Oct/2012:11:57:51 -0500] "GET /images/free_clinic.png HTTP/1.1" 200 48993 "http://operationspokaneheroes.org/slider.html" "Mozilla/5.0 (compatible; MSIE 9.0; Windows NT 6.1; WOW64; Trident/5.0)"
75.244.69.62 - - [12/Oct/2012:11:57:56 -0500] "GET /images/freaky_farms.png HTTP/1.1" 200 20215 "http://operationspokaneheroes.org/slider.html" "Mozilla/5.0 (compatible; MSIE 9.0; Windows NT 6.1; WOW64; Trident/5.0)"
75.244.69.62 - - [12/Oct/2012:11:57:59 -0500] "GET /images/serving_served.jpg HTTP/1.1" 200 23042 "http://operationspokaneheroes.org/slider.html" "Mozilla/5.0 (compatible; MSIE 9.0; Windows NT 6.1; WOW64; Trident/5.0)"
75.244.69.62 - - [12/Oct/2012:11:58:01 -0500] "GET /images/welcome.jpg HTTP/1.1" 200 27773 "http://operationspokaneheroes.org/slider.html" "Mozilla/5.0 (compatible; MSIE 9.0; Windows NT 6.1; WOW64; Trident/5.0)"
75.244.69.62 - - [12/Oct/2012:11:57:50 -0500] "GET /images/2.jpg HTTP/1.1" 200 170993 "http://operationspokaneheroes.org/_inc/slide.php" "Mozilla/5.0 (compatible; MSIE 9.0; Windows NT 6.1; WOW64; Trident/5.0)"
75.244.69.62 - - [12/Oct/2012:11:58:04 -0500] "GET /images/next.png HTTP/1.1" 200 3022 "http://operationspokaneheroes.org/slider.html" "Mozilla/5.0 (compatible; MSIE 9.0; Windows NT 6.1; WOW64; Trident/5.0)"
75.244.69.62 - - [12/Oct/2012:11:58:04 -0500] "GET /images/prev.png HTTP/1.1" 200 2995 "http://operationspokaneheroes.org/slider.html" "Mozilla/5.0 (compatible; MSIE 9.0; Windows NT 6.1; WOW64; Trident/5.0)"
75.244.69.62 - - [12/Oct/2012:11:58:05 -0500] "GET /favicon.ico HTTP/1.1" 404 - "-" "Mozilla/5.0 (compatible; MSIE 9.0; Windows NT 6.1; WOW64; Trident/5.0)"
157.55.35.36 - - [12/Oct/2012:11:59:46 -0500] "GET /robots.txt HTTP/1.1" 404 - "-" "Mozilla/5.0 (compatible; bingbot/2.0; +http://www.bing.com/bingbot.htm)"
157.55.35.36 - - [12/Oct/2012:12:00:42 -0500] "GET /calendar.php HTTP/1.1" 200 10599 "-" "Mozilla/5.0 (compatible; bingbot/2.0; +http://www.bing.com/bingbot.htm)"
75.244.69.62 - - [12/Oct/2012:12:41:39 -0500] "GET / HTTP/1.1" 200 10447 "http://www.bing.com/search?q=operation+spokane+hero&form=MSNH14&pq=operation+spokane+hero&sc=1-22&sp=-1&qs=n&sk=" "Mozilla/5.0 (compatible; MSIE 9.0; Windows NT 6.1; WOW64; Trident/5.0)"
75.244.69.62 - - [12/Oct/2012:12:41:42 -0500] "GET /_inc/slide.php HTTP/1.1" 200 3205 "http://operationspokaneheroes.org/" "Mozilla/5.0 (compatible; MSIE 9.0; Windows NT 6.1; WOW64; Trident/5.0)"
75.244.69.62 - - [12/Oct/2012:12:41:42 -0500] "GET /assets/images/btn_top_search_hover.png HTTP/1.1" 404 - "http://operationspokaneheroes.org/_inc/slide.php" "Mozilla/5.0 (compatible; MSIE 9.0; Windows NT 6.1; WOW64; Trident/5.0)"
75.244.69.62 - - [12/Oct/2012:12:41:42 -0500] "GET /assets/images/btn_main_search_hover.png HTTP/1.1" 404 - "http://operationspokaneheroes.org/_inc/slide.php" "Mozilla/5.0 (compatible; MSIE 9.0; Windows NT 6.1; WOW64; Trident/5.0)"
75.244.69.62 - - [12/Oct/2012:12:41:43 -0500] "GET /favicon.ico HTTP/1.1" 404 - "-" "Mozilla/5.0 (compatible; MSIE 9.0; Windows NT 6.1; WOW64; Trident/5.0)"
67.185.227.1 - - [12/Oct/2012:14:37:02 -0500] "GET / HTTP/1.1" 200 10447 "http://www.bing.com/search?q=www.spokaneheros.com&src=IE-SearchBox&FORM=IE8SRC" "Mozilla/4.0 (compatible; MSIE 8.0; Windows NT 5.1; Trident/4.0; .NET CLR 1.1.4322; .NET CLR 2.0.50727; .NET CLR 3.0.4506.2152; .NET CLR 3.5.30729; OfficeLiveConnector.1.3; OfficeLivePatch.0.0; .NET4.0C)"
67.185.227.1 - - [12/Oct/2012:14:37:03 -0500] "GET /css/global.css HTTP/1.1" 200 13951 "http://operationspokaneheroes.org/" "Mozilla/4.0 (compatible; MSIE 8.0; Windows NT 5.1; Trident/4.0; .NET CLR 1.1.4322; .NET CLR 2.0.50727; .NET CLR 3.0.4506.2152; .NET CLR 3.5.30729; OfficeLiveConnector.1.3; OfficeLivePatch.0.0; .NET4.0C)"
67.185.227.1 - - [12/Oct/2012:14:37:03 -0500] "GET /images/contacticon.png HTTP/1.1" 200 4499 "http://operationspokaneheroes.org/" "Mozilla/4.0 (compatible; MSIE 8.0; Windows NT 5.1; Trident/4.0; .NET CLR 1.1.4322; .NET CLR 2.0.50727; .NET CLR 3.0.4506.2152; .NET CLR 3.5.30729; OfficeLiveConnector.1.3; OfficeLivePatch.0.0; .NET4.0C)"
67.185.227.1 - - [12/Oct/2012:14:37:03 -0500] "GET /css/footer.css HTTP/1.1" 200 752 "http://operationspokaneheroes.org/" "Mozilla/4.0 (compatible; MSIE 8.0; Windows NT 5.1; Trident/4.0; .NET CLR 1.1.4322; .NET CLR 2.0.50727; .NET CLR 3.0.4506.2152; .NET CLR 3.5.30729; OfficeLiveConnector.1.3; OfficeLivePatch.0.0; .NET4.0C)"
67.185.227.1 - - [12/Oct/2012:14:37:03 -0500] "GET /images/global.png HTTP/1.1" 200 5737 "http://operationspokaneheroes.org/" "Mozilla/4.0 (compatible; MSIE 8.0; Windows NT 5.1; Trident/4.0; .NET CLR 1.1.4322; .NET CLR 2.0.50727; .NET CLR 3.0.4506.2152; .NET CLR 3.5.30729; OfficeLiveConnector.1.3; OfficeLivePatch.0.0; .NET4.0C)"
67.185.227.1 - - [12/Oct/2012:14:37:03 -0500] "GET /mainbk.png HTTP/1.1" 200 290 "http://operationspokaneheroes.org/" "Mozilla/4.0 (compatible; MSIE 8.0; Windows NT 5.1; Trident/4.0; .NET CLR 1.1.4322; .NET CLR 2.0.50727; .NET CLR 3.0.4506.2152; .NET CLR 3.5.30729; OfficeLiveConnector.1.3; OfficeLivePatch.0.0; .NET4.0C)"
67.185.227.1 - - [12/Oct/2012:14:37:03 -0500] "GET /images/facebook.png HTTP/1.1" 200 5004 "http://operationspokaneheroes.org/" "Mozilla/4.0 (compatible; MSIE 8.0; Windows NT 5.1; Trident/4.0; .NET CLR 1.1.4322; .NET CLR 2.0.50727; .NET CLR 3.0.4506.2152; .NET CLR 3.5.30729; OfficeLiveConnector.1.3; OfficeLivePatch.0.0; .NET4.0C)"
67.185.227.1 - - [12/Oct/2012:14:37:03 -0500] "GET /slider.html HTTP/1.1" 200 8245 "http://operationspokaneheroes.org/" "Mozilla/4.0 (compatible; MSIE 8.0; Windows NT 5.1; Trident/4.0; .NET CLR 1.1.4322; .NET CLR 2.0.50727; .NET CLR 3.0.4506.2152; .NET CLR 3.5.30729; OfficeLiveConnector.1.3; OfficeLivePatch.0.0; .NET4.0C)"
67.185.227.1 - - [12/Oct/2012:14:37:03 -0500] "GET /_inc/slide.php HTTP/1.1" 200 3205 "http://operationspokaneheroes.org/" "Mozilla/4.0 (compatible; MSIE 8.0; Windows NT 5.1; Trident/4.0; .NET CLR 1.1.4322; .NET CLR 2.0.50727; .NET CLR 3.0.4506.2152; .NET CLR 3.5.30729; OfficeLiveConnector.1.3; OfficeLivePatch.0.0; .NET4.0C)"
67.185.227.1 - - [12/Oct/2012:14:37:03 -0500] "GET /images/nav2.jpg HTTP/1.1" 200 4444 "http://operationspokaneheroes.org/" "Mozilla/4.0 (compatible; MSIE 8.0; Windows NT 5.1; Trident/4.0; .NET CLR 1.1.4322; .NET CLR 2.0.50727; .NET CLR 3.0.4506.2152; .NET CLR 3.5.30729; OfficeLiveConnector.1.3; OfficeLivePatch.0.0; .NET4.0C)"
67.185.227.1 - - [12/Oct/2012:14:37:03 -0500] "GET /css/compact_style.css HTTP/1.1" 200 4934 "http://operationspokaneheroes.org/slider.html" "Mozilla/4.0 (compatible; MSIE 8.0; Windows NT 5.1; Trident/4.0; .NET CLR 1.1.4322; .NET CLR 2.0.50727; .NET CLR 3.0.4506.2152; .NET CLR 3.5.30729; OfficeLiveConnector.1.3; OfficeLivePatch.0.0; .NET4.0C)"
67.185.227.1 - - [12/Oct/2012:14:37:03 -0500] "GET /images/bg2.jpg HTTP/1.1" 200 55206 "http://operationspokaneheroes.org/" "Mozilla/4.0 (compatible; MSIE 8.0; Windows NT 5.1; Trident/4.0; .NET CLR 1.1.4322; .NET CLR 2.0.50727; .NET CLR 3.0.4506.2152; .NET CLR 3.5.30729; OfficeLiveConnector.1.3; OfficeLivePatch.0.0; .NET4.0C)"
67.185.227.1 - - [12/Oct/2012:14:37:03 -0500] "GET /css/slide.css HTTP/1.1" 200 2869 "http://operationspokaneheroes.org/_inc/slide.php" "Mozilla/4.0 (compatible; MSIE 8.0; Windows NT 5.1; Trident/4.0; .NET CLR 1.1.4322; .NET CLR 2.0.50727; .NET CLR 3.0.4506.2152; .NET CLR 3.5.30729; OfficeLiveConnector.1.3; OfficeLivePatch.0.0; .NET4.0C)"
67.185.227.1 - - [12/Oct/2012:14:37:03 -0500] "GET /js/cufon-yui.js HTTP/1.1" 200 18257 "http://operationspokaneheroes.org/slider.html" "Mozilla/4.0 (compatible; MSIE 8.0; Windows NT 5.1; Trident/4.0; .NET CLR 1.1.4322; .NET CLR 2.0.50727; .NET CLR 3.0.4506.2152; .NET CLR 3.5.30729; OfficeLiveConnector.1.3; OfficeLivePatch.0.0; .NET4.0C)"
67.185.227.1 - - [12/Oct/2012:14:37:03 -0500] "GET /js/Bebas_400.font.js HTTP/1.1" 200 32806 "http://operationspokaneheroes.org/slider.html" "Mozilla/4.0 (compatible; MSIE 8.0; Windows NT 5.1; Trident/4.0; .NET CLR 1.1.4322; .NET CLR 2.0.50727; .NET CLR 3.0.4506.2152; .NET CLR 3.5.30729; OfficeLiveConnector.1.3; OfficeLivePatch.0.0; .NET4.0C)"
67.185.227.1 - - [12/Oct/2012:14:37:04 -0500] "GET /css/style_global.css HTTP/1.1" 200 2621 "http://operationspokaneheroes.org/_inc/slide.php" "Mozilla/4.0 (compatible; MSIE 8.0; Windows NT 5.1; Trident/4.0; .NET CLR 1.1.4322; .NET CLR 2.0.50727; .NET CLR 3.0.4506.2152; .NET CLR 3.5.30729; OfficeLiveConnector.1.3; OfficeLivePatch.0.0; .NET4.0C)"
67.185.227.1 - - [12/Oct/2012:14:37:04 -0500] "GET /jquery.easing.1.3.js HTTP/1.1" 200 8097 "http://operationspokaneheroes.org/slider.html" "Mozilla/4.0 (compatible; MSIE 8.0; Windows NT 5.1; Trident/4.0; .NET CLR 1.1.4322; .NET CLR 2.0.50727; .NET CLR 3.0.4506.2152; .NET CLR 3.5.30729; OfficeLiveConnector.1.3; OfficeLivePatch.0.0; .NET4.0C)"
67.185.227.1 - - [12/Oct/2012:14:37:04 -0500] "GET /images/freaky_farms.png HTTP/1.1" 200 20215 "http://operationspokaneheroes.org/slider.html" "Mozilla/4.0 (compatible; MSIE 8.0; Windows NT 5.1; Trident/4.0; .NET CLR 1.1.4322; .NET CLR 2.0.50727; .NET CLR 3.0.4506.2152; .NET CLR 3.5.30729; OfficeLiveConnector.1.3; OfficeLivePatch.0.0; .NET4.0C)"
67.185.227.1 - - [12/Oct/2012:14:37:04 -0500] "GET /images/welcome.jpg HTTP/1.1" 200 27773 "http://operationspokaneheroes.org/slider.html" "Mozilla/4.0 (compatible; MSIE 8.0; Windows NT 5.1; Trident/4.0; .NET CLR 1.1.4322; .NET CLR 2.0.50727; .NET CLR 3.0.4506.2152; .NET CLR 3.5.30729; OfficeLiveConnector.1.3; OfficeLivePatch.0.0; .NET4.0C)"
67.185.227.1 - - [12/Oct/2012:14:37:04 -0500] "GET /images/serving_served.jpg HTTP/1.1" 200 23042 "http://operationspokaneheroes.org/slider.html" "Mozilla/4.0 (compatible; MSIE 8.0; Windows NT 5.1; Trident/4.0; .NET CLR 1.1.4322; .NET CLR 2.0.50727; .NET CLR 3.0.4506.2152; .NET CLR 3.5.30729; OfficeLiveConnector.1.3; OfficeLivePatch.0.0; .NET4.0C)"
67.185.227.1 - - [12/Oct/2012:14:37:04 -0500] "GET /images/next.png HTTP/1.1" 200 3022 "http://operationspokaneheroes.org/slider.html" "Mozilla/4.0 (compatible; MSIE 8.0; Windows NT 5.1; Trident/4.0; .NET CLR 1.1.4322; .NET CLR 2.0.50727; .NET CLR 3.0.4506.2152; .NET CLR 3.5.30729; OfficeLiveConnector.1.3; OfficeLivePatch.0.0; .NET4.0C)"
67.185.227.1 - - [12/Oct/2012:14:37:03 -0500] "GET /images/logo.png HTTP/1.1" 200 226129 "http://operationspokaneheroes.org/" "Mozilla/4.0 (compatible; MSIE 8.0; Windows NT 5.1; Trident/4.0; .NET CLR 1.1.4322; .NET CLR 2.0.50727; .NET CLR 3.0.4506.2152; .NET CLR 3.5.30729; OfficeLiveConnector.1.3; OfficeLivePatch.0.0; .NET4.0C)"
67.185.227.1 - - [12/Oct/2012:14:37:04 -0500] "GET /images/prev.png HTTP/1.1" 200 2995 "http://operationspokaneheroes.org/slider.html" "Mozilla/4.0 (compatible; MSIE 8.0; Windows NT 5.1; Trident/4.0; .NET CLR 1.1.4322; .NET CLR 2.0.50727; .NET CLR 3.0.4506.2152; .NET CLR 3.5.30729; OfficeLiveConnector.1.3; OfficeLivePatch.0.0; .NET4.0C)"
67.185.227.1 - - [12/Oct/2012:14:37:03 -0500] "GET /js/combined.js HTTP/1.1" 200 169946 "http://operationspokaneheroes.org/_inc/slide.php" "Mozilla/4.0 (compatible; MSIE 8.0; Windows NT 5.1; Trident/4.0; .NET CLR 1.1.4322; .NET CLR 2.0.50727; .NET CLR 3.0.4506.2152; .NET CLR 3.5.30729; OfficeLiveConnector.1.3; OfficeLivePatch.0.0; .NET4.0C)"
67.185.227.1 - - [12/Oct/2012:14:37:04 -0500] "GET /images/free_clinic.png HTTP/1.1" 200 48993 "http://operationspokaneheroes.org/slider.html" "Mozilla/4.0 (compatible; MSIE 8.0; Windows NT 5.1; Trident/4.0; .NET CLR 1.1.4322; .NET CLR 2.0.50727; .NET CLR 3.0.4506.2152; .NET CLR 3.5.30729; OfficeLiveConnector.1.3; OfficeLivePatch.0.0; .NET4.0C)"
67.185.227.1 - - [12/Oct/2012:14:37:05 -0500] "GET /images/mission_statement_bg.png HTTP/1.1" 200 11413 "http://operationspokaneheroes.org/_inc/slide.php" "Mozilla/4.0 (compatible; MSIE 8.0; Windows NT 5.1; Trident/4.0; .NET CLR 1.1.4322; .NET CLR 2.0.50727; .NET CLR 3.0.4506.2152; .NET CLR 3.5.30729; OfficeLiveConnector.1.3; OfficeLivePatch.0.0; .NET4.0C)"
67.185.227.1 - - [12/Oct/2012:14:37:05 -0500] "GET /images/we_believe.png HTTP/1.1" 200 1785 "http://operationspokaneheroes.org/_inc/slide.php" "Mozilla/4.0 (compatible; MSIE 8.0; Windows NT 5.1; Trident/4.0; .NET CLR 1.1.4322; .NET CLR 2.0.50727; .NET CLR 3.0.4506.2152; .NET CLR 3.5.30729; OfficeLiveConnector.1.3; OfficeLivePatch.0.0; .NET4.0C)"
67.185.227.1 - - [12/Oct/2012:14:37:05 -0500] "GET /images/we_strive.png HTTP/1.1" 200 1981 "http://operationspokaneheroes.org/_inc/slide.php" "Mozilla/4.0 (compatible; MSIE 8.0; Windows NT 5.1; Trident/4.0; .NET CLR 1.1.4322; .NET CLR 2.0.50727; .NET CLR 3.0.4506.2152; .NET CLR 3.5.30729; OfficeLiveConnector.1.3; OfficeLivePatch.0.0; .NET4.0C)"
67.185.227.1 - - [12/Oct/2012:14:37:05 -0500] "GET /images/we_help.png HTTP/1.1" 200 1514 "http://operationspokaneheroes.org/_inc/slide.php" "Mozilla/4.0 (compatible; MSIE 8.0; Windows NT 5.1; Trident/4.0; .NET CLR 1.1.4322; .NET CLR 2.0.50727; .NET CLR 3.0.4506.2152; .NET CLR 3.5.30729; OfficeLiveConnector.1.3; OfficeLivePatch.0.0; .NET4.0C)"
67.185.227.1 - - [12/Oct/2012:14:37:05 -0500] "GET /assets/images/btn_top_search_hover.png HTTP/1.1" 404 - "http://operationspokaneheroes.org/_inc/slide.php" "Mozilla/4.0 (compatible; MSIE 8.0; Windows NT 5.1; Trident/4.0; .NET CLR 1.1.4322; .NET CLR 2.0.50727; .NET CLR 3.0.4506.2152; .NET CLR 3.5.30729; OfficeLiveConnector.1.3; OfficeLivePatch.0.0; .NET4.0C)"
67.185.227.1 - - [12/Oct/2012:14:37:05 -0500] "GET /images/we_need.png HTTP/1.1" 200 2138 "http://operationspokaneheroes.org/_inc/slide.php" "Mozilla/4.0 (compatible; MSIE 8.0; Windows NT 5.1; Trident/4.0; .NET CLR 1.1.4322; .NET CLR 2.0.50727; .NET CLR 3.0.4506.2152; .NET CLR 3.5.30729; OfficeLiveConnector.1.3; OfficeLivePatch.0.0; .NET4.0C)"
67.185.227.1 - - [12/Oct/2012:14:37:05 -0500] "GET /assets/images/btn_main_search_hover.png HTTP/1.1" 404 - "http://operationspokaneheroes.org/_inc/slide.php" "Mozilla/4.0 (compatible; MSIE 8.0; Windows NT 5.1; Trident/4.0; .NET CLR 1.1.4322; .NET CLR 2.0.50727; .NET CLR 3.0.4506.2152; .NET CLR 3.5.30729; OfficeLiveConnector.1.3; OfficeLivePatch.0.0; .NET4.0C)"
67.185.227.1 - - [12/Oct/2012:14:37:05 -0500] "GET /images/2.jpg HTTP/1.1" 200 170993 "http://operationspokaneheroes.org/_inc/slide.php" "Mozilla/4.0 (compatible; MSIE 8.0; Windows NT 5.1; Trident/4.0; .NET CLR 1.1.4322; .NET CLR 2.0.50727; .NET CLR 3.0.4506.2152; .NET CLR 3.5.30729; OfficeLiveConnector.1.3; OfficeLivePatch.0.0; .NET4.0C)"
67.185.227.1 - - [12/Oct/2012:14:37:05 -0500] "GET /images/1.jpg HTTP/1.1" 200 142489 "http://operationspokaneheroes.org/_inc/slide.php" "Mozilla/4.0 (compatible; MSIE 8.0; Windows NT 5.1; Trident/4.0; .NET CLR 1.1.4322; .NET CLR 2.0.50727; .NET CLR 3.0.4506.2152; .NET CLR 3.5.30729; OfficeLiveConnector.1.3; OfficeLivePatch.0.0; .NET4.0C)"
67.185.227.1 - - [12/Oct/2012:14:37:05 -0500] "GET /images/4.jpg HTTP/1.1" 200 186934 "http://operationspokaneheroes.org/_inc/slide.php" "Mozilla/4.0 (compatible; MSIE 8.0; Windows NT 5.1; Trident/4.0; .NET CLR 1.1.4322; .NET CLR 2.0.50727; .NET CLR 3.0.4506.2152; .NET CLR 3.5.30729; OfficeLiveConnector.1.3; OfficeLivePatch.0.0; .NET4.0C)"
67.185.227.1 - - [12/Oct/2012:14:37:05 -0500] "GET /images/3.jpg HTTP/1.1" 200 240733 "http://operationspokaneheroes.org/_inc/slide.php" "Mozilla/4.0 (compatible; MSIE 8.0; Windows NT 5.1; Trident/4.0; .NET CLR 1.1.4322; .NET CLR 2.0.50727; .NET CLR 3.0.4506.2152; .NET CLR 3.5.30729; OfficeLiveConnector.1.3; OfficeLivePatch.0.0; .NET4.0C)"
67.185.227.1 - - [12/Oct/2012:14:37:06 -0500] "GET /favicon.ico HTTP/1.1" 404 - "-" "Mozilla/4.0 (compatible; MSIE 8.0; Windows NT 5.1; Trident/4.0; .NET CLR 1.1.4322; .NET CLR 2.0.50727; .NET CLR 3.0.4506.2152; .NET CLR 3.5.30729; OfficeLiveConnector.1.3; OfficeLivePatch.0.0; .NET4.0C)"
65.55.24.214 - - [12/Oct/2012:14:54:29 -0500] "GET /robots.txt HTTP/1.1" 404 - "-" "Mozilla/5.0 (compatible; bingbot/2.0; +http://www.bing.com/bingbot.htm)"
18.150.2.60 - - [12/Oct/2012:15:12:28 -0500] "GET / HTTP/1.1" 200 10447 "-" "-"
65.55.24.214 - - [12/Oct/2012:15:20:18 -0500] "GET /_inc/events.php HTTP/1.1" 200 5967 "-" "Mozilla/5.0 (compatible; bingbot/2.0; +http://www.bing.com/bingbot.htm)"
92.249.127.111 - - [12/Oct/2012:16:15:14 -0500] "GET / HTTP/1.1" 200 10267 "http://www.farmadbcialis.com/" "Mozilla/5.0 (compatible; news bot /2.1)"
92.249.127.111 - - [12/Oct/2012:16:15:14 -0500] "GET / HTTP/1.1" 200 10267 "http://www.farmadbcialis.com/" "Mozilla/5.0 (compatible; news bot /2.1)"
69.171.228.247 - - [12/Oct/2012:17:10:00 -0500] "GET /images/global.png HTTP/1.1" 200 5737 "-" "facebookexternalhit/1.0 (+http://www.facebook.com/externalhit_uatext.php)"
220.181.108.142 - - [12/Oct/2012:17:10:03 -0500] "GET /images/facebook.png HTTP/1.1" 200 5004 "http://image.baidu.com/i?ct=503316480&z=0&tn=baiduimagedetail" "Baiduspider-image+(+http://www.baidu.com/search/spider.htm)"
213.186.127.12 - - [12/Oct/2012:17:33:13 -0500] "GET /pdf/Operation%20Wings%20of%20Hope%20-%20Kids.pdf HTTP/1.1" 200 34092 "-" "Mozilla/5.0 (compatible; AhrefsBot/3.1; +http://ahrefs.com/robot/)"
178.137.5.5 - - [12/Oct/2012:19:35:36 -0500] "GET / HTTP/1.1" 200 10447 "http://dtoil.ru/" "Mozilla/4.0 (compatible; MSIE 6.0; Windows NT 5.0)"
178.137.5.5 - - [12/Oct/2012:19:35:36 -0500] "GET / HTTP/1.1" 200 10267 "http://rosinvest.com/kurs" "Mozilla/4.0 (compatible; MSIE 5.0; Windows 3.1)"
178.137.5.5 - - [12/Oct/2012:19:35:37 -0500] "GET / HTTP/1.1" 200 10447 "http://rosinvest.com/kurs" "Mozilla/4.0 (compatible; MSIE 5.0; Windows 3.1)"
178.137.5.5 - - [12/Oct/2012:19:35:37 -0500] "GET / HTTP/1.1" 200 10267 "http://dtoil.ru/" "Mozilla/4.0 (compatible; MSIE 6.0; Windows NT 5.0)"
69.171.237.1 - - [12/Oct/2012:19:52:02 -0500] "GET /donate.php HTTP/1.1" 200 11589 "-" "facebookexternalhit/1.1 (+http://www.facebook.com/externalhit_uatext.php)"
180.76.5.61 - - [12/Oct/2012:20:06:15 -0500] "GET / HTTP/1.1" 200 10447 "-" "Mozilla/5.0 (compatible; Baiduspider/2.0; +http://www.baidu.com/search/spider.html)"
180.76.6.20 - - [12/Oct/2012:20:27:56 -0500] "GET /java_for_joes/index.html HTTP/1.1" 404 - "-" "Mozilla/5.0 (compatible; Baiduspider/2.0; +http://www.baidu.com/search/spider.html)"
66.249.73.133 - - [12/Oct/2012:20:29:07 -0500] "GET /robots.txt HTTP/1.1" 404 - "-" "Mozilla/5.0 (compatible; Googlebot/2.1; +http://www.google.com/bot.html)"
66.249.73.133 - - [12/Oct/2012:20:29:07 -0500] "GET /css/global.css HTTP/1.1" 200 13951 "-" "Mozilla/5.0 (compatible; Googlebot/2.1; +http://www.google.com/bot.html)"
66.249.73.133 - - [12/Oct/2012:20:29:13 -0500] "GET /css/footer.css HTTP/1.1" 200 752 "-" "Mozilla/5.0 (compatible; Googlebot/2.1; +http://www.google.com/bot.html)"
66.249.73.133 - - [12/Oct/2012:20:29:18 -0500] "GET /css/slide.css HTTP/1.1" 200 2869 "-" "Mozilla/5.0 (compatible; Googlebot/2.1; +http://www.google.com/bot.html)"
66.249.73.133 - - [12/Oct/2012:20:29:22 -0500] "GET /css/style_global.css HTTP/1.1" 200 2621 "-" "Mozilla/5.0 (compatible; Googlebot/2.1; +http://www.google.com/bot.html)"
66.249.73.133 - - [12/Oct/2012:20:29:26 -0500] "GET /slider.html HTTP/1.1" 200 8245 "-" "Mozilla/5.0 (compatible; Googlebot/2.1; +http://www.google.com/bot.html)"
66.249.73.133 - - [12/Oct/2012:20:29:29 -0500] "GET /js/combined.js HTTP/1.1" 200 169946 "-" "Mozilla/5.0 (compatible; Googlebot/2.1; +http://www.google.com/bot.html)"
66.249.73.133 - - [12/Oct/2012:20:29:32 -0500] "GET /images/free_clinic.png HTTP/1.1" 200 48993 "-" "Mozilla/5.0 (compatible; Googlebot/2.1; +http://www.google.com/bot.html)"
157.55.33.24 - - [12/Oct/2012:20:40:05 -0500] "GET /robots.txt HTTP/1.1" 404 - "-" "Mozilla/5.0 (compatible; bingbot/2.0; +http://www.bing.com/bingbot.htm)"
157.55.33.24 - - [12/Oct/2012:20:41:05 -0500] "GET / HTTP/1.1" 200 10447 "-" "Mozilla/5.0 (compatible; bingbot/2.0; +http://www.bing.com/bingbot.htm)"
66.249.73.133 - - [12/Oct/2012:20:49:02 -0500] "GET /images/freaky_farms.png HTTP/1.1" 200 20215 "http://operationspokaneheroes.org/slider.html" "Mozilla/5.0 (compatible; Googlebot/2.1; +http://www.google.com/bot.html)"
180.76.5.157 - - [12/Oct/2012:21:32:28 -0500] "GET /java_for_joes/index.html HTTP/1.1" 404 - "-" "Mozilla/5.0 (compatible; Baiduspider/2.0; +http://www.baidu.com/search/spider.html)"
95.168.172.156 - - [12/Oct/2012:21:36:14 -0500] "GET / HTTP/1.1" 200 10447 "http://psvita.ru/" "Mozilla/4.0 (MSIE 6.0; Windows NT 5.1; Search)"
95.168.172.156 - - [12/Oct/2012:21:36:15 -0500] "GET / HTTP/1.1" 200 10267 "http://psvita.ru/" "Mozilla/4.0 (MSIE 6.0; Windows NT 5.1; Search)"
123.125.71.15 - - [12/Oct/2012:22:13:01 -0500] "GET / HTTP/1.1" 200 10447 "-" "Mozilla/5.0 (compatible; Baiduspider/2.0; +http://www.baidu.com/search/spider.html)"
157.55.33.24 - - [12/Oct/2012:23:41:25 -0500] "GET /robots.txt HTTP/1.1" 404 - "-" "Mozilla/5.0 (compatible; bingbot/2.0; +http://www.bing.com/bingbot.htm)"
157.55.33.24 - - [12/Oct/2012:23:42:32 -0500] "GET /slider.html HTTP/1.1" 200 8245 "-" "Mozilla/5.0 (compatible; bingbot/2.0; +http://www.bing.com/bingbot.htm)"
66.249.73.102 - - [13/Oct/2012:00:01:11 -0500] "GET /robots.txt HTTP/1.1" 404 - "-" "Mozilla/5.0 (compatible; Googlebot/2.1; +http://www.google.com/bot.html)"
66.249.73.102 - - [13/Oct/2012:00:01:11 -0500] "GET / HTTP/1.1" 200 10447 "-" "Mozilla/5.0 (iPhone; U; CPU iPhone OS 4_1 like Mac OS X; en-us) AppleWebKit/532.9 (KHTML, like Gecko) Version/4.0.5 Mobile/8B117 Safari/6531.22.7 (compatible; Googlebot-Mobile/2.1; +http://www.google.com/bot.html)"
66.249.73.102 - - [13/Oct/2012:00:19:11 -0500] "GET /slider.html HTTP/1.1" 200 8245 "-" "Mozilla/5.0 (compatible; Googlebot/2.1; +http://www.google.com/bot.html)"
66.249.73.102 - - [13/Oct/2012:00:19:13 -0500] "GET /images/free_clinic.png HTTP/1.1" 200 48993 "-" "Mozilla/5.0 (compatible; Googlebot/2.1; +http://www.google.com/bot.html)"
66.249.73.102 - - [13/Oct/2012:00:23:22 -0500] "GET /images/freaky_farms.png HTTP/1.1" 200 20215 "http://www.operationspokaneheroes.org/slider.html" "Mozilla/5.0 (compatible; Googlebot/2.1; +http://www.google.com/bot.html)"
66.249.73.102 - - [13/Oct/2012:00:23:25 -0500] "GET /images/serving_served.jpg HTTP/1.1" 200 23042 "http://www.operationspokaneheroes.org/slider.html" "Mozilla/5.0 (compatible; Googlebot/2.1; +http://www.google.com/bot.html)"
132.79.9.16 - - [13/Oct/2012:01:39:00 -0500] "GET /_inc/slide.php HTTP/1.0" 200 3205 "-" "Mozilla/4.0 (compatible;)"
123.125.71.108 - - [13/Oct/2012:04:04:29 -0500] "GET /images/global.png HTTP/1.1" 200 5737 "http://image.baidu.com/i?ct=503316480&z=0&tn=baiduimagedetail" "Baiduspider-image+(+http://www.baidu.com/search/spider.htm)"
66.249.73.133 - - [13/Oct/2012:04:07:19 -0500] "GET /robots.txt HTTP/1.1" 404 - "-" "Mozilla/5.0 (compatible; Googlebot/2.1; +http://www.google.com/bot.html)"
66.249.73.133 - - [13/Oct/2012:04:07:20 -0500] "GET /pdf/Veterans%20Resource%20Fair.pdf HTTP/1.1" 304 - "-" "Mozilla/5.0 (compatible; Googlebot/2.1; +http://www.google.com/bot.html)"
66.220.152.3 - - [13/Oct/2012:04:51:40 -0500] "GET /index.php HTTP/1.1" 200 10447 "-" "facebookexternalhit/1.1 (+http://www.facebook.com/externalhit_uatext.php)"
173.199.120.67 - - [13/Oct/2012:05:03:12 -0500] "GET /robots.txt HTTP/1.1" 404 - "-" "Mozilla/5.0 (compatible; AhrefsBot/4.0; +http://ahrefs.com/robot/)"
157.56.94.158 - - [13/Oct/2012:05:11:53 -0500] "GET /robots.txt HTTP/1.1" 404 - "-" "msnbot/2.0b (+http://search.msn.com/msnbot.htm)"
157.56.94.158 - - [13/Oct/2012:05:11:53 -0500] "GET / HTTP/1.1" 200 10447 "-" "msnbot/2.0b (+http://search.msn.com/msnbot.htm)"
123.125.71.76 - - [13/Oct/2012:05:50:08 -0500] "GET /index.php HTTP/1.1" 200 10447 "-" "Mozilla/5.0 (compatible; Baiduspider/2.0; +http://www.baidu.com/search/spider.html)"
123.125.71.104 - - [13/Oct/2012:05:50:09 -0500] "GET / HTTP/1.1" 200 10447 "-" "Mozilla/5.0 (compatible; Baiduspider/2.0; +http://www.baidu.com/search/spider.html)"
173.199.120.67 - - [13/Oct/2012:06:13:11 -0500] "GET /robots.txt HTTP/1.1" 404 - "-" "Mozilla/5.0 (compatible; AhrefsBot/4.0; +http://ahrefs.com/robot/)"
46.229.160.208 - - [13/Oct/2012:06:59:03 -0500] "GET /pdf/Operation%20Wings%20of%20Hope.pdf HTTP/1.1" 200 52094 "-" "Mozilla/4.0 (compatible; MSIE 7.0; Windows NT 5.1)"
173.199.120.67 - - [13/Oct/2012:07:06:59 -0500] "GET /robots.txt HTTP/1.1" 404 - "-" "Mozilla/5.0 (compatible; AhrefsBot/4.0; +http://ahrefs.com/robot/)"
208.115.111.70 - - [13/Oct/2012:07:54:10 -0500] "GET /robots.txt HTTP/1.1" 404 - "-" "Mozilla/5.0 (compatible; Ezooms/1.0; ezooms.bot@gmail.com)"
173.199.120.67 - - [13/Oct/2012:08:12:59 -0500] "GET /robots.txt HTTP/1.1" 404 - "-" "Mozilla/5.0 (compatible; AhrefsBot/4.0; +http://ahrefs.com/robot/)"
157.56.94.158 - - [13/Oct/2012:08:30:21 -0500] "GET /index.php HTTP/1.1" 200 10447 "-" "msnbot/2.0b (+http://search.msn.com/msnbot.htm)"
157.56.94.158 - - [13/Oct/2012:08:30:27 -0500] "GET /contact.php HTTP/1.1" 200 10409 "-" "msnbot/2.0b (+http://search.msn.com/msnbot.htm)"
157.56.94.158 - - [13/Oct/2012:08:30:30 -0500] "GET /events.php HTTP/1.1" 200 6407 "-" "msnbot/2.0b (+http://search.msn.com/msnbot.htm)"
157.56.94.158 - - [13/Oct/2012:08:30:34 -0500] "GET /slider.html HTTP/1.1" 200 8245 "-" "msnbot/2.0b (+http://search.msn.com/msnbot.htm)"
157.56.94.158 - - [13/Oct/2012:08:30:35 -0500] "GET /calendar.php HTTP/1.1" 200 10599 "-" "msnbot/2.0b (+http://search.msn.com/msnbot.htm)"
157.56.94.158 - - [13/Oct/2012:08:30:44 -0500] "GET /_inc/slide.php HTTP/1.1" 200 3205 "-" "msnbot/2.0b (+http://search.msn.com/msnbot.htm)"
157.56.94.158 - - [13/Oct/2012:08:30:46 -0500] "GET /business.php HTTP/1.1" 200 10703 "-" "msnbot/2.0b (+http://search.msn.com/msnbot.htm)"
157.56.94.158 - - [13/Oct/2012:08:30:49 -0500] "GET /aboutus.php HTTP/1.1" 200 11557 "-" "msnbot/2.0b (+http://search.msn.com/msnbot.htm)"
157.56.94.158 - - [13/Oct/2012:08:30:52 -0500] "GET /donate.php HTTP/1.1" 200 11589 "-" "msnbot/2.0b (+http://search.msn.com/msnbot.htm)"
173.199.120.67 - - [13/Oct/2012:09:06:16 -0500] "GET /robots.txt HTTP/1.1" 404 - "-" "Mozilla/5.0 (compatible; AhrefsBot/4.0; +http://ahrefs.com/robot/)"
180.76.5.49 - - [13/Oct/2012:09:23:48 -0500] "GET /business.php HTTP/1.1" 200 10703 "-" "Mozilla/5.0 (compatible; Baiduspider/2.0; +http://www.baidu.com/search/spider.html)"
208.115.111.70 - - [13/Oct/2012:09:26:32 -0500] "GET /business.php HTTP/1.1" 200 10703 "-" "Mozilla/5.0 (compatible; Ezooms/1.0; ezooms.bot@gmail.com)"
173.199.120.67 - - [13/Oct/2012:10:00:36 -0500] "GET /robots.txt HTTP/1.1" 404 - "-" "Mozilla/5.0 (compatible; AhrefsBot/4.0; +http://ahrefs.com/robot/)"
100.43.83.155 - - [13/Oct/2012:10:07:36 -0500] "GET /robots.txt HTTP/1.1" 404 - "-" "Mozilla/5.0 (compatible; YandexBot/3.0; +http://yandex.com/bots)"
157.55.33.253 - - [13/Oct/2012:10:10:35 -0500] "GET /robots.txt HTTP/1.1" 404 - "-" "Mozilla/5.0 (compatible; bingbot/2.0; +http://www.bing.com/bingbot.htm)"
157.55.33.253 - - [13/Oct/2012:10:25:07 -0500] "GET /pdf/CarrouselPoster.pdf HTTP/1.1" 404 - "-" "Mozilla/5.0 (compatible; bingbot/2.0; +http://www.bing.com/bingbot.htm)"
95.108.150.235 - - [13/Oct/2012:10:35:32 -0500] "GET /robots.txt HTTP/1.1" 404 - "-" "Mozilla/5.0 (compatible; YandexBot/3.0; +http://yandex.com/bots)"
95.108.150.235 - - [13/Oct/2012:10:35:32 -0500] "GET /robots.txt HTTP/1.1" 404 - "-" "Mozilla/5.0 (compatible; YandexBot/3.0; +http://yandex.com/bots)"
95.108.150.235 - - [13/Oct/2012:10:35:33 -0500] "GET / HTTP/1.1" 200 10447 "-" "Mozilla/5.0 (compatible; YandexBot/3.0; +http://yandex.com/bots)"
95.108.150.235 - - [13/Oct/2012:10:35:33 -0500] "GET / HTTP/1.1" 200 10447 "-" "Mozilla/5.0 (compatible; YandexBot/3.0; +http://yandex.com/bots)"
