174.61.145.156 - - [06/Mar/2013:20:41:55 -0600] "GET /favicon.ico HTTP/1.1" 404 - "-" "Mozilla/5.0 (Windows NT 6.1; WOW64) AppleWebKit/537.22 (KHTML, like Gecko) Chrome/25.0.1364.152 Safari/537.22"
202.46.60.18 - - [06/Mar/2013:21:15:51 -0600] "GET / HTTP/1.1" 200 10513 "-" "Mozilla/4.0 (compatible; MSIE 7.0; Windows NT 6.0)"
119.63.193.130 - - [06/Mar/2013:21:17:15 -0600] "GET / HTTP/1.1" 200 10513 "-" "Mozilla/4.0 (compatible; MSIE 7.0; Windows NT 6.0)"
173.199.119.35 - - [06/Mar/2013:21:50:32 -0600] "GET /contact.php HTTP/1.1" 200 10519 "-" "Mozilla/5.0 (compatible; AhrefsBot/4.0; +http://ahrefs.com/robot/)"
66.249.74.106 - - [06/Mar/2013:21:51:38 -0600] "GET /donate.php HTTP/1.1" 200 11699 "-" "Mozilla/5.0 (iPhone; U; CPU iPhone OS 4_1 like Mac OS X; en-us) AppleWebKit/532.9 (KHTML, like Gecko) Version/4.0.5 Mobile/8B117 Safari/6531.22.7 (compatible; Googlebot-Mobile/2.1; +http://www.google.com/bot.html)"
65.55.215.239 - - [06/Mar/2013:22:04:36 -0600] "GET / HTTP/1.1" 200 10513 "-" "Mozilla/4.0 (compatible; MSIE 7.0; Windows NT 5.1;  SLCC1;  .NET CLR 1.1.4322;  .NET CLR 2.0.50727)"
65.55.215.239 - - [06/Mar/2013:22:04:37 -0600] "GET /css/global.css HTTP/1.1" 200 13951 "http://operationspokaneheroes.org/" "Mozilla/4.0 (compatible; MSIE 7.0; Windows NT 5.1;  SLCC1;  .NET CLR 1.1.4322;  .NET CLR 2.0.50727)"
65.55.215.239 - - [06/Mar/2013:22:04:38 -0600] "GET /css/footer.css HTTP/1.1" 200 752 "http://operationspokaneheroes.org/" "Mozilla/4.0 (compatible; MSIE 7.0; Windows NT 5.1;  SLCC1;  .NET CLR 1.1.4322;  .NET CLR 2.0.50727)"
65.55.215.239 - - [06/Mar/2013:22:04:38 -0600] "GET /_inc/slide.php HTTP/1.1" 200 3205 "http://operationspokaneheroes.org/" "Mozilla/4.0 (compatible; MSIE 7.0; Windows NT 5.1;  SLCC1;  .NET CLR 1.1.4322;  .NET CLR 2.0.50727)"
65.55.215.239 - - [06/Mar/2013:22:04:40 -0600] "GET /slider/index.html HTTP/1.1" 200 2395 "http://operationspokaneheroes.org/" "Mozilla/4.0 (compatible; MSIE 7.0; Windows NT 5.1;  SLCC1;  .NET CLR 1.1.4322;  .NET CLR 2.0.50727)"
65.55.215.239 - - [06/Mar/2013:22:04:41 -0600] "GET /css/slide.css HTTP/1.1" 200 2869 "http://operationspokaneheroes.org/_inc/slide.php" "Mozilla/4.0 (compatible; MSIE 7.0; Windows NT 5.1;  SLCC1;  .NET CLR 1.1.4322;  .NET CLR 2.0.50727)"
65.55.215.239 - - [06/Mar/2013:22:04:41 -0600] "GET /css/style_global.css HTTP/1.1" 200 2621 "http://operationspokaneheroes.org/_inc/slide.php" "Mozilla/4.0 (compatible; MSIE 7.0; Windows NT 5.1;  SLCC1;  .NET CLR 1.1.4322;  .NET CLR 2.0.50727)"
65.55.215.239 - - [06/Mar/2013:22:04:41 -0600] "GET /js/combined.js HTTP/1.1" 200 169946 "http://operationspokaneheroes.org/_inc/slide.php" "Mozilla/4.0 (compatible; MSIE 7.0; Windows NT 5.1;  SLCC1;  .NET CLR 1.1.4322;  .NET CLR 2.0.50727)"
65.55.215.239 - - [06/Mar/2013:22:04:41 -0600] "GET /slider/css/style.css HTTP/1.1" 200 1376 "http://operationspokaneheroes.org/slider/index.html" "Mozilla/4.0 (compatible; MSIE 7.0; Windows NT 5.1;  SLCC1;  .NET CLR 1.1.4322;  .NET CLR 2.0.50727)"
65.55.215.239 - - [06/Mar/2013:22:04:41 -0600] "GET /slider/js/jquery-1.2.6.js HTTP/1.1" 200 100196 "http://operationspokaneheroes.org/slider/index.html" "Mozilla/4.0 (compatible; MSIE 7.0; Windows NT 5.1;  SLCC1;  .NET CLR 1.1.4322;  .NET CLR 2.0.50727)"
65.55.215.239 - - [06/Mar/2013:22:04:42 -0600] "GET /slider/js/startstop-slider.js HTTP/1.1" 200 1737 "http://operationspokaneheroes.org/slider/index.html" "Mozilla/4.0 (compatible; MSIE 7.0; Windows NT 5.1;  SLCC1;  .NET CLR 1.1.4322;  .NET CLR 2.0.50727)"
38.100.21.65 - - [06/Mar/2013:22:10:45 -0600] "GET / HTTP/1.1" 200 10513 "-" "Mozilla/4.0 (compatible; MSIE 7.0; Windows NT 5.2)"
38.100.21.65 - - [06/Mar/2013:22:10:45 -0600] "GET /aboutus.php HTTP/1.1" 200 11667 "-" "Mozilla/4.0 (compatible; MSIE 7.0; Windows NT 5.2)"
38.100.21.65 - - [06/Mar/2013:22:10:45 -0600] "GET /contact.php HTTP/1.1" 200 10519 "-" "Mozilla/4.0 (compatible; MSIE 7.0; Windows NT 5.2)"
38.100.21.65 - - [06/Mar/2013:22:10:45 -0600] "GET /_inc/slide.php HTTP/1.1" 200 3205 "-" "Mozilla/4.0 (compatible; MSIE 7.0; Windows NT 5.2)"
38.100.21.65 - - [06/Mar/2013:22:10:46 -0600] "GET /index.php HTTP/1.1" 200 10513 "-" "Mozilla/4.0 (compatible; MSIE 7.0; Windows NT 5.2)"
38.100.21.65 - - [06/Mar/2013:22:10:46 -0600] "GET /events.php HTTP/1.1" 200 6407 "-" "Mozilla/4.0 (compatible; MSIE 7.0; Windows NT 5.2)"
38.100.21.65 - - [06/Mar/2013:22:10:46 -0600] "GET /slider/index.html HTTP/1.1" 200 2395 "-" "Mozilla/4.0 (compatible; MSIE 7.0; Windows NT 5.2)"
38.100.21.65 - - [06/Mar/2013:22:10:46 -0600] "GET /css/footer.css HTTP/1.1" 200 752 "-" "Mozilla/4.0 (compatible; MSIE 7.0; Windows NT 5.2)"
38.100.21.65 - - [06/Mar/2013:22:10:46 -0600] "GET /donate.php HTTP/1.1" 200 11699 "-" "Mozilla/4.0 (compatible; MSIE 7.0; Windows NT 5.2)"
38.100.21.65 - - [06/Mar/2013:22:10:46 -0600] "GET /css/global.css HTTP/1.1" 200 13951 "-" "Mozilla/4.0 (compatible; MSIE 7.0; Windows NT 5.2)"
38.100.21.65 - - [06/Mar/2013:22:10:46 -0600] "GET /business.php HTTP/1.1" 200 10813 "-" "Mozilla/4.0 (compatible; MSIE 7.0; Windows NT 5.2)"
66.249.74.107 - - [06/Mar/2013:22:22:53 -0600] "GET /css/slide.css HTTP/1.1" 200 2869 "-" "Mozilla/5.0 (compatible; Googlebot/2.1; +http://www.google.com/bot.html)"
66.249.74.80 - - [06/Mar/2013:22:22:54 -0600] "GET /css/style_global.css HTTP/1.1" 200 2621 "-" "Mozilla/5.0 (compatible; Googlebot/2.1; +http://www.google.com/bot.html)"
66.249.74.73 - - [06/Mar/2013:22:22:54 -0600] "GET /css/footer.css HTTP/1.1" 200 752 "-" "Mozilla/5.0 (compatible; Googlebot/2.1; +http://www.google.com/bot.html)"
66.249.74.79 - - [06/Mar/2013:22:22:54 -0600] "GET /css/global.css HTTP/1.1" 200 13951 "-" "Mozilla/5.0 (compatible; Googlebot/2.1; +http://www.google.com/bot.html)"
65.55.213.44 - - [06/Mar/2013:22:25:10 -0600] "GET /business.php HTTP/1.1" 200 10813 "-" "Mozilla/4.0 (compatible; MSIE 7.0; Windows NT 5.1;  SLCC1;  .NET CLR 1.1.4322)"
65.55.213.44 - - [06/Mar/2013:22:25:11 -0600] "GET /css/global.css HTTP/1.1" 200 13951 "http://operationspokaneheroes.org/business.php" "Mozilla/4.0 (compatible; MSIE 7.0; Windows NT 5.1;  SLCC1;  .NET CLR 1.1.4322)"
65.55.213.44 - - [06/Mar/2013:22:25:11 -0600] "GET /css/footer.css HTTP/1.1" 200 752 "http://operationspokaneheroes.org/business.php" "Mozilla/4.0 (compatible; MSIE 7.0; Windows NT 5.1;  SLCC1;  .NET CLR 1.1.4322)"
65.55.213.44 - - [06/Mar/2013:22:25:13 -0600] "GET /_inc/slide.php HTTP/1.1" 200 3205 "http://operationspokaneheroes.org/business.php" "Mozilla/4.0 (compatible; MSIE 7.0; Windows NT 5.1;  SLCC1;  .NET CLR 1.1.4322)"
65.55.213.44 - - [06/Mar/2013:22:25:16 -0600] "GET /css/slide.css HTTP/1.1" 200 2869 "http://operationspokaneheroes.org/_inc/slide.php" "Mozilla/4.0 (compatible; MSIE 7.0; Windows NT 5.1;  SLCC1;  .NET CLR 1.1.4322)"
65.55.213.44 - - [06/Mar/2013:22:25:16 -0600] "GET /css/style_global.css HTTP/1.1" 200 2621 "http://operationspokaneheroes.org/_inc/slide.php" "Mozilla/4.0 (compatible; MSIE 7.0; Windows NT 5.1;  SLCC1;  .NET CLR 1.1.4322)"
65.55.213.44 - - [06/Mar/2013:22:25:16 -0600] "GET /js/combined.js HTTP/1.1" 200 169946 "http://operationspokaneheroes.org/_inc/slide.php" "Mozilla/4.0 (compatible; MSIE 7.0; Windows NT 5.1;  SLCC1;  .NET CLR 1.1.4322)"
123.151.148.190 - - [06/Mar/2013:22:32:50 -0600] "GET / HTTP/1.1" 200 10513 "-" "Sosospider+(+http://help.soso.com/webspider.htm)"
123.151.148.190 - - [06/Mar/2013:22:33:11 -0600] "GET /slider/index.html HTTP/1.1" 200 2395 "http://operationspokaneheroes.org/" "Sosospider+(+http://help.soso.com/webspider.htm)"
123.151.148.190 - - [06/Mar/2013:22:33:21 -0600] "GET /css/footer.css HTTP/1.1" 200 752 "http://operationspokaneheroes.org/" "Sosospider+(+http://help.soso.com/webspider.htm)"
123.151.148.190 - - [06/Mar/2013:22:33:31 -0600] "GET /_inc/slide.php HTTP/1.1" 200 3205 "http://operationspokaneheroes.org/" "Sosospider+(+http://help.soso.com/webspider.htm)"
66.249.74.5 - - [06/Mar/2013:22:37:53 -0600] "GET /robots.txt HTTP/1.1" 404 - "-" "Mozilla/5.0 (compatible; Googlebot/2.1; +http://www.google.com/bot.html)"
66.249.74.1 - - [06/Mar/2013:22:37:53 -0600] "GET /aboutus.php HTTP/1.1" 200 11667 "-" "Mozilla/5.0 (iPhone; U; CPU iPhone OS 4_1 like Mac OS X; en-us) AppleWebKit/532.9 (KHTML, like Gecko) Version/4.0.5 Mobile/8B117 Safari/6531.22.7 (compatible; Googlebot-Mobile/2.1; +http://www.google.com/bot.html)"
173.199.119.35 - - [06/Mar/2013:22:48:30 -0600] "GET /contact.php HTTP/1.1" 200 10519 "-" "Mozilla/5.0 (compatible; AhrefsBot/4.0; +http://ahrefs.com/robot/)"
173.199.119.35 - - [06/Mar/2013:23:25:01 -0600] "GET /_inc/slide.php HTTP/1.1" 200 3205 "-" "Mozilla/5.0 (compatible; AhrefsBot/4.0; +http://ahrefs.com/robot/)"
54.224.22.220 - - [07/Mar/2013:00:12:58 -0600] "GET / HTTP/1.1" 200 10513 "-" "Mozilla/5.0 (Windows; U; Windows NT 6.0; en-US; rv:1.9.2.3) Gecko/20100401 Firefox/3.6.3 GTB6 (.NET CLR 3.5.30729)"
173.199.119.35 - - [07/Mar/2013:00:15:57 -0600] "GET /pdf/Cellphones%20for%20Soldiers%20press%20release.pdf HTTP/1.1" 404 - "-" "Mozilla/5.0 (compatible; AhrefsBot/4.0; +http://ahrefs.com/robot/)"
199.21.99.103 - - [07/Mar/2013:00:44:57 -0600] "GET /robots.txt HTTP/1.1" 404 - "-" "Mozilla/5.0 (compatible; YandexBot/3.0; +http://yandex.com/bots)"
208.115.113.86 - - [07/Mar/2013:00:53:49 -0600] "GET /robots.txt HTTP/1.1" 404 - "-" "Mozilla/5.0 (compatible; Ezooms/1.0; ezooms.bot@gmail.com)"
199.21.99.103 - - [07/Mar/2013:01:09:13 -0600] "GET /aboutus.php HTTP/1.1" 200 11667 "-" "Mozilla/5.0 (compatible; YandexBot/3.0; +http://yandex.com/bots)"
157.55.32.86 - - [07/Mar/2013:01:23:26 -0600] "GET /robots.txt HTTP/1.1" 404 - "-" "Mozilla/5.0 (compatible; bingbot/2.0; +http://www.bing.com/bingbot.htm)"
157.55.32.86 - - [07/Mar/2013:01:25:16 -0600] "GET /contact.php HTTP/1.1" 200 10519 "-" "Mozilla/5.0 (compatible; bingbot/2.0; +http://www.bing.com/bingbot.htm)"
208.115.113.86 - - [07/Mar/2013:02:01:00 -0600] "GET /benefits.php HTTP/1.1" 404 - "-" "Mozilla/5.0 (compatible; Ezooms/1.0; ezooms.bot@gmail.com)"
173.199.119.35 - - [07/Mar/2013:02:54:25 -0600] "GET /donate.php HTTP/1.1" 200 11699 "-" "Mozilla/5.0 (compatible; AhrefsBot/4.0; +http://ahrefs.com/robot/)"
204.12.214.162 - - [07/Mar/2013:02:54:44 -0600] "GET /robots.txt HTTP/1.0" 404 - "-" "Mozilla/5.0 (compatible; MJ12bot/v1.4.3; http://www.majestic12.co.uk/bot.php?+)"
204.12.214.162 - - [07/Mar/2013:02:54:46 -0600] "GET /java_for_joes/index.html HTTP/1.0" 404 - "-" "Mozilla/5.0 (compatible; MJ12bot/v1.4.3; http://www.majestic12.co.uk/bot.php?+)"
208.115.111.70 - - [07/Mar/2013:02:59:08 -0600] "GET /robots.txt HTTP/1.1" 404 - "-" "Mozilla/5.0 (compatible; Ezooms/1.0; ezooms.bot@gmail.com)"
94.153.64.117 - - [07/Mar/2013:03:16:49 -0600] "GET / HTTP/1.1" 200 10513 "http://splavmed.ru/" "Mozilla/1.22 (compatible; MSIE 2.0d; Windows NT)"
94.153.64.117 - - [07/Mar/2013:03:16:50 -0600] "GET / HTTP/1.1" 200 10513 "http://splavmed.ru/" "Mozilla/1.22 (compatible; MSIE 2.0d; Windows NT)"
94.153.64.117 - - [07/Mar/2013:03:16:51 -0600] "GET / HTTP/1.1" 200 10513 "http://splavmed.ru/" "Mozilla/1.22 (compatible; MSIE 2.0d; Windows NT)"
157.55.32.146 - - [07/Mar/2013:03:29:08 -0600] "GET /robots.txt HTTP/1.1" 404 - "-" "Mozilla/5.0 (compatible; bingbot/2.0; +http://www.bing.com/bingbot.htm)"
157.55.32.146 - - [07/Mar/2013:03:30:44 -0600] "GET /events/bbq/va_bbq.html HTTP/1.1" 304 - "-" "Mozilla/5.0 (compatible; bingbot/2.0; +http://www.bing.com/bingbot.htm)"
66.249.74.66 - - [07/Mar/2013:03:35:16 -0600] "GET /robots.txt HTTP/1.1" 404 - "-" "Mozilla/5.0 (compatible; Googlebot/2.1; +http://www.google.com/bot.html)"
220.181.108.115 - - [07/Mar/2013:03:37:48 -0600] "GET / HTTP/1.1" 200 10513 "-" "Mozilla/5.0 (compatible; Baiduspider/2.0; +http://www.baidu.com/search/spider.html)"
208.115.111.70 - - [07/Mar/2013:03:59:48 -0600] "GET /calendar.php HTTP/1.1" 200 10730 "-" "Mozilla/5.0 (compatible; Ezooms/1.0; ezooms.bot@gmail.com)"
173.199.119.35 - - [07/Mar/2013:05:38:38 -0600] "GET /_inc/contact.php HTTP/1.1" 200 756 "-" "Mozilla/5.0 (compatible; AhrefsBot/4.0; +http://ahrefs.com/robot/)"
199.21.99.103 - - [07/Mar/2013:05:49:54 -0600] "GET /robots.txt HTTP/1.1" 404 - "-" "Mozilla/5.0 (compatible; YandexBot/3.0; +http://yandex.com/bots)"
123.151.148.190 - - [07/Mar/2013:06:24:29 -0600] "GET / HTTP/1.1" 200 10513 "-" "Sosospider+(+http://help.soso.com/webspider.htm)"
157.55.35.80 - - [07/Mar/2013:06:36:51 -0600] "GET /robots.txt HTTP/1.1" 404 - "-" "Mozilla/5.0 (compatible; bingbot/2.0; +http://www.bing.com/bingbot.htm)"
157.55.35.80 - - [07/Mar/2013:06:38:13 -0600] "GET / HTTP/1.1" 200 10513 "-" "Mozilla/5.0 (compatible; bingbot/2.0; +http://www.bing.com/bingbot.htm)"
173.199.119.35 - - [07/Mar/2013:07:47:05 -0600] "GET /donate.php HTTP/1.1" 200 11699 "-" "Mozilla/5.0 (compatible; AhrefsBot/4.0; +http://ahrefs.com/robot/)"
66.249.74.224 - - [07/Mar/2013:07:49:22 -0600] "GET / HTTP/1.1" 200 10513 "-" "SAMSUNG-SGH-E250/1.0 Profile/MIDP-2.0 Configuration/CLDC-1.1 UP.Browser/6.2.3.3.c.1.101 (GUI) MMP/2.0 (compatible; Googlebot-Mobile/2.1; +http://www.google.com/bot.html)"
38.101.148.120 - - [07/Mar/2013:07:53:03 -0600] "GET /robots.txt HTTP/1.1" 404 - "-" "Mozilla/5.0 (compatible; discoverybot/2.0; +http://discoveryengine.com/discoverybot.html)"
38.101.148.120 - - [07/Mar/2013:07:53:06 -0600] "GET / HTTP/1.1" 200 10513 "-" "Mozilla/5.0 (compatible; discoverybot/2.0; +http://discoveryengine.com/discoverybot.html)"
94.153.64.117 - - [07/Mar/2013:08:05:56 -0600] "GET / HTTP/1.1" 200 10513 "http://stavkisport.ru/" "Mozilla/4.0 (compatible; MSIE 6.0; America Online Browser 1.1; rev1.2; Windows NT 5.1; SV1; .NET CLR 1.1.4322)"
94.153.64.117 - - [07/Mar/2013:08:05:57 -0600] "GET / HTTP/1.1" 200 10513 "http://stavkisport.ru/" "Mozilla/4.0 (compatible; MSIE 6.0; America Online Browser 1.1; rev1.2; Windows NT 5.1; SV1; .NET CLR 1.1.4322)"
94.153.64.117 - - [07/Mar/2013:08:05:58 -0600] "GET / HTTP/1.1" 200 10513 "http://stavkisport.ru/" "Mozilla/4.0 (compatible; MSIE 6.0; America Online Browser 1.1; rev1.2; Windows NT 5.1; SV1; .NET CLR 1.1.4322)"
91.207.9.226 - - [07/Mar/2013:08:27:47 -0600] "GET / HTTP/1.1" 200 10513 "http://moscow-clining.ru/" "Mozilla/4.0 (compatible; MSIE 6.0; Windows NT 5.1; Maxthon; .NET CLR 1.1.4322)"
91.207.9.226 - - [07/Mar/2013:08:27:47 -0600] "GET / HTTP/1.1" 200 10513 "http://t-android.ru/" "Mozilla/4.0 (compatible; MSIE 6.0; Windows NT 5.1; Maxthon; .NET CLR 1.1.4322)"
91.207.9.226 - - [07/Mar/2013:08:27:47 -0600] "GET / HTTP/1.1" 200 10513 "http://android-plus.ru/" "Mozilla/4.0 (compatible; MSIE 6.0; Windows NT 5.1; Maxthon; .NET CLR 1.1.4322)"
91.207.9.226 - - [07/Mar/2013:08:27:48 -0600] "GET / HTTP/1.1" 200 10513 "http://moscow-clining.ru/" "Mozilla/4.0 (compatible; MSIE 6.0; Windows NT 5.1; Maxthon; .NET CLR 1.1.4322)"
91.207.9.226 - - [07/Mar/2013:08:27:48 -0600] "GET / HTTP/1.1" 200 10513 "http://t-android.ru/" "Mozilla/4.0 (compatible; MSIE 6.0; Windows NT 5.1; Maxthon; .NET CLR 1.1.4322)"
91.207.9.226 - - [07/Mar/2013:08:27:48 -0600] "GET / HTTP/1.1" 200 10513 "http://android-plus.ru/" "Mozilla/4.0 (compatible; MSIE 6.0; Windows NT 5.1; Maxthon; .NET CLR 1.1.4322)"
91.207.9.226 - - [07/Mar/2013:08:27:49 -0600] "GET / HTTP/1.1" 200 10513 "http://t-android.ru/" "Mozilla/4.0 (compatible; MSIE 6.0; Windows NT 5.1; Maxthon; .NET CLR 1.1.4322)"
91.207.9.226 - - [07/Mar/2013:08:27:49 -0600] "GET / HTTP/1.1" 200 10513 "http://android-plus.ru/" "Mozilla/4.0 (compatible; MSIE 6.0; Windows NT 5.1; Maxthon; .NET CLR 1.1.4322)"
91.207.9.226 - - [07/Mar/2013:08:27:49 -0600] "GET / HTTP/1.1" 200 10333 "http://moscow-clining.ru/" "Mozilla/4.0 (compatible; MSIE 6.0; Windows NT 5.1; Maxthon; .NET CLR 1.1.4322)"
182.118.21.239 - - [07/Mar/2013:09:06:13 -0600] "GET / HTTP/1.1" 200 10513 "http://www.operationspokaneheroes.org/" "Mozilla/5.0 (Windows; U; Windows NT 5.1; zh-CN; rv:1.8.0.11) Gecko/20070312 Firefox/1.5.0.11; 360Spider"
180.76.5.100 - - [07/Mar/2013:10:25:21 -0600] "GET / HTTP/1.1" 200 10513 "-" "Mozilla/5.0 (compatible; Baiduspider/2.0; +http://www.baidu.com/search/spider.html)"
173.199.119.35 - - [07/Mar/2013:11:43:16 -0600] "GET /calendar.php HTTP/1.1" 200 10730 "-" "Mozilla/5.0 (compatible; AhrefsBot/4.0; +http://ahrefs.com/robot/)"
173.199.119.35 - - [07/Mar/2013:12:07:29 -0600] "GET /calendar.php HTTP/1.1" 200 10730 "-" "Mozilla/5.0 (compatible; AhrefsBot/4.0; +http://ahrefs.com/robot/)"
173.199.119.35 - - [07/Mar/2013:13:40:57 -0600] "GET /events/carousel_11/carousel_11.html HTTP/1.1" 200 3712 "-" "Mozilla/5.0 (compatible; AhrefsBot/4.0; +http://ahrefs.com/robot/)"
38.101.148.120 - - [07/Mar/2013:13:41:17 -0600] "GET /robots.txt HTTP/1.1" 404 - "-" "Mozilla/5.0 (compatible; discoverybot/2.0; +http://discoveryengine.com/discoverybot.html)"
38.101.148.120 - - [07/Mar/2013:13:41:19 -0600] "GET / HTTP/1.1" 200 10513 "-" "Mozilla/5.0 (compatible; discoverybot/2.0; +http://discoveryengine.com/discoverybot.html)"
123.151.148.190 - - [07/Mar/2013:14:23:01 -0600] "GET / HTTP/1.1" 200 10513 "-" "Sosospider+(+http://help.soso.com/webspider.htm)"
178.137.92.96 - - [07/Mar/2013:14:38:51 -0600] "GET / HTTP/1.1" 200 10513 "http://3gp-xxx.net/" "Mozilla/4.0 (compatible; MSIE 6.0; Windows NT 5.1; SV1; FunWebProducts; .NET CLR 1.1.4322; PeoplePal 6.2)"
178.137.92.96 - - [07/Mar/2013:14:38:51 -0600] "GET / HTTP/1.1" 200 10513 "http://www.a-tg.ru/" "Mozilla/4.0 (compatible; MSIE 5.5; Windows NT 5.0; T312461)"
178.137.92.96 - - [07/Mar/2013:14:38:52 -0600] "GET / HTTP/1.1" 200 10513 "http://www.a-tg.ru/" "Mozilla/4.0 (compatible; MSIE 5.5; Windows NT 5.0; T312461)"
178.137.92.96 - - [07/Mar/2013:14:38:52 -0600] "GET / HTTP/1.1" 200 10513 "http://3gp-xxx.net/" "Mozilla/4.0 (compatible; MSIE 6.0; Windows NT 5.1; SV1; FunWebProducts; .NET CLR 1.1.4322; PeoplePal 6.2)"
178.137.92.96 - - [07/Mar/2013:14:38:53 -0600] "GET / HTTP/1.1" 200 10513 "http://www.a-tg.ru/" "Mozilla/4.0 (compatible; MSIE 5.5; Windows NT 5.0; T312461)"
178.137.92.96 - - [07/Mar/2013:14:38:53 -0600] "GET / HTTP/1.1" 200 10513 "http://3gp-xxx.net/" "Mozilla/4.0 (compatible; MSIE 6.0; Windows NT 5.1; SV1; FunWebProducts; .NET CLR 1.1.4322; PeoplePal 6.2)"
91.207.4.186 - - [07/Mar/2013:15:15:11 -0600] "GET / HTTP/1.1" 200 10513 "http://www.uasexphone.com/" "Mozilla/4.0 (compatible; MSIE 6.0; Windows NT 5.2; Win64; AMD64)"
91.207.4.186 - - [07/Mar/2013:15:15:11 -0600] "GET / HTTP/1.1" 200 10513 "http://www.uasexphone.com/" "Mozilla/4.0 (compatible; MSIE 6.0; Windows NT 5.2; Win64; AMD64)"
91.207.4.186 - - [07/Mar/2013:15:15:13 -0600] "GET / HTTP/1.1" 200 10513 "http://www.uasexphone.com/" "Mozilla/4.0 (compatible; MSIE 6.0; Windows NT 5.2; Win64; AMD64)"
66.249.74.202 - - [07/Mar/2013:15:38:16 -0600] "GET /robots.txt HTTP/1.1" 404 - "-" "Mozilla/5.0 (compatible; Googlebot/2.1; +http://www.google.com/bot.html)"
66.249.74.235 - - [07/Mar/2013:15:38:16 -0600] "GET /business.php HTTP/1.1" 200 10813 "-" "Mozilla/5.0 (iPhone; U; CPU iPhone OS 4_1 like Mac OS X; en-us) AppleWebKit/532.9 (KHTML, like Gecko) Version/4.0.5 Mobile/8B117 Safari/6531.22.7 (compatible; Googlebot-Mobile/2.1; +http://www.google.com/bot.html)"
199.21.99.103 - - [07/Mar/2013:16:23:17 -0600] "GET / HTTP/1.1" 200 10513 "-" "Mozilla/5.0 (compatible; YandexBot/3.0; +http://yandex.com/bots)"
199.21.99.103 - - [07/Mar/2013:16:24:07 -0600] "GET /contact.php HTTP/1.1" 200 10519 "-" "Mozilla/5.0 (compatible; YandexBot/3.0; +http://yandex.com/bots)"
199.21.99.103 - - [07/Mar/2013:16:29:45 -0600] "GET /slider/index.html HTTP/1.1" 200 2395 "-" "Mozilla/5.0 (compatible; YandexBot/3.0; +http://yandex.com/bots)"
202.46.61.31 - - [07/Mar/2013:16:37:24 -0600] "GET / HTTP/1.1" 200 10513 "-" "Mozilla/4.0 (compatible; MSIE 7.0; Windows NT 6.0)"
119.63.193.132 - - [07/Mar/2013:16:37:25 -0600] "GET / HTTP/1.1" 200 10513 "-" "Mozilla/4.0 (compatible; MSIE 7.0; Windows NT 6.0)"
208.115.113.86 - - [07/Mar/2013:16:49:23 -0600] "GET /robots.txt HTTP/1.1" 404 - "-" "Mozilla/5.0 (compatible; Ezooms/1.0; ezooms.bot@gmail.com)"
199.21.99.103 - - [07/Mar/2013:16:56:57 -0600] "GET /index.php HTTP/1.1" 200 10513 "-" "Mozilla/5.0 (compatible; YandexBot/3.0; +http://yandex.com/bots)"
199.21.99.103 - - [07/Mar/2013:17:50:53 -0600] "GET /robots.txt HTTP/1.1" 404 - "-" "Mozilla/5.0 (compatible; YandexBot/3.0; +http://yandex.com/bots)"
208.115.113.86 - - [07/Mar/2013:18:00:25 -0600] "GET /business.php HTTP/1.1" 200 10813 "-" "Mozilla/5.0 (compatible; Ezooms/1.0; ezooms.bot@gmail.com)"
173.199.119.35 - - [07/Mar/2013:18:20:17 -0600] "GET /events/vet_picnic/vet_picnic.html HTTP/1.1" 200 3163 "-" "Mozilla/5.0 (compatible; AhrefsBot/4.0; +http://ahrefs.com/robot/)"
91.207.9.226 - - [07/Mar/2013:18:27:03 -0600] "GET / HTTP/1.1" 200 10513 "http://admforum.ru/" "Opera/9.0 (Windows NT 5.1; U; en)"
91.207.9.226 - - [07/Mar/2013:18:27:04 -0600] "GET / HTTP/1.1" 200 10513 "http://admforum.ru/" "Opera/9.0 (Windows NT 5.1; U; en)"
91.207.9.226 - - [07/Mar/2013:18:27:05 -0600] "GET / HTTP/1.1" 200 10513 "http://admforum.ru/" "Opera/9.0 (Windows NT 5.1; U; en)"
193.106.136.33 - - [07/Mar/2013:18:53:21 -0600] "GET / HTTP/1.1" 200 10513 "http://www.tostead.ru/" "Mozilla/1.22 (compatible; MSIE 2.0; Windows 95)"
193.106.136.33 - - [07/Mar/2013:18:53:22 -0600] "GET / HTTP/1.1" 200 10513 "http://www.tostead.ru/" "Mozilla/1.22 (compatible; MSIE 2.0; Windows 95)"
208.115.111.70 - - [07/Mar/2013:18:56:23 -0600] "GET /robots.txt HTTP/1.1" 404 - "-" "Mozilla/5.0 (compatible; Ezooms/1.0; ezooms.bot@gmail.com)"
199.21.99.103 - - [07/Mar/2013:19:48:48 -0600] "GET /pdf/Cellphones%20for%20Soldiers%20press%20release.pdf HTTP/1.1" 404 - "-" "Mozilla/5.0 (compatible; YandexBot/3.0; +http://yandex.com/bots)"
157.55.35.80 - - [07/Mar/2013:19:52:58 -0600] "GET /robots.txt HTTP/1.1" 404 - "-" "Mozilla/5.0 (compatible; bingbot/2.0; +http://www.bing.com/bingbot.htm)"
157.55.35.80 - - [07/Mar/2013:19:54:46 -0600] "GET / HTTP/1.1" 200 10513 "-" "Mozilla/5.0 (compatible; bingbot/2.0; +http://www.bing.com/bingbot.htm)"
208.115.111.70 - - [07/Mar/2013:19:57:35 -0600] "GET /aboutus.php HTTP/1.1" 200 11667 "-" "Mozilla/5.0 (compatible; Ezooms/1.0; ezooms.bot@gmail.com)"
180.153.236.56 - - [07/Mar/2013:20:12:59 -0600] "GET /java_for_joes/index.html HTTP/1.1" 404 - "http://operationspokaneheroes.org/java_for_joes/index.html" "Mozilla/5.0 (Windows; U; Windows NT 5.1; zh-CN; rv:1.8.0.11) Gecko/20070312 Firefox/1.5.0.11; 360Spider"
91.207.4.186 - - [07/Mar/2013:20:20:54 -0600] "GET / HTTP/1.1" 200 10513 "http://saascenter.ru/" "Mozilla/4.0 (compatible; MSIE 6.0; Windows NT 5.1; MyIE2; Deepnet Explorer)"
91.207.4.186 - - [07/Mar/2013:20:20:55 -0600] "GET / HTTP/1.1" 200 10513 "http://saascenter.ru/" "Mozilla/4.0 (compatible; MSIE 6.0; Windows NT 5.1; MyIE2; Deepnet Explorer)"
91.207.4.186 - - [07/Mar/2013:20:20:56 -0600] "GET / HTTP/1.1" 200 10513 "http://saascenter.ru/" "Mozilla/4.0 (compatible; MSIE 6.0; Windows NT 5.1; MyIE2; Deepnet Explorer)"
69.58.178.57 - - [07/Mar/2013:20:56:32 -0600] "GET /robots.txt HTTP/1.1" 404 - "-" "Mozilla/5.0 (X11; Ubuntu; Linux i686; rv:14.0; ips-agent) Gecko/20100101 Firefox/14.0.1"
69.58.178.57 - - [07/Mar/2013:20:56:33 -0600] "GET / HTTP/1.1" 200 10513 "-" "Mozilla/5.0 (X11; Ubuntu; Linux i686; rv:14.0; ips-agent) Gecko/20100101 Firefox/14.0.1"
69.58.178.57 - - [07/Mar/2013:20:56:34 -0600] "GET / HTTP/1.1" 200 10513 "-" "BlackBerry9000/4.6.0.167 Profile/MIDP-2.0 Configuration/CLDC-1.1 VendorID/102 ips-agent"
69.58.178.57 - - [07/Mar/2013:20:56:35 -0600] "GET /aboutus.php HTTP/1.1" 200 11667 "-" "Mozilla/5.0 (X11; Ubuntu; Linux i686; rv:14.0; ips-agent) Gecko/20100101 Firefox/14.0.1"
69.58.178.57 - - [07/Mar/2013:20:56:37 -0600] "GET /contact.php HTTP/1.1" 200 10519 "-" "Mozilla/5.0 (X11; Ubuntu; Linux i686; rv:14.0; ips-agent) Gecko/20100101 Firefox/14.0.1"
69.58.178.57 - - [07/Mar/2013:20:56:38 -0600] "GET /index.php HTTP/1.1" 200 10513 "-" "Mozilla/5.0 (X11; Ubuntu; Linux i686; rv:14.0; ips-agent) Gecko/20100101 Firefox/14.0.1"
69.58.178.57 - - [07/Mar/2013:20:56:39 -0600] "GET /donate.php HTTP/1.1" 200 11699 "-" "Mozilla/5.0 (X11; Ubuntu; Linux i686; rv:14.0; ips-agent) Gecko/20100101 Firefox/14.0.1"
69.58.178.57 - - [07/Mar/2013:20:56:40 -0600] "GET /business.php HTTP/1.1" 200 10813 "-" "Mozilla/5.0 (X11; Ubuntu; Linux i686; rv:14.0; ips-agent) Gecko/20100101 Firefox/14.0.1"
69.58.178.57 - - [07/Mar/2013:20:56:42 -0600] "GET /calendar.php HTTP/1.1" 200 10730 "-" "Mozilla/5.0 (X11; Ubuntu; Linux i686; rv:14.0; ips-agent) Gecko/20100101 Firefox/14.0.1"
69.58.178.57 - - [07/Mar/2013:20:56:43 -0600] "GET /events.php HTTP/1.1" 200 6407 "-" "Mozilla/5.0 (X11; Ubuntu; Linux i686; rv:14.0; ips-agent) Gecko/20100101 Firefox/14.0.1"
69.58.178.57 - - [07/Mar/2013:20:56:44 -0600] "GET /_inc/slide.php HTTP/1.1" 200 3205 "-" "Mozilla/5.0 (X11; Ubuntu; Linux i686; rv:14.0; ips-agent) Gecko/20100101 Firefox/14.0.1"
69.58.178.57 - - [07/Mar/2013:20:56:46 -0600] "GET /slider/index.html HTTP/1.1" 200 2395 "-" "Mozilla/5.0 (X11; Ubuntu; Linux i686; rv:14.0; ips-agent) Gecko/20100101 Firefox/14.0.1"
178.137.92.96 - - [07/Mar/2013:20:59:05 -0600] "GET / HTTP/1.1" 200 10513 "http://pixelicious.ru/" "Mozilla/4.0 (compatible; MSIE 6.0; Windows NT 5.1) Opera 7.54 [en]"
178.137.92.96 - - [07/Mar/2013:20:59:09 -0600] "GET / HTTP/1.1" 200 10513 "http://pixelicious.ru/" "Mozilla/4.0 (compatible; MSIE 6.0; Windows NT 5.1) Opera 7.54 [en]"
178.137.92.96 - - [07/Mar/2013:20:59:10 -0600] "GET / HTTP/1.1" 200 10513 "http://pixelicious.ru/" "Mozilla/4.0 (compatible; MSIE 6.0; Windows NT 5.1) Opera 7.54 [en]"
91.207.4.186 - - [07/Mar/2013:21:31:35 -0600] "GET / HTTP/1.1" 200 10513 "http://rusexphone.com/" "Mozilla/4.0 (compatible; MSIE 6.0; Windows NT 5.0; .NET CLR 1.0.3705; .NET CLR 1.1.4322)"
91.207.4.186 - - [07/Mar/2013:21:31:36 -0600] "GET / HTTP/1.1" 200 10513 "http://rusexphone.com/" "Mozilla/4.0 (compatible; MSIE 6.0; Windows NT 5.0; .NET CLR 1.0.3705; .NET CLR 1.1.4322)"
91.207.4.186 - - [07/Mar/2013:21:31:37 -0600] "GET / HTTP/1.1" 200 10513 "http://rusexphone.com/" "Mozilla/4.0 (compatible; MSIE 6.0; Windows NT 5.0; .NET CLR 1.0.3705; .NET CLR 1.1.4322)"
123.151.148.190 - - [07/Mar/2013:22:25:54 -0600] "GET / HTTP/1.1" 200 10513 "-" "Sosospider+(+http://help.soso.com/webspider.htm)"
123.151.148.190 - - [07/Mar/2013:22:26:16 -0600] "GET /css/footer.css HTTP/1.1" 200 752 "http://operationspokaneheroes.org/" "Sosospider+(+http://help.soso.com/webspider.htm)"
123.151.148.190 - - [07/Mar/2013:22:26:30 -0600] "GET /css/global.css HTTP/1.1" 200 13951 "http://operationspokaneheroes.org/" "Sosospider+(+http://help.soso.com/webspider.htm)"
173.199.119.35 - - [07/Mar/2013:22:26:44 -0600] "GET /java_for_joes/index.html HTTP/1.1" 404 - "-" "Mozilla/5.0 (compatible; AhrefsBot/4.0; +http://ahrefs.com/robot/)"
123.151.148.190 - - [07/Mar/2013:22:34:33 -0600] "GET /robots.txt HTTP/1.1" 404 - "-" "Sosospider+(+http://help.soso.com/webspider.htm)"
173.199.119.35 - - [07/Mar/2013:22:46:14 -0600] "GET /business.php HTTP/1.1" 200 10813 "-" "Mozilla/5.0 (compatible; AhrefsBot/4.0; +http://ahrefs.com/robot/)"
208.115.111.70 - - [07/Mar/2013:22:55:51 -0600] "GET /robots.txt HTTP/1.1" 404 - "-" "Mozilla/5.0 (compatible; Ezooms/1.0; ezooms.bot@gmail.com)"
208.115.111.70 - - [07/Mar/2013:22:55:51 -0600] "GET /robots.txt HTTP/1.1" 404 - "-" "Mozilla/5.0 (compatible; Ezooms/1.0; ezooms.bot@gmail.com)"
208.115.111.70 - - [07/Mar/2013:23:07:11 -0600] "GET / HTTP/1.1" 200 10513 "-" "Mozilla/5.0 (compatible; Ezooms/1.0; ezooms.bot@gmail.com)"
208.115.111.70 - - [07/Mar/2013:23:56:25 -0600] "GET /events.php HTTP/1.1" 200 6407 "-" "Mozilla/5.0 (compatible; Ezooms/1.0; ezooms.bot@gmail.com)"
173.199.119.35 - - [08/Mar/2013:00:34:57 -0600] "GET /java_for_joes/index.html?3e3ea140 HTTP/1.1" 404 - "-" "Mozilla/5.0 (compatible; AhrefsBot/4.0; +http://ahrefs.com/robot/)"
199.21.99.103 - - [08/Mar/2013:00:40:47 -0600] "GET /events/carousel_11/carousel_11.html HTTP/1.1" 200 3712 "-" "Mozilla/5.0 (compatible; YandexBot/3.0; +http://yandex.com/bots)"
173.199.119.35 - - [08/Mar/2013:00:41:56 -0600] "GET /slider/index.html HTTP/1.1" 200 2395 "-" "Mozilla/5.0 (compatible; AhrefsBot/4.0; +http://ahrefs.com/robot/)"
173.199.119.35 - - [08/Mar/2013:01:12:44 -0600] "GET /pdf/174%20Stores%20and%20Business%20Offering%20Military%20Discounts1.pdf HTTP/1.1" 200 122888 "-" "Mozilla/5.0 (compatible; AhrefsBot/4.0; +http://ahrefs.com/robot/)"
173.199.119.35 - - [08/Mar/2013:01:15:37 -0600] "GET /_inc/slide.php HTTP/1.1" 200 3205 "-" "Mozilla/5.0 (compatible; AhrefsBot/4.0; +http://ahrefs.com/robot/)"
94.23.42.135 - - [08/Mar/2013:01:18:28 -0600] "GET /robots.txt HTTP/1.0" 404 - "-" "Mozilla/5.0 (compatible; MJ12bot/v1.4.3; http://www.majestic12.co.uk/bot.php?+)"
94.23.42.135 - - [08/Mar/2013:01:18:30 -0600] "GET /java_for_joes/index.html HTTP/1.0" 404 - "-" "Mozilla/5.0 (compatible; MJ12bot/v1.4.3; http://www.majestic12.co.uk/bot.php?+)"
109.120.157.179 - - [08/Mar/2013:01:26:29 -0600] "GET / HTTP/1.1" 200 10513 "http://interservis.info/" "Mozilla/5.0 (compatible; Add Catalog/2.1;)"
109.120.157.179 - - [08/Mar/2013:01:26:30 -0600] "GET / HTTP/1.1" 200 10513 "http://interservis.info/" "Mozilla/5.0 (compatible; Add Catalog/2.1;)"
180.76.5.160 - - [08/Mar/2013:03:05:48 -0600] "GET /java_for_joes/index.html HTTP/1.1" 404 - "-" "Mozilla/5.0 (compatible; Baiduspider/2.0; +http://www.baidu.com/search/spider.html)"
123.151.148.190 - - [08/Mar/2013:04:25:05 -0600] "GET / HTTP/1.1" 200 10513 "-" "Sosospider+(+http://help.soso.com/webspider.htm)"
123.151.148.190 - - [08/Mar/2013:04:25:28 -0600] "GET /css/footer.css HTTP/1.1" 200 752 "http://operationspokaneheroes.org/" "Sosospider+(+http://help.soso.com/webspider.htm)"
92.249.127.111 - - [08/Mar/2013:04:42:08 -0600] "GET / HTTP/1.1" 200 10513 "http://www.chipmarket.kz/" "Mozilla/5.0 (compatible; news bot /2.1)"
92.249.127.111 - - [08/Mar/2013:04:42:09 -0600] "GET / HTTP/1.1" 200 10513 "http://www.chipmarket.kz/" "Mozilla/5.0 (compatible; news bot /2.1)"
92.249.127.111 - - [08/Mar/2013:04:42:10 -0600] "GET / HTTP/1.1" 200 10513 "http://www.chipmarket.kz/" "Mozilla/5.0 (compatible; news bot /2.1)"
208.115.113.86 - - [08/Mar/2013:04:51:56 -0600] "GET /robots.txt HTTP/1.1" 404 - "-" "Mozilla/5.0 (compatible; Ezooms/1.0; ezooms.bot@gmail.com)"
173.199.119.35 - - [08/Mar/2013:05:06:19 -0600] "GET /events/ermy_event/ermy.html HTTP/1.1" 200 3507 "-" "Mozilla/5.0 (compatible; AhrefsBot/4.0; +http://ahrefs.com/robot/)"
220.181.108.182 - - [08/Mar/2013:05:35:32 -0600] "GET / HTTP/1.1" 200 10513 "-" "Mozilla/5.0 (compatible; Baiduspider/2.0; +http://www.baidu.com/search/spider.html)"
208.115.113.86 - - [08/Mar/2013:06:00:00 -0600] "GET /business_discount.php HTTP/1.1" 404 - "-" "Mozilla/5.0 (compatible; Ezooms/1.0; ezooms.bot@gmail.com)"
208.115.111.70 - - [08/Mar/2013:06:56:25 -0600] "GET /robots.txt HTTP/1.1" 404 - "-" "Mozilla/5.0 (compatible; Ezooms/1.0; ezooms.bot@gmail.com)"
173.199.119.35 - - [08/Mar/2013:07:02:28 -0600] "GET /events.php HTTP/1.1" 200 6407 "-" "Mozilla/5.0 (compatible; AhrefsBot/4.0; +http://ahrefs.com/robot/)"
157.55.35.80 - - [08/Mar/2013:07:23:47 -0600] "GET /robots.txt HTTP/1.1" 404 - "-" "Mozilla/5.0 (compatible; bingbot/2.0; +http://www.bing.com/bingbot.htm)"
157.55.35.80 - - [08/Mar/2013:07:25:13 -0600] "GET / HTTP/1.1" 200 10513 "-" "Mozilla/5.0 (compatible; bingbot/2.0; +http://www.bing.com/bingbot.htm)"
199.21.99.103 - - [08/Mar/2013:07:36:53 -0600] "GET /robots.txt HTTP/1.1" 404 - "-" "Mozilla/5.0 (compatible; YandexBot/3.0; +http://yandex.com/bots)"
208.115.111.70 - - [08/Mar/2013:07:57:14 -0600] "GET /index.php HTTP/1.1" 200 10513 "-" "Mozilla/5.0 (compatible; Ezooms/1.0; ezooms.bot@gmail.com)"
182.118.22.226 - - [08/Mar/2013:08:23:00 -0600] "GET /java_for_joes/index.html HTTP/1.1" 404 - "http://operationspokaneheroes.org/java_for_joes/index.html" "Mozilla/5.0 (Windows; U; Windows NT 5.1; zh-CN; rv:1.8.0.11) Gecko/20070312 Firefox/1.5.0.11; 360Spider"
66.249.74.50 - - [08/Mar/2013:10:11:35 -0600] "GET /robots.txt HTTP/1.1" 404 - "-" "Mozilla/5.0 (compatible; Googlebot/2.1; +http://www.google.com/bot.html)"
66.249.74.43 - - [08/Mar/2013:10:11:35 -0600] "GET / HTTP/1.1" 200 10513 "-" "DoCoMo/2.0 N905i(c100;TB;W24H16) (compatible; Googlebot-Mobile/2.1; +http://www.google.com/bot.html)"
173.199.119.35 - - [08/Mar/2013:10:22:20 -0600] "GET /join/ HTTP/1.1" 404 - "-" "Mozilla/5.0 (compatible; AhrefsBot/4.0; +http://ahrefs.com/robot/)"
173.199.119.35 - - [08/Mar/2013:11:17:18 -0600] "GET /pdf/2010_Top100_Military_Friendly_Employers.pdf HTTP/1.1" 200 711726 "-" "Mozilla/5.0 (compatible; AhrefsBot/4.0; +http://ahrefs.com/robot/)"
66.249.74.52 - - [08/Mar/2013:11:24:04 -0600] "GET / HTTP/1.1" 200 10513 "-" "Mozilla/5.0 (compatible; Googlebot/2.1; +http://www.google.com/bot.html)"
173.199.119.35 - - [08/Mar/2013:11:41:42 -0600] "GET /events.php HTTP/1.1" 200 6407 "-" "Mozilla/5.0 (compatible; AhrefsBot/4.0; +http://ahrefs.com/robot/)"
123.151.148.190 - - [08/Mar/2013:12:05:29 -0600] "GET / HTTP/1.1" 200 10513 "-" "Sosospider+(+http://help.soso.com/webspider.htm)"
94.153.64.117 - - [08/Mar/2013:13:20:38 -0600] "GET / HTTP/1.1" 200 10513 "http://www.ceramic.ru/" "Mozilla/4.0 (compatible; MSIE 6.0; America Online Browser 1.1; rev1.2; Windows NT 5.1; SV1; .NET CLR 1.1.4322)"
94.153.64.117 - - [08/Mar/2013:13:20:39 -0600] "GET / HTTP/1.1" 200 10513 "http://www.ceramic.ru/" "Mozilla/4.0 (compatible; MSIE 6.0; America Online Browser 1.1; rev1.2; Windows NT 5.1; SV1; .NET CLR 1.1.4322)"
94.153.64.117 - - [08/Mar/2013:13:20:41 -0600] "GET / HTTP/1.1" 200 10513 "http://www.ceramic.ru/" "Mozilla/4.0 (compatible; MSIE 6.0; America Online Browser 1.1; rev1.2; Windows NT 5.1; SV1; .NET CLR 1.1.4322)"
157.55.35.80 - - [08/Mar/2013:13:29:07 -0600] "GET /robots.txt HTTP/1.1" 404 - "-" "Mozilla/5.0 (compatible; bingbot/2.0; +http://www.bing.com/bingbot.htm)"
157.55.35.80 - - [08/Mar/2013:13:30:47 -0600] "GET / HTTP/1.1" 200 10513 "-" "Mozilla/5.0 (compatible; bingbot/2.0; +http://www.bing.com/bingbot.htm)"
66.249.74.49 - - [08/Mar/2013:15:32:18 -0600] "GET /css/footer.css HTTP/1.1" 200 752 "-" "Mozilla/5.0 (compatible; Googlebot/2.1; +http://www.google.com/bot.html)"
66.249.74.75 - - [08/Mar/2013:15:32:19 -0600] "GET /css/style_global.css HTTP/1.1" 200 2621 "-" "Mozilla/5.0 (compatible; Googlebot/2.1; +http://www.google.com/bot.html)"
66.249.74.77 - - [08/Mar/2013:15:32:19 -0600] "GET /css/global.css HTTP/1.1" 200 13951 "-" "Mozilla/5.0 (compatible; Googlebot/2.1; +http://www.google.com/bot.html)"
66.249.74.65 - - [08/Mar/2013:15:32:19 -0600] "GET /css/slide.css HTTP/1.1" 200 2869 "-" "Mozilla/5.0 (compatible; Googlebot/2.1; +http://www.google.com/bot.html)"
66.249.74.52 - - [08/Mar/2013:15:32:20 -0600] "GET /slider/css/style.css HTTP/1.1" 200 1376 "-" "Mozilla/5.0 (compatible; Googlebot/2.1; +http://www.google.com/bot.html)"
66.249.74.52 - - [08/Mar/2013:15:47:59 -0600] "GET /robots.txt HTTP/1.1" 404 - "-" "Mozilla/5.0 (compatible; Googlebot/2.1; +http://www.google.com/bot.html)"
66.249.74.63 - - [08/Mar/2013:15:47:59 -0600] "GET / HTTP/1.1" 200 10513 "-" "Mozilla/5.0 (iPhone; U; CPU iPhone OS 4_1 like Mac OS X; en-us) AppleWebKit/532.9 (KHTML, like Gecko) Version/4.0.5 Mobile/8B117 Safari/6531.22.7 (compatible; Googlebot-Mobile/2.1; +http://www.google.com/bot.html)"
66.249.74.71 - - [08/Mar/2013:16:02:57 -0600] "GET / HTTP/1.1" 200 10513 "-" "Mozilla/5.0 (iPhone; U; CPU iPhone OS 4_1 like Mac OS X; en-us) AppleWebKit/532.9 (KHTML, like Gecko) Version/4.0.5 Mobile/8B117 Safari/6531.22.7 (compatible; Googlebot-Mobile/2.1; +http://www.google.com/bot.html)"
157.55.35.80 - - [08/Mar/2013:16:30:29 -0600] "GET /robots.txt HTTP/1.1" 404 - "-" "Mozilla/5.0 (compatible; bingbot/2.0; +http://www.bing.com/bingbot.htm)"
157.55.35.80 - - [08/Mar/2013:16:32:16 -0600] "GET / HTTP/1.1" 200 10513 "-" "Mozilla/5.0 (compatible; bingbot/2.0; +http://www.bing.com/bingbot.htm)"
50.19.76.133 - - [08/Mar/2013:17:41:34 -0600] "GET / HTTP/1.0" 200 10513 "-" "Mozilla/5.0 (compatible; NetcraftSurveyAgent/1.0; +info@netcraft.com)"
50.19.76.133 - - [08/Mar/2013:17:42:00 -0600] "GET /_inc/slide.php HTTP/1.0" 200 3205 "-" "Mozilla/5.0 (compatible; NetcraftSurveyAgent/1.0; +info@netcraft.com)"
50.19.76.133 - - [08/Mar/2013:17:42:24 -0600] "GET /slider/index.html HTTP/1.0" 200 2395 "-" "Mozilla/5.0 (compatible; NetcraftSurveyAgent/1.0; +info@netcraft.com)"
199.30.20.19 - - [08/Mar/2013:17:49:29 -0600] "GET /robots.txt HTTP/1.1" 404 - "-" "msnbot-media/1.1 (+http://search.msn.com/msnbot.htm)"
199.30.20.19 - - [08/Mar/2013:17:49:30 -0600] "GET /events/Brittanycozza-.png HTTP/1.1" 200 156325 "-" "msnbot-media/1.1 (+http://search.msn.com/msnbot.htm)"
123.151.148.190 - - [08/Mar/2013:17:52:46 -0600] "GET / HTTP/1.1" 200 10513 "-" "Sosospider+(+http://help.soso.com/webspider.htm)"
123.151.148.190 - - [08/Mar/2013:19:48:37 -0600] "GET / HTTP/1.1" 200 10513 "-" "Sosospider+(+http://help.soso.com/webspider.htm)"
123.151.148.190 - - [08/Mar/2013:19:48:58 -0600] "GET /css/footer.css HTTP/1.1" 200 752 "http://operationspokaneheroes.org/" "Sosospider+(+http://help.soso.com/webspider.htm)"
123.151.148.190 - - [08/Mar/2013:19:49:08 -0600] "GET /slider/index.html HTTP/1.1" 200 2395 "http://operationspokaneheroes.org/" "Sosospider+(+http://help.soso.com/webspider.htm)"
199.21.99.103 - - [08/Mar/2013:19:55:39 -0600] "GET /robots.txt HTTP/1.1" 404 - "-" "Mozilla/5.0 (compatible; YandexBot/3.0; +http://yandex.com/bots)"
178.137.92.96 - - [08/Mar/2013:20:34:41 -0600] "GET / HTTP/1.1" 200 10513 "http://xxx-russian.ru/" "Mozilla/4.0 (compatible; MSIE 5.5; Windows NT 5.0; T312461)"
178.137.92.96 - - [08/Mar/2013:20:34:42 -0600] "GET / HTTP/1.1" 200 10513 "http://xxx-russian.ru/" "Mozilla/4.0 (compatible; MSIE 5.5; Windows NT 5.0; T312461)"
178.137.92.96 - - [08/Mar/2013:20:34:43 -0600] "GET / HTTP/1.1" 200 10513 "http://xxx-russian.ru/" "Mozilla/4.0 (compatible; MSIE 5.5; Windows NT 5.0; T312461)"
66.249.74.37 - - [08/Mar/2013:21:17:47 -0600] "GET /robots.txt HTTP/1.1" 404 - "-" "Mozilla/5.0 (compatible; Googlebot/2.1; +http://www.google.com/bot.html)"
66.249.74.41 - - [08/Mar/2013:21:17:47 -0600] "GET /aboutus.php HTTP/1.1" 200 11667 "-" "Mozilla/5.0 (iPhone; U; CPU iPhone OS 4_1 like Mac OS X; en-us) AppleWebKit/532.9 (KHTML, like Gecko) Version/4.0.5 Mobile/8B117 Safari/6531.22.7 (compatible; Googlebot-Mobile/2.1; +http://www.google.com/bot.html)"
157.56.93.194 - - [08/Mar/2013:21:34:28 -0600] "GET /robots.txt HTTP/1.1" 404 - "-" "Mozilla/5.0 (compatible; bingbot/2.0; +http://www.bing.com/bingbot.htm)"
157.56.93.194 - - [08/Mar/2013:21:36:14 -0600] "GET /java_for_joes/index.html HTTP/1.1" 404 - "-" "Mozilla/5.0 (compatible; bingbot/2.0; +http://www.bing.com/bingbot.htm)"
193.106.136.52 - - [08/Mar/2013:22:34:12 -0600] "GET / HTTP/1.1" 200 10513 "http://kinozer.ru/" "Mozilla/4.0 (compatible; MSIE 6.0; Windows NT 5.1; Maxthon; .NET CLR 1.1.4322)"
193.106.136.52 - - [08/Mar/2013:22:34:13 -0600] "GET / HTTP/1.1" 200 10333 "http://kinozer.ru/" "Mozilla/4.0 (compatible; MSIE 6.0; Windows NT 5.1; Maxthon; .NET CLR 1.1.4322)"
182.118.22.204 - - [09/Mar/2013:00:28:11 -0600] "GET /pdf/2010_Top100_Military_Friendly_Employers.pdf HTTP/1.1" 200 711726 "http://operationspokaneheroes.org/pdf/2010_Top100_Military_Friendly_Employers.pdf" "Mozilla/5.0 (Windows; U; Windows NT 5.1; zh-CN; rv:1.8.0.11) Gecko/20070312 Firefox/1.5.0.11; 360Spider"
182.118.22.201 - - [09/Mar/2013:00:28:11 -0600] "GET /pdf/174%20Stores%20and%20Business%20Offering%20Military%20Discounts1.pdf HTTP/1.1" 200 122888 "http://operationspokaneheroes.org/pdf/174%20Stores%20and%20Business%20Offering%20Military%20Discounts1.pdf" "Mozilla/5.0 (Windows; U; Windows NT 5.1; zh-CN; rv:1.8.0.11) Gecko/20070312 Firefox/1.5.0.11; 360Spider"
182.118.22.204 - - [09/Mar/2013:00:28:15 -0600] "GET /index.php HTTP/1.1" 200 10513 "http://operationspokaneheroes.org/index.php" "Mozilla/5.0 (Windows; U; Windows NT 5.1; zh-CN; rv:1.8.0.11) Gecko/20070312 Firefox/1.5.0.11; 360Spider"
182.118.22.203 - - [09/Mar/2013:00:28:15 -0600] "GET /events.php HTTP/1.1" 200 6407 "http://operationspokaneheroes.org/events.php" "Mozilla/5.0 (Windows; U; Windows NT 5.1; zh-CN; rv:1.8.0.11) Gecko/20070312 Firefox/1.5.0.11; 360Spider"
182.118.22.205 - - [09/Mar/2013:00:28:20 -0600] "GET / HTTP/1.1" 200 10513 "http://operationspokaneheroes.org/" "Mozilla/5.0 (Windows; U; Windows NT 5.1; zh-CN; rv:1.8.0.11) Gecko/20070312 Firefox/1.5.0.11; 360Spider"
182.118.20.226 - - [09/Mar/2013:00:33:02 -0600] "GET /business.php HTTP/1.1" 200 10813 "http://operationspokaneheroes.org/business.php" "Mozilla/5.0 (Windows; U; Windows NT 5.1; zh-CN; rv:1.8.0.11) Gecko/20070312 Firefox/1.5.0.11; 360Spider"
182.118.20.224 - - [09/Mar/2013:00:33:03 -0600] "GET /aboutus.php HTTP/1.1" 200 11667 "http://operationspokaneheroes.org/aboutus.php" "Mozilla/5.0 (Windows; U; Windows NT 5.1; zh-CN; rv:1.8.0.11) Gecko/20070312 Firefox/1.5.0.11; 360Spider"
182.118.20.225 - - [09/Mar/2013:00:33:08 -0600] "GET /contact.php HTTP/1.1" 200 10519 "http://operationspokaneheroes.org/contact.php" "Mozilla/5.0 (Windows; U; Windows NT 5.1; zh-CN; rv:1.8.0.11) Gecko/20070312 Firefox/1.5.0.11; 360Spider"
182.118.20.226 - - [09/Mar/2013:00:33:08 -0600] "GET /donate.php HTTP/1.1" 200 11699 "http://operationspokaneheroes.org/donate.php" "Mozilla/5.0 (Windows; U; Windows NT 5.1; zh-CN; rv:1.8.0.11) Gecko/20070312 Firefox/1.5.0.11; 360Spider"
101.226.167.226 - - [09/Mar/2013:00:33:27 -0600] "GET /calendar.php HTTP/1.1" 200 10730 "http://operationspokaneheroes.org/calendar.php" "Mozilla/4.0 (compatible; MSIE 8.0; Windows NT 6.1; Trident/4.0; SLCC2; .NET CLR 2.0.50727; .NET CLR 3.5.30729; .NET CLR 3.0.30729; Media Center PC 6.0; MDDR; .NET4.0C; .NET4.0E; .NET CLR 1.1.4322; Tablet PC 2.0); 360Spider"
199.21.99.103 - - [09/Mar/2013:01:00:47 -0600] "GET /robots.txt HTTP/1.1" 404 - "-" "Mozilla/5.0 (compatible; YandexBot/3.0; +http://yandex.com/bots)"
199.21.99.103 - - [09/Mar/2013:01:00:48 -0600] "GET / HTTP/1.1" 200 10513 "-" "Mozilla/5.0 (compatible; YandexBot/3.0; MirrorDetector; +http://yandex.com/bots)"
199.21.99.103 - - [09/Mar/2013:01:00:50 -0600] "GET / HTTP/1.1" 200 10513 "-" "Mozilla/5.0 (compatible; YandexBot/3.0; MirrorDetector; +http://yandex.com/bots)"
199.21.99.103 - - [09/Mar/2013:01:00:53 -0600] "GET / HTTP/1.1" 200 10513 "-" "Mozilla/5.0 (compatible; YandexBot/3.0; MirrorDetector; +http://yandex.com/bots)"
199.21.99.103 - - [09/Mar/2013:01:00:55 -0600] "GET / HTTP/1.1" 200 10513 "-" "Mozilla/5.0 (compatible; YandexBot/3.0; MirrorDetector; +http://yandex.com/bots)"
220.181.108.161 - - [09/Mar/2013:01:09:02 -0600] "GET / HTTP/1.1" 200 10513 "-" "Mozilla/5.0 (compatible; Baiduspider/2.0; +http://www.baidu.com/search/spider.html)"
157.55.35.80 - - [09/Mar/2013:01:13:59 -0600] "GET /robots.txt HTTP/1.1" 404 - "-" "Mozilla/5.0 (compatible; bingbot/2.0; +http://www.bing.com/bingbot.htm)"
157.55.35.80 - - [09/Mar/2013:01:15:43 -0600] "GET / HTTP/1.1" 200 10513 "-" "Mozilla/5.0 (compatible; bingbot/2.0; +http://www.bing.com/bingbot.htm)"
66.249.74.53 - - [09/Mar/2013:02:00:49 -0600] "GET / HTTP/1.1" 200 10513 "-" "SAMSUNG-SGH-E250/1.0 Profile/MIDP-2.0 Configuration/CLDC-1.1 UP.Browser/6.2.3.3.c.1.101 (GUI) MMP/2.0 (compatible; Googlebot-Mobile/2.1; +http://www.google.com/bot.html)"
208.115.111.70 - - [09/Mar/2013:02:54:14 -0600] "GET /robots.txt HTTP/1.1" 404 - "-" "Mozilla/5.0 (compatible; Ezooms/1.0; ezooms.bot@gmail.com)"
199.21.99.103 - - [09/Mar/2013:03:42:25 -0600] "GET /pdf/AFLP%203%20Plate.pdf HTTP/1.1" 200 511881 "-" "Mozilla/5.0 (compatible; YandexBot/3.0; +http://yandex.com/bots)"
208.115.111.70 - - [09/Mar/2013:03:53:50 -0600] "GET /donate.php HTTP/1.1" 200 11699 "-" "Mozilla/5.0 (compatible; Ezooms/1.0; ezooms.bot@gmail.com)"
178.137.129.156 - - [09/Mar/2013:04:20:38 -0600] "GET / HTTP/1.1" 200 10513 "http://plastum.ru/" "Mozilla/4.0 (compatible; MSIE 6.0; Windows NT 5.0; Avant Browser [avantbrowser.com]; Hotbar 4.4.5.0)"
178.137.129.156 - - [09/Mar/2013:04:20:39 -0600] "GET / HTTP/1.1" 200 10513 "http://plastum.ru/" "Mozilla/4.0 (compatible; MSIE 6.0; Windows NT 5.0; Avant Browser [avantbrowser.com]; Hotbar 4.4.5.0)"
178.137.129.156 - - [09/Mar/2013:04:20:41 -0600] "GET / HTTP/1.1" 200 10513 "http://plastum.ru/" "Mozilla/4.0 (compatible; MSIE 6.0; Windows NT 5.0; Avant Browser [avantbrowser.com]; Hotbar 4.4.5.0)"
199.21.99.103 - - [09/Mar/2013:04:35:42 -0600] "GET /pdf/2013%20salish%20conference%20powwow.pdf HTTP/1.1" 200 185446 "-" "Mozilla/5.0 (compatible; YandexBot/3.0; +http://yandex.com/bots)"
202.46.53.32 - - [09/Mar/2013:04:37:49 -0600] "GET / HTTP/1.1" 200 10513 "-" "Mozilla/4.0 (compatible; MSIE 7.0; Windows NT 6.0)"
119.63.193.194 - - [09/Mar/2013:04:37:51 -0600] "GET / HTTP/1.1" 200 10513 "-" "Mozilla/4.0 (compatible; MSIE 7.0; Windows NT 6.0)"
123.151.148.190 - - [09/Mar/2013:04:45:24 -0600] "GET / HTTP/1.1" 200 10513 "-" "Sosospider+(+http://help.soso.com/webspider.htm)"
180.76.5.26 - - [09/Mar/2013:05:20:45 -0600] "GET / HTTP/1.1" 200 10513 "-" "Mozilla/5.0 (compatible; Baiduspider/2.0; +http://www.baidu.com/search/spider.html)"
199.21.99.103 - - [09/Mar/2013:07:04:44 -0600] "GET /pdf/VetsDay_Flyer2.pdf HTTP/1.1" 200 2364673 "-" "Mozilla/5.0 (compatible; YandexBot/3.0; +http://yandex.com/bots)"
91.207.4.186 - - [09/Mar/2013:07:32:34 -0600] "GET / HTTP/1.1" 200 10513 "http://fifa12.ru/" "Mozilla/4.0 (compatible; MSIE 6.0; Windows NT 5.1; SV1; .NET CLR 1.1.4322)"
91.207.4.186 - - [09/Mar/2013:07:32:35 -0600] "GET / HTTP/1.1" 200 10513 "http://fifa12.ru/" "Mozilla/4.0 (compatible; MSIE 6.0; Windows NT 5.1; SV1; .NET CLR 1.1.4322)"
91.207.4.186 - - [09/Mar/2013:07:32:36 -0600] "GET / HTTP/1.1" 200 10513 "http://fifa12.ru/" "Mozilla/4.0 (compatible; MSIE 6.0; Windows NT 5.1; SV1; .NET CLR 1.1.4322)"
101.226.167.242 - - [09/Mar/2013:08:16:04 -0600] "GET /events.php HTTP/1.1" 200 6407 "http://www.operationspokaneheroes.org/events.php" "Mozilla/4.0 (compatible; MSIE 8.0; Windows NT 6.1; Trident/4.0; SLCC2; .NET CLR 2.0.50727; .NET CLR 3.5.30729; .NET CLR 3.0.30729; Media Center PC 6.0; MDDR; .NET4.0C; .NET4.0E; .NET CLR 1.1.4322; Tablet PC 2.0); 360Spider"
180.76.5.103 - - [09/Mar/2013:08:52:43 -0600] "GET / HTTP/1.1" 200 10513 "-" "Mozilla/5.0 (compatible; Baiduspider/2.0; +http://www.baidu.com/search/spider.html)"
178.137.129.156 - - [09/Mar/2013:10:13:18 -0600] "GET / HTTP/1.1" 200 10513 "http://okleykaplenkoy.ru/" "Mozilla/4.0 (compatible; MSIE 6.0; Windows NT 5.1; MyIE2; Deepnet Explorer)"
178.137.129.156 - - [09/Mar/2013:10:13:19 -0600] "GET / HTTP/1.1" 200 10513 "http://www.russia-on.ru/" "Mozilla/4.0 (compatible; MSIE 6.0; Windows XP)"
178.137.129.156 - - [09/Mar/2013:10:13:20 -0600] "GET / HTTP/1.1" 200 10513 "http://okleykaplenkoy.ru/" "Mozilla/4.0 (compatible; MSIE 6.0; Windows NT 5.1; MyIE2; Deepnet Explorer)"
178.137.129.156 - - [09/Mar/2013:10:13:20 -0600] "GET / HTTP/1.1" 200 10513 "http://www.russia-on.ru/" "Mozilla/4.0 (compatible; MSIE 6.0; Windows XP)"
178.137.129.156 - - [09/Mar/2013:10:13:22 -0600] "GET / HTTP/1.1" 200 10513 "http://www.russia-on.ru/" "Mozilla/4.0 (compatible; MSIE 6.0; Windows XP)"
178.137.129.156 - - [09/Mar/2013:10:13:22 -0600] "GET / HTTP/1.1" 200 10513 "http://okleykaplenkoy.ru/" "Mozilla/4.0 (compatible; MSIE 6.0; Windows NT 5.1; MyIE2; Deepnet Explorer)"
199.21.99.103 - - [09/Mar/2013:10:14:38 -0600] "GET /robots.txt HTTP/1.1" 404 - "-" "Mozilla/5.0 (compatible; YandexBot/3.0; +http://yandex.com/bots)"
199.21.99.103 - - [09/Mar/2013:10:14:41 -0600] "GET /pdf/GetConnected2013.pdf HTTP/1.1" 200 131597 "-" "Mozilla/5.0 (compatible; YandexBot/3.0; +http://yandex.com/bots)"
218.30.103.147 - - [09/Mar/2013:10:35:56 -0600] "GET / HTTP/1.1" 200 10513 "-" "Sogou web spider/4.0(+http://www.sogou.com/docs/help/webmasters.htm#07)"
218.30.103.147 - - [09/Mar/2013:10:36:02 -0600] "GET /robots.txt HTTP/1.1" 404 - "-" "Sogou web spider/4.0"
218.30.103.147 - - [09/Mar/2013:11:29:00 -0600] "GET / HTTP/1.1" 200 10513 "-" "Sogou web spider/4.0(+http://www.sogou.com/docs/help/webmasters.htm#07)"
123.151.148.190 - - [09/Mar/2013:12:34:05 -0600] "GET / HTTP/1.1" 200 10513 "-" "Sosospider+(+http://help.soso.com/webspider.htm)"
157.55.35.80 - - [09/Mar/2013:13:11:55 -0600] "GET /robots.txt HTTP/1.1" 404 - "-" "Mozilla/5.0 (compatible; bingbot/2.0; +http://www.bing.com/bingbot.htm)"
157.55.35.80 - - [09/Mar/2013:13:13:44 -0600] "GET / HTTP/1.1" 200 10513 "-" "Mozilla/5.0 (compatible; bingbot/2.0; +http://www.bing.com/bingbot.htm)"
173.199.115.107 - - [09/Mar/2013:13:36:23 -0600] "GET /events.php HTTP/1.1" 200 6407 "-" "Mozilla/5.0 (compatible; AhrefsBot/4.0; +http://ahrefs.com/robot/)"
173.199.115.107 - - [09/Mar/2013:13:44:15 -0600] "GET /calendar.php HTTP/1.1" 200 10730 "-" "Mozilla/5.0 (compatible; AhrefsBot/4.0; +http://ahrefs.com/robot/)"
173.199.115.107 - - [09/Mar/2013:14:18:10 -0600] "GET /pdf/174%20Stores%20and%20Business%20Offering%20Military%20Discounts1.pdf HTTP/1.1" 200 122888 "-" "Mozilla/5.0 (compatible; AhrefsBot/4.0; +http://ahrefs.com/robot/)"
66.249.74.37 - - [09/Mar/2013:14:31:50 -0600] "GET /robots.txt HTTP/1.1" 404 - "-" "Mozilla/5.0 (compatible; Googlebot/2.1; +http://www.google.com/bot.html)"
66.249.74.49 - - [09/Mar/2013:14:31:51 -0600] "GET /donate.php HTTP/1.1" 200 11699 "-" "Mozilla/5.0 (iPhone; U; CPU iPhone OS 4_1 like Mac OS X; en-us) AppleWebKit/532.9 (KHTML, like Gecko) Version/4.0.5 Mobile/8B117 Safari/6531.22.7 (compatible; Googlebot-Mobile/2.1; +http://www.google.com/bot.html)"
173.199.115.107 - - [09/Mar/2013:14:33:37 -0600] "GET /join/ HTTP/1.1" 404 - "-" "Mozilla/5.0 (compatible; AhrefsBot/4.0; +http://ahrefs.com/robot/)"
66.249.74.38 - - [09/Mar/2013:14:39:18 -0600] "GET /images/logo.png HTTP/1.1" 200 226129 "-" "Mozilla/5.0 (compatible; Googlebot/2.1; +http://www.google.com/bot.html)"
66.249.74.38 - - [09/Mar/2013:14:39:19 -0600] "GET /css/footer.css HTTP/1.1" 200 752 "-" "Mozilla/5.0 (compatible; Googlebot/2.1; +http://www.google.com/bot.html)"
66.249.74.42 - - [09/Mar/2013:14:39:20 -0600] "GET /css/style_global.css HTTP/1.1" 200 2621 "-" "Mozilla/5.0 (compatible; Googlebot/2.1; +http://www.google.com/bot.html)"
