174.61.145.156 - - [08/Apr/2013:09:39:12 -0500] "GET /slider/js/startstop-slider.js HTTP/1.1" 304 - "http://www.operationspokaneheroes.org/slider/index.html" "Mozilla/5.0 (Windows NT 6.1; WOW64) AppleWebKit/537.31 (KHTML, like Gecko) Chrome/26.0.1410.43 Safari/537.31"
174.61.145.156 - - [08/Apr/2013:09:39:12 -0500] "GET /css/slide.css HTTP/1.1" 304 - "http://www.operationspokaneheroes.org/_inc/slide.php" "Mozilla/5.0 (Windows NT 6.1; WOW64) AppleWebKit/537.31 (KHTML, like Gecko) Chrome/26.0.1410.43 Safari/537.31"
174.61.145.156 - - [08/Apr/2013:09:39:12 -0500] "GET /css/style_global.css HTTP/1.1" 304 - "http://www.operationspokaneheroes.org/_inc/slide.php" "Mozilla/5.0 (Windows NT 6.1; WOW64) AppleWebKit/537.31 (KHTML, like Gecko) Chrome/26.0.1410.43 Safari/537.31"
174.61.145.156 - - [08/Apr/2013:09:39:12 -0500] "GET /js/combined.js HTTP/1.1" 304 - "http://www.operationspokaneheroes.org/_inc/slide.php" "Mozilla/5.0 (Windows NT 6.1; WOW64) AppleWebKit/537.31 (KHTML, like Gecko) Chrome/26.0.1410.43 Safari/537.31"
174.61.145.156 - - [08/Apr/2013:09:39:12 -0500] "GET /images/bg2.jpg HTTP/1.1" 304 - "http://www.operationspokaneheroes.org/" "Mozilla/5.0 (Windows NT 6.1; WOW64) AppleWebKit/537.31 (KHTML, like Gecko) Chrome/26.0.1410.43 Safari/537.31"
174.61.145.156 - - [08/Apr/2013:09:39:12 -0500] "GET /images/nav2.jpg HTTP/1.1" 304 - "http://www.operationspokaneheroes.org/" "Mozilla/5.0 (Windows NT 6.1; WOW64) AppleWebKit/537.31 (KHTML, like Gecko) Chrome/26.0.1410.43 Safari/537.31"
174.61.145.156 - - [08/Apr/2013:09:39:12 -0500] "GET /mainbk.png HTTP/1.1" 304 - "http://www.operationspokaneheroes.org/" "Mozilla/5.0 (Windows NT 6.1; WOW64) AppleWebKit/537.31 (KHTML, like Gecko) Chrome/26.0.1410.43 Safari/537.31"
174.61.145.156 - - [08/Apr/2013:09:39:11 -0500] "GET /images/freedom_friday_click_here.png HTTP/1.1" 200 19268 "http://www.operationspokaneheroes.org/" "Mozilla/5.0 (Windows NT 6.1; WOW64) AppleWebKit/537.31 (KHTML, like Gecko) Chrome/26.0.1410.43 Safari/537.31"
174.61.145.156 - - [08/Apr/2013:09:39:12 -0500] "GET /images/imagslider-1.png HTTP/1.1" 304 - "http://www.operationspokaneheroes.org/slider/index.html" "Mozilla/5.0 (Windows NT 6.1; WOW64) AppleWebKit/537.31 (KHTML, like Gecko) Chrome/26.0.1410.43 Safari/537.31"
174.61.145.156 - - [08/Apr/2013:09:39:12 -0500] "GET /slider/images/slider-bg.jpg HTTP/1.1" 304 - "http://www.operationspokaneheroes.org/slider/index.html" "Mozilla/5.0 (Windows NT 6.1; WOW64) AppleWebKit/537.31 (KHTML, like Gecko) Chrome/26.0.1410.43 Safari/537.31"
174.61.145.156 - - [08/Apr/2013:09:39:12 -0500] "GET /images/imagslider-7.png HTTP/1.1" 304 - "http://www.operationspokaneheroes.org/slider/index.html" "Mozilla/5.0 (Windows NT 6.1; WOW64) AppleWebKit/537.31 (KHTML, like Gecko) Chrome/26.0.1410.43 Safari/537.31"
174.61.145.156 - - [08/Apr/2013:09:39:12 -0500] "GET /images/imagslider-2.png HTTP/1.1" 304 - "http://www.operationspokaneheroes.org/slider/index.html" "Mozilla/5.0 (Windows NT 6.1; WOW64) AppleWebKit/537.31 (KHTML, like Gecko) Chrome/26.0.1410.43 Safari/537.31"
174.61.145.156 - - [08/Apr/2013:09:39:12 -0500] "GET /images/imagslider-4.png HTTP/1.1" 304 - "http://www.operationspokaneheroes.org/slider/index.html" "Mozilla/5.0 (Windows NT 6.1; WOW64) AppleWebKit/537.31 (KHTML, like Gecko) Chrome/26.0.1410.43 Safari/537.31"
174.61.145.156 - - [08/Apr/2013:09:39:12 -0500] "GET /images/imagslider-5.png HTTP/1.1" 304 - "http://www.operationspokaneheroes.org/slider/index.html" "Mozilla/5.0 (Windows NT 6.1; WOW64) AppleWebKit/537.31 (KHTML, like Gecko) Chrome/26.0.1410.43 Safari/537.31"
174.61.145.156 - - [08/Apr/2013:09:39:12 -0500] "GET /images/imagslider-6.png HTTP/1.1" 304 - "http://www.operationspokaneheroes.org/slider/index.html" "Mozilla/5.0 (Windows NT 6.1; WOW64) AppleWebKit/537.31 (KHTML, like Gecko) Chrome/26.0.1410.43 Safari/537.31"
174.61.145.156 - - [08/Apr/2013:09:39:12 -0500] "GET /images/imagslider-3.png HTTP/1.1" 304 - "http://www.operationspokaneheroes.org/slider/index.html" "Mozilla/5.0 (Windows NT 6.1; WOW64) AppleWebKit/537.31 (KHTML, like Gecko) Chrome/26.0.1410.43 Safari/537.31"
174.61.145.156 - - [08/Apr/2013:09:39:12 -0500] "GET /images/slder2.png HTTP/1.1" 304 - "http://www.operationspokaneheroes.org/slider/index.html" "Mozilla/5.0 (Windows NT 6.1; WOW64) AppleWebKit/537.31 (KHTML, like Gecko) Chrome/26.0.1410.43 Safari/537.31"
174.61.145.156 - - [08/Apr/2013:09:39:12 -0500] "GET /images/2.jpg HTTP/1.1" 304 - "http://www.operationspokaneheroes.org/_inc/slide.php" "Mozilla/5.0 (Windows NT 6.1; WOW64) AppleWebKit/537.31 (KHTML, like Gecko) Chrome/26.0.1410.43 Safari/537.31"
174.61.145.156 - - [08/Apr/2013:09:39:12 -0500] "GET /images/mission_statement_bg.png HTTP/1.1" 304 - "http://www.operationspokaneheroes.org/_inc/slide.php" "Mozilla/5.0 (Windows NT 6.1; WOW64) AppleWebKit/537.31 (KHTML, like Gecko) Chrome/26.0.1410.43 Safari/537.31"
174.61.145.156 - - [08/Apr/2013:09:39:12 -0500] "GET /images/4.jpg HTTP/1.1" 304 - "http://www.operationspokaneheroes.org/_inc/slide.php" "Mozilla/5.0 (Windows NT 6.1; WOW64) AppleWebKit/537.31 (KHTML, like Gecko) Chrome/26.0.1410.43 Safari/537.31"
174.61.145.156 - - [08/Apr/2013:09:39:12 -0500] "GET /images/we_believe.png HTTP/1.1" 304 - "http://www.operationspokaneheroes.org/_inc/slide.php" "Mozilla/5.0 (Windows NT 6.1; WOW64) AppleWebKit/537.31 (KHTML, like Gecko) Chrome/26.0.1410.43 Safari/537.31"
174.61.145.156 - - [08/Apr/2013:09:39:12 -0500] "GET /images/we_strive.png HTTP/1.1" 304 - "http://www.operationspokaneheroes.org/_inc/slide.php" "Mozilla/5.0 (Windows NT 6.1; WOW64) AppleWebKit/537.31 (KHTML, like Gecko) Chrome/26.0.1410.43 Safari/537.31"
174.61.145.156 - - [08/Apr/2013:09:39:12 -0500] "GET /images/3.jpg HTTP/1.1" 304 - "http://www.operationspokaneheroes.org/_inc/slide.php" "Mozilla/5.0 (Windows NT 6.1; WOW64) AppleWebKit/537.31 (KHTML, like Gecko) Chrome/26.0.1410.43 Safari/537.31"
174.61.145.156 - - [08/Apr/2013:09:39:12 -0500] "GET /images/we_help.png HTTP/1.1" 304 - "http://www.operationspokaneheroes.org/_inc/slide.php" "Mozilla/5.0 (Windows NT 6.1; WOW64) AppleWebKit/537.31 (KHTML, like Gecko) Chrome/26.0.1410.43 Safari/537.31"
174.61.145.156 - - [08/Apr/2013:09:39:12 -0500] "GET /images/1.jpg HTTP/1.1" 304 - "http://www.operationspokaneheroes.org/_inc/slide.php" "Mozilla/5.0 (Windows NT 6.1; WOW64) AppleWebKit/537.31 (KHTML, like Gecko) Chrome/26.0.1410.43 Safari/537.31"
174.61.145.156 - - [08/Apr/2013:09:39:12 -0500] "GET /images/we_need.png HTTP/1.1" 304 - "http://www.operationspokaneheroes.org/_inc/slide.php" "Mozilla/5.0 (Windows NT 6.1; WOW64) AppleWebKit/537.31 (KHTML, like Gecko) Chrome/26.0.1410.43 Safari/537.31"
174.61.145.156 - - [08/Apr/2013:09:39:12 -0500] "GET /assets/images/btn_top_search_hover.png HTTP/1.1" 404 - "http://www.operationspokaneheroes.org/_inc/slide.php" "Mozilla/5.0 (Windows NT 6.1; WOW64) AppleWebKit/537.31 (KHTML, like Gecko) Chrome/26.0.1410.43 Safari/537.31"
174.61.145.156 - - [08/Apr/2013:09:39:12 -0500] "GET /assets/images/btn_main_search_hover.png HTTP/1.1" 404 - "http://www.operationspokaneheroes.org/_inc/slide.php" "Mozilla/5.0 (Windows NT 6.1; WOW64) AppleWebKit/537.31 (KHTML, like Gecko) Chrome/26.0.1410.43 Safari/537.31"
174.61.145.156 - - [08/Apr/2013:09:39:12 -0500] "GET /favicon.ico HTTP/1.1" 404 - "-" "Mozilla/5.0 (Windows NT 6.1; WOW64) AppleWebKit/537.31 (KHTML, like Gecko) Chrome/26.0.1410.43 Safari/537.31"
174.61.145.156 - - [08/Apr/2013:09:39:13 -0500] "GET /favicon.ico HTTP/1.1" 404 - "-" "Mozilla/5.0 (Windows NT 6.1; WOW64) AppleWebKit/537.31 (KHTML, like Gecko) Chrome/26.0.1410.43 Safari/537.31"
174.61.145.156 - - [08/Apr/2013:09:39:17 -0500] "GET /donate.php HTTP/1.1" 200 11699 "http://www.operationspokaneheroes.org/" "Mozilla/5.0 (Windows NT 6.1; WOW64) AppleWebKit/537.31 (KHTML, like Gecko) Chrome/26.0.1410.43 Safari/537.31"
174.61.145.156 - - [08/Apr/2013:09:39:17 -0500] "GET /_inc/slide.php HTTP/1.1" 200 3205 "http://www.operationspokaneheroes.org/donate.php" "Mozilla/5.0 (Windows NT 6.1; WOW64) AppleWebKit/537.31 (KHTML, like Gecko) Chrome/26.0.1410.43 Safari/537.31"
174.61.145.156 - - [08/Apr/2013:09:39:17 -0500] "GET /assets/images/btn_top_search_hover.png HTTP/1.1" 404 - "http://www.operationspokaneheroes.org/_inc/slide.php" "Mozilla/5.0 (Windows NT 6.1; WOW64) AppleWebKit/537.31 (KHTML, like Gecko) Chrome/26.0.1410.43 Safari/537.31"
174.61.145.156 - - [08/Apr/2013:09:39:17 -0500] "GET /assets/images/btn_main_search_hover.png HTTP/1.1" 404 - "http://www.operationspokaneheroes.org/_inc/slide.php" "Mozilla/5.0 (Windows NT 6.1; WOW64) AppleWebKit/537.31 (KHTML, like Gecko) Chrome/26.0.1410.43 Safari/537.31"
174.61.145.156 - - [08/Apr/2013:09:39:18 -0500] "GET /favicon.ico HTTP/1.1" 404 - "-" "Mozilla/5.0 (Windows NT 6.1; WOW64) AppleWebKit/537.31 (KHTML, like Gecko) Chrome/26.0.1410.43 Safari/537.31"
69.171.229.115 - - [08/Apr/2013:09:45:37 -0500] "GET /donate.php HTTP/1.1" 200 11699 "-" "facebookexternalhit/1.1 (+http://www.facebook.com/externalhit_uatext.php)"
69.171.229.119 - - [08/Apr/2013:09:45:37 -0500] "GET /images/logo.png HTTP/1.1" 206 16000 "http://www.operationspokaneheroes.org/donate.php" "facebookexternalhit/1.1 (+http://www.facebook.com/externalhit_uatext.php)"
69.171.229.116 - - [08/Apr/2013:09:45:38 -0500] "GET /images/contacticon.png HTTP/1.1" 200 4499 "http://www.operationspokaneheroes.org/donate.php" "facebookexternalhit/1.1 (+http://www.facebook.com/externalhit_uatext.php)"
69.171.229.116 - - [08/Apr/2013:09:45:38 -0500] "GET /images/contacticon.png HTTP/1.1" 200 4499 "http://www.operationspokaneheroes.org/donate.php" "facebookexternalhit/1.1 (+http://www.facebook.com/externalhit_uatext.php)"
69.171.229.119 - - [08/Apr/2013:09:45:38 -0500] "GET /images/global.png HTTP/1.1" 200 5737 "http://www.operationspokaneheroes.org/donate.php" "facebookexternalhit/1.1 (+http://www.facebook.com/externalhit_uatext.php)"
69.171.242.118 - - [08/Apr/2013:09:45:39 -0500] "GET /images/global.png HTTP/1.1" 200 5737 "-" "facebookexternalhit/1.1 (+http://www.facebook.com/externalhit_uatext.php)"
66.220.158.119 - - [08/Apr/2013:09:45:39 -0500] "GET /images/facebook.png HTTP/1.1" 200 5004 "-" "facebookexternalhit/1.1 (+http://www.facebook.com/externalhit_uatext.php)"
69.171.229.117 - - [08/Apr/2013:09:45:39 -0500] "GET /images/facebook.png HTTP/1.1" 200 5004 "http://www.operationspokaneheroes.org/donate.php" "facebookexternalhit/1.1 (+http://www.facebook.com/externalhit_uatext.php)"
69.171.229.112 - - [08/Apr/2013:09:45:40 -0500] "GET /images/global.png HTTP/1.1" 200 5737 "http://www.operationspokaneheroes.org/donate.php" "facebookexternalhit/1.1 (+http://www.facebook.com/externalhit_uatext.php)"
69.171.229.117 - - [08/Apr/2013:09:45:39 -0500] "GET /images/logo.png HTTP/1.1" 206 16000 "http://www.operationspokaneheroes.org/donate.php" "facebookexternalhit/1.1 (+http://www.facebook.com/externalhit_uatext.php)"
69.171.233.2 - - [08/Apr/2013:09:45:40 -0500] "GET /images/facebook.png HTTP/1.1" 200 5004 "-" "facebookexternalhit/1.1 (+http://www.facebook.com/externalhit_uatext.php)"
69.171.233.7 - - [08/Apr/2013:09:45:40 -0500] "GET /images/logo.png HTTP/1.1" 200 226129 "-" "facebookexternalhit/1.1 (+http://www.facebook.com/externalhit_uatext.php)"
69.171.229.118 - - [08/Apr/2013:09:45:41 -0500] "GET /images/facebook.png HTTP/1.1" 200 5004 "http://www.operationspokaneheroes.org/donate.php" "facebookexternalhit/1.1 (+http://www.facebook.com/externalhit_uatext.php)"
173.252.101.112 - - [08/Apr/2013:09:45:41 -0500] "GET /images/logo.png HTTP/1.1" 200 226129 "-" "facebookexternalhit/1.1 (+http://www.facebook.com/externalhit_uatext.php)"
216.145.14.142 - - [08/Apr/2013:11:19:33 -0500] "GET /robots.txt HTTP/1.0" 404 - "-" "Mozilla/5.0 (Windows; U; Windows NT 5.1; en; rv:1.9.0.13) Gecko/2009073022 Firefox/3.5.2 (.NET CLR 3.5.30729) SurveyBot/2.3 (DomainTools)"
216.145.14.142 - - [08/Apr/2013:11:19:33 -0500] "GET / HTTP/1.1" 200 10628 "http://whois.domaintools.com/operationspokaneheroes.org" "Mozilla/5.0 (Windows; U; Windows NT 5.1; en; rv:1.9.0.13) Gecko/2009073022 Firefox/3.5.2 (.NET CLR 3.5.30729) SurveyBot/2.3 (DomainTools)"
199.21.99.103 - - [08/Apr/2013:11:23:15 -0500] "GET /freedom.php HTTP/1.1" 200 11227 "-" "Mozilla/5.0 (compatible; YandexBot/3.0; +http://yandex.com/bots)"
173.199.115.155 - - [08/Apr/2013:11:43:25 -0500] "GET /events/carousel_11/carousel_11.html HTTP/1.1" 200 3712 "-" "Mozilla/5.0 (compatible; AhrefsBot/4.0; +http://ahrefs.com/robot/)"
66.249.73.59 - - [08/Apr/2013:12:19:24 -0500] "GET /robots.txt HTTP/1.1" 404 - "-" "Mozilla/5.0 (compatible; Googlebot/2.1; +http://www.google.com/bot.html)"
66.249.73.51 - - [08/Apr/2013:12:19:24 -0500] "GET / HTTP/1.1" 200 10628 "-" "Mozilla/5.0 (compatible; Googlebot/2.1; +http://www.google.com/bot.html)"
144.76.13.77 - - [08/Apr/2013:13:02:22 -0500] "GET /aboutus.php HTTP/1.1" 200 11667 "-" "Mozilla/4.0 (compatible; MSIE 6.0; Windows NT 5.1; SV1)"
144.76.13.77 - - [08/Apr/2013:13:02:22 -0500] "GET /aboutus.php_inc/slide.php HTTP/1.1" 404 - "-" "Mozilla/4.0 (compatible; MSIE 6.0; Windows NT 5.1; SV1)"
144.76.13.77 - - [08/Apr/2013:13:02:23 -0500] "GET /index.php HTTP/1.1" 200 10628 "-" "Mozilla/4.0 (compatible; MSIE 6.0; Windows NT 5.1; SV1)"
144.76.13.77 - - [08/Apr/2013:13:02:23 -0500] "GET /contact.php HTTP/1.1" 200 10519 "-" "Mozilla/4.0 (compatible; MSIE 6.0; Windows NT 5.1; SV1)"
144.76.13.77 - - [08/Apr/2013:13:02:24 -0500] "GET /donate.php HTTP/1.1" 200 11699 "-" "Mozilla/4.0 (compatible; MSIE 6.0; Windows NT 5.1; SV1)"
144.76.13.77 - - [08/Apr/2013:13:02:25 -0500] "GET /business.php HTTP/1.1" 200 10813 "-" "Mozilla/4.0 (compatible; MSIE 6.0; Windows NT 5.1; SV1)"
144.76.13.77 - - [08/Apr/2013:13:02:25 -0500] "GET /calendar.php HTTP/1.1" 200 10644 "-" "Mozilla/4.0 (compatible; MSIE 6.0; Windows NT 5.1; SV1)"
144.76.13.77 - - [08/Apr/2013:13:02:26 -0500] "GET /events.php HTTP/1.1" 200 6407 "-" "Mozilla/4.0 (compatible; MSIE 6.0; Windows NT 5.1; SV1)"
123.125.71.39 - - [08/Apr/2013:13:06:58 -0500] "GET /robots.txt HTTP/1.1" 404 - "-" "Mozilla/5.0 (Windows NT 5.1; rv:6.0.2) Gecko/20100101 Firefox/6.0.2"
199.21.99.103 - - [08/Apr/2013:13:20:24 -0500] "GET /index.php HTTP/1.1" 200 10628 "-" "Mozilla/5.0 (compatible; YandexBot/3.0; +http://yandex.com/bots)"
180.76.5.172 - - [08/Apr/2013:13:41:06 -0500] "GET / HTTP/1.1" 200 10628 "-" "Mozilla/5.0 (compatible; Baiduspider/2.0; +http://www.baidu.com/search/spider.html)"
138.163.106.71 - - [08/Apr/2013:15:11:21 -0500] "GET /pdf/2013%20Salute%20Armed%20Forces.pdf HTTP/1.1" 200 1749455 "http://www.google.com/search?q=2013+salute+to+the+armed+forces+mariners+game&rls=com.microsoft:*&ie=UTF-8&oe=UTF-8&startIndex=&startPage=1" "Mozilla/4.0 (compatible; MSIE 7.0; Windows NT 5.1; .NET CLR 1.1.4322; .NET CLR 3.0.04506.648; .NET CLR 3.5.21022; InfoPath.2; .NET CLR 3.0.4506.2152; .NET CLR 3.5.30729; .NET4.0C; .NET4.0E; .NET CLR 2.0.50727)"
138.163.106.71 - - [08/Apr/2013:15:11:52 -0500] "GET /pdf/2013%20Salute%20Armed%20Forces.pdf HTTP/1.1" 206 463 "-" "Mozilla/4.0 (compatible; MSIE 7.0; Windows NT 5.1; .NET CLR 1.1.4322; .NET CLR 3.0.04506.648; .NET CLR 3.5.21022; InfoPath.2; .NET CLR 3.0.4506.2152; .NET CLR 3.5.30729; .NET4.0C; .NET4.0E; .NET CLR 2.0.50727)"
138.163.106.71 - - [08/Apr/2013:15:11:52 -0500] "GET /pdf/2013%20Salute%20Armed%20Forces.pdf HTTP/1.1" 206 1024 "-" "Mozilla/4.0 (compatible; MSIE 7.0; Windows NT 5.1; .NET CLR 1.1.4322; .NET CLR 3.0.04506.648; .NET CLR 3.5.21022; InfoPath.2; .NET CLR 3.0.4506.2152; .NET CLR 3.5.30729; .NET4.0C; .NET4.0E; .NET CLR 2.0.50727)"
138.163.106.71 - - [08/Apr/2013:15:11:52 -0500] "GET /pdf/2013%20Salute%20Armed%20Forces.pdf HTTP/1.1" 206 13824 "-" "Mozilla/4.0 (compatible; MSIE 7.0; Windows NT 5.1; .NET CLR 1.1.4322; .NET CLR 3.0.04506.648; .NET CLR 3.5.21022; InfoPath.2; .NET CLR 3.0.4506.2152; .NET CLR 3.5.30729; .NET4.0C; .NET4.0E; .NET CLR 2.0.50727)"
138.163.106.71 - - [08/Apr/2013:15:11:52 -0500] "GET /pdf/2013%20Salute%20Armed%20Forces.pdf HTTP/1.1" 206 1536 "-" "Mozilla/4.0 (compatible; MSIE 7.0; Windows NT 5.1; .NET CLR 1.1.4322; .NET CLR 3.0.04506.648; .NET CLR 3.5.21022; InfoPath.2; .NET CLR 3.0.4506.2152; .NET CLR 3.5.30729; .NET4.0C; .NET4.0E; .NET CLR 2.0.50727)"
123.125.71.15 - - [08/Apr/2013:15:13:17 -0500] "GET /robots.txt HTTP/1.1" 404 - "-" "Mozilla/5.0 (Windows NT 5.1; rv:6.0.2) Gecko/20100101 Firefox/6.0.2"
69.171.237.113 - - [08/Apr/2013:15:14:28 -0500] "GET / HTTP/1.1" 200 10628 "-" "facebookexternalhit/1.1 (+http://www.facebook.com/externalhit_uatext.php)"
69.171.237.113 - - [08/Apr/2013:15:14:29 -0500] "GET /images/freedom_friday_click_here.png HTTP/1.1" 206 16000 "http://operationspokaneheroes.org/" "facebookexternalhit/1.1 (+http://www.facebook.com/externalhit_uatext.php)"
69.171.237.116 - - [08/Apr/2013:15:14:29 -0500] "GET /images/contacticon.png HTTP/1.1" 200 4499 "http://operationspokaneheroes.org/" "facebookexternalhit/1.1 (+http://www.facebook.com/externalhit_uatext.php)"
69.171.237.114 - - [08/Apr/2013:15:14:29 -0500] "GET /images/facebook.png HTTP/1.1" 200 5004 "http://operationspokaneheroes.org/" "facebookexternalhit/1.1 (+http://www.facebook.com/externalhit_uatext.php)"
69.171.237.117 - - [08/Apr/2013:15:14:29 -0500] "GET /images/global.png HTTP/1.1" 200 5737 "http://operationspokaneheroes.org/" "facebookexternalhit/1.1 (+http://www.facebook.com/externalhit_uatext.php)"
69.171.237.112 - - [08/Apr/2013:15:14:29 -0500] "GET /images/logo.png HTTP/1.1" 206 16000 "http://operationspokaneheroes.org/" "facebookexternalhit/1.1 (+http://www.facebook.com/externalhit_uatext.php)"
69.171.237.114 - - [08/Apr/2013:15:14:29 -0500] "GET /images/facebook.png HTTP/1.1" 200 5004 "http://operationspokaneheroes.org/" "facebookexternalhit/1.1 (+http://www.facebook.com/externalhit_uatext.php)"
69.171.237.113 - - [08/Apr/2013:15:14:29 -0500] "GET /images/contacticon.png HTTP/1.1" 200 4499 "http://operationspokaneheroes.org/" "facebookexternalhit/1.1 (+http://www.facebook.com/externalhit_uatext.php)"
69.171.237.114 - - [08/Apr/2013:15:14:29 -0500] "GET /images/global.png HTTP/1.1" 200 5737 "http://operationspokaneheroes.org/" "facebookexternalhit/1.1 (+http://www.facebook.com/externalhit_uatext.php)"
69.171.237.113 - - [08/Apr/2013:15:14:29 -0500] "GET /images/logo.png HTTP/1.1" 206 16000 "http://operationspokaneheroes.org/" "facebookexternalhit/1.1 (+http://www.facebook.com/externalhit_uatext.php)"
69.171.237.118 - - [08/Apr/2013:15:14:29 -0500] "GET /images/freedom_friday_click_here.png HTTP/1.1" 206 16000 "http://operationspokaneheroes.org/" "facebookexternalhit/1.1 (+http://www.facebook.com/externalhit_uatext.php)"
69.171.230.248 - - [08/Apr/2013:15:14:30 -0500] "GET /images/freedom_friday_click_here.png HTTP/1.1" 200 19268 "-" "facebookexternalhit/1.1 (+http://www.facebook.com/externalhit_uatext.php)"
69.171.230.245 - - [08/Apr/2013:15:14:30 -0500] "GET /images/logo.png HTTP/1.1" 200 226129 "-" "facebookexternalhit/1.1 (+http://www.facebook.com/externalhit_uatext.php)"
69.171.224.118 - - [08/Apr/2013:15:15:12 -0500] "GET /images/logo.png HTTP/1.1" 200 226129 "-" "facebookexternalhit/1.1 (+http://www.facebook.com/externalhit_uatext.php)"
173.252.73.119 - - [08/Apr/2013:15:15:15 -0500] "GET /images/freedom_friday_click_here.png HTTP/1.1" 200 19268 "-" "facebookexternalhit/1.1 (+http://www.facebook.com/externalhit_uatext.php)"
69.171.228.113 - - [08/Apr/2013:15:15:54 -0500] "GET /images/logo.png HTTP/1.1" 200 226129 "-" "facebookexternalhit/1.1 (+http://www.facebook.com/externalhit_uatext.php)"
173.252.73.116 - - [08/Apr/2013:15:15:57 -0500] "GET /images/freedom_friday_click_here.png HTTP/1.1" 200 19268 "-" "facebookexternalhit/1.1 (+http://www.facebook.com/externalhit_uatext.php)"
62.75.254.22 - - [08/Apr/2013:15:27:07 -0500] "GET /robots.txt HTTP/1.1" 404 - "-" "Linguee Bot (http://www.linguee.com/bot; bot@linguee.com)"
62.75.254.22 - - [08/Apr/2013:15:27:07 -0500] "HEAD /favicon.ico HTTP/1.1" 404 - "-" "Linguee Bot (http://www.linguee.com/bot; bot@linguee.com)"
62.75.254.22 - - [08/Apr/2013:15:27:08 -0500] "GET / HTTP/1.1" 200 10628 "-" "Linguee Bot (http://www.linguee.com/bot; bot@linguee.com)"
62.75.254.22 - - [08/Apr/2013:15:27:09 -0500] "GET / HTTP/1.1" 200 10628 "-" "Linguee Bot (http://www.linguee.com/bot; bot@linguee.com)"
62.75.254.22 - - [08/Apr/2013:15:27:10 -0500] "GET /index.php HTTP/1.1" 200 10628 "-" "Linguee Bot (http://www.linguee.com/bot; bot@linguee.com)"
62.75.254.22 - - [08/Apr/2013:15:27:12 -0500] "GET /aboutus.php HTTP/1.1" 200 11667 "-" "Linguee Bot (http://www.linguee.com/bot; bot@linguee.com)"
62.75.254.22 - - [08/Apr/2013:15:27:12 -0500] "GET /contact.php HTTP/1.1" 200 10519 "-" "Linguee Bot (http://www.linguee.com/bot; bot@linguee.com)"
62.75.254.22 - - [08/Apr/2013:15:27:13 -0500] "GET /donate.php HTTP/1.1" 200 11699 "-" "Linguee Bot (http://www.linguee.com/bot; bot@linguee.com)"
62.75.254.22 - - [08/Apr/2013:15:27:14 -0500] "GET /business.php HTTP/1.1" 200 10813 "-" "Linguee Bot (http://www.linguee.com/bot; bot@linguee.com)"
62.75.254.22 - - [08/Apr/2013:15:27:15 -0500] "GET /calendar.php HTTP/1.1" 200 10644 "-" "Linguee Bot (http://www.linguee.com/bot; bot@linguee.com)"
62.75.254.22 - - [08/Apr/2013:15:27:16 -0500] "GET /events.php HTTP/1.1" 200 6407 "-" "Linguee Bot (http://www.linguee.com/bot; bot@linguee.com)"
62.75.254.22 - - [08/Apr/2013:15:27:16 -0500] "GET /freedom.php HTTP/1.1" 200 11227 "-" "Linguee Bot (http://www.linguee.com/bot; bot@linguee.com)"
62.75.254.22 - - [08/Apr/2013:15:27:17 -0500] "GET /pdf/174 Stores and Business Offering Military Discounts1.pdf HTTP/1.1" 404 - "-" "Linguee Bot (http://www.linguee.com/bot; bot@linguee.com)"
62.75.254.22 - - [08/Apr/2013:15:27:18 -0500] "GET /pdf/2010_Top100_Military_Friendly_Employers.pdf HTTP/1.1" 200 711726 "-" "Linguee Bot (http://www.linguee.com/bot; bot@linguee.com)"
66.249.73.214 - - [08/Apr/2013:15:29:20 -0500] "GET /robots.txt HTTP/1.1" 404 - "-" "Mozilla/5.0 (compatible; Googlebot/2.1; +http://www.google.com/bot.html)"
66.249.73.237 - - [08/Apr/2013:15:29:20 -0500] "GET / HTTP/1.1" 200 10628 "-" "Mozilla/5.0 (compatible; Googlebot/2.1; +http://www.google.com/bot.html)"
66.249.73.213 - - [08/Apr/2013:15:30:42 -0500] "GET /slider/css/style.css HTTP/1.1" 200 1379 "-" "Mozilla/5.0 (compatible; Googlebot/2.1; +http://www.google.com/bot.html)"
69.171.224.116 - - [08/Apr/2013:15:38:08 -0500] "GET /pdf/2013%20Salute%20Armed%20Forces.pdf HTTP/1.1" 206 524288 "-" "facebookexternalhit/1.1 (+http://www.facebook.com/externalhit_uatext.php)"
69.171.224.116 - - [08/Apr/2013:15:38:09 -0500] "GET /pdf/2013+salute+armed+forces.pdf HTTP/1.1" 404 - "-" "facebookexternalhit/1.1 (+http://www.facebook.com/externalhit_uatext.php)"
204.195.51.116 - - [08/Apr/2013:15:38:08 -0500] "GET /pdf/2013%20Salute%20Armed%20Forces.pdf HTTP/1.1" 200 1749455 "http://www.facebook.com/l.php?u=http%3A%2F%2Foperationspokaneheroes.org%2Fpdf%2F2013%2520Salute%2520Armed%2520Forces.pdf&h=fAQGDBgNcAQEgIQAADj57Q86emKdEY9THZKpw77-rV1B4Bw&s=1" "Mozilla/5.0 (Windows NT 5.1; rv:19.0) Gecko/20100101 Firefox/19.0"
204.195.51.116 - - [08/Apr/2013:15:38:13 -0500] "GET /favicon.ico HTTP/1.1" 404 - "-" "Mozilla/5.0 (Windows NT 5.1; rv:19.0) Gecko/20100101 Firefox/19.0"
204.195.51.116 - - [08/Apr/2013:15:38:13 -0500] "GET /favicon.ico HTTP/1.1" 404 - "-" "Mozilla/5.0 (Windows NT 5.1; rv:19.0) Gecko/20100101 Firefox/19.0"
199.21.99.103 - - [08/Apr/2013:15:45:58 -0500] "GET /contact.php HTTP/1.1" 200 10519 "-" "Mozilla/5.0 (compatible; YandexBot/3.0; +http://yandex.com/bots)"
46.118.119.252 - - [08/Apr/2013:15:48:11 -0500] "GET / HTTP/1.1" 200 10628 "http://3xru.ru/" "Opera/9.00 (Windows NT 5.1; U; en)"
46.118.119.252 - - [08/Apr/2013:15:48:12 -0500] "GET / HTTP/1.1" 200 10628 "http://3xru.ru/" "Opera/9.00 (Windows NT 5.1; U; en)"
46.118.119.252 - - [08/Apr/2013:15:48:13 -0500] "GET / HTTP/1.1" 200 10628 "http://3xru.ru/" "Opera/9.00 (Windows NT 5.1; U; en)"
199.21.99.103 - - [08/Apr/2013:15:53:00 -0500] "GET /calendar.php HTTP/1.1" 200 10644 "-" "Mozilla/5.0 (compatible; YandexBot/3.0; +http://yandex.com/bots)"
218.30.103.147 - - [08/Apr/2013:16:07:39 -0500] "GET /robots.txt HTTP/1.1" 404 - "-" "Sogou web spider/4.0"
218.30.103.147 - - [08/Apr/2013:16:07:42 -0500] "GET / HTTP/1.1" 200 10628 "-" "Sogou web spider/4.0(+http://www.sogou.com/docs/help/webmasters.htm#07)"
128.72.67.48 - - [08/Apr/2013:16:10:44 -0500] "GET / HTTP/1.0" 200 10628 "http://yandex.ru/yandsearch?text=operationspokaneheroes.org&lr=213" "Mozilla/4.0 (compatible; MSIE 7.0; Windows NT 5.1; .NET CLR 1.1.4322; .NET CLR 2.0.50727; .NET CLR 3.0.4506.2152; .NET CLR 3.5.30729)"
128.72.67.48 - - [08/Apr/2013:16:10:46 -0500] "GET /css/global.css HTTP/1.0" 200 13951 "http://operationspokaneheroes.org/" "Mozilla/4.0 (compatible; MSIE 7.0; Windows NT 5.1; .NET CLR 1.1.4322; .NET CLR 2.0.50727; .NET CLR 3.0.4506.2152; .NET CLR 3.5.30729)"
128.72.67.48 - - [08/Apr/2013:16:10:47 -0500] "GET /_inc/slide.php HTTP/1.0" 200 3205 "http://operationspokaneheroes.org/" "Mozilla/4.0 (compatible; MSIE 7.0; Windows NT 5.1; .NET CLR 1.1.4322; .NET CLR 2.0.50727; .NET CLR 3.0.4506.2152; .NET CLR 3.5.30729)"
128.72.67.48 - - [08/Apr/2013:16:10:47 -0500] "GET /css/footer.css HTTP/1.0" 200 752 "http://operationspokaneheroes.org/" "Mozilla/4.0 (compatible; MSIE 7.0; Windows NT 5.1; .NET CLR 1.1.4322; .NET CLR 2.0.50727; .NET CLR 3.0.4506.2152; .NET CLR 3.5.30729)"
128.72.67.48 - - [08/Apr/2013:16:10:47 -0500] "GET /slider/index.html HTTP/1.0" 200 3205 "http://operationspokaneheroes.org/" "Mozilla/4.0 (compatible; MSIE 7.0; Windows NT 5.1; .NET CLR 1.1.4322; .NET CLR 2.0.50727; .NET CLR 3.0.4506.2152; .NET CLR 3.5.30729)"
128.72.67.48 - - [08/Apr/2013:16:10:47 -0500] "GET /slider/css/style.css HTTP/1.0" 200 1379 "http://operationspokaneheroes.org/slider/index.html" "Mozilla/4.0 (compatible; MSIE 7.0; Windows NT 5.1; .NET CLR 1.1.4322; .NET CLR 2.0.50727; .NET CLR 3.0.4506.2152; .NET CLR 3.5.30729)"
128.72.67.48 - - [08/Apr/2013:16:10:47 -0500] "GET /css/slide.css HTTP/1.0" 200 2869 "http://operationspokaneheroes.org/_inc/slide.php" "Mozilla/4.0 (compatible; MSIE 7.0; Windows NT 5.1; .NET CLR 1.1.4322; .NET CLR 2.0.50727; .NET CLR 3.0.4506.2152; .NET CLR 3.5.30729)"
128.72.67.48 - - [08/Apr/2013:16:10:48 -0500] "GET /css/style_global.css HTTP/1.0" 200 2621 "http://operationspokaneheroes.org/_inc/slide.php" "Mozilla/4.0 (compatible; MSIE 7.0; Windows NT 5.1; .NET CLR 1.1.4322; .NET CLR 2.0.50727; .NET CLR 3.0.4506.2152; .NET CLR 3.5.30729)"
128.72.67.48 - - [08/Apr/2013:16:10:48 -0500] "GET /slider/js/jquery-1.2.6.js HTTP/1.0" 200 100196 "http://operationspokaneheroes.org/slider/index.html" "Mozilla/4.0 (compatible; MSIE 7.0; Windows NT 5.1; .NET CLR 1.1.4322; .NET CLR 2.0.50727; .NET CLR 3.0.4506.2152; .NET CLR 3.5.30729)"
128.72.67.48 - - [08/Apr/2013:16:10:50 -0500] "GET /slider/js/startstop-slider.js HTTP/1.0" 200 1737 "http://operationspokaneheroes.org/slider/index.html" "Mozilla/4.0 (compatible; MSIE 7.0; Windows NT 5.1; .NET CLR 1.1.4322; .NET CLR 2.0.50727; .NET CLR 3.0.4506.2152; .NET CLR 3.5.30729)"
128.72.67.48 - - [08/Apr/2013:16:10:49 -0500] "GET /js/combined.js HTTP/1.0" 200 169946 "http://operationspokaneheroes.org/_inc/slide.php" "Mozilla/4.0 (compatible; MSIE 7.0; Windows NT 5.1; .NET CLR 1.1.4322; .NET CLR 2.0.50727; .NET CLR 3.0.4506.2152; .NET CLR 3.5.30729)"
66.249.73.235 - - [08/Apr/2013:16:13:07 -0500] "GET /pdf/osh_show.pdf HTTP/1.1" 200 6794939 "-" "Mozilla/5.0 (compatible; Googlebot/2.1; +http://www.google.com/bot.html)"
199.21.99.103 - - [08/Apr/2013:16:18:03 -0500] "GET / HTTP/1.1" 200 10628 "-" "Mozilla/5.0 (compatible; YandexBot/3.0; +http://yandex.com/bots)"
66.249.73.238 - - [08/Apr/2013:16:25:51 -0500] "GET /css/style_global.css HTTP/1.1" 200 2621 "-" "Mozilla/5.0 (compatible; Googlebot/2.1; +http://www.google.com/bot.html)"
157.55.32.149 - - [08/Apr/2013:16:31:41 -0500] "GET /robots.txt HTTP/1.1" 404 - "-" "Mozilla/5.0 (compatible; bingbot/2.0; +http://www.bing.com/bingbot.htm)"
157.55.32.149 - - [08/Apr/2013:16:34:08 -0500] "GET /pdf/Operation%20Wings%20of%20Hope%20Poster.pdf HTTP/1.1" 200 298825 "-" "Mozilla/5.0 (compatible; bingbot/2.0; +http://www.bing.com/bingbot.htm)"
92.249.127.111 - - [08/Apr/2013:17:33:04 -0500] "GET / HTTP/1.1" 200 10628 "http://bestdizajn.ru/" "Mozilla/5.0 (compatible; news bot /2.1)"
92.249.127.111 - - [08/Apr/2013:17:33:05 -0500] "GET / HTTP/1.1" 200 10628 "http://bestdizajn.ru/" "Mozilla/5.0 (compatible; news bot /2.1)"
92.249.127.111 - - [08/Apr/2013:17:33:06 -0500] "GET / HTTP/1.1" 200 10628 "http://bestdizajn.ru/" "Mozilla/5.0 (compatible; news bot /2.1)"
91.207.9.226 - - [08/Apr/2013:18:33:37 -0500] "GET / HTTP/1.1" 200 10628 "http://low-price-moscow-taxi.ru/" "Mozilla/4.0 (compatible; MSIE 6.0; Windows NT 5.1; .NET CLR 1.1.4322)"
91.207.9.226 - - [08/Apr/2013:18:33:38 -0500] "GET / HTTP/1.1" 200 10628 "http://low-price-moscow-taxi.ru/" "Mozilla/4.0 (compatible; MSIE 6.0; Windows NT 5.1; .NET CLR 1.1.4322)"
91.207.9.226 - - [08/Apr/2013:18:33:39 -0500] "GET / HTTP/1.1" 200 10628 "http://low-price-moscow-taxi.ru/" "Mozilla/4.0 (compatible; MSIE 6.0; Windows NT 5.1; .NET CLR 1.1.4322)"
66.249.73.208 - - [08/Apr/2013:19:03:39 -0500] "GET / HTTP/1.1" 200 10628 "-" "DoCoMo/2.0 N905i(c100;TB;W24H16) (compatible; Googlebot-Mobile/2.1; +http://www.google.com/bot.html)"
66.249.73.215 - - [08/Apr/2013:19:12:29 -0500] "GET /_inc/slide.php HTTP/1.1" 200 3205 "-" "Mozilla/5.0 (compatible; Googlebot/2.1; +http://www.google.com/bot.html)"
91.207.4.186 - - [08/Apr/2013:19:47:16 -0500] "GET / HTTP/1.1" 200 10628 "http://lenterda.net/news.php?readmore=73" "Mozilla/4.0 (compatible; MSIE 6.0; Windows 98; Win 9x 4.90)"
91.207.4.186 - - [08/Apr/2013:19:47:17 -0500] "GET / HTTP/1.1" 200 10628 "http://lenterda.net/news.php?readmore=73" "Mozilla/4.0 (compatible; MSIE 6.0; Windows 98; Win 9x 4.90)"
46.118.119.252 - - [08/Apr/2013:20:17:22 -0500] "GET / HTTP/1.1" 200 10628 "http://oneweb.ru/" "Mozilla/4.0 (compatible; MSIE 5.5; Windows NT 5.0; T312461)"
46.118.119.252 - - [08/Apr/2013:20:17:23 -0500] "GET / HTTP/1.1" 200 10628 "http://oneweb.ru/" "Mozilla/4.0 (compatible; MSIE 5.5; Windows NT 5.0; T312461)"
46.118.119.252 - - [08/Apr/2013:20:17:24 -0500] "GET / HTTP/1.1" 200 10628 "http://oneweb.ru/" "Mozilla/4.0 (compatible; MSIE 5.5; Windows NT 5.0; T312461)"
65.55.24.233 - - [08/Apr/2013:20:39:50 -0500] "GET /robots.txt HTTP/1.1" 404 - "-" "Mozilla/5.0 (compatible; bingbot/2.0; +http://www.bing.com/bingbot.htm)"
65.55.24.233 - - [08/Apr/2013:20:45:16 -0500] "GET / HTTP/1.1" 200 10628 "-" "Mozilla/5.0 (compatible; bingbot/2.0; +http://www.bing.com/bingbot.htm)"
173.199.115.155 - - [08/Apr/2013:21:18:59 -0500] "GET /slider/index.html HTTP/1.1" 200 3205 "-" "Mozilla/5.0 (compatible; AhrefsBot/4.0; +http://ahrefs.com/robot/)"
195.242.218.133 - - [08/Apr/2013:22:40:41 -0500] "GET / HTTP/1.1" 200 10628 "http://emigrant.name/" "Mozilla/4.0 (compatible; MSIE 6.0; Windows NT 5.1; SV1)"
195.242.218.133 - - [08/Apr/2013:22:40:43 -0500] "GET / HTTP/1.1" 200 10628 "http://emigrant.name/" "Mozilla/4.0 (compatible; MSIE 6.0; Windows NT 5.1; SV1)"
195.242.218.133 - - [08/Apr/2013:22:40:44 -0500] "GET / HTTP/1.1" 200 10628 "http://emigrant.name/" "Mozilla/4.0 (compatible; MSIE 6.0; Windows NT 5.1; SV1)"
173.199.115.155 - - [08/Apr/2013:23:16:35 -0500] "GET /_inc/contact.php HTTP/1.1" 200 756 "-" "Mozilla/5.0 (compatible; AhrefsBot/4.0; +http://ahrefs.com/robot/)"
208.115.111.70 - - [09/Apr/2013:00:01:21 -0500] "GET /robots.txt HTTP/1.1" 404 - "-" "Mozilla/5.0 (compatible; Ezooms/1.0; ezooms.bot@gmail.com)"
173.192.235.226 - - [09/Apr/2013:00:27:11 -0500] "GET /robots.txt HTTP/1.1" 404 - "-" "Mozilla/5.0 (compatible; SiteExplorer/1.0b; +http://siteexplorer.info/)"
173.192.235.226 - - [09/Apr/2013:00:27:11 -0500] "GET /index.php HTTP/1.1" 200 10628 "-" "Mozilla/5.0 (compatible; SiteExplorer/1.0b; +http://siteexplorer.info/)"
173.192.235.226 - - [09/Apr/2013:00:27:17 -0500] "GET /freedom.php HTTP/1.1" 200 11227 "-" "Mozilla/5.0 (compatible; SiteExplorer/1.0b; +http://siteexplorer.info/)"
173.192.235.226 - - [09/Apr/2013:00:27:23 -0500] "GET /events.php HTTP/1.1" 200 6407 "-" "Mozilla/5.0 (compatible; SiteExplorer/1.0b; +http://siteexplorer.info/)"
173.192.235.226 - - [09/Apr/2013:00:27:28 -0500] "GET /donate.php HTTP/1.1" 200 11699 "-" "Mozilla/5.0 (compatible; SiteExplorer/1.0b; +http://siteexplorer.info/)"
173.192.235.226 - - [09/Apr/2013:00:27:34 -0500] "GET /contact.php HTTP/1.1" 200 10519 "-" "Mozilla/5.0 (compatible; SiteExplorer/1.0b; +http://siteexplorer.info/)"
173.192.235.226 - - [09/Apr/2013:00:27:39 -0500] "GET /calendar.php HTTP/1.1" 200 10644 "-" "Mozilla/5.0 (compatible; SiteExplorer/1.0b; +http://siteexplorer.info/)"
173.192.235.226 - - [09/Apr/2013:00:27:45 -0500] "GET /business.php HTTP/1.1" 200 10813 "-" "Mozilla/5.0 (compatible; SiteExplorer/1.0b; +http://siteexplorer.info/)"
173.192.235.226 - - [09/Apr/2013:00:27:51 -0500] "GET /aboutus.php HTTP/1.1" 200 11667 "-" "Mozilla/5.0 (compatible; SiteExplorer/1.0b; +http://siteexplorer.info/)"
173.192.235.226 - - [09/Apr/2013:00:27:56 -0500] "GET /robots.txt HTTP/1.1" 404 - "-" "Mozilla/5.0 (compatible; SiteExplorer/1.0b; +http://siteexplorer.info/)"
173.192.235.226 - - [09/Apr/2013:00:27:58 -0500] "GET / HTTP/1.1" 200 10628 "-" "Mozilla/5.0 (compatible; SiteExplorer/1.0b; +http://siteexplorer.info/)"
208.115.111.70 - - [09/Apr/2013:01:14:51 -0500] "GET /donate.php HTTP/1.1" 200 11699 "-" "Mozilla/5.0 (compatible; Ezooms/1.0; ezooms.bot@gmail.com)"
66.249.74.71 - - [09/Apr/2013:01:30:24 -0500] "GET /robots.txt HTTP/1.1" 404 - "-" "Mozilla/5.0 (compatible; Googlebot/2.1; +http://www.google.com/bot.html)"
66.249.74.78 - - [09/Apr/2013:01:30:24 -0500] "GET / HTTP/1.1" 200 10628 "-" "Mozilla/5.0 (iPhone; U; CPU iPhone OS 4_1 like Mac OS X; en-us) AppleWebKit/532.9 (KHTML, like Gecko) Version/4.0.5 Mobile/8B117 Safari/6531.22.7 (compatible; Googlebot-Mobile/2.1; +http://www.google.com/bot.html)"
180.76.6.14 - - [09/Apr/2013:01:39:10 -0500] "GET / HTTP/1.1" 200 10628 "-" "Mozilla/5.0 (compatible; Baiduspider/2.0; +http://www.baidu.com/search/spider.html)"
66.249.74.67 - - [09/Apr/2013:01:41:50 -0500] "GET /robots.txt HTTP/1.1" 404 - "-" "Mozilla/5.0 (compatible; Googlebot/2.1; +http://www.google.com/bot.html)"
66.249.74.79 - - [09/Apr/2013:01:41:50 -0500] "GET / HTTP/1.1" 200 10628 "-" "Mozilla/5.0 (iPhone; U; CPU iPhone OS 4_1 like Mac OS X; en-us) AppleWebKit/532.9 (KHTML, like Gecko) Version/4.0.5 Mobile/8B117 Safari/6531.22.7 (compatible; Googlebot-Mobile/2.1; +http://www.google.com/bot.html)"
66.249.74.69 - - [09/Apr/2013:01:44:59 -0500] "GET /css/global.css HTTP/1.1" 200 13951 "-" "Mozilla/5.0 (compatible; Googlebot/2.1; +http://www.google.com/bot.html)"
66.249.74.39 - - [09/Apr/2013:01:44:59 -0500] "GET /css/footer.css HTTP/1.1" 200 752 "-" "Mozilla/5.0 (compatible; Googlebot/2.1; +http://www.google.com/bot.html)"
66.249.74.52 - - [09/Apr/2013:01:45:00 -0500] "GET /css/slide.css HTTP/1.1" 200 2869 "-" "Mozilla/5.0 (compatible; Googlebot/2.1; +http://www.google.com/bot.html)"
199.21.99.103 - - [09/Apr/2013:01:45:24 -0500] "GET /robots.txt HTTP/1.1" 404 - "-" "Mozilla/5.0 (compatible; YandexBot/3.0; +http://yandex.com/bots)"
199.21.99.103 - - [09/Apr/2013:01:45:26 -0500] "GET / HTTP/1.1" 200 10628 "-" "Mozilla/5.0 (compatible; YandexBot/3.0; MirrorDetector; +http://yandex.com/bots)"
199.21.99.103 - - [09/Apr/2013:01:45:27 -0500] "GET /robots.txt HTTP/1.1" 404 - "-" "Mozilla/5.0 (compatible; YandexBot/3.0; +http://yandex.com/bots)"
199.21.99.103 - - [09/Apr/2013:01:45:29 -0500] "GET / HTTP/1.1" 200 10628 "-" "Mozilla/5.0 (compatible; YandexBot/3.0; MirrorDetector; +http://yandex.com/bots)"
199.21.99.103 - - [09/Apr/2013:01:45:39 -0500] "GET / HTTP/1.1" 200 10628 "-" "Mozilla/5.0 (compatible; YandexBot/3.0; MirrorDetector; +http://yandex.com/bots)"
199.21.99.103 - - [09/Apr/2013:01:45:40 -0500] "GET / HTTP/1.1" 200 10628 "-" "Mozilla/5.0 (compatible; YandexBot/3.0; MirrorDetector; +http://yandex.com/bots)"
157.55.32.81 - - [09/Apr/2013:01:48:34 -0500] "GET /robots.txt HTTP/1.1" 404 - "-" "Mozilla/5.0 (compatible; bingbot/2.0; +http://www.bing.com/bingbot.htm)"
157.55.32.81 - - [09/Apr/2013:01:50:39 -0500] "GET /contact.php HTTP/1.1" 200 10519 "-" "Mozilla/5.0 (compatible; bingbot/2.0; +http://www.bing.com/bingbot.htm)"
180.76.5.15 - - [09/Apr/2013:01:54:10 -0500] "GET /slider/ HTTP/1.1" 200 3205 "-" "Mozilla/5.0 (compatible; Baiduspider/2.0; +http://www.baidu.com/search/spider.html)"
91.207.4.186 - - [09/Apr/2013:02:30:59 -0500] "GET / HTTP/1.1" 200 10628 "http://studycomets.net/news.php?readmore=93" "Mozilla/4.0 (compatible; MSIE 6.0; Windows NT 5.1; Q312461)"
91.207.4.186 - - [09/Apr/2013:02:31:00 -0500] "GET / HTTP/1.1" 200 10628 "http://studycomets.net/news.php?readmore=93" "Mozilla/4.0 (compatible; MSIE 6.0; Windows NT 5.1; Q312461)"
217.69.133.68 - - [09/Apr/2013:03:32:29 -0500] "GET /robots.txt HTTP/1.0" 404 - "-" "Mozilla/5.0 (compatible; Mail.RU_Bot/2.0; +http://go.mail.ru/help/robots)"
173.199.115.155 - - [09/Apr/2013:03:41:09 -0500] "GET /freedom.php HTTP/1.1" 200 11227 "-" "Mozilla/5.0 (compatible; AhrefsBot/4.0; +http://ahrefs.com/robot/)"
66.249.74.77 - - [09/Apr/2013:04:33:01 -0500] "GET /freedom.php HTTP/1.1" 200 11227 "-" "Mozilla/5.0 (iPhone; U; CPU iPhone OS 4_1 like Mac OS X; en-us) AppleWebKit/532.9 (KHTML, like Gecko) Version/4.0.5 Mobile/8B117 Safari/6531.22.7 (compatible; Googlebot-Mobile/2.1; +http://www.google.com/bot.html)"
65.55.24.233 - - [09/Apr/2013:04:51:08 -0500] "GET /robots.txt HTTP/1.1" 404 - "-" "Mozilla/5.0 (compatible; bingbot/2.0; +http://www.bing.com/bingbot.htm)"
65.55.24.233 - - [09/Apr/2013:04:54:57 -0500] "GET / HTTP/1.1" 200 10628 "-" "Mozilla/5.0 (compatible; bingbot/2.0; +http://www.bing.com/bingbot.htm)"
66.249.74.55 - - [09/Apr/2013:05:30:03 -0500] "GET /aboutus.php HTTP/1.1" 200 11667 "-" "Mozilla/5.0 (iPhone; U; CPU iPhone OS 4_1 like Mac OS X; en-us) AppleWebKit/532.9 (KHTML, like Gecko) Version/4.0.5 Mobile/8B117 Safari/6531.22.7 (compatible; Googlebot-Mobile/2.1; +http://www.google.com/bot.html)"
173.199.115.155 - - [09/Apr/2013:05:35:15 -0500] "GET /calendar.php HTTP/1.1" 200 10644 "-" "Mozilla/5.0 (compatible; AhrefsBot/4.0; +http://ahrefs.com/robot/)"
202.46.54.44 - - [09/Apr/2013:05:36:09 -0500] "GET / HTTP/1.1" 200 10628 "-" "Mozilla/4.0 (compatible; MSIE 7.0; Windows NT 6.0)"
119.63.193.132 - - [09/Apr/2013:05:36:10 -0500] "GET / HTTP/1.1" 200 10628 "-" "Mozilla/4.0 (compatible; MSIE 7.0; Windows NT 6.0)"
173.199.115.155 - - [09/Apr/2013:05:44:03 -0500] "GET /events/ermy_event/ermy.html HTTP/1.1" 200 3507 "-" "Mozilla/5.0 (compatible; AhrefsBot/4.0; +http://ahrefs.com/robot/)"
190.178.14.123 - - [09/Apr/2013:07:03:21 -0500] "GET /wp-admin/ HTTP/1.1" 404 - "-" "Mozilla/5.0 (Windows NT 6.2; WOW64) AppleWebKit/537.15 (KHTML, like Gecko) Chrome/24.0.1295.0 Safari/537.15"
190.178.14.123 - - [09/Apr/2013:07:03:21 -0500] "GET /wordpress/wp-admin/ HTTP/1.1" 404 - "-" "Mozilla/5.0 (compatible; MSIE 9.0; Windows NT 7.1; Trident/5.0)"
190.178.14.123 - - [09/Apr/2013:07:03:21 -0500] "GET /blog/wp-admin/ HTTP/1.1" 404 - "-" "Mozilla/5.0 (Windows NT 6.1; rv:15.0) Gecko/20120716 Firefox/15.0a2"
217.69.133.68 - - [09/Apr/2013:07:43:51 -0500] "GET /robots.txt HTTP/1.0" 404 - "-" "Mozilla/5.0 (compatible; Mail.RU_Bot/2.0; +http://go.mail.ru/help/robots)"
66.249.74.43 - - [09/Apr/2013:09:06:08 -0500] "GET / HTTP/1.1" 200 10628 "-" "SAMSUNG-SGH-E250/1.0 Profile/MIDP-2.0 Configuration/CLDC-1.1 UP.Browser/6.2.3.3.c.1.101 (GUI) MMP/2.0 (compatible; Googlebot-Mobile/2.1; +http://www.google.com/bot.html)"
91.207.4.186 - - [09/Apr/2013:11:19:39 -0500] "GET / HTTP/1.1" 200 10628 "http://danelkon.net/" "Mozilla/4.0 (compatible; MSIE 6.0; Windows NT 5.1; Maxthon; .NET CLR 1.1.4322)"
91.207.4.186 - - [09/Apr/2013:11:19:40 -0500] "GET / HTTP/1.1" 200 10628 "http://danelkon.net/" "Mozilla/4.0 (compatible; MSIE 6.0; Windows NT 5.1; Maxthon; .NET CLR 1.1.4322)"
74.208.5.52 - - [09/Apr/2013:11:20:02 -0500] "GET / HTTP/1.1" 200 10628 "" "Mozilla/5.0 (Windows NT 6.1; WOW64; rv:14.0) Gecko/20100101 Firefox/14.0.1"
178.137.129.44 - - [09/Apr/2013:11:20:05 -0500] "GET / HTTP/1.1" 200 10628 "http://arm-z.ru/" "Mozilla/4.0 (compatible; MSIE 7.0; Windows NT 5.1; SV1; .NET CLR 2.0.50727)"
178.137.129.44 - - [09/Apr/2013:11:20:06 -0500] "GET / HTTP/1.1" 200 10628 "http://arm-z.ru/" "Mozilla/4.0 (compatible; MSIE 7.0; Windows NT 5.1; SV1; .NET CLR 2.0.50727)"
178.137.129.44 - - [09/Apr/2013:11:20:07 -0500] "GET / HTTP/1.1" 200 10628 "http://arm-z.ru/" "Mozilla/4.0 (compatible; MSIE 7.0; Windows NT 5.1; SV1; .NET CLR 2.0.50727)"
139.18.2.209 - - [09/Apr/2013:11:20:36 -0500] "GET /donate.php HTTP/1.1" 200 11699 "-" "findlinks/2.6 (+http://wortschatz.uni-leipzig.de/findlinks/)"
173.199.115.155 - - [09/Apr/2013:11:35:44 -0500] "GET /java_for_joes/index.html?3e3ea140 HTTP/1.1" 404 - "-" "Mozilla/5.0 (compatible; AhrefsBot/4.0; +http://ahrefs.com/robot/)"
66.249.74.43 - - [09/Apr/2013:11:48:00 -0500] "GET /pdf/174%20Stores%20and%20Business%20Offering%20Military%20Discounts1.pdf HTTP/1.1" 200 122888 "-" "Mozilla/5.0 (compatible; Googlebot/2.1; +http://www.google.com/bot.html)"
178.137.129.44 - - [09/Apr/2013:12:58:16 -0500] "GET / HTTP/1.1" 200 10628 "http://chevrolet.barsavto.ru/" "Mozilla/4.0 (compatible; MSIE 5.01; Windows 95; MSIECrawler)"
178.137.129.44 - - [09/Apr/2013:12:58:17 -0500] "GET / HTTP/1.1" 200 10628 "http://chevrolet.barsavto.ru/" "Mozilla/4.0 (compatible; MSIE 5.01; Windows 95; MSIECrawler)"
178.137.129.44 - - [09/Apr/2013:12:58:18 -0500] "GET / HTTP/1.1" 200 10628 "http://chevrolet.barsavto.ru/" "Mozilla/4.0 (compatible; MSIE 5.01; Windows 95; MSIECrawler)"
79.28.14.103 - - [09/Apr/2013:13:13:47 -0500] "GET /events/ermy_event/images/10.jpg HTTP/1.1" 200 123002 "-" "Mozilla/5.0 (compatible; MSIE 10.0; Windows NT 6.1; Trident/6.0)"
91.207.9.226 - - [09/Apr/2013:14:31:05 -0500] "GET / HTTP/1.1" 200 10628 "http://remont-fridge-tv.ru/" "Mozilla/4.0 (compatible; MSIE 6.0; Windows NT 5.1; Maxthon; .NET CLR 1.1.4322)"
91.207.9.226 - - [09/Apr/2013:14:31:06 -0500] "GET / HTTP/1.1" 200 10628 "http://remont-fridge-tv.ru/" "Mozilla/4.0 (compatible; MSIE 6.0; Windows NT 5.1; Maxthon; .NET CLR 1.1.4322)"
91.207.9.226 - - [09/Apr/2013:14:31:07 -0500] "GET / HTTP/1.1" 200 10628 "http://remont-fridge-tv.ru/" "Mozilla/4.0 (compatible; MSIE 6.0; Windows NT 5.1; Maxthon; .NET CLR 1.1.4322)"
173.199.115.155 - - [09/Apr/2013:14:56:54 -0500] "GET /_inc/slide.php HTTP/1.1" 200 3205 "-" "Mozilla/5.0 (compatible; AhrefsBot/4.0; +http://ahrefs.com/robot/)"
173.199.115.155 - - [09/Apr/2013:14:59:17 -0500] "GET /_inc/slide.php HTTP/1.1" 200 3205 "-" "Mozilla/5.0 (compatible; AhrefsBot/4.0; +http://ahrefs.com/robot/)"
65.55.24.233 - - [09/Apr/2013:15:17:56 -0500] "GET /robots.txt HTTP/1.1" 404 - "-" "Mozilla/5.0 (compatible; bingbot/2.0; +http://www.bing.com/bingbot.htm)"
65.55.24.233 - - [09/Apr/2013:15:19:57 -0500] "GET / HTTP/1.1" 200 10628 "-" "Mozilla/5.0 (compatible; bingbot/2.0; +http://www.bing.com/bingbot.htm)"
178.255.215.79 - - [09/Apr/2013:15:50:51 -0500] "GET /robots.txt HTTP/1.1" 404 - "-" "Mozilla/5.0 (compatible; Exabot/3.0; +http://www.exabot.com/go/robot)"
178.255.215.79 - - [09/Apr/2013:15:50:51 -0500] "GET / HTTP/1.1" 200 10628 "-" "Mozilla/5.0 (compatible; Exabot/3.0; +http://www.exabot.com/go/robot)"
173.192.34.95 - - [09/Apr/2013:17:45:19 -0500] "GET /java_for_joes/index.html HTTP/1.1" 404 - "-" "Aboundex/0.2 (http://www.aboundex.com/crawler/)"
173.192.34.95 - - [09/Apr/2013:18:22:52 -0500] "GET /robots.txt HTTP/1.1" 404 - "-" "Aboundex/0.2 (http://www.aboundex.com/crawler/)"
173.192.34.95 - - [09/Apr/2013:18:22:52 -0500] "GET / HTTP/1.1" 200 10628 "-" "Aboundex/0.2 (http://www.aboundex.com/crawler/)"
173.192.34.95 - - [09/Apr/2013:18:22:52 -0500] "GET /_inc/slide.php HTTP/1.1" 200 3205 "-" "Aboundex/0.2 (http://www.aboundex.com/crawler/)"
173.192.34.95 - - [09/Apr/2013:18:22:53 -0500] "GET /aboutus.php HTTP/1.1" 200 11667 "-" "Aboundex/0.2 (http://www.aboundex.com/crawler/)"
173.192.34.95 - - [09/Apr/2013:18:22:53 -0500] "GET /index.php HTTP/1.1" 200 10628 "-" "Aboundex/0.2 (http://www.aboundex.com/crawler/)"
173.192.34.95 - - [09/Apr/2013:18:22:53 -0500] "GET /contact.php HTTP/1.1" 200 10519 "-" "Aboundex/0.2 (http://www.aboundex.com/crawler/)"
173.192.34.95 - - [09/Apr/2013:18:22:53 -0500] "GET /donate.php HTTP/1.1" 200 11699 "-" "Aboundex/0.2 (http://www.aboundex.com/crawler/)"
173.192.34.95 - - [09/Apr/2013:18:22:53 -0500] "GET /business.php HTTP/1.1" 200 10813 "-" "Aboundex/0.2 (http://www.aboundex.com/crawler/)"
173.192.34.95 - - [09/Apr/2013:18:22:53 -0500] "GET /calendar.php HTTP/1.1" 200 10644 "-" "Aboundex/0.2 (http://www.aboundex.com/crawler/)"
173.192.34.95 - - [09/Apr/2013:18:22:54 -0500] "GET /events.php HTTP/1.1" 200 6407 "-" "Aboundex/0.2 (http://www.aboundex.com/crawler/)"
173.192.34.95 - - [09/Apr/2013:18:22:54 -0500] "GET /freedom.php HTTP/1.1" 200 11227 "-" "Aboundex/0.2 (http://www.aboundex.com/crawler/)"
173.199.120.67 - - [09/Apr/2013:19:50:20 -0500] "GET /robots.txt HTTP/1.1" 404 - "-" "Mozilla/5.0 (compatible; AhrefsBot/4.0; +http://ahrefs.com/robot/)"
173.199.120.67 - - [09/Apr/2013:19:50:23 -0500] "GET /robots.txt HTTP/1.1" 404 - "-" "Mozilla/5.0 (compatible; AhrefsBot/4.0; +http://ahrefs.com/robot/)"
66.249.74.43 - - [09/Apr/2013:21:27:30 -0500] "GET /robots.txt HTTP/1.1" 404 - "-" "Mozilla/5.0 (compatible; Googlebot/2.1; +http://www.google.com/bot.html)"
66.249.74.43 - - [09/Apr/2013:21:27:30 -0500] "GET /donate.php HTTP/1.1" 200 11699 "-" "Mozilla/5.0 (iPhone; U; CPU iPhone OS 4_1 like Mac OS X; en-us) AppleWebKit/532.9 (KHTML, like Gecko) Version/4.0.5 Mobile/8B117 Safari/6531.22.7 (compatible; Googlebot-Mobile/2.1; +http://www.google.com/bot.html)"
91.207.4.186 - - [09/Apr/2013:22:10:06 -0500] "GET / HTTP/1.1" 200 10448 "http://plutoncosmos.net/" "Mozilla/4.0 (compatible; MSIE 6.0; Windows NT 5.1; Maxthon; .NET CLR 1.1.4322)"
91.207.4.186 - - [09/Apr/2013:22:10:07 -0500] "GET / HTTP/1.1" 200 10628 "http://plutoncosmos.net/" "Mozilla/4.0 (compatible; MSIE 6.0; Windows NT 5.1; Maxthon; .NET CLR 1.1.4322)"
66.249.74.43 - - [09/Apr/2013:23:21:53 -0500] "GET / HTTP/1.1" 200 10628 "-" "Mozilla/5.0 (compatible; Googlebot/2.1; +http://www.google.com/bot.html)"
66.249.74.43 - - [09/Apr/2013:23:29:52 -0500] "GET /slider/css/style.css HTTP/1.1" 200 1379 "-" "Mozilla/5.0 (compatible; Googlebot/2.1; +http://www.google.com/bot.html)"
66.249.74.43 - - [09/Apr/2013:23:29:52 -0500] "GET /css/style_global.css HTTP/1.1" 200 2621 "-" "Mozilla/5.0 (compatible; Googlebot/2.1; +http://www.google.com/bot.html)"
91.207.6.34 - - [09/Apr/2013:23:47:16 -0500] "GET / HTTP/1.1" 200 10628 "http://www.prostitutki-donetska.org/" "Mozilla/4.0 (compatible; MSIE 6.0; Windows NT 5.1) Netscape/8.0.4"
91.207.6.34 - - [09/Apr/2013:23:47:17 -0500] "GET / HTTP/1.1" 200 10628 "http://www.prostitutki-donetska.org/" "Mozilla/4.0 (compatible; MSIE 6.0; Windows NT 5.1) Netscape/8.0.4"
91.207.6.34 - - [09/Apr/2013:23:47:18 -0500] "GET / HTTP/1.1" 200 10628 "http://www.prostitutki-donetska.org/" "Mozilla/4.0 (compatible; MSIE 6.0; Windows NT 5.1) Netscape/8.0.4"
199.21.99.103 - - [09/Apr/2013:23:54:33 -0500] "GET /robots.txt HTTP/1.1" 404 - "-" "Mozilla/5.0 (compatible; YandexBot/3.0; +http://yandex.com/bots)"
180.76.5.17 - - [10/Apr/2013:00:59:05 -0500] "GET /business.php HTTP/1.1" 200 10813 "-" "Mozilla/5.0 (compatible; Baiduspider/2.0; +http://www.baidu.com/search/spider.html)"
157.56.93.201 - - [10/Apr/2013:01:40:37 -0500] "GET /robots.txt HTTP/1.1" 404 - "-" "Mozilla/5.0 (compatible; bingbot/2.0; +http://www.bing.com/bingbot.htm)"
157.56.93.201 - - [10/Apr/2013:01:42:41 -0500] "GET /pdf/ HTTP/1.1" 200 3661 "-" "Mozilla/5.0 (compatible; bingbot/2.0; +http://www.bing.com/bingbot.htm)"
199.21.99.103 - - [10/Apr/2013:02:07:08 -0500] "GET /robots.txt HTTP/1.1" 404 - "-" "Mozilla/5.0 (compatible; YandexBot/3.0; +http://yandex.com/bots)"
77.88.26.25 - - [10/Apr/2013:02:07:12 -0500] "GET / HTTP/1.1" 200 10628 "-" "Mozilla/5.0 (compatible; YandexBot/3.0; +http://yandex.com/bots)"
46.118.119.252 - - [10/Apr/2013:02:22:08 -0500] "GET / HTTP/1.1" 200 10628 "http://www.mart-an.ru/" "Mozilla/4.0 (compatible; MSIE 5.5; Windows NT 5.0; T312461)"
46.118.119.252 - - [10/Apr/2013:02:22:08 -0500] "GET / HTTP/1.1" 200 10628 "http://yobero.ru/" "Mozilla/4.0 (compatible; MSIE 5.5; Windows NT 5.0; T312461)"
46.118.119.252 - - [10/Apr/2013:02:22:09 -0500] "GET / HTTP/1.1" 200 10628 "http://www.mart-an.ru/" "Mozilla/4.0 (compatible; MSIE 5.5; Windows NT 5.0; T312461)"
46.118.119.252 - - [10/Apr/2013:02:22:09 -0500] "GET / HTTP/1.1" 200 10628 "http://yobero.ru/" "Mozilla/4.0 (compatible; MSIE 5.5; Windows NT 5.0; T312461)"
46.118.119.252 - - [10/Apr/2013:02:22:10 -0500] "GET / HTTP/1.1" 200 10628 "http://www.mart-an.ru/" "Mozilla/4.0 (compatible; MSIE 5.5; Windows NT 5.0; T312461)"
46.118.119.252 - - [10/Apr/2013:02:22:10 -0500] "GET / HTTP/1.1" 200 10628 "http://yobero.ru/" "Mozilla/4.0 (compatible; MSIE 5.5; Windows NT 5.0; T312461)"
91.207.6.34 - - [10/Apr/2013:02:45:18 -0500] "GET / HTTP/1.1" 200 10628 "http://www.prostitutki-rostova.org/" "Mozilla/4.0 (compatible; MSIE 6.0; Windows NT 5.1) Netscape/8.0.4"
91.207.6.34 - - [10/Apr/2013:02:45:19 -0500] "GET / HTTP/1.1" 200 10628 "http://www.prostitutki-rostova.org/" "Mozilla/4.0 (compatible; MSIE 6.0; Windows NT 5.1) Netscape/8.0.4"
91.207.6.34 - - [10/Apr/2013:02:45:20 -0500] "GET / HTTP/1.1" 200 10628 "http://www.prostitutki-rostova.org/" "Mozilla/4.0 (compatible; MSIE 6.0; Windows NT 5.1) Netscape/8.0.4"
66.249.74.43 - - [10/Apr/2013:03:08:19 -0500] "GET /business.php HTTP/1.1" 200 10813 "-" "Mozilla/5.0 (iPhone; U; CPU iPhone OS 4_1 like Mac OS X; en-us) AppleWebKit/532.9 (KHTML, like Gecko) Version/4.0.5 Mobile/8B117 Safari/6531.22.7 (compatible; Googlebot-Mobile/2.1; +http://www.google.com/bot.html)"
