67.185.23.205 - - [04/May/2012:21:56:44 -0500] "GET /business.php HTTP/1.1" 200 10592 "http://operationspokaneheroes.org/calendar.php" "Mozilla/5.0 (Windows NT 5.1) AppleWebKit/535.19 (KHTML, like Gecko) Chrome/18.0.1025.168 Safari/535.19"
67.185.23.205 - - [04/May/2012:21:56:44 -0500] "GET /_inc/slide.php HTTP/1.1" 200 3205 "http://operationspokaneheroes.org/business.php" "Mozilla/5.0 (Windows NT 5.1) AppleWebKit/535.19 (KHTML, like Gecko) Chrome/18.0.1025.168 Safari/535.19"
67.185.23.205 - - [04/May/2012:21:56:45 -0500] "GET /assets/images/btn_main_search_hover.png HTTP/1.1" 404 - "http://operationspokaneheroes.org/_inc/slide.php" "Mozilla/5.0 (Windows NT 5.1) AppleWebKit/535.19 (KHTML, like Gecko) Chrome/18.0.1025.168 Safari/535.19"
67.185.23.205 - - [04/May/2012:21:56:45 -0500] "GET /assets/images/btn_top_search_hover.png HTTP/1.1" 404 - "http://operationspokaneheroes.org/_inc/slide.php" "Mozilla/5.0 (Windows NT 5.1) AppleWebKit/535.19 (KHTML, like Gecko) Chrome/18.0.1025.168 Safari/535.19"
67.185.23.205 - - [04/May/2012:21:56:45 -0500] "GET /favicon.ico HTTP/1.1" 404 - "-" "Mozilla/5.0 (Windows NT 5.1) AppleWebKit/535.19 (KHTML, like Gecko) Chrome/18.0.1025.168 Safari/535.19"
67.185.23.205 - - [04/May/2012:21:56:56 -0500] "GET /donate.php HTTP/1.1" 200 12791 "http://operationspokaneheroes.org/business.php" "Mozilla/5.0 (Windows NT 5.1) AppleWebKit/535.19 (KHTML, like Gecko) Chrome/18.0.1025.168 Safari/535.19"
67.185.23.205 - - [04/May/2012:21:56:56 -0500] "GET /_inc/slide.php HTTP/1.1" 200 3205 "http://operationspokaneheroes.org/donate.php" "Mozilla/5.0 (Windows NT 5.1) AppleWebKit/535.19 (KHTML, like Gecko) Chrome/18.0.1025.168 Safari/535.19"
67.185.23.205 - - [04/May/2012:21:56:59 -0500] "GET /assets/images/btn_top_search_hover.png HTTP/1.1" 404 - "http://operationspokaneheroes.org/_inc/slide.php" "Mozilla/5.0 (Windows NT 5.1) AppleWebKit/535.19 (KHTML, like Gecko) Chrome/18.0.1025.168 Safari/535.19"
67.185.23.205 - - [04/May/2012:21:57:02 -0500] "GET /assets/images/btn_main_search_hover.png HTTP/1.1" 404 - "http://operationspokaneheroes.org/_inc/slide.php" "Mozilla/5.0 (Windows NT 5.1) AppleWebKit/535.19 (KHTML, like Gecko) Chrome/18.0.1025.168 Safari/535.19"
67.185.23.205 - - [04/May/2012:21:57:02 -0500] "GET /favicon.ico HTTP/1.1" 404 - "-" "Mozilla/5.0 (Windows NT 5.1) AppleWebKit/535.19 (KHTML, like Gecko) Chrome/18.0.1025.168 Safari/535.19"
67.185.23.205 - - [04/May/2012:21:57:07 -0500] "GET /contact.php HTTP/1.1" 200 10298 "http://operationspokaneheroes.org/donate.php" "Mozilla/5.0 (Windows NT 5.1) AppleWebKit/535.19 (KHTML, like Gecko) Chrome/18.0.1025.168 Safari/535.19"
67.185.23.205 - - [04/May/2012:21:57:07 -0500] "GET /_inc/slide.php HTTP/1.1" 200 3205 "http://operationspokaneheroes.org/contact.php" "Mozilla/5.0 (Windows NT 5.1) AppleWebKit/535.19 (KHTML, like Gecko) Chrome/18.0.1025.168 Safari/535.19"
67.185.23.205 - - [04/May/2012:21:57:07 -0500] "GET /assets/images/btn_top_search_hover.png HTTP/1.1" 404 - "http://operationspokaneheroes.org/_inc/slide.php" "Mozilla/5.0 (Windows NT 5.1) AppleWebKit/535.19 (KHTML, like Gecko) Chrome/18.0.1025.168 Safari/535.19"
67.185.23.205 - - [04/May/2012:21:57:07 -0500] "GET /assets/images/btn_main_search_hover.png HTTP/1.1" 404 - "http://operationspokaneheroes.org/_inc/slide.php" "Mozilla/5.0 (Windows NT 5.1) AppleWebKit/535.19 (KHTML, like Gecko) Chrome/18.0.1025.168 Safari/535.19"
67.185.23.205 - - [04/May/2012:21:57:07 -0500] "GET /_inc/contact.php HTTP/1.1" 200 756 "http://operationspokaneheroes.org/contact.php" "Mozilla/5.0 (Windows NT 5.1) AppleWebKit/535.19 (KHTML, like Gecko) Chrome/18.0.1025.168 Safari/535.19"
67.185.23.205 - - [04/May/2012:21:57:09 -0500] "GET /favicon.ico HTTP/1.1" 404 - "-" "Mozilla/5.0 (Windows NT 5.1) AppleWebKit/535.19 (KHTML, like Gecko) Chrome/18.0.1025.168 Safari/535.19"
67.185.23.205 - - [04/May/2012:22:00:03 -0500] "POST /contact/contactengine.php HTTP/1.1" 200 61 "http://operationspokaneheroes.org/_inc/contact.php" "Mozilla/5.0 (Windows NT 5.1) AppleWebKit/535.19 (KHTML, like Gecko) Chrome/18.0.1025.168 Safari/535.19"
67.185.23.205 - - [04/May/2012:22:00:04 -0500] "GET /favicon.ico HTTP/1.1" 404 - "-" "Mozilla/5.0 (Windows NT 5.1) AppleWebKit/535.19 (KHTML, like Gecko) Chrome/18.0.1025.168 Safari/535.19"
67.185.23.205 - - [04/May/2012:22:00:03 -0500] "GET /contact/contactthanks.php HTTP/1.1" 200 492 "http://operationspokaneheroes.org/contact/contactengine.php" "Mozilla/5.0 (Windows NT 5.1) AppleWebKit/535.19 (KHTML, like Gecko) Chrome/18.0.1025.168 Safari/535.19"
67.185.23.205 - - [04/May/2012:22:00:04 -0500] "GET /contact/style.css HTTP/1.1" 200 853 "http://operationspokaneheroes.org/contact/contactthanks.php" "Mozilla/5.0 (Windows NT 5.1) AppleWebKit/535.19 (KHTML, like Gecko) Chrome/18.0.1025.168 Safari/535.19"
67.185.23.205 - - [04/May/2012:22:00:04 -0500] "GET /favicon.ico HTTP/1.1" 404 - "-" "Mozilla/5.0 (Windows NT 5.1) AppleWebKit/535.19 (KHTML, like Gecko) Chrome/18.0.1025.168 Safari/535.19"
67.185.23.205 - - [04/May/2012:22:00:49 -0500] "GET /favicon.ico HTTP/1.1" 404 - "-" "Mozilla/5.0 (Windows NT 5.1) AppleWebKit/535.19 (KHTML, like Gecko) Chrome/18.0.1025.168 Safari/535.19"
67.185.23.205 - - [04/May/2012:22:00:49 -0500] "GET /_inc/slide.php HTTP/1.1" 200 3205 "http://operationspokaneheroes.org/donate.php" "Mozilla/5.0 (Windows NT 5.1) AppleWebKit/535.19 (KHTML, like Gecko) Chrome/18.0.1025.168 Safari/535.19"
67.185.23.205 - - [04/May/2012:22:00:49 -0500] "GET /assets/images/btn_top_search_hover.png HTTP/1.1" 404 - "http://operationspokaneheroes.org/_inc/slide.php" "Mozilla/5.0 (Windows NT 5.1) AppleWebKit/535.19 (KHTML, like Gecko) Chrome/18.0.1025.168 Safari/535.19"
67.185.23.205 - - [04/May/2012:22:00:49 -0500] "GET /assets/images/btn_main_search_hover.png HTTP/1.1" 404 - "http://operationspokaneheroes.org/_inc/slide.php" "Mozilla/5.0 (Windows NT 5.1) AppleWebKit/535.19 (KHTML, like Gecko) Chrome/18.0.1025.168 Safari/535.19"
67.185.23.205 - - [04/May/2012:22:00:50 -0500] "GET /favicon.ico HTTP/1.1" 404 - "-" "Mozilla/5.0 (Windows NT 5.1) AppleWebKit/535.19 (KHTML, like Gecko) Chrome/18.0.1025.168 Safari/535.19"
67.185.23.205 - - [04/May/2012:22:00:51 -0500] "GET /_inc/slide.php HTTP/1.1" 200 3205 "http://operationspokaneheroes.org/contact.php" "Mozilla/5.0 (Windows NT 5.1) AppleWebKit/535.19 (KHTML, like Gecko) Chrome/18.0.1025.168 Safari/535.19"
67.185.23.205 - - [04/May/2012:22:00:51 -0500] "GET /_inc/contact.php HTTP/1.1" 200 756 "http://operationspokaneheroes.org/contact.php" "Mozilla/5.0 (Windows NT 5.1) AppleWebKit/535.19 (KHTML, like Gecko) Chrome/18.0.1025.168 Safari/535.19"
67.185.23.205 - - [04/May/2012:22:00:52 -0500] "GET /assets/images/btn_top_search_hover.png HTTP/1.1" 404 - "http://operationspokaneheroes.org/_inc/slide.php" "Mozilla/5.0 (Windows NT 5.1) AppleWebKit/535.19 (KHTML, like Gecko) Chrome/18.0.1025.168 Safari/535.19"
67.185.23.205 - - [04/May/2012:22:00:52 -0500] "GET /assets/images/btn_main_search_hover.png HTTP/1.1" 404 - "http://operationspokaneheroes.org/_inc/slide.php" "Mozilla/5.0 (Windows NT 5.1) AppleWebKit/535.19 (KHTML, like Gecko) Chrome/18.0.1025.168 Safari/535.19"
67.185.23.205 - - [04/May/2012:22:00:52 -0500] "GET /favicon.ico HTTP/1.1" 404 - "-" "Mozilla/5.0 (Windows NT 5.1) AppleWebKit/535.19 (KHTML, like Gecko) Chrome/18.0.1025.168 Safari/535.19"
67.185.23.205 - - [04/May/2012:22:01:58 -0500] "POST /contact/contactengine.php HTTP/1.1" 200 61 "http://operationspokaneheroes.org/_inc/contact.php" "Mozilla/5.0 (Windows NT 5.1) AppleWebKit/535.19 (KHTML, like Gecko) Chrome/18.0.1025.168 Safari/535.19"
67.185.23.205 - - [04/May/2012:22:01:59 -0500] "GET /favicon.ico HTTP/1.1" 404 - "-" "Mozilla/5.0 (Windows NT 5.1) AppleWebKit/535.19 (KHTML, like Gecko) Chrome/18.0.1025.168 Safari/535.19"
67.185.23.205 - - [04/May/2012:22:01:59 -0500] "GET /contact/contactthanks.php HTTP/1.1" 200 492 "http://operationspokaneheroes.org/contact/contactengine.php" "Mozilla/5.0 (Windows NT 5.1) AppleWebKit/535.19 (KHTML, like Gecko) Chrome/18.0.1025.168 Safari/535.19"
67.185.23.205 - - [04/May/2012:22:01:59 -0500] "GET /favicon.ico HTTP/1.1" 404 - "-" "Mozilla/5.0 (Windows NT 5.1) AppleWebKit/535.19 (KHTML, like Gecko) Chrome/18.0.1025.168 Safari/535.19"
67.185.23.205 - - [04/May/2012:22:02:06 -0500] "GET /favicon.ico HTTP/1.1" 404 - "-" "Mozilla/5.0 (Windows NT 5.1) AppleWebKit/535.19 (KHTML, like Gecko) Chrome/18.0.1025.168 Safari/535.19"
67.185.23.205 - - [04/May/2012:22:02:19 -0500] "GET /_inc/slide.php HTTP/1.1" 200 3205 "http://operationspokaneheroes.org/donate.php" "Mozilla/5.0 (Windows NT 5.1) AppleWebKit/535.19 (KHTML, like Gecko) Chrome/18.0.1025.168 Safari/535.19"
67.185.23.205 - - [04/May/2012:22:02:19 -0500] "GET /assets/images/btn_top_search_hover.png HTTP/1.1" 404 - "http://operationspokaneheroes.org/_inc/slide.php" "Mozilla/5.0 (Windows NT 5.1) AppleWebKit/535.19 (KHTML, like Gecko) Chrome/18.0.1025.168 Safari/535.19"
67.185.23.205 - - [04/May/2012:22:02:19 -0500] "GET /assets/images/btn_main_search_hover.png HTTP/1.1" 404 - "http://operationspokaneheroes.org/_inc/slide.php" "Mozilla/5.0 (Windows NT 5.1) AppleWebKit/535.19 (KHTML, like Gecko) Chrome/18.0.1025.168 Safari/535.19"
67.185.23.205 - - [04/May/2012:22:02:20 -0500] "GET /favicon.ico HTTP/1.1" 404 - "-" "Mozilla/5.0 (Windows NT 5.1) AppleWebKit/535.19 (KHTML, like Gecko) Chrome/18.0.1025.168 Safari/535.19"
67.185.23.205 - - [04/May/2012:22:02:20 -0500] "GET /_inc/slide.php HTTP/1.1" 200 3205 "http://operationspokaneheroes.org/business.php" "Mozilla/5.0 (Windows NT 5.1) AppleWebKit/535.19 (KHTML, like Gecko) Chrome/18.0.1025.168 Safari/535.19"
67.185.23.205 - - [04/May/2012:22:02:20 -0500] "GET /assets/images/btn_top_search_hover.png HTTP/1.1" 404 - "http://operationspokaneheroes.org/_inc/slide.php" "Mozilla/5.0 (Windows NT 5.1) AppleWebKit/535.19 (KHTML, like Gecko) Chrome/18.0.1025.168 Safari/535.19"
67.185.23.205 - - [04/May/2012:22:02:20 -0500] "GET /assets/images/btn_main_search_hover.png HTTP/1.1" 404 - "http://operationspokaneheroes.org/_inc/slide.php" "Mozilla/5.0 (Windows NT 5.1) AppleWebKit/535.19 (KHTML, like Gecko) Chrome/18.0.1025.168 Safari/535.19"
67.185.23.205 - - [04/May/2012:22:02:20 -0500] "GET /favicon.ico HTTP/1.1" 404 - "-" "Mozilla/5.0 (Windows NT 5.1) AppleWebKit/535.19 (KHTML, like Gecko) Chrome/18.0.1025.168 Safari/535.19"
67.185.23.205 - - [04/May/2012:22:02:21 -0500] "GET /_inc/slide.php HTTP/1.1" 200 3205 "http://operationspokaneheroes.org/calendar.php" "Mozilla/5.0 (Windows NT 5.1) AppleWebKit/535.19 (KHTML, like Gecko) Chrome/18.0.1025.168 Safari/535.19"
67.185.23.205 - - [04/May/2012:22:02:21 -0500] "GET /assets/images/btn_top_search_hover.png HTTP/1.1" 404 - "http://operationspokaneheroes.org/_inc/slide.php" "Mozilla/5.0 (Windows NT 5.1) AppleWebKit/535.19 (KHTML, like Gecko) Chrome/18.0.1025.168 Safari/535.19"
67.185.23.205 - - [04/May/2012:22:02:21 -0500] "GET /assets/images/btn_main_search_hover.png HTTP/1.1" 404 - "http://operationspokaneheroes.org/_inc/slide.php" "Mozilla/5.0 (Windows NT 5.1) AppleWebKit/535.19 (KHTML, like Gecko) Chrome/18.0.1025.168 Safari/535.19"
67.185.23.205 - - [04/May/2012:22:02:22 -0500] "GET /favicon.ico HTTP/1.1" 404 - "-" "Mozilla/5.0 (Windows NT 5.1) AppleWebKit/535.19 (KHTML, like Gecko) Chrome/18.0.1025.168 Safari/535.19"
67.185.23.205 - - [04/May/2012:22:02:22 -0500] "GET /_inc/slide.php HTTP/1.1" 200 3205 "http://operationspokaneheroes.org/business.php" "Mozilla/5.0 (Windows NT 5.1) AppleWebKit/535.19 (KHTML, like Gecko) Chrome/18.0.1025.168 Safari/535.19"
67.185.23.205 - - [04/May/2012:22:02:22 -0500] "GET /favicon.ico HTTP/1.1" 404 - "-" "Mozilla/5.0 (Windows NT 5.1) AppleWebKit/535.19 (KHTML, like Gecko) Chrome/18.0.1025.168 Safari/535.19"
67.185.23.205 - - [04/May/2012:22:02:22 -0500] "GET /_inc/slide.php HTTP/1.1" 200 3205 "http://operationspokaneheroes.org/index.php" "Mozilla/5.0 (Windows NT 5.1) AppleWebKit/535.19 (KHTML, like Gecko) Chrome/18.0.1025.168 Safari/535.19"
67.185.23.205 - - [04/May/2012:22:02:23 -0500] "GET /_inc/slide.php HTTP/1.1" 200 3205 "http://operationspokaneheroes.org/contact.php" "Mozilla/5.0 (Windows NT 5.1) AppleWebKit/535.19 (KHTML, like Gecko) Chrome/18.0.1025.168 Safari/535.19"
67.185.23.205 - - [04/May/2012:22:02:23 -0500] "GET /favicon.ico HTTP/1.1" 404 - "-" "Mozilla/5.0 (Windows NT 5.1) AppleWebKit/535.19 (KHTML, like Gecko) Chrome/18.0.1025.168 Safari/535.19"
67.185.23.205 - - [04/May/2012:22:02:23 -0500] "GET /_inc/contact.php HTTP/1.1" 200 756 "http://operationspokaneheroes.org/contact.php" "Mozilla/5.0 (Windows NT 5.1) AppleWebKit/535.19 (KHTML, like Gecko) Chrome/18.0.1025.168 Safari/535.19"
67.185.23.205 - - [04/May/2012:22:02:23 -0500] "GET /_inc/slide.php HTTP/1.1" 200 3205 "http://operationspokaneheroes.org/aboutus.php" "Mozilla/5.0 (Windows NT 5.1) AppleWebKit/535.19 (KHTML, like Gecko) Chrome/18.0.1025.168 Safari/535.19"
65.52.109.146 - - [04/May/2012:22:44:31 -0500] "GET /robots.txt HTTP/1.1" 404 - "-" "Mozilla/5.0 (compatible; bingbot/2.0; +http://www.bing.com/bingbot.htm)"
65.52.109.146 - - [04/May/2012:22:45:16 -0500] "GET /employers.php HTTP/1.1" 404 - "-" "Mozilla/5.0 (compatible; bingbot/2.0; +http://www.bing.com/bingbot.htm)"
1.202.218.8 - - [04/May/2012:23:49:30 -0500] "GET /robots.txt HTTP/1.0" 404 - "-" "\"Mozilla/5.0"
180.76.5.185 - - [05/May/2012:01:14:40 -0500] "GET /robots.txt HTTP/1.1" 404 - "-" "Mozilla/5.0 (Windows NT 5.1; rv:6.0.2) Gecko/20100101 Firefox/6.0.2"
207.46.192.45 - - [05/May/2012:01:38:49 -0500] "GET /robots.txt HTTP/1.1" 404 - "-" "Mozilla/5.0 (compatible; bingbot/2.0; +http://www.bing.com/bingbot.htm)"
207.46.192.45 - - [05/May/2012:01:39:50 -0500] "GET /java_for_joes/index.html HTTP/1.1" 404 - "-" "Mozilla/5.0 (compatible; bingbot/2.0; +http://www.bing.com/bingbot.htm)"
66.249.73.15 - - [05/May/2012:03:02:29 -0500] "GET /robots.txt HTTP/1.1" 404 - "-" "Mozilla/5.0 (compatible; Googlebot/2.1; +http://www.google.com/bot.html)"
66.249.73.15 - - [05/May/2012:03:02:29 -0500] "GET /pdf/backtoschool.pdf HTTP/1.1" 404 - "-" "Mozilla/5.0 (compatible; Googlebot/2.1; +http://www.google.com/bot.html)"
1.202.218.8 - - [05/May/2012:03:03:14 -0500] "GET /robots.txt HTTP/1.0" 404 - "-" "\"Mozilla/5.0"
1.202.218.14 - - [05/May/2012:03:49:09 -0500] "GET /robots.txt HTTP/1.0" 404 - "-" "Mozilla/5.0 ()"
1.202.218.14 - - [05/May/2012:03:49:12 -0500] "GET /images/java_for_joes_flyer2.jpg HTTP/1.0" 404 - "http://operationspokaneheroes.org/java_for_joes/index.html" "\"Mozilla/5.0"
192.162.19.183 - - [05/May/2012:04:45:01 -0500] "GET / HTTP/1.1" 200 10264 "http://games.siteua.org/" "Mozilla/5.0 (Admin Catalog; Windows NT 5.1; infobot.4942@yahoo.com)"
69.58.178.56 - - [05/May/2012:05:22:58 -0500] "GET /robots.txt HTTP/1.1" 404 - "-" "Mozilla/5.0 (X11; U; Linux i686; en-US; rv:1.9.2.24; ips-agent) Gecko/20111107 Ubuntu/10.04 (lucid) Firefox/3.6.24"
69.58.178.56 - - [05/May/2012:05:22:59 -0500] "GET / HTTP/1.1" 200 10444 "-" "Mozilla/5.0 (X11; U; Linux i686; en-US; rv:1.9.2.24; ips-agent) Gecko/20111107 Ubuntu/10.04 (lucid) Firefox/3.6.24"
69.58.178.56 - - [05/May/2012:05:23:02 -0500] "GET / HTTP/1.1" 200 10444 "-" "BlackBerry9630/5.0.0.732 Profile/MIDP-2.1 Configuration/CLDC-1.1 VendorID/102 ips-agent"
69.58.178.56 - - [05/May/2012:05:23:06 -0500] "GET /aboutus.php HTTP/1.1" 200 11446 "-" "Mozilla/5.0 (X11; U; Linux i686; en-US; rv:1.9.2.24; ips-agent) Gecko/20111107 Ubuntu/10.04 (lucid) Firefox/3.6.24"
69.58.178.56 - - [05/May/2012:05:23:07 -0500] "GET /contact.php HTTP/1.1" 200 10298 "-" "BlackBerry9630/5.0.0.732 Profile/MIDP-2.1 Configuration/CLDC-1.1 VendorID/102 ips-agent"
69.58.178.56 - - [05/May/2012:05:23:09 -0500] "GET /index.php HTTP/1.1" 200 10444 "-" "Mozilla/5.0 (X11; U; Linux i686; en-US; rv:1.9.2.24; ips-agent) Gecko/20111107 Ubuntu/10.04 (lucid) Firefox/3.6.24"
69.58.178.56 - - [05/May/2012:05:23:10 -0500] "GET /donate.php HTTP/1.1" 200 12791 "-" "Mozilla/5.0 (X11; U; Linux i686; en-US; rv:1.9.2.24; ips-agent) Gecko/20111107 Ubuntu/10.04 (lucid) Firefox/3.6.24"
69.58.178.56 - - [05/May/2012:05:23:11 -0500] "GET /business.php HTTP/1.1" 200 10592 "-" "Mozilla/5.0 (X11; U; Linux i686; en-US; rv:1.9.2.24; ips-agent) Gecko/20111107 Ubuntu/10.04 (lucid) Firefox/3.6.24"
69.58.178.56 - - [05/May/2012:05:23:13 -0500] "GET /calendar.php HTTP/1.1" 200 10488 "-" "Mozilla/5.0 (X11; U; Linux i686; en-US; rv:1.9.2.24; ips-agent) Gecko/20111107 Ubuntu/10.04 (lucid) Firefox/3.6.24"
69.58.178.56 - - [05/May/2012:05:23:14 -0500] "GET /_inc/slide.php HTTP/1.1" 200 3205 "-" "Mozilla/5.0 (X11; U; Linux i686; en-US; rv:1.9.2.24; ips-agent) Gecko/20111107 Ubuntu/10.04 (lucid) Firefox/3.6.24"
69.58.178.56 - - [05/May/2012:05:23:15 -0500] "GET /slider.html HTTP/1.1" 200 7923 "-" "Mozilla/5.0 (X11; U; Linux i686; en-US; rv:1.9.2.24; ips-agent) Gecko/20111107 Ubuntu/10.04 (lucid) Firefox/3.6.24"
69.58.178.56 - - [05/May/2012:05:23:16 -0500] "GET /_inc/contact.php HTTP/1.1" 200 756 "-" "BlackBerry9630/5.0.0.732 Profile/MIDP-2.1 Configuration/CLDC-1.1 VendorID/102 ips-agent"
207.46.13.117 - - [05/May/2012:06:12:54 -0500] "GET /robots.txt HTTP/1.1" 404 - "-" "Mozilla/5.0 (compatible; bingbot/2.0; +http://www.bing.com/bingbot.htm)"
207.46.13.117 - - [05/May/2012:06:13:51 -0500] "GET /pdf/REVISION2%20Military%20Kids%20Camp%202012%20(2).pdf HTTP/1.1" 200 1691328 "-" "Mozilla/5.0 (compatible; bingbot/2.0; +http://www.bing.com/bingbot.htm)"
1.202.218.8 - - [05/May/2012:06:19:35 -0500] "GET /robots.txt HTTP/1.0" 404 - "-" "\"Mozilla/5.0"
180.76.5.150 - - [05/May/2012:08:42:03 -0500] "GET / HTTP/1.1" 200 10444 "-" "Mozilla/5.0 (compatible; Baiduspider/2.0; +http://www.baidu.com/search/spider.html)"
100.43.83.155 - - [05/May/2012:09:24:10 -0500] "GET /donate.php HTTP/1.1" 200 12791 "-" "Mozilla/5.0 (compatible; YandexBot/3.0; +http://yandex.com/bots)"
100.43.83.155 - - [05/May/2012:09:24:13 -0500] "GET /pdf/NWMSGrandPrix2011FLYER.pdf HTTP/1.1" 404 - "-" "Mozilla/5.0 (compatible; YandexBot/3.0; +http://yandex.com/bots)"
1.202.218.8 - - [05/May/2012:09:31:12 -0500] "GET /robots.txt HTTP/1.0" 404 - "-" "\"Mozilla/5.0"
66.220.149.249 - - [05/May/2012:09:34:17 -0500] "GET /images/global.png HTTP/1.1" 200 5737 "-" "facebookexternalhit/1.0 (+http://www.facebook.com/externalhit_uatext.php)"
65.52.110.16 - - [05/May/2012:09:43:37 -0500] "GET /robots.txt HTTP/1.1" 404 - "-" "Mozilla/5.0 (compatible; bingbot/2.0; +http://www.bing.com/bingbot.htm)"
65.52.110.16 - - [05/May/2012:09:44:23 -0500] "GET / HTTP/1.1" 200 10444 "-" "Mozilla/5.0 (compatible; bingbot/2.0; +http://www.bing.com/bingbot.htm)"
109.120.157.179 - - [05/May/2012:09:45:58 -0500] "GET / HTTP/1.1" 200 10444 "http://x-musics.com/" "Mozilla/5.0 (compatible; Googlebot/2.1; +http://www.google.com/bot.html)"
109.120.157.179 - - [05/May/2012:09:45:59 -0500] "GET / HTTP/1.1" 200 10444 "http://x-musics.com/" "Mozilla/5.0 (compatible; Googlebot/2.1; +http://www.google.com/bot.html)"
1.202.218.14 - - [05/May/2012:09:46:22 -0500] "GET /robots.txt HTTP/1.0" 404 - "-" "Mozilla/5.0 ()"
1.202.218.14 - - [05/May/2012:09:46:24 -0500] "GET /images/q6.jpg HTTP/1.0" 404 - "http://operationspokaneheroes.org/java_for_joes/index.html" "\"Mozilla/5.0"
95.108.150.235 - - [05/May/2012:11:11:54 -0500] "GET /robots.txt HTTP/1.1" 404 - "-" "Mozilla/5.0 (compatible; YandexBot/3.0; +http://yandex.com/bots)"
95.108.150.235 - - [05/May/2012:11:11:55 -0500] "GET / HTTP/1.1" 200 10444 "-" "Mozilla/5.0 (compatible; YandexBot/3.0; +http://yandex.com/bots)"
95.108.150.235 - - [05/May/2012:11:11:56 -0500] "GET / HTTP/1.1" 200 10444 "-" "Mozilla/5.0 (compatible; YandexBot/3.0; +http://yandex.com/bots)"
95.108.150.235 - - [05/May/2012:11:11:59 -0500] "GET /robots.txt HTTP/1.1" 404 - "-" "Mozilla/5.0 (compatible; YandexBot/3.0; +http://yandex.com/bots)"
95.108.150.235 - - [05/May/2012:11:12:02 -0500] "GET / HTTP/1.1" 200 10444 "-" "Mozilla/5.0 (compatible; YandexBot/3.0; +http://yandex.com/bots)"
95.108.150.235 - - [05/May/2012:11:12:03 -0500] "GET / HTTP/1.1" 200 10444 "-" "Mozilla/5.0 (compatible; YandexBot/3.0; +http://yandex.com/bots)"
184.82.131.106 - - [05/May/2012:12:21:29 -0500] "GET / HTTP/1.1" 200 10444 "-" "Mozilla/5.0 (Windows NT 6.1; WOW64; rv:5.0.1) Gecko/20100101 Firefox/5.0.1"
1.202.218.8 - - [05/May/2012:12:40:06 -0500] "GET /robots.txt HTTP/1.0" 404 - "-" "\"Mozilla/5.0"
65.52.108.199 - - [05/May/2012:12:53:41 -0500] "GET /robots.txt HTTP/1.1" 404 - "-" "Mozilla/5.0 (compatible; bingbot/2.0; +http://www.bing.com/bingbot.htm)"
65.52.108.199 - - [05/May/2012:12:54:24 -0500] "GET /_inc/upcoming.php HTTP/1.1" 200 3545 "-" "Mozilla/5.0 (compatible; bingbot/2.0; +http://www.bing.com/bingbot.htm)"
212.113.37.105 - - [05/May/2012:14:01:56 -0500] "GET / HTTP/1.1" 200 10444 "-" "Mozilla/5.0 (compatible; AhrefsBot/3.0; +http://ahrefs.com/robot/)"
91.32.97.58 - - [05/May/2012:15:10:48 -0500] "GET / HTTP/1.1" 200 10444 "-" "Mozilla/4.0 (compatible; MSIE 8.0; Windows NT 5.1; Trident/4.0; .NET CLR 1.1.4322; .NET CLR 2.0.50727; .NET CLR 3.0.4506.2152; .NET CLR 3.5.30729; .NET4.0C)"
66.249.73.15 - - [05/May/2012:15:28:40 -0500] "GET /robots.txt HTTP/1.1" 404 - "-" "Mozilla/5.0 (compatible; Googlebot/2.1; +http://www.google.com/bot.html)"
66.249.73.15 - - [05/May/2012:15:28:40 -0500] "GET /java_for_joes/index.html HTTP/1.1" 404 - "-" "Mozilla/5.0 (iPhone; U; CPU iPhone OS 4_1 like Mac OS X; en-us) AppleWebKit/532.9 (KHTML, like Gecko) Version/4.0.5 Mobile/8B117 Safari/6531.22.7 (compatible; Googlebot-Mobile/2.1; +http://www.google.com/bot.html)"
66.249.73.15 - - [05/May/2012:15:45:13 -0500] "GET /mission.php HTTP/1.1" 404 - "-" "Mozilla/5.0 (compatible; Googlebot/2.1; +http://www.google.com/bot.html)"
1.202.218.8 - - [05/May/2012:15:49:12 -0500] "GET /robots.txt HTTP/1.0" 404 - "-" "\"Mozilla/5.0"
212.113.37.105 - - [05/May/2012:18:08:10 -0500] "GET / HTTP/1.1" 200 10444 "-" "Mozilla/5.0 (compatible; AhrefsBot/3.0; +http://ahrefs.com/robot/)"
65.52.109.146 - - [05/May/2012:18:54:33 -0500] "GET /robots.txt HTTP/1.1" 404 - "-" "Mozilla/5.0 (compatible; bingbot/2.0; +http://www.bing.com/bingbot.htm)"
65.52.109.146 - - [05/May/2012:18:55:15 -0500] "GET /pdf/United%20We%20Stand%20American%20Legion%20Riders.pdf HTTP/1.1" 404 - "-" "Mozilla/5.0 (compatible; bingbot/2.0; +http://www.bing.com/bingbot.htm)"
1.202.218.8 - - [05/May/2012:18:55:36 -0500] "GET /robots.txt HTTP/1.0" 404 - "-" "\"Mozilla/5.0"
91.32.97.58 - - [05/May/2012:19:52:10 -0500] "GET /index.php HTTP/1.1" 200 10444 "-" "Mozilla/4.0 (compatible; MSIE 8.0; Windows NT 5.1; Trident/4.0; .NET CLR 1.1.4322; .NET CLR 2.0.50727; .NET CLR 3.0.4506.2152; .NET CLR 3.5.30729; .NET4.0C)"
91.32.97.58 - - [05/May/2012:19:52:11 -0500] "GET /calendar.php HTTP/1.1" 200 10488 "-" "Mozilla/4.0 (compatible; MSIE 8.0; Windows NT 5.1; Trident/4.0; .NET CLR 1.1.4322; .NET CLR 2.0.50727; .NET CLR 3.0.4506.2152; .NET CLR 3.5.30729; .NET4.0C)"
91.32.97.58 - - [05/May/2012:19:52:11 -0500] "GET /business.php HTTP/1.1" 200 10592 "-" "Mozilla/4.0 (compatible; MSIE 8.0; Windows NT 5.1; Trident/4.0; .NET CLR 1.1.4322; .NET CLR 2.0.50727; .NET CLR 3.0.4506.2152; .NET CLR 3.5.30729; .NET4.0C)"
91.32.97.58 - - [05/May/2012:19:52:11 -0500] "GET /donate.php HTTP/1.1" 200 12791 "-" "Mozilla/4.0 (compatible; MSIE 8.0; Windows NT 5.1; Trident/4.0; .NET CLR 1.1.4322; .NET CLR 2.0.50727; .NET CLR 3.0.4506.2152; .NET CLR 3.5.30729; .NET4.0C)"
91.32.97.58 - - [05/May/2012:19:52:11 -0500] "GET /aboutus.php HTTP/1.1" 200 11446 "-" "Mozilla/4.0 (compatible; MSIE 8.0; Windows NT 5.1; Trident/4.0; .NET CLR 1.1.4322; .NET CLR 2.0.50727; .NET CLR 3.0.4506.2152; .NET CLR 3.5.30729; .NET4.0C)"
91.32.97.58 - - [05/May/2012:19:52:12 -0500] "GET /contact.php HTTP/1.1" 200 10298 "-" "Mozilla/4.0 (compatible; MSIE 8.0; Windows NT 5.1; Trident/4.0; .NET CLR 1.1.4322; .NET CLR 2.0.50727; .NET CLR 3.0.4506.2152; .NET CLR 3.5.30729; .NET4.0C)"
100.43.83.155 - - [05/May/2012:20:32:20 -0500] "GET /aboutus.php HTTP/1.1" 200 11446 "-" "Mozilla/5.0 (compatible; YandexBot/3.0; +http://yandex.com/bots)"
123.126.68.20 - - [05/May/2012:21:28:47 -0500] "GET / HTTP/1.1" 200 10444 "-" "Sogou web spider/4.0(+http://www.sogou.com/docs/help/webmasters.htm#07)"
69.28.58.9 - - [05/May/2012:21:28:53 -0500] "GET / HTTP/1.1" 200 10444 "-" "Wget/1.9+cvs-stable (Red Hat modified)"
1.202.218.8 - - [05/May/2012:22:08:03 -0500] "GET /robots.txt HTTP/1.0" 404 - "-" "\"Mozilla/5.0"
212.113.37.105 - - [05/May/2012:22:28:50 -0500] "GET / HTTP/1.1" 200 10444 "-" "Mozilla/5.0 (compatible; AhrefsBot/3.0; +http://ahrefs.com/robot/)"
180.76.5.168 - - [06/May/2012:00:15:19 -0500] "GET /events/lilac_lunch/lilac_lunch.html HTTP/1.1" 404 - "-" "Mozilla/5.0 (compatible; Baiduspider/2.0; +http://www.baidu.com/search/spider.html)"
208.53.187.254 - - [06/May/2012:00:38:14 -0500] "GET /java_for_joes/index.html HTTP/1.1" 404 - "-" "Mozilla/5.0 (Windows; U; Windows NT 6.1; en-US; rv:1.9.2.9) Gecko/20100824 Firefox/3.6.9"
1.202.218.8 - - [06/May/2012:01:23:25 -0500] "GET /robots.txt HTTP/1.0" 404 - "-" "\"Mozilla/5.0"
66.249.73.76 - - [06/May/2012:01:41:56 -0500] "GET /robots.txt HTTP/1.1" 404 - "-" "Mozilla/5.0 (compatible; Googlebot/2.1; +http://www.google.com/bot.html)"
66.249.73.76 - - [06/May/2012:01:41:56 -0500] "GET / HTTP/1.1" 200 10444 "-" "Mozilla/5.0 (iPhone; U; CPU iPhone OS 4_1 like Mac OS X; en-us) AppleWebKit/532.9 (KHTML, like Gecko) Version/4.0.5 Mobile/8B117 Safari/6531.22.7 (compatible; Googlebot-Mobile/2.1; +http://www.google.com/bot.html)"
100.43.83.155 - - [06/May/2012:02:18:55 -0500] "GET /robots.txt HTTP/1.1" 404 - "-" "Mozilla/5.0 (compatible; YandexBot/3.0; +http://yandex.com/bots)"
100.43.83.155 - - [06/May/2012:02:18:58 -0500] "GET / HTTP/1.1" 200 10444 "-" "Mozilla/5.0 (compatible; YandexBot/3.0; +http://yandex.com/bots)"
66.249.73.15 - - [06/May/2012:02:30:21 -0500] "GET / HTTP/1.1" 200 10444 "-" "Mozilla/5.0 (compatible; Googlebot/2.1; +http://www.google.com/bot.html)"
212.113.37.105 - - [06/May/2012:03:02:17 -0500] "GET / HTTP/1.1" 200 10444 "-" "Mozilla/5.0 (compatible; AhrefsBot/3.0; +http://ahrefs.com/robot/)"
66.249.73.15 - - [06/May/2012:03:10:23 -0500] "GET /slider.html HTTP/1.1" 200 7923 "-" "Mozilla/5.0 (compatible; Googlebot/2.1; +http://www.google.com/bot.html)"
66.249.73.15 - - [06/May/2012:03:10:23 -0500] "GET /images/osh_static_cling.jpg HTTP/1.1" 200 19209 "-" "Mozilla/5.0 (compatible; Googlebot/2.1; +http://www.google.com/bot.html)"
66.249.73.15 - - [06/May/2012:03:10:24 -0500] "GET /images/freedom_friday.jpg HTTP/1.1" 200 22631 "-" "Mozilla/5.0 (compatible; Googlebot/2.1; +http://www.google.com/bot.html)"
66.249.73.15 - - [06/May/2012:03:10:24 -0500] "GET /images/prev.png HTTP/1.1" 200 2995 "-" "Mozilla/5.0 (compatible; Googlebot/2.1; +http://www.google.com/bot.html)"
66.249.73.15 - - [06/May/2012:03:10:26 -0500] "GET /images/next.png HTTP/1.1" 200 3022 "-" "Mozilla/5.0 (compatible; Googlebot/2.1; +http://www.google.com/bot.html)"
66.249.73.15 - - [06/May/2012:03:33:01 -0500] "GET /robots.txt HTTP/1.1" 404 - "-" "Mozilla/5.0 (compatible; Googlebot/2.1; +http://www.google.com/bot.html)"
66.249.73.15 - - [06/May/2012:03:33:01 -0500] "GET /index.php HTTP/1.1" 200 10444 "-" "Mozilla/5.0 (compatible; Googlebot/2.1; +http://www.google.com/bot.html)"
66.249.73.76 - - [06/May/2012:03:39:19 -0500] "GET / HTTP/1.1" 200 10444 "-" "Mozilla/5.0 (compatible; Googlebot/2.1; +http://www.google.com/bot.html)"
66.249.73.15 - - [06/May/2012:03:39:45 -0500] "GET /java_for_joes/index.html HTTP/1.1" 404 - "-" "Mozilla/5.0 (compatible; Googlebot/2.1; +http://www.google.com/bot.html)"
1.202.218.8 - - [06/May/2012:04:37:43 -0500] "GET /robots.txt HTTP/1.0" 404 - "-" "\"Mozilla/5.0"
176.9.111.204 - - [06/May/2012:05:27:58 -0500] "GET / HTTP/1.1" 200 10444 "-" "Mozilla/4.0 (compatible; MSIE 7.0; Windows NT 5.1)"
157.56.94.158 - - [06/May/2012:05:28:49 -0500] "GET /robots.txt HTTP/1.1" 404 - "-" "msnbot/2.0b (+http://search.msn.com/msnbot.htm)"
157.56.94.158 - - [06/May/2012:05:28:49 -0500] "GET / HTTP/1.1" 200 10444 "-" "msnbot/2.0b (+http://search.msn.com/msnbot.htm)"
207.46.204.243 - - [06/May/2012:05:43:34 -0500] "GET /robots.txt HTTP/1.1" 404 - "-" "Mozilla/5.0 (compatible; bingbot/2.0; +http://www.bing.com/bingbot.htm)"
207.46.204.243 - - [06/May/2012:05:44:14 -0500] "GET /resources.php HTTP/1.1" 200 10288 "-" "Mozilla/5.0 (compatible; bingbot/2.0; +http://www.bing.com/bingbot.htm)"
212.113.37.105 - - [06/May/2012:06:18:59 -0500] "GET /robots.txt HTTP/1.1" 404 - "-" "Mozilla/5.0 (compatible; AhrefsBot/3.0; +http://ahrefs.com/robot/)"
180.76.5.113 - - [06/May/2012:06:23:30 -0500] "GET /robots.txt HTTP/1.1" 404 - "-" "Mozilla/5.0 (Windows NT 5.1; rv:6.0.2) Gecko/20100101 Firefox/6.0.2"
212.113.37.105 - - [06/May/2012:07:00:30 -0500] "GET / HTTP/1.1" 200 10444 "-" "Mozilla/5.0 (compatible; AhrefsBot/3.0; +http://ahrefs.com/robot/)"
1.202.218.8 - - [06/May/2012:07:46:28 -0500] "GET /robots.txt HTTP/1.0" 404 - "-" "\"Mozilla/5.0"
1.202.218.14 - - [06/May/2012:08:09:47 -0500] "GET /robots.txt HTTP/1.0" 404 - "-" "Mozilla/5.0 ()"
1.202.218.14 - - [06/May/2012:08:09:49 -0500] "HEAD /images/gsi.jpg HTTP/1.0" 404 - "-" "\"Mozilla/5.0"
1.202.218.14 - - [06/May/2012:08:09:50 -0500] "GET /images/gsi.jpg HTTP/1.0" 404 - "http://operationspokaneheroes.org/java_for_joes/index.html" "\"Mozilla/5.0"
157.55.18.23 - - [06/May/2012:08:09:54 -0500] "GET /robots.txt HTTP/1.1" 404 - "-" "Mozilla/5.0 (compatible; bingbot/2.0; +http://www.bing.com/bingbot.htm)"
157.55.18.23 - - [06/May/2012:08:10:52 -0500] "GET /calendar.php HTTP/1.1" 200 10488 "-" "Mozilla/5.0 (compatible; bingbot/2.0; +http://www.bing.com/bingbot.htm)"
65.52.110.16 - - [06/May/2012:09:01:52 -0500] "GET / HTTP/1.1" 200 10444 "-" "Mozilla/5.0 (compatible; bingbot/2.0; +http://www.bing.com/bingbot.htm)"
123.125.71.95 - - [06/May/2012:09:26:23 -0500] "GET /contact.php HTTP/1.1" 200 10298 "-" "Mozilla/5.0 (compatible; Baiduspider/2.0; +http://www.baidu.com/search/spider.html)"
1.202.218.8 - - [06/May/2012:10:52:27 -0500] "GET /robots.txt HTTP/1.0" 404 - "-" "\"Mozilla/5.0"
157.56.94.158 - - [06/May/2012:10:56:04 -0500] "GET /index.php HTTP/1.1" 200 10444 "-" "msnbot/2.0b (+http://search.msn.com/msnbot.htm)"
157.56.94.158 - - [06/May/2012:10:56:07 -0500] "GET /contact.php HTTP/1.1" 200 10298 "-" "msnbot/2.0b (+http://search.msn.com/msnbot.htm)"
157.56.94.158 - - [06/May/2012:10:56:09 -0500] "GET /_inc/slide.php HTTP/1.1" 200 3205 "-" "msnbot/2.0b (+http://search.msn.com/msnbot.htm)"
157.56.94.158 - - [06/May/2012:10:56:11 -0500] "GET /calendar.php HTTP/1.1" 200 10488 "-" "msnbot/2.0b (+http://search.msn.com/msnbot.htm)"
157.56.94.158 - - [06/May/2012:10:56:12 -0500] "GET /slider.html HTTP/1.1" 200 7923 "-" "msnbot/2.0b (+http://search.msn.com/msnbot.htm)"
157.56.94.158 - - [06/May/2012:10:56:13 -0500] "GET /business.php HTTP/1.1" 200 10592 "-" "msnbot/2.0b (+http://search.msn.com/msnbot.htm)"
157.56.94.158 - - [06/May/2012:10:56:15 -0500] "GET /aboutus.php HTTP/1.1" 200 11446 "-" "msnbot/2.0b (+http://search.msn.com/msnbot.htm)"
157.56.94.158 - - [06/May/2012:10:56:17 -0500] "GET /donate.php HTTP/1.1" 200 12791 "-" "msnbot/2.0b (+http://search.msn.com/msnbot.htm)"
178.154.163.30 - - [06/May/2012:13:31:03 -0500] "GET / HTTP/1.1" 200 10444 "-" "Mozilla/5.0 (compatible; YandexBot/3.0; +http://yandex.com/bots)"
209.249.53.133 - - [06/May/2012:13:58:26 -0500] "GET / HTTP/1.1" 200 10444 "-" "Mozilla/5.0 http://fairshare.cc (X11; U; FreeBSD i386; en-US; rv:1.2a) Gecko/20021021"
1.202.218.8 - - [06/May/2012:14:01:42 -0500] "GET /robots.txt HTTP/1.0" 404 - "-" "\"Mozilla/5.0"
66.220.149.250 - - [06/May/2012:14:08:16 -0500] "GET /images/global.png HTTP/1.1" 200 5737 "-" "facebookexternalhit/1.0 (+http://www.facebook.com/externalhit_uatext.php)"
212.113.37.105 - - [06/May/2012:15:05:17 -0500] "GET / HTTP/1.1" 200 10444 "-" "Mozilla/5.0 (compatible; AhrefsBot/3.0; +http://ahrefs.com/robot/)"
66.249.73.15 - - [06/May/2012:16:19:28 -0500] "GET /robots.txt HTTP/1.1" 404 - "-" "Mozilla/5.0 (compatible; Googlebot/2.1; +http://www.google.com/bot.html)"
66.249.73.15 - - [06/May/2012:16:19:28 -0500] "GET /java_for_joes/index.html HTTP/1.1" 404 - "-" "Mozilla/5.0 (iPhone; U; CPU iPhone OS 4_1 like Mac OS X; en-us) AppleWebKit/532.9 (KHTML, like Gecko) Version/4.0.5 Mobile/8B117 Safari/6531.22.7 (compatible; Googlebot-Mobile/2.1; +http://www.google.com/bot.html)"
207.46.204.243 - - [06/May/2012:16:35:19 -0500] "GET /robots.txt HTTP/1.1" 404 - "-" "Mozilla/5.0 (compatible; bingbot/2.0; +http://www.bing.com/bingbot.htm)"
207.46.204.243 - - [06/May/2012:16:36:12 -0500] "GET /business_discount.php HTTP/1.1" 404 - "-" "Mozilla/5.0 (compatible; bingbot/2.0; +http://www.bing.com/bingbot.htm)"
180.76.6.21 - - [06/May/2012:16:49:59 -0500] "GET /contact.php HTTP/1.1" 200 10298 "-" "Mozilla/5.0 (compatible; Baiduspider/2.0; +http://www.baidu.com/search/spider.html)"
188.72.220.152 - - [06/May/2012:17:03:36 -0500] "GET / HTTP/1.1" 200 10264 "http://www.albatros02.ru/" "Mozilla/4.0 (compatible; MSIE 6.0; Windows NT 5.1; Rss Catalog)"
1.202.218.8 - - [06/May/2012:17:09:04 -0500] "GET /robots.txt HTTP/1.0" 404 - "-" "\"Mozilla/5.0"
123.125.71.47 - - [06/May/2012:19:55:25 -0500] "GET /robots.txt HTTP/1.1" 404 - "-" "Mozilla/5.0 (compatible; Baiduspider/2.0; +http://www.baidu.com/search/spider.html)"
1.202.218.8 - - [06/May/2012:20:17:47 -0500] "GET /robots.txt HTTP/1.0" 404 - "-" "\"Mozilla/5.0"
65.52.108.199 - - [06/May/2012:20:35:56 -0500] "GET /robots.txt HTTP/1.1" 404 - "-" "Mozilla/5.0 (compatible; bingbot/2.0; +http://www.bing.com/bingbot.htm)"
65.52.108.199 - - [06/May/2012:20:36:34 -0500] "GET /pdf/V2F_JOA_Flyer_070511.pdf HTTP/1.1" 404 - "-" "Mozilla/5.0 (compatible; bingbot/2.0; +http://www.bing.com/bingbot.htm)"
38.111.147.84 - - [06/May/2012:21:22:34 -0500] "GET /robots.txt HTTP/1.0" 404 - "-" "TurnitinBot/2.1 (http://www.turnitin.com/robot/crawlerinfo.html)"
38.111.147.84 - - [06/May/2012:21:22:39 -0500] "GET /index.php HTTP/1.0" 200 10444 "-" "TurnitinBot/2.1 (http://www.turnitin.com/robot/crawlerinfo.html)"
38.111.147.84 - - [06/May/2012:21:23:09 -0500] "GET /donate.php HTTP/1.0" 200 12791 "-" "TurnitinBot/2.1 (http://www.turnitin.com/robot/crawlerinfo.html)"
38.111.147.84 - - [06/May/2012:21:23:39 -0500] "GET /contact.php HTTP/1.0" 200 10298 "-" "TurnitinBot/2.1 (http://www.turnitin.com/robot/crawlerinfo.html)"
38.111.147.84 - - [06/May/2012:21:24:09 -0500] "GET /calendar.php HTTP/1.0" 200 10488 "-" "TurnitinBot/2.1 (http://www.turnitin.com/robot/crawlerinfo.html)"
38.111.147.84 - - [06/May/2012:21:24:39 -0500] "GET /business.php HTTP/1.0" 200 10592 "-" "TurnitinBot/2.1 (http://www.turnitin.com/robot/crawlerinfo.html)"
38.111.147.84 - - [06/May/2012:21:25:09 -0500] "GET /aboutus.php HTTP/1.0" 200 11446 "-" "TurnitinBot/2.1 (http://www.turnitin.com/robot/crawlerinfo.html)"
38.111.147.84 - - [06/May/2012:21:25:38 -0500] "GET / HTTP/1.0" 200 10444 "-" "TurnitinBot/2.1 (http://www.turnitin.com/robot/crawlerinfo.html)"
193.106.136.61 - - [06/May/2012:22:34:27 -0500] "GET / HTTP/1.1" 200 10444 "http://fotobaza.su/" "Mozilla/4.0 (compatible; MSIE 6.0; Windows NT 5.1; .NET CLR 1.1.4322; FDM)"
193.106.136.61 - - [06/May/2012:22:34:29 -0500] "GET / HTTP/1.1" 200 10264 "http://fotobaza.su/" "Mozilla/4.0 (compatible; MSIE 6.0; Windows NT 5.1; .NET CLR 1.1.4322; FDM)"
1.202.218.8 - - [06/May/2012:23:30:02 -0500] "GET /robots.txt HTTP/1.0" 404 - "-" "\"Mozilla/5.0"
66.249.73.76 - - [06/May/2012:23:58:58 -0500] "GET /robots.txt HTTP/1.1" 404 - "-" "Mozilla/5.0 (compatible; Googlebot/2.1; +http://www.google.com/bot.html)"
66.249.73.76 - - [06/May/2012:23:58:58 -0500] "GET /index.php HTTP/1.1" 200 10444 "-" "Mozilla/5.0 (compatible; Googlebot/2.1; +http://www.google.com/bot.html)"
100.43.83.155 - - [07/May/2012:00:52:54 -0500] "GET / HTTP/1.1" 200 10444 "-" "Mozilla/5.0 (compatible; YandexBot/3.0; +http://yandex.com/bots)"
207.46.199.37 - - [07/May/2012:02:40:23 -0500] "GET /robots.txt HTTP/1.1" 404 - "-" "Mozilla/5.0 (compatible; bingbot/2.0; +http://www.bing.com/bingbot.htm)"
207.46.199.37 - - [07/May/2012:02:41:17 -0500] "GET /aboutus.php HTTP/1.1" 200 11446 "-" "Mozilla/5.0 (compatible; bingbot/2.0; +http://www.bing.com/bingbot.htm)"
1.202.218.8 - - [07/May/2012:02:42:50 -0500] "GET /robots.txt HTTP/1.0" 404 - "-" "\"Mozilla/5.0"
38.101.148.126 - - [07/May/2012:03:16:12 -0500] "GET /robots.txt HTTP/1.1" 404 - "-" "Mozilla/5.0 (compatible; discobot/2.0; +http://discoveryengine.com/discobot.html)"
38.101.148.126 - - [07/May/2012:03:16:20 -0500] "GET /contact.php HTTP/1.1" 200 10298 "-" "Mozilla/5.0 (compatible; discobot/2.0; +http://discoveryengine.com/discobot.html)"
100.43.83.155 - - [07/May/2012:04:33:23 -0500] "GET /robots.txt HTTP/1.1" 404 - "-" "Mozilla/5.0 (compatible; YandexBot/3.0; +http://yandex.com/bots)"
173.55.175.81 - - [07/May/2012:05:17:29 -0500] "GET /robots.txt HTTP/1.0" 404 - "-" "Mozilla (Windows; U; Windows NT 5.1; en-US; rv:1.9.1.11)"
173.55.175.81 - - [07/May/2012:05:17:30 -0500] "GET /java_for_joes/index.html HTTP/1.0" 404 - "-" "Mozilla (Windows; U; Windows NT 5.1; en-US; rv:1.9.1.11)"
157.56.94.158 - - [07/May/2012:05:37:57 -0500] "GET /robots.txt HTTP/1.1" 404 - "-" "msnbot/2.0b (+http://search.msn.com/msnbot.htm)"
157.56.94.158 - - [07/May/2012:05:37:58 -0500] "GET / HTTP/1.1" 200 10444 "-" "msnbot/2.0b (+http://search.msn.com/msnbot.htm)"
207.46.199.37 - - [07/May/2012:05:43:29 -0500] "GET /robots.txt HTTP/1.1" 404 - "-" "Mozilla/5.0 (compatible; bingbot/2.0; +http://www.bing.com/bingbot.htm)"
207.46.199.37 - - [07/May/2012:05:44:15 -0500] "GET /events/lilac_parade/lilac_parade.html HTTP/1.1" 404 - "-" "Mozilla/5.0 (compatible; bingbot/2.0; +http://www.bing.com/bingbot.htm)"
180.76.5.92 - - [07/May/2012:05:49:03 -0500] "GET /java_for_joes/index.html HTTP/1.1" 404 - "-" "Mozilla/5.0 (compatible; Baiduspider/2.0; +http://www.baidu.com/search/spider.html)"
1.202.218.8 - - [07/May/2012:05:52:46 -0500] "GET /robots.txt HTTP/1.0" 404 - "-" "\"Mozilla/5.0"
100.43.83.155 - - [07/May/2012:06:38:38 -0500] "GET /business.php HTTP/1.1" 200 10592 "-" "Mozilla/5.0 (compatible; YandexBot/3.0; +http://yandex.com/bots)"
100.43.83.155 - - [07/May/2012:08:25:58 -0500] "GET /contact.php HTTP/1.1" 200 10298 "-" "Mozilla/5.0 (compatible; YandexBot/3.0; +http://yandex.com/bots)"
1.202.218.8 - - [07/May/2012:08:57:26 -0500] "GET /robots.txt HTTP/1.0" 404 - "-" "\"Mozilla/5.0"
180.76.5.164 - - [07/May/2012:09:22:41 -0500] "GET / HTTP/1.1" 200 10444 "-" "Mozilla/5.0 (compatible; Baiduspider/2.0; +http://www.baidu.com/search/spider.html)"
157.56.94.158 - - [07/May/2012:10:48:47 -0500] "GET /index.php HTTP/1.1" 200 10444 "-" "msnbot/2.0b (+http://search.msn.com/msnbot.htm)"
157.56.94.158 - - [07/May/2012:10:48:50 -0500] "GET /contact.php HTTP/1.1" 200 10298 "-" "msnbot/2.0b (+http://search.msn.com/msnbot.htm)"
157.56.94.158 - - [07/May/2012:10:48:55 -0500] "GET /_inc/slide.php HTTP/1.1" 200 3205 "-" "msnbot/2.0b (+http://search.msn.com/msnbot.htm)"
157.56.94.158 - - [07/May/2012:10:48:57 -0500] "GET /calendar.php HTTP/1.1" 200 10488 "-" "msnbot/2.0b (+http://search.msn.com/msnbot.htm)"
157.56.94.158 - - [07/May/2012:10:49:00 -0500] "GET /slider.html HTTP/1.1" 200 7923 "-" "msnbot/2.0b (+http://search.msn.com/msnbot.htm)"
157.56.94.158 - - [07/May/2012:10:49:01 -0500] "GET /business.php HTTP/1.1" 200 10592 "-" "msnbot/2.0b (+http://search.msn.com/msnbot.htm)"
157.56.94.158 - - [07/May/2012:10:49:03 -0500] "GET /aboutus.php HTTP/1.1" 200 11446 "-" "msnbot/2.0b (+http://search.msn.com/msnbot.htm)"
157.56.94.158 - - [07/May/2012:10:49:05 -0500] "GET /donate.php HTTP/1.1" 200 12791 "-" "msnbot/2.0b (+http://search.msn.com/msnbot.htm)"
100.43.83.155 - - [07/May/2012:10:52:08 -0500] "GET /calendar.php HTTP/1.1" 200 10488 "-" "Mozilla/5.0 (compatible; YandexBot/3.0; +http://yandex.com/bots)"
66.249.73.15 - - [07/May/2012:11:07:02 -0500] "GET /robots.txt HTTP/1.1" 404 - "-" "Mozilla/5.0 (compatible; Googlebot/2.1; +http://www.google.com/bot.html)"
66.249.73.15 - - [07/May/2012:11:07:02 -0500] "GET /_inc/contact.php HTTP/1.1" 200 756 "-" "Mozilla/5.0 (compatible; Googlebot/2.1; +http://www.google.com/bot.html)"
208.115.113.86 - - [07/May/2012:11:39:33 -0500] "GET /robots.txt HTTP/1.1" 404 - "-" "Mozilla/5.0 (compatible; Ezooms/1.0; ezooms.bot@gmail.com)"
209.249.53.45 - - [07/May/2012:11:45:02 -0500] "GET / HTTP/1.1" 200 10444 "-" "Mozilla/5.0 http://fairshare.cc (X11; U; FreeBSD i386; en-US; rv:1.2a) Gecko/20021021"
1.202.218.8 - - [07/May/2012:12:03:02 -0500] "GET /robots.txt HTTP/1.0" 404 - "-" "\"Mozilla/5.0"
208.115.113.86 - - [07/May/2012:12:28:31 -0500] "GET /business.php HTTP/1.1" 200 10592 "-" "Mozilla/5.0 (compatible; Ezooms/1.0; ezooms.bot@gmail.com)"
173.192.238.51 - - [07/May/2012:12:59:49 -0500] "GET / HTTP/1.1" 200 10444 "-" "Mozilla/5.0 (X11; U; Linux x86_64; en-US; rv:1.9.0.19; aggregator:Spinn3r (Spinn3r 3.1); http://spinn3r.com/robot) Gecko/2010040121 Firefox/3.0.19"
69.171.178.14 - - [07/May/2012:14:00:24 -0500] "GET / HTTP/1.1" 200 10444 "http://www.google.com/m/search?hl=en&q=Spokaneheroes.com" "Huawei/1.0/0HuaweiM615/B100 Browser/Obigo_Browser/Q05A HUAWEI-M615"
69.171.178.14 - - [07/May/2012:14:00:24 -0500] "GET /slider.html HTTP/1.1" 200 7923 "http://operationspokaneheroes.org/" "Huawei/1.0/0HuaweiM615/B100 Browser/Obigo_Browser/Q05A HUAWEI-M615"
69.171.178.14 - - [07/May/2012:14:00:24 -0500] "GET /images/nav2.jpg HTTP/1.1" 200 4444 "http://operationspokaneheroes.org/" "Huawei/1.0/0HuaweiM615/B100 Browser/Obigo_Browser/Q05A HUAWEI-M615"
69.171.178.14 - - [07/May/2012:14:00:24 -0500] "GET /images/global.png HTTP/1.1" 200 5737 "http://operationspokaneheroes.org/" "Huawei/1.0/0HuaweiM615/B100 Browser/Obigo_Browser/Q05A HUAWEI-M615"
69.171.178.14 - - [07/May/2012:14:00:24 -0500] "GET /css/global.css HTTP/1.1" 200 13951 "http://operationspokaneheroes.org/" "Huawei/1.0/0HuaweiM615/B100 Browser/Obigo_Browser/Q05A HUAWEI-M615"
69.171.178.14 - - [07/May/2012:14:00:24 -0500] "GET /_inc/slide.php HTTP/1.1" 200 3205 "http://operationspokaneheroes.org/" "Huawei/1.0/0HuaweiM615/B100 Browser/Obigo_Browser/Q05A HUAWEI-M615"
69.171.178.14 - - [07/May/2012:14:00:24 -0500] "GET /images/facebook.png HTTP/1.1" 200 5004 "http://operationspokaneheroes.org/" "Huawei/1.0/0HuaweiM615/B100 Browser/Obigo_Browser/Q05A HUAWEI-M615"
69.171.178.14 - - [07/May/2012:14:00:24 -0500] "GET /images/contacticon.png HTTP/1.1" 200 4499 "http://operationspokaneheroes.org/" "Huawei/1.0/0HuaweiM615/B100 Browser/Obigo_Browser/Q05A HUAWEI-M615"
69.171.178.14 - - [07/May/2012:14:00:24 -0500] "GET /images/logo.png HTTP/1.1" 200 226129 "http://operationspokaneheroes.org/" "Huawei/1.0/0HuaweiM615/B100 Browser/Obigo_Browser/Q05A HUAWEI-M615"
69.171.178.14 - - [07/May/2012:14:00:31 -0500] "GET /css/footer.css HTTP/1.1" 200 752 "http://operationspokaneheroes.org/" "Huawei/1.0/0HuaweiM615/B100 Browser/Obigo_Browser/Q05A HUAWEI-M615"
69.171.178.14 - - [07/May/2012:14:00:34 -0500] "GET /images/logo.png HTTP/1.1" 200 226129 "http://operationspokaneheroes.org/" "Huawei/1.0/0HuaweiM615/B100 Browser/Obigo_Browser/Q05A HUAWEI-M615"
69.171.178.14 - - [07/May/2012:14:00:35 -0500] "GET /mainbk.png HTTP/1.1" 200 290 "http://operationspokaneheroes.org/" "Huawei/1.0/0HuaweiM615/B100 Browser/Obigo_Browser/Q05A HUAWEI-M615"
69.171.178.14 - - [07/May/2012:14:00:35 -0500] "GET /images/bg2.jpg HTTP/1.1" 200 55206 "http://operationspokaneheroes.org/" "Huawei/1.0/0HuaweiM615/B100 Browser/Obigo_Browser/Q05A HUAWEI-M615"
69.171.178.14 - - [07/May/2012:14:00:37 -0500] "GET /js/combined.js HTTP/1.1" 200 169946 "http://operationspokaneheroes.org/_inc/slide.php" "Huawei/1.0/0HuaweiM615/B100 Browser/Obigo_Browser/Q05A HUAWEI-M615"
69.171.178.14 - - [07/May/2012:14:00:38 -0500] "GET /js/cufon-yui.js HTTP/1.1" 200 18257 "http://operationspokaneheroes.org/slider.html" "Huawei/1.0/0HuaweiM615/B100 Browser/Obigo_Browser/Q05A HUAWEI-M615"
69.171.178.14 - - [07/May/2012:14:00:42 -0500] "GET /js/Bebas_400.font.js HTTP/1.1" 200 32806 "http://operationspokaneheroes.org/slider.html" "Huawei/1.0/0HuaweiM615/B100 Browser/Obigo_Browser/Q05A HUAWEI-M615"
69.171.178.14 - - [07/May/2012:14:00:56 -0500] "GET /css/slide.css HTTP/1.1" 200 2869 "http://operationspokaneheroes.org/_inc/slide.php" "Huawei/1.0/0HuaweiM615/B100 Browser/Obigo_Browser/Q05A HUAWEI-M615"
69.171.178.14 - - [07/May/2012:14:00:56 -0500] "GET /css/style_global.css HTTP/1.1" 200 2621 "http://operationspokaneheroes.org/_inc/slide.php" "Huawei/1.0/0HuaweiM615/B100 Browser/Obigo_Browser/Q05A HUAWEI-M615"
69.171.178.14 - - [07/May/2012:14:00:56 -0500] "GET /css/compact_style.css HTTP/1.1" 200 4934 "http://operationspokaneheroes.org/slider.html" "Huawei/1.0/0HuaweiM615/B100 Browser/Obigo_Browser/Q05A HUAWEI-M615"
69.171.178.14 - - [07/May/2012:14:01:00 -0500] "GET /images/mission_statement_bg.png HTTP/1.1" 200 11413 "http://operationspokaneheroes.org/_inc/slide.php" "Huawei/1.0/0HuaweiM615/B100 Browser/Obigo_Browser/Q05A HUAWEI-M615"
69.171.178.14 - - [07/May/2012:14:01:00 -0500] "GET /images/we_believe.png HTTP/1.1" 200 1785 "http://operationspokaneheroes.org/_inc/slide.php" "Huawei/1.0/0HuaweiM615/B100 Browser/Obigo_Browser/Q05A HUAWEI-M615"
69.171.178.14 - - [07/May/2012:14:01:00 -0500] "GET /images/2.jpg HTTP/1.1" 200 170993 "http://operationspokaneheroes.org/_inc/slide.php" "Huawei/1.0/0HuaweiM615/B100 Browser/Obigo_Browser/Q05A HUAWEI-M615"
69.171.178.14 - - [07/May/2012:14:01:00 -0500] "GET /images/3.jpg HTTP/1.1" 200 240733 "http://operationspokaneheroes.org/_inc/slide.php" "Huawei/1.0/0HuaweiM615/B100 Browser/Obigo_Browser/Q05A HUAWEI-M615"
69.171.178.14 - - [07/May/2012:14:01:01 -0500] "GET /images/we_strive.png HTTP/1.1" 200 1981 "http://operationspokaneheroes.org/_inc/slide.php" "Huawei/1.0/0HuaweiM615/B100 Browser/Obigo_Browser/Q05A HUAWEI-M615"
69.171.178.14 - - [07/May/2012:14:01:00 -0500] "GET /images/4.jpg HTTP/1.1" 200 186934 "http://operationspokaneheroes.org/_inc/slide.php" "Huawei/1.0/0HuaweiM615/B100 Browser/Obigo_Browser/Q05A HUAWEI-M615"
69.171.178.14 - - [07/May/2012:14:01:02 -0500] "GET /images/we_help.png HTTP/1.1" 200 1514 "http://operationspokaneheroes.org/_inc/slide.php" "Huawei/1.0/0HuaweiM615/B100 Browser/Obigo_Browser/Q05A HUAWEI-M615"
69.171.178.14 - - [07/May/2012:14:01:04 -0500] "GET /images/1.jpg HTTP/1.1" 200 142489 "http://operationspokaneheroes.org/_inc/slide.php" "Huawei/1.0/0HuaweiM615/B100 Browser/Obigo_Browser/Q05A HUAWEI-M615"
69.171.178.14 - - [07/May/2012:14:01:09 -0500] "GET /images/we_need.png HTTP/1.1" 200 2138 "http://operationspokaneheroes.org/_inc/slide.php" "Huawei/1.0/0HuaweiM615/B100 Browser/Obigo_Browser/Q05A HUAWEI-M615"
69.171.178.14 - - [07/May/2012:14:01:10 -0500] "GET /jquery.easing.1.3.js HTTP/1.1" 200 8097 "http://operationspokaneheroes.org/slider.html" "Huawei/1.0/0HuaweiM615/B100 Browser/Obigo_Browser/Q05A HUAWEI-M615"
69.171.178.14 - - [07/May/2012:14:01:15 -0500] "GET /images/osh_static_cling.jpg HTTP/1.1" 200 19209 "http://operationspokaneheroes.org/slider.html" "Huawei/1.0/0HuaweiM615/B100 Browser/Obigo_Browser/Q05A HUAWEI-M615"
69.171.178.14 - - [07/May/2012:14:01:15 -0500] "GET /images/freedom_friday.jpg HTTP/1.1" 200 22631 "http://operationspokaneheroes.org/slider.html" "Huawei/1.0/0HuaweiM615/B100 Browser/Obigo_Browser/Q05A HUAWEI-M615"
69.171.178.14 - - [07/May/2012:14:01:15 -0500] "GET /images/campfire.jpg HTTP/1.1" 200 17397 "http://operationspokaneheroes.org/slider.html" "Huawei/1.0/0HuaweiM615/B100 Browser/Obigo_Browser/Q05A HUAWEI-M615"
69.171.178.14 - - [07/May/2012:14:01:16 -0500] "GET /images/prev.png HTTP/1.1" 200 2995 "http://operationspokaneheroes.org/slider.html" "Huawei/1.0/0HuaweiM615/B100 Browser/Obigo_Browser/Q05A HUAWEI-M615"
69.171.178.14 - - [07/May/2012:14:01:16 -0500] "GET /images/next.png HTTP/1.1" 200 3022 "http://operationspokaneheroes.org/slider.html" "Huawei/1.0/0HuaweiM615/B100 Browser/Obigo_Browser/Q05A HUAWEI-M615"
100.43.83.155 - - [07/May/2012:14:47:21 -0500] "GET /index.php HTTP/1.1" 200 10444 "-" "Mozilla/5.0 (compatible; YandexBot/3.0; +http://yandex.com/bots)"
1.202.218.8 - - [07/May/2012:15:06:40 -0500] "GET /robots.txt HTTP/1.0" 404 - "-" "\"Mozilla/5.0"
92.85.164.221 - - [07/May/2012:15:12:51 -0500] "GET / HTTP/1.1" 200 10444 "-" "Java/1.6.0_04"
92.85.164.221 - - [07/May/2012:15:12:52 -0500] "GET /aboutus.php HTTP/1.1" 200 11446 "-" "Java/1.6.0_04"
92.85.164.221 - - [07/May/2012:15:12:53 -0500] "GET /business.php HTTP/1.1" 200 10592 "-" "Java/1.6.0_04"
92.85.164.221 - - [07/May/2012:15:12:53 -0500] "GET /calendar.php HTTP/1.1" 200 10488 "-" "Java/1.6.0_04"
92.85.164.221 - - [07/May/2012:15:12:55 -0500] "GET /contact.php HTTP/1.1" 200 10298 "-" "Java/1.6.0_04"
92.85.164.221 - - [07/May/2012:15:12:55 -0500] "GET /donate.php HTTP/1.1" 200 12791 "-" "Java/1.6.0_04"
92.85.164.221 - - [07/May/2012:15:12:57 -0500] "GET /index.php HTTP/1.1" 200 10444 "-" "Java/1.6.0_04"
92.85.164.221 - - [07/May/2012:15:12:58 -0500] "GET /slider.html HTTP/1.1" 200 7923 "-" "Java/1.6.0_04"
92.85.164.221 - - [07/May/2012:15:12:58 -0500] "GET /freedom.php HTTP/1.1" 200 10802 "-" "Java/1.6.0_04"
92.85.164.221 - - [07/May/2012:15:12:59 -0500] "GET /jquery.easing.1.3.js HTTP/1.1" 200 8097 "-" "Java/1.6.0_04"
92.85.164.221 - - [07/May/2012:15:12:59 -0500] "GET /_inc/slide.php HTTP/1.1" 200 3205 "-" "Java/1.6.0_04"
92.85.164.221 - - [07/May/2012:15:13:00 -0500] "GET /images/contacticon.png HTTP/1.1" 200 4499 "-" "Java/1.6.0_04"
92.85.164.221 - - [07/May/2012:15:13:00 -0500] "GET /images/facebook.png HTTP/1.1" 200 5004 "-" "Java/1.6.0_04"
92.85.164.221 - - [07/May/2012:15:13:00 -0500] "GET /images/global.png HTTP/1.1" 200 5737 "-" "Java/1.6.0_04"
92.85.164.221 - - [07/May/2012:15:13:01 -0500] "GET /images/logo.png HTTP/1.1" 200 226129 "-" "Java/1.6.0_04"
92.85.164.221 - - [07/May/2012:15:13:02 -0500] "GET /_inc/contact.php HTTP/1.1" 200 756 "-" "Java/1.6.0_04"
92.85.164.221 - - [07/May/2012:15:13:03 -0500] "GET /js/Bebas_400.font.js HTTP/1.1" 200 32806 "-" "Java/1.6.0_04"
92.85.164.221 - - [07/May/2012:15:13:03 -0500] "GET /js/cufon-yui.js HTTP/1.1" 200 18257 "-" "Java/1.6.0_04"
