67.161.98.114 - - [05/Jan/2013:11:40:18 -0600] "GET /images/contacticon.png HTTP/1.1" 200 4499 "http://operationspokaneheroes.org/" "Mozilla/5.0 (Windows NT 6.1; WOW64) AppleWebKit/537.11 (KHTML, like Gecko) Chrome/23.0.1271.97 Safari/537.11"
67.161.98.114 - - [05/Jan/2013:11:40:18 -0600] "GET /_inc/slide.php HTTP/1.1" 200 3205 "http://operationspokaneheroes.org/" "Mozilla/5.0 (Windows NT 6.1; WOW64) AppleWebKit/537.11 (KHTML, like Gecko) Chrome/23.0.1271.97 Safari/537.11"
67.161.98.114 - - [05/Jan/2013:11:40:18 -0600] "GET /css/global.css HTTP/1.1" 200 13951 "http://operationspokaneheroes.org/" "Mozilla/5.0 (Windows NT 6.1; WOW64) AppleWebKit/537.11 (KHTML, like Gecko) Chrome/23.0.1271.97 Safari/537.11"
67.161.98.114 - - [05/Jan/2013:11:40:18 -0600] "GET /images/global.png HTTP/1.1" 200 5737 "http://operationspokaneheroes.org/" "Mozilla/5.0 (Windows NT 6.1; WOW64) AppleWebKit/537.11 (KHTML, like Gecko) Chrome/23.0.1271.97 Safari/537.11"
67.161.98.114 - - [05/Jan/2013:11:40:18 -0600] "GET /images/facebook.png HTTP/1.1" 200 5004 "http://operationspokaneheroes.org/" "Mozilla/5.0 (Windows NT 6.1; WOW64) AppleWebKit/537.11 (KHTML, like Gecko) Chrome/23.0.1271.97 Safari/537.11"
67.161.98.114 - - [05/Jan/2013:11:40:19 -0600] "GET /slider/css/style.css HTTP/1.1" 200 1382 "http://operationspokaneheroes.org/slider/index.html" "Mozilla/5.0 (Windows NT 6.1; WOW64) AppleWebKit/537.11 (KHTML, like Gecko) Chrome/23.0.1271.97 Safari/537.11"
67.161.98.114 - - [05/Jan/2013:11:40:19 -0600] "GET /slider/js/startstop-slider.js HTTP/1.1" 200 1737 "http://operationspokaneheroes.org/slider/index.html" "Mozilla/5.0 (Windows NT 6.1; WOW64) AppleWebKit/537.11 (KHTML, like Gecko) Chrome/23.0.1271.97 Safari/537.11"
67.161.98.114 - - [05/Jan/2013:11:40:19 -0600] "GET /css/slide.css HTTP/1.1" 200 2869 "http://operationspokaneheroes.org/_inc/slide.php" "Mozilla/5.0 (Windows NT 6.1; WOW64) AppleWebKit/537.11 (KHTML, like Gecko) Chrome/23.0.1271.97 Safari/537.11"
67.161.98.114 - - [05/Jan/2013:11:40:19 -0600] "GET /css/style_global.css HTTP/1.1" 200 2621 "http://operationspokaneheroes.org/_inc/slide.php" "Mozilla/5.0 (Windows NT 6.1; WOW64) AppleWebKit/537.11 (KHTML, like Gecko) Chrome/23.0.1271.97 Safari/537.11"
67.161.98.114 - - [05/Jan/2013:11:40:19 -0600] "GET /images/nav2.jpg HTTP/1.1" 200 4444 "http://operationspokaneheroes.org/" "Mozilla/5.0 (Windows NT 6.1; WOW64) AppleWebKit/537.11 (KHTML, like Gecko) Chrome/23.0.1271.97 Safari/537.11"
67.161.98.114 - - [05/Jan/2013:11:40:19 -0600] "GET /mainbk.png HTTP/1.1" 200 290 "http://operationspokaneheroes.org/" "Mozilla/5.0 (Windows NT 6.1; WOW64) AppleWebKit/537.11 (KHTML, like Gecko) Chrome/23.0.1271.97 Safari/537.11"
67.161.98.114 - - [05/Jan/2013:11:40:19 -0600] "GET /images/bg2.jpg HTTP/1.1" 200 55206 "http://operationspokaneheroes.org/" "Mozilla/5.0 (Windows NT 6.1; WOW64) AppleWebKit/537.11 (KHTML, like Gecko) Chrome/23.0.1271.97 Safari/537.11"
67.161.98.114 - - [05/Jan/2013:11:40:19 -0600] "GET /slider/js/jquery-1.2.6.js HTTP/1.1" 200 100196 "http://operationspokaneheroes.org/slider/index.html" "Mozilla/5.0 (Windows NT 6.1; WOW64) AppleWebKit/537.11 (KHTML, like Gecko) Chrome/23.0.1271.97 Safari/537.11"
67.161.98.114 - - [05/Jan/2013:11:40:19 -0600] "GET /js/combined.js HTTP/1.1" 200 169946 "http://operationspokaneheroes.org/_inc/slide.php" "Mozilla/5.0 (Windows NT 6.1; WOW64) AppleWebKit/537.11 (KHTML, like Gecko) Chrome/23.0.1271.97 Safari/537.11"
67.161.98.114 - - [05/Jan/2013:11:40:20 -0600] "GET /images/we_believe.png HTTP/1.1" 200 1785 "http://operationspokaneheroes.org/_inc/slide.php" "Mozilla/5.0 (Windows NT 6.1; WOW64) AppleWebKit/537.11 (KHTML, like Gecko) Chrome/23.0.1271.97 Safari/537.11"
67.161.98.114 - - [05/Jan/2013:11:40:20 -0600] "GET /images/we_strive.png HTTP/1.1" 200 1981 "http://operationspokaneheroes.org/_inc/slide.php" "Mozilla/5.0 (Windows NT 6.1; WOW64) AppleWebKit/537.11 (KHTML, like Gecko) Chrome/23.0.1271.97 Safari/537.11"
67.161.98.114 - - [05/Jan/2013:11:40:20 -0600] "GET /images/mission_statement_bg.png HTTP/1.1" 200 11413 "http://operationspokaneheroes.org/_inc/slide.php" "Mozilla/5.0 (Windows NT 6.1; WOW64) AppleWebKit/537.11 (KHTML, like Gecko) Chrome/23.0.1271.97 Safari/537.11"
67.161.98.114 - - [05/Jan/2013:11:40:20 -0600] "GET /images/we_help.png HTTP/1.1" 200 1514 "http://operationspokaneheroes.org/_inc/slide.php" "Mozilla/5.0 (Windows NT 6.1; WOW64) AppleWebKit/537.11 (KHTML, like Gecko) Chrome/23.0.1271.97 Safari/537.11"
67.161.98.114 - - [05/Jan/2013:11:40:20 -0600] "GET /images/we_need.png HTTP/1.1" 200 2138 "http://operationspokaneheroes.org/_inc/slide.php" "Mozilla/5.0 (Windows NT 6.1; WOW64) AppleWebKit/537.11 (KHTML, like Gecko) Chrome/23.0.1271.97 Safari/537.11"
67.161.98.114 - - [05/Jan/2013:11:40:20 -0600] "GET /images/2.jpg HTTP/1.1" 200 170993 "http://operationspokaneheroes.org/_inc/slide.php" "Mozilla/5.0 (Windows NT 6.1; WOW64) AppleWebKit/537.11 (KHTML, like Gecko) Chrome/23.0.1271.97 Safari/537.11"
67.161.98.114 - - [05/Jan/2013:11:40:20 -0600] "GET /assets/images/btn_top_search_hover.png HTTP/1.1" 404 - "http://operationspokaneheroes.org/_inc/slide.php" "Mozilla/5.0 (Windows NT 6.1; WOW64) AppleWebKit/537.11 (KHTML, like Gecko) Chrome/23.0.1271.97 Safari/537.11"
67.161.98.114 - - [05/Jan/2013:11:40:20 -0600] "GET /images/1.jpg HTTP/1.1" 200 142489 "http://operationspokaneheroes.org/_inc/slide.php" "Mozilla/5.0 (Windows NT 6.1; WOW64) AppleWebKit/537.11 (KHTML, like Gecko) Chrome/23.0.1271.97 Safari/537.11"
67.161.98.114 - - [05/Jan/2013:11:40:20 -0600] "GET /assets/images/btn_main_search_hover.png HTTP/1.1" 404 - "http://operationspokaneheroes.org/_inc/slide.php" "Mozilla/5.0 (Windows NT 6.1; WOW64) AppleWebKit/537.11 (KHTML, like Gecko) Chrome/23.0.1271.97 Safari/537.11"
67.161.98.114 - - [05/Jan/2013:11:40:20 -0600] "GET /slider/images/slider-bg.jpg HTTP/1.1" 200 3447 "http://operationspokaneheroes.org/slider/index.html" "Mozilla/5.0 (Windows NT 6.1; WOW64) AppleWebKit/537.11 (KHTML, like Gecko) Chrome/23.0.1271.97 Safari/537.11"
67.161.98.114 - - [05/Jan/2013:11:40:20 -0600] "GET /images/imagslider-1.png HTTP/1.1" 200 67116 "http://operationspokaneheroes.org/slider/index.html" "Mozilla/5.0 (Windows NT 6.1; WOW64) AppleWebKit/537.11 (KHTML, like Gecko) Chrome/23.0.1271.97 Safari/537.11"
67.161.98.114 - - [05/Jan/2013:11:40:20 -0600] "GET /images/3.jpg HTTP/1.1" 200 240733 "http://operationspokaneheroes.org/_inc/slide.php" "Mozilla/5.0 (Windows NT 6.1; WOW64) AppleWebKit/537.11 (KHTML, like Gecko) Chrome/23.0.1271.97 Safari/537.11"
67.161.98.114 - - [05/Jan/2013:11:40:20 -0600] "GET /images/4.jpg HTTP/1.1" 200 186934 "http://operationspokaneheroes.org/_inc/slide.php" "Mozilla/5.0 (Windows NT 6.1; WOW64) AppleWebKit/537.11 (KHTML, like Gecko) Chrome/23.0.1271.97 Safari/537.11"
67.161.98.114 - - [05/Jan/2013:11:40:20 -0600] "GET /images/slder2.png HTTP/1.1" 200 32853 "http://operationspokaneheroes.org/slider/index.html" "Mozilla/5.0 (Windows NT 6.1; WOW64) AppleWebKit/537.11 (KHTML, like Gecko) Chrome/23.0.1271.97 Safari/537.11"
67.161.98.114 - - [05/Jan/2013:11:40:18 -0600] "GET /images/logo.png HTTP/1.1" 200 226129 "http://operationspokaneheroes.org/" "Mozilla/5.0 (Windows NT 6.1; WOW64) AppleWebKit/537.11 (KHTML, like Gecko) Chrome/23.0.1271.97 Safari/537.11"
67.161.98.114 - - [05/Jan/2013:11:40:21 -0600] "GET /favicon.ico HTTP/1.1" 404 - "-" "Mozilla/5.0 (Windows NT 6.1; WOW64) AppleWebKit/537.11 (KHTML, like Gecko) Chrome/23.0.1271.97 Safari/537.11"
123.125.71.88 - - [05/Jan/2013:13:08:48 -0600] "GET /robots.txt HTTP/1.1" 404 - "-" "Mozilla/5.0 (Windows NT 5.1; rv:6.0.2) Gecko/20100101 Firefox/6.0.2"
173.199.120.171 - - [05/Jan/2013:13:22:36 -0600] "GET /java_for_joes/index.html?3e3ea140 HTTP/1.1" 404 - "-" "Mozilla/5.0 (compatible; AhrefsBot/4.0; +http://ahrefs.com/robot/)"
173.199.120.171 - - [05/Jan/2013:13:33:56 -0600] "GET /index.php HTTP/1.1" 200 10513 "-" "Mozilla/5.0 (compatible; AhrefsBot/4.0; +http://ahrefs.com/robot/)"
65.55.24.215 - - [05/Jan/2013:13:41:40 -0600] "GET /robots.txt HTTP/1.1" 404 - "-" "Mozilla/5.0 (compatible; bingbot/2.0; +http://www.bing.com/bingbot.htm)"
173.199.120.171 - - [05/Jan/2013:13:42:10 -0600] "GET / HTTP/1.1" 200 10513 "-" "Mozilla/5.0 (compatible; AhrefsBot/4.0; +http://ahrefs.com/robot/)"
65.55.24.215 - - [05/Jan/2013:13:43:26 -0600] "GET /pdf/2010_Top100_Military_Friendly_Employers.pdf HTTP/1.1" 200 711726 "-" "Mozilla/5.0 (compatible; bingbot/2.0; +http://www.bing.com/bingbot.htm)"
157.55.32.142 - - [05/Jan/2013:13:43:26 -0600] "GET /pdf/OSH%20Freedom%20Fridays%20Sign%20Up%20Sheet.pdf HTTP/1.1" 200 170318 "-" "Mozilla/5.0 (compatible; bingbot/2.0; +http://www.bing.com/bingbot.htm)"
157.55.33.29 - - [05/Jan/2013:13:45:56 -0600] "GET /pdf/174%20Stores%20and%20Business%20Offering%20Military%20Discounts1.pdf HTTP/1.1" 200 122888 "-" "Mozilla/5.0 (compatible; bingbot/2.0; +http://www.bing.com/bingbot.htm)"
173.199.120.171 - - [05/Jan/2013:15:48:14 -0600] "GET /java_for_joes/index.html HTTP/1.1" 404 - "-" "Mozilla/5.0 (compatible; AhrefsBot/4.0; +http://ahrefs.com/robot/)"
173.199.120.171 - - [05/Jan/2013:16:11:51 -0600] "GET /pdf/Cellphones%20for%20Soldiers%20press%20release.pdf HTTP/1.1" 404 - "-" "Mozilla/5.0 (compatible; AhrefsBot/4.0; +http://ahrefs.com/robot/)"
66.87.112.41 - - [05/Jan/2013:16:22:04 -0600] "GET / HTTP/1.1" 200 10513 "-" "Mozilla/5.0 (Linux; U; Android 4.1.1; en-us; EVO Build/JRO03C) AppleWebKit/534.30 (KHTML, like Gecko) Version/4.0 Mobile Safari/534.30"
66.87.112.41 - - [05/Jan/2013:16:22:05 -0600] "GET /_inc/slide.php HTTP/1.1" 200 3205 "-" "Mozilla/5.0 (Linux; U; Android 4.1.1; en-us; EVO Build/JRO03C) AppleWebKit/534.30 (KHTML, like Gecko) Version/4.0 Mobile Safari/534.30"
66.87.112.41 - - [05/Jan/2013:16:22:06 -0600] "GET /css/slide.css HTTP/1.1" 200 2869 "http://www.operationspokaneheroes.org/_inc/slide.php" "Mozilla/5.0 (Linux; U; Android 4.1.1; en-us; EVO Build/JRO03C) AppleWebKit/534.30 (KHTML, like Gecko) Version/4.0 Mobile Safari/534.30"
66.87.112.41 - - [05/Jan/2013:16:22:06 -0600] "GET /css/style_global.css HTTP/1.1" 200 2621 "http://www.operationspokaneheroes.org/_inc/slide.php" "Mozilla/5.0 (Linux; U; Android 4.1.1; en-us; EVO Build/JRO03C) AppleWebKit/534.30 (KHTML, like Gecko) Version/4.0 Mobile Safari/534.30"
66.87.112.41 - - [05/Jan/2013:16:22:07 -0600] "GET /assets/images/btn_top_search_hover.png HTTP/1.1" 404 - "http://www.operationspokaneheroes.org/_inc/slide.php" "Mozilla/5.0 (Linux; U; Android 4.1.1; en-us; EVO Build/JRO03C) AppleWebKit/534.30 (KHTML, like Gecko) Version/4.0 Mobile Safari/534.30"
66.87.112.41 - - [05/Jan/2013:16:22:07 -0600] "GET /assets/images/btn_main_search_hover.png HTTP/1.1" 404 - "http://www.operationspokaneheroes.org/_inc/slide.php" "Mozilla/5.0 (Linux; U; Android 4.1.1; en-us; EVO Build/JRO03C) AppleWebKit/534.30 (KHTML, like Gecko) Version/4.0 Mobile Safari/534.30"
66.87.112.41 - - [05/Jan/2013:16:22:08 -0600] "GET /favicon.ico HTTP/1.1" 404 - "http://www.operationspokaneheroes.org/" "Mozilla/5.0 (Linux; U; Android 4.1.1; en-us; EVO Build/JRO03C) AppleWebKit/534.30 (KHTML, like Gecko) Version/4.0 Mobile Safari/534.30"
206.225.83.83 - - [05/Jan/2013:16:55:39 -0600] "GET /java_for_joes/index.html HTTP/1.1" 404 - "-" "Mozilla/5.0 (Windows; U; Windows NT 6.0; en-US; rv:1.9.2.3) Gecko/20100401 Firefox/3.6.3 (.NET CLR 3.5.30729)"
65.55.24.244 - - [05/Jan/2013:17:07:52 -0600] "GET /robots.txt HTTP/1.1" 404 - "-" "Mozilla/5.0 (compatible; bingbot/2.0; +http://www.bing.com/bingbot.htm)"
65.55.24.244 - - [05/Jan/2013:17:09:57 -0600] "GET / HTTP/1.1" 200 10513 "-" "Mozilla/5.0 (compatible; bingbot/2.0; +http://www.bing.com/bingbot.htm)"
173.199.120.171 - - [05/Jan/2013:17:35:51 -0600] "GET /pdf/2010_Top100_Military_Friendly_Employers.pdf HTTP/1.1" 200 711726 "-" "Mozilla/5.0 (compatible; AhrefsBot/4.0; +http://ahrefs.com/robot/)"
180.76.5.51 - - [05/Jan/2013:17:44:37 -0600] "GET /robots.txt HTTP/1.1" 404 - "-" "Mozilla/5.0 (Windows NT 5.1; rv:6.0.2) Gecko/20100101 Firefox/6.0.2"
1.202.218.21 - - [05/Jan/2013:17:45:17 -0600] "GET /robots.txt HTTP/1.1" 404 - "-" "Mozilla/5.0 (compatible; JikeSpider; +http://shoulu.jike.com/spider.html)"
180.76.5.154 - - [05/Jan/2013:18:12:50 -0600] "GET /java_for_joes/index.html HTTP/1.1" 404 - "-" "Mozilla/5.0 (compatible; Baiduspider/2.0; +http://www.baidu.com/search/spider.html)"
173.199.120.171 - - [05/Jan/2013:18:37:45 -0600] "GET /contact.php HTTP/1.1" 200 10519 "-" "Mozilla/5.0 (compatible; AhrefsBot/4.0; +http://ahrefs.com/robot/)"
66.249.74.210 - - [05/Jan/2013:18:59:40 -0600] "GET /robots.txt HTTP/1.1" 404 - "-" "Mozilla/5.0 (compatible; Googlebot/2.1; +http://www.google.com/bot.html)"
66.249.74.210 - - [05/Jan/2013:18:59:40 -0600] "GET / HTTP/1.1" 200 10513 "-" "DoCoMo/2.0 N905i(c100;TB;W24H16) (compatible; Googlebot-Mobile/2.1; +http://www.google.com/bot.html)"
173.199.120.171 - - [05/Jan/2013:19:09:45 -0600] "GET /business.php HTTP/1.1" 200 10813 "-" "Mozilla/5.0 (compatible; AhrefsBot/4.0; +http://ahrefs.com/robot/)"
173.199.120.171 - - [05/Jan/2013:19:11:56 -0600] "GET /events.php HTTP/1.1" 200 6407 "-" "Mozilla/5.0 (compatible; AhrefsBot/4.0; +http://ahrefs.com/robot/)"
178.127.174.65 - - [05/Jan/2013:19:19:26 -0600] "GET /java_for_joes/index.html HTTP/1.1" 404 - "-" "Mozilla/5.0 (compatible; Googlebot/2.1;http://www.google.com/bot.html)"
93.219.116.183 - - [05/Jan/2013:19:35:39 -0600] "GET /robots.txt HTTP/1.0" 404 - "-" "Mozilla/5.0 (compatible; MJ12bot/v1.4.3; http://www.majestic12.co.uk/bot.php?+)"
93.219.116.183 - - [05/Jan/2013:19:35:47 -0600] "GET /java_for_joes/index.html HTTP/1.0" 404 - "-" "Mozilla/5.0 (compatible; MJ12bot/v1.4.3; http://www.majestic12.co.uk/bot.php?+)"
66.249.74.61 - - [05/Jan/2013:20:29:09 -0600] "GET /robots.txt HTTP/1.1" 404 - "-" "Mozilla/5.0 (compatible; Googlebot/2.1; +http://www.google.com/bot.html)"
66.249.74.61 - - [05/Jan/2013:20:29:09 -0600] "GET / HTTP/1.1" 200 10513 "-" "Mozilla/5.0 (compatible; Googlebot/2.1; +http://www.google.com/bot.html)"
173.199.120.171 - - [05/Jan/2013:20:32:06 -0600] "GET /donate.php HTTP/1.1" 200 11699 "-" "Mozilla/5.0 (compatible; AhrefsBot/4.0; +http://ahrefs.com/robot/)"
69.58.178.56 - - [05/Jan/2013:20:42:32 -0600] "GET /robots.txt HTTP/1.1" 404 - "-" "Mozilla/5.0 (X11; Ubuntu; Linux i686; rv:14.0; ips-agent) Gecko/20100101 Firefox/14.0.1"
69.58.178.56 - - [05/Jan/2013:20:42:33 -0600] "GET / HTTP/1.1" 200 10513 "-" "Mozilla/5.0 (X11; Ubuntu; Linux i686; rv:14.0; ips-agent) Gecko/20100101 Firefox/14.0.1"
69.58.178.56 - - [05/Jan/2013:20:42:34 -0600] "GET / HTTP/1.1" 200 10513 "-" "BlackBerry9000/4.6.0.167 Profile/MIDP-2.0 Configuration/CLDC-1.1 VendorID/102 ips-agent"
69.58.178.56 - - [05/Jan/2013:20:42:35 -0600] "GET /aboutus.php HTTP/1.1" 200 11667 "-" "Mozilla/5.0 (X11; Ubuntu; Linux i686; rv:14.0; ips-agent) Gecko/20100101 Firefox/14.0.1"
69.58.178.56 - - [05/Jan/2013:20:42:37 -0600] "GET /contact.php HTTP/1.1" 200 10519 "-" "Mozilla/5.0 (X11; Ubuntu; Linux i686; rv:14.0; ips-agent) Gecko/20100101 Firefox/14.0.1"
69.58.178.56 - - [05/Jan/2013:20:42:38 -0600] "GET /index.php HTTP/1.1" 200 10513 "-" "Mozilla/5.0 (X11; Ubuntu; Linux i686; rv:14.0; ips-agent) Gecko/20100101 Firefox/14.0.1"
69.58.178.56 - - [05/Jan/2013:20:42:39 -0600] "GET /donate.php HTTP/1.1" 200 11699 "-" "Mozilla/5.0 (X11; Ubuntu; Linux i686; rv:14.0; ips-agent) Gecko/20100101 Firefox/14.0.1"
69.58.178.56 - - [05/Jan/2013:20:42:40 -0600] "GET /business.php HTTP/1.1" 200 10813 "-" "Mozilla/5.0 (X11; Ubuntu; Linux i686; rv:14.0; ips-agent) Gecko/20100101 Firefox/14.0.1"
69.58.178.56 - - [05/Jan/2013:20:42:42 -0600] "GET /calendar.php HTTP/1.1" 200 10709 "-" "Mozilla/5.0 (X11; Ubuntu; Linux i686; rv:14.0; ips-agent) Gecko/20100101 Firefox/14.0.1"
69.58.178.56 - - [05/Jan/2013:20:42:43 -0600] "GET /events.php HTTP/1.1" 200 6407 "-" "Mozilla/5.0 (X11; Ubuntu; Linux i686; rv:14.0; ips-agent) Gecko/20100101 Firefox/14.0.1"
69.58.178.56 - - [05/Jan/2013:20:42:44 -0600] "GET /_inc/slide.php HTTP/1.1" 200 3205 "-" "Mozilla/5.0 (X11; Ubuntu; Linux i686; rv:14.0; ips-agent) Gecko/20100101 Firefox/14.0.1"
69.58.178.56 - - [05/Jan/2013:20:42:45 -0600] "GET /slider/index.html HTTP/1.1" 200 1496 "-" "Mozilla/5.0 (X11; Ubuntu; Linux i686; rv:14.0; ips-agent) Gecko/20100101 Firefox/14.0.1"
208.115.113.86 - - [05/Jan/2013:20:45:18 -0600] "GET /robots.txt HTTP/1.1" 404 - "-" "Mozilla/5.0 (compatible; Ezooms/1.0; ezooms.bot@gmail.com)"
66.249.74.210 - - [05/Jan/2013:20:49:15 -0600] "GET /pdf/ready_set_go.pdf HTTP/1.1" 304 - "-" "Mozilla/5.0 (compatible; Googlebot/2.1; +http://www.google.com/bot.html)"
173.199.120.171 - - [05/Jan/2013:21:19:06 -0600] "GET /aboutus.php HTTP/1.1" 200 11667 "-" "Mozilla/5.0 (compatible; AhrefsBot/4.0; +http://ahrefs.com/robot/)"
173.199.120.171 - - [05/Jan/2013:21:29:47 -0600] "GET /calendar.php HTTP/1.1" 200 10709 "-" "Mozilla/5.0 (compatible; AhrefsBot/4.0; +http://ahrefs.com/robot/)"
208.115.113.86 - - [05/Jan/2013:22:03:03 -0600] "GET /benefits.php HTTP/1.1" 404 - "-" "Mozilla/5.0 (compatible; Ezooms/1.0; ezooms.bot@gmail.com)"
173.199.120.171 - - [05/Jan/2013:22:06:11 -0600] "GET /pdf/174%20Stores%20and%20Business%20Offering%20Military%20Discounts1.pdf HTTP/1.1" 200 122888 "-" "Mozilla/5.0 (compatible; AhrefsBot/4.0; +http://ahrefs.com/robot/)"
65.55.24.244 - - [05/Jan/2013:22:18:33 -0600] "GET /robots.txt HTTP/1.1" 404 - "-" "Mozilla/5.0 (compatible; bingbot/2.0; +http://www.bing.com/bingbot.htm)"
65.55.24.244 - - [05/Jan/2013:22:20:28 -0600] "GET / HTTP/1.1" 200 10513 "-" "Mozilla/5.0 (compatible; bingbot/2.0; +http://www.bing.com/bingbot.htm)"
65.55.24.244 - - [05/Jan/2013:22:20:29 -0600] "GET /index.php HTTP/1.1" 200 10513 "-" "Mozilla/5.0 (compatible; bingbot/2.0; +http://www.bing.com/bingbot.htm)"
157.56.93.150 - - [05/Jan/2013:22:20:56 -0600] "GET /aboutus.php HTTP/1.1" 200 11667 "-" "Mozilla/5.0 (compatible; bingbot/2.0; +http://www.bing.com/bingbot.htm)"
157.55.33.29 - - [05/Jan/2013:22:21:26 -0600] "GET /resources.php HTTP/1.1" 200 10398 "-" "Mozilla/5.0 (compatible; bingbot/2.0; +http://www.bing.com/bingbot.htm)"
157.55.33.29 - - [05/Jan/2013:22:21:26 -0600] "GET /pdf/174%20Stores%20and%20Business%20Offering%20Military%20Discounts1.pdf HTTP/1.1" 200 122888 "-" "Mozilla/5.0 (compatible; bingbot/2.0; +http://www.bing.com/bingbot.htm)"
66.249.74.210 - - [05/Jan/2013:23:27:40 -0600] "GET /calendar.php HTTP/1.1" 200 10709 "-" "DoCoMo/2.0 N905i(c100;TB;W24H16) (compatible; Googlebot-Mobile/2.1; +http://www.google.com/bot.html)"
66.249.74.210 - - [06/Jan/2013:00:06:13 -0600] "GET /events/oif/images/16.jpg HTTP/1.1" 200 224094 "-" "Googlebot-Image/1.0"
66.249.74.210 - - [06/Jan/2013:00:07:57 -0600] "GET /events/oif/images/12.jpg HTTP/1.1" 200 170405 "-" "Googlebot-Image/1.0"
66.249.74.210 - - [06/Jan/2013:00:08:08 -0600] "GET /events/oif/images/6.jpg HTTP/1.1" 200 145847 "-" "Googlebot-Image/1.0"
66.249.74.210 - - [06/Jan/2013:00:08:25 -0600] "GET /events/oif/images/10.jpg HTTP/1.1" 200 171096 "-" "Googlebot-Image/1.0"
173.199.120.171 - - [06/Jan/2013:01:05:17 -0600] "GET /pdf/2010_Top100_Military_Friendly_Employers.pdf HTTP/1.1" 200 711726 "-" "Mozilla/5.0 (compatible; AhrefsBot/4.0; +http://ahrefs.com/robot/)"
173.199.120.171 - - [06/Jan/2013:01:12:58 -0600] "GET /pdf/174%20Stores%20and%20Business%20Offering%20Military%20Discounts1.pdf HTTP/1.1" 200 122888 "-" "Mozilla/5.0 (compatible; AhrefsBot/4.0; +http://ahrefs.com/robot/)"
66.249.74.210 - - [06/Jan/2013:01:55:57 -0600] "GET /events/oif/images/12.jpg HTTP/1.1" 200 170405 "-" "Googlebot-Image/1.0"
66.249.74.210 - - [06/Jan/2013:02:17:31 -0600] "GET /calendar.php HTTP/1.1" 200 10709 "-" "SAMSUNG-SGH-E250/1.0 Profile/MIDP-2.0 Configuration/CLDC-1.1 UP.Browser/6.2.3.3.c.1.101 (GUI) MMP/2.0 (compatible; Googlebot-Mobile/2.1; +http://www.google.com/bot.html)"
199.21.99.99 - - [06/Jan/2013:05:22:46 -0600] "GET /robots.txt HTTP/1.1" 404 - "-" "Mozilla/5.0 (compatible; YandexBot/3.0; +http://yandex.com/bots)"
180.76.5.51 - - [06/Jan/2013:06:14:15 -0600] "GET /robots.txt HTTP/1.1" 404 - "-" "Mozilla/5.0 (Windows NT 5.1; rv:6.0.2) Gecko/20100101 Firefox/6.0.2"
66.249.74.210 - - [06/Jan/2013:06:29:00 -0600] "GET /robots.txt HTTP/1.1" 404 - "-" "Mozilla/5.0 (compatible; Googlebot/2.1; +http://www.google.com/bot.html)"
66.249.74.210 - - [06/Jan/2013:06:29:01 -0600] "GET /slider/index.html HTTP/1.1" 200 1496 "-" "Mozilla/5.0 (compatible; Googlebot/2.1; +http://www.google.com/bot.html)"
157.55.33.100 - - [06/Jan/2013:07:03:57 -0600] "GET /robots.txt HTTP/1.1" 404 - "-" "Mozilla/5.0 (compatible; bingbot/2.0; +http://www.bing.com/bingbot.htm)"
157.55.33.100 - - [06/Jan/2013:07:05:42 -0600] "GET /java_for_joes/press_release.pdf HTTP/1.1" 404 - "-" "Mozilla/5.0 (compatible; bingbot/2.0; +http://www.bing.com/bingbot.htm)"
173.199.120.171 - - [06/Jan/2013:07:19:08 -0600] "GET /events.php HTTP/1.1" 200 6407 "-" "Mozilla/5.0 (compatible; AhrefsBot/4.0; +http://ahrefs.com/robot/)"
66.249.74.210 - - [06/Jan/2013:08:08:10 -0600] "GET /events/oif/images/14.jpg HTTP/1.1" 200 167788 "-" "Googlebot-Image/1.0"
173.199.120.171 - - [06/Jan/2013:08:17:04 -0600] "GET /calendar.php HTTP/1.1" 200 10709 "-" "Mozilla/5.0 (compatible; AhrefsBot/4.0; +http://ahrefs.com/robot/)"
173.199.120.171 - - [06/Jan/2013:08:42:30 -0600] "GET /contact.php HTTP/1.1" 200 10519 "-" "Mozilla/5.0 (compatible; AhrefsBot/4.0; +http://ahrefs.com/robot/)"
173.199.120.171 - - [06/Jan/2013:09:02:24 -0600] "GET /donate.php HTTP/1.1" 200 11699 "-" "Mozilla/5.0 (compatible; AhrefsBot/4.0; +http://ahrefs.com/robot/)"
173.199.120.171 - - [06/Jan/2013:09:02:36 -0600] "GET /aboutus.php HTTP/1.1" 200 11667 "-" "Mozilla/5.0 (compatible; AhrefsBot/4.0; +http://ahrefs.com/robot/)"
66.249.74.210 - - [06/Jan/2013:09:44:11 -0600] "GET /events/oif/images/5.jpg HTTP/1.1" 200 198032 "-" "Googlebot-Image/1.0"
89.123.15.140 - - [06/Jan/2013:10:40:27 -0600] "GET / HTTP/1.1" 200 10513 "-" "Java/1.6.0_22"
89.123.15.140 - - [06/Jan/2013:10:40:27 -0600] "GET /aboutus.php HTTP/1.1" 200 11667 "-" "Java/1.6.0_22"
89.123.15.140 - - [06/Jan/2013:10:40:28 -0600] "GET /business.php HTTP/1.1" 200 10813 "-" "Java/1.6.0_22"
89.123.15.140 - - [06/Jan/2013:10:40:29 -0600] "GET /calendar.php HTTP/1.1" 200 10709 "-" "Java/1.6.0_22"
89.123.15.140 - - [06/Jan/2013:10:40:29 -0600] "GET /contact.php HTTP/1.1" 200 10519 "-" "Java/1.6.0_22"
89.123.15.140 - - [06/Jan/2013:10:40:30 -0600] "GET /donate.php HTTP/1.1" 200 11699 "-" "Java/1.6.0_22"
89.123.15.140 - - [06/Jan/2013:10:40:30 -0600] "GET /events.php HTTP/1.1" 200 6407 "-" "Java/1.6.0_22"
89.123.15.140 - - [06/Jan/2013:10:40:31 -0600] "GET /index.php HTTP/1.1" 200 10513 "-" "Java/1.6.0_22"
89.123.15.140 - - [06/Jan/2013:10:40:31 -0600] "GET /_inc/slide.php HTTP/1.1" 200 3205 "-" "Java/1.6.0_22"
89.123.15.140 - - [06/Jan/2013:10:40:31 -0600] "GET /images/contacticon.png HTTP/1.1" 200 4499 "-" "Java/1.6.0_22"
89.123.15.140 - - [06/Jan/2013:10:40:32 -0600] "GET /images/facebook.png HTTP/1.1" 200 5004 "-" "Java/1.6.0_22"
89.123.15.140 - - [06/Jan/2013:10:40:32 -0600] "GET /images/global.png HTTP/1.1" 200 5737 "-" "Java/1.6.0_22"
89.123.15.140 - - [06/Jan/2013:10:40:32 -0600] "GET /images/logo.png HTTP/1.1" 200 226129 "-" "Java/1.6.0_22"
89.123.15.140 - - [06/Jan/2013:10:40:35 -0600] "GET /slider/index.html HTTP/1.1" 200 1496 "-" "Java/1.6.0_22"
89.123.15.140 - - [06/Jan/2013:10:40:35 -0600] "GET /_inc/contact.php HTTP/1.1" 200 756 "-" "Java/1.6.0_22"
89.123.15.140 - - [06/Jan/2013:10:40:36 -0600] "GET /events/Brittanycozza-.png HTTP/1.1" 200 156325 "-" "Java/1.6.0_22"
89.123.15.140 - - [06/Jan/2013:10:40:38 -0600] "GET /join HTTP/1.1" 404 - "-" "Java/1.6.0_22"
89.123.15.140 - - [06/Jan/2013:10:40:38 -0600] "GET /js/combined.js HTTP/1.1" 200 169946 "-" "Java/1.6.0_22"
89.123.15.140 - - [06/Jan/2013:10:40:41 -0600] "GET /images/imagslider-1.png HTTP/1.1" 200 67116 "-" "Java/1.6.0_22"
89.123.15.140 - - [06/Jan/2013:10:40:41 -0600] "GET /images/slder2.png HTTP/1.1" 200 32853 "-" "Java/1.6.0_22"
89.123.15.140 - - [06/Jan/2013:10:40:42 -0600] "GET /contact/contactengine.php HTTP/1.1" 200 61 "-" "Java/1.6.0_22"
89.123.15.140 - - [06/Jan/2013:10:40:42 -0600] "GET /js/'+opts.iframeSrc+' HTTP/1.1" 404 - "-" "Java/1.6.0_22"
89.123.15.140 - - [06/Jan/2013:10:40:42 -0600] "GET /js/'+s.src+' HTTP/1.1" 404 - "-" "Java/1.6.0_22"
89.123.15.140 - - [06/Jan/2013:10:40:43 -0600] "GET /js/)&&label.html(message);}else{label=$( HTTP/1.1" 404 - "-" "Java/1.6.0_22"
89.123.15.140 - - [06/Jan/2013:10:40:43 -0600] "GET /js/).html(options.highlight(formatted,term)).addClass(i%2==0? HTTP/1.1" 404 - "-" "Java/1.6.0_22"
89.123.15.140 - - [06/Jan/2013:10:40:44 -0600] "GET /js/).html(unescape($c.find( HTTP/1.1" 404 - "-" "Java/1.6.0_22"
89.123.15.140 - - [06/Jan/2013:10:40:44 -0600] "GET /js/).show().html(unescape($c.attr( HTTP/1.1" 404 - "-" "Java/1.6.0_22"
89.123.15.140 - - [06/Jan/2013:10:40:45 -0600] "GET /js/)j.html(e?c( HTTP/1.1" 404 - "-" "Java/1.6.0_22"
89.123.15.140 - - [06/Jan/2013:10:40:45 -0600] "GET /js/,f);var t=o(r);if(g.tip&&j){l.html(f.data( HTTP/1.1" 404 - "-" "Java/1.6.0_22"
89.123.15.140 - - [06/Jan/2013:10:40:46 -0600] "GET /js/:this.idOrName(element),generated:true}).addClass(this.settings.errorClass).html(message|| HTTP/1.1" 404 - "-" "Java/1.6.0_22"
89.123.15.140 - - [06/Jan/2013:10:40:46 -0600] "GET /js/]};F.optgroup=F.option;F.tbody=F.tfoot=F.colgroup=F.caption=F.thead;F.th=F.td;if(!c.support.htmlSerialize)F._default=[1, HTTP/1.1" 404 - "-" "Java/1.6.0_22"
89.123.15.140 - - [06/Jan/2013:10:40:46 -0600] "GET /contact/0;URL=contactthanks.php HTTP/1.1" 404 - "-" "Java/1.6.0_22"
89.123.15.140 - - [06/Jan/2013:10:40:47 -0600] "GET /events/carousel_11/carousel_11.html HTTP/1.1" 200 3712 "-" "Java/1.6.0_22"
89.123.15.140 - - [06/Jan/2013:10:40:47 -0600] "GET /events/ermy_event/ermy.html HTTP/1.1" 200 3507 "-" "Java/1.6.0_22"
173.199.120.171 - - [06/Jan/2013:11:08:14 -0600] "GET / HTTP/1.1" 200 10513 "-" "Mozilla/5.0 (compatible; AhrefsBot/4.0; +http://ahrefs.com/robot/)"
66.249.74.210 - - [06/Jan/2013:11:25:04 -0600] "GET /events/oif/images/3.jpg HTTP/1.1" 200 158118 "-" "Googlebot-Image/1.0"
173.199.120.171 - - [06/Jan/2013:12:30:23 -0600] "GET /business.php HTTP/1.1" 200 10813 "-" "Mozilla/5.0 (compatible; AhrefsBot/4.0; +http://ahrefs.com/robot/)"
208.115.113.86 - - [06/Jan/2013:12:42:08 -0600] "GET /robots.txt HTTP/1.1" 404 - "-" "Mozilla/5.0 (compatible; Ezooms/1.0; ezooms.bot@gmail.com)"
66.249.74.210 - - [06/Jan/2013:13:05:57 -0600] "GET /events/oif/images/2.jpg HTTP/1.1" 200 161748 "-" "Googlebot-Image/1.0"
178.255.215.83 - - [06/Jan/2013:13:40:22 -0600] "GET /robots.txt HTTP/1.1" 404 - "-" "Mozilla/5.0 (compatible; Exabot/3.0 (BiggerBetter); +http://www.exabot.com/go/robot)"
178.255.215.83 - - [06/Jan/2013:13:40:22 -0600] "GET /robots.txt HTTP/1.1" 404 - "-" "Mozilla/5.0 (compatible; Exabot/3.0 (BiggerBetter); +http://www.exabot.com/go/robot)"
178.255.215.83 - - [06/Jan/2013:13:40:26 -0600] "GET / HTTP/1.1" 200 10513 "-" "Mozilla/5.0 (compatible; Exabot/3.0 (BiggerBetter); +http://www.exabot.com/go/robot)"
199.21.99.99 - - [06/Jan/2013:13:49:15 -0600] "GET / HTTP/1.1" 200 10513 "-" "Mozilla/5.0 (compatible; YandexBot/3.0; +http://yandex.com/bots)"
208.115.113.86 - - [06/Jan/2013:14:22:41 -0600] "GET /business.php HTTP/1.1" 200 10813 "-" "Mozilla/5.0 (compatible; Ezooms/1.0; ezooms.bot@gmail.com)"
66.249.74.210 - - [06/Jan/2013:14:32:38 -0600] "GET / HTTP/1.1" 200 10513 "-" "SAMSUNG-SGH-E250/1.0 Profile/MIDP-2.0 Configuration/CLDC-1.1 UP.Browser/6.2.3.3.c.1.101 (GUI) MMP/2.0 (compatible; Googlebot-Mobile/2.1; +http://www.google.com/bot.html)"
66.249.74.210 - - [06/Jan/2013:14:46:50 -0600] "GET /events/oif/images/8.jpg HTTP/1.1" 200 190035 "-" "Googlebot-Image/1.0"
65.55.24.244 - - [06/Jan/2013:15:28:11 -0600] "GET /robots.txt HTTP/1.1" 404 - "-" "Mozilla/5.0 (compatible; bingbot/2.0; +http://www.bing.com/bingbot.htm)"
65.55.24.215 - - [06/Jan/2013:15:29:55 -0600] "GET /events.php HTTP/1.1" 200 6407 "-" "Mozilla/5.0 (compatible; bingbot/2.0; +http://www.bing.com/bingbot.htm)"
157.56.93.150 - - [06/Jan/2013:15:29:57 -0600] "GET /aboutus.php HTTP/1.1" 200 11667 "-" "Mozilla/5.0 (compatible; bingbot/2.0; +http://www.bing.com/bingbot.htm)"
157.56.93.150 - - [06/Jan/2013:15:29:57 -0600] "GET /_inc/slide.php HTTP/1.1" 200 3205 "-" "Mozilla/5.0 (compatible; bingbot/2.0; +http://www.bing.com/bingbot.htm)"
157.55.33.29 - - [06/Jan/2013:15:30:26 -0600] "GET /donate.php HTTP/1.1" 200 11699 "-" "Mozilla/5.0 (compatible; bingbot/2.0; +http://www.bing.com/bingbot.htm)"
157.55.33.29 - - [06/Jan/2013:15:30:26 -0600] "GET /resources.php HTTP/1.1" 200 10398 "-" "Mozilla/5.0 (compatible; bingbot/2.0; +http://www.bing.com/bingbot.htm)"
65.55.24.244 - - [06/Jan/2013:15:30:28 -0600] "GET / HTTP/1.1" 200 10513 "-" "Mozilla/5.0 (compatible; bingbot/2.0; +http://www.bing.com/bingbot.htm)"
65.55.24.244 - - [06/Jan/2013:15:30:28 -0600] "GET /index.php HTTP/1.1" 200 10513 "-" "Mozilla/5.0 (compatible; bingbot/2.0; +http://www.bing.com/bingbot.htm)"
65.55.24.244 - - [06/Jan/2013:15:30:35 -0600] "GET /slider.html HTTP/1.1" 200 8245 "-" "Mozilla/5.0 (compatible; bingbot/2.0; +http://www.bing.com/bingbot.htm)"
65.55.24.244 - - [06/Jan/2013:15:30:35 -0600] "GET /freedom.php HTTP/1.1" 200 10912 "-" "Mozilla/5.0 (compatible; bingbot/2.0; +http://www.bing.com/bingbot.htm)"
157.56.93.150 - - [06/Jan/2013:15:47:26 -0600] "GET /aboutus.php HTTP/1.1" 200 11667 "-" "Mozilla/5.0 (compatible; bingbot/2.0; +http://www.bing.com/bingbot.htm)"
157.56.93.150 - - [06/Jan/2013:15:47:26 -0600] "GET /_inc/slide.php HTTP/1.1" 200 3205 "-" "Mozilla/5.0 (compatible; bingbot/2.0; +http://www.bing.com/bingbot.htm)"
65.55.24.244 - - [06/Jan/2013:15:49:27 -0600] "GET /index.php HTTP/1.1" 200 10513 "-" "Mozilla/5.0 (compatible; bingbot/2.0; +http://www.bing.com/bingbot.htm)"
65.55.24.244 - - [06/Jan/2013:15:49:27 -0600] "GET / HTTP/1.1" 200 10513 "-" "Mozilla/5.0 (compatible; bingbot/2.0; +http://www.bing.com/bingbot.htm)"
65.55.24.244 - - [06/Jan/2013:15:49:32 -0600] "GET /slider.html HTTP/1.1" 200 8245 "-" "Mozilla/5.0 (compatible; bingbot/2.0; +http://www.bing.com/bingbot.htm)"
65.55.24.244 - - [06/Jan/2013:15:49:32 -0600] "GET /freedom.php HTTP/1.1" 200 10912 "-" "Mozilla/5.0 (compatible; bingbot/2.0; +http://www.bing.com/bingbot.htm)"
65.55.24.215 - - [06/Jan/2013:15:50:55 -0600] "GET /events.php HTTP/1.1" 200 6407 "-" "Mozilla/5.0 (compatible; bingbot/2.0; +http://www.bing.com/bingbot.htm)"
157.55.33.29 - - [06/Jan/2013:15:50:58 -0600] "GET /donate.php HTTP/1.1" 200 11699 "-" "Mozilla/5.0 (compatible; bingbot/2.0; +http://www.bing.com/bingbot.htm)"
157.55.33.29 - - [06/Jan/2013:15:50:58 -0600] "GET /resources.php HTTP/1.1" 200 10398 "-" "Mozilla/5.0 (compatible; bingbot/2.0; +http://www.bing.com/bingbot.htm)"
199.21.99.99 - - [06/Jan/2013:17:06:03 -0600] "GET /robots.txt HTTP/1.1" 404 - "-" "Mozilla/5.0 (compatible; YandexBot/3.0; +http://yandex.com/bots)"
66.249.74.210 - - [06/Jan/2013:17:10:15 -0600] "GET /events/oif/images/11.jpg HTTP/1.1" 200 160251 "-" "Googlebot-Image/1.0"
66.249.74.210 - - [06/Jan/2013:18:21:57 -0600] "GET /events/oif/images/15.jpg HTTP/1.1" 200 201703 "-" "Googlebot-Image/1.0"
66.249.74.210 - - [06/Jan/2013:19:33:40 -0600] "GET /robots.txt HTTP/1.1" 404 - "-" "Mozilla/5.0 (compatible; Googlebot/2.1; +http://www.google.com/bot.html)"
66.249.74.210 - - [06/Jan/2013:19:33:40 -0600] "GET /events/oif/images/9.jpg HTTP/1.1" 200 187468 "-" "Googlebot-Image/1.0"
199.21.99.99 - - [06/Jan/2013:20:04:44 -0600] "GET /events/carousel_11/carousel_11.html HTTP/1.1" 304 - "-" "Mozilla/5.0 (compatible; YandexBot/3.0; +http://yandex.com/bots)"
199.21.99.99 - - [06/Jan/2013:20:04:46 -0600] "GET /events/carousel_11/carousel_11.html HTTP/1.1" 200 3712 "-" "Mozilla/5.0 (compatible; YandexBot/3.0; +http://yandex.com/bots)"
193.43.252.252 - - [06/Jan/2013:20:24:23 -0600] "HEAD / HTTP/1.1" 200 - "http://torrentland.biz" "-"
91.223.75.117 - - [06/Jan/2013:20:42:22 -0600] "GET / HTTP/1.1" 200 10513 "http://worldsituation.magicbb.ru/" "Mozilla/4.0 (compatible; MSIE 6.0; Windows NT 5.1) Netscape/8.0.4"
91.223.75.117 - - [06/Jan/2013:20:42:23 -0600] "GET / HTTP/1.1" 200 10513 "http://worldsituation.magicbb.ru/" "Mozilla/4.0 (compatible; MSIE 6.0; Windows NT 5.1) Netscape/8.0.4"
66.249.74.210 - - [06/Jan/2013:20:45:22 -0600] "GET /events/oif/images/7.jpg HTTP/1.1" 200 159082 "-" "Googlebot-Image/1.0"
131.253.38.248 - - [06/Jan/2013:21:04:29 -0600] "GET /robots.txt HTTP/1.1" 404 - "-" "msnbot-media/1.1 (+http://search.msn.com/msnbot.htm)"
131.253.38.248 - - [06/Jan/2013:21:04:29 -0600] "GET /images/global.png HTTP/1.1" 200 5737 "-" "msnbot-media/1.1 (+http://search.msn.com/msnbot.htm)"
180.76.5.89 - - [06/Jan/2013:21:29:54 -0600] "GET /java_for_joes/index.html HTTP/1.1" 404 - "-" "Mozilla/5.0 (compatible; Baiduspider/2.0; +http://www.baidu.com/search/spider.html)"
66.249.74.210 - - [06/Jan/2013:21:56:22 -0600] "GET /contact.php HTTP/1.1" 200 10519 "-" "SAMSUNG-SGH-E250/1.0 Profile/MIDP-2.0 Configuration/CLDC-1.1 UP.Browser/6.2.3.3.c.1.101 (GUI) MMP/2.0 (compatible; Googlebot-Mobile/2.1; +http://www.google.com/bot.html)"
66.249.74.210 - - [06/Jan/2013:21:57:04 -0600] "GET /events/oif/images/13.jpg HTTP/1.1" 200 167126 "-" "Googlebot-Image/1.0"
174.37.121.121 - - [06/Jan/2013:22:25:54 -0600] "GET /favicon.ico HTTP/1.1" 404 - "-" "Mozilla/5.0+(compatible;+PiplBot;++http://www.pipl.com/bot/)"
174.36.32.22 - - [06/Jan/2013:22:27:47 -0600] "GET /favicon.ico HTTP/1.1" 404 - "-" "Mozilla/5.0+(compatible;+PiplBot;++http://www.pipl.com/bot/)"
66.249.74.210 - - [06/Jan/2013:23:08:46 -0600] "GET /events/oif/images/4.jpg HTTP/1.1" 200 185638 "-" "Googlebot-Image/1.0"
180.76.5.51 - - [06/Jan/2013:23:55:34 -0600] "GET /java_for_joes/index.html HTTP/1.1" 404 - "-" "Mozilla/5.0 (compatible; Baiduspider/2.0; +http://www.baidu.com/search/spider.html)"
208.115.113.86 - - [07/Jan/2013:00:43:26 -0600] "GET /robots.txt HTTP/1.1" 404 - "-" "Mozilla/5.0 (compatible; Ezooms/1.0; ezooms.bot@gmail.com)"
66.249.74.210 - - [07/Jan/2013:01:18:09 -0600] "GET /contact.php HTTP/1.1" 200 10519 "-" "DoCoMo/2.0 N905i(c100;TB;W24H16) (compatible; Googlebot-Mobile/2.1; +http://www.google.com/bot.html)"
208.115.113.86 - - [07/Jan/2013:02:00:25 -0600] "GET /business_discount.php HTTP/1.1" 404 - "-" "Mozilla/5.0 (compatible; Ezooms/1.0; ezooms.bot@gmail.com)"
173.199.114.187 - - [07/Jan/2013:05:33:27 -0600] "GET /business.php HTTP/1.1" 200 10813 "-" "Mozilla/5.0 (compatible; AhrefsBot/4.0; +http://ahrefs.com/robot/)"
173.45.73.18 - - [07/Jan/2013:05:43:33 -0600] "GET / HTTP/1.1" 200 10513 "-" "Mozilla/5.0 (Windows NT 6.1; rv:16.0) Gecko/20100101 Firefox/16.0"
173.199.114.187 - - [07/Jan/2013:06:32:56 -0600] "GET /aboutus.php HTTP/1.1" 200 11667 "-" "Mozilla/5.0 (compatible; AhrefsBot/4.0; +http://ahrefs.com/robot/)"
95.108.150.235 - - [07/Jan/2013:06:37:38 -0600] "GET /robots.txt HTTP/1.1" 404 - "-" "Mozilla/5.0 (compatible; YandexBot/3.0; +http://yandex.com/bots)"
95.108.150.235 - - [07/Jan/2013:06:37:38 -0600] "GET /robots.txt HTTP/1.1" 404 - "-" "Mozilla/5.0 (compatible; YandexBot/3.0; +http://yandex.com/bots)"
95.108.150.235 - - [07/Jan/2013:06:37:39 -0600] "GET / HTTP/1.1" 200 10513 "-" "Mozilla/5.0 (compatible; YandexBot/3.0; +http://yandex.com/bots)"
95.108.150.235 - - [07/Jan/2013:06:37:39 -0600] "GET / HTTP/1.1" 200 10513 "-" "Mozilla/5.0 (compatible; YandexBot/3.0; +http://yandex.com/bots)"
95.108.150.235 - - [07/Jan/2013:06:37:40 -0600] "GET / HTTP/1.1" 200 10513 "-" "Mozilla/5.0 (compatible; YandexBot/3.0; +http://yandex.com/bots)"
95.108.150.235 - - [07/Jan/2013:06:37:40 -0600] "GET / HTTP/1.1" 200 10513 "-" "Mozilla/5.0 (compatible; YandexBot/3.0; +http://yandex.com/bots)"
23.20.227.143 - - [07/Jan/2013:07:56:47 -0600] "GET / HTTP/1.0" 200 10513 "-" "Mozilla/5.0 (compatible; NetcraftSurveyAgent/1.0; +info@netcraft.com)"
23.20.227.143 - - [07/Jan/2013:07:57:04 -0600] "GET /_inc/slide.php HTTP/1.0" 200 3205 "-" "Mozilla/5.0 (compatible; NetcraftSurveyAgent/1.0; +info@netcraft.com)"
23.20.227.143 - - [07/Jan/2013:07:57:21 -0600] "GET /slider/index.html HTTP/1.0" 200 1496 "-" "Mozilla/5.0 (compatible; NetcraftSurveyAgent/1.0; +info@netcraft.com)"
173.199.114.187 - - [07/Jan/2013:08:29:01 -0600] "GET /calendar.php HTTP/1.1" 200 10709 "-" "Mozilla/5.0 (compatible; AhrefsBot/4.0; +http://ahrefs.com/robot/)"
173.199.114.187 - - [07/Jan/2013:09:46:00 -0600] "GET /java_for_joes/index.html HTTP/1.1" 404 - "-" "Mozilla/5.0 (compatible; AhrefsBot/4.0; +http://ahrefs.com/robot/)"
173.199.114.187 - - [07/Jan/2013:10:32:39 -0600] "GET /calendar.php HTTP/1.1" 200 10709 "-" "Mozilla/5.0 (compatible; AhrefsBot/4.0; +http://ahrefs.com/robot/)"
173.199.114.187 - - [07/Jan/2013:10:55:01 -0600] "GET / HTTP/1.1" 200 10513 "-" "Mozilla/5.0 (compatible; AhrefsBot/4.0; +http://ahrefs.com/robot/)"
173.199.114.187 - - [07/Jan/2013:10:55:52 -0600] "GET /pdf/174%20Stores%20and%20Business%20Offering%20Military%20Discounts1.pdf HTTP/1.1" 200 122888 "-" "Mozilla/5.0 (compatible; AhrefsBot/4.0; +http://ahrefs.com/robot/)"
84.134.169.40 - - [07/Jan/2013:11:02:15 -0600] "GET /robots.txt HTTP/1.1" 404 - "-" "findlinks/2.6 (+http://wortschatz.uni-leipzig.de/findlinks/)"
65.55.215.101 - - [07/Jan/2013:11:05:16 -0600] "GET /robots.txt HTTP/1.1" 404 - "-" "msnbot-media/1.1 (+http://search.msn.com/msnbot.htm)"
65.55.215.101 - - [07/Jan/2013:11:05:16 -0600] "GET /images/global.png HTTP/1.1" 200 5737 "-" "msnbot-media/1.1 (+http://search.msn.com/msnbot.htm)"
218.30.103.147 - - [07/Jan/2013:11:06:30 -0600] "GET / HTTP/1.1" 200 10513 "-" "Sogou web spider/4.0(+http://www.sogou.com/docs/help/webmasters.htm#07)"
218.30.103.147 - - [07/Jan/2013:11:06:34 -0600] "GET /robots.txt HTTP/1.1" 404 - "-" "Sogou web spider/4.0"
199.87.252.188 - - [07/Jan/2013:11:24:27 -0600] "GET /robots.txt HTTP/1.1" 404 - "-" "Mozilla/5.0 (compatible; Blekkobot; ScoutJet; +http://blekko.com/about/blekkobot)"
199.87.252.188 - - [07/Jan/2013:11:24:27 -0600] "GET / HTTP/1.1" 200 10513 "-" "Mozilla/5.0 (compatible; Blekkobot; ScoutJet; +http://blekko.com/about/blekkobot)"
199.87.252.188 - - [07/Jan/2013:11:24:28 -0600] "GET /favicon.ico HTTP/1.1" 404 - "-" "Mozilla/5.0 (compatible; Blekkobot; ScoutJet; +http://blekko.com/about/blekkobot)"
218.30.103.147 - - [07/Jan/2013:12:21:57 -0600] "GET / HTTP/1.1" 200 10513 "-" "Sogou web spider/4.0(+http://www.sogou.com/docs/help/webmasters.htm#07)"
173.199.114.187 - - [07/Jan/2013:12:32:39 -0600] "GET /donate.php HTTP/1.1" 200 11699 "-" "Mozilla/5.0 (compatible; AhrefsBot/4.0; +http://ahrefs.com/robot/)"
202.46.62.125 - - [07/Jan/2013:12:39:57 -0600] "GET / HTTP/1.1" 200 10513 "-" "Mozilla/4.0 (compatible; MSIE 7.0; Windows NT 6.0)"
119.63.193.132 - - [07/Jan/2013:12:39:59 -0600] "GET / HTTP/1.1" 200 10513 "-" "Mozilla/4.0 (compatible; MSIE 7.0; Windows NT 6.0)"
173.199.114.187 - - [07/Jan/2013:13:51:29 -0600] "GET /aboutus.php HTTP/1.1" 200 11667 "-" "Mozilla/5.0 (compatible; AhrefsBot/4.0; +http://ahrefs.com/robot/)"
69.171.234.0 - - [07/Jan/2013:13:53:29 -0600] "GET /images/memorial.jpg HTTP/1.1" 404 - "-" "facebookexternalhit/1.1 (+http://www.facebook.com/externalhit_uatext.php)"
69.171.234.6 - - [07/Jan/2013:13:53:29 -0600] "GET /images/memorial.jpg HTTP/1.1" 404 - "-" "facebookexternalhit/1.0 (+http://www.facebook.com/externalhit_uatext.php)"
1.202.218.21 - - [07/Jan/2013:15:49:04 -0600] "GET /robots.txt HTTP/1.1" 404 - "-" "Mozilla/5.0 (compatible; JikeSpider; +http://shoulu.jike.com/spider.html)"
50.30.38.221 - - [07/Jan/2013:15:58:46 -0600] "GET /favicon.ico HTTP/1.1" 404 - "http://www.facebook.com" "Mozilla/5.0 (Macintosh; U; Intel Mac OS X 10_6_7; en-US) AppleWebKit/534.16 (KHTML, like Gecko) Chrome/10.0.648.205 Safari/534.16"
50.30.38.221 - - [07/Jan/2013:15:58:46 -0600] "GET /favicon.png HTTP/1.1" 404 - "http://www.facebook.com" "Mozilla/5.0 (Macintosh; U; Intel Mac OS X 10_6_7; en-US) AppleWebKit/534.16 (KHTML, like Gecko) Chrome/10.0.648.205 Safari/534.16"
38.229.70.44 - - [07/Jan/2013:16:12:35 -0600] "GET / HTTP/1.0" 200 10513 "-" "Mozilla/5.0 (Windows; U; Windows NT 6.0; en-US; rv:1.9.0.6) Gecko/2009011913 Firefox/3.0.6 (.NET CLR 3.5.30729)"
212.156.69.228 - - [07/Jan/2013:16:15:09 -0600] "GET /admin.php HTTP/1.1" 404 - "-" "Opera/9.80 (Windows NT 6.1; U; ru) Presto/2.8.131 Version/11.10"
212.156.69.228 - - [07/Jan/2013:16:15:09 -0600] "GET /administrator/index.php HTTP/1.1" 404 - "-" "Opera/9.80 (Windows NT 6.1; U; ru) Presto/2.8.131 Version/11.10"
212.156.69.228 - - [07/Jan/2013:16:15:09 -0600] "GET /wp-login.php HTTP/1.1" 404 - "-" "Opera/9.80 (Windows NT 6.1; U; ru) Presto/2.8.131 Version/11.10"
173.199.114.187 - - [07/Jan/2013:16:34:17 -0600] "GET /events.php HTTP/1.1" 200 6407 "-" "Mozilla/5.0 (compatible; AhrefsBot/4.0; +http://ahrefs.com/robot/)"
66.249.74.210 - - [07/Jan/2013:17:01:24 -0600] "GET /robots.txt HTTP/1.1" 404 - "-" "Mozilla/5.0 (compatible; Googlebot/2.1; +http://www.google.com/bot.html)"
66.249.74.210 - - [07/Jan/2013:17:01:24 -0600] "GET /_inc/slide.php HTTP/1.1" 200 3205 "-" "Mozilla/5.0 (compatible; Googlebot/2.1; +http://www.google.com/bot.html)"
66.249.74.210 - - [07/Jan/2013:17:12:07 -0600] "GET /join/ HTTP/1.1" 404 - "-" "Mozilla/5.0 (compatible; Googlebot/2.1; +http://www.google.com/bot.html)"
188.40.82.78 - - [07/Jan/2013:17:16:32 -0600] "HEAD / HTTP/1.1" 200 - "-" "Mozilla/5.0 (X11; Ubuntu; Linux x86_64; rv:17.0) Gecko/20100101 Firefox/17.0"
188.40.82.78 - - [07/Jan/2013:17:16:32 -0600] "GET / HTTP/1.1" 200 10513 "-" "Mozilla/5.0 (X11; Ubuntu; Linux x86_64; rv:17.0) Gecko/20100101 Firefox/17.0"
173.199.114.187 - - [07/Jan/2013:17:30:24 -0600] "GET /pdf/2010_Top100_Military_Friendly_Employers.pdf HTTP/1.1" 200 711726 "-" "Mozilla/5.0 (compatible; AhrefsBot/4.0; +http://ahrefs.com/robot/)"
65.55.211.28 - - [07/Jan/2013:17:32:22 -0600] "GET /robots.txt HTTP/1.1" 404 - "-" "msnbot-media/1.1 (+http://search.msn.com/msnbot.htm)"
65.55.211.28 - - [07/Jan/2013:17:32:22 -0600] "GET /images/contacticon.png HTTP/1.1" 200 4499 "-" "msnbot-media/1.1 (+http://search.msn.com/msnbot.htm)"
66.249.74.210 - - [07/Jan/2013:18:28:04 -0600] "GET / HTTP/1.1" 200 10513 "-" "Mozilla/5.0 (compatible; Googlebot/2.1; +http://www.google.com/bot.html)"
66.249.74.210 - - [07/Jan/2013:18:39:48 -0600] "GET /images/we_need.png HTTP/1.1" 200 2138 "-" "Mozilla/5.0 (compatible; Googlebot/2.1; +http://www.google.com/bot.html)"
66.249.74.210 - - [07/Jan/2013:18:39:48 -0600] "GET /images/we_help.png HTTP/1.1" 200 1514 "-" "Mozilla/5.0 (compatible; Googlebot/2.1; +http://www.google.com/bot.html)"
66.249.74.210 - - [07/Jan/2013:18:39:49 -0600] "GET /images/we_strive.png HTTP/1.1" 200 1981 "-" "Mozilla/5.0 (compatible; Googlebot/2.1; +http://www.google.com/bot.html)"
66.249.74.210 - - [07/Jan/2013:18:39:49 -0600] "GET /images/we_believe.png HTTP/1.1" 200 1785 "-" "Mozilla/5.0 (compatible; Googlebot/2.1; +http://www.google.com/bot.html)"
66.249.74.210 - - [07/Jan/2013:18:39:50 -0600] "GET /css/footer.css HTTP/1.1" 200 752 "-" "Mozilla/5.0 (compatible; Googlebot/2.1; +http://www.google.com/bot.html)"
66.249.74.210 - - [07/Jan/2013:18:39:51 -0600] "GET /css/slide.css HTTP/1.1" 200 2869 "-" "Mozilla/5.0 (compatible; Googlebot/2.1; +http://www.google.com/bot.html)"
66.249.74.210 - - [07/Jan/2013:18:39:52 -0600] "GET /css/style_global.css HTTP/1.1" 200 2621 "-" "Mozilla/5.0 (compatible; Googlebot/2.1; +http://www.google.com/bot.html)"
66.249.74.210 - - [07/Jan/2013:18:39:53 -0600] "GET /css/global.css HTTP/1.1" 200 13951 "-" "Mozilla/5.0 (compatible; Googlebot/2.1; +http://www.google.com/bot.html)"
66.249.74.210 - - [07/Jan/2013:18:39:54 -0600] "GET /images/mission_statement_bg.png HTTP/1.1" 200 11413 "-" "Mozilla/5.0 (compatible; Googlebot/2.1; +http://www.google.com/bot.html)"
66.249.74.210 - - [07/Jan/2013:18:39:55 -0600] "GET /images/4.jpg HTTP/1.1" 200 186934 "-" "Mozilla/5.0 (compatible; Googlebot/2.1; +http://www.google.com/bot.html)"
66.249.74.210 - - [07/Jan/2013:18:39:58 -0600] "GET /images/3.jpg HTTP/1.1" 200 240733 "-" "Mozilla/5.0 (compatible; Googlebot/2.1; +http://www.google.com/bot.html)"
66.249.74.210 - - [07/Jan/2013:18:40:00 -0600] "GET /images/1.jpg HTTP/1.1" 200 142489 "-" "Mozilla/5.0 (compatible; Googlebot/2.1; +http://www.google.com/bot.html)"
66.249.74.210 - - [07/Jan/2013:18:40:01 -0600] "GET /slider/css/style.css HTTP/1.1" 200 1382 "-" "Mozilla/5.0 (compatible; Googlebot/2.1; +http://www.google.com/bot.html)"
66.249.74.210 - - [07/Jan/2013:18:40:02 -0600] "GET /js/combined.js HTTP/1.1" 200 169946 "-" "Mozilla/5.0 (compatible; Googlebot/2.1; +http://www.google.com/bot.html)"
173.199.114.187 - - [07/Jan/2013:18:50:50 -0600] "GET /contact.php HTTP/1.1" 200 10519 "-" "Mozilla/5.0 (compatible; AhrefsBot/4.0; +http://ahrefs.com/robot/)"
66.249.74.210 - - [07/Jan/2013:19:10:34 -0600] "GET / HTTP/1.1" 200 10513 "-" "DoCoMo/2.0 N905i(c100;TB;W24H16) (compatible; Googlebot-Mobile/2.1; +http://www.google.com/bot.html)"
66.249.74.210 - - [07/Jan/2013:19:31:57 -0600] "GET /events/Brittanycozza-.png HTTP/1.1" 304 - "-" "Googlebot-Image/1.0"
184.173.246.239 - - [07/Jan/2013:20:35:37 -0600] "HEAD / HTTP/1.1" 200 - "http://haroyoshi.com" "Mozilla/4.0 (compatible; MSIE 7.0; Windows NT 5.1; .NET CLR 1.1.4322; .NET CLR 2.0.50727; .NET CLR 3.0.04506.30)"
173.199.114.187 - - [07/Jan/2013:20:57:13 -0600] "GET / HTTP/1.1" 200 10513 "-" "Mozilla/5.0 (compatible; AhrefsBot/4.0; +http://ahrefs.com/robot/)"
65.55.211.29 - - [07/Jan/2013:21:03:10 -0600] "GET /robots.txt HTTP/1.1" 404 - "-" "msnbot-media/1.1 (+http://search.msn.com/msnbot.htm)"
65.55.211.29 - - [07/Jan/2013:21:03:11 -0600] "GET /images/logo.png HTTP/1.1" 200 226129 "-" "msnbot-media/1.1 (+http://search.msn.com/msnbot.htm)"
173.199.114.187 - - [07/Jan/2013:21:12:30 -0600] "GET /events.php HTTP/1.1" 200 6407 "-" "Mozilla/5.0 (compatible; AhrefsBot/4.0; +http://ahrefs.com/robot/)"
173.199.114.187 - - [07/Jan/2013:21:56:23 -0600] "GET /pdf/2010_Top100_Military_Friendly_Employers.pdf HTTP/1.1" 200 711726 "-" "Mozilla/5.0 (compatible; AhrefsBot/4.0; +http://ahrefs.com/robot/)"
173.199.114.187 - - [07/Jan/2013:22:17:50 -0600] "GET /pdf/174%20Stores%20and%20Business%20Offering%20Military%20Discounts1.pdf HTTP/1.1" 200 122888 "-" "Mozilla/5.0 (compatible; AhrefsBot/4.0; +http://ahrefs.com/robot/)"
173.199.114.187 - - [07/Jan/2013:23:01:08 -0600] "GET /donate.php HTTP/1.1" 200 11699 "-" "Mozilla/5.0 (compatible; AhrefsBot/4.0; +http://ahrefs.com/robot/)"
66.249.74.210 - - [07/Jan/2013:23:34:40 -0600] "GET /events.php HTTP/1.1" 200 6407 "-" "SAMSUNG-SGH-E250/1.0 Profile/MIDP-2.0 Configuration/CLDC-1.1 UP.Browser/6.2.3.3.c.1.101 (GUI) MMP/2.0 (compatible; Googlebot-Mobile/2.1; +http://www.google.com/bot.html)"
180.76.5.95 - - [08/Jan/2013:00:04:46 -0600] "GET /java_for_joes/index.html HTTP/1.1" 404 - "-" "Mozilla/5.0 (compatible; Baiduspider/2.0; +http://www.baidu.com/search/spider.html)"
173.199.114.187 - - [08/Jan/2013:00:50:49 -0600] "GET /index.php HTTP/1.1" 200 10513 "-" "Mozilla/5.0 (compatible; AhrefsBot/4.0; +http://ahrefs.com/robot/)"
199.21.99.99 - - [08/Jan/2013:01:06:30 -0600] "GET /robots.txt HTTP/1.1" 404 - "-" "Mozilla/5.0 (compatible; YandexBot/3.0; +http://yandex.com/bots)"
199.21.99.99 - - [08/Jan/2013:01:06:32 -0600] "GET /calendar.php HTTP/1.1" 200 10709 "-" "Mozilla/5.0 (compatible; YandexBot/3.0; +http://yandex.com/bots)"
66.249.74.210 - - [08/Jan/2013:01:18:56 -0600] "GET /events.php HTTP/1.1" 200 6407 "-" "DoCoMo/2.0 N905i(c100;TB;W24H16) (compatible; Googlebot-Mobile/2.1; +http://www.google.com/bot.html)"
173.199.114.187 - - [08/Jan/2013:02:03:41 -0600] "GET /java_for_joes/index.html?3e3ea140 HTTP/1.1" 404 - "-" "Mozilla/5.0 (compatible; AhrefsBot/4.0; +http://ahrefs.com/robot/)"
208.115.111.70 - - [08/Jan/2013:02:51:09 -0600] "GET /robots.txt HTTP/1.1" 404 - "-" "Mozilla/5.0 (compatible; Ezooms/1.0; ezooms.bot@gmail.com)"
173.199.114.187 - - [08/Jan/2013:03:11:29 -0600] "GET /pdf/Cellphones%20for%20Soldiers%20press%20release.pdf HTTP/1.1" 404 - "-" "Mozilla/5.0 (compatible; AhrefsBot/4.0; +http://ahrefs.com/robot/)"
66.249.74.61 - - [08/Jan/2013:03:50:04 -0600] "GET /robots.txt HTTP/1.1" 404 - "-" "Mozilla/5.0 (compatible; Googlebot/2.1; +http://www.google.com/bot.html)"
66.249.74.61 - - [08/Jan/2013:03:50:04 -0600] "GET /freedom.php HTTP/1.1" 200 10912 "-" "Mozilla/5.0 (compatible; Googlebot/2.1; +http://www.google.com/bot.html)"
173.199.114.187 - - [08/Jan/2013:03:51:58 -0600] "GET /business.php HTTP/1.1" 200 10813 "-" "Mozilla/5.0 (compatible; AhrefsBot/4.0; +http://ahrefs.com/robot/)"
173.199.114.187 - - [08/Jan/2013:04:02:12 -0600] "GET /index.php HTTP/1.1" 200 10513 "-" "Mozilla/5.0 (compatible; AhrefsBot/4.0; +http://ahrefs.com/robot/)"
208.115.111.70 - - [08/Jan/2013:04:02:49 -0600] "GET /donate.php HTTP/1.1" 200 11699 "-" "Mozilla/5.0 (compatible; Ezooms/1.0; ezooms.bot@gmail.com)"
66.249.74.61 - - [08/Jan/2013:04:04:30 -0600] "GET /pdf/Operation%20Wings%20of%20Hope%20-%20Kids.pdf HTTP/1.1" 200 34092 "-" "Mozilla/5.0 (compatible; Googlebot/2.1; +http://www.google.com/bot.html)"
173.199.114.187 - - [08/Jan/2013:04:32:15 -0600] "GET /contact.php HTTP/1.1" 200 10519 "-" "Mozilla/5.0 (compatible; AhrefsBot/4.0; +http://ahrefs.com/robot/)"
66.249.74.61 - - [08/Jan/2013:05:01:19 -0600] "GET / HTTP/1.1" 200 10513 "-" "Mozilla/5.0 (compatible; Googlebot/2.1; +http://www.google.com/bot.html)"
178.93.151.166 - - [08/Jan/2013:05:13:24 -0600] "GET /robots.txt HTTP/1.1" 404 - "-" "Mozilla/5.0 (compatible; 008/0.83; http://www.80legs.com/webcrawler.html;) Gecko/2008032620"
178.93.151.166 - - [08/Jan/2013:05:13:24 -0600] "GET / HTTP/1.1" 200 10513 "-" "Mozilla/5.0 (compatible; 008/0.85; http://www.80legs.com/webcrawler.html) Gecko/2008032620"
91.201.117.81 - - [08/Jan/2013:06:16:11 -0600] "GET /robots.txt HTTP/1.1" 404 - "-" "Mozilla/5.0 (compatible; 008/0.83; http://www.80legs.com/webcrawler.html;) Gecko/2008032620"
91.201.117.81 - - [08/Jan/2013:06:16:11 -0600] "GET / HTTP/1.1" 200 10513 "-" "Mozilla/5.0 (compatible; 008/0.85; http://www.80legs.com/webcrawler.html) Gecko/2008032620"
