66.193.135.210 - - [14/Oct/2013:11:21:10 -0500] "GET /assets/images/btn_main_search_hover.png HTTP/1.1" 404 - "http://operationspokaneheroes.org/_inc/slide.php" "Mozilla/4.0 (compatible; MSIE 7.0; Windows NT 5.1; Trident/4.0; .NET CLR 1.1.4322; .NET CLR 2.0.50727; .NET CLR 3.0.4506.2152; .NET CLR 3.5.30729)"
66.193.135.210 - - [14/Oct/2013:11:21:09 -0500] "GET /images/1.jpg HTTP/1.1" 200 142489 "http://operationspokaneheroes.org/_inc/slide.php" "Mozilla/4.0 (compatible; MSIE 7.0; Windows NT 5.1; Trident/4.0; .NET CLR 1.1.4322; .NET CLR 2.0.50727; .NET CLR 3.0.4506.2152; .NET CLR 3.5.30729)"
66.193.135.210 - - [14/Oct/2013:11:21:10 -0500] "GET /images/slder2.png HTTP/1.1" 200 32853 "http://operationspokaneheroes.org/slider/index.html" "Mozilla/4.0 (compatible; MSIE 7.0; Windows NT 5.1; Trident/4.0; .NET CLR 1.1.4322; .NET CLR 2.0.50727; .NET CLR 3.0.4506.2152; .NET CLR 3.5.30729)"
66.193.135.210 - - [14/Oct/2013:11:21:10 -0500] "GET /slider/images/slider-bg.jpg HTTP/1.1" 304 - "http://operationspokaneheroes.org/slider/index.html" "Mozilla/4.0 (compatible; MSIE 7.0; Windows NT 5.1; Trident/4.0; .NET CLR 1.1.4322; .NET CLR 2.0.50727; .NET CLR 3.0.4506.2152; .NET CLR 3.5.30729)"
66.193.135.210 - - [14/Oct/2013:11:21:09 -0500] "GET /images/3.jpg HTTP/1.1" 200 240733 "http://operationspokaneheroes.org/_inc/slide.php" "Mozilla/4.0 (compatible; MSIE 7.0; Windows NT 5.1; Trident/4.0; .NET CLR 1.1.4322; .NET CLR 2.0.50727; .NET CLR 3.0.4506.2152; .NET CLR 3.5.30729)"
66.193.135.210 - - [14/Oct/2013:11:21:10 -0500] "GET /slider/images/imagslider-1.png HTTP/1.1" 200 69960 "http://operationspokaneheroes.org/slider/index.html" "Mozilla/4.0 (compatible; MSIE 7.0; Windows NT 5.1; Trident/4.0; .NET CLR 1.1.4322; .NET CLR 2.0.50727; .NET CLR 3.0.4506.2152; .NET CLR 3.5.30729)"
66.193.135.210 - - [14/Oct/2013:11:21:10 -0500] "GET /slider/images/imagslider-2.png HTTP/1.1" 200 62889 "http://operationspokaneheroes.org/slider/index.html" "Mozilla/4.0 (compatible; MSIE 7.0; Windows NT 5.1; Trident/4.0; .NET CLR 1.1.4322; .NET CLR 2.0.50727; .NET CLR 3.0.4506.2152; .NET CLR 3.5.30729)"
66.193.135.210 - - [14/Oct/2013:11:21:09 -0500] "GET /images/2.jpg HTTP/1.1" 200 170993 "http://operationspokaneheroes.org/_inc/slide.php" "Mozilla/4.0 (compatible; MSIE 7.0; Windows NT 5.1; Trident/4.0; .NET CLR 1.1.4322; .NET CLR 2.0.50727; .NET CLR 3.0.4506.2152; .NET CLR 3.5.30729)"
66.193.135.210 - - [14/Oct/2013:11:21:11 -0500] "GET /favicon.ico HTTP/1.1" 404 - "-" "Mozilla/4.0 (compatible; MSIE 8.0; Windows NT 5.1; Trident/4.0; .NET CLR 1.1.4322; .NET CLR 2.0.50727; .NET CLR 3.0.4506.2152; .NET CLR 3.5.30729)"
66.193.135.210 - - [14/Oct/2013:11:21:40 -0500] "GET /pdf/Idaho+DOL+Sep+-+Oct+2013.pdf HTTP/1.1" 200 522959 "http://operationspokaneheroes.org/slider/index.html" "Mozilla/4.0 (compatible; MSIE 7.0; Windows NT 5.1; Trident/4.0; .NET CLR 1.1.4322; .NET CLR 2.0.50727; .NET CLR 3.0.4506.2152; .NET CLR 3.5.30729)"
66.193.135.210 - - [14/Oct/2013:11:21:42 -0500] "GET /pdf/Idaho+DOL+Sep+-+Oct+2013.pdf HTTP/1.1" 206 2119 "-" "Mozilla/4.0 (compatible; MSIE 7.0; Windows NT 5.1; Trident/4.0; .NET CLR 1.1.4322; .NET CLR 2.0.50727; .NET CLR 3.0.4506.2152; .NET CLR 3.5.30729)"
66.193.135.210 - - [14/Oct/2013:11:21:41 -0500] "GET /pdf/Idaho+DOL+Sep+-+Oct+2013.pdf HTTP/1.1" 206 403205 "-" "Mozilla/4.0 (compatible; MSIE 7.0; Windows NT 5.1; Trident/4.0; .NET CLR 1.1.4322; .NET CLR 2.0.50727; .NET CLR 3.0.4506.2152; .NET CLR 3.5.30729)"
150.70.173.47 - - [14/Oct/2013:11:22:19 -0500] "GET / HTTP/1.1" 200 10635 "-" "Mozilla/4.0 (compatible; MSIE 8.0; Windows NT 5.1; Trident/4.0)"
199.21.99.103 - - [14/Oct/2013:11:32:54 -0500] "GET /donate.php HTTP/1.1" 200 11699 "-" "Mozilla/5.0 (compatible; YandexBot/3.0; +http://yandex.com/bots)"
180.76.5.97 - - [14/Oct/2013:11:34:28 -0500] "GET /pdf/Spokane%20Indians%20Pennant%20poster-color%20copy.pdf HTTP/1.1" 200 1793914 "-" "Mozilla/5.0 (compatible; Baiduspider/2.0; +http://www.baidu.com/search/spider.html)"
150.70.172.201 - - [14/Oct/2013:11:41:02 -0500] "GET / HTTP/1.0" 200 10635 "-" "Mozilla/4.0 (compatible; MSIE 6.0; Windows NT 5.1)"
134.39.179.69 - - [14/Oct/2013:12:05:49 -0500] "GET / HTTP/1.1" 200 10635 "-" "Mozilla/5.0 (compatible; MSIE 9.0; Windows NT 6.1; Trident/5.0)"
134.39.179.69 - - [14/Oct/2013:12:05:50 -0500] "GET /css/footer.css HTTP/1.1" 200 752 "http://operationspokaneheroes.org/" "Mozilla/5.0 (compatible; MSIE 9.0; Windows NT 6.1; Trident/5.0)"
134.39.179.69 - - [14/Oct/2013:12:05:50 -0500] "GET /images/global.png HTTP/1.1" 200 5737 "http://operationspokaneheroes.org/" "Mozilla/5.0 (compatible; MSIE 9.0; Windows NT 6.1; Trident/5.0)"
134.39.179.69 - - [14/Oct/2013:12:05:50 -0500] "GET /images/facebook.png HTTP/1.1" 200 5004 "http://operationspokaneheroes.org/" "Mozilla/5.0 (compatible; MSIE 9.0; Windows NT 6.1; Trident/5.0)"
134.39.179.69 - - [14/Oct/2013:12:05:50 -0500] "GET /images/contacticon.png HTTP/1.1" 200 4499 "http://operationspokaneheroes.org/" "Mozilla/5.0 (compatible; MSIE 9.0; Windows NT 6.1; Trident/5.0)"
134.39.179.69 - - [14/Oct/2013:12:05:50 -0500] "GET /css/global.css HTTP/1.1" 200 13951 "http://operationspokaneheroes.org/" "Mozilla/5.0 (compatible; MSIE 9.0; Windows NT 6.1; Trident/5.0)"
134.39.179.69 - - [14/Oct/2013:12:05:50 -0500] "GET /slider/index.html HTTP/1.1" 200 2900 "http://operationspokaneheroes.org/" "Mozilla/5.0 (compatible; MSIE 9.0; Windows NT 6.1; Trident/5.0)"
134.39.179.69 - - [14/Oct/2013:12:05:50 -0500] "GET /_inc/slide.php HTTP/1.1" 200 3205 "http://operationspokaneheroes.org/" "Mozilla/5.0 (compatible; MSIE 9.0; Windows NT 6.1; Trident/5.0)"
134.39.179.69 - - [14/Oct/2013:12:05:50 -0500] "GET /images/nav2.jpg HTTP/1.1" 200 4444 "http://operationspokaneheroes.org/" "Mozilla/5.0 (compatible; MSIE 9.0; Windows NT 6.1; Trident/5.0)"
134.39.179.69 - - [14/Oct/2013:12:05:50 -0500] "GET /mainbk.png HTTP/1.1" 200 290 "http://operationspokaneheroes.org/" "Mozilla/5.0 (compatible; MSIE 9.0; Windows NT 6.1; Trident/5.0)"
134.39.179.69 - - [14/Oct/2013:12:05:50 -0500] "GET /css/style_global.css HTTP/1.1" 200 2621 "http://operationspokaneheroes.org/_inc/slide.php" "Mozilla/5.0 (compatible; MSIE 9.0; Windows NT 6.1; Trident/5.0)"
134.39.179.69 - - [14/Oct/2013:12:05:50 -0500] "GET /css/slide.css HTTP/1.1" 200 2869 "http://operationspokaneheroes.org/_inc/slide.php" "Mozilla/5.0 (compatible; MSIE 9.0; Windows NT 6.1; Trident/5.0)"
134.39.179.69 - - [14/Oct/2013:12:05:50 -0500] "GET /slider/js/startstop-slider.js HTTP/1.1" 200 1737 "http://operationspokaneheroes.org/slider/index.html" "Mozilla/5.0 (compatible; MSIE 9.0; Windows NT 6.1; Trident/5.0)"
134.39.179.69 - - [14/Oct/2013:12:05:50 -0500] "GET /slider/css/style.css HTTP/1.1" 200 1379 "http://operationspokaneheroes.org/slider/index.html" "Mozilla/5.0 (compatible; MSIE 9.0; Windows NT 6.1; Trident/5.0)"
134.39.179.69 - - [14/Oct/2013:12:05:50 -0500] "GET /images/bg2.jpg HTTP/1.1" 200 55206 "http://operationspokaneheroes.org/" "Mozilla/5.0 (compatible; MSIE 9.0; Windows NT 6.1; Trident/5.0)"
134.39.179.69 - - [14/Oct/2013:12:05:50 -0500] "GET /images/slder2.png HTTP/1.1" 200 32853 "http://operationspokaneheroes.org/slider/index.html" "Mozilla/5.0 (compatible; MSIE 9.0; Windows NT 6.1; Trident/5.0)"
134.39.179.69 - - [14/Oct/2013:12:05:50 -0500] "GET /images/logo.png HTTP/1.1" 200 226129 "http://operationspokaneheroes.org/" "Mozilla/5.0 (compatible; MSIE 9.0; Windows NT 6.1; Trident/5.0)"
134.39.179.69 - - [14/Oct/2013:12:05:50 -0500] "GET /slider/js/jquery-1.2.6.js HTTP/1.1" 200 100196 "http://operationspokaneheroes.org/slider/index.html" "Mozilla/5.0 (compatible; MSIE 9.0; Windows NT 6.1; Trident/5.0)"
134.39.179.69 - - [14/Oct/2013:12:05:50 -0500] "GET /slider/images/imagslider-1.png HTTP/1.1" 200 69960 "http://operationspokaneheroes.org/slider/index.html" "Mozilla/5.0 (compatible; MSIE 9.0; Windows NT 6.1; Trident/5.0)"
134.39.179.69 - - [14/Oct/2013:12:05:50 -0500] "GET /slider/images/imagslider-2.png HTTP/1.1" 200 62889 "http://operationspokaneheroes.org/slider/index.html" "Mozilla/5.0 (compatible; MSIE 9.0; Windows NT 6.1; Trident/5.0)"
134.39.179.69 - - [14/Oct/2013:12:05:50 -0500] "GET /js/combined.js HTTP/1.1" 200 169946 "http://operationspokaneheroes.org/_inc/slide.php" "Mozilla/5.0 (compatible; MSIE 9.0; Windows NT 6.1; Trident/5.0)"
134.39.179.69 - - [14/Oct/2013:12:05:52 -0500] "GET /slider/images/slider-bg.jpg HTTP/1.1" 200 3447 "http://operationspokaneheroes.org/slider/index.html" "Mozilla/5.0 (compatible; MSIE 9.0; Windows NT 6.1; Trident/5.0)"
134.39.179.69 - - [14/Oct/2013:12:05:52 -0500] "GET /assets/images/btn_top_search_hover.png HTTP/1.1" 404 - "http://operationspokaneheroes.org/_inc/slide.php" "Mozilla/5.0 (compatible; MSIE 9.0; Windows NT 6.1; Trident/5.0)"
134.39.179.69 - - [14/Oct/2013:12:05:52 -0500] "GET /images/we_strive.png HTTP/1.1" 200 1981 "http://operationspokaneheroes.org/_inc/slide.php" "Mozilla/5.0 (compatible; MSIE 9.0; Windows NT 6.1; Trident/5.0)"
134.39.179.69 - - [14/Oct/2013:12:05:52 -0500] "GET /assets/images/btn_main_search_hover.png HTTP/1.1" 404 - "http://operationspokaneheroes.org/_inc/slide.php" "Mozilla/5.0 (compatible; MSIE 9.0; Windows NT 6.1; Trident/5.0)"
134.39.179.69 - - [14/Oct/2013:12:05:52 -0500] "GET /images/mission_statement_bg.png HTTP/1.1" 200 11413 "http://operationspokaneheroes.org/_inc/slide.php" "Mozilla/5.0 (compatible; MSIE 9.0; Windows NT 6.1; Trident/5.0)"
134.39.179.69 - - [14/Oct/2013:12:05:52 -0500] "GET /images/we_believe.png HTTP/1.1" 200 1785 "http://operationspokaneheroes.org/_inc/slide.php" "Mozilla/5.0 (compatible; MSIE 9.0; Windows NT 6.1; Trident/5.0)"
134.39.179.69 - - [14/Oct/2013:12:05:52 -0500] "GET /images/we_need.png HTTP/1.1" 200 2138 "http://operationspokaneheroes.org/_inc/slide.php" "Mozilla/5.0 (compatible; MSIE 9.0; Windows NT 6.1; Trident/5.0)"
134.39.179.69 - - [14/Oct/2013:12:05:52 -0500] "GET /images/we_help.png HTTP/1.1" 200 1514 "http://operationspokaneheroes.org/_inc/slide.php" "Mozilla/5.0 (compatible; MSIE 9.0; Windows NT 6.1; Trident/5.0)"
134.39.179.69 - - [14/Oct/2013:12:05:52 -0500] "GET /favicon.ico HTTP/1.1" 404 - "-" "Mozilla/5.0 (compatible; MSIE 9.0; Windows NT 6.1; Trident/5.0)"
134.39.179.69 - - [14/Oct/2013:12:05:52 -0500] "GET /images/3.jpg HTTP/1.1" 200 240733 "http://operationspokaneheroes.org/_inc/slide.php" "Mozilla/5.0 (compatible; MSIE 9.0; Windows NT 6.1; Trident/5.0)"
134.39.179.69 - - [14/Oct/2013:12:05:52 -0500] "GET /images/4.jpg HTTP/1.1" 200 186934 "http://operationspokaneheroes.org/_inc/slide.php" "Mozilla/5.0 (compatible; MSIE 9.0; Windows NT 6.1; Trident/5.0)"
134.39.179.69 - - [14/Oct/2013:12:05:52 -0500] "GET /images/1.jpg HTTP/1.1" 200 142489 "http://operationspokaneheroes.org/_inc/slide.php" "Mozilla/5.0 (compatible; MSIE 9.0; Windows NT 6.1; Trident/5.0)"
134.39.179.69 - - [14/Oct/2013:12:05:52 -0500] "GET /images/2.jpg HTTP/1.1" 200 170993 "http://operationspokaneheroes.org/_inc/slide.php" "Mozilla/5.0 (compatible; MSIE 9.0; Windows NT 6.1; Trident/5.0)"
134.39.179.69 - - [14/Oct/2013:12:06:27 -0500] "GET /business.php HTTP/1.1" 200 10813 "http://operationspokaneheroes.org/" "Mozilla/5.0 (compatible; MSIE 9.0; Windows NT 6.1; Trident/5.0)"
134.39.179.69 - - [14/Oct/2013:12:06:28 -0500] "GET /assets/images/btn_top_search_hover.png HTTP/1.1" 404 - "http://operationspokaneheroes.org/_inc/slide.php" "Mozilla/5.0 (compatible; MSIE 9.0; Windows NT 6.1; Trident/5.0)"
134.39.179.69 - - [14/Oct/2013:12:06:28 -0500] "GET /assets/images/btn_main_search_hover.png HTTP/1.1" 404 - "http://operationspokaneheroes.org/_inc/slide.php" "Mozilla/5.0 (compatible; MSIE 9.0; Windows NT 6.1; Trident/5.0)"
134.39.179.69 - - [14/Oct/2013:12:06:28 -0500] "GET /favicon.ico HTTP/1.1" 404 - "-" "Mozilla/5.0 (compatible; MSIE 9.0; Windows NT 6.1; Trident/5.0)"
150.70.75.212 - - [14/Oct/2013:12:41:47 -0500] "GET / HTTP/1.1" 200 10635 "-" "Mozilla/4.0 (compatible; MSIE 8.0; Windows NT 5.1; Trident/4.0)"
66.249.74.43 - - [14/Oct/2013:13:01:21 -0500] "GET /business.php HTTP/1.1" 200 10813 "-" "SAMSUNG-SGH-E250/1.0 Profile/MIDP-2.0 Configuration/CLDC-1.1 UP.Browser/6.2.3.3.c.1.101 (GUI) MMP/2.0 (compatible; Googlebot-Mobile/2.1; +http://www.google.com/bot.html)"
66.249.74.41 - - [14/Oct/2013:13:07:41 -0500] "GET /robots.txt HTTP/1.1" 404 - "-" "Mozilla/5.0 (compatible; Googlebot/2.1; +http://www.google.com/bot.html)"
66.249.74.41 - - [14/Oct/2013:13:07:41 -0500] "GET / HTTP/1.1" 200 10635 "-" "Mozilla/5.0 (compatible; Googlebot/2.1; +http://www.google.com/bot.html)"
66.249.74.41 - - [14/Oct/2013:13:17:24 -0500] "GET /css/global.css HTTP/1.1" 200 13951 "-" "Mozilla/5.0 (compatible; Googlebot/2.1; +http://www.google.com/bot.html)"
66.249.74.41 - - [14/Oct/2013:13:17:25 -0500] "GET /css/footer.css HTTP/1.1" 200 752 "-" "Mozilla/5.0 (compatible; Googlebot/2.1; +http://www.google.com/bot.html)"
66.249.74.41 - - [14/Oct/2013:13:17:26 -0500] "GET /css/slide.css HTTP/1.1" 200 2869 "-" "Mozilla/5.0 (compatible; Googlebot/2.1; +http://www.google.com/bot.html)"
66.249.74.41 - - [14/Oct/2013:13:17:27 -0500] "GET /slider/css/style.css HTTP/1.1" 200 1379 "-" "Mozilla/5.0 (compatible; Googlebot/2.1; +http://www.google.com/bot.html)"
66.249.74.41 - - [14/Oct/2013:13:17:27 -0500] "GET /css/style_global.css HTTP/1.1" 200 2621 "-" "Mozilla/5.0 (compatible; Googlebot/2.1; +http://www.google.com/bot.html)"
208.115.111.70 - - [14/Oct/2013:15:57:53 -0500] "GET /robots.txt HTTP/1.1" 404 - "-" "Mozilla/5.0 (compatible; Ezooms/1.0; ezooms.bot@gmail.com)"
97.119.255.188 - - [14/Oct/2013:16:30:53 -0500] "GET / HTTP/1.1" 200 10635 "http://www.bing.com/search?q=Operation+Spokane+Heroes+spokane%2C+wa&FORM=IEFM1&src=IE-SearchBox" "Mozilla/4.0 (compatible; MSIE 7.0; Windows NT 5.1; Trident/4.0; GTB7.5; Mozilla/4.0 (compatible; MSIE 6.0; Windows NT 5.1; SV1) ; .NET CLR 1.0.3705; .NET CLR 1.1.4322; Media Center PC 2.8; .NET CLR 2.0.50727; .NET CLR 3.0.4506.2152; .NET CLR 3.5.30729; WinTSI 10.02.2010; WinNT-EVU 10.02.2010; .NET4.0C; OfficeLiveConnector.1.5; OfficeLivePatch.1.3; BRI/2; BOIE8;ENUSMSNIP)"
97.119.255.188 - - [14/Oct/2013:16:30:53 -0500] "GET /css/footer.css HTTP/1.1" 200 752 "http://operationspokaneheroes.org/" "Mozilla/4.0 (compatible; MSIE 7.0; Windows NT 5.1; Trident/4.0; GTB7.5; Mozilla/4.0 (compatible; MSIE 6.0; Windows NT 5.1; SV1) ; .NET CLR 1.0.3705; .NET CLR 1.1.4322; Media Center PC 2.8; .NET CLR 2.0.50727; .NET CLR 3.0.4506.2152; .NET CLR 3.5.30729; WinTSI 10.02.2010; WinNT-EVU 10.02.2010; .NET4.0C; OfficeLiveConnector.1.5; OfficeLivePatch.1.3; BRI/2; BOIE8;ENUSMSNIP)"
97.119.255.188 - - [14/Oct/2013:16:30:53 -0500] "GET /images/contacticon.png HTTP/1.1" 200 4499 "http://operationspokaneheroes.org/" "Mozilla/4.0 (compatible; MSIE 7.0; Windows NT 5.1; Trident/4.0; GTB7.5; Mozilla/4.0 (compatible; MSIE 6.0; Windows NT 5.1; SV1) ; .NET CLR 1.0.3705; .NET CLR 1.1.4322; Media Center PC 2.8; .NET CLR 2.0.50727; .NET CLR 3.0.4506.2152; .NET CLR 3.5.30729; WinTSI 10.02.2010; WinNT-EVU 10.02.2010; .NET4.0C; OfficeLiveConnector.1.5; OfficeLivePatch.1.3; BRI/2; BOIE8;ENUSMSNIP)"
97.119.255.188 - - [14/Oct/2013:16:30:53 -0500] "GET /images/global.png HTTP/1.1" 200 5737 "http://operationspokaneheroes.org/" "Mozilla/4.0 (compatible; MSIE 7.0; Windows NT 5.1; Trident/4.0; GTB7.5; Mozilla/4.0 (compatible; MSIE 6.0; Windows NT 5.1; SV1) ; .NET CLR 1.0.3705; .NET CLR 1.1.4322; Media Center PC 2.8; .NET CLR 2.0.50727; .NET CLR 3.0.4506.2152; .NET CLR 3.5.30729; WinTSI 10.02.2010; WinNT-EVU 10.02.2010; .NET4.0C; OfficeLiveConnector.1.5; OfficeLivePatch.1.3; BRI/2; BOIE8;ENUSMSNIP)"
97.119.255.188 - - [14/Oct/2013:16:30:53 -0500] "GET /images/facebook.png HTTP/1.1" 200 5004 "http://operationspokaneheroes.org/" "Mozilla/4.0 (compatible; MSIE 7.0; Windows NT 5.1; Trident/4.0; GTB7.5; Mozilla/4.0 (compatible; MSIE 6.0; Windows NT 5.1; SV1) ; .NET CLR 1.0.3705; .NET CLR 1.1.4322; Media Center PC 2.8; .NET CLR 2.0.50727; .NET CLR 3.0.4506.2152; .NET CLR 3.5.30729; WinTSI 10.02.2010; WinNT-EVU 10.02.2010; .NET4.0C; OfficeLiveConnector.1.5; OfficeLivePatch.1.3; BRI/2; BOIE8;ENUSMSNIP)"
97.119.255.188 - - [14/Oct/2013:16:30:53 -0500] "GET /css/global.css HTTP/1.1" 200 13951 "http://operationspokaneheroes.org/" "Mozilla/4.0 (compatible; MSIE 7.0; Windows NT 5.1; Trident/4.0; GTB7.5; Mozilla/4.0 (compatible; MSIE 6.0; Windows NT 5.1; SV1) ; .NET CLR 1.0.3705; .NET CLR 1.1.4322; Media Center PC 2.8; .NET CLR 2.0.50727; .NET CLR 3.0.4506.2152; .NET CLR 3.5.30729; WinTSI 10.02.2010; WinNT-EVU 10.02.2010; .NET4.0C; OfficeLiveConnector.1.5; OfficeLivePatch.1.3; BRI/2; BOIE8;ENUSMSNIP)"
97.119.255.188 - - [14/Oct/2013:16:30:54 -0500] "GET /images/nav2.jpg HTTP/1.1" 200 4444 "http://operationspokaneheroes.org/" "Mozilla/4.0 (compatible; MSIE 7.0; Windows NT 5.1; Trident/4.0; GTB7.5; Mozilla/4.0 (compatible; MSIE 6.0; Windows NT 5.1; SV1) ; .NET CLR 1.0.3705; .NET CLR 1.1.4322; Media Center PC 2.8; .NET CLR 2.0.50727; .NET CLR 3.0.4506.2152; .NET CLR 3.5.30729; WinTSI 10.02.2010; WinNT-EVU 10.02.2010; .NET4.0C; OfficeLiveConnector.1.5; OfficeLivePatch.1.3; BRI/2; BOIE8;ENUSMSNIP)"
97.119.255.188 - - [14/Oct/2013:16:30:54 -0500] "GET /mainbk.png HTTP/1.1" 200 290 "http://operationspokaneheroes.org/" "Mozilla/4.0 (compatible; MSIE 7.0; Windows NT 5.1; Trident/4.0; GTB7.5; Mozilla/4.0 (compatible; MSIE 6.0; Windows NT 5.1; SV1) ; .NET CLR 1.0.3705; .NET CLR 1.1.4322; Media Center PC 2.8; .NET CLR 2.0.50727; .NET CLR 3.0.4506.2152; .NET CLR 3.5.30729; WinTSI 10.02.2010; WinNT-EVU 10.02.2010; .NET4.0C; OfficeLiveConnector.1.5; OfficeLivePatch.1.3; BRI/2; BOIE8;ENUSMSNIP)"
97.119.255.188 - - [14/Oct/2013:16:30:54 -0500] "GET /slider/index.html HTTP/1.1" 200 2900 "http://operationspokaneheroes.org/" "Mozilla/4.0 (compatible; MSIE 7.0; Windows NT 5.1; Trident/4.0; GTB7.5; Mozilla/4.0 (compatible; MSIE 6.0; Windows NT 5.1; SV1) ; .NET CLR 1.0.3705; .NET CLR 1.1.4322; Media Center PC 2.8; .NET CLR 2.0.50727; .NET CLR 3.0.4506.2152; .NET CLR 3.5.30729; WinTSI 10.02.2010; WinNT-EVU 10.02.2010; .NET4.0C; OfficeLiveConnector.1.5; OfficeLivePatch.1.3; BRI/2; BOIE8;ENUSMSNIP)"
97.119.255.188 - - [14/Oct/2013:16:30:54 -0500] "GET /_inc/slide.php HTTP/1.1" 200 3205 "http://operationspokaneheroes.org/" "Mozilla/4.0 (compatible; MSIE 7.0; Windows NT 5.1; Trident/4.0; GTB7.5; Mozilla/4.0 (compatible; MSIE 6.0; Windows NT 5.1; SV1) ; .NET CLR 1.0.3705; .NET CLR 1.1.4322; Media Center PC 2.8; .NET CLR 2.0.50727; .NET CLR 3.0.4506.2152; .NET CLR 3.5.30729; WinTSI 10.02.2010; WinNT-EVU 10.02.2010; .NET4.0C; OfficeLiveConnector.1.5; OfficeLivePatch.1.3; BRI/2; BOIE8;ENUSMSNIP)"
97.119.255.188 - - [14/Oct/2013:16:30:54 -0500] "GET /css/slide.css HTTP/1.1" 200 2869 "http://operationspokaneheroes.org/_inc/slide.php" "Mozilla/4.0 (compatible; MSIE 7.0; Windows NT 5.1; Trident/4.0; GTB7.5; Mozilla/4.0 (compatible; MSIE 6.0; Windows NT 5.1; SV1) ; .NET CLR 1.0.3705; .NET CLR 1.1.4322; Media Center PC 2.8; .NET CLR 2.0.50727; .NET CLR 3.0.4506.2152; .NET CLR 3.5.30729; WinTSI 10.02.2010; WinNT-EVU 10.02.2010; .NET4.0C; OfficeLiveConnector.1.5; OfficeLivePatch.1.3; BRI/2; BOIE8;ENUSMSNIP)"
97.119.255.188 - - [14/Oct/2013:16:30:54 -0500] "GET /slider/css/style.css HTTP/1.1" 200 1379 "http://operationspokaneheroes.org/slider/index.html" "Mozilla/4.0 (compatible; MSIE 7.0; Windows NT 5.1; Trident/4.0; GTB7.5; Mozilla/4.0 (compatible; MSIE 6.0; Windows NT 5.1; SV1) ; .NET CLR 1.0.3705; .NET CLR 1.1.4322; Media Center PC 2.8; .NET CLR 2.0.50727; .NET CLR 3.0.4506.2152; .NET CLR 3.5.30729; WinTSI 10.02.2010; WinNT-EVU 10.02.2010; .NET4.0C; OfficeLiveConnector.1.5; OfficeLivePatch.1.3; BRI/2; BOIE8;ENUSMSNIP)"
97.119.255.188 - - [14/Oct/2013:16:30:54 -0500] "GET /css/style_global.css HTTP/1.1" 200 2621 "http://operationspokaneheroes.org/_inc/slide.php" "Mozilla/4.0 (compatible; MSIE 7.0; Windows NT 5.1; Trident/4.0; GTB7.5; Mozilla/4.0 (compatible; MSIE 6.0; Windows NT 5.1; SV1) ; .NET CLR 1.0.3705; .NET CLR 1.1.4322; Media Center PC 2.8; .NET CLR 2.0.50727; .NET CLR 3.0.4506.2152; .NET CLR 3.5.30729; WinTSI 10.02.2010; WinNT-EVU 10.02.2010; .NET4.0C; OfficeLiveConnector.1.5; OfficeLivePatch.1.3; BRI/2; BOIE8;ENUSMSNIP)"
97.119.255.188 - - [14/Oct/2013:16:30:54 -0500] "GET /images/bg2.jpg HTTP/1.1" 200 55206 "http://operationspokaneheroes.org/" "Mozilla/4.0 (compatible; MSIE 7.0; Windows NT 5.1; Trident/4.0; GTB7.5; Mozilla/4.0 (compatible; MSIE 6.0; Windows NT 5.1; SV1) ; .NET CLR 1.0.3705; .NET CLR 1.1.4322; Media Center PC 2.8; .NET CLR 2.0.50727; .NET CLR 3.0.4506.2152; .NET CLR 3.5.30729; WinTSI 10.02.2010; WinNT-EVU 10.02.2010; .NET4.0C; OfficeLiveConnector.1.5; OfficeLivePatch.1.3; BRI/2; BOIE8;ENUSMSNIP)"
97.119.255.188 - - [14/Oct/2013:16:30:53 -0500] "GET /images/logo.png HTTP/1.1" 200 226129 "http://operationspokaneheroes.org/" "Mozilla/4.0 (compatible; MSIE 7.0; Windows NT 5.1; Trident/4.0; GTB7.5; Mozilla/4.0 (compatible; MSIE 6.0; Windows NT 5.1; SV1) ; .NET CLR 1.0.3705; .NET CLR 1.1.4322; Media Center PC 2.8; .NET CLR 2.0.50727; .NET CLR 3.0.4506.2152; .NET CLR 3.5.30729; WinTSI 10.02.2010; WinNT-EVU 10.02.2010; .NET4.0C; OfficeLiveConnector.1.5; OfficeLivePatch.1.3; BRI/2; BOIE8;ENUSMSNIP)"
97.119.255.188 - - [14/Oct/2013:16:30:54 -0500] "GET /slider/js/jquery-1.2.6.js HTTP/1.1" 200 100196 "http://operationspokaneheroes.org/slider/index.html" "Mozilla/4.0 (compatible; MSIE 7.0; Windows NT 5.1; Trident/4.0; GTB7.5; Mozilla/4.0 (compatible; MSIE 6.0; Windows NT 5.1; SV1) ; .NET CLR 1.0.3705; .NET CLR 1.1.4322; Media Center PC 2.8; .NET CLR 2.0.50727; .NET CLR 3.0.4506.2152; .NET CLR 3.5.30729; WinTSI 10.02.2010; WinNT-EVU 10.02.2010; .NET4.0C; OfficeLiveConnector.1.5; OfficeLivePatch.1.3; BRI/2; BOIE8;ENUSMSNIP)"
97.119.255.188 - - [14/Oct/2013:16:30:56 -0500] "GET /slider/js/startstop-slider.js HTTP/1.1" 200 1737 "http://operationspokaneheroes.org/slider/index.html" "Mozilla/4.0 (compatible; MSIE 7.0; Windows NT 5.1; Trident/4.0; GTB7.5; Mozilla/4.0 (compatible; MSIE 6.0; Windows NT 5.1; SV1) ; .NET CLR 1.0.3705; .NET CLR 1.1.4322; Media Center PC 2.8; .NET CLR 2.0.50727; .NET CLR 3.0.4506.2152; .NET CLR 3.5.30729; WinTSI 10.02.2010; WinNT-EVU 10.02.2010; .NET4.0C; OfficeLiveConnector.1.5; OfficeLivePatch.1.3; BRI/2; BOIE8;ENUSMSNIP)"
97.119.255.188 - - [14/Oct/2013:16:30:56 -0500] "GET /images/slder2.png HTTP/1.1" 200 32853 "http://operationspokaneheroes.org/slider/index.html" "Mozilla/4.0 (compatible; MSIE 7.0; Windows NT 5.1; Trident/4.0; GTB7.5; Mozilla/4.0 (compatible; MSIE 6.0; Windows NT 5.1; SV1) ; .NET CLR 1.0.3705; .NET CLR 1.1.4322; Media Center PC 2.8; .NET CLR 2.0.50727; .NET CLR 3.0.4506.2152; .NET CLR 3.5.30729; WinTSI 10.02.2010; WinNT-EVU 10.02.2010; .NET4.0C; OfficeLiveConnector.1.5; OfficeLivePatch.1.3; BRI/2; BOIE8;ENUSMSNIP)"
97.119.255.188 - - [14/Oct/2013:16:30:56 -0500] "GET /slider/images/slider-bg.jpg HTTP/1.1" 200 3447 "http://operationspokaneheroes.org/slider/index.html" "Mozilla/4.0 (compatible; MSIE 7.0; Windows NT 5.1; Trident/4.0; GTB7.5; Mozilla/4.0 (compatible; MSIE 6.0; Windows NT 5.1; SV1) ; .NET CLR 1.0.3705; .NET CLR 1.1.4322; Media Center PC 2.8; .NET CLR 2.0.50727; .NET CLR 3.0.4506.2152; .NET CLR 3.5.30729; WinTSI 10.02.2010; WinNT-EVU 10.02.2010; .NET4.0C; OfficeLiveConnector.1.5; OfficeLivePatch.1.3; BRI/2; BOIE8;ENUSMSNIP)"
97.119.255.188 - - [14/Oct/2013:16:30:56 -0500] "GET /slider/images/imagslider-1.png HTTP/1.1" 200 69960 "http://operationspokaneheroes.org/slider/index.html" "Mozilla/4.0 (compatible; MSIE 7.0; Windows NT 5.1; Trident/4.0; GTB7.5; Mozilla/4.0 (compatible; MSIE 6.0; Windows NT 5.1; SV1) ; .NET CLR 1.0.3705; .NET CLR 1.1.4322; Media Center PC 2.8; .NET CLR 2.0.50727; .NET CLR 3.0.4506.2152; .NET CLR 3.5.30729; WinTSI 10.02.2010; WinNT-EVU 10.02.2010; .NET4.0C; OfficeLiveConnector.1.5; OfficeLivePatch.1.3; BRI/2; BOIE8;ENUSMSNIP)"
97.119.255.188 - - [14/Oct/2013:16:30:56 -0500] "GET /slider/images/imagslider-2.png HTTP/1.1" 200 62889 "http://operationspokaneheroes.org/slider/index.html" "Mozilla/4.0 (compatible; MSIE 7.0; Windows NT 5.1; Trident/4.0; GTB7.5; Mozilla/4.0 (compatible; MSIE 6.0; Windows NT 5.1; SV1) ; .NET CLR 1.0.3705; .NET CLR 1.1.4322; Media Center PC 2.8; .NET CLR 2.0.50727; .NET CLR 3.0.4506.2152; .NET CLR 3.5.30729; WinTSI 10.02.2010; WinNT-EVU 10.02.2010; .NET4.0C; OfficeLiveConnector.1.5; OfficeLivePatch.1.3; BRI/2; BOIE8;ENUSMSNIP)"
97.119.255.188 - - [14/Oct/2013:16:30:54 -0500] "GET /js/combined.js HTTP/1.1" 200 169946 "http://operationspokaneheroes.org/_inc/slide.php" "Mozilla/4.0 (compatible; MSIE 7.0; Windows NT 5.1; Trident/4.0; GTB7.5; Mozilla/4.0 (compatible; MSIE 6.0; Windows NT 5.1; SV1) ; .NET CLR 1.0.3705; .NET CLR 1.1.4322; Media Center PC 2.8; .NET CLR 2.0.50727; .NET CLR 3.0.4506.2152; .NET CLR 3.5.30729; WinTSI 10.02.2010; WinNT-EVU 10.02.2010; .NET4.0C; OfficeLiveConnector.1.5; OfficeLivePatch.1.3; BRI/2; BOIE8;ENUSMSNIP)"
97.119.255.188 - - [14/Oct/2013:16:30:58 -0500] "GET /images/mission_statement_bg.png HTTP/1.1" 200 11413 "http://operationspokaneheroes.org/_inc/slide.php" "Mozilla/4.0 (compatible; MSIE 7.0; Windows NT 5.1; Trident/4.0; GTB7.5; Mozilla/4.0 (compatible; MSIE 6.0; Windows NT 5.1; SV1) ; .NET CLR 1.0.3705; .NET CLR 1.1.4322; Media Center PC 2.8; .NET CLR 2.0.50727; .NET CLR 3.0.4506.2152; .NET CLR 3.5.30729; WinTSI 10.02.2010; WinNT-EVU 10.02.2010; .NET4.0C; OfficeLiveConnector.1.5; OfficeLivePatch.1.3; BRI/2; BOIE8;ENUSMSNIP)"
97.119.255.188 - - [14/Oct/2013:16:30:58 -0500] "GET /images/we_strive.png HTTP/1.1" 200 1981 "http://operationspokaneheroes.org/_inc/slide.php" "Mozilla/4.0 (compatible; MSIE 7.0; Windows NT 5.1; Trident/4.0; GTB7.5; Mozilla/4.0 (compatible; MSIE 6.0; Windows NT 5.1; SV1) ; .NET CLR 1.0.3705; .NET CLR 1.1.4322; Media Center PC 2.8; .NET CLR 2.0.50727; .NET CLR 3.0.4506.2152; .NET CLR 3.5.30729; WinTSI 10.02.2010; WinNT-EVU 10.02.2010; .NET4.0C; OfficeLiveConnector.1.5; OfficeLivePatch.1.3; BRI/2; BOIE8;ENUSMSNIP)"
97.119.255.188 - - [14/Oct/2013:16:30:58 -0500] "GET /images/we_help.png HTTP/1.1" 200 1514 "http://operationspokaneheroes.org/_inc/slide.php" "Mozilla/4.0 (compatible; MSIE 7.0; Windows NT 5.1; Trident/4.0; GTB7.5; Mozilla/4.0 (compatible; MSIE 6.0; Windows NT 5.1; SV1) ; .NET CLR 1.0.3705; .NET CLR 1.1.4322; Media Center PC 2.8; .NET CLR 2.0.50727; .NET CLR 3.0.4506.2152; .NET CLR 3.5.30729; WinTSI 10.02.2010; WinNT-EVU 10.02.2010; .NET4.0C; OfficeLiveConnector.1.5; OfficeLivePatch.1.3; BRI/2; BOIE8;ENUSMSNIP)"
97.119.255.188 - - [14/Oct/2013:16:30:58 -0500] "GET /images/we_believe.png HTTP/1.1" 200 1785 "http://operationspokaneheroes.org/_inc/slide.php" "Mozilla/4.0 (compatible; MSIE 7.0; Windows NT 5.1; Trident/4.0; GTB7.5; Mozilla/4.0 (compatible; MSIE 6.0; Windows NT 5.1; SV1) ; .NET CLR 1.0.3705; .NET CLR 1.1.4322; Media Center PC 2.8; .NET CLR 2.0.50727; .NET CLR 3.0.4506.2152; .NET CLR 3.5.30729; WinTSI 10.02.2010; WinNT-EVU 10.02.2010; .NET4.0C; OfficeLiveConnector.1.5; OfficeLivePatch.1.3; BRI/2; BOIE8;ENUSMSNIP)"
97.119.255.188 - - [14/Oct/2013:16:30:58 -0500] "GET /images/we_need.png HTTP/1.1" 200 2138 "http://operationspokaneheroes.org/_inc/slide.php" "Mozilla/4.0 (compatible; MSIE 7.0; Windows NT 5.1; Trident/4.0; GTB7.5; Mozilla/4.0 (compatible; MSIE 6.0; Windows NT 5.1; SV1) ; .NET CLR 1.0.3705; .NET CLR 1.1.4322; Media Center PC 2.8; .NET CLR 2.0.50727; .NET CLR 3.0.4506.2152; .NET CLR 3.5.30729; WinTSI 10.02.2010; WinNT-EVU 10.02.2010; .NET4.0C; OfficeLiveConnector.1.5; OfficeLivePatch.1.3; BRI/2; BOIE8;ENUSMSNIP)"
97.119.255.188 - - [14/Oct/2013:16:30:58 -0500] "GET /assets/images/btn_top_search_hover.png HTTP/1.1" 404 - "http://operationspokaneheroes.org/_inc/slide.php" "Mozilla/4.0 (compatible; MSIE 7.0; Windows NT 5.1; Trident/4.0; GTB7.5; Mozilla/4.0 (compatible; MSIE 6.0; Windows NT 5.1; SV1) ; .NET CLR 1.0.3705; .NET CLR 1.1.4322; Media Center PC 2.8; .NET CLR 2.0.50727; .NET CLR 3.0.4506.2152; .NET CLR 3.5.30729; WinTSI 10.02.2010; WinNT-EVU 10.02.2010; .NET4.0C; OfficeLiveConnector.1.5; OfficeLivePatch.1.3; BRI/2; BOIE8;ENUSMSNIP)"
97.119.255.188 - - [14/Oct/2013:16:30:58 -0500] "GET /assets/images/btn_main_search_hover.png HTTP/1.1" 404 - "http://operationspokaneheroes.org/_inc/slide.php" "Mozilla/4.0 (compatible; MSIE 7.0; Windows NT 5.1; Trident/4.0; GTB7.5; Mozilla/4.0 (compatible; MSIE 6.0; Windows NT 5.1; SV1) ; .NET CLR 1.0.3705; .NET CLR 1.1.4322; Media Center PC 2.8; .NET CLR 2.0.50727; .NET CLR 3.0.4506.2152; .NET CLR 3.5.30729; WinTSI 10.02.2010; WinNT-EVU 10.02.2010; .NET4.0C; OfficeLiveConnector.1.5; OfficeLivePatch.1.3; BRI/2; BOIE8;ENUSMSNIP)"
97.119.255.188 - - [14/Oct/2013:16:30:58 -0500] "GET /images/2.jpg HTTP/1.1" 200 170993 "http://operationspokaneheroes.org/_inc/slide.php" "Mozilla/4.0 (compatible; MSIE 7.0; Windows NT 5.1; Trident/4.0; GTB7.5; Mozilla/4.0 (compatible; MSIE 6.0; Windows NT 5.1; SV1) ; .NET CLR 1.0.3705; .NET CLR 1.1.4322; Media Center PC 2.8; .NET CLR 2.0.50727; .NET CLR 3.0.4506.2152; .NET CLR 3.5.30729; WinTSI 10.02.2010; WinNT-EVU 10.02.2010; .NET4.0C; OfficeLiveConnector.1.5; OfficeLivePatch.1.3; BRI/2; BOIE8;ENUSMSNIP)"
97.119.255.188 - - [14/Oct/2013:16:30:58 -0500] "GET /images/3.jpg HTTP/1.1" 200 240733 "http://operationspokaneheroes.org/_inc/slide.php" "Mozilla/4.0 (compatible; MSIE 7.0; Windows NT 5.1; Trident/4.0; GTB7.5; Mozilla/4.0 (compatible; MSIE 6.0; Windows NT 5.1; SV1) ; .NET CLR 1.0.3705; .NET CLR 1.1.4322; Media Center PC 2.8; .NET CLR 2.0.50727; .NET CLR 3.0.4506.2152; .NET CLR 3.5.30729; WinTSI 10.02.2010; WinNT-EVU 10.02.2010; .NET4.0C; OfficeLiveConnector.1.5; OfficeLivePatch.1.3; BRI/2; BOIE8;ENUSMSNIP)"
97.119.255.188 - - [14/Oct/2013:16:30:58 -0500] "GET /images/4.jpg HTTP/1.1" 200 186934 "http://operationspokaneheroes.org/_inc/slide.php" "Mozilla/4.0 (compatible; MSIE 7.0; Windows NT 5.1; Trident/4.0; GTB7.5; Mozilla/4.0 (compatible; MSIE 6.0; Windows NT 5.1; SV1) ; .NET CLR 1.0.3705; .NET CLR 1.1.4322; Media Center PC 2.8; .NET CLR 2.0.50727; .NET CLR 3.0.4506.2152; .NET CLR 3.5.30729; WinTSI 10.02.2010; WinNT-EVU 10.02.2010; .NET4.0C; OfficeLiveConnector.1.5; OfficeLivePatch.1.3; BRI/2; BOIE8;ENUSMSNIP)"
97.119.255.188 - - [14/Oct/2013:16:30:58 -0500] "GET /images/1.jpg HTTP/1.1" 200 142489 "http://operationspokaneheroes.org/_inc/slide.php" "Mozilla/4.0 (compatible; MSIE 7.0; Windows NT 5.1; Trident/4.0; GTB7.5; Mozilla/4.0 (compatible; MSIE 6.0; Windows NT 5.1; SV1) ; .NET CLR 1.0.3705; .NET CLR 1.1.4322; Media Center PC 2.8; .NET CLR 2.0.50727; .NET CLR 3.0.4506.2152; .NET CLR 3.5.30729; WinTSI 10.02.2010; WinNT-EVU 10.02.2010; .NET4.0C; OfficeLiveConnector.1.5; OfficeLivePatch.1.3; BRI/2; BOIE8;ENUSMSNIP)"
97.119.255.188 - - [14/Oct/2013:16:31:01 -0500] "GET /favicon.ico HTTP/1.1" 404 - "-" "Mozilla/4.0 (compatible; MSIE 8.0; Windows NT 5.1; Trident/4.0; GTB7.5; Mozilla/4.0 (compatible; MSIE 6.0; Windows NT 5.1; SV1) ; .NET CLR 1.0.3705; .NET CLR 1.1.4322; Media Center PC 2.8; .NET CLR 2.0.50727; .NET CLR 3.0.4506.2152; .NET CLR 3.5.30729; WinTSI 10.02.2010; WinNT-EVU 10.02.2010; .NET4.0C; OfficeLiveConnector.1.5; OfficeLivePatch.1.3; BRI/2; BOIE8;ENUSMSNIP)"
66.249.74.41 - - [14/Oct/2013:16:31:54 -0500] "GET /pdf/WAwillvetsFINAL.pdf HTTP/1.1" 200 4202968 "-" "Mozilla/5.0 (compatible; Googlebot/2.1; +http://www.google.com/bot.html)"
208.115.111.70 - - [14/Oct/2013:17:03:34 -0500] "GET /employers.php HTTP/1.1" 404 - "-" "Mozilla/5.0 (compatible; Ezooms/1.0; ezooms.bot@gmail.com)"
66.249.74.41 - - [14/Oct/2013:18:00:17 -0500] "GET /events/vet_picnic/vet_picnic.html HTTP/1.1" 304 - "-" "Mozilla/5.0 (compatible; Googlebot/2.1; +http://www.google.com/bot.html)"
199.21.99.103 - - [14/Oct/2013:18:09:13 -0500] "GET /robots.txt HTTP/1.1" 404 - "-" "Mozilla/5.0 (compatible; YandexBot/3.0; +http://yandex.com/bots)"
199.21.99.103 - - [14/Oct/2013:18:09:14 -0500] "GET / HTTP/1.1" 200 10635 "-" "Mozilla/5.0 (compatible; YandexBot/3.0; +http://yandex.com/bots)"
199.21.99.103 - - [14/Oct/2013:18:09:16 -0500] "GET / HTTP/1.1" 200 10635 "-" "Mozilla/5.0 (compatible; YandexBot/3.0; +http://yandex.com/bots)"
199.21.99.103 - - [14/Oct/2013:18:09:23 -0500] "GET / HTTP/1.1" 200 10635 "-" "Mozilla/5.0 (compatible; YandexBot/3.0; +http://yandex.com/bots)"
199.21.99.103 - - [14/Oct/2013:18:09:23 -0500] "GET / HTTP/1.1" 200 10635 "-" "Mozilla/5.0 (compatible; YandexBot/3.0; +http://yandex.com/bots)"
157.55.32.103 - - [14/Oct/2013:18:38:58 -0500] "GET /robots.txt HTTP/1.1" 404 - "-" "Mozilla/5.0 (compatible; bingbot/2.0; +http://www.bing.com/bingbot.htm)"
157.55.32.103 - - [14/Oct/2013:18:46:25 -0500] "GET /_inc/slide.php HTTP/1.1" 200 3205 "-" "Mozilla/5.0 (compatible; bingbot/2.0; +http://www.bing.com/bingbot.htm)"
66.249.74.41 - - [14/Oct/2013:18:50:26 -0500] "GET /pdf/pearl%20harbor_map.pdf HTTP/1.1" 304 - "-" "Mozilla/5.0 (compatible; Googlebot/2.1; +http://www.google.com/bot.html)"
66.249.74.41 - - [14/Oct/2013:19:29:04 -0500] "GET /pdf/REVISION2%20Military%20Kids%20Camp%202012%20(2).pdf HTTP/1.1" 200 1691328 "-" "Mozilla/5.0 (iPhone; U; CPU iPhone OS 4_1 like Mac OS X; en-us) AppleWebKit/532.9 (KHTML, like Gecko) Version/4.0.5 Mobile/8B117 Safari/6531.22.7 (compatible; Googlebot-Mobile/2.1; +http://www.google.com/bot.html)"
66.249.74.43 - - [14/Oct/2013:19:34:46 -0500] "GET /business.php HTTP/1.1" 200 10813 "-" "Mozilla/5.0 (iPhone; U; CPU iPhone OS 4_1 like Mac OS X; en-us) AppleWebKit/532.9 (KHTML, like Gecko) Version/4.0.5 Mobile/8B117 Safari/6531.22.7 (compatible; Googlebot-Mobile/2.1; +http://www.google.com/bot.html)"
66.249.74.41 - - [14/Oct/2013:19:36:06 -0500] "GET /pdf/OSH%20Freedom%20Fridays%20Sign%20Up%20Sheet.pdf HTTP/1.1" 200 170318 "-" "Mozilla/5.0 (compatible; Googlebot/2.1; +http://www.google.com/bot.html)"
66.249.74.41 - - [14/Oct/2013:20:26:00 -0500] "GET /pdf/Operation%20Wings%20of%20Hope%20Poster.pdf HTTP/1.1" 304 - "-" "Mozilla/5.0 (compatible; Googlebot/2.1; +http://www.google.com/bot.html)"
107.21.71.161 - - [14/Oct/2013:20:37:49 -0500] "GET / HTTP/1.1" 200 10635 "-" "Mozilla/5.0 (Windows; U; Windows NT 6.0; en-US; rv:1.9.2.3) Gecko/20100401 Firefox/3.6.3 GTB6 (.NET CLR 3.5.30729)"
66.249.74.41 - - [14/Oct/2013:21:37:54 -0500] "GET /pdf/veteran_benefits.pdf HTTP/1.1" 304 - "-" "Mozilla/5.0 (compatible; Googlebot/2.1; +http://www.google.com/bot.html)"
66.249.74.43 - - [14/Oct/2013:21:50:00 -0500] "GET /robots.txt HTTP/1.1" 404 - "-" "Mozilla/5.0 (compatible; Googlebot/2.1; +http://www.google.com/bot.html)"
157.56.93.103 - - [14/Oct/2013:22:14:50 -0500] "GET /robots.txt HTTP/1.1" 404 - "-" "Mozilla/5.0 (compatible; bingbot/2.0; +http://www.bing.com/bingbot.htm)"
157.56.93.103 - - [14/Oct/2013:22:15:30 -0500] "GET /java_for_joes/index.html HTTP/1.1" 404 - "-" "Mozilla/5.0 (compatible; bingbot/2.0; +http://www.bing.com/bingbot.htm)"
66.249.74.41 - - [14/Oct/2013:22:39:42 -0500] "GET /pdf/Operation%20Wings%20of%20Hope%20-%20Kids.pdf HTTP/1.1" 304 - "-" "Mozilla/5.0 (compatible; Googlebot/2.1; +http://www.google.com/bot.html)"
142.54.167.122 - - [14/Oct/2013:23:09:24 -0500] "GET /aboutus.php HTTP/1.0" 200 11667 "http://operationspokaneheroes.org/aboutus.php" "Mozilla/5.0 (Windows NT 6.1; rv:13.0) Gecko/20100101 Firefox/13.0.1"
79.116.25.110 - - [14/Oct/2013:23:13:49 -0500] "GET / HTTP/1.1" 200 10635 "-" "Java/1.7.0_25"
79.116.25.110 - - [14/Oct/2013:23:13:50 -0500] "GET /aboutus.php HTTP/1.1" 200 11667 "-" "Java/1.7.0_25"
79.116.25.110 - - [14/Oct/2013:23:13:51 -0500] "GET /business.php HTTP/1.1" 200 10813 "-" "Java/1.7.0_25"
79.116.25.110 - - [14/Oct/2013:23:13:51 -0500] "GET /calendar.php HTTP/1.1" 200 10644 "-" "Java/1.7.0_25"
79.116.25.110 - - [14/Oct/2013:23:13:52 -0500] "GET /contact.php HTTP/1.1" 200 10519 "-" "Java/1.7.0_25"
79.116.25.110 - - [14/Oct/2013:23:13:52 -0500] "GET /donate.php HTTP/1.1" 200 11699 "-" "Java/1.7.0_25"
79.116.25.110 - - [14/Oct/2013:23:13:52 -0500] "GET /events.php HTTP/1.1" 200 6407 "-" "Java/1.7.0_25"
79.116.25.110 - - [14/Oct/2013:23:13:53 -0500] "GET /freedom.php HTTP/1.1" 200 11227 "-" "Java/1.7.0_25"
79.116.25.110 - - [14/Oct/2013:23:13:53 -0500] "GET /index.php HTTP/1.1" 200 10635 "-" "Java/1.7.0_25"
79.116.25.110 - - [14/Oct/2013:23:13:54 -0500] "GET /_inc/slide.php HTTP/1.1" 200 3205 "-" "Java/1.7.0_25"
79.116.25.110 - - [14/Oct/2013:23:13:54 -0500] "GET /images/contacticon.png HTTP/1.1" 200 4499 "-" "Java/1.7.0_25"
79.116.25.110 - - [14/Oct/2013:23:13:54 -0500] "GET /images/facebook.png HTTP/1.1" 200 5004 "-" "Java/1.7.0_25"
79.116.25.110 - - [14/Oct/2013:23:13:54 -0500] "GET /images/freedom_friday_click_here.png HTTP/1.1" 200 19268 "-" "Java/1.7.0_25"
79.116.25.110 - - [14/Oct/2013:23:13:55 -0500] "GET /images/global.png HTTP/1.1" 200 5737 "-" "Java/1.7.0_25"
79.116.25.110 - - [14/Oct/2013:23:13:55 -0500] "GET /images/logo.png HTTP/1.1" 200 226129 "-" "Java/1.7.0_25"
79.116.25.110 - - [14/Oct/2013:23:13:56 -0500] "GET /slider/index.html HTTP/1.1" 200 2900 "-" "Java/1.7.0_25"
79.116.25.110 - - [14/Oct/2013:23:13:57 -0500] "GET /_inc/contact.php HTTP/1.1" 200 756 "-" "Java/1.7.0_25"
79.116.25.110 - - [14/Oct/2013:23:13:57 -0500] "GET /events/Brittanycozza-.png HTTP/1.1" 200 156325 "-" "Java/1.7.0_25"
79.116.25.110 - - [14/Oct/2013:23:13:58 -0500] "GET /join HTTP/1.1" 404 - "-" "Java/1.7.0_25"
79.116.25.110 - - [14/Oct/2013:23:13:58 -0500] "GET /js/combined.js HTTP/1.1" 200 169946 "-" "Java/1.7.0_25"
79.116.25.110 - - [14/Oct/2013:23:14:00 -0500] "GET /images/imagslider-2.png HTTP/1.1" 200 60039 "-" "Java/1.7.0_25"
79.116.25.110 - - [14/Oct/2013:23:14:01 -0500] "GET /images/imagslider-4.png HTTP/1.1" 200 64386 "-" "Java/1.7.0_25"
79.116.25.110 - - [14/Oct/2013:23:14:01 -0500] "GET /images/imagslider-5.png HTTP/1.1" 200 65260 "-" "Java/1.7.0_25"
79.116.25.110 - - [14/Oct/2013:23:14:02 -0500] "GET /images/imagslider-6.png HTTP/1.1" 200 37295 "-" "Java/1.7.0_25"
79.116.25.110 - - [14/Oct/2013:23:14:02 -0500] "GET /images/slder2.png HTTP/1.1" 200 32853 "-" "Java/1.7.0_25"
79.116.25.110 - - [14/Oct/2013:23:14:03 -0500] "GET /contact/contactengine.php HTTP/1.1" 200 61 "-" "Java/1.7.0_25"
79.116.25.110 - - [14/Oct/2013:23:14:03 -0500] "GET /js/'+opts.iframeSrc+' HTTP/1.1" 404 - "-" "Java/1.7.0_25"
79.116.25.110 - - [14/Oct/2013:23:14:03 -0500] "GET /js/'+s.src+' HTTP/1.1" 404 - "-" "Java/1.7.0_25"
79.116.25.110 - - [14/Oct/2013:23:14:04 -0500] "GET /js/)&&label.html(message);}else{label=$( HTTP/1.1" 404 - "-" "Java/1.7.0_25"
79.116.25.110 - - [14/Oct/2013:23:14:04 -0500] "GET /js/).html(options.highlight(formatted,term)).addClass(i%2==0? HTTP/1.1" 404 - "-" "Java/1.7.0_25"
66.249.74.41 - - [14/Oct/2013:23:22:42 -0500] "GET /pdf/MCL%20Breakfast%20-%20March%202012.pdf HTTP/1.1" 304 - "-" "Mozilla/5.0 (compatible; Googlebot/2.1; +http://www.google.com/bot.html)"
173.252.100.118 - - [14/Oct/2013:23:55:36 -0500] "GET /images/logo.png HTTP/1.1" 200 226129 "-" "facebookexternalhit/1.1 (+http://www.facebook.com/externalhit_uatext.php)"
157.56.93.103 - - [15/Oct/2013:00:11:45 -0500] "GET /robots.txt HTTP/1.1" 404 - "-" "Mozilla/5.0 (compatible; bingbot/2.0; +http://www.bing.com/bingbot.htm)"
199.21.99.103 - - [15/Oct/2013:00:13:13 -0500] "GET /robots.txt HTTP/1.1" 404 - "-" "Mozilla/5.0 (compatible; YandexBot/3.0; +http://yandex.com/bots)"
199.21.99.103 - - [15/Oct/2013:00:13:15 -0500] "GET /images/slder2.png HTTP/1.1" 304 - "-" "Mozilla/5.0 (compatible; YandexImages/3.0; +http://yandex.com/bots)"
157.56.93.103 - - [15/Oct/2013:00:13:55 -0500] "GET /resources.php HTTP/1.1" 200 10398 "-" "Mozilla/5.0 (compatible; bingbot/2.0; +http://www.bing.com/bingbot.htm)"
199.21.99.103 - - [15/Oct/2013:00:22:43 -0500] "GET /events/carousel_11/images/11.jpg HTTP/1.1" 304 - "-" "Mozilla/5.0 (compatible; YandexImages/3.0; +http://yandex.com/bots)"
199.21.99.103 - - [15/Oct/2013:00:27:25 -0500] "GET /images/imagslider-1.png HTTP/1.1" 404 - "-" "Mozilla/5.0 (compatible; YandexImages/3.0; +http://yandex.com/bots)"
220.181.108.87 - - [15/Oct/2013:00:38:27 -0500] "GET /slider/index.html HTTP/1.1" 200 2900 "-" "Mozilla/5.0 (compatible; Baiduspider/2.0; +http://www.baidu.com/search/spider.html)"
220.181.108.118 - - [15/Oct/2013:00:38:28 -0500] "GET /slider/ HTTP/1.1" 200 2900 "-" "Mozilla/5.0 (compatible; Baiduspider/2.0; +http://www.baidu.com/search/spider.html)"
199.21.99.103 - - [15/Oct/2013:00:44:11 -0500] "GET /images/imagslider-5.png HTTP/1.1" 304 - "-" "Mozilla/5.0 (compatible; YandexImages/3.0; +http://yandex.com/bots)"
66.249.74.41 - - [15/Oct/2013:01:21:58 -0500] "GET /robots.txt HTTP/1.1" 404 - "-" "Mozilla/5.0 (compatible; Googlebot/2.1; +http://www.google.com/bot.html)"
66.249.74.41 - - [15/Oct/2013:01:21:58 -0500] "GET /pdf/OSH%20Freedom%20Fridays%20Flyer%20w-back.pdf HTTP/1.1" 304 - "-" "Mozilla/5.0 (compatible; Googlebot/2.1; +http://www.google.com/bot.html)"
199.21.99.103 - - [15/Oct/2013:01:28:03 -0500] "GET /events/vet_picnic/images/4.jpg HTTP/1.1" 304 - "-" "Mozilla/5.0 (compatible; YandexImages/3.0; +http://yandex.com/bots)"
199.21.99.103 - - [15/Oct/2013:01:41:24 -0500] "GET /events/ermy_event/images/4.jpg HTTP/1.1" 304 - "-" "Mozilla/5.0 (compatible; YandexImages/3.0; +http://yandex.com/bots)"
119.63.193.194 - - [15/Oct/2013:01:42:37 -0500] "GET / HTTP/1.1" 200 10635 "-" "Mozilla/4.0 (compatible; MSIE 7.0; Windows NT 6.0)"
202.46.62.90 - - [15/Oct/2013:01:42:56 -0500] "GET / HTTP/1.1" 200 10635 "-" "Mozilla/4.0 (compatible; MSIE 7.0; Windows NT 6.0)"
199.21.99.103 - - [15/Oct/2013:01:50:16 -0500] "GET /events/carousel_11/images/5.jpg HTTP/1.1" 304 - "-" "Mozilla/5.0 (compatible; YandexImages/3.0; +http://yandex.com/bots)"
199.21.99.103 - - [15/Oct/2013:01:57:09 -0500] "GET /events/ermy_event/images/1.jpg HTTP/1.1" 304 - "-" "Mozilla/5.0 (compatible; YandexImages/3.0; +http://yandex.com/bots)"
199.21.99.103 - - [15/Oct/2013:02:06:00 -0500] "GET /events/ermy_event/images/2.jpg HTTP/1.1" 304 - "-" "Mozilla/5.0 (compatible; YandexImages/3.0; +http://yandex.com/bots)"
199.21.99.103 - - [15/Oct/2013:02:17:15 -0500] "GET /events/ermy_event/images/7.jpg HTTP/1.1" 304 - "-" "Mozilla/5.0 (compatible; YandexImages/3.0; +http://yandex.com/bots)"
66.249.74.41 - - [15/Oct/2013:02:27:48 -0500] "GET /pdf/Spokane%20Indians%20Pennant%20poster-color%20copy.pdf HTTP/1.1" 304 - "-" "Mozilla/5.0 (compatible; Googlebot/2.1; +http://www.google.com/bot.html)"
199.21.99.103 - - [15/Oct/2013:02:44:12 -0500] "GET /events/carousel_11/images/9.jpg HTTP/1.1" 304 - "-" "Mozilla/5.0 (compatible; YandexImages/3.0; +http://yandex.com/bots)"
199.21.99.103 - - [15/Oct/2013:02:51:54 -0500] "GET /events/ermy_event/images/9.jpg HTTP/1.1" 304 - "-" "Mozilla/5.0 (compatible; YandexImages/3.0; +http://yandex.com/bots)"
199.21.99.103 - - [15/Oct/2013:03:03:01 -0500] "GET /events/vet_picnic/images/2.jpg HTTP/1.1" 304 - "-" "Mozilla/5.0 (compatible; YandexImages/3.0; +http://yandex.com/bots)"
199.21.99.103 - - [15/Oct/2013:03:08:24 -0500] "GET /events/vet_picnic/images/1.jpg HTTP/1.1" 304 - "-" "Mozilla/5.0 (compatible; YandexImages/3.0; +http://yandex.com/bots)"
66.249.74.41 - - [15/Oct/2013:03:19:08 -0500] "GET /pdf/march_for_the%20_fallen.pdf HTTP/1.1" 304 - "-" "Mozilla/5.0 (compatible; Googlebot/2.1; +http://www.google.com/bot.html)"
157.55.32.28 - - [15/Oct/2013:03:23:01 -0500] "GET /robots.txt HTTP/1.1" 404 - "-" "Mozilla/5.0 (compatible; bingbot/2.0; +http://www.bing.com/bingbot.htm)"
199.21.99.103 - - [15/Oct/2013:03:23:59 -0500] "GET /events/carousel_11/images/6.jpg HTTP/1.1" 304 - "-" "Mozilla/5.0 (compatible; YandexImages/3.0; +http://yandex.com/bots)"
199.21.99.103 - - [15/Oct/2013:03:24:12 -0500] "GET /events/Brittanycozza-.png HTTP/1.1" 304 - "-" "Mozilla/5.0 (compatible; YandexImages/3.0; +http://yandex.com/bots)"
157.55.32.28 - - [15/Oct/2013:03:24:59 -0500] "GET / HTTP/1.1" 200 10635 "-" "Mozilla/5.0 (compatible; bingbot/2.0; +http://www.bing.com/bingbot.htm)"
220.181.108.181 - - [15/Oct/2013:03:31:03 -0500] "GET /aboutus.php HTTP/1.1" 200 11667 "-" "Mozilla/5.0 (compatible; Baiduspider/2.0; +http://www.baidu.com/search/spider.html)"
199.21.99.103 - - [15/Oct/2013:03:38:52 -0500] "GET /images/global.png HTTP/1.1" 200 5737 "-" "Mozilla/5.0 (compatible; YandexImages/3.0; +http://yandex.com/bots)"
199.21.99.103 - - [15/Oct/2013:03:44:09 -0500] "GET /events/ermy_event/images/8.jpg HTTP/1.1" 304 - "-" "Mozilla/5.0 (compatible; YandexImages/3.0; +http://yandex.com/bots)"
199.21.99.103 - - [15/Oct/2013:04:08:33 -0500] "GET /events/vet_picnic/images/5.jpg HTTP/1.1" 304 - "-" "Mozilla/5.0 (compatible; YandexImages/3.0; +http://yandex.com/bots)"
199.21.99.103 - - [15/Oct/2013:04:15:12 -0500] "GET /events/carousel_11/images/7.jpg HTTP/1.1" 304 - "-" "Mozilla/5.0 (compatible; YandexImages/3.0; +http://yandex.com/bots)"
199.21.99.103 - - [15/Oct/2013:04:16:35 -0500] "GET /events/carousel_11/images/8.jpg HTTP/1.1" 304 - "-" "Mozilla/5.0 (compatible; YandexImages/3.0; +http://yandex.com/bots)"
199.21.99.103 - - [15/Oct/2013:04:36:24 -0500] "GET /events/carousel_11/images/2.jpg HTTP/1.1" 304 - "-" "Mozilla/5.0 (compatible; YandexImages/3.0; +http://yandex.com/bots)"
199.21.99.103 - - [15/Oct/2013:04:46:21 -0500] "GET /images/welcome.jpg HTTP/1.1" 304 - "-" "Mozilla/5.0 (compatible; YandexImages/3.0; +http://yandex.com/bots)"
66.249.74.41 - - [15/Oct/2013:05:03:06 -0500] "GET /freedom.php HTTP/1.1" 200 11227 "-" "Mozilla/5.0 (iPhone; U; CPU iPhone OS 4_1 like Mac OS X; en-us) AppleWebKit/532.9 (KHTML, like Gecko) Version/4.0.5 Mobile/8B117 Safari/6531.22.7 (compatible; Googlebot-Mobile/2.1; +http://www.google.com/bot.html)"
66.249.74.43 - - [15/Oct/2013:05:07:36 -0500] "GET /robots.txt HTTP/1.1" 404 - "-" "Mozilla/5.0 (compatible; Googlebot/2.1; +http://www.google.com/bot.html)"
66.249.74.43 - - [15/Oct/2013:05:07:36 -0500] "GET /calendar.php HTTP/1.1" 200 10644 "-" "Mozilla/5.0 (iPhone; U; CPU iPhone OS 4_1 like Mac OS X; en-us) AppleWebKit/532.9 (KHTML, like Gecko) Version/4.0.5 Mobile/8B117 Safari/6531.22.7 (compatible; Googlebot-Mobile/2.1; +http://www.google.com/bot.html)"
199.21.99.103 - - [15/Oct/2013:05:10:40 -0500] "GET /images/free_clinic.png HTTP/1.1" 304 - "-" "Mozilla/5.0 (compatible; YandexImages/3.0; +http://yandex.com/bots)"
199.21.99.103 - - [15/Oct/2013:05:27:17 -0500] "GET /events/ermy_event/images/5.jpg HTTP/1.1" 304 - "-" "Mozilla/5.0 (compatible; YandexImages/3.0; +http://yandex.com/bots)"
66.249.74.43 - - [15/Oct/2013:05:28:00 -0500] "GET /events/vet_picnic/images/5.jpg HTTP/1.1" 304 - "-" "Googlebot-Image/1.0"
199.21.99.103 - - [15/Oct/2013:05:28:14 -0500] "GET /images/imagslider-6.png HTTP/1.1" 304 - "-" "Mozilla/5.0 (compatible; YandexImages/3.0; +http://yandex.com/bots)"
66.249.74.43 - - [15/Oct/2013:05:34:04 -0500] "GET / HTTP/1.1" 200 10635 "-" "DoCoMo/2.0 N905i(c100;TB;W24H16) (compatible; Googlebot-Mobile/2.1; +http://www.google.com/bot.html)"
199.21.99.103 - - [15/Oct/2013:05:35:06 -0500] "GET /images/facebook.png HTTP/1.1" 200 5004 "-" "Mozilla/5.0 (compatible; YandexImages/3.0; +http://yandex.com/bots)"
199.21.99.103 - - [15/Oct/2013:05:57:18 -0500] "GET /events/ermy_event/images/10.jpg HTTP/1.1" 304 - "-" "Mozilla/5.0 (compatible; YandexImages/3.0; +http://yandex.com/bots)"
208.115.113.86 - - [15/Oct/2013:05:58:55 -0500] "GET /robots.txt HTTP/1.1" 404 - "-" "Mozilla/5.0 (compatible; Ezooms/1.0; ezooms.bot@gmail.com)"
199.21.99.103 - - [15/Oct/2013:06:01:29 -0500] "GET /events/carousel_11/images/4.jpg HTTP/1.1" 304 - "-" "Mozilla/5.0 (compatible; YandexImages/3.0; +http://yandex.com/bots)"
123.125.71.101 - - [15/Oct/2013:06:04:39 -0500] "GET /robots.txt HTTP/1.1" 404 - "-" "Mozilla/5.0 (compatible; Baiduspider/2.0; +http://www.baidu.com/search/spider.html)"
199.21.99.103 - - [15/Oct/2013:06:08:34 -0500] "GET /events/vet_picnic/images/6.jpg HTTP/1.1" 304 - "-" "Mozilla/5.0 (compatible; YandexImages/3.0; +http://yandex.com/bots)"
157.55.32.28 - - [15/Oct/2013:06:24:57 -0500] "GET /robots.txt HTTP/1.1" 404 - "-" "Mozilla/5.0 (compatible; bingbot/2.0; +http://www.bing.com/bingbot.htm)"
157.55.32.153 - - [15/Oct/2013:06:25:56 -0500] "GET /robots.txt HTTP/1.1" 404 - "-" "Mozilla/5.0 (compatible; bingbot/2.0; +http://www.bing.com/bingbot.htm)"
157.55.32.28 - - [15/Oct/2013:06:26:20 -0500] "GET / HTTP/1.1" 200 10635 "-" "Mozilla/5.0 (compatible; bingbot/2.0; +http://www.bing.com/bingbot.htm)"
157.55.32.153 - - [15/Oct/2013:06:26:44 -0500] "GET /java_for_joes/index.html HTTP/1.1" 404 - "-" "Mozilla/5.0 (compatible; bingbot/2.0; +http://www.bing.com/bingbot.htm)"
199.21.99.103 - - [15/Oct/2013:07:08:08 -0500] "GET /events/carousel_11/images/10.jpg HTTP/1.1" 304 - "-" "Mozilla/5.0 (compatible; YandexImages/3.0; +http://yandex.com/bots)"
208.115.113.86 - - [15/Oct/2013:07:11:12 -0500] "GET /benefits.php HTTP/1.1" 404 - "-" "Mozilla/5.0 (compatible; Ezooms/1.0; ezooms.bot@gmail.com)"
199.21.99.103 - - [15/Oct/2013:07:31:35 -0500] "GET /events/carousel_11/images/3.jpg HTTP/1.1" 304 - "-" "Mozilla/5.0 (compatible; YandexImages/3.0; +http://yandex.com/bots)"
157.55.33.83 - - [15/Oct/2013:08:28:28 -0500] "GET /robots.txt HTTP/1.1" 404 - "-" "Mozilla/5.0 (compatible; bingbot/2.0; +http://www.bing.com/bingbot.htm)"
157.55.33.83 - - [15/Oct/2013:08:37:40 -0500] "GET / HTTP/1.1" 200 10635 "-" "Mozilla/5.0 (compatible; bingbot/2.0; +http://www.bing.com/bingbot.htm)"
199.21.99.103 - - [15/Oct/2013:08:48:05 -0500] "GET /events/ermy_event/images/6.jpg HTTP/1.1" 304 - "-" "Mozilla/5.0 (compatible; YandexImages/3.0; +http://yandex.com/bots)"
69.171.247.112 - - [15/Oct/2013:09:10:17 -0500] "GET /calendar.php HTTP/1.1" 200 10644 "-" "facebookexternalhit/1.1 (+http://www.facebook.com/externalhit_uatext.php)"
69.171.247.112 - - [15/Oct/2013:09:10:17 -0500] "GET /images/facebook.png HTTP/1.1" 200 5004 "http://operationspokaneheroes.org/calendar.php" "facebookexternalhit/1.1 (+http://www.facebook.com/externalhit_uatext.php)"
69.171.247.118 - - [15/Oct/2013:09:10:18 -0500] "GET /images/global.png HTTP/1.1" 200 5737 "http://operationspokaneheroes.org/calendar.php" "facebookexternalhit/1.1 (+http://www.facebook.com/externalhit_uatext.php)"
