67.185.97.23 - - [15/Feb/2012:07:02:23 -0600] "GET /events/ermy_event/images/10.jpg HTTP/1.1" 200 123002 "http://operationspokaneheroes.org/events/ermy_event/ermy.html" "Mozilla/5.0 (iPod; U; CPU iPhone OS 4_3_3 like Mac OS X; en-us) AppleWebKit/533.17.9 (KHTML, like Gecko) Version/5.0.2 Mobile/8J2 Safari/6533.18.5"
67.185.97.23 - - [15/Feb/2012:07:02:24 -0600] "GET /events/ermy_event/images/9.jpg HTTP/1.1" 200 115800 "http://operationspokaneheroes.org/events/ermy_event/ermy.html" "Mozilla/5.0 (iPod; U; CPU iPhone OS 4_3_3 like Mac OS X; en-us) AppleWebKit/533.17.9 (KHTML, like Gecko) Version/5.0.2 Mobile/8J2 Safari/6533.18.5"
67.185.97.23 - - [15/Feb/2012:07:02:24 -0600] "GET /events/ermy_event/images/8.jpg HTTP/1.1" 200 104457 "http://operationspokaneheroes.org/events/ermy_event/ermy.html" "Mozilla/5.0 (iPod; U; CPU iPhone OS 4_3_3 like Mac OS X; en-us) AppleWebKit/533.17.9 (KHTML, like Gecko) Version/5.0.2 Mobile/8J2 Safari/6533.18.5"
67.185.97.23 - - [15/Feb/2012:07:02:24 -0600] "GET /events/ermy_event/images/7.jpg HTTP/1.1" 200 113303 "http://operationspokaneheroes.org/events/ermy_event/ermy.html" "Mozilla/5.0 (iPod; U; CPU iPhone OS 4_3_3 like Mac OS X; en-us) AppleWebKit/533.17.9 (KHTML, like Gecko) Version/5.0.2 Mobile/8J2 Safari/6533.18.5"
67.185.97.23 - - [15/Feb/2012:07:02:24 -0600] "GET /events/ermy_event/images/5.jpg HTTP/1.1" 200 97554 "http://operationspokaneheroes.org/events/ermy_event/ermy.html" "Mozilla/5.0 (iPod; U; CPU iPhone OS 4_3_3 like Mac OS X; en-us) AppleWebKit/533.17.9 (KHTML, like Gecko) Version/5.0.2 Mobile/8J2 Safari/6533.18.5"
67.185.97.23 - - [15/Feb/2012:07:02:24 -0600] "GET /events/ermy_event/images/6.jpg HTTP/1.1" 200 110464 "http://operationspokaneheroes.org/events/ermy_event/ermy.html" "Mozilla/5.0 (iPod; U; CPU iPhone OS 4_3_3 like Mac OS X; en-us) AppleWebKit/533.17.9 (KHTML, like Gecko) Version/5.0.2 Mobile/8J2 Safari/6533.18.5"
67.185.97.23 - - [15/Feb/2012:07:02:24 -0600] "GET /events/ermy_event/images/4.jpg HTTP/1.1" 200 94569 "http://operationspokaneheroes.org/events/ermy_event/ermy.html" "Mozilla/5.0 (iPod; U; CPU iPhone OS 4_3_3 like Mac OS X; en-us) AppleWebKit/533.17.9 (KHTML, like Gecko) Version/5.0.2 Mobile/8J2 Safari/6533.18.5"
67.185.97.23 - - [15/Feb/2012:07:02:24 -0600] "GET /events/ermy_event/images/leftarrow.png HTTP/1.1" 200 3371 "http://operationspokaneheroes.org/events/ermy_event/ermy.html" "Mozilla/5.0 (iPod; U; CPU iPhone OS 4_3_3 like Mac OS X; en-us) AppleWebKit/533.17.9 (KHTML, like Gecko) Version/5.0.2 Mobile/8J2 Safari/6533.18.5"
67.185.97.23 - - [15/Feb/2012:07:02:24 -0600] "GET /events/ermy_event/images/rightarrow.png HTTP/1.1" 200 3351 "http://operationspokaneheroes.org/events/ermy_event/ermy.html" "Mozilla/5.0 (iPod; U; CPU iPhone OS 4_3_3 like Mac OS X; en-us) AppleWebKit/533.17.9 (KHTML, like Gecko) Version/5.0.2 Mobile/8J2 Safari/6533.18.5"
67.185.97.23 - - [15/Feb/2012:07:02:24 -0600] "GET /events/ermy_event/images/leftshadow.png HTTP/1.1" 200 153 "http://operationspokaneheroes.org/events/ermy_event/ermy.html" "Mozilla/5.0 (iPod; U; CPU iPhone OS 4_3_3 like Mac OS X; en-us) AppleWebKit/533.17.9 (KHTML, like Gecko) Version/5.0.2 Mobile/8J2 Safari/6533.18.5"
67.185.97.23 - - [15/Feb/2012:07:02:25 -0600] "GET /events/ermy_event/images/rightshadow.png HTTP/1.1" 200 147 "http://operationspokaneheroes.org/events/ermy_event/ermy.html" "Mozilla/5.0 (iPod; U; CPU iPhone OS 4_3_3 like Mac OS X; en-us) AppleWebKit/533.17.9 (KHTML, like Gecko) Version/5.0.2 Mobile/8J2 Safari/6533.18.5"
67.185.97.23 - - [15/Feb/2012:07:02:24 -0600] "GET /events/ermy_event/images/2.jpg HTTP/1.1" 200 114501 "http://operationspokaneheroes.org/events/ermy_event/ermy.html" "Mozilla/5.0 (iPod; U; CPU iPhone OS 4_3_3 like Mac OS X; en-us) AppleWebKit/533.17.9 (KHTML, like Gecko) Version/5.0.2 Mobile/8J2 Safari/6533.18.5"
67.185.97.23 - - [15/Feb/2012:07:02:24 -0600] "GET /events/ermy_event/images/1.jpg HTTP/1.1" 200 104778 "http://operationspokaneheroes.org/events/ermy_event/ermy.html" "Mozilla/5.0 (iPod; U; CPU iPhone OS 4_3_3 like Mac OS X; en-us) AppleWebKit/533.17.9 (KHTML, like Gecko) Version/5.0.2 Mobile/8J2 Safari/6533.18.5"
67.185.97.23 - - [15/Feb/2012:07:02:24 -0600] "GET /events/ermy_event/images/3.jpg HTTP/1.1" 200 101406 "http://operationspokaneheroes.org/events/ermy_event/ermy.html" "Mozilla/5.0 (iPod; U; CPU iPhone OS 4_3_3 like Mac OS X; en-us) AppleWebKit/533.17.9 (KHTML, like Gecko) Version/5.0.2 Mobile/8J2 Safari/6533.18.5"
67.185.97.23 - - [15/Feb/2012:07:02:35 -0600] "GET /employers.php HTTP/1.1" 200 5325 "http://operationspokaneheroes.org/wedo.php" "Mozilla/5.0 (iPod; U; CPU iPhone OS 4_3_3 like Mac OS X; en-us) AppleWebKit/533.17.9 (KHTML, like Gecko) Version/5.0.2 Mobile/8J2 Safari/6533.18.5"
67.185.97.23 - - [15/Feb/2012:07:02:36 -0600] "GET /images/raceway.jpg HTTP/1.1" 200 16793 "http://operationspokaneheroes.org/employers.php" "Mozilla/5.0 (iPod; U; CPU iPhone OS 4_3_3 like Mac OS X; en-us) AppleWebKit/533.17.9 (KHTML, like Gecko) Version/5.0.2 Mobile/8J2 Safari/6533.18.5"
67.185.97.23 - - [15/Feb/2012:07:02:49 -0600] "GET /pdf/2010_Top100_Military_Friendly_Employers.pdf HTTP/1.1" 200 711726 "http://operationspokaneheroes.org/employers.php" "Mozilla/5.0 (iPod; U; CPU iPhone OS 4_3_3 like Mac OS X; en-us) AppleWebKit/533.17.9 (KHTML, like Gecko) Version/5.0.2 Mobile/8J2 Safari/6533.18.5"
77.21.147.173 - - [15/Feb/2012:07:06:06 -0600] "GET / HTTP/1.1" 200 10182 "-" "findlinks/2.0.2 (+http://wortschatz.uni-leipzig.de/findlinks/)"
157.55.39.225 - - [15/Feb/2012:07:55:31 -0600] "GET / HTTP/1.1" 200 10182 "-" "msnbot/2.0b (+http://search.msn.com/msnbot.htm)._"
207.46.194.81 - - [15/Feb/2012:08:13:36 -0600] "GET /robots.txt HTTP/1.1" 404 - "-" "msnbot-media/1.1 (+http://search.msn.com/msnbot.htm)"
207.46.194.81 - - [15/Feb/2012:08:13:36 -0600] "GET /images/wreaths.jpg HTTP/1.1" 200 38386 "-" "msnbot-media/1.1 (+http://search.msn.com/msnbot.htm)"
207.46.194.81 - - [15/Feb/2012:08:13:36 -0600] "GET / HTTP/1.1" 200 10182 "-" "msnbot-media/1.1 (+http://search.msn.com/msnbot.htm)"
123.125.71.106 - - [15/Feb/2012:09:15:42 -0600] "GET /wedo.php HTTP/1.1" 200 6622 "-" "Mozilla/5.0 (compatible; Baiduspider/2.0; +http://www.baidu.com/search/spider.html)"
123.125.71.30 - - [15/Feb/2012:10:34:42 -0600] "GET / HTTP/1.1" 200 10182 "-" "Mozilla/5.0 (compatible; Baiduspider/2.0; +http://www.baidu.com/search/spider.html)"
207.46.13.100 - - [15/Feb/2012:10:37:06 -0600] "GET /robots.txt HTTP/1.1" 404 - "-" "Mozilla/5.0 (compatible; bingbot/2.0; +http://www.bing.com/bingbot.htm)"
207.46.13.100 - - [15/Feb/2012:10:40:12 -0600] "GET /pdf/OSH%20Gift%20Cards%202011%20Media%20Advisory.pdf HTTP/1.1" 200 31888 "-" "Mozilla/5.0 (compatible; bingbot/2.0; +http://www.bing.com/bingbot.htm)"
64.120.194.170 - - [15/Feb/2012:11:36:34 -0600] "GET / HTTP/1.1" 200 10182 "-" "Mozilla/5.0 (Windows; U; Windows NT 5.1; ru-RU; rv:1.7.12) Gecko/20050919 Firefox/1.0.7"
66.249.72.246 - - [15/Feb/2012:15:09:30 -0600] "GET /robots.txt HTTP/1.1" 404 - "-" "Mozilla/5.0 (compatible; Googlebot/2.1; +http://www.google.com/bot.html)"
66.249.72.246 - - [15/Feb/2012:15:09:31 -0600] "GET / HTTP/1.1" 200 10182 "-" "Mozilla/5.0 (iPhone; U; CPU iPhone OS 4_1 like Mac OS X; en-us) AppleWebKit/532.9 (KHTML, like Gecko) Version/4.0.5 Mobile/8B117 Safari/6531.22.7 (compatible; Googlebot-Mobile/2.1; +http://www.google.com/bot.html)"
123.126.68.20 - - [15/Feb/2012:16:10:09 -0600] "GET /robots.txt HTTP/1.1" 404 - "-" "-"
123.126.68.20 - - [15/Feb/2012:16:10:20 -0600] "GET / HTTP/1.1" 200 10182 "-" "Sogou web spider/4.0(+http://www.sogou.com/docs/help/webmasters.htm#07)"
157.55.16.86 - - [15/Feb/2012:16:30:01 -0600] "GET /robots.txt HTTP/1.1" 404 - "-" "Mozilla/5.0 (compatible; bingbot/2.0; +http://www.bing.com/bingbot.htm)"
157.55.16.86 - - [15/Feb/2012:16:38:30 -0600] "GET /pdf/Christmas%20Carrousel%20Flyer2011.pdf HTTP/1.1" 404 - "-" "Mozilla/5.0 (compatible; bingbot/2.0; +http://www.bing.com/bingbot.htm)"
180.76.5.96 - - [15/Feb/2012:16:47:31 -0600] "GET /robots.txt HTTP/1.1" 404 - "-" "Baiduspider+(+http://www.baidu.com/search/spider.htm)"
180.76.5.179 - - [15/Feb/2012:18:36:54 -0600] "GET /events/lilac_parade/lilac_parade.html HTTP/1.1" 200 3084 "-" "Mozilla/5.0 (compatible; Baiduspider/2.0; +http://www.baidu.com/search/spider.html)"
66.249.72.155 - - [15/Feb/2012:19:27:37 -0600] "GET /robots.txt HTTP/1.1" 404 - "-" "Mozilla/5.0 (compatible; Googlebot/2.1; +http://www.google.com/bot.html)"
66.249.72.155 - - [15/Feb/2012:19:27:37 -0600] "GET / HTTP/1.1" 200 10182 "-" "Mozilla/5.0 (compatible; Googlebot/2.1; +http://www.google.com/bot.html)"
199.21.99.101 - - [15/Feb/2012:19:46:15 -0600] "GET /robots.txt HTTP/1.1" 404 - "-" "Mozilla/5.0 (compatible; YandexBot/3.0; +http://yandex.com/bots)"
66.249.72.155 - - [15/Feb/2012:20:06:11 -0600] "GET /contact.php HTTP/1.1" 200 5628 "-" "Mozilla/5.0 (compatible; Googlebot/2.1; +http://www.google.com/bot.html)"
66.249.72.155 - - [15/Feb/2012:21:07:37 -0600] "GET /index.php HTTP/1.1" 200 10182 "-" "Mozilla/5.0 (compatible; Googlebot/2.1; +http://www.google.com/bot.html)"
1.202.218.8 - - [15/Feb/2012:21:20:39 -0600] "GET / HTTP/1.0" 200 10182 "-" "\"Mozilla/5.0"
123.125.71.42 - - [15/Feb/2012:22:26:52 -0600] "GET /calendar.php HTTP/1.1" 200 5395 "-" "Mozilla/5.0 (compatible; Baiduspider/2.0; +http://www.baidu.com/search/spider.html)"
69.171.228.250 - - [15/Feb/2012:22:41:47 -0600] "GET /images/osh_logo.jpg HTTP/1.1" 200 40631 "-" "facebookexternalhit/1.0 (+http://www.facebook.com/externalhit_uatext.php)"
123.125.71.59 - - [15/Feb/2012:23:43:11 -0600] "GET /employers.php HTTP/1.1" 200 5325 "-" "Mozilla/5.0 (compatible; Baiduspider/2.0; +http://www.baidu.com/search/spider.html)"
67.185.97.188 - - [15/Feb/2012:23:48:21 -0600] "GET /business.php HTTP/1.1" 200 18068 "http://www.google.com/url?sa=t&rct=j&q=&esrc=s&frm=1&source=web&cd=6&ved=0CGkQFjAF&url=http%3A%2F%2Foperationspokaneheroes.org%2Fbusiness.php&ei=g5g8T5ifCKKwiQL6wLiNAQ&usg=AFQjCNH7yKz39NLuvdo4yBacj2NOKR4rWg&sig2=sr-e8ViL9o_sfU2fkBzokg" "Mozilla/4.0 (compatible; MSIE 8.0; Windows NT 6.1; WOW64; Trident/4.0; GTB7.2; SLCC2; .NET CLR 2.0.50727; .NET CLR 3.5.30729; .NET CLR 3.0.30729; Media Center PC 6.0; HPNTDF; BRI/1; .NET4.0C; .NET4.0E; IPH 1.1.21.4019)"
67.185.97.188 - - [15/Feb/2012:23:48:21 -0600] "GET /style.css HTTP/1.1" 200 5190 "http://operationspokaneheroes.org/business.php" "Mozilla/4.0 (compatible; MSIE 8.0; Windows NT 6.1; WOW64; Trident/4.0; GTB7.2; SLCC2; .NET CLR 2.0.50727; .NET CLR 3.5.30729; .NET CLR 3.0.30729; Media Center PC 6.0; HPNTDF; BRI/1; .NET4.0C; .NET4.0E; IPH 1.1.21.4019)"
67.185.97.188 - - [15/Feb/2012:23:48:21 -0600] "GET /css/style.css HTTP/1.1" 404 - "http://operationspokaneheroes.org/business.php" "Mozilla/4.0 (compatible; MSIE 8.0; Windows NT 6.1; WOW64; Trident/4.0; GTB7.2; SLCC2; .NET CLR 2.0.50727; .NET CLR 3.5.30729; .NET CLR 3.0.30729; Media Center PC 6.0; HPNTDF; BRI/1; .NET4.0C; .NET4.0E; IPH 1.1.21.4019)"
67.185.97.188 - - [15/Feb/2012:23:48:21 -0600] "GET /images/bodybg.gif HTTP/1.1" 200 159 "http://operationspokaneheroes.org/business.php" "Mozilla/4.0 (compatible; MSIE 8.0; Windows NT 6.1; WOW64; Trident/4.0; GTB7.2; SLCC2; .NET CLR 2.0.50727; .NET CLR 3.5.30729; .NET CLR 3.0.30729; Media Center PC 6.0; HPNTDF; BRI/1; .NET4.0C; .NET4.0E; IPH 1.1.21.4019)"
67.185.97.188 - - [15/Feb/2012:23:48:22 -0600] "GET /css/tabbedContent.css HTTP/1.1" 404 - "http://operationspokaneheroes.org/business.php" "Mozilla/4.0 (compatible; MSIE 8.0; Windows NT 6.1; WOW64; Trident/4.0; GTB7.2; SLCC2; .NET CLR 2.0.50727; .NET CLR 3.5.30729; .NET CLR 3.0.30729; Media Center PC 6.0; HPNTDF; BRI/1; .NET4.0C; .NET4.0E; IPH 1.1.21.4019)"
67.185.97.188 - - [15/Feb/2012:23:48:22 -0600] "GET /js/tabbedContent.js HTTP/1.1" 404 - "http://operationspokaneheroes.org/business.php" "Mozilla/4.0 (compatible; MSIE 8.0; Windows NT 6.1; WOW64; Trident/4.0; GTB7.2; SLCC2; .NET CLR 2.0.50727; .NET CLR 3.5.30729; .NET CLR 3.0.30729; Media Center PC 6.0; HPNTDF; BRI/1; .NET4.0C; .NET4.0E; IPH 1.1.21.4019)"
67.185.97.188 - - [15/Feb/2012:23:48:22 -0600] "GET /images/contacticon.png HTTP/1.1" 200 4499 "http://operationspokaneheroes.org/business.php" "Mozilla/4.0 (compatible; MSIE 8.0; Windows NT 6.1; WOW64; Trident/4.0; GTB7.2; SLCC2; .NET CLR 2.0.50727; .NET CLR 3.5.30729; .NET CLR 3.0.30729; Media Center PC 6.0; HPNTDF; BRI/1; .NET4.0C; .NET4.0E; IPH 1.1.21.4019)"
67.185.97.188 - - [15/Feb/2012:23:48:22 -0600] "GET /images/donate.png HTTP/1.1" 200 2925 "http://operationspokaneheroes.org/business.php" "Mozilla/4.0 (compatible; MSIE 8.0; Windows NT 6.1; WOW64; Trident/4.0; GTB7.2; SLCC2; .NET CLR 2.0.50727; .NET CLR 3.5.30729; .NET CLR 3.0.30729; Media Center PC 6.0; HPNTDF; BRI/1; .NET4.0C; .NET4.0E; IPH 1.1.21.4019)"
67.185.97.188 - - [15/Feb/2012:23:48:22 -0600] "GET /favicon.ico HTTP/1.1" 404 - "-" "Mozilla/4.0 (compatible; MSIE 8.0; Windows NT 6.1; WOW64; Trident/4.0; GTB7.2; SLCC2; .NET CLR 2.0.50727; .NET CLR 3.5.30729; .NET CLR 3.0.30729; Media Center PC 6.0; HPNTDF; BRI/1; .NET4.0C; .NET4.0E; IPH 1.1.21.4019)"
66.249.72.155 - - [15/Feb/2012:23:51:44 -0600] "GET /business.php HTTP/1.1" 200 18068 "-" "Mozilla/5.0 (compatible; Googlebot/2.1; +http://www.google.com/bot.html)"
67.185.97.188 - - [15/Feb/2012:23:55:29 -0600] "GET /business.php HTTP/1.1" 200 18068 "http://www.google.com/url?sa=t&rct=j&q=&esrc=s&frm=1&source=web&cd=6&ved=0CGkQFjAF&url=http%3A%2F%2Foperationspokaneheroes.org%2Fbusiness.php&ei=g5g8T5ifCKKwiQL6wLiNAQ&usg=AFQjCNH7yKz39NLuvdo4yBacj2NOKR4rWg&sig2=sr-e8ViL9o_sfU2fkBzokg" "Mozilla/4.0 (compatible; MSIE 8.0; Windows NT 6.1; WOW64; Trident/4.0; GTB7.2; SLCC2; .NET CLR 2.0.50727; .NET CLR 3.5.30729; .NET CLR 3.0.30729; Media Center PC 6.0; HPNTDF; BRI/1; .NET4.0C; .NET4.0E; IPH 1.1.21.4019)"
67.185.97.188 - - [15/Feb/2012:23:55:29 -0600] "GET /style.css HTTP/1.1" 304 - "http://operationspokaneheroes.org/business.php" "Mozilla/4.0 (compatible; MSIE 8.0; Windows NT 6.1; WOW64; Trident/4.0; GTB7.2; SLCC2; .NET CLR 2.0.50727; .NET CLR 3.5.30729; .NET CLR 3.0.30729; Media Center PC 6.0; HPNTDF; BRI/1; .NET4.0C; .NET4.0E; IPH 1.1.21.4019)"
67.185.97.188 - - [15/Feb/2012:23:55:29 -0600] "GET /css/style.css HTTP/1.1" 404 - "http://operationspokaneheroes.org/business.php" "Mozilla/4.0 (compatible; MSIE 8.0; Windows NT 6.1; WOW64; Trident/4.0; GTB7.2; SLCC2; .NET CLR 2.0.50727; .NET CLR 3.5.30729; .NET CLR 3.0.30729; Media Center PC 6.0; HPNTDF; BRI/1; .NET4.0C; .NET4.0E; IPH 1.1.21.4019)"
67.185.97.188 - - [15/Feb/2012:23:55:29 -0600] "GET /images/bodybg.gif HTTP/1.1" 304 - "http://operationspokaneheroes.org/business.php" "Mozilla/4.0 (compatible; MSIE 8.0; Windows NT 6.1; WOW64; Trident/4.0; GTB7.2; SLCC2; .NET CLR 2.0.50727; .NET CLR 3.5.30729; .NET CLR 3.0.30729; Media Center PC 6.0; HPNTDF; BRI/1; .NET4.0C; .NET4.0E; IPH 1.1.21.4019)"
67.185.97.188 - - [15/Feb/2012:23:55:29 -0600] "GET /css/tabbedContent.css HTTP/1.1" 404 - "http://operationspokaneheroes.org/business.php" "Mozilla/4.0 (compatible; MSIE 8.0; Windows NT 6.1; WOW64; Trident/4.0; GTB7.2; SLCC2; .NET CLR 2.0.50727; .NET CLR 3.5.30729; .NET CLR 3.0.30729; Media Center PC 6.0; HPNTDF; BRI/1; .NET4.0C; .NET4.0E; IPH 1.1.21.4019)"
67.185.97.188 - - [15/Feb/2012:23:55:29 -0600] "GET /js/tabbedContent.js HTTP/1.1" 404 - "http://operationspokaneheroes.org/business.php" "Mozilla/4.0 (compatible; MSIE 8.0; Windows NT 6.1; WOW64; Trident/4.0; GTB7.2; SLCC2; .NET CLR 2.0.50727; .NET CLR 3.5.30729; .NET CLR 3.0.30729; Media Center PC 6.0; HPNTDF; BRI/1; .NET4.0C; .NET4.0E; IPH 1.1.21.4019)"
67.185.97.188 - - [15/Feb/2012:23:55:29 -0600] "GET /images/contacticon.png HTTP/1.1" 304 - "http://operationspokaneheroes.org/business.php" "Mozilla/4.0 (compatible; MSIE 8.0; Windows NT 6.1; WOW64; Trident/4.0; GTB7.2; SLCC2; .NET CLR 2.0.50727; .NET CLR 3.5.30729; .NET CLR 3.0.30729; Media Center PC 6.0; HPNTDF; BRI/1; .NET4.0C; .NET4.0E; IPH 1.1.21.4019)"
67.185.97.188 - - [15/Feb/2012:23:55:29 -0600] "GET /images/donate.png HTTP/1.1" 304 - "http://operationspokaneheroes.org/business.php" "Mozilla/4.0 (compatible; MSIE 8.0; Windows NT 6.1; WOW64; Trident/4.0; GTB7.2; SLCC2; .NET CLR 2.0.50727; .NET CLR 3.5.30729; .NET CLR 3.0.30729; Media Center PC 6.0; HPNTDF; BRI/1; .NET4.0C; .NET4.0E; IPH 1.1.21.4019)"
67.185.97.188 - - [15/Feb/2012:23:55:30 -0600] "GET /favicon.ico HTTP/1.1" 404 - "-" "Mozilla/4.0 (compatible; MSIE 8.0; Windows NT 6.1; WOW64; Trident/4.0; GTB7.2; SLCC2; .NET CLR 2.0.50727; .NET CLR 3.5.30729; .NET CLR 3.0.30729; Media Center PC 6.0; HPNTDF; BRI/1; .NET4.0C; .NET4.0E; IPH 1.1.21.4019)"
67.185.97.188 - - [15/Feb/2012:23:55:40 -0600] "GET /business_discount.php HTTP/1.1" 200 5779 "http://www.google.com/url?sa=t&rct=j&q=&esrc=s&frm=1&source=web&cd=7&ved=0CIIBEBYwBg&url=http%3A%2F%2Foperationspokaneheroes.org%2Fbusiness_discount.php&ei=Wpo8T-SUIISPigL536yrAQ&usg=AFQjCNGAxAGhO9vUlrk7MiLZfKtjgST1cQ&sig2=B9mFSY_1eZgFnBbWkisBqA" "Mozilla/4.0 (compatible; MSIE 8.0; Windows NT 6.1; WOW64; Trident/4.0; GTB7.2; SLCC2; .NET CLR 2.0.50727; .NET CLR 3.5.30729; .NET CLR 3.0.30729; Media Center PC 6.0; HPNTDF; BRI/1; .NET4.0C; .NET4.0E; IPH 1.1.21.4019)"
67.185.97.188 - - [15/Feb/2012:23:55:41 -0600] "GET /images/involved.png HTTP/1.1" 200 5042 "http://operationspokaneheroes.org/business_discount.php" "Mozilla/4.0 (compatible; MSIE 8.0; Windows NT 6.1; WOW64; Trident/4.0; GTB7.2; SLCC2; .NET CLR 2.0.50727; .NET CLR 3.5.30729; .NET CLR 3.0.30729; Media Center PC 6.0; HPNTDF; BRI/1; .NET4.0C; .NET4.0E; IPH 1.1.21.4019)"
67.185.97.188 - - [15/Feb/2012:23:55:41 -0600] "GET /images/bigbox.gif HTTP/1.1" 200 9243 "http://operationspokaneheroes.org/business_discount.php" "Mozilla/4.0 (compatible; MSIE 8.0; Windows NT 6.1; WOW64; Trident/4.0; GTB7.2; SLCC2; .NET CLR 2.0.50727; .NET CLR 3.5.30729; .NET CLR 3.0.30729; Media Center PC 6.0; HPNTDF; BRI/1; .NET4.0C; .NET4.0E; IPH 1.1.21.4019)"
67.185.97.188 - - [15/Feb/2012:23:55:41 -0600] "GET /images/gboxtop.gif HTTP/1.1" 200 285 "http://operationspokaneheroes.org/business_discount.php" "Mozilla/4.0 (compatible; MSIE 8.0; Windows NT 6.1; WOW64; Trident/4.0; GTB7.2; SLCC2; .NET CLR 2.0.50727; .NET CLR 3.5.30729; .NET CLR 3.0.30729; Media Center PC 6.0; HPNTDF; BRI/1; .NET4.0C; .NET4.0E; IPH 1.1.21.4019)"
67.185.97.188 - - [15/Feb/2012:23:55:41 -0600] "GET /images/gbox.gif HTTP/1.1" 200 622 "http://operationspokaneheroes.org/business_discount.php" "Mozilla/4.0 (compatible; MSIE 8.0; Windows NT 6.1; WOW64; Trident/4.0; GTB7.2; SLCC2; .NET CLR 2.0.50727; .NET CLR 3.5.30729; .NET CLR 3.0.30729; Media Center PC 6.0; HPNTDF; BRI/1; .NET4.0C; .NET4.0E; IPH 1.1.21.4019)"
67.185.97.188 - - [15/Feb/2012:23:55:41 -0600] "GET /images/barbg.gif HTTP/1.1" 200 982 "http://operationspokaneheroes.org/business_discount.php" "Mozilla/4.0 (compatible; MSIE 8.0; Windows NT 6.1; WOW64; Trident/4.0; GTB7.2; SLCC2; .NET CLR 2.0.50727; .NET CLR 3.5.30729; .NET CLR 3.0.30729; Media Center PC 6.0; HPNTDF; BRI/1; .NET4.0C; .NET4.0E; IPH 1.1.21.4019)"
67.185.97.188 - - [15/Feb/2012:23:55:41 -0600] "GET /images/smallboxtop.gif HTTP/1.1" 200 450 "http://operationspokaneheroes.org/business_discount.php" "Mozilla/4.0 (compatible; MSIE 8.0; Windows NT 6.1; WOW64; Trident/4.0; GTB7.2; SLCC2; .NET CLR 2.0.50727; .NET CLR 3.5.30729; .NET CLR 3.0.30729; Media Center PC 6.0; HPNTDF; BRI/1; .NET4.0C; .NET4.0E; IPH 1.1.21.4019)"
67.185.97.188 - - [15/Feb/2012:23:55:41 -0600] "GET /images/smallbox.gif HTTP/1.1" 200 1233 "http://operationspokaneheroes.org/business_discount.php" "Mozilla/4.0 (compatible; MSIE 8.0; Windows NT 6.1; WOW64; Trident/4.0; GTB7.2; SLCC2; .NET CLR 2.0.50727; .NET CLR 3.5.30729; .NET CLR 3.0.30729; Media Center PC 6.0; HPNTDF; BRI/1; .NET4.0C; .NET4.0E; IPH 1.1.21.4019)"
67.185.97.188 - - [15/Feb/2012:23:55:41 -0600] "GET /images/boxtop.gif HTTP/1.1" 200 767 "http://operationspokaneheroes.org/business_discount.php" "Mozilla/4.0 (compatible; MSIE 8.0; Windows NT 6.1; WOW64; Trident/4.0; GTB7.2; SLCC2; .NET CLR 2.0.50727; .NET CLR 3.5.30729; .NET CLR 3.0.30729; Media Center PC 6.0; HPNTDF; BRI/1; .NET4.0C; .NET4.0E; IPH 1.1.21.4019)"
67.185.97.188 - - [15/Feb/2012:23:55:41 -0600] "GET /images/box.png HTTP/1.1" 200 13315 "http://operationspokaneheroes.org/business_discount.php" "Mozilla/4.0 (compatible; MSIE 8.0; Windows NT 6.1; WOW64; Trident/4.0; GTB7.2; SLCC2; .NET CLR 2.0.50727; .NET CLR 3.5.30729; .NET CLR 3.0.30729; Media Center PC 6.0; HPNTDF; BRI/1; .NET4.0C; .NET4.0E; IPH 1.1.21.4019)"
67.185.97.188 - - [15/Feb/2012:23:55:41 -0600] "GET /images/box.gif HTTP/1.1" 200 1643 "http://operationspokaneheroes.org/business_discount.php" "Mozilla/4.0 (compatible; MSIE 8.0; Windows NT 6.1; WOW64; Trident/4.0; GTB7.2; SLCC2; .NET CLR 2.0.50727; .NET CLR 3.5.30729; .NET CLR 3.0.30729; Media Center PC 6.0; HPNTDF; BRI/1; .NET4.0C; .NET4.0E; IPH 1.1.21.4019)"
67.185.97.188 - - [15/Feb/2012:23:55:41 -0600] "GET /images/logo.png HTTP/1.1" 200 270272 "http://operationspokaneheroes.org/business_discount.php" "Mozilla/4.0 (compatible; MSIE 8.0; Windows NT 6.1; WOW64; Trident/4.0; GTB7.2; SLCC2; .NET CLR 2.0.50727; .NET CLR 3.5.30729; .NET CLR 3.0.30729; Media Center PC 6.0; HPNTDF; BRI/1; .NET4.0C; .NET4.0E; IPH 1.1.21.4019)"
67.185.97.188 - - [15/Feb/2012:23:55:44 -0600] "GET /pdf/174%20Stores%20and%20Business%20Offering%20Military%20Discounts1.pdf HTTP/1.1" 200 122888 "http://operationspokaneheroes.org/business_discount.php" "Mozilla/4.0 (compatible; MSIE 8.0; Windows NT 6.1; WOW64; Trident/4.0; GTB7.2; SLCC2; .NET CLR 2.0.50727; .NET CLR 3.5.30729; .NET CLR 3.0.30729; Media Center PC 6.0; HPNTDF; BRI/1; .NET4.0C; .NET4.0E; IPH 1.1.21.4019)"
67.185.97.188 - - [15/Feb/2012:23:55:44 -0600] "GET /pdf/174%20Stores%20and%20Business%20Offering%20Military%20Discounts1.pdf HTTP/1.1" 200 122888 "-" "Mozilla/4.0 (compatible; MSIE 8.0; Windows NT 6.1; WOW64; Trident/4.0; GTB7.2; SLCC2; .NET CLR 2.0.50727; .NET CLR 3.5.30729; .NET CLR 3.0.30729; Media Center PC 6.0; HPNTDF; BRI/1; .NET4.0C; .NET4.0E; IPH 1.1.21.4019)"
207.46.13.100 - - [15/Feb/2012:23:58:11 -0600] "GET /robots.txt HTTP/1.1" 404 - "-" "Mozilla/5.0 (compatible; bingbot/2.0; +http://www.bing.com/bingbot.htm)"
67.185.97.188 - - [15/Feb/2012:23:59:32 -0600] "GET /business_discount.php HTTP/1.1" 200 5779 "http://www.google.com/url?sa=t&rct=j&q=&esrc=s&frm=1&source=web&cd=7&ved=0CIIBEBYwBg&url=http%3A%2F%2Foperationspokaneheroes.org%2Fbusiness_discount.php&ei=Wpo8T-SUIISPigL536yrAQ&usg=AFQjCNGAxAGhO9vUlrk7MiLZfKtjgST1cQ&sig2=B9mFSY_1eZgFnBbWkisBqA" "Mozilla/4.0 (compatible; MSIE 8.0; Windows NT 6.1; WOW64; Trident/4.0; GTB7.2; SLCC2; .NET CLR 2.0.50727; .NET CLR 3.5.30729; .NET CLR 3.0.30729; Media Center PC 6.0; HPNTDF; BRI/1; .NET4.0C; .NET4.0E; IPH 1.1.21.4019)"
67.185.97.188 - - [15/Feb/2012:23:59:32 -0600] "GET /style.css HTTP/1.1" 304 - "http://operationspokaneheroes.org/business_discount.php" "Mozilla/4.0 (compatible; MSIE 8.0; Windows NT 6.1; WOW64; Trident/4.0; GTB7.2; SLCC2; .NET CLR 2.0.50727; .NET CLR 3.5.30729; .NET CLR 3.0.30729; Media Center PC 6.0; HPNTDF; BRI/1; .NET4.0C; .NET4.0E; IPH 1.1.21.4019)"
67.185.97.188 - - [15/Feb/2012:23:59:32 -0600] "GET /images/contacticon.png HTTP/1.1" 304 - "http://operationspokaneheroes.org/business_discount.php" "Mozilla/4.0 (compatible; MSIE 8.0; Windows NT 6.1; WOW64; Trident/4.0; GTB7.2; SLCC2; .NET CLR 2.0.50727; .NET CLR 3.5.30729; .NET CLR 3.0.30729; Media Center PC 6.0; HPNTDF; BRI/1; .NET4.0C; .NET4.0E; IPH 1.1.21.4019)"
67.185.97.188 - - [15/Feb/2012:23:59:32 -0600] "GET /images/donate.png HTTP/1.1" 304 - "http://operationspokaneheroes.org/business_discount.php" "Mozilla/4.0 (compatible; MSIE 8.0; Windows NT 6.1; WOW64; Trident/4.0; GTB7.2; SLCC2; .NET CLR 2.0.50727; .NET CLR 3.5.30729; .NET CLR 3.0.30729; Media Center PC 6.0; HPNTDF; BRI/1; .NET4.0C; .NET4.0E; IPH 1.1.21.4019)"
67.185.97.188 - - [15/Feb/2012:23:59:32 -0600] "GET /images/bodybg.gif HTTP/1.1" 304 - "http://operationspokaneheroes.org/business_discount.php" "Mozilla/4.0 (compatible; MSIE 8.0; Windows NT 6.1; WOW64; Trident/4.0; GTB7.2; SLCC2; .NET CLR 2.0.50727; .NET CLR 3.5.30729; .NET CLR 3.0.30729; Media Center PC 6.0; HPNTDF; BRI/1; .NET4.0C; .NET4.0E; IPH 1.1.21.4019)"
67.185.97.188 - - [15/Feb/2012:23:59:32 -0600] "GET /images/involved.png HTTP/1.1" 304 - "http://operationspokaneheroes.org/business_discount.php" "Mozilla/4.0 (compatible; MSIE 8.0; Windows NT 6.1; WOW64; Trident/4.0; GTB7.2; SLCC2; .NET CLR 2.0.50727; .NET CLR 3.5.30729; .NET CLR 3.0.30729; Media Center PC 6.0; HPNTDF; BRI/1; .NET4.0C; .NET4.0E; IPH 1.1.21.4019)"
67.185.97.188 - - [15/Feb/2012:23:59:32 -0600] "GET /images/gboxtop.gif HTTP/1.1" 304 - "http://operationspokaneheroes.org/business_discount.php" "Mozilla/4.0 (compatible; MSIE 8.0; Windows NT 6.1; WOW64; Trident/4.0; GTB7.2; SLCC2; .NET CLR 2.0.50727; .NET CLR 3.5.30729; .NET CLR 3.0.30729; Media Center PC 6.0; HPNTDF; BRI/1; .NET4.0C; .NET4.0E; IPH 1.1.21.4019)"
67.185.97.188 - - [15/Feb/2012:23:59:33 -0600] "GET /images/logo.png HTTP/1.1" 304 - "http://operationspokaneheroes.org/business_discount.php" "Mozilla/4.0 (compatible; MSIE 8.0; Windows NT 6.1; WOW64; Trident/4.0; GTB7.2; SLCC2; .NET CLR 2.0.50727; .NET CLR 3.5.30729; .NET CLR 3.0.30729; Media Center PC 6.0; HPNTDF; BRI/1; .NET4.0C; .NET4.0E; IPH 1.1.21.4019)"
67.185.97.188 - - [15/Feb/2012:23:59:33 -0600] "GET /images/bigbox.gif HTTP/1.1" 304 - "http://operationspokaneheroes.org/business_discount.php" "Mozilla/4.0 (compatible; MSIE 8.0; Windows NT 6.1; WOW64; Trident/4.0; GTB7.2; SLCC2; .NET CLR 2.0.50727; .NET CLR 3.5.30729; .NET CLR 3.0.30729; Media Center PC 6.0; HPNTDF; BRI/1; .NET4.0C; .NET4.0E; IPH 1.1.21.4019)"
67.185.97.188 - - [15/Feb/2012:23:59:33 -0600] "GET /images/barbg.gif HTTP/1.1" 304 - "http://operationspokaneheroes.org/business_discount.php" "Mozilla/4.0 (compatible; MSIE 8.0; Windows NT 6.1; WOW64; Trident/4.0; GTB7.2; SLCC2; .NET CLR 2.0.50727; .NET CLR 3.5.30729; .NET CLR 3.0.30729; Media Center PC 6.0; HPNTDF; BRI/1; .NET4.0C; .NET4.0E; IPH 1.1.21.4019)"
67.185.97.188 - - [15/Feb/2012:23:59:33 -0600] "GET /images/gbox.gif HTTP/1.1" 304 - "http://operationspokaneheroes.org/business_discount.php" "Mozilla/4.0 (compatible; MSIE 8.0; Windows NT 6.1; WOW64; Trident/4.0; GTB7.2; SLCC2; .NET CLR 2.0.50727; .NET CLR 3.5.30729; .NET CLR 3.0.30729; Media Center PC 6.0; HPNTDF; BRI/1; .NET4.0C; .NET4.0E; IPH 1.1.21.4019)"
67.185.97.188 - - [15/Feb/2012:23:59:33 -0600] "GET /images/box.png HTTP/1.1" 304 - "http://operationspokaneheroes.org/business_discount.php" "Mozilla/4.0 (compatible; MSIE 8.0; Windows NT 6.1; WOW64; Trident/4.0; GTB7.2; SLCC2; .NET CLR 2.0.50727; .NET CLR 3.5.30729; .NET CLR 3.0.30729; Media Center PC 6.0; HPNTDF; BRI/1; .NET4.0C; .NET4.0E; IPH 1.1.21.4019)"
67.185.97.188 - - [15/Feb/2012:23:59:33 -0600] "GET /images/smallboxtop.gif HTTP/1.1" 304 - "http://operationspokaneheroes.org/business_discount.php" "Mozilla/4.0 (compatible; MSIE 8.0; Windows NT 6.1; WOW64; Trident/4.0; GTB7.2; SLCC2; .NET CLR 2.0.50727; .NET CLR 3.5.30729; .NET CLR 3.0.30729; Media Center PC 6.0; HPNTDF; BRI/1; .NET4.0C; .NET4.0E; IPH 1.1.21.4019)"
67.185.97.188 - - [15/Feb/2012:23:59:33 -0600] "GET /images/smallbox.gif HTTP/1.1" 304 - "http://operationspokaneheroes.org/business_discount.php" "Mozilla/4.0 (compatible; MSIE 8.0; Windows NT 6.1; WOW64; Trident/4.0; GTB7.2; SLCC2; .NET CLR 2.0.50727; .NET CLR 3.5.30729; .NET CLR 3.0.30729; Media Center PC 6.0; HPNTDF; BRI/1; .NET4.0C; .NET4.0E; IPH 1.1.21.4019)"
67.185.97.188 - - [15/Feb/2012:23:59:33 -0600] "GET /images/boxtop.gif HTTP/1.1" 304 - "http://operationspokaneheroes.org/business_discount.php" "Mozilla/4.0 (compatible; MSIE 8.0; Windows NT 6.1; WOW64; Trident/4.0; GTB7.2; SLCC2; .NET CLR 2.0.50727; .NET CLR 3.5.30729; .NET CLR 3.0.30729; Media Center PC 6.0; HPNTDF; BRI/1; .NET4.0C; .NET4.0E; IPH 1.1.21.4019)"
67.185.97.188 - - [15/Feb/2012:23:59:33 -0600] "GET /images/box.gif HTTP/1.1" 304 - "http://operationspokaneheroes.org/business_discount.php" "Mozilla/4.0 (compatible; MSIE 8.0; Windows NT 6.1; WOW64; Trident/4.0; GTB7.2; SLCC2; .NET CLR 2.0.50727; .NET CLR 3.5.30729; .NET CLR 3.0.30729; Media Center PC 6.0; HPNTDF; BRI/1; .NET4.0C; .NET4.0E; IPH 1.1.21.4019)"
207.46.13.100 - - [16/Feb/2012:00:23:18 -0600] "GET /java_for_joes/index.html HTTP/1.1" 404 - "-" "Mozilla/5.0 (compatible; bingbot/2.0; +http://www.bing.com/bingbot.htm)"
123.125.71.112 - - [16/Feb/2012:01:06:10 -0600] "GET /mission.php HTTP/1.1" 200 7049 "-" "Mozilla/5.0 (compatible; Baiduspider/2.0; +http://www.baidu.com/search/spider.html)"
200.195.156.242 - - [16/Feb/2012:02:17:15 -0600] "GET /muieblackcat HTTP/1.1" 404 - "-" "-"
200.195.156.242 - - [16/Feb/2012:02:17:16 -0600] "GET //index.php HTTP/1.1" 200 10182 "-" "-"
123.125.71.107 - - [16/Feb/2012:02:21:37 -0600] "GET /style.css HTTP/1.1" 200 5190 "-" "Mozilla/5.0 (compatible; Baiduspider/2.0; +http://www.baidu.com/search/spider.html)"
199.21.99.101 - - [16/Feb/2012:03:42:32 -0600] "GET / HTTP/1.1" 200 10182 "-" "Mozilla/5.0 (compatible; YandexBot/3.0; +http://yandex.com/bots)"
123.125.71.31 - - [16/Feb/2012:03:43:22 -0600] "GET /wedo.php HTTP/1.1" 200 6622 "-" "Mozilla/5.0 (compatible; Baiduspider/2.0; +http://www.baidu.com/search/spider.html)"
199.21.99.101 - - [16/Feb/2012:04:06:34 -0600] "GET /index.php HTTP/1.1" 200 10182 "-" "Mozilla/5.0 (compatible; YandexBot/3.0; +http://yandex.com/bots)"
1.202.218.8 - - [16/Feb/2012:05:06:21 -0600] "GET / HTTP/1.0" 200 10182 "-" "\"Mozilla/5.0"
1.202.218.8 - - [16/Feb/2012:06:19:45 -0600] "GET / HTTP/1.0" 200 10182 "-" "\"Mozilla/5.0"
180.76.6.213 - - [16/Feb/2012:07:19:28 -0600] "GET /css/contact_style.css HTTP/1.1" 404 - "-" "Mozilla/5.0 (compatible; Baiduspider/2.0; +http://www.baidu.com/search/spider.html)"
180.76.5.63 - - [16/Feb/2012:08:22:58 -0600] "GET /robots.txt HTTP/1.1" 404 - "-" "Baiduspider+(+http://www.baidu.com/search/spider.htm)"
65.52.110.192 - - [16/Feb/2012:08:54:23 -0600] "GET /robots.txt HTTP/1.1" 404 - "-" "Mozilla/5.0 (compatible; bingbot/2.0; +http://www.bing.com/bingbot.htm)"
65.52.110.192 - - [16/Feb/2012:08:55:06 -0600] "GET / HTTP/1.1" 200 10182 "-" "Mozilla/5.0 (compatible; bingbot/2.0; +http://www.bing.com/bingbot.htm)"
207.46.204.242 - - [16/Feb/2012:08:58:56 -0600] "GET /pdf/veteran_benefits.pdf HTTP/1.1" 200 111163 "-" "Mozilla/5.0 (compatible; bingbot/2.0; +http://www.bing.com/bingbot.htm)"
157.55.39.225 - - [16/Feb/2012:09:30:50 -0600] "GET /robots.txt HTTP/1.1" 404 - "-" "msnbot/2.0b (+http://search.msn.com/msnbot.htm)._"
157.55.39.225 - - [16/Feb/2012:09:30:50 -0600] "GET / HTTP/1.1" 200 10182 "-" "msnbot/2.0b (+http://search.msn.com/msnbot.htm)._"
207.46.194.34 - - [16/Feb/2012:10:17:43 -0600] "GET /robots.txt HTTP/1.1" 404 - "-" "msnbot-media/1.1 (+http://search.msn.com/msnbot.htm)"
207.46.194.34 - - [16/Feb/2012:10:17:43 -0600] "GET /images/osh_logo.jpg HTTP/1.1" 200 40631 "-" "msnbot-media/1.1 (+http://search.msn.com/msnbot.htm)"
207.46.194.34 - - [16/Feb/2012:10:17:43 -0600] "GET / HTTP/1.1" 200 10182 "-" "msnbot-media/1.1 (+http://search.msn.com/msnbot.htm)"
77.21.147.173 - - [16/Feb/2012:12:33:19 -0600] "GET /robots.txt HTTP/1.1" 404 - "-" "findlinks/2.0.2 (+http://wortschatz.uni-leipzig.de/findlinks/)"
65.52.110.190 - - [16/Feb/2012:12:34:24 -0600] "GET /robots.txt HTTP/1.1" 404 - "-" "Mozilla/5.0 (compatible; bingbot/2.0; +http://www.bing.com/bingbot.htm)"
65.52.110.190 - - [16/Feb/2012:12:35:03 -0600] "GET /pdf/Invite%20for%20vets%20listening%20session%20%28mm%20edits%29.pdf HTTP/1.1" 200 112428 "-" "Mozilla/5.0 (compatible; bingbot/2.0; +http://www.bing.com/bingbot.htm)"
207.46.204.242 - - [16/Feb/2012:12:53:56 -0600] "GET /robots.txt HTTP/1.1" 404 - "-" "Mozilla/5.0 (compatible; bingbot/2.0; +http://www.bing.com/bingbot.htm)"
207.46.204.242 - - [16/Feb/2012:12:58:24 -0600] "GET /pdf/veteran_benefits.pdf HTTP/1.1" 200 111163 "-" "Mozilla/5.0 (compatible; bingbot/2.0; +http://www.bing.com/bingbot.htm)"
220.181.108.104 - - [16/Feb/2012:14:53:49 -0600] "GET /featured-content-slider/event_mages/image1.jpg HTTP/1.1" 200 41080 "-" "Baiduspider-image+(+http://www.baidu.com/search/spider.htm)"
69.171.229.246 - - [16/Feb/2012:15:12:13 -0600] "GET /images/osh_logo.jpg HTTP/1.1" 200 40631 "-" "facebookexternalhit/1.0 (+http://www.facebook.com/externalhit_uatext.php)"
157.55.17.143 - - [16/Feb/2012:15:30:34 -0600] "GET /robots.txt HTTP/1.1" 404 - "-" "Mozilla/5.0 (compatible; bingbot/2.0; +http://www.bing.com/bingbot.htm)"
157.55.17.143 - - [16/Feb/2012:15:31:08 -0600] "GET /pdf/United%20We%20Stand%20American%20Legion%20Riders.pdf HTTP/1.1" 200 1075093 "-" "Mozilla/5.0 (compatible; bingbot/2.0; +http://www.bing.com/bingbot.htm)"
65.52.108.66 - - [16/Feb/2012:16:16:46 -0600] "GET /robots.txt HTTP/1.1" 404 - "-" "Mozilla/5.0 (compatible; bingbot/2.0; +http://www.bing.com/bingbot.htm)"
65.52.108.66 - - [16/Feb/2012:16:17:40 -0600] "GET / HTTP/1.1" 200 10182 "-" "Mozilla/5.0 (compatible; bingbot/2.0; +http://www.bing.com/bingbot.htm)"
157.55.39.225 - - [16/Feb/2012:16:30:16 -0600] "GET /index.php HTTP/1.1" 200 10182 "-" "msnbot/2.0b (+http://search.msn.com/msnbot.htm)._"
157.55.39.225 - - [16/Feb/2012:16:30:17 -0600] "GET /wedo.php HTTP/1.1" 200 6622 "-" "msnbot/2.0b (+http://search.msn.com/msnbot.htm)._"
157.55.39.225 - - [16/Feb/2012:16:30:20 -0600] "GET /calendar.php HTTP/1.1" 200 5395 "-" "msnbot/2.0b (+http://search.msn.com/msnbot.htm)._"
157.55.39.225 - - [16/Feb/2012:16:30:22 -0600] "GET /business_discount.php HTTP/1.1" 200 5779 "-" "msnbot/2.0b (+http://search.msn.com/msnbot.htm)._"
157.55.39.225 - - [16/Feb/2012:16:30:23 -0600] "GET /contact.php HTTP/1.1" 200 5628 "-" "msnbot/2.0b (+http://search.msn.com/msnbot.htm)._"
157.55.39.225 - - [16/Feb/2012:16:30:24 -0600] "GET /employers.php HTTP/1.1" 200 5325 "-" "msnbot/2.0b (+http://search.msn.com/msnbot.htm)._"
157.55.39.225 - - [16/Feb/2012:16:30:26 -0600] "GET /mission.php HTTP/1.1" 200 7049 "-" "msnbot/2.0b (+http://search.msn.com/msnbot.htm)._"
157.55.39.225 - - [16/Feb/2012:16:30:27 -0600] "GET /benefits.php HTTP/1.1" 200 5679 "-" "msnbot/2.0b (+http://search.msn.com/msnbot.htm)._"
199.21.99.101 - - [16/Feb/2012:16:56:11 -0600] "GET /robots.txt HTTP/1.1" 404 - "-" "Mozilla/5.0 (compatible; YandexBot/3.0; +http://yandex.com/bots)"
123.125.71.21 - - [16/Feb/2012:17:07:51 -0600] "GET / HTTP/1.1" 200 10182 "-" "Mozilla/5.0 (compatible; Baiduspider/2.0; +http://www.baidu.com/search/spider.html)"
199.21.99.101 - - [16/Feb/2012:19:19:58 -0600] "GET /pdf/Cellphones%20for%20Soldiers%20press%20release.pdf HTTP/1.1" 200 71184 "-" "Mozilla/5.0 (compatible; YandexBot/3.0; +http://yandex.com/bots)"
199.21.99.101 - - [16/Feb/2012:20:22:45 -0600] "GET /pdf/2010_Top100_Military_Friendly_Employers.pdf HTTP/1.1" 200 711726 "-" "Mozilla/5.0 (compatible; YandexBot/3.0; +http://yandex.com/bots)"
123.125.71.69 - - [16/Feb/2012:21:04:54 -0600] "GET /java_for_joes/index.html HTTP/1.1" 404 - "-" "Mozilla/5.0 (compatible; Baiduspider/2.0; +http://www.baidu.com/search/spider.html)"
1.202.218.8 - - [16/Feb/2012:21:22:34 -0600] "GET / HTTP/1.0" 200 10182 "-" "\"Mozilla/5.0"
199.21.99.101 - - [16/Feb/2012:22:06:58 -0600] "GET /pdf/174%20Stores%20and%20Business%20Offering%20Military%20Discounts1.pdf HTTP/1.1" 200 122888 "-" "Mozilla/5.0 (compatible; YandexBot/3.0; +http://yandex.com/bots)"
199.21.99.101 - - [16/Feb/2012:22:07:03 -0600] "GET / HTTP/1.1" 200 10182 "-" "Mozilla/5.0 (compatible; YandexBot/3.0; +http://yandex.com/bots)"
95.108.150.235 - - [16/Feb/2012:22:20:30 -0600] "GET /robots.txt HTTP/1.1" 404 - "-" "Mozilla/5.0 (compatible; YandexBot/3.0; +http://yandex.com/bots)"
95.108.150.235 - - [16/Feb/2012:22:20:30 -0600] "GET /robots.txt HTTP/1.1" 404 - "-" "Mozilla/5.0 (compatible; YandexBot/3.0; +http://yandex.com/bots)"
95.108.150.235 - - [16/Feb/2012:22:20:31 -0600] "GET / HTTP/1.1" 200 10182 "-" "Mozilla/5.0 (compatible; YandexBot/3.0; +http://yandex.com/bots)"
95.108.150.235 - - [16/Feb/2012:22:20:31 -0600] "GET / HTTP/1.1" 200 10182 "-" "Mozilla/5.0 (compatible; YandexBot/3.0; +http://yandex.com/bots)"
95.108.150.235 - - [16/Feb/2012:22:20:32 -0600] "GET / HTTP/1.1" 200 10182 "-" "Mozilla/5.0 (compatible; YandexBot/3.0; +http://yandex.com/bots)"
95.108.150.235 - - [16/Feb/2012:22:20:32 -0600] "GET / HTTP/1.1" 200 10182 "-" "Mozilla/5.0 (compatible; YandexBot/3.0; +http://yandex.com/bots)"
1.202.218.8 - - [16/Feb/2012:22:43:05 -0600] "GET / HTTP/1.0" 200 10182 "-" "\"Mozilla/5.0"
213.186.127.15 - - [16/Feb/2012:23:30:35 -0600] "GET /robots.txt HTTP/1.1" 404 - "-" "Mozilla/5.0 (compatible; AhrefsBot/2.0; +http://ahrefs.com/robot/)"
213.186.127.15 - - [16/Feb/2012:23:30:35 -0600] "GET /robots.txt HTTP/1.1" 404 - "-" "Mozilla/5.0 (compatible; AhrefsBot/2.0; +http://ahrefs.com/robot/)"
1.202.218.8 - - [17/Feb/2012:00:07:11 -0600] "GET / HTTP/1.0" 200 10182 "-" "\"Mozilla/5.0"
65.52.110.190 - - [17/Feb/2012:00:45:07 -0600] "GET /robots.txt HTTP/1.1" 404 - "-" "Mozilla/5.0 (compatible; bingbot/2.0; +http://www.bing.com/bingbot.htm)"
65.52.110.190 - - [17/Feb/2012:00:49:17 -0600] "GET /pdf/Internation%20Ministries%20for%20Vets%20by%20Vets%20July%2029%20to%2031%202011%20001.pdf HTTP/1.1" 200 286171 "-" "Mozilla/5.0 (compatible; bingbot/2.0; +http://www.bing.com/bingbot.htm)"
1.202.218.8 - - [17/Feb/2012:01:29:06 -0600] "GET / HTTP/1.0" 200 10182 "-" "\"Mozilla/5.0"
199.21.99.101 - - [17/Feb/2012:02:34:10 -0600] "GET /business.php HTTP/1.1" 200 18068 "-" "Mozilla/5.0 (compatible; YandexBot/3.0; +http://yandex.com/bots)"
1.202.218.8 - - [17/Feb/2012:02:49:04 -0600] "GET / HTTP/1.0" 200 10182 "-" "\"Mozilla/5.0"
183.17.202.59 - - [17/Feb/2012:03:18:26 -0600] "GET / HTTP/1.1" 200 10182 "-" "Mozilla/4.0 (compatible; MSIE 6.0; Windows NT 5.1; SV1;)"
180.76.5.53 - - [17/Feb/2012:04:20:11 -0600] "GET /events/lilac_lunch/lilac_lunch.html HTTP/1.1" 200 2995 "-" "Mozilla/5.0 (compatible; Baiduspider/2.0; +http://www.baidu.com/search/spider.html)"
1.202.218.8 - - [17/Feb/2012:04:23:46 -0600] "GET / HTTP/1.0" 200 10182 "-" "\"Mozilla/5.0"
66.249.71.54 - - [17/Feb/2012:04:33:28 -0600] "GET /robots.txt HTTP/1.1" 404 - "-" "Mozilla/5.0 (compatible; Googlebot/2.1; +http://www.google.com/bot.html)"
66.249.71.54 - - [17/Feb/2012:04:33:28 -0600] "GET / HTTP/1.1" 200 10182 "-" "Mozilla/5.0 (compatible; Googlebot/2.1; +http://www.google.com/bot.html)"
123.126.68.20 - - [17/Feb/2012:05:07:29 -0600] "GET /robots.txt HTTP/1.1" 404 - "-" "-"
123.126.68.20 - - [17/Feb/2012:05:07:39 -0600] "GET / HTTP/1.1" 200 10182 "-" "Sogou web spider/4.0(+http://www.sogou.com/docs/help/webmasters.htm#07)"
1.202.218.8 - - [17/Feb/2012:05:56:04 -0600] "GET / HTTP/1.0" 200 10182 "-" "\"Mozilla/5.0"
157.55.39.225 - - [17/Feb/2012:06:40:27 -0600] "GET /robots.txt HTTP/1.1" 404 - "-" "msnbot/2.0b (+http://search.msn.com/msnbot.htm)._"
157.55.39.225 - - [17/Feb/2012:06:40:27 -0600] "GET / HTTP/1.1" 200 10182 "-" "msnbot/2.0b (+http://search.msn.com/msnbot.htm)._"
1.202.218.8 - - [17/Feb/2012:07:31:24 -0600] "GET / HTTP/1.0" 200 10182 "-" "\"Mozilla/5.0"
1.202.218.8 - - [17/Feb/2012:09:04:40 -0600] "GET / HTTP/1.0" 200 10182 "-" "\"Mozilla/5.0"
180.76.5.107 - - [17/Feb/2012:09:15:05 -0600] "GET / HTTP/1.1" 200 10182 "-" "Mozilla/5.0 (compatible; Baiduspider/2.0; +http://www.baidu.com/search/spider.html)"
1.202.218.8 - - [17/Feb/2012:10:30:23 -0600] "GET / HTTP/1.0" 200 10182 "-" "\"Mozilla/5.0"
123.125.71.111 - - [17/Feb/2012:11:58:34 -0600] "GET /robots.txt HTTP/1.1" 404 - "-" "Baiduspider+(+http://www.baidu.com/search/spider.htm)"
157.55.39.225 - - [17/Feb/2012:12:03:37 -0600] "GET /index.php HTTP/1.1" 200 10182 "-" "msnbot/2.0b (+http://search.msn.com/msnbot.htm)._"
157.55.39.225 - - [17/Feb/2012:12:03:50 -0600] "GET /wedo.php HTTP/1.1" 200 6622 "-" "msnbot/2.0b (+http://search.msn.com/msnbot.htm)._"
157.55.39.225 - - [17/Feb/2012:12:03:51 -0600] "GET /calendar.php HTTP/1.1" 200 5395 "-" "msnbot/2.0b (+http://search.msn.com/msnbot.htm)._"
157.55.39.225 - - [17/Feb/2012:12:03:53 -0600] "GET /business_discount.php HTTP/1.1" 200 5779 "-" "msnbot/2.0b (+http://search.msn.com/msnbot.htm)._"
157.55.39.225 - - [17/Feb/2012:12:03:55 -0600] "GET /contact.php HTTP/1.1" 200 5628 "-" "msnbot/2.0b (+http://search.msn.com/msnbot.htm)._"
157.55.39.225 - - [17/Feb/2012:12:03:57 -0600] "GET /employers.php HTTP/1.1" 200 5325 "-" "msnbot/2.0b (+http://search.msn.com/msnbot.htm)._"
157.55.39.225 - - [17/Feb/2012:12:03:58 -0600] "GET /mission.php HTTP/1.1" 200 7049 "-" "msnbot/2.0b (+http://search.msn.com/msnbot.htm)._"
157.55.39.225 - - [17/Feb/2012:12:03:59 -0600] "GET /benefits.php HTTP/1.1" 200 5679 "-" "msnbot/2.0b (+http://search.msn.com/msnbot.htm)._"
1.202.218.8 - - [17/Feb/2012:12:05:33 -0600] "GET / HTTP/1.0" 200 10182 "-" "\"Mozilla/5.0"
180.76.6.212 - - [17/Feb/2012:13:14:58 -0600] "GET / HTTP/1.1" 200 10182 "-" "Mozilla/5.0 (compatible; Baiduspider/2.0; +http://www.baidu.com/search/spider.html)"
1.202.218.8 - - [17/Feb/2012:13:40:39 -0600] "GET / HTTP/1.0" 200 10182 "-" "\"Mozilla/5.0"
66.249.71.117 - - [17/Feb/2012:13:48:28 -0600] "GET /robots.txt HTTP/1.1" 404 - "-" "Mozilla/5.0 (compatible; Googlebot/2.1; +http://www.google.com/bot.html)"
66.249.71.117 - - [17/Feb/2012:13:48:28 -0600] "GET /java_for_joes/index.html HTTP/1.1" 404 - "-" "Mozilla/5.0 (compatible; Googlebot/2.1; +http://www.google.com/bot.html)"
65.52.104.28 - - [17/Feb/2012:14:47:25 -0600] "GET /robots.txt HTTP/1.1" 404 - "-" "Mozilla/5.0 (compatible; bingbot/2.0; +http://www.bing.com/bingbot.htm)"
1.202.218.8 - - [17/Feb/2012:15:15:24 -0600] "GET / HTTP/1.0" 200 10182 "-" "\"Mozilla/5.0"
207.46.204.209 - - [17/Feb/2012:15:57:44 -0600] "GET /events/ermy_event/ermy.html HTTP/1.1" 200 3507 "-" "Mozilla/5.0 (Windows NT 6.1; WOW64) AppleWebKit/534+ (KHTML, like Gecko) BingPreview/1.0b"
207.46.204.209 - - [17/Feb/2012:15:57:44 -0600] "GET /events/ermy_event/js/jquery.movingboxes.min.js HTTP/1.1" 200 4663 "http://operationspokaneheroes.org/events/ermy_event/ermy.html" "Mozilla/5.0 (Windows NT 6.1; WOW64) AppleWebKit/534+ (KHTML, like Gecko) BingPreview/1.0b"
1.202.218.8 - - [17/Feb/2012:16:49:55 -0600] "GET / HTTP/1.0" 200 10182 "-" "\"Mozilla/5.0"
180.76.5.107 - - [17/Feb/2012:17:12:11 -0600] "GET /events/carousel_11/carousel_11.html HTTP/1.1" 304 - "-" "Mozilla/5.0 (compatible; Baiduspider/2.0; +http://www.baidu.com/search/spider.html)"
123.125.71.25 - - [17/Feb/2012:17:33:40 -0600] "GET / HTTP/1.1" 200 10182 "-" "Mozilla/5.0 (compatible; Baiduspider/2.0; +http://www.baidu.com/search/spider.html)"
75.146.54.1 - - [17/Feb/2012:18:06:11 -0600] "GET / HTTP/1.1" 200 10182 "http://www.facebook.com/l.php?u=http%3A%2F%2Fwww.operationspokaneheroes.org%2F&h=OAQFF1uSz" "Mozilla/4.0 (compatible; MSIE 8.0; Windows NT 5.1; Trident/4.0; GTB7.2; .NET CLR 1.1.4322; .NET CLR 2.0.50727; .NET CLR 3.0.04506.30; .NET CLR 3.0.4506.2152; .NET CLR 3.5.30729; .NET4.0C; .NET4.0E)"
69.171.229.246 - - [17/Feb/2012:18:06:11 -0600] "GET / HTTP/1.1" 200 10182 "-" "facebookexternalhit/1.1 (+http://www.facebook.com/externalhit_uatext.php)"
75.146.54.1 - - [17/Feb/2012:18:06:12 -0600] "GET /style.css HTTP/1.1" 200 5190 "http://www.operationspokaneheroes.org/" "Mozilla/4.0 (compatible; MSIE 8.0; Windows NT 5.1; Trident/4.0; GTB7.2; .NET CLR 1.1.4322; .NET CLR 2.0.50727; .NET CLR 3.0.04506.30; .NET CLR 3.0.4506.2152; .NET CLR 3.5.30729; .NET4.0C; .NET4.0E)"
75.146.54.1 - - [17/Feb/2012:18:06:13 -0600] "GET /images/bodybg.gif HTTP/1.1" 200 159 "http://www.operationspokaneheroes.org/" "Mozilla/4.0 (compatible; MSIE 8.0; Windows NT 5.1; Trident/4.0; GTB7.2; .NET CLR 1.1.4322; .NET CLR 2.0.50727; .NET CLR 3.0.04506.30; .NET CLR 3.0.4506.2152; .NET CLR 3.5.30729; .NET4.0C; .NET4.0E)"
75.146.54.1 - - [17/Feb/2012:18:06:13 -0600] "GET /images/contacticon.png HTTP/1.1" 200 4499 "http://www.operationspokaneheroes.org/" "Mozilla/4.0 (compatible; MSIE 8.0; Windows NT 5.1; Trident/4.0; GTB7.2; .NET CLR 1.1.4322; .NET CLR 2.0.50727; .NET CLR 3.0.04506.30; .NET CLR 3.0.4506.2152; .NET CLR 3.5.30729; .NET4.0C; .NET4.0E)"
75.146.54.1 - - [17/Feb/2012:18:06:13 -0600] "GET /images/donate.png HTTP/1.1" 200 2925 "http://www.operationspokaneheroes.org/" "Mozilla/4.0 (compatible; MSIE 8.0; Windows NT 5.1; Trident/4.0; GTB7.2; .NET CLR 1.1.4322; .NET CLR 2.0.50727; .NET CLR 3.0.04506.30; .NET CLR 3.0.4506.2152; .NET CLR 3.5.30729; .NET4.0C; .NET4.0E)"
75.146.54.1 - - [17/Feb/2012:18:06:13 -0600] "GET /images/bigbox.gif HTTP/1.1" 200 9243 "http://www.operationspokaneheroes.org/" "Mozilla/4.0 (compatible; MSIE 8.0; Windows NT 5.1; Trident/4.0; GTB7.2; .NET CLR 1.1.4322; .NET CLR 2.0.50727; .NET CLR 3.0.04506.30; .NET CLR 3.0.4506.2152; .NET CLR 3.5.30729; .NET4.0C; .NET4.0E)"
75.146.54.1 - - [17/Feb/2012:18:06:13 -0600] "GET /images/cell_phones.jpg HTTP/1.1" 200 6648 "http://www.operationspokaneheroes.org/" "Mozilla/4.0 (compatible; MSIE 8.0; Windows NT 5.1; Trident/4.0; GTB7.2; .NET CLR 1.1.4322; .NET CLR 2.0.50727; .NET CLR 3.0.04506.30; .NET CLR 3.0.4506.2152; .NET CLR 3.5.30729; .NET4.0C; .NET4.0E)"
75.146.54.1 - - [17/Feb/2012:18:06:13 -0600] "GET /images/involved.png HTTP/1.1" 200 5042 "http://www.operationspokaneheroes.org/" "Mozilla/4.0 (compatible; MSIE 8.0; Windows NT 5.1; Trident/4.0; GTB7.2; .NET CLR 1.1.4322; .NET CLR 2.0.50727; .NET CLR 3.0.04506.30; .NET CLR 3.0.4506.2152; .NET CLR 3.5.30729; .NET4.0C; .NET4.0E)"
75.146.54.1 - - [17/Feb/2012:18:06:13 -0600] "GET /images/osh_logo.jpg HTTP/1.1" 200 40631 "http://www.operationspokaneheroes.org/" "Mozilla/4.0 (compatible; MSIE 8.0; Windows NT 5.1; Trident/4.0; GTB7.2; .NET CLR 1.1.4322; .NET CLR 2.0.50727; .NET CLR 3.0.04506.30; .NET CLR 3.0.4506.2152; .NET CLR 3.5.30729; .NET4.0C; .NET4.0E)"
75.146.54.1 - - [17/Feb/2012:18:06:13 -0600] "GET /images/wreaths.jpg HTTP/1.1" 200 38386 "http://www.operationspokaneheroes.org/" "Mozilla/4.0 (compatible; MSIE 8.0; Windows NT 5.1; Trident/4.0; GTB7.2; .NET CLR 1.1.4322; .NET CLR 2.0.50727; .NET CLR 3.0.04506.30; .NET CLR 3.0.4506.2152; .NET CLR 3.5.30729; .NET4.0C; .NET4.0E)"
75.146.54.1 - - [17/Feb/2012:18:06:13 -0600] "GET /images/barbg.gif HTTP/1.1" 200 982 "http://www.operationspokaneheroes.org/" "Mozilla/4.0 (compatible; MSIE 8.0; Windows NT 5.1; Trident/4.0; GTB7.2; .NET CLR 1.1.4322; .NET CLR 2.0.50727; .NET CLR 3.0.04506.30; .NET CLR 3.0.4506.2152; .NET CLR 3.5.30729; .NET4.0C; .NET4.0E)"
75.146.54.1 - - [17/Feb/2012:18:06:13 -0600] "GET /images/gbox.gif HTTP/1.1" 200 622 "http://www.operationspokaneheroes.org/" "Mozilla/4.0 (compatible; MSIE 8.0; Windows NT 5.1; Trident/4.0; GTB7.2; .NET CLR 1.1.4322; .NET CLR 2.0.50727; .NET CLR 3.0.04506.30; .NET CLR 3.0.4506.2152; .NET CLR 3.5.30729; .NET4.0C; .NET4.0E)"
75.146.54.1 - - [17/Feb/2012:18:06:13 -0600] "GET /images/gboxtop.gif HTTP/1.1" 200 285 "http://www.operationspokaneheroes.org/" "Mozilla/4.0 (compatible; MSIE 8.0; Windows NT 5.1; Trident/4.0; GTB7.2; .NET CLR 1.1.4322; .NET CLR 2.0.50727; .NET CLR 3.0.04506.30; .NET CLR 3.0.4506.2152; .NET CLR 3.5.30729; .NET4.0C; .NET4.0E)"
75.146.54.1 - - [17/Feb/2012:18:06:13 -0600] "GET /images/calendar.gif HTTP/1.1" 200 529 "http://www.operationspokaneheroes.org/" "Mozilla/4.0 (compatible; MSIE 8.0; Windows NT 5.1; Trident/4.0; GTB7.2; .NET CLR 1.1.4322; .NET CLR 2.0.50727; .NET CLR 3.0.04506.30; .NET CLR 3.0.4506.2152; .NET CLR 3.5.30729; .NET4.0C; .NET4.0E)"
75.146.54.1 - - [17/Feb/2012:18:06:13 -0600] "GET /images/smallbox.gif HTTP/1.1" 200 1233 "http://www.operationspokaneheroes.org/" "Mozilla/4.0 (compatible; MSIE 8.0; Windows NT 5.1; Trident/4.0; GTB7.2; .NET CLR 1.1.4322; .NET CLR 2.0.50727; .NET CLR 3.0.04506.30; .NET CLR 3.0.4506.2152; .NET CLR 3.5.30729; .NET4.0C; .NET4.0E)"
75.146.54.1 - - [17/Feb/2012:18:06:13 -0600] "GET /images/smallboxtop.gif HTTP/1.1" 200 450 "http://www.operationspokaneheroes.org/" "Mozilla/4.0 (compatible; MSIE 8.0; Windows NT 5.1; Trident/4.0; GTB7.2; .NET CLR 1.1.4322; .NET CLR 2.0.50727; .NET CLR 3.0.04506.30; .NET CLR 3.0.4506.2152; .NET CLR 3.5.30729; .NET4.0C; .NET4.0E)"
75.146.54.1 - - [17/Feb/2012:18:06:13 -0600] "GET /images/boxtop.gif HTTP/1.1" 200 767 "http://www.operationspokaneheroes.org/" "Mozilla/4.0 (compatible; MSIE 8.0; Windows NT 5.1; Trident/4.0; GTB7.2; .NET CLR 1.1.4322; .NET CLR 2.0.50727; .NET CLR 3.0.04506.30; .NET CLR 3.0.4506.2152; .NET CLR 3.5.30729; .NET4.0C; .NET4.0E)"
75.146.54.1 - - [17/Feb/2012:18:06:13 -0600] "GET /images/box.gif HTTP/1.1" 200 1643 "http://www.operationspokaneheroes.org/" "Mozilla/4.0 (compatible; MSIE 8.0; Windows NT 5.1; Trident/4.0; GTB7.2; .NET CLR 1.1.4322; .NET CLR 2.0.50727; .NET CLR 3.0.04506.30; .NET CLR 3.0.4506.2152; .NET CLR 3.5.30729; .NET4.0C; .NET4.0E)"
75.146.54.1 - - [17/Feb/2012:18:06:13 -0600] "GET /images/box.png HTTP/1.1" 200 13315 "http://www.operationspokaneheroes.org/" "Mozilla/4.0 (compatible; MSIE 8.0; Windows NT 5.1; Trident/4.0; GTB7.2; .NET CLR 1.1.4322; .NET CLR 2.0.50727; .NET CLR 3.0.04506.30; .NET CLR 3.0.4506.2152; .NET CLR 3.5.30729; .NET4.0C; .NET4.0E)"
75.146.54.1 - - [17/Feb/2012:18:06:13 -0600] "GET /images/breakfast.jpg HTTP/1.1" 200 145512 "http://www.operationspokaneheroes.org/" "Mozilla/4.0 (compatible; MSIE 8.0; Windows NT 5.1; Trident/4.0; GTB7.2; .NET CLR 1.1.4322; .NET CLR 2.0.50727; .NET CLR 3.0.04506.30; .NET CLR 3.0.4506.2152; .NET CLR 3.5.30729; .NET4.0C; .NET4.0E)"
75.146.54.1 - - [17/Feb/2012:18:06:13 -0600] "GET /images/logo.png HTTP/1.1" 200 270272 "http://www.operationspokaneheroes.org/" "Mozilla/4.0 (compatible; MSIE 8.0; Windows NT 5.1; Trident/4.0; GTB7.2; .NET CLR 1.1.4322; .NET CLR 2.0.50727; .NET CLR 3.0.04506.30; .NET CLR 3.0.4506.2152; .NET CLR 3.5.30729; .NET4.0C; .NET4.0E)"
75.146.54.1 - - [17/Feb/2012:18:06:14 -0600] "GET /favicon.ico HTTP/1.1" 404 - "-" "Mozilla/4.0 (compatible; MSIE 8.0; Windows NT 5.1; Trident/4.0; GTB7.2; .NET CLR 1.1.4322; .NET CLR 2.0.50727; .NET CLR 3.0.04506.30; .NET CLR 3.0.4506.2152; .NET CLR 3.5.30729; .NET4.0C; .NET4.0E)"
