173.192.34.95 - - [31/Aug/2013:02:31:13 -0500] "GET /java_for_joes/index.html HTTP/1.1" 404 - "-" "Aboundex/0.2 (http://www.aboundex.com/crawler/)"
180.76.5.181 - - [31/Aug/2013:02:54:28 -0500] "GET /robots.txt HTTP/1.1" 404 - "-" "Mozilla/5.0 (Windows NT 5.1; rv:6.0.2) Gecko/20100101 Firefox/6.0.2"
157.55.35.106 - - [31/Aug/2013:03:27:45 -0500] "GET /robots.txt HTTP/1.1" 404 - "-" "Mozilla/5.0 (compatible; bingbot/2.0; +http://www.bing.com/bingbot.htm)"
157.55.35.106 - - [31/Aug/2013:03:28:29 -0500] "GET / HTTP/1.1" 200 10635 "-" "Mozilla/5.0 (compatible; bingbot/2.0; +http://www.bing.com/bingbot.htm)"
208.115.111.70 - - [31/Aug/2013:03:50:04 -0500] "GET /robots.txt HTTP/1.1" 404 - "-" "Mozilla/5.0 (compatible; Ezooms/1.0; ezooms.bot@gmail.com)"
66.249.73.216 - - [31/Aug/2013:04:40:53 -0500] "GET /business.php HTTP/1.1" 200 10813 "-" "SAMSUNG-SGH-E250/1.0 Profile/MIDP-2.0 Configuration/CLDC-1.1 UP.Browser/6.2.3.3.c.1.101 (GUI) MMP/2.0 (compatible; Googlebot-Mobile/2.1; +http://www.google.com/bot.html)"
208.115.111.70 - - [31/Aug/2013:04:43:26 -0500] "GET /contact.php HTTP/1.1" 200 10519 "-" "Mozilla/5.0 (compatible; Ezooms/1.0; ezooms.bot@gmail.com)"
188.143.232.103 - - [31/Aug/2013:05:21:49 -0500] "GET /java_for_joes/index.html/admin/fckeditor/editor/filemanager/browser/default/connectors/php/connector.php?Command=GetFoldersAndFiles&Type=File&CurrentFolder=%2F HTTP/1.1" 404 - "-" "Mozilla/5.0 (Windows NT 6.1; WOW64; rv:20.0) Gecko/20100101 Firefox/20.0"
188.143.232.103 - - [31/Aug/2013:05:21:50 -0500] "GET /java_for_joes/index.html/admin/FCKeditor/editor/filemanager/connectors/php/connector.php?Command=GetFoldersAndFiles&Type=File&CurrentFolder=%2F HTTP/1.1" 404 - "-" "Mozilla/5.0 (Windows NT 6.1; WOW64; rv:20.0) Gecko/20100101 Firefox/20.0"
188.143.232.103 - - [31/Aug/2013:05:21:50 -0500] "GET /java_for_joes/index.html/admin/fckeditor/editor/filemanager/connectors/php/connector.php?Command=GetFoldersAndFiles&Type=File&CurrentFolder=%2F HTTP/1.1" 404 - "-" "Mozilla/5.0 (Windows NT 6.1; WOW64; rv:20.0) Gecko/20100101 Firefox/20.0"
188.143.232.103 - - [31/Aug/2013:05:21:51 -0500] "GET /java_for_joes/index.html/FCK/editor/filemanager/browser/default/connectors/php/connector.php?Command=GetFoldersAndFiles&Type=File&CurrentFolder=%2F HTTP/1.1" 404 - "-" "Mozilla/5.0 (Windows NT 6.1; WOW64; rv:20.0) Gecko/20100101 Firefox/20.0"
188.143.232.103 - - [31/Aug/2013:05:21:51 -0500] "GET /java_for_joes/index.html/fck/editor/filemanager/browser/default/connectors/php/connector.php?Command=GetFoldersAndFiles&Type=File&CurrentFolder=%2F HTTP/1.1" 404 - "-" "Mozilla/5.0 (Windows NT 6.1; WOW64; rv:20.0) Gecko/20100101 Firefox/20.0"
188.143.232.103 - - [31/Aug/2013:05:21:52 -0500] "GET /java_for_joes/index.html/FCK/editor/filemanager/connectors/php/connector.php?Command=GetFoldersAndFiles&Type=File&CurrentFolder=%2F HTTP/1.1" 404 - "-" "Mozilla/5.0 (Windows NT 6.1; WOW64; rv:20.0) Gecko/20100101 Firefox/20.0"
188.143.232.103 - - [31/Aug/2013:05:21:52 -0500] "GET /java_for_joes/index.html/fck/editor/filemanager/connectors/php/connector.php?Command=GetFoldersAndFiles&Type=File&CurrentFolder=%2F HTTP/1.1" 404 - "-" "Mozilla/5.0 (Windows NT 6.1; WOW64; rv:20.0) Gecko/20100101 Firefox/20.0"
188.143.232.103 - - [31/Aug/2013:05:21:53 -0500] "GET /java_for_joes/index.html/FCKeditor/editor/filemanager/browser/default/connectors/php/connector.php?Command=GetFoldersAndFiles&Type=File&CurrentFolder=%2F HTTP/1.1" 404 - "-" "Mozilla/5.0 (Windows NT 6.1; WOW64; rv:20.0) Gecko/20100101 Firefox/20.0"
188.143.232.103 - - [31/Aug/2013:05:21:54 -0500] "GET /java_for_joes/index.html/fckeditor/editor/filemanager/browser/default/connectors/php/connector.php?Command=GetFoldersAndFiles&Type=File&CurrentFolder=%2F HTTP/1.1" 404 - "-" "Mozilla/5.0 (Windows NT 6.1; WOW64; rv:20.0) Gecko/20100101 Firefox/20.0"
188.143.232.103 - - [31/Aug/2013:05:21:55 -0500] "GET /java_for_joes/index.html/FCKeditor/editor/filemanager/connectors/php/connector.php?Command=GetFoldersAndFiles&Type=File&CurrentFolder=%2F HTTP/1.1" 404 - "-" "Mozilla/5.0 (Windows NT 6.1; WOW64; rv:20.0) Gecko/20100101 Firefox/20.0"
188.143.232.103 - - [31/Aug/2013:05:21:55 -0500] "GET /java_for_joes/index.html/fckeditor/editor/filemanager/connectors/php/connector.php?Command=GetFoldersAndFiles&Type=File&CurrentFolder=%2F HTTP/1.1" 404 - "-" "Mozilla/5.0 (Windows NT 6.1; WOW64; rv:20.0) Gecko/20100101 Firefox/20.0"
77.75.77.11 - - [31/Aug/2013:05:32:46 -0500] "GET /robots.txt HTTP/1.1" 404 - "-" "SeznamBot/3.0 (+http://fulltext.sblog.cz/)"
77.75.77.11 - - [31/Aug/2013:05:32:49 -0500] "GET /events.php HTTP/1.1" 200 6407 "-" "SeznamBot/3.0 (+http://fulltext.sblog.cz/)"
208.115.113.86 - - [31/Aug/2013:05:50:01 -0500] "GET /robots.txt HTTP/1.1" 404 - "-" "Mozilla/5.0 (compatible; Ezooms/1.0; ezooms.bot@gmail.com)"
198.27.67.130 - - [31/Aug/2013:06:39:27 -0500] "POST /aboutus.php HTTP/1.1" 200 11667 "-" "-"
208.115.113.86 - - [31/Aug/2013:06:54:00 -0500] "GET /benefits.php HTTP/1.1" 404 - "-" "Mozilla/5.0 (compatible; Ezooms/1.0; ezooms.bot@gmail.com)"
50.30.43.157 - - [31/Aug/2013:07:38:26 -0500] "GET /favicon.ico HTTP/1.1" 404 - "http://www.facebook.com" "Mozilla/5.0 (Macintosh; U; Intel Mac OS X 10_6_7; en-US) AppleWebKit/534.16 (KHTML, like Gecko) Chrome/10.0.648.205 Safari/534.16"
50.30.43.157 - - [31/Aug/2013:07:38:26 -0500] "GET /favicon.png HTTP/1.1" 404 - "http://www.facebook.com" "Mozilla/5.0 (Macintosh; U; Intel Mac OS X 10_6_7; en-US) AppleWebKit/534.16 (KHTML, like Gecko) Chrome/10.0.648.205 Safari/534.16"
192.74.244.37 - - [31/Aug/2013:09:46:28 -0500] "POST /aboutus.php HTTP/1.1" 200 11667 "-" "-"
192.74.244.37 - - [31/Aug/2013:12:03:37 -0500] "GET /aboutus.php HTTP/1.0" 200 11667 "http://operationspokaneheroes.org/aboutus.php" "Opera/9.80 (Windows NT 6.1; U; ru) Presto/2.7.39 Version/11.00"
157.55.32.26 - - [31/Aug/2013:12:46:24 -0500] "GET /robots.txt HTTP/1.1" 404 - "-" "Mozilla/5.0 (compatible; bingbot/2.0; +http://www.bing.com/bingbot.htm)"
157.55.32.26 - - [31/Aug/2013:12:46:58 -0500] "GET / HTTP/1.1" 200 10635 "-" "Mozilla/5.0 (compatible; bingbot/2.0; +http://www.bing.com/bingbot.htm)"
66.249.73.216 - - [31/Aug/2013:13:21:58 -0500] "GET /robots.txt HTTP/1.1" 404 - "-" "Mozilla/5.0 (compatible; Googlebot/2.1; +http://www.google.com/bot.html)"
66.249.73.216 - - [31/Aug/2013:13:21:58 -0500] "GET / HTTP/1.1" 200 10635 "-" "DoCoMo/2.0 N905i(c100;TB;W24H16) (compatible; Googlebot-Mobile/2.1; +http://www.google.com/bot.html)"
218.30.103.147 - - [31/Aug/2013:14:06:19 -0500] "GET / HTTP/1.1" 200 10635 "-" "Sogou web spider/4.0(+http://www.sogou.com/docs/help/webmasters.htm#07)"
218.30.103.147 - - [31/Aug/2013:14:06:24 -0500] "GET /robots.txt HTTP/1.1" 404 - "-" "Sogou web spider/4.0"
218.30.103.147 - - [31/Aug/2013:14:46:45 -0500] "GET / HTTP/1.1" 200 10635 "-" "Sogou web spider/4.0(+http://www.sogou.com/docs/help/webmasters.htm#07)"
157.55.32.26 - - [31/Aug/2013:14:50:50 -0500] "GET /robots.txt HTTP/1.1" 404 - "-" "Mozilla/5.0 (compatible; bingbot/2.0; +http://www.bing.com/bingbot.htm)"
157.55.32.26 - - [31/Aug/2013:14:51:28 -0500] "GET / HTTP/1.1" 200 10635 "-" "Mozilla/5.0 (compatible; bingbot/2.0; +http://www.bing.com/bingbot.htm)"
66.249.16.211 - - [31/Aug/2013:15:03:38 -0500] "GET /java_for_joes/index.html HTTP/1.1" 404 - "http://whois.domaintools.com/javaforjoes.org" "Mozilla/5.0 (compatible; bingbot/2.0; +http://www.bing.com/bingbot.htm)"
180.76.5.135 - - [31/Aug/2013:15:05:11 -0500] "GET /join/ HTTP/1.1" 404 - "-" "Mozilla/5.0 (compatible; Baiduspider/2.0; +http://www.baidu.com/search/spider.html)"
66.249.73.53 - - [31/Aug/2013:17:36:44 -0500] "GET /robots.txt HTTP/1.1" 404 - "-" "Mozilla/5.0 (compatible; Googlebot/2.1; +http://www.google.com/bot.html)"
66.249.73.53 - - [31/Aug/2013:17:36:44 -0500] "GET / HTTP/1.1" 200 10635 "-" "Mozilla/5.0 (iPhone; U; CPU iPhone OS 4_1 like Mac OS X; en-us) AppleWebKit/532.9 (KHTML, like Gecko) Version/4.0.5 Mobile/8B117 Safari/6531.22.7 (compatible; Googlebot-Mobile/2.1; +http://www.google.com/bot.html)"
119.98.238.50 - - [31/Aug/2013:17:38:10 -0500] "GET /aboutus.php HTTP/1.0" 200 11667 "http://operationspokaneheroes.org/aboutus.php" "Opera/9.80 (Windows NT 6.1; MRA 6.0 (build 5976)) Presto/2.12.388 Version/12.10"
66.249.73.216 - - [31/Aug/2013:17:42:36 -0500] "GET / HTTP/1.1" 200 10635 "-" "Mozilla/5.0 (iPhone; U; CPU iPhone OS 4_1 like Mac OS X; en-us) AppleWebKit/532.9 (KHTML, like Gecko) Version/4.0.5 Mobile/8B117 Safari/6531.22.7 (compatible; Googlebot-Mobile/2.1; +http://www.google.com/bot.html)"
66.249.73.216 - - [31/Aug/2013:17:47:15 -0500] "GET /css/global.css HTTP/1.1" 200 13951 "-" "Mozilla/5.0 (compatible; Googlebot/2.1; +http://www.google.com/bot.html)"
66.249.73.216 - - [31/Aug/2013:17:47:15 -0500] "GET /css/style_global.css HTTP/1.1" 200 2621 "-" "Mozilla/5.0 (compatible; Googlebot/2.1; +http://www.google.com/bot.html)"
123.151.148.156 - - [31/Aug/2013:19:14:36 -0500] "GET /robots.txt HTTP/1.1" 404 - "-" "Mozilla/5.0 (compatible; Sosospider/2.0; +http://help.soso.com/webspider.htm)"
123.151.148.156 - - [31/Aug/2013:19:14:37 -0500] "GET /lh9qfqsrvknwnp3w.html HTTP/1.1" 404 - "http://operationspokaneheroes.org/" "Mozilla/5.0 (compatible; Sosospider/2.0; +http://help.soso.com/webspider.htm)"
66.249.73.216 - - [31/Aug/2013:19:25:00 -0500] "GET / HTTP/1.1" 200 10635 "-" "Mozilla/5.0 (compatible; Googlebot/2.1; +http://www.google.com/bot.html)"
66.249.73.216 - - [31/Aug/2013:19:32:29 -0500] "GET /slider/css/style.css HTTP/1.1" 200 1379 "-" "Mozilla/5.0 (compatible; Googlebot/2.1; +http://www.google.com/bot.html)"
66.249.73.216 - - [31/Aug/2013:19:38:49 -0500] "GET /donate.php HTTP/1.1" 200 11699 "-" "Mozilla/5.0 (iPhone; U; CPU iPhone OS 4_1 like Mac OS X; en-us) AppleWebKit/532.9 (KHTML, like Gecko) Version/4.0.5 Mobile/8B117 Safari/6531.22.7 (compatible; Googlebot-Mobile/2.1; +http://www.google.com/bot.html)"
157.56.92.156 - - [31/Aug/2013:21:24:52 -0500] "GET /robots.txt HTTP/1.1" 404 - "-" "Mozilla/5.0 (compatible; bingbot/2.0; +http://www.bing.com/bingbot.htm)"
157.56.92.156 - - [31/Aug/2013:21:26:56 -0500] "GET /_inc/events.php HTTP/1.1" 200 5967 "-" "Mozilla/5.0 (compatible; bingbot/2.0; +http://www.bing.com/bingbot.htm)"
208.115.113.86 - - [31/Aug/2013:21:38:19 -0500] "GET /robots.txt HTTP/1.1" 404 - "-" "Mozilla/5.0 (compatible; Ezooms/1.0; ezooms.bot@gmail.com)"
66.249.73.216 - - [31/Aug/2013:22:40:55 -0500] "GET /aboutus.php HTTP/1.1" 200 11667 "-" "DoCoMo/2.0 N905i(c100;TB;W24H16) (compatible; Googlebot-Mobile/2.1; +http://www.google.com/bot.html)"
208.115.113.86 - - [31/Aug/2013:22:48:10 -0500] "GET /business.php HTTP/1.1" 200 10813 "-" "Mozilla/5.0 (compatible; Ezooms/1.0; ezooms.bot@gmail.com)"
157.55.32.116 - - [31/Aug/2013:23:31:28 -0500] "GET /robots.txt HTTP/1.1" 404 - "-" "Mozilla/5.0 (compatible; bingbot/2.0; +http://www.bing.com/bingbot.htm)"
157.55.32.116 - - [31/Aug/2013:23:35:13 -0500] "GET / HTTP/1.1" 200 10635 "-" "Mozilla/5.0 (compatible; bingbot/2.0; +http://www.bing.com/bingbot.htm)"
206.225.83.83 - - [01/Sep/2013:00:15:58 -0500] "GET / HTTP/1.1" 200 10635 "-" "Mozilla/4.0 (compatible; MSIE 8.0; Windows NT 6.1; WOW64; Trident/4.0; SLCC2; .NET CLR 2.0.50727; .NET CLR 3.5.30729; .NET CLR 3.0.30729; Media Center PC 6.0; InfoPath.2; MS-RTC LM 8)"
157.55.33.17 - - [01/Sep/2013:01:15:16 -0500] "GET /robots.txt HTTP/1.1" 404 - "-" "Mozilla/5.0 (compatible; bingbot/2.0; +http://www.bing.com/bingbot.htm)"
157.55.33.17 - - [01/Sep/2013:01:16:49 -0500] "GET / HTTP/1.1" 200 10635 "-" "Mozilla/5.0 (compatible; bingbot/2.0; +http://www.bing.com/bingbot.htm)"
208.115.113.86 - - [01/Sep/2013:01:38:19 -0500] "GET /robots.txt HTTP/1.1" 404 - "-" "Mozilla/5.0 (compatible; Ezooms/1.0; ezooms.bot@gmail.com)"
144.76.113.197 - - [01/Sep/2013:01:42:56 -0500] "GET / HTTP/1.0" 200 10635 "-" "Wget/1.12 (linux-gnu)"
157.56.92.162 - - [01/Sep/2013:01:54:16 -0500] "GET /robots.txt HTTP/1.1" 404 - "-" "Mozilla/5.0 (compatible; bingbot/2.0; +http://www.bing.com/bingbot.htm)"
199.21.99.103 - - [01/Sep/2013:02:13:37 -0500] "GET /robots.txt HTTP/1.1" 404 - "-" "Mozilla/5.0 (compatible; YandexBot/3.0; +http://yandex.com/bots)"
157.56.92.162 - - [01/Sep/2013:02:37:29 -0500] "GET /java_for_joes/index.html HTTP/1.1" 404 - "-" "Mozilla/5.0 (compatible; bingbot/2.0; +http://www.bing.com/bingbot.htm)"
46.165.197.141 - - [01/Sep/2013:02:44:44 -0500] "GET /robots.txt HTTP/1.0" 404 - "-" "Mozilla/5.0 (compatible; MJ12bot/v1.4.4; http://www.majestic12.co.uk/bot.php?+)"
46.165.197.141 - - [01/Sep/2013:02:44:45 -0500] "GET / HTTP/1.0" 200 10635 "-" "Mozilla/5.0 (compatible; MJ12bot/v1.4.4; http://www.majestic12.co.uk/bot.php?+)"
208.115.113.86 - - [01/Sep/2013:02:46:06 -0500] "GET /freedom.php HTTP/1.1" 200 11227 "-" "Mozilla/5.0 (compatible; Ezooms/1.0; ezooms.bot@gmail.com)"
85.25.134.59 - - [01/Sep/2013:02:56:25 -0500] "GET /robots.txt HTTP/1.1" 404 - "http://operations.macinroy.com/operationspokaneheroes.org" "MacInroy Privacy Auditors. See operationspokaneheroes.org's privacy violation report: http://operationspokaneheroes.org.macinroy.com/operationspokaneheroes.org"
85.25.134.59 - - [01/Sep/2013:02:56:27 -0500] "GET / HTTP/1.1" 200 10635 "http://operations.macinroy.com/operationspokaneheroes.org" "MacInroy Privacy Auditors. See operationspokaneheroes.org's privacy violation report: http://operationspokaneheroes.org.macinroy.com/operationspokaneheroes.org"
54.234.118.6 - - [01/Sep/2013:04:03:58 -0500] "GET / HTTP/1.0" 200 10635 "-" "Mozilla/5.0 (compatible; Windows; U; Windows NT 6.2; WOW64; en-US; rv:12.0) Gecko/20120403211507 Firefox/12.0"
66.249.73.216 - - [01/Sep/2013:06:24:26 -0500] "GET /robots.txt HTTP/1.1" 404 - "-" "Mozilla/5.0 (compatible; Googlebot/2.1; +http://www.google.com/bot.html)"
66.249.73.216 - - [01/Sep/2013:06:24:26 -0500] "GET /aboutus.php HTTP/1.1" 200 11667 "-" "Mozilla/5.0 (iPhone; U; CPU iPhone OS 4_1 like Mac OS X; en-us) AppleWebKit/532.9 (KHTML, like Gecko) Version/4.0.5 Mobile/8B117 Safari/6531.22.7 (compatible; Googlebot-Mobile/2.1; +http://www.google.com/bot.html)"
199.21.99.103 - - [01/Sep/2013:06:38:41 -0500] "GET /pdf/174%20Stores%20and%20Business%20Offering%20Military%20Discounts1.pdf HTTP/1.1" 200 122888 "-" "Mozilla/5.0 (compatible; YandexBot/3.0; +http://yandex.com/bots)"
199.21.99.103 - - [01/Sep/2013:06:42:41 -0500] "GET / HTTP/1.1" 200 10635 "-" "Mozilla/5.0 (compatible; YandexBot/3.0; +http://yandex.com/bots)"
199.21.99.103 - - [01/Sep/2013:06:42:42 -0500] "GET /robots.txt HTTP/1.1" 404 - "-" "Mozilla/5.0 (compatible; YandexBot/3.0; +http://yandex.com/bots)"
199.21.99.103 - - [01/Sep/2013:06:42:44 -0500] "GET / HTTP/1.1" 200 10635 "-" "Mozilla/5.0 (compatible; YandexBot/3.0; +http://yandex.com/bots)"
199.21.99.103 - - [01/Sep/2013:06:42:50 -0500] "GET / HTTP/1.1" 200 10635 "-" "Mozilla/5.0 (compatible; YandexBot/3.0; +http://yandex.com/bots)"
199.21.99.103 - - [01/Sep/2013:06:42:53 -0500] "GET / HTTP/1.1" 200 10635 "-" "Mozilla/5.0 (compatible; YandexBot/3.0; +http://yandex.com/bots)"
180.76.5.66 - - [01/Sep/2013:09:03:43 -0500] "GET /_inc/contact.php HTTP/1.1" 200 756 "-" "Mozilla/5.0 (compatible; Baiduspider/2.0; +http://www.baidu.com/search/spider.html)"
175.44.16.127 - - [01/Sep/2013:09:28:57 -0500] "GET /aboutus.php HTTP/1.1" 200 11667 "-" "Mozilla/4.0 (compatible; MSIE 6.0; Windows NT 5.1)"
208.115.113.86 - - [01/Sep/2013:09:37:49 -0500] "GET /robots.txt HTTP/1.1" 404 - "-" "Mozilla/5.0 (compatible; Ezooms/1.0; ezooms.bot@gmail.com)"
188.143.232.103 - - [01/Sep/2013:09:41:07 -0500] "GET /admin/fckeditor/editor/filemanager/browser/default/connectors/php/connector.php?Command=GetFoldersAndFiles&Type=File&CurrentFolder=%2F HTTP/1.1" 404 - "-" "Mozilla/5.0 (Windows NT 6.1; WOW64; rv:20.0) Gecko/20100101 Firefox/20.0"
188.143.232.103 - - [01/Sep/2013:09:41:08 -0500] "GET /admin/FCKeditor/editor/filemanager/connectors/php/connector.php?Command=GetFoldersAndFiles&Type=File&CurrentFolder=%2F HTTP/1.1" 404 - "-" "Mozilla/5.0 (Windows NT 6.1; WOW64; rv:20.0) Gecko/20100101 Firefox/20.0"
188.143.232.103 - - [01/Sep/2013:09:41:09 -0500] "GET /admin/fckeditor/editor/filemanager/connectors/php/connector.php?Command=GetFoldersAndFiles&Type=File&CurrentFolder=%2F HTTP/1.1" 404 - "-" "Mozilla/5.0 (Windows NT 6.1; WOW64; rv:20.0) Gecko/20100101 Firefox/20.0"
188.143.232.103 - - [01/Sep/2013:09:41:10 -0500] "GET /FCK/editor/filemanager/browser/default/connectors/php/connector.php?Command=GetFoldersAndFiles&Type=File&CurrentFolder=%2F HTTP/1.1" 404 - "-" "Mozilla/5.0 (Windows NT 6.1; WOW64; rv:20.0) Gecko/20100101 Firefox/20.0"
188.143.232.103 - - [01/Sep/2013:09:41:10 -0500] "GET /fck/editor/filemanager/browser/default/connectors/php/connector.php?Command=GetFoldersAndFiles&Type=File&CurrentFolder=%2F HTTP/1.1" 404 - "-" "Mozilla/5.0 (Windows NT 6.1; WOW64; rv:20.0) Gecko/20100101 Firefox/20.0"
188.143.232.103 - - [01/Sep/2013:09:41:11 -0500] "GET /FCK/editor/filemanager/connectors/php/connector.php?Command=GetFoldersAndFiles&Type=File&CurrentFolder=%2F HTTP/1.1" 404 - "-" "Mozilla/5.0 (Windows NT 6.1; WOW64; rv:20.0) Gecko/20100101 Firefox/20.0"
188.143.232.103 - - [01/Sep/2013:09:41:11 -0500] "GET /fck/editor/filemanager/connectors/php/connector.php?Command=GetFoldersAndFiles&Type=File&CurrentFolder=%2F HTTP/1.1" 404 - "-" "Mozilla/5.0 (Windows NT 6.1; WOW64; rv:20.0) Gecko/20100101 Firefox/20.0"
188.143.232.103 - - [01/Sep/2013:09:41:11 -0500] "GET /FCKeditor/editor/filemanager/browser/default/connectors/php/connector.php?Command=GetFoldersAndFiles&Type=File&CurrentFolder=%2F HTTP/1.1" 404 - "-" "Mozilla/5.0 (Windows NT 6.1; WOW64; rv:20.0) Gecko/20100101 Firefox/20.0"
188.143.232.103 - - [01/Sep/2013:09:41:12 -0500] "GET /fckeditor/editor/filemanager/browser/default/connectors/php/connector.php?Command=GetFoldersAndFiles&Type=File&CurrentFolder=%2F HTTP/1.1" 404 - "-" "Mozilla/5.0 (Windows NT 6.1; WOW64; rv:20.0) Gecko/20100101 Firefox/20.0"
188.143.232.103 - - [01/Sep/2013:09:41:12 -0500] "GET /FCKeditor/editor/filemanager/connectors/php/connector.php?Command=GetFoldersAndFiles&Type=File&CurrentFolder=%2F HTTP/1.1" 404 - "-" "Mozilla/5.0 (Windows NT 6.1; WOW64; rv:20.0) Gecko/20100101 Firefox/20.0"
188.143.232.103 - - [01/Sep/2013:09:41:12 -0500] "GET /fckeditor/editor/filemanager/connectors/php/connector.php?Command=GetFoldersAndFiles&Type=File&CurrentFolder=%2F HTTP/1.1" 404 - "-" "Mozilla/5.0 (Windows NT 6.1; WOW64; rv:20.0) Gecko/20100101 Firefox/20.0"
202.46.59.46 - - [01/Sep/2013:10:12:02 -0500] "GET / HTTP/1.1" 200 10455 "-" "Mozilla/4.0 (compatible; MSIE 7.0; Windows NT 6.0)"
119.63.193.195 - - [01/Sep/2013:10:13:21 -0500] "GET / HTTP/1.1" 200 10635 "-" "Mozilla/4.0 (compatible; MSIE 7.0; Windows NT 6.0)"
208.115.113.86 - - [01/Sep/2013:10:44:45 -0500] "GET /business_discount.php HTTP/1.1" 404 - "-" "Mozilla/5.0 (compatible; Ezooms/1.0; ezooms.bot@gmail.com)"
66.249.74.43 - - [01/Sep/2013:11:39:07 -0500] "GET /robots.txt HTTP/1.1" 404 - "-" "Mozilla/5.0 (compatible; Googlebot/2.1; +http://www.google.com/bot.html)"
66.249.74.43 - - [01/Sep/2013:11:39:07 -0500] "GET / HTTP/1.1" 200 10635 "-" "SAMSUNG-SGH-E250/1.0 Profile/MIDP-2.0 Configuration/CLDC-1.1 UP.Browser/6.2.3.3.c.1.101 (GUI) MMP/2.0 (compatible; Googlebot-Mobile/2.1; +http://www.google.com/bot.html)"
173.252.100.119 - - [01/Sep/2013:12:36:21 -0500] "GET /images/logo.png HTTP/1.1" 200 226129 "-" "facebookexternalhit/1.1 (+http://www.facebook.com/externalhit_uatext.php)"
46.229.164.100 - - [01/Sep/2013:13:29:41 -0500] "GET /robots.txt HTTP/1.1" 404 - "-" "Mozilla/5.0 (compatible; SemrushBot/0.97; +http://www.semrush.com/bot.html)"
111.161.55.85 - - [01/Sep/2013:13:51:15 -0500] "GET /robots.txt HTTP/1.1" 404 - "http://operationspokaneheroes.org/" "Mozilla/5.0 (compatible; MSIE 8.0; Windows NT 6.1)"
205.178.190.236 - - [01/Sep/2013:14:28:15 -0500] "HEAD /java_for_joes/index.html HTTP/1.1" 404 - "-" "Mozilla/5.0 (Windows; U; Windows NT 5.1; en-US; rv:1.8.1.16) Gecko/20080702 Firefox/2.0.0.16"
205.178.190.236 - - [01/Sep/2013:14:37:17 -0500] "GET /java_for_joes/index.html HTTP/1.1" 404 - "-" "Mozilla/4.0 (compatible; MSIE 7.0; Windows NT 5.2; Trident/4.0; .NET CLR 1.1.4322; .NET CLR 2.0.50727; .NET CLR 3.0.4506.2152; .NET CLR 3.5.30729; .NET4.0C; .NET4.0E)"
66.249.74.43 - - [01/Sep/2013:15:29:03 -0500] "GET /css/footer.css HTTP/1.1" 200 752 "-" "Mozilla/5.0 (compatible; Googlebot/2.1; +http://www.google.com/bot.html)"
66.249.74.43 - - [01/Sep/2013:15:35:30 -0500] "GET /css/slide.css HTTP/1.1" 200 2869 "-" "Mozilla/5.0 (compatible; Googlebot/2.1; +http://www.google.com/bot.html)"
157.56.92.157 - - [01/Sep/2013:15:54:35 -0500] "GET /robots.txt HTTP/1.1" 404 - "-" "Mozilla/5.0 (compatible; bingbot/2.0; +http://www.bing.com/bingbot.htm)"
157.56.92.157 - - [01/Sep/2013:15:55:09 -0500] "GET / HTTP/1.1" 200 10635 "-" "Mozilla/5.0 (compatible; bingbot/2.0; +http://www.bing.com/bingbot.htm)"
66.249.74.43 - - [01/Sep/2013:16:08:45 -0500] "GET /calendar.php HTTP/1.1" 200 10644 "-" "Mozilla/5.0 (iPhone; U; CPU iPhone OS 4_1 like Mac OS X; en-us) AppleWebKit/532.9 (KHTML, like Gecko) Version/4.0.5 Mobile/8B117 Safari/6531.22.7 (compatible; Googlebot-Mobile/2.1; +http://www.google.com/bot.html)"
202.46.60.15 - - [01/Sep/2013:17:35:19 -0500] "GET / HTTP/1.1" 200 10635 "-" "Mozilla/4.0 (compatible; MSIE 7.0; Windows NT 6.0)"
119.63.193.196 - - [01/Sep/2013:17:35:20 -0500] "GET / HTTP/1.1" 200 10635 "-" "Mozilla/4.0 (compatible; MSIE 7.0; Windows NT 6.0)"
64.191.34.51 - - [01/Sep/2013:18:52:31 -0500] "GET /java_for_joes/index.html HTTP/1.1" 404 - "http://JAVAFORJOES.NET:80/" "Mozilla/4.0 (compatible; MSIE 6.0; Windows NT 5.1; SV1)"
192.74.244.37 - - [01/Sep/2013:19:17:19 -0500] "POST /aboutus.php HTTP/1.1" 200 11667 "-" "-"
180.76.5.90 - - [01/Sep/2013:19:28:53 -0500] "GET /robots.txt HTTP/1.1" 404 - "-" "Mozilla/5.0 (Windows NT 5.1; rv:6.0.2) Gecko/20100101 Firefox/6.0.2"
66.249.74.43 - - [01/Sep/2013:20:17:00 -0500] "GET /images/logo.png HTTP/1.1" 304 - "-" "Googlebot-Image/1.0"
58.48.34.205 - - [01/Sep/2013:21:14:51 -0500] "GET /aboutus.php HTTP/1.0" 200 11667 "http://operationspokaneheroes.org/aboutus.php" "Opera/9.80 (Windows NT 6.1; Win64; x64) Presto/2.12.388 Version/12.10"
180.76.5.179 - - [01/Sep/2013:21:32:36 -0500] "GET /java_for_joes/index.html HTTP/1.1" 404 - "-" "Mozilla/5.0 (compatible; Baiduspider/2.0; +http://www.baidu.com/search/spider.html)"
180.76.4.81 - - [01/Sep/2013:21:47:37 -0500] "GET /java_for_joes/index.html HTTP/1.1" 404 - "-" "Mozilla/5.0 (compatible; Baiduspider/2.0; +http://www.baidu.com/search/spider.html)"
157.55.35.78 - - [01/Sep/2013:21:52:58 -0500] "GET /robots.txt HTTP/1.1" 404 - "-" "Mozilla/5.0 (compatible; bingbot/2.0; +http://www.bing.com/bingbot.htm)"
157.55.35.78 - - [01/Sep/2013:21:53:29 -0500] "GET / HTTP/1.1" 200 10635 "-" "Mozilla/5.0 (compatible; bingbot/2.0; +http://www.bing.com/bingbot.htm)"
157.55.32.146 - - [01/Sep/2013:23:45:47 -0500] "GET /robots.txt HTTP/1.1" 404 - "-" "Mozilla/5.0 (compatible; bingbot/2.0; +http://www.bing.com/bingbot.htm)"
157.55.32.146 - - [01/Sep/2013:23:47:00 -0500] "GET / HTTP/1.1" 200 10635 "-" "Mozilla/5.0 (compatible; bingbot/2.0; +http://www.bing.com/bingbot.htm)"
65.55.24.238 - - [02/Sep/2013:01:01:12 -0500] "GET /robots.txt HTTP/1.1" 404 - "-" "Mozilla/5.0 (compatible; bingbot/2.0; +http://www.bing.com/bingbot.htm)"
65.55.24.238 - - [02/Sep/2013:01:02:54 -0500] "GET /pdf/Christmas%20Carrousel%20Flyer2011.pdf HTTP/1.1" 404 - "-" "Mozilla/5.0 (compatible; bingbot/2.0; +http://www.bing.com/bingbot.htm)"
175.44.9.18 - - [02/Sep/2013:01:47:55 -0500] "GET /aboutus.php HTTP/1.0" 200 11667 "http://operationspokaneheroes.org/aboutus.php" "Mozilla/4.0 (compatible; MSIE 6.0; Windows NT 5.1; SV1; .NET CLR 2.0.50727)"
157.55.32.77 - - [02/Sep/2013:01:48:09 -0500] "GET /events/lilac_parade/lilac_parade.html HTTP/1.1" 304 - "-" "Mozilla/5.0 (compatible; bingbot/2.0; +http://www.bing.com/bingbot.htm)"
175.44.9.18 - - [02/Sep/2013:04:40:32 -0500] "GET /business.php HTTP/1.0" 200 10813 "http://operationspokaneheroes.org/business.php" "Mozilla/4.0 (compatible; MSIE 6.0; Windows NT 5.1; SV1; .NET CLR 2.0.50727)"
175.44.9.18 - - [02/Sep/2013:04:40:32 -0500] "GET /calendar.php HTTP/1.0" 200 10644 "http://operationspokaneheroes.org/calendar.php" "Mozilla/4.0 (compatible; MSIE 6.0; Windows NT 5.1; SV1; .NET CLR 2.0.50727)"
175.44.9.18 - - [02/Sep/2013:04:40:32 -0500] "GET /events.php HTTP/1.0" 200 6407 "http://operationspokaneheroes.org/events.php" "Mozilla/4.0 (compatible; MSIE 6.0; Windows NT 5.1; SV1; .NET CLR 2.0.50727)"
175.44.9.18 - - [02/Sep/2013:04:40:34 -0500] "GET /index.php HTTP/1.0" 200 10635 "http://operationspokaneheroes.org/index.php" "Mozilla/4.0 (compatible; MSIE 6.0; Windows NT 5.1; SV1; .NET CLR 2.0.50727)"
175.44.9.18 - - [02/Sep/2013:04:40:34 -0500] "GET /contact.php HTTP/1.0" 200 10519 "http://operationspokaneheroes.org/contact.php" "Mozilla/4.0 (compatible; MSIE 6.0; Windows NT 5.1; SV1; .NET CLR 2.0.50727)"
175.44.9.18 - - [02/Sep/2013:04:40:36 -0500] "GET /donate.php HTTP/1.0" 200 11699 "http://operationspokaneheroes.org/donate.php" "Mozilla/4.0 (compatible; MSIE 6.0; Windows NT 5.1; SV1; .NET CLR 2.0.50727)"
66.249.74.43 - - [02/Sep/2013:05:02:45 -0500] "GET /robots.txt HTTP/1.1" 404 - "-" "Mozilla/5.0 (compatible; Googlebot/2.1; +http://www.google.com/bot.html)"
66.249.74.43 - - [02/Sep/2013:05:02:45 -0500] "GET /pdf/2013%20-%20Women%20Warriors%20and%20the%20Cowgirls%20Flyer.pdf HTTP/1.1" 200 379297 "-" "Mozilla/5.0 (iPhone; U; CPU iPhone OS 4_1 like Mac OS X; en-us) AppleWebKit/532.9 (KHTML, like Gecko) Version/4.0.5 Mobile/8B117 Safari/6531.22.7 (compatible; Googlebot-Mobile/2.1; +http://www.google.com/bot.html)"
66.249.74.41 - - [02/Sep/2013:06:44:29 -0500] "GET /robots.txt HTTP/1.1" 404 - "-" "Mozilla/5.0 (compatible; Googlebot/2.1; +http://www.google.com/bot.html)"
66.249.74.41 - - [02/Sep/2013:06:44:29 -0500] "GET / HTTP/1.1" 200 10635 "-" "Mozilla/5.0 (compatible; Googlebot/2.1; +http://www.google.com/bot.html)"
66.249.74.41 - - [02/Sep/2013:06:50:36 -0500] "GET /css/footer.css HTTP/1.1" 200 752 "-" "Mozilla/5.0 (compatible; Googlebot/2.1; +http://www.google.com/bot.html)"
66.249.74.41 - - [02/Sep/2013:06:50:38 -0500] "GET /css/slide.css HTTP/1.1" 200 2869 "-" "Mozilla/5.0 (compatible; Googlebot/2.1; +http://www.google.com/bot.html)"
66.249.74.41 - - [02/Sep/2013:06:50:39 -0500] "GET /css/style_global.css HTTP/1.1" 200 2621 "-" "Mozilla/5.0 (compatible; Googlebot/2.1; +http://www.google.com/bot.html)"
66.249.74.41 - - [02/Sep/2013:06:50:39 -0500] "GET /css/global.css HTTP/1.1" 200 13951 "-" "Mozilla/5.0 (compatible; Googlebot/2.1; +http://www.google.com/bot.html)"
66.249.74.41 - - [02/Sep/2013:06:50:40 -0500] "GET /slider/css/style.css HTTP/1.1" 200 1379 "-" "Mozilla/5.0 (compatible; Googlebot/2.1; +http://www.google.com/bot.html)"
208.115.111.70 - - [02/Sep/2013:07:43:15 -0500] "GET /robots.txt HTTP/1.1" 404 - "-" "Mozilla/5.0 (compatible; Ezooms/1.0; ezooms.bot@gmail.com)"
180.76.5.140 - - [02/Sep/2013:08:32:08 -0500] "GET /events/vet_picnic/vet_picnic.html HTTP/1.1" 200 3163 "-" "Mozilla/5.0 (compatible; Baiduspider/2.0; +http://www.baidu.com/search/spider.html)"
208.115.111.70 - - [02/Sep/2013:08:41:20 -0500] "GET /calendar.php HTTP/1.1" 200 10644 "-" "Mozilla/5.0 (compatible; Ezooms/1.0; ezooms.bot@gmail.com)"
199.21.99.103 - - [02/Sep/2013:08:54:09 -0500] "GET /robots.txt HTTP/1.1" 404 - "-" "Mozilla/5.0 (compatible; YandexBot/3.0; +http://yandex.com/bots)"
199.21.99.103 - - [02/Sep/2013:10:51:14 -0500] "GET /pdf/march_for_the%20_fallen.pdf HTTP/1.1" 200 1178567 "-" "Mozilla/5.0 (compatible; YandexBot/3.0; +http://yandex.com/bots)"
198.27.68.174 - - [02/Sep/2013:11:56:08 -0500] "POST /aboutus.php HTTP/1.1" 200 11667 "-" "-"
5.10.83.92 - - [02/Sep/2013:12:34:59 -0500] "GET /index.php HTTP/1.1" 200 10635 "-" "Mozilla/5.0 (compatible; AhrefsBot/5.0; +http://ahrefs.com/robot/)"
199.21.99.103 - - [02/Sep/2013:13:06:17 -0500] "GET /pdf/Spokane%20Indians%20Pennant%20poster-color%20copy.pdf HTTP/1.1" 200 1793914 "-" "Mozilla/5.0 (compatible; YandexBot/3.0; +http://yandex.com/bots)"
5.10.83.55 - - [02/Sep/2013:15:22:50 -0500] "GET /contact.php HTTP/1.1" 200 10519 "-" "Mozilla/5.0 (compatible; AhrefsBot/5.0; +http://ahrefs.com/robot/)"
66.249.74.41 - - [02/Sep/2013:15:59:53 -0500] "GET / HTTP/1.1" 200 10635 "-" "Mozilla/5.0 (iPhone; U; CPU iPhone OS 4_1 like Mac OS X; en-us) AppleWebKit/532.9 (KHTML, like Gecko) Version/4.0.5 Mobile/8B117 Safari/6531.22.7 (compatible; Googlebot-Mobile/2.1; +http://www.google.com/bot.html)"
66.249.74.43 - - [02/Sep/2013:16:06:34 -0500] "GET /robots.txt HTTP/1.1" 404 - "-" "Mozilla/5.0 (compatible; Googlebot/2.1; +http://www.google.com/bot.html)"
66.249.74.43 - - [02/Sep/2013:16:06:34 -0500] "GET / HTTP/1.1" 200 10635 "-" "Mozilla/5.0 (iPhone; U; CPU iPhone OS 4_1 like Mac OS X; en-us) AppleWebKit/532.9 (KHTML, like Gecko) Version/4.0.5 Mobile/8B117 Safari/6531.22.7 (compatible; Googlebot-Mobile/2.1; +http://www.google.com/bot.html)"
66.249.74.43 - - [02/Sep/2013:16:17:16 -0500] "GET /css/global.css HTTP/1.1" 200 13951 "-" "Mozilla/5.0 (compatible; Googlebot/2.1; +http://www.google.com/bot.html)"
66.249.74.43 - - [02/Sep/2013:16:17:18 -0500] "GET /css/style_global.css HTTP/1.1" 200 2621 "-" "Mozilla/5.0 (compatible; Googlebot/2.1; +http://www.google.com/bot.html)"
66.249.74.43 - - [02/Sep/2013:16:17:19 -0500] "GET /slider/css/style.css HTTP/1.1" 200 1379 "-" "Mozilla/5.0 (compatible; Googlebot/2.1; +http://www.google.com/bot.html)"
199.21.99.103 - - [02/Sep/2013:16:20:49 -0500] "GET /pdf/Survival%20Camp%202013%202%20pg%20flyer.pdf HTTP/1.1" 200 781521 "-" "Mozilla/5.0 (compatible; YandexBot/3.0; +http://yandex.com/bots)"
66.249.74.43 - - [02/Sep/2013:16:22:02 -0500] "GET / HTTP/1.1" 200 10635 "-" "SAMSUNG-SGH-E250/1.0 Profile/MIDP-2.0 Configuration/CLDC-1.1 UP.Browser/6.2.3.3.c.1.101 (GUI) MMP/2.0 (compatible; Googlebot-Mobile/2.1; +http://www.google.com/bot.html)"
198.27.68.174 - - [02/Sep/2013:16:27:18 -0500] "POST /aboutus.php HTTP/1.1" 200 11667 "-" "-"
180.76.5.157 - - [02/Sep/2013:17:42:28 -0500] "GET /robots.txt HTTP/1.1" 404 - "-" "Mozilla/5.0 (Windows NT 5.1; rv:6.0.2) Gecko/20100101 Firefox/6.0.2"
157.55.35.89 - - [02/Sep/2013:18:23:31 -0500] "GET /robots.txt HTTP/1.1" 404 - "-" "Mozilla/5.0 (compatible; bingbot/2.0; +http://www.bing.com/bingbot.htm)"
157.55.35.89 - - [02/Sep/2013:18:24:09 -0500] "GET /java_for_joes/index.html HTTP/1.1" 404 - "-" "Mozilla/5.0 (compatible; bingbot/2.0; +http://www.bing.com/bingbot.htm)"
218.30.103.147 - - [02/Sep/2013:18:49:26 -0500] "GET / HTTP/1.1" 200 10635 "-" "Sogou web spider/4.0(+http://www.sogou.com/docs/help/webmasters.htm#07)"
218.30.103.147 - - [02/Sep/2013:18:49:35 -0500] "GET /robots.txt HTTP/1.1" 404 - "-" "Sogou web spider/4.0"
66.249.74.43 - - [02/Sep/2013:19:06:31 -0500] "GET /business.php HTTP/1.1" 200 10813 "-" "Mozilla/5.0 (iPhone; U; CPU iPhone OS 4_1 like Mac OS X; en-us) AppleWebKit/532.9 (KHTML, like Gecko) Version/4.0.5 Mobile/8B117 Safari/6531.22.7 (compatible; Googlebot-Mobile/2.1; +http://www.google.com/bot.html)"
218.30.103.147 - - [02/Sep/2013:19:09:48 -0500] "GET / HTTP/1.1" 200 10635 "-" "Sogou web spider/4.0(+http://www.sogou.com/docs/help/webmasters.htm#07)"
5.10.83.57 - - [02/Sep/2013:19:34:41 -0500] "GET /java_for_joes/index.html?3e3ea140 HTTP/1.1" 404 - "-" "Mozilla/5.0 (compatible; AhrefsBot/5.0; +http://ahrefs.com/robot/)"
5.10.83.72 - - [02/Sep/2013:21:32:50 -0500] "GET /index.php HTTP/1.1" 200 10635 "-" "Mozilla/5.0 (compatible; AhrefsBot/5.0; +http://ahrefs.com/robot/)"
85.25.134.59 - - [02/Sep/2013:22:56:37 -0500] "GET /java_for_joes/index.html HTTP/1.1" 404 - "http://javaforjoe.macinroy.com/javaforjoes.net" "MacInroy Privacy Auditors. See javaforjoes.net's privacy violation report: http://javaforjoes.net.macinroy.com/javaforjoes.net"
5.10.83.92 - - [02/Sep/2013:23:49:27 -0500] "GET /aboutus.php HTTP/1.1" 200 11667 "-" "Mozilla/5.0 (compatible; AhrefsBot/5.0; +http://ahrefs.com/robot/)"
208.115.111.70 - - [02/Sep/2013:23:49:54 -0500] "GET /robots.txt HTTP/1.1" 404 - "-" "Mozilla/5.0 (compatible; Ezooms/1.0; ezooms.bot@gmail.com)"
208.115.111.70 - - [03/Sep/2013:00:49:45 -0500] "GET /aboutus.php HTTP/1.1" 200 11667 "-" "Mozilla/5.0 (compatible; Ezooms/1.0; ezooms.bot@gmail.com)"
208.115.111.70 - - [03/Sep/2013:03:49:12 -0500] "GET /robots.txt HTTP/1.1" 404 - "-" "Mozilla/5.0 (compatible; Ezooms/1.0; ezooms.bot@gmail.com)"
208.115.111.70 - - [03/Sep/2013:03:49:12 -0500] "GET /robots.txt HTTP/1.1" 404 - "-" "Mozilla/5.0 (compatible; Ezooms/1.0; ezooms.bot@gmail.com)"
66.249.74.43 - - [03/Sep/2013:03:57:21 -0500] "GET /robots.txt HTTP/1.1" 404 - "-" "Mozilla/5.0 (compatible; Googlebot/2.1; +http://www.google.com/bot.html)"
66.249.74.43 - - [03/Sep/2013:03:57:22 -0500] "GET / HTTP/1.1" 200 10635 "-" "Mozilla/5.0 (compatible; Googlebot/2.1; +http://www.google.com/bot.html)"
208.115.111.70 - - [03/Sep/2013:04:02:43 -0500] "GET / HTTP/1.1" 200 10635 "-" "Mozilla/5.0 (compatible; Ezooms/1.0; ezooms.bot@gmail.com)"
208.115.111.70 - - [03/Sep/2013:04:50:16 -0500] "GET /events.php HTTP/1.1" 200 6407 "-" "Mozilla/5.0 (compatible; Ezooms/1.0; ezooms.bot@gmail.com)"
66.249.74.43 - - [03/Sep/2013:04:51:52 -0500] "GET /slider/images/imagslider-1.png HTTP/1.1" 200 69960 "-" "Googlebot-Image/1.0"
66.249.74.43 - - [03/Sep/2013:05:01:41 -0500] "GET /events.php HTTP/1.1" 200 6407 "-" "Mozilla/5.0 (iPhone; U; CPU iPhone OS 4_1 like Mac OS X; en-us) AppleWebKit/532.9 (KHTML, like Gecko) Version/4.0.5 Mobile/8B117 Safari/6531.22.7 (compatible; Googlebot-Mobile/2.1; +http://www.google.com/bot.html)"
123.125.71.91 - - [03/Sep/2013:05:20:09 -0500] "GET /robots.txt HTTP/1.1" 404 - "-" "Mozilla/5.0 (compatible; Baiduspider/2.0; +http://www.baidu.com/search/spider.html)"
66.249.74.43 - - [03/Sep/2013:05:58:39 -0500] "GET / HTTP/1.1" 200 10635 "-" "DoCoMo/2.0 N905i(c100;TB;W24H16) (compatible; Googlebot-Mobile/2.1; +http://www.google.com/bot.html)"
157.55.32.146 - - [03/Sep/2013:06:38:08 -0500] "GET /robots.txt HTTP/1.1" 404 - "-" "Mozilla/5.0 (compatible; bingbot/2.0; +http://www.bing.com/bingbot.htm)"
157.55.32.146 - - [03/Sep/2013:06:39:40 -0500] "GET / HTTP/1.1" 200 10635 "-" "Mozilla/5.0 (compatible; bingbot/2.0; +http://www.bing.com/bingbot.htm)"
180.76.5.200 - - [03/Sep/2013:06:52:05 -0500] "GET /slider/css/style.css HTTP/1.1" 200 1379 "-" "Mozilla/5.0 (compatible; Baiduspider/2.0; +http://www.baidu.com/search/spider.html)"
5.10.83.69 - - [03/Sep/2013:06:58:26 -0500] "GET /events.php HTTP/1.1" 200 6407 "-" "Mozilla/5.0 (compatible; AhrefsBot/5.0; +http://ahrefs.com/robot/)"
66.249.73.216 - - [03/Sep/2013:07:08:16 -0500] "GET /robots.txt HTTP/1.1" 404 - "-" "Mozilla/5.0 (compatible; Googlebot/2.1; +http://www.google.com/bot.html)"
66.249.73.216 - - [03/Sep/2013:07:08:17 -0500] "GET /css/slide.css HTTP/1.1" 200 2869 "-" "Mozilla/5.0 (compatible; Googlebot/2.1; +http://www.google.com/bot.html)"
65.55.52.88 - - [03/Sep/2013:07:12:35 -0500] "GET /robots.txt HTTP/1.1" 404 - "-" "Mozilla/5.0 (compatible; bingbot/2.0; +http://www.bing.com/bingbot.htm)"
65.55.52.88 - - [03/Sep/2013:07:12:56 -0500] "GET /java_for_joes/index.html HTTP/1.1" 404 - "-" "Mozilla/5.0 (compatible; bingbot/2.0; +http://www.bing.com/bingbot.htm)"
66.249.73.216 - - [03/Sep/2013:07:56:58 -0500] "GET / HTTP/1.1" 200 10635 "-" "Mozilla/5.0 (compatible; Googlebot/2.1; +http://www.google.com/bot.html)"
66.249.73.216 - - [03/Sep/2013:08:00:37 -0500] "GET /css/footer.css HTTP/1.1" 200 752 "-" "Mozilla/5.0 (compatible; Googlebot/2.1; +http://www.google.com/bot.html)"
46.229.167.149 - - [03/Sep/2013:10:37:11 -0500] "GET / HTTP/1.1" 200 10635 "-" "Mozilla/5.0 (Windows NT 6.1; WOW64; rv:2.0b11pre) Gecko/20110128 Firefox/4.0b11pre"
69.171.247.114 - - [03/Sep/2013:10:46:36 -0500] "GET / HTTP/1.1" 200 10635 "-" "facebookexternalhit/1.1 (+http://www.facebook.com/externalhit_uatext.php)"
173.252.103.118 - - [03/Sep/2013:10:46:39 -0500] "GET /images/facebook.png HTTP/1.1" 200 5004 "-" "facebookexternalhit/1.1 (+http://www.facebook.com/externalhit_uatext.php)"
173.252.103.119 - - [03/Sep/2013:10:46:39 -0500] "GET /images/global.png HTTP/1.1" 200 5737 "-" "facebookexternalhit/1.1 (+http://www.facebook.com/externalhit_uatext.php)"
208.115.111.70 - - [03/Sep/2013:11:47:33 -0500] "GET /robots.txt HTTP/1.1" 404 - "-" "Mozilla/5.0 (compatible; Ezooms/1.0; ezooms.bot@gmail.com)"
208.115.111.70 - - [03/Sep/2013:12:51:01 -0500] "GET /index.php HTTP/1.1" 200 10635 "-" "Mozilla/5.0 (compatible; Ezooms/1.0; ezooms.bot@gmail.com)"
180.76.5.48 - - [03/Sep/2013:12:54:44 -0500] "GET / HTTP/1.1" 200 10635 "-" "Mozilla/5.0 (compatible; Baiduspider/2.0; +http://www.baidu.com/search/spider.html)"
5.10.83.57 - - [03/Sep/2013:13:02:15 -0500] "GET /donate.php HTTP/1.1" 200 11699 "-" "Mozilla/5.0 (compatible; AhrefsBot/5.0; +http://ahrefs.com/robot/)"
198.238.197.51 - - [03/Sep/2013:13:59:24 -0500] "GET / HTTP/1.1" 200 10635 "https://www.facebook.com/" "Mozilla/4.0 (compatible; MSIE 8.0; Windows NT 6.1; Trident/4.0; GTB7.5; chromeframe/29.0.1547.57; SLCC2; .NET CLR 2.0.50727; .NET CLR 3.5.30729; .NET CLR 3.0.30729; Media Center PC 6.0; .NET4.0C; InfoPath.3; Tablet PC 2.0)"
198.238.197.51 - - [03/Sep/2013:13:59:24 -0500] "GET /images/facebook.png HTTP/1.1" 200 5004 "http://www.operationspokaneheroes.org/" "Mozilla/4.0 (compatible; MSIE 8.0; Windows NT 6.1; Trident/4.0; GTB7.5; chromeframe/29.0.1547.57; SLCC2; .NET CLR 2.0.50727; .NET CLR 3.5.30729; .NET CLR 3.0.30729; Media Center PC 6.0; .NET4.0C; InfoPath.3; Tablet PC 2.0)"
198.238.197.51 - - [03/Sep/2013:13:59:24 -0500] "GET /images/global.png HTTP/1.1" 200 5737 "http://www.operationspokaneheroes.org/" "Mozilla/4.0 (compatible; MSIE 8.0; Windows NT 6.1; Trident/4.0; GTB7.5; chromeframe/29.0.1547.57; SLCC2; .NET CLR 2.0.50727; .NET CLR 3.5.30729; .NET CLR 3.0.30729; Media Center PC 6.0; .NET4.0C; InfoPath.3; Tablet PC 2.0)"
198.238.197.51 - - [03/Sep/2013:13:59:24 -0500] "GET /images/contacticon.png HTTP/1.1" 200 4499 "http://www.operationspokaneheroes.org/" "Mozilla/4.0 (compatible; MSIE 8.0; Windows NT 6.1; Trident/4.0; GTB7.5; chromeframe/29.0.1547.57; SLCC2; .NET CLR 2.0.50727; .NET CLR 3.5.30729; .NET CLR 3.0.30729; Media Center PC 6.0; .NET4.0C; InfoPath.3; Tablet PC 2.0)"
198.238.197.51 - - [03/Sep/2013:13:59:24 -0500] "GET /css/footer.css HTTP/1.1" 200 752 "http://www.operationspokaneheroes.org/" "Mozilla/4.0 (compatible; MSIE 8.0; Windows NT 6.1; Trident/4.0; GTB7.5; chromeframe/29.0.1547.57; SLCC2; .NET CLR 2.0.50727; .NET CLR 3.5.30729; .NET CLR 3.0.30729; Media Center PC 6.0; .NET4.0C; InfoPath.3; Tablet PC 2.0)"
198.238.197.51 - - [03/Sep/2013:13:59:24 -0500] "GET /css/global.css HTTP/1.1" 200 13951 "http://www.operationspokaneheroes.org/" "Mozilla/4.0 (compatible; MSIE 8.0; Windows NT 6.1; Trident/4.0; GTB7.5; chromeframe/29.0.1547.57; SLCC2; .NET CLR 2.0.50727; .NET CLR 3.5.30729; .NET CLR 3.0.30729; Media Center PC 6.0; .NET4.0C; InfoPath.3; Tablet PC 2.0)"
198.238.197.51 - - [03/Sep/2013:13:59:25 -0500] "GET /mainbk.png HTTP/1.1" 200 290 "http://www.operationspokaneheroes.org/" "Mozilla/4.0 (compatible; MSIE 8.0; Windows NT 6.1; Trident/4.0; GTB7.5; chromeframe/29.0.1547.57; SLCC2; .NET CLR 2.0.50727; .NET CLR 3.5.30729; .NET CLR 3.0.30729; Media Center PC 6.0; .NET4.0C; InfoPath.3; Tablet PC 2.0)"
198.238.197.51 - - [03/Sep/2013:13:59:25 -0500] "GET /slider/index.html HTTP/1.1" 200 2900 "http://www.operationspokaneheroes.org/" "Mozilla/4.0 (compatible; MSIE 8.0; Windows NT 6.1; Trident/4.0; GTB7.5; chromeframe/29.0.1547.57; SLCC2; .NET CLR 2.0.50727; .NET CLR 3.5.30729; .NET CLR 3.0.30729; Media Center PC 6.0; .NET4.0C; InfoPath.3; Tablet PC 2.0)"
198.238.197.51 - - [03/Sep/2013:13:59:25 -0500] "GET /images/nav2.jpg HTTP/1.1" 200 4444 "http://www.operationspokaneheroes.org/" "Mozilla/4.0 (compatible; MSIE 8.0; Windows NT 6.1; Trident/4.0; GTB7.5; chromeframe/29.0.1547.57; SLCC2; .NET CLR 2.0.50727; .NET CLR 3.5.30729; .NET CLR 3.0.30729; Media Center PC 6.0; .NET4.0C; InfoPath.3; Tablet PC 2.0)"
198.238.197.51 - - [03/Sep/2013:13:59:25 -0500] "GET /_inc/slide.php HTTP/1.1" 200 3205 "http://www.operationspokaneheroes.org/" "Mozilla/4.0 (compatible; MSIE 8.0; Windows NT 6.1; Trident/4.0; GTB7.5; chromeframe/29.0.1547.57; SLCC2; .NET CLR 2.0.50727; .NET CLR 3.5.30729; .NET CLR 3.0.30729; Media Center PC 6.0; .NET4.0C; InfoPath.3; Tablet PC 2.0)"
198.238.197.51 - - [03/Sep/2013:13:59:25 -0500] "GET /slider/css/style.css HTTP/1.1" 200 1379 "http://www.operationspokaneheroes.org/slider/index.html" "Mozilla/4.0 (compatible; MSIE 8.0; Windows NT 6.1; Trident/4.0; GTB7.5; chromeframe/29.0.1547.57; SLCC2; .NET CLR 2.0.50727; .NET CLR 3.5.30729; .NET CLR 3.0.30729; Media Center PC 6.0; .NET4.0C; InfoPath.3; Tablet PC 2.0)"
198.238.197.51 - - [03/Sep/2013:13:59:25 -0500] "GET /slider/js/jquery-1.2.6.js HTTP/1.1" 200 100196 "http://www.operationspokaneheroes.org/slider/index.html" "Mozilla/4.0 (compatible; MSIE 8.0; Windows NT 6.1; Trident/4.0; GTB7.5; chromeframe/29.0.1547.57; SLCC2; .NET CLR 2.0.50727; .NET CLR 3.5.30729; .NET CLR 3.0.30729; Media Center PC 6.0; .NET4.0C; InfoPath.3; Tablet PC 2.0)"
198.238.197.51 - - [03/Sep/2013:13:59:25 -0500] "GET /slider/js/startstop-slider.js HTTP/1.1" 200 1737 "http://www.operationspokaneheroes.org/slider/index.html" "Mozilla/4.0 (compatible; MSIE 8.0; Windows NT 6.1; Trident/4.0; GTB7.5; chromeframe/29.0.1547.57; SLCC2; .NET CLR 2.0.50727; .NET CLR 3.5.30729; .NET CLR 3.0.30729; Media Center PC 6.0; .NET4.0C; InfoPath.3; Tablet PC 2.0)"
198.238.197.51 - - [03/Sep/2013:13:59:25 -0500] "GET /images/bg2.jpg HTTP/1.1" 200 55206 "http://www.operationspokaneheroes.org/" "Mozilla/4.0 (compatible; MSIE 8.0; Windows NT 6.1; Trident/4.0; GTB7.5; chromeframe/29.0.1547.57; SLCC2; .NET CLR 2.0.50727; .NET CLR 3.5.30729; .NET CLR 3.0.30729; Media Center PC 6.0; .NET4.0C; InfoPath.3; Tablet PC 2.0)"
198.238.197.51 - - [03/Sep/2013:13:59:25 -0500] "GET /slider/css/style.css HTTP/1.1" 200 1379 "http://www.operationspokaneheroes.org/slider/index.html" "Mozilla/4.0 (compatible; MSIE 8.0; Windows NT 6.1; Trident/4.0; GTB7.5; chromeframe/29.0.1547.57; SLCC2; .NET CLR 2.0.50727; .NET CLR 3.5.30729; .NET CLR 3.0.30729; Media Center PC 6.0; .NET4.0C; InfoPath.3; Tablet PC 2.0)"
198.238.197.51 - - [03/Sep/2013:13:59:25 -0500] "GET /css/style_global.css HTTP/1.1" 200 2621 "http://www.operationspokaneheroes.org/_inc/slide.php" "Mozilla/4.0 (compatible; MSIE 8.0; Windows NT 6.1; Trident/4.0; GTB7.5; chromeframe/29.0.1547.57; SLCC2; .NET CLR 2.0.50727; .NET CLR 3.5.30729; .NET CLR 3.0.30729; Media Center PC 6.0; .NET4.0C; InfoPath.3; Tablet PC 2.0)"
198.238.197.51 - - [03/Sep/2013:13:59:25 -0500] "GET /css/slide.css HTTP/1.1" 200 2869 "http://www.operationspokaneheroes.org/_inc/slide.php" "Mozilla/4.0 (compatible; MSIE 8.0; Windows NT 6.1; Trident/4.0; GTB7.5; chromeframe/29.0.1547.57; SLCC2; .NET CLR 2.0.50727; .NET CLR 3.5.30729; .NET CLR 3.0.30729; Media Center PC 6.0; .NET4.0C; InfoPath.3; Tablet PC 2.0)"
198.238.197.51 - - [03/Sep/2013:13:59:24 -0500] "GET /images/logo.png HTTP/1.1" 200 226129 "http://www.operationspokaneheroes.org/" "Mozilla/4.0 (compatible; MSIE 8.0; Windows NT 6.1; Trident/4.0; GTB7.5; chromeframe/29.0.1547.57; SLCC2; .NET CLR 2.0.50727; .NET CLR 3.5.30729; .NET CLR 3.0.30729; Media Center PC 6.0; .NET4.0C; InfoPath.3; Tablet PC 2.0)"
198.238.197.51 - - [03/Sep/2013:13:59:25 -0500] "GET /slider/js/jquery-1.2.6.js HTTP/1.1" 200 100196 "http://www.operationspokaneheroes.org/slider/index.html" "Mozilla/4.0 (compatible; MSIE 8.0; Windows NT 6.1; Trident/4.0; GTB7.5; chromeframe/29.0.1547.57; SLCC2; .NET CLR 2.0.50727; .NET CLR 3.5.30729; .NET CLR 3.0.30729; Media Center PC 6.0; .NET4.0C; InfoPath.3; Tablet PC 2.0)"
198.238.197.51 - - [03/Sep/2013:13:59:25 -0500] "GET /js/combined.js HTTP/1.1" 200 169946 "http://www.operationspokaneheroes.org/_inc/slide.php" "Mozilla/4.0 (compatible; MSIE 8.0; Windows NT 6.1; Trident/4.0; GTB7.5; chromeframe/29.0.1547.57; SLCC2; .NET CLR 2.0.50727; .NET CLR 3.5.30729; .NET CLR 3.0.30729; Media Center PC 6.0; .NET4.0C; InfoPath.3; Tablet PC 2.0)"
198.238.197.51 - - [03/Sep/2013:13:59:25 -0500] "GET /slider/js/startstop-slider.js HTTP/1.1" 200 1737 "http://www.operationspokaneheroes.org/slider/index.html" "Mozilla/4.0 (compatible; MSIE 8.0; Windows NT 6.1; Trident/4.0; GTB7.5; chromeframe/29.0.1547.57; SLCC2; .NET CLR 2.0.50727; .NET CLR 3.5.30729; .NET CLR 3.0.30729; Media Center PC 6.0; .NET4.0C; InfoPath.3; Tablet PC 2.0)"
198.238.197.51 - - [03/Sep/2013:13:59:25 -0500] "GET /images/we_help.png HTTP/1.1" 200 1514 "http://www.operationspokaneheroes.org/_inc/slide.php" "Mozilla/4.0 (compatible; MSIE 8.0; Windows NT 6.1; Trident/4.0; GTB7.5; chromeframe/29.0.1547.57; SLCC2; .NET CLR 2.0.50727; .NET CLR 3.5.30729; .NET CLR 3.0.30729; Media Center PC 6.0; .NET4.0C; InfoPath.3; Tablet PC 2.0)"
198.238.197.51 - - [03/Sep/2013:13:59:25 -0500] "GET /images/we_need.png HTTP/1.1" 200 2138 "http://www.operationspokaneheroes.org/_inc/slide.php" "Mozilla/4.0 (compatible; MSIE 8.0; Windows NT 6.1; Trident/4.0; GTB7.5; chromeframe/29.0.1547.57; SLCC2; .NET CLR 2.0.50727; .NET CLR 3.5.30729; .NET CLR 3.0.30729; Media Center PC 6.0; .NET4.0C; InfoPath.3; Tablet PC 2.0)"
198.238.197.51 - - [03/Sep/2013:13:59:25 -0500] "GET /images/we_strive.png HTTP/1.1" 200 1981 "http://www.operationspokaneheroes.org/_inc/slide.php" "Mozilla/4.0 (compatible; MSIE 8.0; Windows NT 6.1; Trident/4.0; GTB7.5; chromeframe/29.0.1547.57; SLCC2; .NET CLR 2.0.50727; .NET CLR 3.5.30729; .NET CLR 3.0.30729; Media Center PC 6.0; .NET4.0C; InfoPath.3; Tablet PC 2.0)"
198.238.197.51 - - [03/Sep/2013:13:59:25 -0500] "GET /images/1.jpg HTTP/1.1" 200 142489 "http://www.operationspokaneheroes.org/_inc/slide.php" "Mozilla/4.0 (compatible; MSIE 8.0; Windows NT 6.1; Trident/4.0; GTB7.5; chromeframe/29.0.1547.57; SLCC2; .NET CLR 2.0.50727; .NET CLR 3.5.30729; .NET CLR 3.0.30729; Media Center PC 6.0; .NET4.0C; InfoPath.3; Tablet PC 2.0)"
198.238.197.51 - - [03/Sep/2013:13:59:25 -0500] "GET /images/we_believe.png HTTP/1.1" 200 1785 "http://www.operationspokaneheroes.org/_inc/slide.php" "Mozilla/4.0 (compatible; MSIE 8.0; Windows NT 6.1; Trident/4.0; GTB7.5; chromeframe/29.0.1547.57; SLCC2; .NET CLR 2.0.50727; .NET CLR 3.5.30729; .NET CLR 3.0.30729; Media Center PC 6.0; .NET4.0C; InfoPath.3; Tablet PC 2.0)"
198.238.197.51 - - [03/Sep/2013:13:59:25 -0500] "GET /images/mission_statement_bg.png HTTP/1.1" 200 11413 "http://www.operationspokaneheroes.org/_inc/slide.php" "Mozilla/4.0 (compatible; MSIE 8.0; Windows NT 6.1; Trident/4.0; GTB7.5; chromeframe/29.0.1547.57; SLCC2; .NET CLR 2.0.50727; .NET CLR 3.5.30729; .NET CLR 3.0.30729; Media Center PC 6.0; .NET4.0C; InfoPath.3; Tablet PC 2.0)"
198.238.197.51 - - [03/Sep/2013:13:59:25 -0500] "GET /images/slder2.png HTTP/1.1" 200 32853 "http://www.operationspokaneheroes.org/slider/index.html" "Mozilla/4.0 (compatible; MSIE 8.0; Windows NT 6.1; Trident/4.0; GTB7.5; chromeframe/29.0.1547.57; SLCC2; .NET CLR 2.0.50727; .NET CLR 3.5.30729; .NET CLR 3.0.30729; Media Center PC 6.0; .NET4.0C; InfoPath.3; Tablet PC 2.0)"
198.238.197.51 - - [03/Sep/2013:13:59:25 -0500] "GET /images/3.jpg HTTP/1.1" 200 240733 "http://www.operationspokaneheroes.org/_inc/slide.php" "Mozilla/4.0 (compatible; MSIE 8.0; Windows NT 6.1; Trident/4.0; GTB7.5; chromeframe/29.0.1547.57; SLCC2; .NET CLR 2.0.50727; .NET CLR 3.5.30729; .NET CLR 3.0.30729; Media Center PC 6.0; .NET4.0C; InfoPath.3; Tablet PC 2.0)"
198.238.197.51 - - [03/Sep/2013:13:59:25 -0500] "GET /assets/images/btn_top_search_hover.png HTTP/1.1" 404 - "http://www.operationspokaneheroes.org/_inc/slide.php" "Mozilla/4.0 (compatible; MSIE 8.0; Windows NT 6.1; Trident/4.0; GTB7.5; chromeframe/29.0.1547.57; SLCC2; .NET CLR 2.0.50727; .NET CLR 3.5.30729; .NET CLR 3.0.30729; Media Center PC 6.0; .NET4.0C; InfoPath.3; Tablet PC 2.0)"
198.238.197.51 - - [03/Sep/2013:13:59:25 -0500] "GET /assets/images/btn_main_search_hover.png HTTP/1.1" 404 - "http://www.operationspokaneheroes.org/_inc/slide.php" "Mozilla/4.0 (compatible; MSIE 8.0; Windows NT 6.1; Trident/4.0; GTB7.5; chromeframe/29.0.1547.57; SLCC2; .NET CLR 2.0.50727; .NET CLR 3.5.30729; .NET CLR 3.0.30729; Media Center PC 6.0; .NET4.0C; InfoPath.3; Tablet PC 2.0)"
198.238.197.51 - - [03/Sep/2013:13:59:25 -0500] "GET /images/2.jpg HTTP/1.1" 200 170993 "http://www.operationspokaneheroes.org/_inc/slide.php" "Mozilla/4.0 (compatible; MSIE 8.0; Windows NT 6.1; Trident/4.0; GTB7.5; chromeframe/29.0.1547.57; SLCC2; .NET CLR 2.0.50727; .NET CLR 3.5.30729; .NET CLR 3.0.30729; Media Center PC 6.0; .NET4.0C; InfoPath.3; Tablet PC 2.0)"
198.238.197.51 - - [03/Sep/2013:13:59:26 -0500] "GET /slider/images/slider-bg.jpg HTTP/1.1" 200 3447 "http://www.operationspokaneheroes.org/slider/index.html" "Mozilla/4.0 (compatible; MSIE 8.0; Windows NT 6.1; Trident/4.0; GTB7.5; chromeframe/29.0.1547.57; SLCC2; .NET CLR 2.0.50727; .NET CLR 3.5.30729; .NET CLR 3.0.30729; Media Center PC 6.0; .NET4.0C; InfoPath.3; Tablet PC 2.0)"
198.238.197.51 - - [03/Sep/2013:13:59:25 -0500] "GET /slider/images/imagslider-1.png HTTP/1.1" 200 69960 "http://www.operationspokaneheroes.org/slider/index.html" "Mozilla/4.0 (compatible; MSIE 8.0; Windows NT 6.1; Trident/4.0; GTB7.5; chromeframe/29.0.1547.57; SLCC2; .NET CLR 2.0.50727; .NET CLR 3.5.30729; .NET CLR 3.0.30729; Media Center PC 6.0; .NET4.0C; InfoPath.3; Tablet PC 2.0)"
198.238.197.51 - - [03/Sep/2013:13:59:25 -0500] "GET /slider/images/imagslider-2.png HTTP/1.1" 200 62889 "http://www.operationspokaneheroes.org/slider/index.html" "Mozilla/4.0 (compatible; MSIE 8.0; Windows NT 6.1; Trident/4.0; GTB7.5; chromeframe/29.0.1547.57; SLCC2; .NET CLR 2.0.50727; .NET CLR 3.5.30729; .NET CLR 3.0.30729; Media Center PC 6.0; .NET4.0C; InfoPath.3; Tablet PC 2.0)"
