66.249.73.216 - - [30/Jun/2013:18:44:33 -0500] "GET /pdf/2013%20Salute%20Armed%20Forces.pdf HTTP/1.1" 304 - "-" "Mozilla/5.0 (compatible; Googlebot/2.1; +http://www.google.com/bot.html)"
92.249.127.111 - - [30/Jun/2013:19:03:10 -0500] "GET / HTTP/1.1" 200 10635 "http://www.greatrussia.com/" "Mozilla/5.0 (compatible; news bot /2.1)"
92.249.127.111 - - [30/Jun/2013:19:03:11 -0500] "GET / HTTP/1.1" 200 10635 "http://www.greatrussia.com/" "Mozilla/5.0 (compatible; news bot /2.1)"
142.0.133.44 - - [30/Jun/2013:19:18:38 -0500] "GET /aboutus.php HTTP/1.0" 200 11667 "http://operationspokaneheroes.org/aboutus.php" "Mozilla/5.0 (Windows NT 6.1) AppleWebKit/537.11 (KHTML, like Gecko) Chrome/23.0.1271.91 Safari/537.11"
92.249.127.111 - - [30/Jun/2013:19:25:32 -0500] "GET / HTTP/1.1" 200 10635 "http://matearticle.3bb.ru/" "Mozilla/5.0 (compatible; news bot /2.1)"
92.249.127.111 - - [30/Jun/2013:19:25:33 -0500] "GET / HTTP/1.1" 200 10635 "http://matearticle.3bb.ru/" "Mozilla/5.0 (compatible; news bot /2.1)"
199.21.99.103 - - [30/Jun/2013:19:27:43 -0500] "GET /images/contacticon.png HTTP/1.1" 200 4499 "-" "Mozilla/5.0 (compatible; YandexImages/3.0; +http://yandex.com/bots)"
66.249.73.216 - - [30/Jun/2013:19:36:00 -0500] "GET / HTTP/1.1" 200 10635 "-" "DoCoMo/2.0 N905i(c100;TB;W24H16) (compatible; Googlebot-Mobile/2.1; +http://www.google.com/bot.html)"
180.76.5.167 - - [30/Jun/2013:19:37:06 -0500] "GET / HTTP/1.1" 200 10635 "-" "Mozilla/5.0 (compatible; Baiduspider/2.0; +http://www.baidu.com/search/spider.html)"
208.115.111.70 - - [30/Jun/2013:19:53:40 -0500] "GET /robots.txt HTTP/1.1" 404 - "-" "Mozilla/5.0 (compatible; Ezooms/1.0; ezooms.bot@gmail.com)"
208.115.111.70 - - [30/Jun/2013:20:04:44 -0500] "GET /java_for_joes/index.html?2110d400 HTTP/1.1" 404 - "-" "Mozilla/5.0 (compatible; Ezooms/1.0; ezooms.bot@gmail.com)"
88.190.47.233 - - [30/Jun/2013:20:12:42 -0500] "GET /aboutus.php HTTP/1.0" 200 11667 "http://operationspokaneheroes.org/aboutus.php" "Opera/9.80 (Windows NT 5.1; MRA 6.0 (build 5998)) Presto/2.12.388 Version/12.11"
199.21.99.103 - - [30/Jun/2013:20:27:57 -0500] "GET /images/facebook.png HTTP/1.1" 200 5004 "-" "Mozilla/5.0 (compatible; YandexImages/3.0; +http://yandex.com/bots)"
142.0.129.109 - - [30/Jun/2013:20:37:21 -0500] "GET /aboutus.php HTTP/1.0" 200 11667 "http://operationspokaneheroes.org/aboutus.php" "Mozilla/5.0 (Windows NT 6.1; WOW64) AppleWebKit/535.19 (KHTML, like Gecko) Chrome/18.0.1025.152 Safari/535.19 CoolNovo/2.0.3.55"
199.21.99.103 - - [30/Jun/2013:20:49:37 -0500] "GET /images/freedom_friday_click_here.png HTTP/1.1" 304 - "-" "Mozilla/5.0 (compatible; YandexImages/3.0; +http://yandex.com/bots)"
157.55.33.146 - - [30/Jun/2013:21:16:50 -0500] "GET /robots.txt HTTP/1.1" 404 - "-" "Mozilla/5.0 (compatible; bingbot/2.0; +http://www.bing.com/bingbot.htm)"
157.55.33.146 - - [30/Jun/2013:21:24:54 -0500] "GET /calendar.php HTTP/1.1" 200 10644 "-" "Mozilla/5.0 (compatible; bingbot/2.0; +http://www.bing.com/bingbot.htm)"
199.21.99.103 - - [30/Jun/2013:21:53:08 -0500] "GET /images/logo.png HTTP/1.1" 200 226129 "-" "Mozilla/5.0 (compatible; YandexImages/3.0; +http://yandex.com/bots)"
173.252.110.119 - - [30/Jun/2013:22:00:20 -0500] "GET /images/logo.png HTTP/1.1" 200 226129 "-" "facebookexternalhit/1.1 (+http://www.facebook.com/externalhit_uatext.php)"
66.249.73.216 - - [30/Jun/2013:22:00:38 -0500] "GET /pdf/easter.jpg HTTP/1.1" 304 - "-" "Googlebot-Image/1.0"
199.21.99.103 - - [30/Jun/2013:22:17:02 -0500] "GET /events/Brittanycozza-.png HTTP/1.1" 304 - "-" "Mozilla/5.0 (compatible; YandexImages/3.0; +http://yandex.com/bots)"
199.21.99.103 - - [30/Jun/2013:22:28:13 -0500] "GET /images/global.png HTTP/1.1" 200 5737 "-" "Mozilla/5.0 (compatible; YandexImages/3.0; +http://yandex.com/bots)"
37.58.52.15 - - [30/Jun/2013:23:14:50 -0500] "GET /robots.txt HTTP/1.0" 404 - "-" "Mozilla/5.0 (compatible; AcoonBot/4.11.1; +http://www.acoon.de/robot.asp)"
37.58.52.15 - - [30/Jun/2013:23:14:50 -0500] "GET / HTTP/1.0" 200 10635 "-" "Mozilla/5.0 (compatible; AcoonBot/4.11.1; +http://www.acoon.de/robot.asp)"
157.55.35.114 - - [30/Jun/2013:23:32:20 -0500] "GET /robots.txt HTTP/1.1" 404 - "-" "Mozilla/5.0 (compatible; bingbot/2.0; +http://www.bing.com/bingbot.htm)"
157.55.35.114 - - [30/Jun/2013:23:33:43 -0500] "GET /freedom.php HTTP/1.1" 200 11227 "-" "Mozilla/5.0 (compatible; bingbot/2.0; +http://www.bing.com/bingbot.htm)"
220.181.108.140 - - [30/Jun/2013:23:37:12 -0500] "GET /cgi-sys/defaultwebpage.cgi HTTP/1.1" 200 3477 "-" "Mozilla/5.0 (compatible; Baiduspider/2.0; +http://www.baidu.com/search/spider.html)"
157.56.93.40 - - [01/Jul/2013:00:06:18 -0500] "GET / HTTP/1.1" 200 10635 "-" "Mozilla/5.0 (compatible; bingbot/2.0; +http://www.bing.com/bingbot.htm)"
66.249.73.53 - - [01/Jul/2013:00:09:50 -0500] "GET / HTTP/1.1" 200 10635 "-" "Mozilla/5.0 (iPhone; U; CPU iPhone OS 4_1 like Mac OS X; en-us) AppleWebKit/532.9 (KHTML, like Gecko) Version/4.0.5 Mobile/8B117 Safari/6531.22.7 (compatible; Googlebot-Mobile/2.1; +http://www.google.com/bot.html)"
66.249.73.216 - - [01/Jul/2013:00:20:52 -0500] "GET / HTTP/1.1" 200 10635 "-" "Mozilla/5.0 (iPhone; U; CPU iPhone OS 4_1 like Mac OS X; en-us) AppleWebKit/532.9 (KHTML, like Gecko) Version/4.0.5 Mobile/8B117 Safari/6531.22.7 (compatible; Googlebot-Mobile/2.1; +http://www.google.com/bot.html)"
65.55.215.60 - - [01/Jul/2013:01:06:22 -0500] "GET /robots.txt HTTP/1.1" 404 - "-" "msnbot-media/1.1 (+http://search.msn.com/msnbot.htm)"
65.55.215.60 - - [01/Jul/2013:01:06:22 -0500] "GET /pdf/buck%20knife.jpg HTTP/1.1" 200 36530 "-" "msnbot-media/1.1 (+http://search.msn.com/msnbot.htm)"
157.56.92.159 - - [01/Jul/2013:01:20:47 -0500] "GET /robots.txt HTTP/1.1" 404 - "-" "Mozilla/5.0 (compatible; bingbot/2.0; +http://www.bing.com/bingbot.htm)"
157.56.93.40 - - [01/Jul/2013:01:53:19 -0500] "GET / HTTP/1.1" 200 10635 "-" "Mozilla/5.0 (compatible; bingbot/2.0; +http://www.bing.com/bingbot.htm)"
157.56.92.159 - - [01/Jul/2013:02:13:53 -0500] "GET /java_for_joes/index.html HTTP/1.1" 404 - "-" "Mozilla/5.0 (compatible; bingbot/2.0; +http://www.bing.com/bingbot.htm)"
112.205.151.220 - - [01/Jul/2013:02:38:55 -0500] "GET / HTTP/1.1" 200 10635 "http://www.google.com.ph/url?sa=t&rct=j&q=operation%20heroes&source=web&cd=9&cad=rja&ved=0CFIQFjAI&url=http%3A%2F%2Foperationspokaneheroes.org%2F&ei=CjLRUcb6CuiSiAf66YGgAg&usg=AFQjCNGGuKExGUEgtWK2o7s2b3sBxGCH3Q&bvm=bv.48572450,d.aGc" "Mozilla/5.0 (Windows NT 5.1; rv:7.0.1) Gecko/20100101 Firefox/7.0.1"
112.205.151.220 - - [01/Jul/2013:02:38:56 -0500] "GET /images/global.png HTTP/1.1" 200 5737 "http://operationspokaneheroes.org/" "Mozilla/5.0 (Windows NT 5.1; rv:7.0.1) Gecko/20100101 Firefox/7.0.1"
112.205.151.220 - - [01/Jul/2013:02:38:56 -0500] "GET /images/contacticon.png HTTP/1.1" 200 4499 "http://operationspokaneheroes.org/" "Mozilla/5.0 (Windows NT 5.1; rv:7.0.1) Gecko/20100101 Firefox/7.0.1"
112.205.151.220 - - [01/Jul/2013:02:38:56 -0500] "GET /_inc/slide.php HTTP/1.1" 200 3205 "http://operationspokaneheroes.org/" "Mozilla/5.0 (Windows NT 5.1; rv:7.0.1) Gecko/20100101 Firefox/7.0.1"
112.205.151.220 - - [01/Jul/2013:02:38:56 -0500] "GET /slider/index.html HTTP/1.1" 200 2952 "http://operationspokaneheroes.org/" "Mozilla/5.0 (Windows NT 5.1; rv:7.0.1) Gecko/20100101 Firefox/7.0.1"
112.205.151.220 - - [01/Jul/2013:02:38:56 -0500] "GET /css/global.css HTTP/1.1" 200 13951 "http://operationspokaneheroes.org/" "Mozilla/5.0 (Windows NT 5.1; rv:7.0.1) Gecko/20100101 Firefox/7.0.1"
112.205.151.220 - - [01/Jul/2013:02:38:56 -0500] "GET /css/footer.css HTTP/1.1" 200 752 "http://operationspokaneheroes.org/" "Mozilla/5.0 (Windows NT 5.1; rv:7.0.1) Gecko/20100101 Firefox/7.0.1"
112.205.151.220 - - [01/Jul/2013:02:38:57 -0500] "GET /css/slide.css HTTP/1.1" 200 2869 "http://operationspokaneheroes.org/_inc/slide.php" "Mozilla/5.0 (Windows NT 5.1; rv:7.0.1) Gecko/20100101 Firefox/7.0.1"
112.205.151.220 - - [01/Jul/2013:02:38:57 -0500] "GET /css/style_global.css HTTP/1.1" 200 2621 "http://operationspokaneheroes.org/_inc/slide.php" "Mozilla/5.0 (Windows NT 5.1; rv:7.0.1) Gecko/20100101 Firefox/7.0.1"
112.205.151.220 - - [01/Jul/2013:02:38:57 -0500] "GET /slider/css/style.css HTTP/1.1" 200 1379 "http://operationspokaneheroes.org/slider/index.html" "Mozilla/5.0 (Windows NT 5.1; rv:7.0.1) Gecko/20100101 Firefox/7.0.1"
112.205.151.220 - - [01/Jul/2013:02:38:57 -0500] "GET /images/facebook.png HTTP/1.1" 200 5004 "http://operationspokaneheroes.org/" "Mozilla/5.0 (Windows NT 5.1; rv:7.0.1) Gecko/20100101 Firefox/7.0.1"
112.205.151.220 - - [01/Jul/2013:02:38:57 -0500] "GET /slider/js/startstop-slider.js HTTP/1.1" 200 1737 "http://operationspokaneheroes.org/slider/index.html" "Mozilla/5.0 (Windows NT 5.1; rv:7.0.1) Gecko/20100101 Firefox/7.0.1"
112.205.151.220 - - [01/Jul/2013:02:38:57 -0500] "GET /images/imagslider-6.png HTTP/1.1" 200 37295 "http://operationspokaneheroes.org/slider/index.html" "Mozilla/5.0 (Windows NT 5.1; rv:7.0.1) Gecko/20100101 Firefox/7.0.1"
112.205.151.220 - - [01/Jul/2013:02:38:57 -0500] "GET /slider/js/jquery-1.2.6.js HTTP/1.1" 200 100196 "http://operationspokaneheroes.org/slider/index.html" "Mozilla/5.0 (Windows NT 5.1; rv:7.0.1) Gecko/20100101 Firefox/7.0.1"
112.205.151.220 - - [01/Jul/2013:02:38:57 -0500] "GET /images/imagslider-1.png HTTP/1.1" 200 53651 "http://operationspokaneheroes.org/slider/index.html" "Mozilla/5.0 (Windows NT 5.1; rv:7.0.1) Gecko/20100101 Firefox/7.0.1"
112.205.151.220 - - [01/Jul/2013:02:38:58 -0500] "GET /images/slder2.png HTTP/1.1" 200 32853 "http://operationspokaneheroes.org/slider/index.html" "Mozilla/5.0 (Windows NT 5.1; rv:7.0.1) Gecko/20100101 Firefox/7.0.1"
112.205.151.220 - - [01/Jul/2013:02:38:56 -0500] "GET /images/logo.png HTTP/1.1" 200 226129 "http://operationspokaneheroes.org/" "Mozilla/5.0 (Windows NT 5.1; rv:7.0.1) Gecko/20100101 Firefox/7.0.1"
112.205.151.220 - - [01/Jul/2013:02:38:57 -0500] "GET /images/imagslider-5.png HTTP/1.1" 200 65260 "http://operationspokaneheroes.org/slider/index.html" "Mozilla/5.0 (Windows NT 5.1; rv:7.0.1) Gecko/20100101 Firefox/7.0.1"
112.205.151.220 - - [01/Jul/2013:02:38:57 -0500] "GET /js/combined.js HTTP/1.1" 200 169946 "http://operationspokaneheroes.org/_inc/slide.php" "Mozilla/5.0 (Windows NT 5.1; rv:7.0.1) Gecko/20100101 Firefox/7.0.1"
112.205.151.220 - - [01/Jul/2013:02:38:59 -0500] "GET /images/bg2.jpg HTTP/1.1" 200 55206 "http://operationspokaneheroes.org/css/global.css" "Mozilla/5.0 (Windows NT 5.1; rv:7.0.1) Gecko/20100101 Firefox/7.0.1"
112.205.151.220 - - [01/Jul/2013:02:38:59 -0500] "GET /images/nav2.jpg HTTP/1.1" 200 4444 "http://operationspokaneheroes.org/" "Mozilla/5.0 (Windows NT 5.1; rv:7.0.1) Gecko/20100101 Firefox/7.0.1"
112.205.151.220 - - [01/Jul/2013:02:38:59 -0500] "GET /mainbk.png HTTP/1.1" 200 290 "http://operationspokaneheroes.org/" "Mozilla/5.0 (Windows NT 5.1; rv:7.0.1) Gecko/20100101 Firefox/7.0.1"
112.205.151.220 - - [01/Jul/2013:02:38:59 -0500] "GET /slider/images/slider-bg.jpg HTTP/1.1" 200 3447 "http://operationspokaneheroes.org/slider/css/style.css" "Mozilla/5.0 (Windows NT 5.1; rv:7.0.1) Gecko/20100101 Firefox/7.0.1"
112.205.151.220 - - [01/Jul/2013:02:39:01 -0500] "GET /images/we_believe.png HTTP/1.1" 200 1785 "http://operationspokaneheroes.org/css/slide.css" "Mozilla/5.0 (Windows NT 5.1; rv:7.0.1) Gecko/20100101 Firefox/7.0.1"
112.205.151.220 - - [01/Jul/2013:02:39:01 -0500] "GET /images/mission_statement_bg.png HTTP/1.1" 200 11413 "http://operationspokaneheroes.org/css/slide.css" "Mozilla/5.0 (Windows NT 5.1; rv:7.0.1) Gecko/20100101 Firefox/7.0.1"
112.205.151.220 - - [01/Jul/2013:02:39:01 -0500] "GET /images/we_strive.png HTTP/1.1" 200 1981 "http://operationspokaneheroes.org/css/slide.css" "Mozilla/5.0 (Windows NT 5.1; rv:7.0.1) Gecko/20100101 Firefox/7.0.1"
112.205.151.220 - - [01/Jul/2013:02:39:01 -0500] "GET /images/we_help.png HTTP/1.1" 200 1514 "http://operationspokaneheroes.org/css/slide.css" "Mozilla/5.0 (Windows NT 5.1; rv:7.0.1) Gecko/20100101 Firefox/7.0.1"
112.205.151.220 - - [01/Jul/2013:02:39:01 -0500] "GET /images/we_need.png HTTP/1.1" 200 2138 "http://operationspokaneheroes.org/css/slide.css" "Mozilla/5.0 (Windows NT 5.1; rv:7.0.1) Gecko/20100101 Firefox/7.0.1"
112.205.151.220 - - [01/Jul/2013:02:39:01 -0500] "GET /assets/images/btn_top_search_hover.png HTTP/1.1" 404 - "http://operationspokaneheroes.org/_inc/slide.php" "Mozilla/5.0 (Windows NT 5.1; rv:7.0.1) Gecko/20100101 Firefox/7.0.1"
112.205.151.220 - - [01/Jul/2013:02:39:01 -0500] "GET /assets/images/btn_main_search_hover.png HTTP/1.1" 404 - "http://operationspokaneheroes.org/_inc/slide.php" "Mozilla/5.0 (Windows NT 5.1; rv:7.0.1) Gecko/20100101 Firefox/7.0.1"
112.205.151.220 - - [01/Jul/2013:02:39:01 -0500] "GET /images/2.jpg HTTP/1.1" 200 170993 "http://operationspokaneheroes.org/_inc/slide.php" "Mozilla/5.0 (Windows NT 5.1; rv:7.0.1) Gecko/20100101 Firefox/7.0.1"
112.205.151.220 - - [01/Jul/2013:02:39:01 -0500] "GET /images/3.jpg HTTP/1.1" 200 240733 "http://operationspokaneheroes.org/_inc/slide.php" "Mozilla/5.0 (Windows NT 5.1; rv:7.0.1) Gecko/20100101 Firefox/7.0.1"
112.205.151.220 - - [01/Jul/2013:02:39:01 -0500] "GET /images/4.jpg HTTP/1.1" 200 186934 "http://operationspokaneheroes.org/_inc/slide.php" "Mozilla/5.0 (Windows NT 5.1; rv:7.0.1) Gecko/20100101 Firefox/7.0.1"
112.205.151.220 - - [01/Jul/2013:02:39:01 -0500] "GET /images/1.jpg HTTP/1.1" 200 142489 "http://operationspokaneheroes.org/_inc/slide.php" "Mozilla/5.0 (Windows NT 5.1; rv:7.0.1) Gecko/20100101 Firefox/7.0.1"
112.205.151.220 - - [01/Jul/2013:02:39:05 -0500] "GET /favicon.ico HTTP/1.1" 404 - "-" "Mozilla/5.0 (Windows NT 5.1; rv:7.0.1) Gecko/20100101 Firefox/7.0.1"
112.205.151.220 - - [01/Jul/2013:02:39:06 -0500] "GET /favicon.ico HTTP/1.1" 404 - "-" "Mozilla/5.0 (Windows NT 5.1; rv:7.0.1) Gecko/20100101 Firefox/7.0.1"
66.249.73.53 - - [01/Jul/2013:03:11:17 -0500] "GET /robots.txt HTTP/1.1" 404 - "-" "Mozilla/5.0 (compatible; Googlebot/2.1; +http://www.google.com/bot.html)"
66.249.73.53 - - [01/Jul/2013:03:16:49 -0500] "GET /slider/css/style.css HTTP/1.1" 200 1379 "-" "Mozilla/5.0 (compatible; Googlebot/2.1; +http://www.google.com/bot.html)"
66.249.73.53 - - [01/Jul/2013:03:16:53 -0500] "GET /css/slide.css HTTP/1.1" 200 2869 "-" "Mozilla/5.0 (compatible; Googlebot/2.1; +http://www.google.com/bot.html)"
66.249.73.53 - - [01/Jul/2013:03:17:00 -0500] "GET /css/footer.css HTTP/1.1" 200 752 "-" "Mozilla/5.0 (compatible; Googlebot/2.1; +http://www.google.com/bot.html)"
66.249.73.53 - - [01/Jul/2013:03:17:03 -0500] "GET /css/global.css HTTP/1.1" 200 13951 "-" "Mozilla/5.0 (compatible; Googlebot/2.1; +http://www.google.com/bot.html)"
66.249.73.53 - - [01/Jul/2013:03:17:05 -0500] "GET /css/style_global.css HTTP/1.1" 200 2621 "-" "Mozilla/5.0 (compatible; Googlebot/2.1; +http://www.google.com/bot.html)"
198.27.82.154 - - [01/Jul/2013:03:22:04 -0500] "GET /robots.txt HTTP/1.1" 404 - "-" "Mozilla/5.0 (compatible; meanpathbot/1.0; +http://www.meanpath.com/meanpathbot.html)"
198.27.82.154 - - [01/Jul/2013:03:22:04 -0500] "GET / HTTP/1.1" 200 10635 "-" "Mozilla/5.0 (compatible; meanpathbot/1.0; +http://www.meanpath.com/meanpathbot.html)"
66.249.73.216 - - [01/Jul/2013:03:25:04 -0500] "GET /robots.txt HTTP/1.1" 404 - "-" "Mozilla/5.0 (compatible; Googlebot/2.1; +http://www.google.com/bot.html)"
66.249.73.216 - - [01/Jul/2013:03:25:04 -0500] "GET /events.php HTTP/1.1" 200 6407 "-" "Mozilla/5.0 (iPhone; U; CPU iPhone OS 4_1 like Mac OS X; en-us) AppleWebKit/532.9 (KHTML, like Gecko) Version/4.0.5 Mobile/8B117 Safari/6531.22.7 (compatible; Googlebot-Mobile/2.1; +http://www.google.com/bot.html)"
157.56.92.159 - - [01/Jul/2013:03:26:30 -0500] "GET /robots.txt HTTP/1.1" 404 - "-" "Mozilla/5.0 (compatible; bingbot/2.0; +http://www.bing.com/bingbot.htm)"
27.159.201.192 - - [01/Jul/2013:03:53:32 -0500] "GET /aboutus.php HTTP/1.1" 200 11667 "-" "Mozilla/4.0 (compatible; MSIE 6.0; Windows NT 5.1)"
157.56.92.159 - - [01/Jul/2013:04:16:20 -0500] "GET /resources.php HTTP/1.1" 200 10398 "-" "Mozilla/5.0 (compatible; bingbot/2.0; +http://www.bing.com/bingbot.htm)"
5.1.21.200 - - [01/Jul/2013:04:44:10 -0500] "GET / HTTP/1.0" 200 10635 "-" "Mozilla/4.0 (compatible; MSIE 6.0; Windows NT 5.1)"
66.249.73.216 - - [01/Jul/2013:05:14:24 -0500] "GET /events.php HTTP/1.1" 200 6407 "-" "SAMSUNG-SGH-E250/1.0 Profile/MIDP-2.0 Configuration/CLDC-1.1 UP.Browser/6.2.3.3.c.1.101 (GUI) MMP/2.0 (compatible; Googlebot-Mobile/2.1; +http://www.google.com/bot.html)"
66.249.73.216 - - [01/Jul/2013:06:38:10 -0500] "GET /business.php HTTP/1.1" 200 10813 "-" "DoCoMo/2.0 N905i(c100;TB;W24H16) (compatible; Googlebot-Mobile/2.1; +http://www.google.com/bot.html)"
88.190.47.233 - - [01/Jul/2013:06:57:53 -0500] "GET /aboutus.php HTTP/1.0" 200 11667 "http://operationspokaneheroes.org/aboutus.php" "Mozilla/5.0 (Macintosh; Intel Mac OS X 10_6_8) AppleWebKit/537.11 (KHTML, like Gecko) Chrome/23.0.1271.64 Safari/537.11"
88.190.47.234 - - [01/Jul/2013:07:10:40 -0500] "GET /aboutus.php HTTP/1.0" 200 11667 "http://operationspokaneheroes.org/aboutus.php" "Mozilla/5.0 (Windows NT 6.0) AppleWebKit/537.11 (KHTML, like Gecko) Chrome/23.0.1271.64 Safari/537.11"
88.190.47.234 - - [01/Jul/2013:07:14:02 -0500] "GET /aboutus.php HTTP/1.0" 200 11667 "http://operationspokaneheroes.org/aboutus.php" "Mozilla/5.0 (Windows NT 5.1; rv:12.0) Gecko/20100101 Firefox/12.0"
88.190.47.234 - - [01/Jul/2013:07:42:02 -0500] "GET /aboutus.php HTTP/1.0" 200 11667 "http://operationspokaneheroes.org/aboutus.php" "Opera/9.80 (Windows NT 6.1; Edition Yx) Presto/2.12.388 Version/12.10"
157.56.92.159 - - [01/Jul/2013:09:02:53 -0500] "GET /robots.txt HTTP/1.1" 404 - "-" "Mozilla/5.0 (compatible; bingbot/2.0; +http://www.bing.com/bingbot.htm)"
157.56.92.159 - - [01/Jul/2013:09:16:16 -0500] "GET /pdf/Invite%20for%20vets%20listening%20session%20%28mm%20edits%29.pdf HTTP/1.1" 404 - "-" "Mozilla/5.0 (compatible; bingbot/2.0; +http://www.bing.com/bingbot.htm)"
157.56.92.159 - - [01/Jul/2013:09:44:26 -0500] "GET /pdf/Invite%20for%20vets%20listening%20session%20%28mm%20edits%29.pdf HTTP/1.1" 404 - "-" "Mozilla/5.0 (compatible; bingbot/2.0; +http://www.bing.com/bingbot.htm)"
157.55.35.114 - - [01/Jul/2013:09:58:12 -0500] "GET /pdf/MCL%20Breakfast%20-%20February%202012.pdf HTTP/1.1" 404 - "-" "Mozilla/5.0 (compatible; bingbot/2.0; +http://www.bing.com/bingbot.htm)"
180.76.5.183 - - [01/Jul/2013:09:59:04 -0500] "GET /aboutus.php HTTP/1.1" 200 11667 "-" "Mozilla/5.0 (compatible; Baiduspider/2.0; +http://www.baidu.com/search/spider.html)"
78.158.11.226 - - [01/Jul/2013:11:56:33 -0500] "GET / HTTP/1.1" 200 10635 "http://evuln.com/tools/malware-scanner/operationspokaneheroes.org/" "Lynx/2.8.5rel.1 libwww-FM/2.15FC SSL-MM/1.4.1c OpenSSL/0.9.7e-dev"
78.158.11.226 - - [01/Jul/2013:11:56:34 -0500] "GET / HTTP/1.1" 200 10635 "http://www.google.com/url?sa=t&rct=j&q=operationspokaneheroes.org&source=web&cd=5&ved=0CF0QFjAE&url=http:%2F%2Foperationspokaneheroes.org%2F&cad=rja" "Lynx/2.8.5rel.1 libwww-FM/2.15FC SSL-MM/1.4.1c OpenSSL/0.9.7e-dev"
78.158.11.226 - - [01/Jul/2013:11:56:34 -0500] "GET /contact.php HTTP/1.1" 200 10519 "http://operationspokaneheroes.org/" "Lynx/2.8.5rel.1 libwww-FM/2.15FC SSL-MM/1.4.1c OpenSSL/0.9.7e-dev"
78.158.11.226 - - [01/Jul/2013:11:56:35 -0500] "GET /java_for_joes/index.html HTTP/1.1" 404 - "-" "Lynx/2.8.5rel.1 libwww-FM/2.15FC SSL-MM/1.4.1c OpenSSL/0.9.7e-dev"
157.56.93.40 - - [01/Jul/2013:12:00:17 -0500] "GET /robots.txt HTTP/1.1" 404 - "-" "Mozilla/5.0 (compatible; bingbot/2.0; +http://www.bing.com/bingbot.htm)"
157.56.93.40 - - [01/Jul/2013:12:03:26 -0500] "GET / HTTP/1.1" 200 10635 "-" "Mozilla/5.0 (compatible; bingbot/2.0; +http://www.bing.com/bingbot.htm)"
97.115.174.188 - - [01/Jul/2013:12:12:08 -0500] "GET / HTTP/1.1" 200 10635 "http://www.google.com/url?sa=t&rct=j&q=&esrc=s&source=web&cd=1&ved=0CDAQFjAA&url=http%3A%2F%2Foperationspokaneheroes.org%2F&ei=LbjRUd_QHMekyQGJzIFo&usg=AFQjCNGGuKExGUEgtWK2o7s2b3sBxGCH3Q&sig2=M-K_0SiWR5yvWL3T6oRXoQ&bvm=bv.48572450,d.aWc" "Mozilla/5.0 (Windows NT 6.1; WOW64; rv:22.0) Gecko/20100101 Firefox/22.0"
97.115.174.188 - - [01/Jul/2013:12:12:08 -0500] "GET /css/global.css HTTP/1.1" 304 - "http://operationspokaneheroes.org/" "Mozilla/5.0 (Windows NT 6.1; WOW64; rv:22.0) Gecko/20100101 Firefox/22.0"
97.115.174.188 - - [01/Jul/2013:12:12:08 -0500] "GET /images/logo.png HTTP/1.1" 304 - "http://operationspokaneheroes.org/" "Mozilla/5.0 (Windows NT 6.1; WOW64; rv:22.0) Gecko/20100101 Firefox/22.0"
97.115.174.188 - - [01/Jul/2013:12:12:08 -0500] "GET /images/contacticon.png HTTP/1.1" 304 - "http://operationspokaneheroes.org/" "Mozilla/5.0 (Windows NT 6.1; WOW64; rv:22.0) Gecko/20100101 Firefox/22.0"
97.115.174.188 - - [01/Jul/2013:12:12:08 -0500] "GET /css/footer.css HTTP/1.1" 304 - "http://operationspokaneheroes.org/" "Mozilla/5.0 (Windows NT 6.1; WOW64; rv:22.0) Gecko/20100101 Firefox/22.0"
97.115.174.188 - - [01/Jul/2013:12:12:08 -0500] "GET /images/global.png HTTP/1.1" 304 - "http://operationspokaneheroes.org/" "Mozilla/5.0 (Windows NT 6.1; WOW64; rv:22.0) Gecko/20100101 Firefox/22.0"
97.115.174.188 - - [01/Jul/2013:12:12:09 -0500] "GET /images/facebook.png HTTP/1.1" 304 - "http://operationspokaneheroes.org/" "Mozilla/5.0 (Windows NT 6.1; WOW64; rv:22.0) Gecko/20100101 Firefox/22.0"
97.115.174.188 - - [01/Jul/2013:12:12:09 -0500] "GET /images/bg2.jpg HTTP/1.1" 304 - "http://operationspokaneheroes.org/css/global.css" "Mozilla/5.0 (Windows NT 6.1; WOW64; rv:22.0) Gecko/20100101 Firefox/22.0"
97.115.174.188 - - [01/Jul/2013:12:12:09 -0500] "GET /mainbk.png HTTP/1.1" 304 - "http://operationspokaneheroes.org/" "Mozilla/5.0 (Windows NT 6.1; WOW64; rv:22.0) Gecko/20100101 Firefox/22.0"
97.115.174.188 - - [01/Jul/2013:12:12:09 -0500] "GET /images/nav2.jpg HTTP/1.1" 304 - "http://operationspokaneheroes.org/" "Mozilla/5.0 (Windows NT 6.1; WOW64; rv:22.0) Gecko/20100101 Firefox/22.0"
97.115.174.188 - - [01/Jul/2013:12:12:09 -0500] "GET /_inc/slide.php HTTP/1.1" 200 3205 "http://operationspokaneheroes.org/" "Mozilla/5.0 (Windows NT 6.1; WOW64; rv:22.0) Gecko/20100101 Firefox/22.0"
97.115.174.188 - - [01/Jul/2013:12:12:09 -0500] "GET /assets/images/btn_top_search_hover.png HTTP/1.1" 404 - "http://operationspokaneheroes.org/_inc/slide.php" "Mozilla/5.0 (Windows NT 6.1; WOW64; rv:22.0) Gecko/20100101 Firefox/22.0"
97.115.174.188 - - [01/Jul/2013:12:12:09 -0500] "GET /assets/images/btn_main_search_hover.png HTTP/1.1" 404 - "http://operationspokaneheroes.org/_inc/slide.php" "Mozilla/5.0 (Windows NT 6.1; WOW64; rv:22.0) Gecko/20100101 Firefox/22.0"
97.115.174.188 - - [01/Jul/2013:12:12:11 -0500] "GET /favicon.ico HTTP/1.1" 404 - "-" "Mozilla/5.0 (Windows NT 6.1; WOW64; rv:22.0) Gecko/20100101 Firefox/22.0"
97.115.174.188 - - [01/Jul/2013:12:12:41 -0500] "GET /calendar.php HTTP/1.1" 200 10644 "http://operationspokaneheroes.org/" "Mozilla/5.0 (Windows NT 6.1; WOW64; rv:22.0) Gecko/20100101 Firefox/22.0"
97.115.174.188 - - [01/Jul/2013:12:12:41 -0500] "GET /_inc/slide.php HTTP/1.1" 200 3205 "http://operationspokaneheroes.org/calendar.php" "Mozilla/5.0 (Windows NT 6.1; WOW64; rv:22.0) Gecko/20100101 Firefox/22.0"
97.115.174.188 - - [01/Jul/2013:12:12:42 -0500] "GET /assets/images/btn_top_search_hover.png HTTP/1.1" 404 - "http://operationspokaneheroes.org/_inc/slide.php" "Mozilla/5.0 (Windows NT 6.1; WOW64; rv:22.0) Gecko/20100101 Firefox/22.0"
97.115.174.188 - - [01/Jul/2013:12:12:42 -0500] "GET /assets/images/btn_main_search_hover.png HTTP/1.1" 404 - "http://operationspokaneheroes.org/_inc/slide.php" "Mozilla/5.0 (Windows NT 6.1; WOW64; rv:22.0) Gecko/20100101 Firefox/22.0"
97.115.174.188 - - [01/Jul/2013:12:13:09 -0500] "GET /index.php HTTP/1.1" 200 10635 "http://operationspokaneheroes.org/calendar.php" "Mozilla/5.0 (Windows NT 6.1; WOW64; rv:22.0) Gecko/20100101 Firefox/22.0"
97.115.174.188 - - [01/Jul/2013:12:13:10 -0500] "GET /_inc/slide.php HTTP/1.1" 200 3205 "http://operationspokaneheroes.org/index.php" "Mozilla/5.0 (Windows NT 6.1; WOW64; rv:22.0) Gecko/20100101 Firefox/22.0"
97.115.174.188 - - [01/Jul/2013:12:13:10 -0500] "GET /assets/images/btn_top_search_hover.png HTTP/1.1" 404 - "http://operationspokaneheroes.org/_inc/slide.php" "Mozilla/5.0 (Windows NT 6.1; WOW64; rv:22.0) Gecko/20100101 Firefox/22.0"
97.115.174.188 - - [01/Jul/2013:12:13:10 -0500] "GET /assets/images/btn_main_search_hover.png HTTP/1.1" 404 - "http://operationspokaneheroes.org/_inc/slide.php" "Mozilla/5.0 (Windows NT 6.1; WOW64; rv:22.0) Gecko/20100101 Firefox/22.0"
192.74.241.220 - - [01/Jul/2013:12:33:04 -0500] "GET /aboutus.php HTTP/1.0" 200 11667 "http://operationspokaneheroes.org/aboutus.php" "Opera/9.80 (Windows NT 6.1; WOW64; MRA 6.0 (build 5998)) Presto/2.12.388 Version/12.10"
66.249.73.216 - - [01/Jul/2013:12:52:30 -0500] "GET /pdf/2013%20Salute%20Armed%20Forces.pdf HTTP/1.1" 304 - "-" "Mozilla/5.0 (iPhone; U; CPU iPhone OS 4_1 like Mac OS X; en-us) AppleWebKit/532.9 (KHTML, like Gecko) Version/4.0.5 Mobile/8B117 Safari/6531.22.7 (compatible; Googlebot-Mobile/2.1; +http://www.google.com/bot.html)"
66.249.73.216 - - [01/Jul/2013:12:57:44 -0500] "GET / HTTP/1.1" 200 10635 "-" "Mozilla/5.0 (compatible; Googlebot/2.1; +http://www.google.com/bot.html)"
66.249.73.216 - - [01/Jul/2013:13:05:49 -0500] "GET /slider/css/style.css HTTP/1.1" 200 1379 "-" "Mozilla/5.0 (compatible; Googlebot/2.1; +http://www.google.com/bot.html)"
66.249.73.216 - - [01/Jul/2013:13:05:56 -0500] "GET /css/slide.css HTTP/1.1" 200 2869 "-" "Mozilla/5.0 (compatible; Googlebot/2.1; +http://www.google.com/bot.html)"
66.249.73.216 - - [01/Jul/2013:13:06:01 -0500] "GET /css/style_global.css HTTP/1.1" 200 2621 "-" "Mozilla/5.0 (compatible; Googlebot/2.1; +http://www.google.com/bot.html)"
218.30.103.147 - - [01/Jul/2013:13:06:03 -0500] "GET / HTTP/1.1" 200 10635 "-" "Sogou web spider/4.0(+http://www.sogou.com/docs/help/webmasters.htm#07)"
66.249.73.216 - - [01/Jul/2013:13:06:05 -0500] "GET /css/footer.css HTTP/1.1" 200 752 "-" "Mozilla/5.0 (compatible; Googlebot/2.1; +http://www.google.com/bot.html)"
218.30.103.147 - - [01/Jul/2013:13:06:06 -0500] "GET /robots.txt HTTP/1.1" 404 - "-" "Sogou web spider/4.0"
74.118.176.2 - - [01/Jul/2013:13:12:07 -0500] "GET / HTTP/1.1" 200 10635 "-" "Mozilla/5.0 (compatible; MSIE 10.0; Windows NT 6.1; WOW64; Trident/6.0)"
74.118.176.2 - - [01/Jul/2013:13:12:08 -0500] "GET /images/contacticon.png HTTP/1.1" 200 4499 "http://operationspokaneheroes.org/" "Mozilla/5.0 (compatible; MSIE 10.0; Windows NT 6.1; WOW64; Trident/6.0)"
74.118.176.2 - - [01/Jul/2013:13:12:08 -0500] "GET /images/global.png HTTP/1.1" 200 5737 "http://operationspokaneheroes.org/" "Mozilla/5.0 (compatible; MSIE 10.0; Windows NT 6.1; WOW64; Trident/6.0)"
74.118.176.2 - - [01/Jul/2013:13:12:08 -0500] "GET /images/facebook.png HTTP/1.1" 200 5004 "http://operationspokaneheroes.org/" "Mozilla/5.0 (compatible; MSIE 10.0; Windows NT 6.1; WOW64; Trident/6.0)"
74.118.176.2 - - [01/Jul/2013:13:12:08 -0500] "GET /css/footer.css HTTP/1.1" 200 752 "http://operationspokaneheroes.org/" "Mozilla/5.0 (compatible; MSIE 10.0; Windows NT 6.1; WOW64; Trident/6.0)"
74.118.176.2 - - [01/Jul/2013:13:12:08 -0500] "GET /css/global.css HTTP/1.1" 200 13951 "http://operationspokaneheroes.org/" "Mozilla/5.0 (compatible; MSIE 10.0; Windows NT 6.1; WOW64; Trident/6.0)"
74.118.176.2 - - [01/Jul/2013:13:12:08 -0500] "GET /images/nav2.jpg HTTP/1.1" 200 4444 "http://operationspokaneheroes.org/" "Mozilla/5.0 (compatible; MSIE 10.0; Windows NT 6.1; WOW64; Trident/6.0)"
74.118.176.2 - - [01/Jul/2013:13:12:08 -0500] "GET /slider/index.html HTTP/1.1" 200 2952 "http://operationspokaneheroes.org/" "Mozilla/5.0 (compatible; MSIE 10.0; Windows NT 6.1; WOW64; Trident/6.0)"
74.118.176.2 - - [01/Jul/2013:13:12:08 -0500] "GET /mainbk.png HTTP/1.1" 200 290 "http://operationspokaneheroes.org/" "Mozilla/5.0 (compatible; MSIE 10.0; Windows NT 6.1; WOW64; Trident/6.0)"
74.118.176.2 - - [01/Jul/2013:13:12:08 -0500] "GET /_inc/slide.php HTTP/1.1" 200 3205 "http://operationspokaneheroes.org/" "Mozilla/5.0 (compatible; MSIE 10.0; Windows NT 6.1; WOW64; Trident/6.0)"
74.118.176.2 - - [01/Jul/2013:13:12:08 -0500] "GET /slider/css/style.css HTTP/1.1" 200 1379 "http://operationspokaneheroes.org/slider/index.html" "Mozilla/5.0 (compatible; MSIE 10.0; Windows NT 6.1; WOW64; Trident/6.0)"
74.118.176.2 - - [01/Jul/2013:13:12:08 -0500] "GET /slider/js/startstop-slider.js HTTP/1.1" 200 1737 "http://operationspokaneheroes.org/slider/index.html" "Mozilla/5.0 (compatible; MSIE 10.0; Windows NT 6.1; WOW64; Trident/6.0)"
74.118.176.2 - - [01/Jul/2013:13:12:08 -0500] "GET /images/bg2.jpg HTTP/1.1" 200 55206 "http://operationspokaneheroes.org/" "Mozilla/5.0 (compatible; MSIE 10.0; Windows NT 6.1; WOW64; Trident/6.0)"
74.118.176.2 - - [01/Jul/2013:13:12:09 -0500] "GET /images/slder2.png HTTP/1.1" 200 32853 "http://operationspokaneheroes.org/slider/index.html" "Mozilla/5.0 (compatible; MSIE 10.0; Windows NT 6.1; WOW64; Trident/6.0)"
74.118.176.2 - - [01/Jul/2013:13:12:08 -0500] "GET /images/imagslider-6.png HTTP/1.1" 200 37295 "http://operationspokaneheroes.org/slider/index.html" "Mozilla/5.0 (compatible; MSIE 10.0; Windows NT 6.1; WOW64; Trident/6.0)"
74.118.176.2 - - [01/Jul/2013:13:12:08 -0500] "GET /slider/js/jquery-1.2.6.js HTTP/1.1" 200 100196 "http://operationspokaneheroes.org/slider/index.html" "Mozilla/5.0 (compatible; MSIE 10.0; Windows NT 6.1; WOW64; Trident/6.0)"
74.118.176.2 - - [01/Jul/2013:13:12:08 -0500] "GET /images/imagslider-1.png HTTP/1.1" 200 53651 "http://operationspokaneheroes.org/slider/index.html" "Mozilla/5.0 (compatible; MSIE 10.0; Windows NT 6.1; WOW64; Trident/6.0)"
74.118.176.2 - - [01/Jul/2013:13:12:09 -0500] "GET /css/style_global.css HTTP/1.1" 200 2621 "http://operationspokaneheroes.org/_inc/slide.php" "Mozilla/5.0 (compatible; MSIE 10.0; Windows NT 6.1; WOW64; Trident/6.0)"
74.118.176.2 - - [01/Jul/2013:13:12:09 -0500] "GET /css/slide.css HTTP/1.1" 200 2869 "http://operationspokaneheroes.org/_inc/slide.php" "Mozilla/5.0 (compatible; MSIE 10.0; Windows NT 6.1; WOW64; Trident/6.0)"
74.118.176.2 - - [01/Jul/2013:13:12:08 -0500] "GET /images/logo.png HTTP/1.1" 200 226129 "http://operationspokaneheroes.org/" "Mozilla/5.0 (compatible; MSIE 10.0; Windows NT 6.1; WOW64; Trident/6.0)"
74.118.176.2 - - [01/Jul/2013:13:12:08 -0500] "GET /images/imagslider-5.png HTTP/1.1" 200 65260 "http://operationspokaneheroes.org/slider/index.html" "Mozilla/5.0 (compatible; MSIE 10.0; Windows NT 6.1; WOW64; Trident/6.0)"
74.118.176.2 - - [01/Jul/2013:13:12:09 -0500] "GET /slider/images/slider-bg.jpg HTTP/1.1" 200 3447 "http://operationspokaneheroes.org/slider/index.html" "Mozilla/5.0 (compatible; MSIE 10.0; Windows NT 6.1; WOW64; Trident/6.0)"
74.118.176.2 - - [01/Jul/2013:13:12:09 -0500] "GET /js/combined.js HTTP/1.1" 200 169946 "http://operationspokaneheroes.org/_inc/slide.php" "Mozilla/5.0 (compatible; MSIE 10.0; Windows NT 6.1; WOW64; Trident/6.0)"
74.118.176.2 - - [01/Jul/2013:13:12:09 -0500] "GET /assets/images/btn_top_search_hover.png HTTP/1.1" 404 - "http://operationspokaneheroes.org/_inc/slide.php" "Mozilla/5.0 (compatible; MSIE 10.0; Windows NT 6.1; WOW64; Trident/6.0)"
74.118.176.2 - - [01/Jul/2013:13:12:09 -0500] "GET /assets/images/btn_main_search_hover.png HTTP/1.1" 404 - "http://operationspokaneheroes.org/_inc/slide.php" "Mozilla/5.0 (compatible; MSIE 10.0; Windows NT 6.1; WOW64; Trident/6.0)"
74.118.176.2 - - [01/Jul/2013:13:12:09 -0500] "GET /images/we_believe.png HTTP/1.1" 200 1785 "http://operationspokaneheroes.org/_inc/slide.php" "Mozilla/5.0 (compatible; MSIE 10.0; Windows NT 6.1; WOW64; Trident/6.0)"
74.118.176.2 - - [01/Jul/2013:13:12:09 -0500] "GET /images/we_strive.png HTTP/1.1" 200 1981 "http://operationspokaneheroes.org/_inc/slide.php" "Mozilla/5.0 (compatible; MSIE 10.0; Windows NT 6.1; WOW64; Trident/6.0)"
74.118.176.2 - - [01/Jul/2013:13:12:09 -0500] "GET /images/mission_statement_bg.png HTTP/1.1" 200 11413 "http://operationspokaneheroes.org/_inc/slide.php" "Mozilla/5.0 (compatible; MSIE 10.0; Windows NT 6.1; WOW64; Trident/6.0)"
74.118.176.2 - - [01/Jul/2013:13:12:09 -0500] "GET /favicon.ico HTTP/1.1" 404 - "-" "Mozilla/5.0 (compatible; MSIE 10.0; Windows NT 6.1; WOW64; Trident/6.0)"
74.118.176.2 - - [01/Jul/2013:13:12:10 -0500] "GET /images/we_help.png HTTP/1.1" 200 1514 "http://operationspokaneheroes.org/_inc/slide.php" "Mozilla/5.0 (compatible; MSIE 10.0; Windows NT 6.1; WOW64; Trident/6.0)"
74.118.176.2 - - [01/Jul/2013:13:12:10 -0500] "GET /images/we_need.png HTTP/1.1" 200 2138 "http://operationspokaneheroes.org/_inc/slide.php" "Mozilla/5.0 (compatible; MSIE 10.0; Windows NT 6.1; WOW64; Trident/6.0)"
74.118.176.2 - - [01/Jul/2013:13:12:10 -0500] "GET /images/1.jpg HTTP/1.1" 200 142489 "http://operationspokaneheroes.org/_inc/slide.php" "Mozilla/5.0 (compatible; MSIE 10.0; Windows NT 6.1; WOW64; Trident/6.0)"
74.118.176.2 - - [01/Jul/2013:13:12:10 -0500] "GET /images/3.jpg HTTP/1.1" 200 240733 "http://operationspokaneheroes.org/_inc/slide.php" "Mozilla/5.0 (compatible; MSIE 10.0; Windows NT 6.1; WOW64; Trident/6.0)"
74.118.176.2 - - [01/Jul/2013:13:12:09 -0500] "GET /images/4.jpg HTTP/1.1" 200 186934 "http://operationspokaneheroes.org/_inc/slide.php" "Mozilla/5.0 (compatible; MSIE 10.0; Windows NT 6.1; WOW64; Trident/6.0)"
74.118.176.2 - - [01/Jul/2013:13:12:09 -0500] "GET /images/2.jpg HTTP/1.1" 200 170993 "http://operationspokaneheroes.org/_inc/slide.php" "Mozilla/5.0 (compatible; MSIE 10.0; Windows NT 6.1; WOW64; Trident/6.0)"
66.249.73.53 - - [01/Jul/2013:13:23:59 -0500] "GET /robots.txt HTTP/1.1" 404 - "-" "Mozilla/5.0 (compatible; Googlebot/2.1; +http://www.google.com/bot.html)"
88.190.47.232 - - [01/Jul/2013:13:40:12 -0500] "GET /aboutus.php HTTP/1.0" 200 11667 "http://operationspokaneheroes.org/aboutus.php" "Mozilla/5.0 (Windows; U; Windows NT 6.1; en-US) AppleWebKit/533.4 (KHTML, like Gecko) Iron/5.0.381.0 Chrome/5.0.381 Safari/533.4"
157.56.93.40 - - [01/Jul/2013:14:06:20 -0500] "GET /robots.txt HTTP/1.1" 404 - "-" "Mozilla/5.0 (compatible; bingbot/2.0; +http://www.bing.com/bingbot.htm)"
157.56.93.40 - - [01/Jul/2013:14:07:44 -0500] "GET / HTTP/1.1" 200 10635 "-" "Mozilla/5.0 (compatible; bingbot/2.0; +http://www.bing.com/bingbot.htm)"
218.30.103.147 - - [01/Jul/2013:14:09:13 -0500] "GET / HTTP/1.1" 200 10635 "-" "Sogou web spider/4.0(+http://www.sogou.com/docs/help/webmasters.htm#07)"
180.76.5.153 - - [01/Jul/2013:14:28:26 -0500] "GET /pdf/ HTTP/1.1" 200 3969 "-" "Mozilla/5.0 (compatible; Baiduspider/2.0; +http://www.baidu.com/search/spider.html)"
180.76.5.11 - - [01/Jul/2013:14:31:24 -0500] "GET /robots.txt HTTP/1.1" 404 - "-" "Mozilla/5.0 (Windows NT 5.1; rv:6.0.2) Gecko/20100101 Firefox/6.0.2"
69.171.242.115 - - [01/Jul/2013:14:37:31 -0500] "GET /images/logo.png HTTP/1.1" 200 226129 "-" "facebookexternalhit/1.1 (+http://www.facebook.com/externalhit_uatext.php)"
142.0.133.44 - - [01/Jul/2013:14:57:35 -0500] "GET /aboutus.php HTTP/1.0" 200 11667 "http://operationspokaneheroes.org/aboutus.php" "Opera/9.80 (Windows NT 6.1; WOW64) Presto/2.12.388 Version/12.10"
199.30.20.22 - - [01/Jul/2013:15:59:50 -0500] "GET /robots.txt HTTP/1.1" 404 - "-" "msnbot-media/1.1 (+http://search.msn.com/msnbot.htm)"
199.30.20.22 - - [01/Jul/2013:15:59:51 -0500] "GET /images/imagslider-2.png HTTP/1.1" 200 60039 "-" "msnbot-media/1.1 (+http://search.msn.com/msnbot.htm)"
123.151.148.195 - - [01/Jul/2013:16:45:09 -0500] "GET /robots.txt HTTP/1.1" 404 - "-" "Mozilla/5.0(compatible;Sosospider/2.0;+http://help.soso.com/webspider.htm)"
66.249.73.216 - - [01/Jul/2013:17:47:48 -0500] "GET /robots.txt HTTP/1.1" 404 - "-" "Mozilla/5.0 (compatible; Googlebot/2.1; +http://www.google.com/bot.html)"
66.249.73.216 - - [01/Jul/2013:17:47:49 -0500] "GET /events/oif/images/16.jpg HTTP/1.1" 304 - "-" "Googlebot-Image/1.0"
88.190.61.100 - - [01/Jul/2013:18:22:47 -0500] "GET /aboutus.php HTTP/1.0" 200 11667 "http://operationspokaneheroes.org/aboutus.php" "Opera/9.80 (Windows NT 5.1; U; ru) Presto/2.10.289 Version/12.00"
199.30.20.90 - - [01/Jul/2013:18:44:55 -0500] "GET /robots.txt HTTP/1.1" 404 - "-" "msnbot-media/1.1 (+http://search.msn.com/msnbot.htm)"
199.30.20.90 - - [01/Jul/2013:18:44:55 -0500] "GET /images/imagslider-7.png HTTP/1.1" 200 69144 "-" "msnbot-media/1.1 (+http://search.msn.com/msnbot.htm)"
95.211.209.103 - - [01/Jul/2013:18:51:22 -0500] "GET /pdf/Operation%20Wings%20of%20Hope%20-%20Kids.pdf\r HTTP/1.1" 200 34092 "-" "Mozilla/5.0 (Windows NT 5.1) AppleWebKit/537.22 (KHTML, like Gecko) Chrome/25.0.1364.172 Safari/537.22"
95.211.209.103 - - [01/Jul/2013:18:51:22 -0500] "GET /pdf/veteran_benefits.pdf\r HTTP/1.1" 200 111163 "-" "Mozilla/5.0 (Windows NT 5.1) AppleWebKit/537.22 (KHTML, like Gecko) Chrome/25.0.1364.172 Safari/537.22"
157.55.32.146 - - [01/Jul/2013:19:24:24 -0500] "GET /robots.txt HTTP/1.1" 404 - "-" "Mozilla/5.0 (compatible; bingbot/2.0; +http://www.bing.com/bingbot.htm)"
157.55.32.146 - - [01/Jul/2013:19:27:26 -0500] "GET / HTTP/1.1" 200 10635 "-" "Mozilla/5.0 (compatible; bingbot/2.0; +http://www.bing.com/bingbot.htm)"
199.30.20.6 - - [01/Jul/2013:19:42:06 -0500] "GET /robots.txt HTTP/1.1" 404 - "-" "msnbot-media/1.1 (+http://search.msn.com/msnbot.htm)"
199.30.20.6 - - [01/Jul/2013:19:42:06 -0500] "GET /images/imagslider-1.png HTTP/1.1" 200 53651 "-" "msnbot-media/1.1 (+http://search.msn.com/msnbot.htm)"
65.55.24.215 - - [01/Jul/2013:21:35:40 -0500] "GET /robots.txt HTTP/1.1" 404 - "-" "Mozilla/5.0 (compatible; bingbot/2.0; +http://www.bing.com/bingbot.htm)"
65.55.24.215 - - [01/Jul/2013:21:36:12 -0500] "GET /events/lilac_lunch/lilac_lunch.html HTTP/1.1" 200 2995 "-" "Mozilla/5.0 (compatible; bingbot/2.0; +http://www.bing.com/bingbot.htm)"
198.27.66.77 - - [01/Jul/2013:22:17:14 -0500] "GET /java_for_joes/index.html HTTP/1.1" 404 - "-" "Mozilla/5.0 (compatible; meanpathbot/1.0; +http://www.meanpath.com/meanpathbot.html)"
220.181.108.165 - - [01/Jul/2013:22:30:40 -0500] "GET /cgi-sys/defaultwebpage.cgi HTTP/1.1" 200 3477 "-" "Mozilla/5.0 (compatible; Baiduspider/2.0; +http://www.baidu.com/search/spider.html)"
198.27.82.152 - - [01/Jul/2013:22:36:05 -0500] "GET /java_for_joes/index.html HTTP/1.1" 404 - "-" "Mozilla/5.0 (compatible; meanpathbot/1.0; +http://www.meanpath.com/meanpathbot.html)"
60.148.126.179 - - [01/Jul/2013:22:37:48 -0500] "GET /aboutus.php HTTP/1.0" 200 11667 "http://operationspokaneheroes.org/aboutus.php" "Mozilla/5.0 (Windows NT 5.1; rv:13.0) Gecko/20100101 Firefox/13.0"
66.249.73.216 - - [01/Jul/2013:22:56:47 -0500] "GET /join/ HTTP/1.1" 404 - "-" "Mozilla/5.0 (compatible; Googlebot/2.1; +http://www.google.com/bot.html)"
157.55.35.114 - - [01/Jul/2013:23:06:14 -0500] "GET /robots.txt HTTP/1.1" 404 - "-" "Mozilla/5.0 (compatible; bingbot/2.0; +http://www.bing.com/bingbot.htm)"
157.55.35.114 - - [01/Jul/2013:23:07:09 -0500] "GET /slider.html HTTP/1.1" 200 8245 "-" "Mozilla/5.0 (compatible; bingbot/2.0; +http://www.bing.com/bingbot.htm)"
92.82.224.158 - - [02/Jul/2013:01:35:08 -0500] "GET /java_for_joes/index.html HTTP/1.1" 404 - "-" "Java/1.6.0_04"
180.76.5.25 - - [02/Jul/2013:07:29:11 -0500] "GET /slider/css/style.css HTTP/1.1" 200 1379 "-" "Mozilla/5.0 (compatible; Baiduspider/2.0; +http://www.baidu.com/search/spider.html)"
173.199.114.131 - - [02/Jul/2013:07:35:03 -0500] "GET /donate.php HTTP/1.1" 200 11699 "-" "Mozilla/5.0 (compatible; AhrefsBot/4.0; +http://ahrefs.com/robot/)"
92.82.224.158 - - [02/Jul/2013:07:40:13 -0500] "GET / HTTP/1.1" 200 10635 "-" "Java/1.6.0_04"
92.82.224.158 - - [02/Jul/2013:07:40:17 -0500] "GET /aboutus.php HTTP/1.1" 200 11667 "-" "Java/1.6.0_04"
38.100.21.63 - - [02/Jul/2013:07:40:17 -0500] "GET / HTTP/1.1" 200 10635 "-" "Mozilla/4.0 (compatible; MSIE 7.0; Windows NT 5.2)"
92.82.224.158 - - [02/Jul/2013:07:40:18 -0500] "GET /business.php HTTP/1.1" 200 10813 "-" "Java/1.6.0_04"
38.100.21.63 - - [02/Jul/2013:07:40:18 -0500] "GET /aboutus.php HTTP/1.1" 200 11667 "-" "Mozilla/4.0 (compatible; MSIE 7.0; Windows NT 5.2)"
92.82.224.158 - - [02/Jul/2013:07:40:18 -0500] "GET /calendar.php HTTP/1.1" 200 10644 "-" "Java/1.6.0_04"
38.100.21.63 - - [02/Jul/2013:07:40:18 -0500] "GET /contact.php HTTP/1.1" 200 10519 "-" "Mozilla/4.0 (compatible; MSIE 7.0; Windows NT 5.2)"
92.82.224.158 - - [02/Jul/2013:07:40:19 -0500] "GET /contact.php HTTP/1.1" 200 10519 "-" "Java/1.6.0_04"
92.82.224.158 - - [02/Jul/2013:07:40:19 -0500] "GET /donate.php HTTP/1.1" 200 11699 "-" "Java/1.6.0_04"
38.100.21.63 - - [02/Jul/2013:07:40:19 -0500] "GET /business.php HTTP/1.1" 200 10813 "-" "Mozilla/4.0 (compatible; MSIE 7.0; Windows NT 5.2)"
92.82.224.158 - - [02/Jul/2013:07:40:20 -0500] "GET /events.php HTTP/1.1" 200 6407 "-" "Java/1.6.0_04"
38.100.21.63 - - [02/Jul/2013:07:40:20 -0500] "GET /freedom.php HTTP/1.1" 200 11227 "-" "Mozilla/4.0 (compatible; MSIE 7.0; Windows NT 5.2)"
92.82.224.158 - - [02/Jul/2013:07:40:20 -0500] "GET /freedom.php HTTP/1.1" 200 11227 "-" "Java/1.6.0_04"
38.100.21.63 - - [02/Jul/2013:07:40:20 -0500] "GET /index.php HTTP/1.1" 200 10635 "-" "Mozilla/4.0 (compatible; MSIE 7.0; Windows NT 5.2)"
38.100.21.63 - - [02/Jul/2013:07:40:20 -0500] "GET /events.php HTTP/1.1" 200 6407 "-" "Mozilla/4.0 (compatible; MSIE 7.0; Windows NT 5.2)"
92.82.224.158 - - [02/Jul/2013:07:40:20 -0500] "GET /index.php HTTP/1.1" 200 10635 "-" "Java/1.6.0_04"
92.82.224.158 - - [02/Jul/2013:07:40:21 -0500] "GET /_inc/slide.php HTTP/1.1" 200 3205 "-" "Java/1.6.0_04"
92.82.224.158 - - [02/Jul/2013:07:40:21 -0500] "GET /images/contacticon.png HTTP/1.1" 200 4499 "-" "Java/1.6.0_04"
92.82.224.158 - - [02/Jul/2013:07:40:22 -0500] "GET /images/facebook.png HTTP/1.1" 200 5004 "-" "Java/1.6.0_04"
38.100.21.63 - - [02/Jul/2013:07:40:22 -0500] "GET /donate.php HTTP/1.1" 200 11699 "-" "Mozilla/4.0 (compatible; MSIE 7.0; Windows NT 5.2)"
92.82.224.158 - - [02/Jul/2013:07:40:22 -0500] "GET /images/freedom_friday_click_here.png HTTP/1.1" 200 19268 "-" "Java/1.6.0_04"
38.100.21.63 - - [02/Jul/2013:07:40:22 -0500] "GET /css/global.css HTTP/1.1" 200 13951 "-" "Mozilla/4.0 (compatible; MSIE 7.0; Windows NT 5.2)"
38.100.21.63 - - [02/Jul/2013:07:40:23 -0500] "GET /css/footer.css HTTP/1.1" 200 752 "-" "Mozilla/4.0 (compatible; MSIE 7.0; Windows NT 5.2)"
38.100.21.63 - - [02/Jul/2013:07:40:23 -0500] "GET /_inc/slide.php HTTP/1.1" 200 3205 "-" "Mozilla/4.0 (compatible; MSIE 7.0; Windows NT 5.2)"
92.82.224.158 - - [02/Jul/2013:07:40:23 -0500] "GET /images/global.png HTTP/1.1" 200 5737 "-" "Java/1.6.0_04"
92.82.224.158 - - [02/Jul/2013:07:40:24 -0500] "GET /images/logo.png HTTP/1.1" 200 226129 "-" "Java/1.6.0_04"
92.82.224.158 - - [02/Jul/2013:07:40:27 -0500] "GET /slider/index.html HTTP/1.1" 200 2952 "-" "Java/1.6.0_04"
92.82.224.158 - - [02/Jul/2013:07:40:28 -0500] "GET /_inc/contact.php HTTP/1.1" 200 756 "-" "Java/1.6.0_04"
92.82.224.158 - - [02/Jul/2013:07:40:29 -0500] "GET /events/Brittanycozza-.png HTTP/1.1" 200 156325 "-" "Java/1.6.0_04"
92.82.224.158 - - [02/Jul/2013:07:40:31 -0500] "GET /join HTTP/1.1" 404 - "-" "Java/1.6.0_04"
92.82.224.158 - - [02/Jul/2013:07:40:32 -0500] "GET /js/combined.js HTTP/1.1" 200 169946 "-" "Java/1.6.0_04"
92.82.224.158 - - [02/Jul/2013:07:40:35 -0500] "GET /images/imagslider-1.png HTTP/1.1" 200 53651 "-" "Java/1.6.0_04"
92.82.224.158 - - [02/Jul/2013:07:40:37 -0500] "GET /images/imagslider-2.png HTTP/1.1" 200 60039 "-" "Java/1.6.0_04"
92.82.224.158 - - [02/Jul/2013:07:40:38 -0500] "GET /images/imagslider-4.png HTTP/1.1" 200 64386 "-" "Java/1.6.0_04"
92.82.224.158 - - [02/Jul/2013:07:40:39 -0500] "GET /images/imagslider-5.png HTTP/1.1" 200 65260 "-" "Java/1.6.0_04"
92.82.224.158 - - [02/Jul/2013:07:40:40 -0500] "GET /images/imagslider-6.png HTTP/1.1" 200 37295 "-" "Java/1.6.0_04"
92.82.224.158 - - [02/Jul/2013:07:40:42 -0500] "GET /images/imagslider-7.png HTTP/1.1" 200 69144 "-" "Java/1.6.0_04"
92.82.224.158 - - [02/Jul/2013:07:40:43 -0500] "GET /images/slder2.png HTTP/1.1" 200 32853 "-" "Java/1.6.0_04"
92.82.224.158 - - [02/Jul/2013:07:40:45 -0500] "GET /contact/contactengine.php HTTP/1.1" 200 61 "-" "Java/1.6.0_04"
92.82.224.158 - - [02/Jul/2013:07:40:46 -0500] "GET /js/'+opts.iframeSrc+' HTTP/1.1" 404 - "-" "Java/1.6.0_04"
92.82.224.158 - - [02/Jul/2013:07:40:50 -0500] "GET /js/'+s.src+' HTTP/1.1" 404 - "-" "Java/1.6.0_04"
173.199.114.131 - - [02/Jul/2013:08:13:11 -0500] "GET /_inc/slide.php HTTP/1.1" 200 3205 "-" "Mozilla/5.0 (compatible; AhrefsBot/4.0; +http://ahrefs.com/robot/)"
173.199.114.131 - - [02/Jul/2013:08:24:02 -0500] "GET /events/carousel_11/carousel_11.html HTTP/1.1" 200 3712 "-" "Mozilla/5.0 (compatible; AhrefsBot/4.0; +http://ahrefs.com/robot/)"
88.190.47.222 - - [02/Jul/2013:08:34:56 -0500] "GET /aboutus.php HTTP/1.0" 200 11667 "http://operationspokaneheroes.org/aboutus.php" "Opera/9.80 (Windows NT 5.1; U; MRA 8.0 (build 5784); ru) Presto/2.10.289 Version/12.02"
131.253.24.10 - - [02/Jul/2013:09:22:13 -0500] "GET /robots.txt HTTP/1.1" 404 - "-" "msnbot-media/1.1 (+http://search.msn.com/msnbot.htm)"
131.253.24.10 - - [02/Jul/2013:09:22:13 -0500] "GET /images/imagslider-6.png HTTP/1.1" 200 37295 "-" "msnbot-media/1.1 (+http://search.msn.com/msnbot.htm)"
46.229.164.97 - - [02/Jul/2013:09:43:12 -0500] "GET /robots.txt HTTP/1.1" 404 - "-" "Mozilla/5.0 (compatible; SemrushBot/0.96.3; +http://www.semrush.com/bot.html)"
66.249.73.216 - - [02/Jul/2013:10:23:48 -0500] "GET /events.php HTTP/1.1" 200 6407 "-" "DoCoMo/2.0 N905i(c100;TB;W24H16) (compatible; Googlebot-Mobile/2.1; +http://www.google.com/bot.html)"
173.199.114.131 - - [02/Jul/2013:10:37:07 -0500] "GET /_inc/contact.php HTTP/1.1" 200 756 "-" "Mozilla/5.0 (compatible; AhrefsBot/4.0; +http://ahrefs.com/robot/)"
157.55.33.146 - - [02/Jul/2013:10:38:05 -0500] "GET /robots.txt HTTP/1.1" 404 - "-" "Mozilla/5.0 (compatible; bingbot/2.0; +http://www.bing.com/bingbot.htm)"
157.55.33.146 - - [02/Jul/2013:10:40:42 -0500] "GET /events/care_package/care.html HTTP/1.1" 304 - "-" "Mozilla/5.0 (compatible; bingbot/2.0; +http://www.bing.com/bingbot.htm)"
208.115.113.86 - - [02/Jul/2013:10:48:21 -0500] "GET /robots.txt HTTP/1.1" 404 - "-" "Mozilla/5.0 (compatible; Ezooms/1.0; ezooms.bot@gmail.com)"
208.115.113.86 - - [02/Jul/2013:11:01:18 -0500] "GET / HTTP/1.1" 200 10635 "-" "Mozilla/5.0 (compatible; Ezooms/1.0; ezooms.bot@gmail.com)"
173.199.114.131 - - [02/Jul/2013:12:59:55 -0500] "GET /aboutus.php HTTP/1.1" 200 11667 "-" "Mozilla/5.0 (compatible; AhrefsBot/4.0; +http://ahrefs.com/robot/)"
88.190.47.232 - - [02/Jul/2013:13:10:48 -0500] "GET /aboutus.php HTTP/1.0" 200 11667 "http://operationspokaneheroes.org/aboutus.php" "Mozilla/5.0 (Windows NT 5.1) AppleWebKit/536.11 (KHTML, like Gecko) Chrome/20.0.1132.57 Safari/536.11"
66.249.73.216 - - [02/Jul/2013:13:26:06 -0500] "GET /robots.txt HTTP/1.1" 404 - "-" "Mozilla/5.0 (compatible; Googlebot/2.1; +http://www.google.com/bot.html)"
208.115.111.70 - - [02/Jul/2013:13:36:20 -0500] "GET /robots.txt HTTP/1.1" 404 - "-" "Mozilla/5.0 (compatible; Ezooms/1.0; ezooms.bot@gmail.com)"
157.55.33.146 - - [02/Jul/2013:14:08:29 -0500] "GET /robots.txt HTTP/1.1" 404 - "-" "Mozilla/5.0 (compatible; bingbot/2.0; +http://www.bing.com/bingbot.htm)"
157.55.33.146 - - [02/Jul/2013:14:09:11 -0500] "GET /mission.php HTTP/1.1" 404 - "-" "Mozilla/5.0 (compatible; bingbot/2.0; +http://www.bing.com/bingbot.htm)"
24.19.159.206 - - [02/Jul/2013:14:33:46 -0500] "GET /aboutus.php HTTP/1.1" 200 11667 "http://www.khq.com/story/8389426/as-seen-on-khq-tv" "Mozilla/5.0 (compatible; MSIE 9.0; Windows NT 6.1; WOW64; Trident/5.0; FunWebProducts)"
24.19.159.206 - - [02/Jul/2013:14:33:46 -0500] "GET /css/global.css HTTP/1.1" 200 13951 "http://operationspokaneheroes.org/aboutus.php" "Mozilla/5.0 (compatible; MSIE 9.0; Windows NT 6.1; WOW64; Trident/5.0; FunWebProducts)"
24.19.159.206 - - [02/Jul/2013:14:33:46 -0500] "GET /images/contacticon.png HTTP/1.1" 200 4499 "http://operationspokaneheroes.org/aboutus.php" "Mozilla/5.0 (compatible; MSIE 9.0; Windows NT 6.1; WOW64; Trident/5.0; FunWebProducts)"
24.19.159.206 - - [02/Jul/2013:14:33:46 -0500] "GET /images/global.png HTTP/1.1" 200 5737 "http://operationspokaneheroes.org/aboutus.php" "Mozilla/5.0 (compatible; MSIE 9.0; Windows NT 6.1; WOW64; Trident/5.0; FunWebProducts)"
24.19.159.206 - - [02/Jul/2013:14:33:46 -0500] "GET /css/footer.css HTTP/1.1" 200 752 "http://operationspokaneheroes.org/aboutus.php" "Mozilla/5.0 (compatible; MSIE 9.0; Windows NT 6.1; WOW64; Trident/5.0; FunWebProducts)"
24.19.159.206 - - [02/Jul/2013:14:33:46 -0500] "GET /images/facebook.png HTTP/1.1" 200 5004 "http://operationspokaneheroes.org/aboutus.php" "Mozilla/5.0 (compatible; MSIE 9.0; Windows NT 6.1; WOW64; Trident/5.0; FunWebProducts)"
24.19.159.206 - - [02/Jul/2013:14:33:46 -0500] "GET /mainbk.png HTTP/1.1" 200 290 "http://operationspokaneheroes.org/aboutus.php" "Mozilla/5.0 (compatible; MSIE 9.0; Windows NT 6.1; WOW64; Trident/5.0; FunWebProducts)"
24.19.159.206 - - [02/Jul/2013:14:33:46 -0500] "GET /_inc/slide.php HTTP/1.1" 200 3205 "http://operationspokaneheroes.org/aboutus.php" "Mozilla/5.0 (compatible; MSIE 9.0; Windows NT 6.1; WOW64; Trident/5.0; FunWebProducts)"
24.19.159.206 - - [02/Jul/2013:14:33:46 -0500] "GET /images/nav2.jpg HTTP/1.1" 200 4444 "http://operationspokaneheroes.org/aboutus.php" "Mozilla/5.0 (compatible; MSIE 9.0; Windows NT 6.1; WOW64; Trident/5.0; FunWebProducts)"
24.19.159.206 - - [02/Jul/2013:14:33:47 -0500] "GET /css/style_global.css HTTP/1.1" 200 2621 "http://operationspokaneheroes.org/_inc/slide.php" "Mozilla/5.0 (compatible; MSIE 9.0; Windows NT 6.1; WOW64; Trident/5.0; FunWebProducts)"
24.19.159.206 - - [02/Jul/2013:14:33:47 -0500] "GET /css/slide.css HTTP/1.1" 200 2869 "http://operationspokaneheroes.org/_inc/slide.php" "Mozilla/5.0 (compatible; MSIE 9.0; Windows NT 6.1; WOW64; Trident/5.0; FunWebProducts)"
24.19.159.206 - - [02/Jul/2013:14:33:46 -0500] "GET /images/bg2.jpg HTTP/1.1" 200 55206 "http://operationspokaneheroes.org/aboutus.php" "Mozilla/5.0 (compatible; MSIE 9.0; Windows NT 6.1; WOW64; Trident/5.0; FunWebProducts)"
