50.135.240.110 - - [08/Jul/2013:18:08:42 -0500] "GET /pdf/2010_Top100_Military_Friendly_Employers.pdf HTTP/1.1" 206 32768 "http://operationspokaneheroes.org/pdf/2010_Top100_Military_Friendly_Employers.pdf" "Mozilla/5.0 (Windows NT 6.1; WOW64) AppleWebKit/537.36 (KHTML, like Gecko) Chrome/27.0.1453.116 Safari/537.36"
50.135.240.110 - - [08/Jul/2013:18:08:42 -0500] "GET /pdf/2010_Top100_Military_Friendly_Employers.pdf HTTP/1.1" 206 32768 "http://operationspokaneheroes.org/pdf/2010_Top100_Military_Friendly_Employers.pdf" "Mozilla/5.0 (Windows NT 6.1; WOW64) AppleWebKit/537.36 (KHTML, like Gecko) Chrome/27.0.1453.116 Safari/537.36"
50.135.240.110 - - [08/Jul/2013:18:08:42 -0500] "GET /pdf/2010_Top100_Military_Friendly_Employers.pdf HTTP/1.1" 206 32768 "http://operationspokaneheroes.org/pdf/2010_Top100_Military_Friendly_Employers.pdf" "Mozilla/5.0 (Windows NT 6.1; WOW64) AppleWebKit/537.36 (KHTML, like Gecko) Chrome/27.0.1453.116 Safari/537.36"
50.135.240.110 - - [08/Jul/2013:18:08:43 -0500] "GET /pdf/2010_Top100_Military_Friendly_Employers.pdf HTTP/1.1" 206 32768 "http://operationspokaneheroes.org/pdf/2010_Top100_Military_Friendly_Employers.pdf" "Mozilla/5.0 (Windows NT 6.1; WOW64) AppleWebKit/537.36 (KHTML, like Gecko) Chrome/27.0.1453.116 Safari/537.36"
50.135.240.110 - - [08/Jul/2013:18:08:43 -0500] "GET /pdf/2010_Top100_Military_Friendly_Employers.pdf HTTP/1.1" 206 37819 "http://operationspokaneheroes.org/pdf/2010_Top100_Military_Friendly_Employers.pdf" "Mozilla/5.0 (Windows NT 6.1; WOW64) AppleWebKit/537.36 (KHTML, like Gecko) Chrome/27.0.1453.116 Safari/537.36"
50.135.240.110 - - [08/Jul/2013:18:08:43 -0500] "GET /favicon.ico HTTP/1.1" 404 - "-" "Mozilla/5.0 (Windows NT 6.1; WOW64) AppleWebKit/537.36 (KHTML, like Gecko) Chrome/27.0.1453.116 Safari/537.36"
50.135.240.110 - - [08/Jul/2013:18:09:07 -0500] "GET /_inc/slide.php HTTP/1.1" 200 3205 "http://operationspokaneheroes.org/index.php" "Mozilla/5.0 (Windows NT 6.1; WOW64) AppleWebKit/537.36 (KHTML, like Gecko) Chrome/27.0.1453.116 Safari/537.36"
50.135.240.110 - - [08/Jul/2013:18:09:08 -0500] "GET /assets/images/btn_top_search_hover.png HTTP/1.1" 404 - "http://operationspokaneheroes.org/_inc/slide.php" "Mozilla/5.0 (Windows NT 6.1; WOW64) AppleWebKit/537.36 (KHTML, like Gecko) Chrome/27.0.1453.116 Safari/537.36"
50.135.240.110 - - [08/Jul/2013:18:09:08 -0500] "GET /assets/images/btn_main_search_hover.png HTTP/1.1" 404 - "http://operationspokaneheroes.org/_inc/slide.php" "Mozilla/5.0 (Windows NT 6.1; WOW64) AppleWebKit/537.36 (KHTML, like Gecko) Chrome/27.0.1453.116 Safari/537.36"
50.135.240.110 - - [08/Jul/2013:18:09:08 -0500] "GET /favicon.ico HTTP/1.1" 404 - "-" "Mozilla/5.0 (Windows NT 6.1; WOW64) AppleWebKit/537.36 (KHTML, like Gecko) Chrome/27.0.1453.116 Safari/537.36"
50.135.240.110 - - [08/Jul/2013:18:09:10 -0500] "GET /_inc/slide.php HTTP/1.1" 200 3205 "http://operationspokaneheroes.org/aboutus.php" "Mozilla/5.0 (Windows NT 6.1; WOW64) AppleWebKit/537.36 (KHTML, like Gecko) Chrome/27.0.1453.116 Safari/537.36"
50.135.240.110 - - [08/Jul/2013:18:09:10 -0500] "GET /assets/images/btn_top_search_hover.png HTTP/1.1" 404 - "http://operationspokaneheroes.org/_inc/slide.php" "Mozilla/5.0 (Windows NT 6.1; WOW64) AppleWebKit/537.36 (KHTML, like Gecko) Chrome/27.0.1453.116 Safari/537.36"
50.135.240.110 - - [08/Jul/2013:18:09:10 -0500] "GET /assets/images/btn_main_search_hover.png HTTP/1.1" 404 - "http://operationspokaneheroes.org/_inc/slide.php" "Mozilla/5.0 (Windows NT 6.1; WOW64) AppleWebKit/537.36 (KHTML, like Gecko) Chrome/27.0.1453.116 Safari/537.36"
50.135.240.110 - - [08/Jul/2013:18:09:10 -0500] "GET /favicon.ico HTTP/1.1" 404 - "-" "Mozilla/5.0 (Windows NT 6.1; WOW64) AppleWebKit/537.36 (KHTML, like Gecko) Chrome/27.0.1453.116 Safari/537.36"
50.135.240.110 - - [08/Jul/2013:18:09:13 -0500] "GET /events/vet_picnic/images/67.jpg HTTP/1.1" 404 - "http://operationspokaneheroes.org/events/vet_picnic/vet_picnic.html" "Mozilla/5.0 (Windows NT 6.1; WOW64) AppleWebKit/537.36 (KHTML, like Gecko) Chrome/27.0.1453.116 Safari/537.36"
50.135.240.110 - - [08/Jul/2013:18:09:13 -0500] "GET /favicon.ico HTTP/1.1" 404 - "-" "Mozilla/5.0 (Windows NT 6.1; WOW64) AppleWebKit/537.36 (KHTML, like Gecko) Chrome/27.0.1453.116 Safari/537.36"
50.135.240.110 - - [08/Jul/2013:18:09:14 -0500] "GET /_inc/slide.php HTTP/1.1" 200 3205 "http://operationspokaneheroes.org/calendar.php" "Mozilla/5.0 (Windows NT 6.1; WOW64) AppleWebKit/537.36 (KHTML, like Gecko) Chrome/27.0.1453.116 Safari/537.36"
50.135.240.110 - - [08/Jul/2013:18:09:14 -0500] "GET /assets/images/btn_main_search_hover.png HTTP/1.1" 404 - "http://operationspokaneheroes.org/_inc/slide.php" "Mozilla/5.0 (Windows NT 6.1; WOW64) AppleWebKit/537.36 (KHTML, like Gecko) Chrome/27.0.1453.116 Safari/537.36"
50.135.240.110 - - [08/Jul/2013:18:09:14 -0500] "GET /assets/images/btn_top_search_hover.png HTTP/1.1" 404 - "http://operationspokaneheroes.org/_inc/slide.php" "Mozilla/5.0 (Windows NT 6.1; WOW64) AppleWebKit/537.36 (KHTML, like Gecko) Chrome/27.0.1453.116 Safari/537.36"
50.135.240.110 - - [08/Jul/2013:18:09:15 -0500] "GET /favicon.ico HTTP/1.1" 404 - "-" "Mozilla/5.0 (Windows NT 6.1; WOW64) AppleWebKit/537.36 (KHTML, like Gecko) Chrome/27.0.1453.116 Safari/537.36"
50.135.240.110 - - [08/Jul/2013:18:09:15 -0500] "GET /_inc/slide.php HTTP/1.1" 200 3205 "http://operationspokaneheroes.org/business.php" "Mozilla/5.0 (Windows NT 6.1; WOW64) AppleWebKit/537.36 (KHTML, like Gecko) Chrome/27.0.1453.116 Safari/537.36"
50.135.240.110 - - [08/Jul/2013:18:09:15 -0500] "GET /assets/images/btn_top_search_hover.png HTTP/1.1" 404 - "http://operationspokaneheroes.org/_inc/slide.php" "Mozilla/5.0 (Windows NT 6.1; WOW64) AppleWebKit/537.36 (KHTML, like Gecko) Chrome/27.0.1453.116 Safari/537.36"
50.135.240.110 - - [08/Jul/2013:18:09:15 -0500] "GET /assets/images/btn_main_search_hover.png HTTP/1.1" 404 - "http://operationspokaneheroes.org/_inc/slide.php" "Mozilla/5.0 (Windows NT 6.1; WOW64) AppleWebKit/537.36 (KHTML, like Gecko) Chrome/27.0.1453.116 Safari/537.36"
50.135.240.110 - - [08/Jul/2013:18:09:15 -0500] "GET /favicon.ico HTTP/1.1" 404 - "-" "Mozilla/5.0 (Windows NT 6.1; WOW64) AppleWebKit/537.36 (KHTML, like Gecko) Chrome/27.0.1453.116 Safari/537.36"
50.135.240.110 - - [08/Jul/2013:18:09:16 -0500] "GET /_inc/slide.php HTTP/1.1" 200 3205 "http://operationspokaneheroes.org/" "Mozilla/5.0 (Windows NT 6.1; WOW64) AppleWebKit/537.36 (KHTML, like Gecko) Chrome/27.0.1453.116 Safari/537.36"
50.135.240.110 - - [08/Jul/2013:18:09:16 -0500] "GET /assets/images/btn_top_search_hover.png HTTP/1.1" 404 - "http://operationspokaneheroes.org/_inc/slide.php" "Mozilla/5.0 (Windows NT 6.1; WOW64) AppleWebKit/537.36 (KHTML, like Gecko) Chrome/27.0.1453.116 Safari/537.36"
50.135.240.110 - - [08/Jul/2013:18:09:16 -0500] "GET /assets/images/btn_main_search_hover.png HTTP/1.1" 404 - "http://operationspokaneheroes.org/_inc/slide.php" "Mozilla/5.0 (Windows NT 6.1; WOW64) AppleWebKit/537.36 (KHTML, like Gecko) Chrome/27.0.1453.116 Safari/537.36"
50.135.240.110 - - [08/Jul/2013:18:09:16 -0500] "GET /favicon.ico HTTP/1.1" 404 - "-" "Mozilla/5.0 (Windows NT 6.1; WOW64) AppleWebKit/537.36 (KHTML, like Gecko) Chrome/27.0.1453.116 Safari/537.36"
50.135.240.110 - - [08/Jul/2013:18:32:55 -0500] "GET / HTTP/1.1" 200 10635 "https://www.google.com/" "Mozilla/5.0 (Windows NT 6.1; WOW64) AppleWebKit/537.36 (KHTML, like Gecko) Chrome/27.0.1453.116 Safari/537.36"
50.135.240.110 - - [08/Jul/2013:18:32:55 -0500] "GET /_inc/slide.php HTTP/1.1" 200 3205 "http://operationspokaneheroes.org/" "Mozilla/5.0 (Windows NT 6.1; WOW64) AppleWebKit/537.36 (KHTML, like Gecko) Chrome/27.0.1453.116 Safari/537.36"
50.135.240.110 - - [08/Jul/2013:18:32:55 -0500] "GET /assets/images/btn_top_search_hover.png HTTP/1.1" 404 - "http://operationspokaneheroes.org/_inc/slide.php" "Mozilla/5.0 (Windows NT 6.1; WOW64) AppleWebKit/537.36 (KHTML, like Gecko) Chrome/27.0.1453.116 Safari/537.36"
50.135.240.110 - - [08/Jul/2013:18:32:55 -0500] "GET /assets/images/btn_main_search_hover.png HTTP/1.1" 404 - "http://operationspokaneheroes.org/_inc/slide.php" "Mozilla/5.0 (Windows NT 6.1; WOW64) AppleWebKit/537.36 (KHTML, like Gecko) Chrome/27.0.1453.116 Safari/537.36"
50.135.240.110 - - [08/Jul/2013:18:32:56 -0500] "GET /favicon.ico HTTP/1.1" 404 - "-" "Mozilla/5.0 (Windows NT 6.1; WOW64) AppleWebKit/537.36 (KHTML, like Gecko) Chrome/27.0.1453.116 Safari/537.36"
50.135.240.110 - - [08/Jul/2013:18:33:31 -0500] "GET / HTTP/1.1" 200 10635 "https://www.google.com/" "Mozilla/5.0 (Windows NT 6.1; WOW64) AppleWebKit/537.36 (KHTML, like Gecko) Chrome/27.0.1453.116 Safari/537.36"
50.135.240.110 - - [08/Jul/2013:18:33:32 -0500] "GET /_inc/slide.php HTTP/1.1" 200 3205 "http://operationspokaneheroes.org/" "Mozilla/5.0 (Windows NT 6.1; WOW64) AppleWebKit/537.36 (KHTML, like Gecko) Chrome/27.0.1453.116 Safari/537.36"
50.135.240.110 - - [08/Jul/2013:18:33:32 -0500] "GET /assets/images/btn_top_search_hover.png HTTP/1.1" 404 - "http://operationspokaneheroes.org/_inc/slide.php" "Mozilla/5.0 (Windows NT 6.1; WOW64) AppleWebKit/537.36 (KHTML, like Gecko) Chrome/27.0.1453.116 Safari/537.36"
50.135.240.110 - - [08/Jul/2013:18:33:32 -0500] "GET /assets/images/btn_main_search_hover.png HTTP/1.1" 404 - "http://operationspokaneheroes.org/_inc/slide.php" "Mozilla/5.0 (Windows NT 6.1; WOW64) AppleWebKit/537.36 (KHTML, like Gecko) Chrome/27.0.1453.116 Safari/537.36"
50.135.240.110 - - [08/Jul/2013:18:33:32 -0500] "GET /favicon.ico HTTP/1.1" 404 - "-" "Mozilla/5.0 (Windows NT 6.1; WOW64) AppleWebKit/537.36 (KHTML, like Gecko) Chrome/27.0.1453.116 Safari/537.36"
108.196.50.76 - - [08/Jul/2013:19:18:38 -0500] "GET / HTTP/1.1" 200 10635 "http://www.google.com/url?sa=t&rct=j&q=&esrc=s&source=web&cd=1&ved=0CC0QFjAA&url=http%3A%2F%2Foperationspokaneheroes.org%2F&ei=1VbbUdqNOoTI9QT3xoCgDg&usg=AFQjCNGGuKExGUEgtWK2o7s2b3sBxGCH3Q&bvm=bv.48705608,d.eWU" "Mozilla/5.0 (Macintosh; Intel Mac OS X 10.7; rv:20.0) Gecko/20100101 Firefox/20.0"
108.196.50.76 - - [08/Jul/2013:19:18:39 -0500] "GET /slider/index.html HTTP/1.1" 200 2952 "http://operationspokaneheroes.org/" "Mozilla/5.0 (Macintosh; Intel Mac OS X 10.7; rv:20.0) Gecko/20100101 Firefox/20.0"
108.196.50.76 - - [08/Jul/2013:19:18:38 -0500] "GET /_inc/slide.php HTTP/1.1" 200 3205 "http://operationspokaneheroes.org/" "Mozilla/5.0 (Macintosh; Intel Mac OS X 10.7; rv:20.0) Gecko/20100101 Firefox/20.0"
108.196.50.76 - - [08/Jul/2013:19:18:39 -0500] "GET /css/footer.css HTTP/1.1" 200 752 "http://operationspokaneheroes.org/" "Mozilla/5.0 (Macintosh; Intel Mac OS X 10.7; rv:20.0) Gecko/20100101 Firefox/20.0"
108.196.50.76 - - [08/Jul/2013:19:18:38 -0500] "GET /css/global.css HTTP/1.1" 200 13951 "http://operationspokaneheroes.org/" "Mozilla/5.0 (Macintosh; Intel Mac OS X 10.7; rv:20.0) Gecko/20100101 Firefox/20.0"
108.196.50.76 - - [08/Jul/2013:19:18:39 -0500] "GET /slider/css/style.css HTTP/1.1" 200 1379 "http://operationspokaneheroes.org/slider/index.html" "Mozilla/5.0 (Macintosh; Intel Mac OS X 10.7; rv:20.0) Gecko/20100101 Firefox/20.0"
108.196.50.76 - - [08/Jul/2013:19:18:39 -0500] "GET /slider/js/startstop-slider.js HTTP/1.1" 200 1737 "http://operationspokaneheroes.org/slider/index.html" "Mozilla/5.0 (Macintosh; Intel Mac OS X 10.7; rv:20.0) Gecko/20100101 Firefox/20.0"
108.196.50.76 - - [08/Jul/2013:19:18:39 -0500] "GET /css/slide.css HTTP/1.1" 200 2869 "http://operationspokaneheroes.org/_inc/slide.php" "Mozilla/5.0 (Macintosh; Intel Mac OS X 10.7; rv:20.0) Gecko/20100101 Firefox/20.0"
108.196.50.76 - - [08/Jul/2013:19:18:39 -0500] "GET /css/style_global.css HTTP/1.1" 200 2621 "http://operationspokaneheroes.org/_inc/slide.php" "Mozilla/5.0 (Macintosh; Intel Mac OS X 10.7; rv:20.0) Gecko/20100101 Firefox/20.0"
108.196.50.76 - - [08/Jul/2013:19:18:39 -0500] "GET /images/contacticon.png HTTP/1.1" 200 4499 "http://operationspokaneheroes.org/" "Mozilla/5.0 (Macintosh; Intel Mac OS X 10.7; rv:20.0) Gecko/20100101 Firefox/20.0"
108.196.50.76 - - [08/Jul/2013:19:18:39 -0500] "GET /images/global.png HTTP/1.1" 200 5737 "http://operationspokaneheroes.org/" "Mozilla/5.0 (Macintosh; Intel Mac OS X 10.7; rv:20.0) Gecko/20100101 Firefox/20.0"
108.196.50.76 - - [08/Jul/2013:19:18:39 -0500] "GET /images/facebook.png HTTP/1.1" 200 5004 "http://operationspokaneheroes.org/" "Mozilla/5.0 (Macintosh; Intel Mac OS X 10.7; rv:20.0) Gecko/20100101 Firefox/20.0"
108.196.50.76 - - [08/Jul/2013:19:18:39 -0500] "GET /images/nav2.jpg HTTP/1.1" 200 4444 "http://operationspokaneheroes.org/" "Mozilla/5.0 (Macintosh; Intel Mac OS X 10.7; rv:20.0) Gecko/20100101 Firefox/20.0"
108.196.50.76 - - [08/Jul/2013:19:18:39 -0500] "GET /mainbk.png HTTP/1.1" 200 290 "http://operationspokaneheroes.org/" "Mozilla/5.0 (Macintosh; Intel Mac OS X 10.7; rv:20.0) Gecko/20100101 Firefox/20.0"
108.196.50.76 - - [08/Jul/2013:19:18:39 -0500] "GET /images/bg2.jpg HTTP/1.1" 200 55206 "http://operationspokaneheroes.org/css/global.css" "Mozilla/5.0 (Macintosh; Intel Mac OS X 10.7; rv:20.0) Gecko/20100101 Firefox/20.0"
108.196.50.76 - - [08/Jul/2013:19:18:39 -0500] "GET /slider/js/jquery-1.2.6.js HTTP/1.1" 200 100196 "http://operationspokaneheroes.org/slider/index.html" "Mozilla/5.0 (Macintosh; Intel Mac OS X 10.7; rv:20.0) Gecko/20100101 Firefox/20.0"
108.196.50.76 - - [08/Jul/2013:19:18:39 -0500] "GET /images/logo.png HTTP/1.1" 200 226129 "http://operationspokaneheroes.org/" "Mozilla/5.0 (Macintosh; Intel Mac OS X 10.7; rv:20.0) Gecko/20100101 Firefox/20.0"
108.196.50.76 - - [08/Jul/2013:19:18:40 -0500] "GET /images/imagslider-5.png HTTP/1.1" 200 65260 "http://operationspokaneheroes.org/slider/index.html" "Mozilla/5.0 (Macintosh; Intel Mac OS X 10.7; rv:20.0) Gecko/20100101 Firefox/20.0"
108.196.50.76 - - [08/Jul/2013:19:18:39 -0500] "GET /js/combined.js HTTP/1.1" 200 169946 "http://operationspokaneheroes.org/_inc/slide.php" "Mozilla/5.0 (Macintosh; Intel Mac OS X 10.7; rv:20.0) Gecko/20100101 Firefox/20.0"
108.196.50.76 - - [08/Jul/2013:19:18:40 -0500] "GET /images/slder2.png HTTP/1.1" 200 32853 "http://operationspokaneheroes.org/slider/index.html" "Mozilla/5.0 (Macintosh; Intel Mac OS X 10.7; rv:20.0) Gecko/20100101 Firefox/20.0"
108.196.50.76 - - [08/Jul/2013:19:18:41 -0500] "GET /slider/images/slider-bg.jpg HTTP/1.1" 200 3447 "http://operationspokaneheroes.org/slider/css/style.css" "Mozilla/5.0 (Macintosh; Intel Mac OS X 10.7; rv:20.0) Gecko/20100101 Firefox/20.0"
108.196.50.76 - - [08/Jul/2013:19:18:41 -0500] "GET /images/mission_statement_bg.png HTTP/1.1" 200 11413 "http://operationspokaneheroes.org/css/slide.css" "Mozilla/5.0 (Macintosh; Intel Mac OS X 10.7; rv:20.0) Gecko/20100101 Firefox/20.0"
108.196.50.76 - - [08/Jul/2013:19:18:40 -0500] "GET /images/imagslider-6.png HTTP/1.1" 200 37295 "http://operationspokaneheroes.org/slider/index.html" "Mozilla/5.0 (Macintosh; Intel Mac OS X 10.7; rv:20.0) Gecko/20100101 Firefox/20.0"
108.196.50.76 - - [08/Jul/2013:19:18:41 -0500] "GET /images/we_believe.png HTTP/1.1" 200 1785 "http://operationspokaneheroes.org/css/slide.css" "Mozilla/5.0 (Macintosh; Intel Mac OS X 10.7; rv:20.0) Gecko/20100101 Firefox/20.0"
108.196.50.76 - - [08/Jul/2013:19:18:40 -0500] "GET /images/imagslider-1.png HTTP/1.1" 200 53651 "http://operationspokaneheroes.org/slider/index.html" "Mozilla/5.0 (Macintosh; Intel Mac OS X 10.7; rv:20.0) Gecko/20100101 Firefox/20.0"
108.196.50.76 - - [08/Jul/2013:19:18:41 -0500] "GET /images/we_strive.png HTTP/1.1" 200 1981 "http://operationspokaneheroes.org/css/slide.css" "Mozilla/5.0 (Macintosh; Intel Mac OS X 10.7; rv:20.0) Gecko/20100101 Firefox/20.0"
108.196.50.76 - - [08/Jul/2013:19:18:41 -0500] "GET /images/2.jpg HTTP/1.1" 200 170993 "http://operationspokaneheroes.org/_inc/slide.php" "Mozilla/5.0 (Macintosh; Intel Mac OS X 10.7; rv:20.0) Gecko/20100101 Firefox/20.0"
108.196.50.76 - - [08/Jul/2013:19:18:42 -0500] "GET /images/we_help.png HTTP/1.1" 200 1514 "http://operationspokaneheroes.org/css/slide.css" "Mozilla/5.0 (Macintosh; Intel Mac OS X 10.7; rv:20.0) Gecko/20100101 Firefox/20.0"
108.196.50.76 - - [08/Jul/2013:19:18:42 -0500] "GET /images/we_need.png HTTP/1.1" 200 2138 "http://operationspokaneheroes.org/css/slide.css" "Mozilla/5.0 (Macintosh; Intel Mac OS X 10.7; rv:20.0) Gecko/20100101 Firefox/20.0"
108.196.50.76 - - [08/Jul/2013:19:18:42 -0500] "GET /assets/images/btn_top_search_hover.png HTTP/1.1" 404 - "http://operationspokaneheroes.org/_inc/slide.php" "Mozilla/5.0 (Macintosh; Intel Mac OS X 10.7; rv:20.0) Gecko/20100101 Firefox/20.0"
108.196.50.76 - - [08/Jul/2013:19:18:42 -0500] "GET /assets/images/btn_main_search_hover.png HTTP/1.1" 404 - "http://operationspokaneheroes.org/_inc/slide.php" "Mozilla/5.0 (Macintosh; Intel Mac OS X 10.7; rv:20.0) Gecko/20100101 Firefox/20.0"
108.196.50.76 - - [08/Jul/2013:19:18:41 -0500] "GET /images/3.jpg HTTP/1.1" 200 240733 "http://operationspokaneheroes.org/_inc/slide.php" "Mozilla/5.0 (Macintosh; Intel Mac OS X 10.7; rv:20.0) Gecko/20100101 Firefox/20.0"
108.196.50.76 - - [08/Jul/2013:19:18:42 -0500] "GET /images/1.jpg HTTP/1.1" 200 142489 "http://operationspokaneheroes.org/_inc/slide.php" "Mozilla/5.0 (Macintosh; Intel Mac OS X 10.7; rv:20.0) Gecko/20100101 Firefox/20.0"
108.196.50.76 - - [08/Jul/2013:19:18:41 -0500] "GET /images/4.jpg HTTP/1.1" 200 186934 "http://operationspokaneheroes.org/_inc/slide.php" "Mozilla/5.0 (Macintosh; Intel Mac OS X 10.7; rv:20.0) Gecko/20100101 Firefox/20.0"
108.196.50.76 - - [08/Jul/2013:19:18:44 -0500] "GET /favicon.ico HTTP/1.1" 404 - "-" "Mozilla/5.0 (Macintosh; Intel Mac OS X 10.7; rv:20.0) Gecko/20100101 Firefox/20.0"
66.249.73.53 - - [08/Jul/2013:19:44:02 -0500] "GET /robots.txt HTTP/1.1" 404 - "-" "Mozilla/5.0 (compatible; Googlebot/2.1; +http://www.google.com/bot.html)"
66.249.73.53 - - [08/Jul/2013:19:44:02 -0500] "GET /pdf/Operation%20Wings%20of%20Hope%20Poster.pdf HTTP/1.1" 304 - "-" "Mozilla/5.0 (compatible; Googlebot/2.1; +http://www.google.com/bot.html)"
132.3.65.82 - - [08/Jul/2013:19:45:51 -0500] "GET /_inc/slide.php HTTP/1.1" 200 3205 "-" "Mozilla/4.0 (compatible;)"
66.249.16.212 - - [08/Jul/2013:19:50:10 -0500] "GET /java_for_joes/index.html HTTP/1.1" 404 - "http://whois.domaintools.com/javaforjoes.net" "Mozilla/5.0 (compatible; bingbot/2.0; +http://www.bing.com/bingbot.htm)"
66.249.73.216 - - [08/Jul/2013:19:57:19 -0500] "GET /robots.txt HTTP/1.1" 404 - "-" "Mozilla/5.0 (compatible; Googlebot/2.1; +http://www.google.com/bot.html)"
66.249.73.216 - - [08/Jul/2013:19:57:19 -0500] "GET / HTTP/1.1" 200 10635 "-" "SAMSUNG-SGH-E250/1.0 Profile/MIDP-2.0 Configuration/CLDC-1.1 UP.Browser/6.2.3.3.c.1.101 (GUI) MMP/2.0 (compatible; Googlebot-Mobile/2.1; +http://www.google.com/bot.html)"
180.76.5.52 - - [08/Jul/2013:20:03:34 -0500] "GET / HTTP/1.1" 200 10635 "-" "Mozilla/5.0 (compatible; Baiduspider/2.0; +http://www.baidu.com/search/spider.html)"
85.25.134.59 - - [08/Jul/2013:20:22:06 -0500] "GET /java_for_joes/index.html HTTP/1.1" 404 - "http://netcomber.com" "NCBot (http://netcomber.com : tool for finding true domain owners) Queries/complaints: bot@netcomber.com"
194.44.92.55 - - [08/Jul/2013:20:23:43 -0500] "GET / HTTP/1.0" 200 10635 "-" "Mozilla/5.0 (compatible; Googlebot/2.1; +http://www.google.com/bot.html)"
194.44.92.55 - - [08/Jul/2013:20:23:44 -0500] "GET /index.php HTTP/1.0" 200 10635 "-" "Mozilla/5.0 (compatible; Googlebot/2.1; +http://www.google.com/bot.html)"
194.44.92.55 - - [08/Jul/2013:20:23:45 -0500] "GET /aboutus.php HTTP/1.0" 200 11667 "-" "Mozilla/5.0 (compatible; Googlebot/2.1; +http://www.google.com/bot.html)"
194.44.92.55 - - [08/Jul/2013:20:23:45 -0500] "GET /donate.php HTTP/1.0" 200 11699 "-" "Mozilla/5.0 (compatible; Googlebot/2.1; +http://www.google.com/bot.html)"
194.44.92.55 - - [08/Jul/2013:20:23:46 -0500] "GET /business.php HTTP/1.0" 200 10813 "-" "Mozilla/5.0 (compatible; Googlebot/2.1; +http://www.google.com/bot.html)"
194.44.92.55 - - [08/Jul/2013:20:23:47 -0500] "GET /events.php HTTP/1.0" 200 6407 "-" "Mozilla/5.0 (compatible; Googlebot/2.1; +http://www.google.com/bot.html)"
194.44.92.55 - - [08/Jul/2013:20:23:48 -0500] "GET /freedom.php HTTP/1.0" 200 11227 "-" "Mozilla/5.0 (compatible; Googlebot/2.1; +http://www.google.com/bot.html)"
50.30.43.157 - - [08/Jul/2013:20:31:04 -0500] "GET /favicon.ico HTTP/1.1" 404 - "http://www.facebook.com" "Mozilla/5.0 (Macintosh; U; Intel Mac OS X 10_6_7; en-US) AppleWebKit/534.16 (KHTML, like Gecko) Chrome/10.0.648.205 Safari/534.16"
50.30.43.157 - - [08/Jul/2013:20:31:04 -0500] "GET /favicon.png HTTP/1.1" 404 - "http://www.facebook.com" "Mozilla/5.0 (Macintosh; U; Intel Mac OS X 10_6_7; en-US) AppleWebKit/534.16 (KHTML, like Gecko) Chrome/10.0.648.205 Safari/534.16"
173.252.110.114 - - [08/Jul/2013:20:31:25 -0500] "GET /images/logo.png HTTP/1.1" 200 226129 "-" "facebookexternalhit/1.1 (+http://www.facebook.com/externalhit_uatext.php)"
199.21.99.103 - - [08/Jul/2013:20:39:53 -0500] "GET /robots.txt HTTP/1.1" 404 - "-" "Mozilla/5.0 (compatible; YandexBot/3.0; +http://yandex.com/bots)"
93.63.195.8 - - [08/Jul/2013:21:28:54 -0500] "GET /robots.txt HTTP/1.0" 404 - "-" "Mozilla/5.0 (compatible; MJ12bot/v1.4.3; http://www.majestic12.co.uk/bot.php?+)"
93.63.195.8 - - [08/Jul/2013:21:28:58 -0500] "GET /_inc/slide.php HTTP/1.0" 200 3205 "-" "Mozilla/5.0 (compatible; MJ12bot/v1.4.3; http://www.majestic12.co.uk/bot.php?+)"
93.63.195.8 - - [08/Jul/2013:21:29:03 -0500] "GET /aboutus.php HTTP/1.0" 200 11667 "-" "Mozilla/5.0 (compatible; MJ12bot/v1.4.3; http://www.majestic12.co.uk/bot.php?+)"
93.63.195.8 - - [08/Jul/2013:21:29:08 -0500] "GET /calendar.php HTTP/1.0" 200 10644 "-" "Mozilla/5.0 (compatible; MJ12bot/v1.4.3; http://www.majestic12.co.uk/bot.php?+)"
93.63.195.8 - - [08/Jul/2013:21:29:15 -0500] "GET /contact.php HTTP/1.0" 200 10519 "-" "Mozilla/5.0 (compatible; MJ12bot/v1.4.3; http://www.majestic12.co.uk/bot.php?+)"
93.63.195.8 - - [08/Jul/2013:21:29:22 -0500] "GET /donate.php HTTP/1.0" 200 11699 "-" "Mozilla/5.0 (compatible; MJ12bot/v1.4.3; http://www.majestic12.co.uk/bot.php?+)"
93.63.195.8 - - [08/Jul/2013:21:29:27 -0500] "GET /events.php HTTP/1.0" 200 6407 "-" "Mozilla/5.0 (compatible; MJ12bot/v1.4.3; http://www.majestic12.co.uk/bot.php?+)"
93.63.195.8 - - [08/Jul/2013:21:29:30 -0500] "GET /index.php HTTP/1.0" 200 10635 "-" "Mozilla/5.0 (compatible; MJ12bot/v1.4.3; http://www.majestic12.co.uk/bot.php?+)"
93.63.195.8 - - [08/Jul/2013:21:29:36 -0500] "GET /slider/index.html HTTP/1.0" 200 2952 "-" "Mozilla/5.0 (compatible; MJ12bot/v1.4.3; http://www.majestic12.co.uk/bot.php?+)"
66.249.73.216 - - [08/Jul/2013:22:46:57 -0500] "GET /images/contacticon.png HTTP/1.1" 200 4499 "-" "Googlebot-Image/1.0"
95.28.102.230 - - [08/Jul/2013:22:47:13 -0500] "GET / HTTP/1.0" 200 10635 "http://yandex.ru/yandsearch?text=operationspokaneheroes.org&lr=213" "Mozilla/4.0 (compatible; MSIE 7.0; Windows NT 6.0; SLCC1; .NET CLR 2.0.50727; .NET CLR 3.5.30729; .NET CLR 3.0.30618)"
95.28.102.230 - - [08/Jul/2013:22:47:14 -0500] "GET /css/global.css HTTP/1.0" 200 13951 "http://operationspokaneheroes.org/" "Mozilla/4.0 (compatible; MSIE 7.0; Windows NT 6.0; SLCC1; .NET CLR 2.0.50727; .NET CLR 3.5.30729; .NET CLR 3.0.30618)"
95.28.102.230 - - [08/Jul/2013:22:47:17 -0500] "GET /slider/index.html HTTP/1.0" 200 2952 "http://operationspokaneheroes.org/" "Mozilla/4.0 (compatible; MSIE 7.0; Windows NT 6.0; SLCC1; .NET CLR 2.0.50727; .NET CLR 3.5.30729; .NET CLR 3.0.30618)"
95.28.102.230 - - [08/Jul/2013:22:47:17 -0500] "GET /css/footer.css HTTP/1.0" 200 752 "http://operationspokaneheroes.org/" "Mozilla/4.0 (compatible; MSIE 7.0; Windows NT 6.0; SLCC1; .NET CLR 2.0.50727; .NET CLR 3.5.30729; .NET CLR 3.0.30618)"
95.28.102.230 - - [08/Jul/2013:22:47:17 -0500] "GET /_inc/slide.php HTTP/1.0" 200 3205 "http://operationspokaneheroes.org/" "Mozilla/4.0 (compatible; MSIE 7.0; Windows NT 6.0; SLCC1; .NET CLR 2.0.50727; .NET CLR 3.5.30729; .NET CLR 3.0.30618)"
95.28.102.230 - - [08/Jul/2013:22:47:17 -0500] "GET /slider/css/style.css HTTP/1.0" 200 1379 "http://operationspokaneheroes.org/slider/index.html" "Mozilla/4.0 (compatible; MSIE 7.0; Windows NT 6.0; SLCC1; .NET CLR 2.0.50727; .NET CLR 3.5.30729; .NET CLR 3.0.30618)"
95.28.102.230 - - [08/Jul/2013:22:47:17 -0500] "GET /css/slide.css HTTP/1.0" 200 2869 "http://operationspokaneheroes.org/_inc/slide.php" "Mozilla/4.0 (compatible; MSIE 7.0; Windows NT 6.0; SLCC1; .NET CLR 2.0.50727; .NET CLR 3.5.30729; .NET CLR 3.0.30618)"
95.28.102.230 - - [08/Jul/2013:22:47:18 -0500] "GET /css/style_global.css HTTP/1.0" 200 2621 "http://operationspokaneheroes.org/_inc/slide.php" "Mozilla/4.0 (compatible; MSIE 7.0; Windows NT 6.0; SLCC1; .NET CLR 2.0.50727; .NET CLR 3.5.30729; .NET CLR 3.0.30618)"
95.28.102.230 - - [08/Jul/2013:22:47:18 -0500] "GET /slider/js/jquery-1.2.6.js HTTP/1.0" 200 100196 "http://operationspokaneheroes.org/slider/index.html" "Mozilla/4.0 (compatible; MSIE 7.0; Windows NT 6.0; SLCC1; .NET CLR 2.0.50727; .NET CLR 3.5.30729; .NET CLR 3.0.30618)"
95.28.102.230 - - [08/Jul/2013:22:47:19 -0500] "GET /slider/js/startstop-slider.js HTTP/1.0" 200 1737 "http://operationspokaneheroes.org/slider/index.html" "Mozilla/4.0 (compatible; MSIE 7.0; Windows NT 6.0; SLCC1; .NET CLR 2.0.50727; .NET CLR 3.5.30729; .NET CLR 3.0.30618)"
95.28.102.230 - - [08/Jul/2013:22:47:18 -0500] "GET /js/combined.js HTTP/1.0" 200 169946 "http://operationspokaneheroes.org/_inc/slide.php" "Mozilla/4.0 (compatible; MSIE 7.0; Windows NT 6.0; SLCC1; .NET CLR 2.0.50727; .NET CLR 3.5.30729; .NET CLR 3.0.30618)"
65.55.24.214 - - [08/Jul/2013:22:53:00 -0500] "GET /robots.txt HTTP/1.1" 404 - "-" "Mozilla/5.0 (compatible; bingbot/2.0; +http://www.bing.com/bingbot.htm)"
173.199.119.27 - - [08/Jul/2013:22:53:01 -0500] "GET /aboutus.php HTTP/1.1" 200 11667 "-" "Mozilla/5.0 (compatible; AhrefsBot/4.0; +http://ahrefs.com/robot/)"
65.55.24.214 - - [08/Jul/2013:22:57:50 -0500] "GET / HTTP/1.1" 200 10635 "-" "Mozilla/5.0 (compatible; bingbot/2.0; +http://www.bing.com/bingbot.htm)"
65.55.24.214 - - [08/Jul/2013:23:15:54 -0500] "GET / HTTP/1.1" 200 10635 "-" "Mozilla/5.0 (compatible; bingbot/2.0; +http://www.bing.com/bingbot.htm)"
67.185.126.31 - - [08/Jul/2013:23:25:18 -0500] "GET /donate.php HTTP/1.1" 200 11699 "http://www.google.com/url?sa=t&rct=j&q=spokane%20foundations%20for%20soldiers&source=web&cd=9&ved=0CFwQFjAI&url=http%3A%2F%2Foperationspokaneheroes.org%2Fdonate.php&ei=lZDbUdmML8OQiQLsh4G4Ag&usg=AFQjCNH8-xAxAjfo9gxNNcOrNifjEhx6XA&bvm=bv.48705608,d.cGE" "Mozilla/5.0 (compatible; MSIE 10.0; Windows NT 6.1; WOW64; Trident/6.0; EIE10;ENUSWOL)"
67.185.126.31 - - [08/Jul/2013:23:25:18 -0500] "GET /css/global.css HTTP/1.1" 200 13951 "http://operationspokaneheroes.org/donate.php" "Mozilla/5.0 (compatible; MSIE 10.0; Windows NT 6.1; WOW64; Trident/6.0; EIE10;ENUSWOL)"
67.185.126.31 - - [08/Jul/2013:23:25:18 -0500] "GET /images/facebook.png HTTP/1.1" 200 5004 "http://operationspokaneheroes.org/donate.php" "Mozilla/5.0 (compatible; MSIE 10.0; Windows NT 6.1; WOW64; Trident/6.0; EIE10;ENUSWOL)"
67.185.126.31 - - [08/Jul/2013:23:25:18 -0500] "GET /images/contacticon.png HTTP/1.1" 200 4499 "http://operationspokaneheroes.org/donate.php" "Mozilla/5.0 (compatible; MSIE 10.0; Windows NT 6.1; WOW64; Trident/6.0; EIE10;ENUSWOL)"
67.185.126.31 - - [08/Jul/2013:23:25:18 -0500] "GET /css/footer.css HTTP/1.1" 200 752 "http://operationspokaneheroes.org/donate.php" "Mozilla/5.0 (compatible; MSIE 10.0; Windows NT 6.1; WOW64; Trident/6.0; EIE10;ENUSWOL)"
67.185.126.31 - - [08/Jul/2013:23:25:18 -0500] "GET /images/global.png HTTP/1.1" 200 5737 "http://operationspokaneheroes.org/donate.php" "Mozilla/5.0 (compatible; MSIE 10.0; Windows NT 6.1; WOW64; Trident/6.0; EIE10;ENUSWOL)"
67.185.126.31 - - [08/Jul/2013:23:25:18 -0500] "GET /images/nav2.jpg HTTP/1.1" 200 4444 "http://operationspokaneheroes.org/donate.php" "Mozilla/5.0 (compatible; MSIE 10.0; Windows NT 6.1; WOW64; Trident/6.0; EIE10;ENUSWOL)"
67.185.126.31 - - [08/Jul/2013:23:25:18 -0500] "GET /_inc/slide.php HTTP/1.1" 200 3205 "http://operationspokaneheroes.org/donate.php" "Mozilla/5.0 (compatible; MSIE 10.0; Windows NT 6.1; WOW64; Trident/6.0; EIE10;ENUSWOL)"
67.185.126.31 - - [08/Jul/2013:23:25:18 -0500] "GET /mainbk.png HTTP/1.1" 200 290 "http://operationspokaneheroes.org/donate.php" "Mozilla/5.0 (compatible; MSIE 10.0; Windows NT 6.1; WOW64; Trident/6.0; EIE10;ENUSWOL)"
67.185.126.31 - - [08/Jul/2013:23:25:19 -0500] "GET /css/slide.css HTTP/1.1" 200 2869 "http://operationspokaneheroes.org/_inc/slide.php" "Mozilla/5.0 (compatible; MSIE 10.0; Windows NT 6.1; WOW64; Trident/6.0; EIE10;ENUSWOL)"
67.185.126.31 - - [08/Jul/2013:23:25:19 -0500] "GET /css/style_global.css HTTP/1.1" 200 2621 "http://operationspokaneheroes.org/_inc/slide.php" "Mozilla/5.0 (compatible; MSIE 10.0; Windows NT 6.1; WOW64; Trident/6.0; EIE10;ENUSWOL)"
67.185.126.31 - - [08/Jul/2013:23:25:18 -0500] "GET /images/bg2.jpg HTTP/1.1" 200 55206 "http://operationspokaneheroes.org/donate.php" "Mozilla/5.0 (compatible; MSIE 10.0; Windows NT 6.1; WOW64; Trident/6.0; EIE10;ENUSWOL)"
67.185.126.31 - - [08/Jul/2013:23:25:18 -0500] "GET /images/logo.png HTTP/1.1" 200 226129 "http://operationspokaneheroes.org/donate.php" "Mozilla/5.0 (compatible; MSIE 10.0; Windows NT 6.1; WOW64; Trident/6.0; EIE10;ENUSWOL)"
67.185.126.31 - - [08/Jul/2013:23:25:19 -0500] "GET /js/combined.js HTTP/1.1" 200 169946 "http://operationspokaneheroes.org/_inc/slide.php" "Mozilla/5.0 (compatible; MSIE 10.0; Windows NT 6.1; WOW64; Trident/6.0; EIE10;ENUSWOL)"
67.185.126.31 - - [08/Jul/2013:23:25:20 -0500] "GET /assets/images/btn_top_search_hover.png HTTP/1.1" 404 - "http://operationspokaneheroes.org/_inc/slide.php" "Mozilla/5.0 (compatible; MSIE 10.0; Windows NT 6.1; WOW64; Trident/6.0; EIE10;ENUSWOL)"
67.185.126.31 - - [08/Jul/2013:23:25:20 -0500] "GET /assets/images/btn_main_search_hover.png HTTP/1.1" 404 - "http://operationspokaneheroes.org/_inc/slide.php" "Mozilla/5.0 (compatible; MSIE 10.0; Windows NT 6.1; WOW64; Trident/6.0; EIE10;ENUSWOL)"
67.185.126.31 - - [08/Jul/2013:23:25:20 -0500] "GET /images/we_believe.png HTTP/1.1" 200 1785 "http://operationspokaneheroes.org/_inc/slide.php" "Mozilla/5.0 (compatible; MSIE 10.0; Windows NT 6.1; WOW64; Trident/6.0; EIE10;ENUSWOL)"
67.185.126.31 - - [08/Jul/2013:23:25:20 -0500] "GET /images/mission_statement_bg.png HTTP/1.1" 200 11413 "http://operationspokaneheroes.org/_inc/slide.php" "Mozilla/5.0 (compatible; MSIE 10.0; Windows NT 6.1; WOW64; Trident/6.0; EIE10;ENUSWOL)"
67.185.126.31 - - [08/Jul/2013:23:25:20 -0500] "GET /images/we_strive.png HTTP/1.1" 200 1981 "http://operationspokaneheroes.org/_inc/slide.php" "Mozilla/5.0 (compatible; MSIE 10.0; Windows NT 6.1; WOW64; Trident/6.0; EIE10;ENUSWOL)"
67.185.126.31 - - [08/Jul/2013:23:25:20 -0500] "GET /images/we_help.png HTTP/1.1" 200 1514 "http://operationspokaneheroes.org/_inc/slide.php" "Mozilla/5.0 (compatible; MSIE 10.0; Windows NT 6.1; WOW64; Trident/6.0; EIE10;ENUSWOL)"
67.185.126.31 - - [08/Jul/2013:23:25:20 -0500] "GET /favicon.ico HTTP/1.1" 404 - "-" "Mozilla/5.0 (compatible; MSIE 10.0; Windows NT 6.1; Win64; x64; Trident/6.0; EIE10;ENUSWOL)"
67.185.126.31 - - [08/Jul/2013:23:25:20 -0500] "GET /images/we_need.png HTTP/1.1" 200 2138 "http://operationspokaneheroes.org/_inc/slide.php" "Mozilla/5.0 (compatible; MSIE 10.0; Windows NT 6.1; WOW64; Trident/6.0; EIE10;ENUSWOL)"
67.185.126.31 - - [08/Jul/2013:23:25:20 -0500] "GET /images/2.jpg HTTP/1.1" 200 170993 "http://operationspokaneheroes.org/_inc/slide.php" "Mozilla/5.0 (compatible; MSIE 10.0; Windows NT 6.1; WOW64; Trident/6.0; EIE10;ENUSWOL)"
67.185.126.31 - - [08/Jul/2013:23:25:20 -0500] "GET /images/4.jpg HTTP/1.1" 200 186934 "http://operationspokaneheroes.org/_inc/slide.php" "Mozilla/5.0 (compatible; MSIE 10.0; Windows NT 6.1; WOW64; Trident/6.0; EIE10;ENUSWOL)"
67.185.126.31 - - [08/Jul/2013:23:25:20 -0500] "GET /images/3.jpg HTTP/1.1" 200 240733 "http://operationspokaneheroes.org/_inc/slide.php" "Mozilla/5.0 (compatible; MSIE 10.0; Windows NT 6.1; WOW64; Trident/6.0; EIE10;ENUSWOL)"
67.185.126.31 - - [08/Jul/2013:23:25:20 -0500] "GET /images/1.jpg HTTP/1.1" 200 142489 "http://operationspokaneheroes.org/_inc/slide.php" "Mozilla/5.0 (compatible; MSIE 10.0; Windows NT 6.1; WOW64; Trident/6.0; EIE10;ENUSWOL)"
109.120.157.179 - - [08/Jul/2013:23:31:47 -0500] "GET / HTTP/1.1" 200 10635 "http://nagus.net/" "Mozilla/5.0 (compatible; Add Catalog/2.1;)"
109.120.157.179 - - [08/Jul/2013:23:31:48 -0500] "GET / HTTP/1.1" 200 10635 "http://nagus.net/" "Mozilla/5.0 (compatible; Add Catalog/2.1;)"
66.249.73.216 - - [08/Jul/2013:23:35:22 -0500] "GET /pdf/2013%20Salute%20Armed%20Forces.pdf HTTP/1.1" 304 - "-" "Mozilla/5.0 (iPhone; U; CPU iPhone OS 4_1 like Mac OS X; en-us) AppleWebKit/532.9 (KHTML, like Gecko) Version/4.0.5 Mobile/8B117 Safari/6531.22.7 (compatible; Googlebot-Mobile/2.1; +http://www.google.com/bot.html)"
199.87.252.191 - - [08/Jul/2013:23:38:54 -0500] "GET /robots.txt HTTP/1.1" 404 - "-" "Mozilla/5.0 (compatible; Blekkobot; ScoutJet; +http://blekko.com/about/blekkobot)"
199.87.252.191 - - [08/Jul/2013:23:38:54 -0500] "GET / HTTP/1.1" 200 10635 "-" "Mozilla/5.0 (compatible; Blekkobot; ScoutJet; +http://blekko.com/about/blekkobot)"
173.199.119.27 - - [08/Jul/2013:23:49:24 -0500] "GET /contact.php HTTP/1.1" 200 10519 "-" "Mozilla/5.0 (compatible; AhrefsBot/4.0; +http://ahrefs.com/robot/)"
157.55.35.114 - - [09/Jul/2013:00:27:36 -0500] "GET /robots.txt HTTP/1.1" 404 - "-" "Mozilla/5.0 (compatible; bingbot/2.0; +http://www.bing.com/bingbot.htm)"
157.55.35.114 - - [09/Jul/2013:00:28:15 -0500] "GET /pdf/Christmas%20Carrousel%20Flyer2011.pdf HTTP/1.1" 404 - "-" "Mozilla/5.0 (compatible; bingbot/2.0; +http://www.bing.com/bingbot.htm)"
157.55.32.109 - - [09/Jul/2013:00:33:38 -0500] "GET /robots.txt HTTP/1.1" 404 - "-" "Mozilla/5.0 (compatible; bingbot/2.0; +http://www.bing.com/bingbot.htm)"
157.55.32.109 - - [09/Jul/2013:00:34:13 -0500] "GET / HTTP/1.1" 200 10635 "-" "Mozilla/5.0 (compatible; bingbot/2.0; +http://www.bing.com/bingbot.htm)"
157.55.32.109 - - [09/Jul/2013:01:14:13 -0500] "GET / HTTP/1.1" 200 10635 "-" "Mozilla/5.0 (compatible; bingbot/2.0; +http://www.bing.com/bingbot.htm)"
199.21.99.103 - - [09/Jul/2013:01:19:45 -0500] "GET /events/vet_picnic/vet_picnic.html HTTP/1.1" 200 3163 "-" "Mozilla/5.0 (compatible; YandexBot/3.0; +http://yandex.com/bots)"
66.249.73.53 - - [09/Jul/2013:01:20:18 -0500] "GET /pdf/Survival%20Camp%202013%202%20pg%20flyer.pdf HTTP/1.1" 200 781521 "-" "Googlebot/2.1 (+http://www.google.com/bot.html)"
157.55.32.109 - - [09/Jul/2013:01:37:47 -0500] "GET / HTTP/1.1" 200 10635 "-" "Mozilla/5.0 (compatible; bingbot/2.0; +http://www.bing.com/bingbot.htm)"
157.55.32.109 - - [09/Jul/2013:01:56:13 -0500] "GET / HTTP/1.1" 200 10635 "-" "Mozilla/5.0 (compatible; bingbot/2.0; +http://www.bing.com/bingbot.htm)"
199.21.99.103 - - [09/Jul/2013:02:07:49 -0500] "GET /events/ermy_event/ermy.html HTTP/1.1" 200 3507 "-" "Mozilla/5.0 (compatible; YandexBot/3.0; +http://yandex.com/bots)"
157.55.32.109 - - [09/Jul/2013:02:16:12 -0500] "GET / HTTP/1.1" 200 10635 "-" "Mozilla/5.0 (compatible; bingbot/2.0; +http://www.bing.com/bingbot.htm)"
46.105.59.74 - - [09/Jul/2013:02:21:37 -0500] "HEAD / HTTP/1.1" 200 - "-" "Mozilla/5.0 (Windows NT 6.1; WOW64) AppleWebKit/537.36 (KHTML, like Gecko) Chrome/27.0.1453.116 Safari/537.36"
157.55.32.109 - - [09/Jul/2013:02:37:12 -0500] "GET / HTTP/1.1" 200 10635 "-" "Mozilla/5.0 (compatible; bingbot/2.0; +http://www.bing.com/bingbot.htm)"
157.55.32.109 - - [09/Jul/2013:02:56:40 -0500] "GET / HTTP/1.1" 200 10635 "-" "Mozilla/5.0 (compatible; bingbot/2.0; +http://www.bing.com/bingbot.htm)"
173.199.119.27 - - [09/Jul/2013:03:18:07 -0500] "GET /slider/index.html HTTP/1.1" 200 2952 "-" "Mozilla/5.0 (compatible; AhrefsBot/4.0; +http://ahrefs.com/robot/)"
74.208.5.52 - - [09/Jul/2013:03:21:52 -0500] "GET / HTTP/1.1" 200 10635 "" "Mozilla/5.0 (Windows NT 6.1; WOW64; rv:14.0) Gecko/20100101 Firefox/14.0.1"
74.208.5.52 - - [09/Jul/2013:03:21:53 -0500] "GET / HTTP/1.1" 200 10635 "-" "spider"
157.55.32.109 - - [09/Jul/2013:03:22:48 -0500] "GET / HTTP/1.1" 200 10635 "-" "Mozilla/5.0 (compatible; bingbot/2.0; +http://www.bing.com/bingbot.htm)"
198.27.68.174 - - [09/Jul/2013:03:27:02 -0500] "POST /aboutus.php HTTP/1.1" 200 11667 "-" "-"
157.55.32.109 - - [09/Jul/2013:03:28:40 -0500] "GET / HTTP/1.1" 200 10635 "-" "Mozilla/5.0 (compatible; bingbot/2.0; +http://www.bing.com/bingbot.htm)"
173.199.119.27 - - [09/Jul/2013:03:46:33 -0500] "GET /slider/index.html HTTP/1.1" 200 2952 "-" "Mozilla/5.0 (compatible; AhrefsBot/4.0; +http://ahrefs.com/robot/)"
66.249.73.216 - - [09/Jul/2013:03:48:12 -0500] "GET /pdf/2013%20Salute%20Armed%20Forces.pdf HTTP/1.1" 304 - "-" "SAMSUNG-SGH-E250/1.0 Profile/MIDP-2.0 Configuration/CLDC-1.1 UP.Browser/6.2.3.3.c.1.101 (GUI) MMP/2.0 (compatible; Googlebot-Mobile/2.1; +http://www.google.com/bot.html)"
66.249.73.53 - - [09/Jul/2013:03:55:04 -0500] "GET /pdf/Spokane%20Indians%20Pennant%20poster-color%20copy.pdf HTTP/1.1" 200 1793914 "-" "Googlebot/2.1 (+http://www.google.com/bot.html)"
46.229.164.102 - - [09/Jul/2013:03:56:46 -0500] "GET /aboutus.php HTTP/1.1" 200 11667 "-" "Mozilla/5.0 (compatible; SemrushBot/0.96.3; +http://www.semrush.com/bot.html)"
157.55.32.109 - - [09/Jul/2013:04:00:38 -0500] "GET / HTTP/1.1" 200 10635 "-" "Mozilla/5.0 (compatible; bingbot/2.0; +http://www.bing.com/bingbot.htm)"
208.115.111.70 - - [09/Jul/2013:04:20:23 -0500] "GET /robots.txt HTTP/1.1" 404 - "-" "Mozilla/5.0 (compatible; Ezooms/1.0; ezooms.bot@gmail.com)"
46.229.164.101 - - [09/Jul/2013:04:22:44 -0500] "GET / HTTP/1.1" 200 10635 "-" "Mozilla/5.0 (compatible; SemrushBot/0.96.3; +http://www.semrush.com/bot.html)"
180.76.5.190 - - [09/Jul/2013:04:40:00 -0500] "GET /java_for_joes/index.html HTTP/1.1" 404 - "-" "Mozilla/5.0 (compatible; Baiduspider/2.0; +http://www.baidu.com/search/spider.html)"
66.249.73.53 - - [09/Jul/2013:05:04:48 -0500] "GET /pdf/march_for_the%20_fallen.pdf HTTP/1.1" 200 1178567 "-" "Googlebot/2.1 (+http://www.google.com/bot.html)"
198.27.68.174 - - [09/Jul/2013:05:05:57 -0500] "POST /aboutus.php HTTP/1.1" 200 11667 "-" "-"
157.55.32.109 - - [09/Jul/2013:05:12:45 -0500] "GET /robots.txt HTTP/1.1" 404 - "-" "Mozilla/5.0 (compatible; bingbot/2.0; +http://www.bing.com/bingbot.htm)"
157.55.32.109 - - [09/Jul/2013:05:13:45 -0500] "GET / HTTP/1.1" 200 10635 "-" "Mozilla/5.0 (compatible; bingbot/2.0; +http://www.bing.com/bingbot.htm)"
208.115.111.70 - - [09/Jul/2013:05:27:36 -0500] "GET /donate.php HTTP/1.1" 200 11699 "-" "Mozilla/5.0 (compatible; Ezooms/1.0; ezooms.bot@gmail.com)"
180.76.6.225 - - [09/Jul/2013:05:37:47 -0500] "GET /java_for_joes/index.html HTTP/1.1" 404 - "-" "Mozilla/5.0 (compatible; Baiduspider/2.0; +http://www.baidu.com/search/spider.html)"
202.46.54.34 - - [09/Jul/2013:05:37:54 -0500] "GET / HTTP/1.1" 200 10635 "-" "Mozilla/4.0 (compatible; MSIE 7.0; Windows NT 6.0)"
119.63.193.194 - - [09/Jul/2013:05:37:55 -0500] "GET / HTTP/1.1" 200 10635 "-" "Mozilla/4.0 (compatible; MSIE 7.0; Windows NT 6.0)"
202.46.62.47 - - [09/Jul/2013:05:52:48 -0500] "GET /java_for_joes/index.html?3e3ea140 HTTP/1.1" 404 - "-" "Mozilla/5.0 (Windows NT 5.1; rv:6.0.2) Gecko/20100101 Firefox/6.0.2"
180.76.5.101 - - [09/Jul/2013:06:08:59 -0500] "GET /java_for_joes/index.html HTTP/1.1" 404 - "-" "Mozilla/5.0 (compatible; Baiduspider/2.0; +http://www.baidu.com/search/spider.html)"
198.200.32.92 - - [09/Jul/2013:06:15:05 -0500] "GET /aboutus.php HTTP/1.0" 200 11667 "http://operationspokaneheroes.org/aboutus.php" "Opera/9.80 (Windows NT 6.2; WOW64; MRA 8.0 (build 5784)) Presto/2.12.388 Version/12.10"
157.55.32.109 - - [09/Jul/2013:06:47:56 -0500] "GET /robots.txt HTTP/1.1" 404 - "-" "Mozilla/5.0 (compatible; bingbot/2.0; +http://www.bing.com/bingbot.htm)"
157.55.32.109 - - [09/Jul/2013:06:48:48 -0500] "GET / HTTP/1.1" 200 10635 "-" "Mozilla/5.0 (compatible; bingbot/2.0; +http://www.bing.com/bingbot.htm)"
178.156.154.125 - - [09/Jul/2013:07:35:26 -0500] "GET / HTTP/1.1" 200 10635 "-" "Mozilla/5.0 (Windows; U; MSIE 9.0; Windows NT 9.0; en-US)"
178.156.154.125 - - [09/Jul/2013:07:35:30 -0500] "GET /index.php HTTP/1.1" 200 10635 "-" "Mozilla/5.0 (Windows; U; MSIE 9.0; Windows NT 9.0; en-US)"
178.156.154.125 - - [09/Jul/2013:07:35:31 -0500] "GET /aboutus.php HTTP/1.1" 200 11667 "-" "Mozilla/5.0 (Windows; U; MSIE 9.0; Windows NT 9.0; en-US)"
178.156.154.125 - - [09/Jul/2013:07:35:32 -0500] "GET /contact.php HTTP/1.1" 200 10519 "-" "Mozilla/5.0 (Windows; U; MSIE 9.0; Windows NT 9.0; en-US)"
178.156.154.125 - - [09/Jul/2013:07:35:32 -0500] "GET /donate.php HTTP/1.1" 200 11699 "-" "Mozilla/5.0 (Windows; U; MSIE 9.0; Windows NT 9.0; en-US)"
178.156.154.125 - - [09/Jul/2013:07:35:33 -0500] "GET /business.php HTTP/1.1" 200 10813 "-" "Mozilla/5.0 (Windows; U; MSIE 9.0; Windows NT 9.0; en-US)"
178.156.154.125 - - [09/Jul/2013:07:35:33 -0500] "GET /calendar.php HTTP/1.1" 200 10644 "-" "Mozilla/5.0 (Windows; U; MSIE 9.0; Windows NT 9.0; en-US)"
178.156.154.125 - - [09/Jul/2013:07:35:34 -0500] "GET /events.php HTTP/1.1" 200 6407 "-" "Mozilla/5.0 (Windows; U; MSIE 9.0; Windows NT 9.0; en-US)"
178.156.154.125 - - [09/Jul/2013:07:35:35 -0500] "GET /_inc/slide.php HTTP/1.1" 200 3205 "-" "Mozilla/5.0 (Windows; U; MSIE 9.0; Windows NT 9.0; en-US)"
178.156.154.125 - - [09/Jul/2013:07:35:35 -0500] "GET /freedom.php HTTP/1.1" 200 11227 "-" "Mozilla/5.0 (Windows; U; MSIE 9.0; Windows NT 9.0; en-US)"
178.156.154.125 - - [09/Jul/2013:07:35:36 -0500] "GET /slider/index.html HTTP/1.1" 200 2952 "-" "Mozilla/5.0 (Windows; U; MSIE 9.0; Windows NT 9.0; en-US)"
178.156.154.125 - - [09/Jul/2013:07:35:36 -0500] "GET /_inc/contact.php HTTP/1.1" 200 756 "-" "Mozilla/5.0 (Windows; U; MSIE 9.0; Windows NT 9.0; en-US)"
178.156.154.125 - - [09/Jul/2013:07:35:37 -0500] "GET /events/carousel_11/carousel_11.html HTTP/1.1" 200 3712 "-" "Mozilla/5.0 (Windows; U; MSIE 9.0; Windows NT 9.0; en-US)"
178.156.154.125 - - [09/Jul/2013:07:35:37 -0500] "GET /events/vet_picnic/vet_picnic.html HTTP/1.1" 200 3163 "-" "Mozilla/5.0 (Windows; U; MSIE 9.0; Windows NT 9.0; en-US)"
178.156.154.125 - - [09/Jul/2013:07:35:37 -0500] "GET /events/ermy_event/ermy.html HTTP/1.1" 200 3507 "-" "Mozilla/5.0 (Windows; U; MSIE 9.0; Windows NT 9.0; en-US)"
178.156.154.125 - - [09/Jul/2013:07:35:39 -0500] "GET /join/ HTTP/1.1" 404 - "-" "Mozilla/5.0 (Windows; U; MSIE 9.0; Windows NT 9.0; en-US)"
178.156.154.125 - - [09/Jul/2013:07:35:39 -0500] "GET / HTTP/1.1" 200 10635 "-" "Mozilla/5.0 (Windows; U; MSIE 9.0; Windows NT 9.0; en-US)"
178.156.154.125 - - [09/Jul/2013:07:35:40 -0500] "GET /contact/contactengine.php HTTP/1.1" 200 61 "-" "Mozilla/5.0 (Windows; U; MSIE 9.0; Windows NT 9.0; en-US)"
178.156.154.125 - - [09/Jul/2013:07:35:40 -0500] "GET /contact/contactengine.phpcontactthanks.php HTTP/1.1" 404 - "-" "Mozilla/5.0 (Windows; U; MSIE 9.0; Windows NT 9.0; en-US)"
202.46.62.152 - - [09/Jul/2013:07:50:55 -0500] "GET /java_for_joes/index.html HTTP/1.1" 404 - "-" "Mozilla/5.0 (Windows NT 5.1; rv:6.0.2) Gecko/20100101 Firefox/6.0.2"
180.76.6.233 - - [09/Jul/2013:08:06:58 -0500] "GET /java_for_joes/index.html HTTP/1.1" 404 - "-" "Mozilla/5.0 (compatible; Baiduspider/2.0; +http://www.baidu.com/search/spider.html)"
66.135.38.216 - - [09/Jul/2013:08:22:45 -0500] "GET /index.php?option=com_jce&task=plugin&plugin=imgmanager&file=imgmanager&version=1576&cid=20 HTTP/1.1" 200 10635 "-" "PycURL/7.23.1"
173.208.180.234 - - [09/Jul/2013:08:55:22 -0500] "GET /robots.txt HTTP/1.0" 404 - "-" "Mozilla/5.0 (compatible; MJ12bot/v1.4.3; http://www.majestic12.co.uk/bot.php?+)"
173.208.180.234 - - [09/Jul/2013:08:55:23 -0500] "GET /_inc/contact.php HTTP/1.0" 200 756 "-" "Mozilla/5.0 (compatible; MJ12bot/v1.4.3; http://www.majestic12.co.uk/bot.php?+)"
173.208.180.234 - - [09/Jul/2013:08:55:25 -0500] "GET /events/carousel_11/carousel_11.html HTTP/1.0" 200 3712 "-" "Mozilla/5.0 (compatible; MJ12bot/v1.4.3; http://www.majestic12.co.uk/bot.php?+)"
173.208.180.234 - - [09/Jul/2013:08:55:26 -0500] "GET /events/ermy_event/ermy.html HTTP/1.0" 200 3507 "-" "Mozilla/5.0 (compatible; MJ12bot/v1.4.3; http://www.majestic12.co.uk/bot.php?+)"
173.208.180.234 - - [09/Jul/2013:08:55:28 -0500] "GET /events/vet_picnic/vet_picnic.html HTTP/1.0" 200 3163 "-" "Mozilla/5.0 (compatible; MJ12bot/v1.4.3; http://www.majestic12.co.uk/bot.php?+)"
66.249.73.53 - - [09/Jul/2013:08:57:59 -0500] "GET /robots.txt HTTP/1.1" 404 - "-" "Mozilla/5.0 (compatible; Googlebot/2.1; +http://www.google.com/bot.html)"
66.249.73.53 - - [09/Jul/2013:08:57:59 -0500] "GET / HTTP/1.1" 200 10635 "-" "Mozilla/5.0 (iPhone; U; CPU iPhone OS 4_1 like Mac OS X; en-us) AppleWebKit/532.9 (KHTML, like Gecko) Version/4.0.5 Mobile/8B117 Safari/6531.22.7 (compatible; Googlebot-Mobile/2.1; +http://www.google.com/bot.html)"
180.76.5.183 - - [09/Jul/2013:08:59:33 -0500] "GET /robots.txt HTTP/1.1" 404 - "-" "Mozilla/5.0 (Windows NT 5.1; rv:6.0.2) Gecko/20100101 Firefox/6.0.2"
66.249.73.216 - - [09/Jul/2013:09:07:09 -0500] "GET /robots.txt HTTP/1.1" 404 - "-" "Mozilla/5.0 (compatible; Googlebot/2.1; +http://www.google.com/bot.html)"
66.249.73.216 - - [09/Jul/2013:09:07:09 -0500] "GET / HTTP/1.1" 200 10635 "-" "Mozilla/5.0 (iPhone; U; CPU iPhone OS 4_1 like Mac OS X; en-us) AppleWebKit/532.9 (KHTML, like Gecko) Version/4.0.5 Mobile/8B117 Safari/6531.22.7 (compatible; Googlebot-Mobile/2.1; +http://www.google.com/bot.html)"
195.242.218.133 - - [09/Jul/2013:09:40:43 -0500] "GET / HTTP/1.1" 200 10635 "http://www.bsn.ru/" "Mozilla/4.0 (compatible; MSIE 6.0; Windows NT 5.1; SV1; MRA 4.6 (build 01425); MRSPUTNIK 1, 5, 0, 19 SW)"
195.242.218.133 - - [09/Jul/2013:09:40:47 -0500] "GET / HTTP/1.1" 200 10635 "http://www.bsn.ru/" "Mozilla/4.0 (compatible; MSIE 6.0; Windows NT 5.1; SV1; MRA 4.6 (build 01425); MRSPUTNIK 1, 5, 0, 19 SW)"
199.21.99.103 - - [09/Jul/2013:11:23:08 -0500] "GET /robots.txt HTTP/1.1" 404 - "-" "Mozilla/5.0 (compatible; YandexBot/3.0; +http://yandex.com/bots)"
199.21.99.103 - - [09/Jul/2013:11:23:11 -0500] "GET /slider/index.html HTTP/1.1" 200 2952 "-" "Mozilla/5.0 (compatible; YandexBot/3.0; +http://yandex.com/bots)"
66.249.73.216 - - [09/Jul/2013:11:45:11 -0500] "GET /events.php HTTP/1.1" 200 6407 "-" "Mozilla/5.0 (iPhone; U; CPU iPhone OS 4_1 like Mac OS X; en-us) AppleWebKit/532.9 (KHTML, like Gecko) Version/4.0.5 Mobile/8B117 Safari/6531.22.7 (compatible; Googlebot-Mobile/2.1; +http://www.google.com/bot.html)"
157.55.32.109 - - [09/Jul/2013:12:06:50 -0500] "GET /robots.txt HTTP/1.1" 404 - "-" "Mozilla/5.0 (compatible; bingbot/2.0; +http://www.bing.com/bingbot.htm)"
157.55.32.109 - - [09/Jul/2013:12:07:43 -0500] "GET / HTTP/1.1" 200 10635 "-" "Mozilla/5.0 (compatible; bingbot/2.0; +http://www.bing.com/bingbot.htm)"
220.181.108.165 - - [09/Jul/2013:12:48:14 -0500] "GET /images/global.png HTTP/1.1" 200 5737 "-" "Baiduspider-image+(+http://www.baidu.com/search/spider.htm)"
66.249.83.210 - - [09/Jul/2013:13:37:22 -0500] "GET / HTTP/1.1" 200 10635 "-" "Mozilla/5.0 (Windows NT 6.1; rv:6.0) Gecko/20110814 Firefox/6.0 Google (+https://developers.google.com/+/web/snippet/)"
66.249.83.210 - - [09/Jul/2013:13:37:22 -0500] "GET /favicon.ico HTTP/1.1" 404 - "-" "Mozilla/5.0 (Windows NT 6.1; rv:6.0) Gecko/20110814 Firefox/6.0 Google (+https://developers.google.com/+/web/snippet/)"
198.200.33.1 - - [09/Jul/2013:13:58:02 -0500] "GET /aboutus.php HTTP/1.0" 200 11667 "http://operationspokaneheroes.org/aboutus.php" "Opera/9.80 (Windows NT 6.1; WOW64; MRA 8.0 (build 5784)) Presto/2.12.388 Version/12.10"
180.76.6.222 - - [09/Jul/2013:14:39:29 -0500] "GET /js/'+s.src+' HTTP/1.1" 404 - "-" "Mozilla/5.0 (compatible; Baiduspider/2.0; +http://www.baidu.com/search/spider.html)"
66.249.73.216 - - [09/Jul/2013:16:00:29 -0500] "GET / HTTP/1.1" 200 10635 "-" "DoCoMo/2.0 N905i(c100;TB;W24H16) (compatible; Googlebot-Mobile/2.1; +http://www.google.com/bot.html)"
66.249.73.216 - - [09/Jul/2013:16:15:20 -0500] "GET /images/imagslider-7.png HTTP/1.1" 304 - "-" "Googlebot-Image/1.0"
157.55.32.109 - - [09/Jul/2013:16:39:36 -0500] "GET /robots.txt HTTP/1.1" 404 - "-" "Mozilla/5.0 (compatible; bingbot/2.0; +http://www.bing.com/bingbot.htm)"
157.55.32.109 - - [09/Jul/2013:16:40:11 -0500] "GET /pdf/OSH%20Freedom%20Fridays%20Flyer%20w-back.pdf HTTP/1.1" 200 1146408 "-" "Mozilla/5.0 (compatible; bingbot/2.0; +http://www.bing.com/bingbot.htm)"
157.55.35.114 - - [09/Jul/2013:17:00:38 -0500] "GET /pdf/freaky_farms.pdf HTTP/1.1" 200 390664 "-" "Mozilla/5.0 (compatible; bingbot/2.0; +http://www.bing.com/bingbot.htm)"
66.249.85.216 - - [09/Jul/2013:17:27:40 -0500] "GET / HTTP/1.1" 200 10635 "-" "Mozilla/5.0 (Windows NT 6.1; rv:6.0) Gecko/20110814 Firefox/6.0 Google (+https://developers.google.com/+/web/snippet/)"
66.249.85.216 - - [09/Jul/2013:17:27:40 -0500] "GET /favicon.ico HTTP/1.1" 404 - "-" "Mozilla/5.0 (Windows NT 6.1; rv:6.0) Gecko/20110814 Firefox/6.0 Google (+https://developers.google.com/+/web/snippet/)"
66.249.85.216 - - [09/Jul/2013:17:27:41 -0500] "GET /favicon.ico HTTP/1.1" 404 - "-" "Mozilla/5.0 (Windows NT 6.1; rv:6.0) Gecko/20110814 Firefox/6.0 Google (+https://developers.google.com/+/web/snippet/)"
66.249.85.216 - - [09/Jul/2013:17:27:42 -0500] "GET /favicon.ico HTTP/1.1" 404 - "-" "Mozilla/5.0 (Windows NT 6.1; rv:6.0) Gecko/20110814 Firefox/6.0 Google (+https://developers.google.com/+/web/snippet/)"
66.249.73.216 - - [09/Jul/2013:17:38:27 -0500] "GET /events/vet_picnic/images/4.jpg HTTP/1.1" 304 - "-" "Googlebot-Image/1.0"
66.249.73.216 - - [09/Jul/2013:19:27:55 -0500] "GET /slider/index.html HTTP/1.1" 200 2952 "-" "Mozilla/5.0 (compatible; Googlebot/2.1; +http://www.google.com/bot.html)"
202.46.48.99 - - [09/Jul/2013:19:40:06 -0500] "GET /java_for_joes/index.html HTTP/1.1" 404 - "-" "Mozilla/5.0 (Windows NT 5.1; rv:6.0.2) Gecko/20100101 Firefox/6.0.2"
157.55.35.114 - - [09/Jul/2013:20:05:31 -0500] "GET /robots.txt HTTP/1.1" 404 - "-" "Mozilla/5.0 (compatible; bingbot/2.0; +http://www.bing.com/bingbot.htm)"
