77.75.77.17 - - [07/Apr/2012:00:13:09 -0500] "GET /robots.txt HTTP/1.1" 404 - "-" "SeznamBot/3.0 (+http://fulltext.sblog.cz/)"
77.75.77.17 - - [07/Apr/2012:00:13:10 -0500] "GET / HTTP/1.1" 200 10288 "-" "SeznamBot/3.0 (+http://fulltext.sblog.cz/)"
1.202.218.8 - - [07/Apr/2012:00:15:08 -0500] "GET /robots.txt HTTP/1.0" 404 - "-" "\"Mozilla/5.0"
207.46.194.88 - - [07/Apr/2012:00:22:53 -0500] "GET /robots.txt HTTP/1.1" 404 - "-" "msnbot-media/1.1 (+http://search.msn.com/msnbot.htm)"
207.46.194.88 - - [07/Apr/2012:00:22:53 -0500] "GET /events/bbq/images/7.jpg HTTP/1.1" 404 - "-" "msnbot-media/1.1 (+http://search.msn.com/msnbot.htm)"
66.249.67.18 - - [07/Apr/2012:01:16:59 -0500] "GET /robots.txt HTTP/1.1" 404 - "-" "Mozilla/5.0 (compatible; Googlebot/2.1; +http://www.google.com/bot.html)"
66.249.67.18 - - [07/Apr/2012:01:16:59 -0500] "GET /pdf/REVISION2%20Military%20Kids%20Camp%202012%20(2).pdf HTTP/1.1" 304 - "-" "Mozilla/5.0 (compatible; Googlebot/2.1; +http://www.google.com/bot.html)"
208.115.111.70 - - [07/Apr/2012:01:36:43 -0500] "GET /robots.txt HTTP/1.1" 404 - "-" "Mozilla/5.0 (compatible; Ezooms/1.0; ezooms.bot@gmail.com)"
94.153.64.185 - - [07/Apr/2012:02:47:11 -0500] "GET / HTTP/1.1" 200 10288 "http://ororod.3bb.ru/" "Mozilla/5.0 (compatible; Googlebot/2.1; +http://www.google.com/bot.html)"
208.115.111.70 - - [07/Apr/2012:03:02:51 -0500] "GET /business_discount.php HTTP/1.1" 404 - "-" "Mozilla/5.0 (compatible; Ezooms/1.0; ezooms.bot@gmail.com)"
180.76.5.156 - - [07/Apr/2012:03:28:37 -0500] "GET /java_for_joes/index.html HTTP/1.1" 404 - "-" "Mozilla/5.0 (compatible; Baiduspider/2.0; +http://www.baidu.com/search/spider.html)"
1.202.218.8 - - [07/Apr/2012:03:32:08 -0500] "GET /robots.txt HTTP/1.0" 404 - "-" "\"Mozilla/5.0"
66.249.67.18 - - [07/Apr/2012:04:20:25 -0500] "GET /donate.php HTTP/1.1" 200 12791 "-" "Mozilla/5.0 (iPhone; U; CPU iPhone OS 4_1 like Mac OS X; en-us) AppleWebKit/532.9 (KHTML, like Gecko) Version/4.0.5 Mobile/8B117 Safari/6531.22.7 (compatible; Googlebot-Mobile/2.1; +http://www.google.com/bot.html)"
100.43.83.155 - - [07/Apr/2012:05:46:23 -0500] "GET /contact.php HTTP/1.1" 200 10298 "-" "Mozilla/5.0 (compatible; YandexBot/3.0; +http://yandex.com/bots)"
1.202.218.8 - - [07/Apr/2012:06:57:36 -0500] "GET /robots.txt HTTP/1.0" 404 - "-" "\"Mozilla/5.0"
46.229.160.208 - - [07/Apr/2012:07:21:16 -0500] "GET /pdf/The%20new%20address%20for%20the%20National%20Personnel%20Records%20Center%20is.pdf HTTP/1.1" 404 - "-" "Mozilla/5.0 (Windows; U; Windows NT 5.1; en-US; rv:1.8.1.20) Gecko/20081217 Firefox/2.0.0.20"
193.106.136.55 - - [07/Apr/2012:07:33:39 -0500] "GET / HTTP/1.1" 200 10108 "http://ublaze.ru/" "Mozilla/5.0 (compatible; Googlebot/2.1; +http://www.google.com/bot.html)"
207.46.199.238 - - [07/Apr/2012:09:13:36 -0500] "GET /robots.txt HTTP/1.1" 404 - "-" "msnbot-media/1.1 (+http://search.msn.com/msnbot.htm)"
207.46.199.238 - - [07/Apr/2012:09:13:36 -0500] "GET /events/bbq/images/8.jpg HTTP/1.1" 404 - "-" "msnbot-media/1.1 (+http://search.msn.com/msnbot.htm)"
150.70.97.42 - - [07/Apr/2012:09:13:54 -0500] "GET /js/cufon-yui.js HTTP/1.0" 200 18257 "-" "Mozilla/4.0 (compatible; MSIE 6.0; Windows NT 5.1)"
180.76.6.211 - - [07/Apr/2012:09:19:54 -0500] "GET /index.php HTTP/1.1" 200 10288 "-" "Mozilla/5.0 (compatible; Baiduspider/2.0; +http://www.baidu.com/search/spider.html)"
180.76.6.213 - - [07/Apr/2012:09:19:55 -0500] "GET / HTTP/1.1" 200 10288 "-" "Mozilla/5.0 (compatible; Baiduspider/2.0; +http://www.baidu.com/search/spider.html)"
109.120.157.179 - - [07/Apr/2012:09:21:03 -0500] "GET / HTTP/1.1" 200 10288 "http://cs-wh.ru/" "Mozilla/5.0 (compatible; Googlebot/2.1; +http://www.google.com/bot.html)"
1.202.218.8 - - [07/Apr/2012:10:20:08 -0500] "GET /robots.txt HTTP/1.0" 404 - "-" "\"Mozilla/5.0"
207.46.194.74 - - [07/Apr/2012:11:56:31 -0500] "GET /robots.txt HTTP/1.1" 404 - "-" "msnbot-media/1.1 (+http://search.msn.com/msnbot.htm)"
207.46.194.74 - - [07/Apr/2012:11:56:31 -0500] "GET /events/bbq/images/3.jpg HTTP/1.1" 404 - "-" "msnbot-media/1.1 (+http://search.msn.com/msnbot.htm)"
1.202.218.8 - - [07/Apr/2012:13:41:34 -0500] "GET /robots.txt HTTP/1.0" 404 - "-" "\"Mozilla/5.0"
180.76.6.35 - - [07/Apr/2012:13:55:21 -0500] "GET /events/lilac_lunch/lilac_lunch.html HTTP/1.1" 404 - "-" "Mozilla/5.0 (compatible; Baiduspider/2.0; +http://www.baidu.com/search/spider.html)"
180.76.5.157 - - [07/Apr/2012:14:03:04 -0500] "GET /robots.txt HTTP/1.1" 404 - "-" "Mozilla/5.0 (Windows NT 5.1; rv:6.0.2) Gecko/20100101 Firefox/6.0.2"
100.43.83.155 - - [07/Apr/2012:14:20:13 -0500] "GET /robots.txt HTTP/1.1" 404 - "-" "Mozilla/5.0 (compatible; YandexBot/3.0; +http://yandex.com/bots)"
100.43.83.155 - - [07/Apr/2012:14:20:15 -0500] "GET / HTTP/1.1" 200 10288 "-" "Mozilla/5.0 (compatible; YandexBot/3.0; +http://yandex.com/bots)"
1.202.218.8 - - [07/Apr/2012:16:58:18 -0500] "GET /robots.txt HTTP/1.0" 404 - "-" "\"Mozilla/5.0"
65.52.109.146 - - [07/Apr/2012:17:16:25 -0500] "GET /robots.txt HTTP/1.1" 404 - "-" "Mozilla/5.0 (compatible; bingbot/2.0; +http://www.bing.com/bingbot.htm)"
65.52.109.146 - - [07/Apr/2012:17:17:15 -0500] "GET /pdf/Christmas%20Carrousel%20Flyer2011.pdf HTTP/1.1" 404 - "-" "Mozilla/5.0 (compatible; bingbot/2.0; +http://www.bing.com/bingbot.htm)"
157.55.39.225 - - [07/Apr/2012:17:30:00 -0500] "GET /robots.txt HTTP/1.1" 404 - "-" "msnbot/2.0b (+http://search.msn.com/msnbot.htm)"
157.55.39.225 - - [07/Apr/2012:17:30:00 -0500] "GET / HTTP/1.1" 200 10288 "-" "msnbot/2.0b (+http://search.msn.com/msnbot.htm)"
220.181.108.144 - - [07/Apr/2012:18:09:08 -0500] "GET /sys_cpanel/images/apache_pb.gif HTTP/1.1" 200 2326 "-" "Baiduspider-image+(+http://www.baidu.com/search/spider.htm)"
123.125.71.105 - - [07/Apr/2012:19:54:43 -0500] "GET / HTTP/1.1" 200 10288 "-" "Mozilla/5.0 (compatible; Baiduspider/2.0; +http://www.baidu.com/search/spider.html)"
1.202.218.8 - - [07/Apr/2012:20:16:32 -0500] "GET /robots.txt HTTP/1.0" 404 - "-" "\"Mozilla/5.0"
94.153.65.230 - - [07/Apr/2012:20:27:33 -0500] "GET / HTTP/1.1" 200 10256 "http://games.utrolive.ru/" "Mozilla/5.0 (compatible; Googlebot/2.1; +http://www.google.com/bot.html)"
180.76.5.170 - - [07/Apr/2012:21:20:07 -0500] "GET /robots.txt HTTP/1.1" 404 - "-" "Mozilla/5.0 (Windows NT 5.1; rv:6.0.2) Gecko/20100101 Firefox/6.0.2"
89.108.102.171 - - [07/Apr/2012:21:37:28 -0500] "GET / HTTP/1.1" 200 10288 "http://trinium.ru/" "Mozilla/5.0 (compatible; Googlebot/2.1; +http://www.google.com/bot.html)"
69.171.234.6 - - [07/Apr/2012:22:05:53 -0500] "GET /pdf/Holiday%20Navy%20Care%20Packages%20Media%20Advisory.pdf HTTP/1.1" 206 40961 "-" "facebookexternalhit/1.1 (+http://www.facebook.com/externalhit_uatext.php)"
1.202.218.8 - - [07/Apr/2012:23:39:16 -0500] "GET /robots.txt HTTP/1.0" 404 - "-" "\"Mozilla/5.0"
180.76.5.173 - - [08/Apr/2012:00:07:22 -0500] "GET /java_for_joes/index.html HTTP/1.1" 404 - "-" "Mozilla/5.0 (compatible; Baiduspider/2.0; +http://www.baidu.com/search/spider.html)"
66.249.67.18 - - [08/Apr/2012:00:18:40 -0500] "GET /robots.txt HTTP/1.1" 404 - "-" "Mozilla/5.0 (compatible; Googlebot/2.1; +http://www.google.com/bot.html)"
66.249.67.18 - - [08/Apr/2012:00:18:40 -0500] "GET /aboutus.php HTTP/1.1" 200 11446 "-" "Mozilla/5.0 (compatible; Googlebot/2.1; +http://www.google.com/bot.html)"
66.220.156.2 - - [08/Apr/2012:00:22:38 -0500] "GET / HTTP/1.1" 200 10288 "-" "facebookexternalhit/1.1 (+http://www.facebook.com/externalhit_uatext.php)"
66.249.67.87 - - [08/Apr/2012:00:39:29 -0500] "GET /robots.txt HTTP/1.1" 404 - "-" "Mozilla/5.0 (compatible; Googlebot/2.1; +http://www.google.com/bot.html)"
66.249.67.87 - - [08/Apr/2012:00:39:29 -0500] "GET /pdf/9112001coin.pdf HTTP/1.1" 404 - "-" "Mozilla/5.0 (compatible; Googlebot/2.1; +http://www.google.com/bot.html)"
208.115.113.86 - - [08/Apr/2012:01:03:34 -0500] "GET /robots.txt HTTP/1.1" 404 - "-" "Mozilla/5.0 (compatible; Ezooms/1.0; ezooms.bot@gmail.com)"
92.249.127.111 - - [08/Apr/2012:01:07:49 -0500] "GET / HTTP/1.1" 200 10288 "http://fabrika-shatura.ru/" "\xef\xbb\xbfMozilla/5.0 (compatible; Googlebot/2.1; +http://www.google.com/bot.html)"
92.249.127.111 - - [08/Apr/2012:01:07:50 -0500] "GET / HTTP/1.1" 200 10288 "http://fabrika-shatura.ru/" "\xef\xbb\xbfMozilla/5.0 (compatible; Googlebot/2.1; +http://www.google.com/bot.html)"
208.115.113.86 - - [08/Apr/2012:02:24:31 -0500] "GET /contact.php HTTP/1.1" 200 10298 "-" "Mozilla/5.0 (compatible; Ezooms/1.0; ezooms.bot@gmail.com)"
1.202.218.8 - - [08/Apr/2012:02:55:27 -0500] "GET /robots.txt HTTP/1.0" 404 - "-" "\"Mozilla/5.0"
65.52.110.30 - - [08/Apr/2012:04:12:13 -0500] "GET /robots.txt HTTP/1.1" 404 - "-" "Mozilla/5.0 (compatible; bingbot/2.0; +http://www.bing.com/bingbot.htm)"
65.52.110.30 - - [08/Apr/2012:04:13:13 -0500] "GET /donate.php HTTP/1.1" 200 12791 "-" "Mozilla/5.0 (compatible; bingbot/2.0; +http://www.bing.com/bingbot.htm)"
193.106.136.55 - - [08/Apr/2012:04:40:52 -0500] "GET / HTTP/1.1" 200 10288 "http://radiocomponent.com.ua/" "Mozilla/5.0 (compatible; Googlebot/2.1; +http://www.google.com/bot.html)"
180.76.5.177 - - [08/Apr/2012:04:57:29 -0500] "GET /events/lilac_parade/lilac_parade.html HTTP/1.1" 404 - "-" "Mozilla/5.0 (compatible; Baiduspider/2.0; +http://www.baidu.com/search/spider.html)"
1.202.218.8 - - [08/Apr/2012:06:05:47 -0500] "GET /robots.txt HTTP/1.0" 404 - "-" "\"Mozilla/5.0"
180.76.5.88 - - [08/Apr/2012:06:18:31 -0500] "GET /robots.txt HTTP/1.1" 404 - "-" "Mozilla/5.0 (Windows NT 5.1; rv:6.0.2) Gecko/20100101 Firefox/6.0.2"
123.126.68.20 - - [08/Apr/2012:06:18:49 -0500] "GET /robots.txt HTTP/1.1" 404 - "-" "-"
123.126.68.20 - - [08/Apr/2012:06:18:59 -0500] "GET / HTTP/1.1" 200 10288 "-" "Sogou web spider/4.0(+http://www.sogou.com/docs/help/webmasters.htm#07)"
77.20.154.156 - - [08/Apr/2012:07:42:06 -0500] "GET /robots.txt HTTP/1.1" 404 - "-" "findlinks/2.0.2 (+http://wortschatz.uni-leipzig.de/findlinks/)"
100.43.83.155 - - [08/Apr/2012:08:22:47 -0500] "GET /slider.html HTTP/1.1" 200 7532 "-" "Mozilla/5.0 (compatible; YandexBot/3.0; +http://yandex.com/bots)"
157.55.39.225 - - [08/Apr/2012:08:32:01 -0500] "GET / HTTP/1.1" 200 10288 "-" "msnbot/2.0b (+http://search.msn.com/msnbot.htm)"
193.47.80.51 - - [08/Apr/2012:09:01:15 -0500] "GET /robots.txt HTTP/1.1" 404 - "-" "Mozilla/5.0 (compatible; Exabot/3.0; +http://www.exabot.com/go/robot)"
193.47.80.51 - - [08/Apr/2012:09:01:15 -0500] "GET /donate.php HTTP/1.1" 200 12791 "-" "Mozilla/5.0 (compatible; Exabot/3.0; +http://www.exabot.com/go/robot)"
193.47.80.51 - - [08/Apr/2012:09:01:21 -0500] "GET /slider.html HTTP/1.1" 200 7532 "-" "Mozilla/5.0 (compatible; Exabot/3.0; +http://www.exabot.com/go/robot)"
1.202.218.8 - - [08/Apr/2012:09:28:24 -0500] "GET /robots.txt HTTP/1.0" 404 - "-" "\"Mozilla/5.0"
66.249.67.87 - - [08/Apr/2012:10:51:20 -0500] "GET /robots.txt HTTP/1.1" 404 - "-" "Mozilla/5.0 (compatible; Googlebot/2.1; +http://www.google.com/bot.html)"
66.249.67.87 - - [08/Apr/2012:10:51:20 -0500] "GET /donation.php HTTP/1.1" 404 - "-" "Mozilla/5.0 (compatible; Googlebot/2.1; +http://www.google.com/bot.html)"
207.46.13.117 - - [08/Apr/2012:11:51:39 -0500] "GET /robots.txt HTTP/1.1" 404 - "-" "Mozilla/5.0 (compatible; bingbot/2.0; +http://www.bing.com/bingbot.htm)"
207.46.13.117 - - [08/Apr/2012:11:52:16 -0500] "GET /pdf/2010_Top100_Military_Friendly_Employers.pdf HTTP/1.1" 200 711726 "-" "Mozilla/5.0 (compatible; bingbot/2.0; +http://www.bing.com/bingbot.htm)"
72.94.249.37 - - [08/Apr/2012:11:59:13 -0500] "GET /java_for_joes/index.html HTTP/1.1" 404 - "-" "Mozilla/4.0 (compatible; MSIE 6.0; Windows NT 5.1; SV1; .NET CLR 1.1.4322)"
207.46.192.45 - - [08/Apr/2012:12:37:02 -0500] "GET /donation.php HTTP/1.1" 404 - "-" "Mozilla/5.0 (compatible; bingbot/2.0; +http://www.bing.com/bingbot.htm)"
1.202.218.8 - - [08/Apr/2012:12:49:34 -0500] "GET /robots.txt HTTP/1.0" 404 - "-" "\"Mozilla/5.0"
65.52.109.146 - - [08/Apr/2012:14:33:49 -0500] "GET /pdf/OSH%20Freedom%20Fridays%20Sign%20Up%20Sheet.pdf HTTP/1.1" 200 170318 "-" "Mozilla/5.0 (compatible; bingbot/2.0; +http://www.bing.com/bingbot.htm)"
66.220.149.249 - - [08/Apr/2012:14:39:04 -0500] "GET /java_for_joes/index.html HTTP/1.1" 404 - "-" "facebookexternalhit/1.1 (+http://www.facebook.com/externalhit_uatext.php)"
1.202.218.8 - - [08/Apr/2012:16:11:56 -0500] "GET /robots.txt HTTP/1.0" 404 - "-" "\"Mozilla/5.0"
65.52.110.16 - - [08/Apr/2012:16:40:44 -0500] "GET /robots.txt HTTP/1.1" 404 - "-" "Mozilla/5.0 (compatible; bingbot/2.0; +http://www.bing.com/bingbot.htm)"
65.52.110.16 - - [08/Apr/2012:16:44:34 -0500] "GET / HTTP/1.1" 200 10288 "-" "Mozilla/5.0 (compatible; bingbot/2.0; +http://www.bing.com/bingbot.htm)"
180.76.5.110 - - [08/Apr/2012:19:04:28 -0500] "GET /calendar.php HTTP/1.1" 200 10488 "-" "Mozilla/5.0 (compatible; Baiduspider/2.0; +http://www.baidu.com/search/spider.html)"
123.125.71.70 - - [08/Apr/2012:19:05:47 -0500] "GET /robots.txt HTTP/1.1" 404 - "-" "Mozilla/5.0 (compatible; Baiduspider/2.0; +http://www.baidu.com/search/spider.html)"
1.202.218.8 - - [08/Apr/2012:19:30:00 -0500] "GET /robots.txt HTTP/1.0" 404 - "-" "\"Mozilla/5.0"
157.55.39.225 - - [08/Apr/2012:19:59:21 -0500] "GET /robots.txt HTTP/1.1" 404 - "-" "msnbot/2.0b (+http://search.msn.com/msnbot.htm)"
157.55.39.225 - - [08/Apr/2012:19:59:21 -0500] "GET /index.php HTTP/1.1" 200 10288 "-" "msnbot/2.0b (+http://search.msn.com/msnbot.htm)"
157.55.39.225 - - [08/Apr/2012:19:59:23 -0500] "GET /contact.php HTTP/1.1" 200 10298 "-" "msnbot/2.0b (+http://search.msn.com/msnbot.htm)"
157.55.39.225 - - [08/Apr/2012:19:59:24 -0500] "GET /_inc/slide.php HTTP/1.1" 200 3205 "-" "msnbot/2.0b (+http://search.msn.com/msnbot.htm)"
157.55.39.225 - - [08/Apr/2012:19:59:26 -0500] "GET /calendar.php HTTP/1.1" 200 10488 "-" "msnbot/2.0b (+http://search.msn.com/msnbot.htm)"
157.55.39.225 - - [08/Apr/2012:19:59:27 -0500] "GET /slider.html HTTP/1.1" 200 7532 "-" "msnbot/2.0b (+http://search.msn.com/msnbot.htm)"
157.55.39.225 - - [08/Apr/2012:19:59:29 -0500] "GET /business.php HTTP/1.1" 200 10592 "-" "msnbot/2.0b (+http://search.msn.com/msnbot.htm)"
157.55.39.225 - - [08/Apr/2012:19:59:31 -0500] "GET /aboutus.php HTTP/1.1" 200 11446 "-" "msnbot/2.0b (+http://search.msn.com/msnbot.htm)"
157.55.39.225 - - [08/Apr/2012:19:59:33 -0500] "GET /donate.php HTTP/1.1" 200 12791 "-" "msnbot/2.0b (+http://search.msn.com/msnbot.htm)"
1.202.218.8 - - [08/Apr/2012:22:54:59 -0500] "GET /robots.txt HTTP/1.0" 404 - "-" "\"Mozilla/5.0"
94.153.65.230 - - [09/Apr/2012:00:16:23 -0500] "GET / HTTP/1.1" 200 10288 "http://cars.utrolive.ru/" "Mozilla/5.0 (compatible; Googlebot/2.1; +http://www.google.com/bot.html)"
193.106.136.55 - - [09/Apr/2012:00:59:07 -0500] "GET / HTTP/1.1" 200 10288 "http://kituramicenter.ru/" "Mozilla/5.0 (compatible; Googlebot/2.1; +http://www.google.com/bot.html)"
180.76.6.233 - - [09/Apr/2012:01:19:19 -0500] "GET / HTTP/1.1" 200 10288 "-" "Mozilla/5.0 (compatible; Baiduspider/2.0; +http://www.baidu.com/search/spider.html)"
1.202.218.14 - - [09/Apr/2012:01:22:56 -0500] "GET /robots.txt HTTP/1.0" 404 - "-" "Mozilla/5.0 ()"
1.202.218.14 - - [09/Apr/2012:01:22:59 -0500] "HEAD /images/LOGOdowntown.jpg HTTP/1.0" 404 - "-" "\"Mozilla/5.0"
1.202.218.14 - - [09/Apr/2012:01:22:59 -0500] "GET /images/LOGOdowntown.jpg HTTP/1.0" 404 - "http://operationspokaneheroes.org/java_for_joes/index.html" "\"Mozilla/5.0"
1.202.218.8 - - [09/Apr/2012:02:14:45 -0500] "GET /robots.txt HTTP/1.0" 404 - "-" "\"Mozilla/5.0"
89.108.102.171 - - [09/Apr/2012:04:13:33 -0500] "GET / HTTP/1.1" 200 10288 "http://blesknadom.ru/" "Mozilla/5.0 (compatible; Googlebot/2.1; +http://www.google.com/bot.html)"
1.202.218.8 - - [09/Apr/2012:05:36:30 -0500] "GET /robots.txt HTTP/1.0" 404 - "-" "\"Mozilla/5.0"
65.52.110.16 - - [09/Apr/2012:06:51:54 -0500] "GET /robots.txt HTTP/1.1" 404 - "-" "Mozilla/5.0 (compatible; bingbot/2.0; +http://www.bing.com/bingbot.htm)"
100.43.83.155 - - [09/Apr/2012:07:03:34 -0500] "GET /robots.txt HTTP/1.1" 404 - "-" "Mozilla/5.0 (compatible; YandexBot/3.0; +http://yandex.com/bots)"
65.52.110.16 - - [09/Apr/2012:07:12:24 -0500] "GET / HTTP/1.1" 200 10288 "-" "Mozilla/5.0 (compatible; bingbot/2.0; +http://www.bing.com/bingbot.htm)"
157.55.39.225 - - [09/Apr/2012:08:03:27 -0500] "GET / HTTP/1.1" 200 10288 "-" "msnbot/2.0b (+http://search.msn.com/msnbot.htm)"
174.31.70.99 - - [09/Apr/2012:08:18:40 -0500] "GET / HTTP/1.1" 200 10288 "http://www.google.com/url?sa=t&rct=j&q=&esrc=s&source=web&cd=1&sqi=2&ved=0CCUQFjAA&url=http%3A%2F%2Foperationspokaneheroes.org%2F&ei=j-GCT-CyBMnkiAKp_JTvAg&usg=AFQjCNGGuKExGUEgtWK2o7s2b3sBxGCH3Q&sig2=sG559y3LzdDQ45LLOSypxg" "Mozilla/5.0 (Windows NT 5.1) AppleWebKit/535.19 (KHTML, like Gecko) Chrome/18.0.1025.151 Safari/535.19"
174.31.70.99 - - [09/Apr/2012:08:18:41 -0500] "GET /slider.html HTTP/1.1" 200 7532 "http://operationspokaneheroes.org/" "Mozilla/5.0 (Windows NT 5.1) AppleWebKit/535.19 (KHTML, like Gecko) Chrome/18.0.1025.151 Safari/535.19"
174.31.70.99 - - [09/Apr/2012:08:18:41 -0500] "GET /css/global.css HTTP/1.1" 200 13951 "http://operationspokaneheroes.org/" "Mozilla/5.0 (Windows NT 5.1) AppleWebKit/535.19 (KHTML, like Gecko) Chrome/18.0.1025.151 Safari/535.19"
174.31.70.99 - - [09/Apr/2012:08:18:41 -0500] "GET /css/footer.css HTTP/1.1" 200 752 "http://operationspokaneheroes.org/" "Mozilla/5.0 (Windows NT 5.1) AppleWebKit/535.19 (KHTML, like Gecko) Chrome/18.0.1025.151 Safari/535.19"
174.31.70.99 - - [09/Apr/2012:08:18:41 -0500] "GET /images/contacticon.png HTTP/1.1" 200 4499 "http://operationspokaneheroes.org/" "Mozilla/5.0 (Windows NT 5.1) AppleWebKit/535.19 (KHTML, like Gecko) Chrome/18.0.1025.151 Safari/535.19"
174.31.70.99 - - [09/Apr/2012:08:18:41 -0500] "GET /_inc/slide.php HTTP/1.1" 200 3205 "http://operationspokaneheroes.org/" "Mozilla/5.0 (Windows NT 5.1) AppleWebKit/535.19 (KHTML, like Gecko) Chrome/18.0.1025.151 Safari/535.19"
174.31.70.99 - - [09/Apr/2012:08:18:41 -0500] "GET /images/global.png HTTP/1.1" 200 5737 "http://operationspokaneheroes.org/" "Mozilla/5.0 (Windows NT 5.1) AppleWebKit/535.19 (KHTML, like Gecko) Chrome/18.0.1025.151 Safari/535.19"
174.31.70.99 - - [09/Apr/2012:08:18:41 -0500] "GET /images/facebook.png HTTP/1.1" 200 5004 "http://operationspokaneheroes.org/" "Mozilla/5.0 (Windows NT 5.1) AppleWebKit/535.19 (KHTML, like Gecko) Chrome/18.0.1025.151 Safari/535.19"
174.31.70.99 - - [09/Apr/2012:08:18:42 -0500] "GET /images/nav2.jpg HTTP/1.1" 200 4444 "http://operationspokaneheroes.org/" "Mozilla/5.0 (Windows NT 5.1) AppleWebKit/535.19 (KHTML, like Gecko) Chrome/18.0.1025.151 Safari/535.19"
174.31.70.99 - - [09/Apr/2012:08:18:42 -0500] "GET /mainbk.png HTTP/1.1" 200 290 "http://operationspokaneheroes.org/" "Mozilla/5.0 (Windows NT 5.1) AppleWebKit/535.19 (KHTML, like Gecko) Chrome/18.0.1025.151 Safari/535.19"
174.31.70.99 - - [09/Apr/2012:08:18:41 -0500] "GET /images/logo.png HTTP/1.1" 200 226129 "http://operationspokaneheroes.org/" "Mozilla/5.0 (Windows NT 5.1) AppleWebKit/535.19 (KHTML, like Gecko) Chrome/18.0.1025.151 Safari/535.19"
174.31.70.99 - - [09/Apr/2012:08:18:43 -0500] "GET /css/compact_style.css HTTP/1.1" 200 4934 "http://operationspokaneheroes.org/slider.html" "Mozilla/5.0 (Windows NT 5.1) AppleWebKit/535.19 (KHTML, like Gecko) Chrome/18.0.1025.151 Safari/535.19"
174.31.70.99 - - [09/Apr/2012:08:18:43 -0500] "GET /js/cufon-yui.js HTTP/1.1" 200 18257 "http://operationspokaneheroes.org/slider.html" "Mozilla/5.0 (Windows NT 5.1) AppleWebKit/535.19 (KHTML, like Gecko) Chrome/18.0.1025.151 Safari/535.19"
174.31.70.99 - - [09/Apr/2012:08:18:43 -0500] "GET /jquery.easing.1.3.js HTTP/1.1" 200 8097 "http://operationspokaneheroes.org/slider.html" "Mozilla/5.0 (Windows NT 5.1) AppleWebKit/535.19 (KHTML, like Gecko) Chrome/18.0.1025.151 Safari/535.19"
174.31.70.99 - - [09/Apr/2012:08:18:43 -0500] "GET /css/slide.css HTTP/1.1" 200 2869 "http://operationspokaneheroes.org/_inc/slide.php" "Mozilla/5.0 (Windows NT 5.1) AppleWebKit/535.19 (KHTML, like Gecko) Chrome/18.0.1025.151 Safari/535.19"
174.31.70.99 - - [09/Apr/2012:08:18:43 -0500] "GET /js/Bebas_400.font.js HTTP/1.1" 200 32806 "http://operationspokaneheroes.org/slider.html" "Mozilla/5.0 (Windows NT 5.1) AppleWebKit/535.19 (KHTML, like Gecko) Chrome/18.0.1025.151 Safari/535.19"
174.31.70.99 - - [09/Apr/2012:08:18:43 -0500] "GET /images/bg2.jpg HTTP/1.1" 200 55206 "http://operationspokaneheroes.org/" "Mozilla/5.0 (Windows NT 5.1) AppleWebKit/535.19 (KHTML, like Gecko) Chrome/18.0.1025.151 Safari/535.19"
174.31.70.99 - - [09/Apr/2012:08:18:43 -0500] "GET /css/style_global.css HTTP/1.1" 200 2621 "http://operationspokaneheroes.org/_inc/slide.php" "Mozilla/5.0 (Windows NT 5.1) AppleWebKit/535.19 (KHTML, like Gecko) Chrome/18.0.1025.151 Safari/535.19"
174.31.70.99 - - [09/Apr/2012:08:18:43 -0500] "GET /js/combined.js HTTP/1.1" 200 169946 "http://operationspokaneheroes.org/_inc/slide.php" "Mozilla/5.0 (Windows NT 5.1) AppleWebKit/535.19 (KHTML, like Gecko) Chrome/18.0.1025.151 Safari/535.19"
174.31.70.99 - - [09/Apr/2012:08:18:45 -0500] "GET /images/campfire.jpg HTTP/1.1" 200 17397 "http://operationspokaneheroes.org/slider.html" "Mozilla/5.0 (Windows NT 5.1) AppleWebKit/535.19 (KHTML, like Gecko) Chrome/18.0.1025.151 Safari/535.19"
174.31.70.99 - - [09/Apr/2012:08:18:45 -0500] "GET /images/freedom_friday.jpg HTTP/1.1" 200 22631 "http://operationspokaneheroes.org/slider.html" "Mozilla/5.0 (Windows NT 5.1) AppleWebKit/535.19 (KHTML, like Gecko) Chrome/18.0.1025.151 Safari/535.19"
174.31.70.99 - - [09/Apr/2012:08:18:46 -0500] "GET /images/osh_static_cling.jpg HTTP/1.1" 200 19209 "http://operationspokaneheroes.org/slider.html" "Mozilla/5.0 (Windows NT 5.1) AppleWebKit/535.19 (KHTML, like Gecko) Chrome/18.0.1025.151 Safari/535.19"
174.31.70.99 - - [09/Apr/2012:08:18:46 -0500] "GET /images/prev.png HTTP/1.1" 200 2995 "http://operationspokaneheroes.org/slider.html" "Mozilla/5.0 (Windows NT 5.1) AppleWebKit/535.19 (KHTML, like Gecko) Chrome/18.0.1025.151 Safari/535.19"
174.31.70.99 - - [09/Apr/2012:08:18:46 -0500] "GET /images/next.png HTTP/1.1" 200 3022 "http://operationspokaneheroes.org/slider.html" "Mozilla/5.0 (Windows NT 5.1) AppleWebKit/535.19 (KHTML, like Gecko) Chrome/18.0.1025.151 Safari/535.19"
174.31.70.99 - - [09/Apr/2012:08:18:47 -0500] "GET /images/mission_statement_bg.png HTTP/1.1" 200 11413 "http://operationspokaneheroes.org/_inc/slide.php" "Mozilla/5.0 (Windows NT 5.1) AppleWebKit/535.19 (KHTML, like Gecko) Chrome/18.0.1025.151 Safari/535.19"
174.31.70.99 - - [09/Apr/2012:08:18:47 -0500] "GET /images/we_strive.png HTTP/1.1" 200 1981 "http://operationspokaneheroes.org/_inc/slide.php" "Mozilla/5.0 (Windows NT 5.1) AppleWebKit/535.19 (KHTML, like Gecko) Chrome/18.0.1025.151 Safari/535.19"
174.31.70.99 - - [09/Apr/2012:08:18:47 -0500] "GET /images/we_believe.png HTTP/1.1" 200 1785 "http://operationspokaneheroes.org/_inc/slide.php" "Mozilla/5.0 (Windows NT 5.1) AppleWebKit/535.19 (KHTML, like Gecko) Chrome/18.0.1025.151 Safari/535.19"
174.31.70.99 - - [09/Apr/2012:08:18:47 -0500] "GET /images/2.jpg HTTP/1.1" 200 170993 "http://operationspokaneheroes.org/_inc/slide.php" "Mozilla/5.0 (Windows NT 5.1) AppleWebKit/535.19 (KHTML, like Gecko) Chrome/18.0.1025.151 Safari/535.19"
174.31.70.99 - - [09/Apr/2012:08:18:47 -0500] "GET /images/we_help.png HTTP/1.1" 200 1514 "http://operationspokaneheroes.org/_inc/slide.php" "Mozilla/5.0 (Windows NT 5.1) AppleWebKit/535.19 (KHTML, like Gecko) Chrome/18.0.1025.151 Safari/535.19"
174.31.70.99 - - [09/Apr/2012:08:18:47 -0500] "GET /images/4.jpg HTTP/1.1" 200 186934 "http://operationspokaneheroes.org/_inc/slide.php" "Mozilla/5.0 (Windows NT 5.1) AppleWebKit/535.19 (KHTML, like Gecko) Chrome/18.0.1025.151 Safari/535.19"
174.31.70.99 - - [09/Apr/2012:08:18:48 -0500] "GET /images/we_need.png HTTP/1.1" 200 2138 "http://operationspokaneheroes.org/_inc/slide.php" "Mozilla/5.0 (Windows NT 5.1) AppleWebKit/535.19 (KHTML, like Gecko) Chrome/18.0.1025.151 Safari/535.19"
174.31.70.99 - - [09/Apr/2012:08:18:47 -0500] "GET /images/3.jpg HTTP/1.1" 200 240733 "http://operationspokaneheroes.org/_inc/slide.php" "Mozilla/5.0 (Windows NT 5.1) AppleWebKit/535.19 (KHTML, like Gecko) Chrome/18.0.1025.151 Safari/535.19"
174.31.70.99 - - [09/Apr/2012:08:18:48 -0500] "GET /assets/images/btn_top_search_hover.png HTTP/1.1" 404 - "http://operationspokaneheroes.org/_inc/slide.php" "Mozilla/5.0 (Windows NT 5.1) AppleWebKit/535.19 (KHTML, like Gecko) Chrome/18.0.1025.151 Safari/535.19"
174.31.70.99 - - [09/Apr/2012:08:18:48 -0500] "GET /assets/images/btn_main_search_hover.png HTTP/1.1" 404 - "http://operationspokaneheroes.org/_inc/slide.php" "Mozilla/5.0 (Windows NT 5.1) AppleWebKit/535.19 (KHTML, like Gecko) Chrome/18.0.1025.151 Safari/535.19"
174.31.70.99 - - [09/Apr/2012:08:18:47 -0500] "GET /images/1.jpg HTTP/1.1" 200 142489 "http://operationspokaneheroes.org/_inc/slide.php" "Mozilla/5.0 (Windows NT 5.1) AppleWebKit/535.19 (KHTML, like Gecko) Chrome/18.0.1025.151 Safari/535.19"
174.31.70.99 - - [09/Apr/2012:08:18:51 -0500] "GET /favicon.ico HTTP/1.1" 404 - "-" "Mozilla/5.0 (Windows NT 5.1) AppleWebKit/535.19 (KHTML, like Gecko) Chrome/18.0.1025.151 Safari/535.19"
174.31.70.99 - - [09/Apr/2012:08:21:18 -0500] "GET /aboutus.php HTTP/1.1" 200 11446 "http://www.google.com/url?sa=t&rct=j&q=&esrc=s&source=web&cd=9&ved=0CF4QFjAI&url=http%3A%2F%2Foperationspokaneheroes.org%2Faboutus.php&ei=HuKCT_fNIMmjiAL7muHyAg&usg=AFQjCNEse9J24infRKTeByAOdrk0hSubWA&sig2=i9_1an78ww71Z21NrQ53uQ" "Mozilla/5.0 (Windows NT 5.1) AppleWebKit/535.19 (KHTML, like Gecko) Chrome/18.0.1025.151 Safari/535.19"
174.31.70.99 - - [09/Apr/2012:08:21:19 -0500] "GET /_inc/slide.php HTTP/1.1" 200 3205 "http://operationspokaneheroes.org/aboutus.php" "Mozilla/5.0 (Windows NT 5.1) AppleWebKit/535.19 (KHTML, like Gecko) Chrome/18.0.1025.151 Safari/535.19"
174.31.70.99 - - [09/Apr/2012:08:21:22 -0500] "GET /assets/images/btn_top_search_hover.png HTTP/1.1" 404 - "http://operationspokaneheroes.org/_inc/slide.php" "Mozilla/5.0 (Windows NT 5.1) AppleWebKit/535.19 (KHTML, like Gecko) Chrome/18.0.1025.151 Safari/535.19"
174.31.70.99 - - [09/Apr/2012:08:21:22 -0500] "GET /assets/images/btn_main_search_hover.png HTTP/1.1" 404 - "http://operationspokaneheroes.org/_inc/slide.php" "Mozilla/5.0 (Windows NT 5.1) AppleWebKit/535.19 (KHTML, like Gecko) Chrome/18.0.1025.151 Safari/535.19"
174.31.70.99 - - [09/Apr/2012:08:21:22 -0500] "GET /favicon.ico HTTP/1.1" 404 - "-" "Mozilla/5.0 (Windows NT 5.1) AppleWebKit/535.19 (KHTML, like Gecko) Chrome/18.0.1025.151 Safari/535.19"
1.202.218.8 - - [09/Apr/2012:09:01:30 -0500] "GET /robots.txt HTTP/1.0" 404 - "-" "\"Mozilla/5.0"
123.126.68.20 - - [09/Apr/2012:11:02:03 -0500] "GET / HTTP/1.1" 200 10288 "-" "Sogou web spider/4.0(+http://www.sogou.com/docs/help/webmasters.htm#07)"
69.28.58.12 - - [09/Apr/2012:11:09:59 -0500] "GET /robots.txt HTTP/1.0" 404 - "http://operationspokaneheroes.org/robots.txt" "Huaweisymantecspider (compatible; MSIE 8.0; DSE-support@huaweisymantec.com)"
69.28.58.12 - - [09/Apr/2012:11:09:59 -0500] "GET / HTTP/1.0" 200 10288 "http://operationspokaneheroes.org/" "Huaweisymantecspider (compatible; MSIE 8.0; DSE-support@huaweisymantec.com)"
69.28.58.12 - - [09/Apr/2012:11:09:59 -0500] "GET /slider.html HTTP/1.0" 200 7532 "http://operationspokaneheroes.org/slider.html" "Huaweisymantecspider (compatible; MSIE 8.0; DSE-support@huaweisymantec.com)"
69.28.58.12 - - [09/Apr/2012:11:09:59 -0500] "GET /_inc/slide.php HTTP/1.0" 200 3205 "http://operationspokaneheroes.org/_inc/slide.php" "Huaweisymantecspider (compatible; MSIE 8.0; DSE-support@huaweisymantec.com)"
69.28.58.12 - - [09/Apr/2012:11:10:00 -0500] "GET /js/bebas_400.font.js HTTP/1.0" 404 - "http://operationspokaneheroes.org/js/bebas_400.font.js" "Huaweisymantecspider (compatible; MSIE 8.0; DSE-support@huaweisymantec.com)"
69.28.58.12 - - [09/Apr/2012:11:10:00 -0500] "GET /jquery.easing.1.3.js HTTP/1.0" 200 8097 "http://operationspokaneheroes.org/jquery.easing.1.3.js" "Huaweisymantecspider (compatible; MSIE 8.0; DSE-support@huaweisymantec.com)"
69.28.58.12 - - [09/Apr/2012:11:10:00 -0500] "GET /js/cufon-yui.js HTTP/1.0" 200 18257 "http://operationspokaneheroes.org/js/cufon-yui.js" "Huaweisymantecspider (compatible; MSIE 8.0; DSE-support@huaweisymantec.com)"
69.28.58.12 - - [09/Apr/2012:11:10:00 -0500] "GET /js/combined.js HTTP/1.0" 200 169946 "http://operationspokaneheroes.org/js/combined.js" "Huaweisymantecspider (compatible; MSIE 8.0; DSE-support@huaweisymantec.com)"
92.249.127.111 - - [09/Apr/2012:11:22:03 -0500] "GET / HTTP/1.1" 200 10288 "http://isall.ru/" "\xef\xbb\xbfMozilla/5.0 (compatible; Googlebot/2.1; +http://www.google.com/bot.html)"
92.249.127.111 - - [09/Apr/2012:11:22:04 -0500] "GET / HTTP/1.1" 200 10288 "http://isall.ru/" "\xef\xbb\xbfMozilla/5.0 (compatible; Googlebot/2.1; +http://www.google.com/bot.html)"
65.52.110.16 - - [09/Apr/2012:12:10:18 -0500] "GET /robots.txt HTTP/1.1" 404 - "-" "Mozilla/5.0 (compatible; bingbot/2.0; +http://www.bing.com/bingbot.htm)"
65.52.110.16 - - [09/Apr/2012:12:12:19 -0500] "GET / HTTP/1.1" 200 10288 "-" "Mozilla/5.0 (compatible; bingbot/2.0; +http://www.bing.com/bingbot.htm)"
1.202.218.8 - - [09/Apr/2012:12:24:49 -0500] "GET /robots.txt HTTP/1.0" 404 - "-" "\"Mozilla/5.0"
66.249.67.18 - - [09/Apr/2012:13:57:43 -0500] "GET /robots.txt HTTP/1.1" 404 - "-" "Mozilla/5.0 (compatible; Googlebot/2.1; +http://www.google.com/bot.html)"
66.249.67.18 - - [09/Apr/2012:13:57:43 -0500] "GET /aboutus.php HTTP/1.1" 200 11446 "-" "Mozilla/5.0 (iPhone; U; CPU iPhone OS 4_1 like Mac OS X; en-us) AppleWebKit/532.9 (KHTML, like Gecko) Version/4.0.5 Mobile/8B117 Safari/6531.22.7 (compatible; Googlebot-Mobile/2.1; +http://www.google.com/bot.html)"
66.249.67.87 - - [09/Apr/2012:14:45:54 -0500] "GET /robots.txt HTTP/1.1" 404 - "-" "Mozilla/5.0 (compatible; Googlebot/2.1; +http://www.google.com/bot.html)"
66.249.67.87 - - [09/Apr/2012:14:45:54 -0500] "GET /calendar.php HTTP/1.1" 200 10488 "-" "Mozilla/5.0 (iPhone; U; CPU iPhone OS 4_1 like Mac OS X; en-us) AppleWebKit/532.9 (KHTML, like Gecko) Version/4.0.5 Mobile/8B117 Safari/6531.22.7 (compatible; Googlebot-Mobile/2.1; +http://www.google.com/bot.html)"
109.120.157.179 - - [09/Apr/2012:15:10:36 -0500] "GET / HTTP/1.1" 200 10256 "http://allnewspoint.com/" "Mozilla/5.0 (compatible; Googlebot/2.1; +http://www.google.com/bot.html)"
66.193.135.216 - - [09/Apr/2012:15:23:12 -0500] "GET / HTTP/1.1" 200 10288 "http://www.google.com/url?sa=t&rct=j&q=operation%20spokane%20heroes%20spokane%20wa&source=web&cd=1&ved=0CCMQFjAA&url=http%3A%2F%2Foperationspokaneheroes.org%2F&ei=L0WDT9qGCuWi2wWDsqHxBg&usg=AFQjCNGGuKExGUEgtWK2o7s2b3sBxGCH3Q" "Mozilla/4.0 (compatible; MSIE 8.0; Windows NT 5.1; Trident/4.0; .NET CLR 1.1.4322; .NET CLR 2.0.50727; .NET CLR 3.0.4506.2152; .NET CLR 3.5.30729; InfoPath.1)"
66.193.135.216 - - [09/Apr/2012:15:23:16 -0500] "GET /images/contacticon.png HTTP/1.1" 200 4499 "http://operationspokaneheroes.org/" "Mozilla/4.0 (compatible; MSIE 8.0; Windows NT 5.1; Trident/4.0; .NET CLR 1.1.4322; .NET CLR 2.0.50727; .NET CLR 3.0.4506.2152; .NET CLR 3.5.30729; InfoPath.1)"
66.193.135.216 - - [09/Apr/2012:15:23:16 -0500] "GET /images/facebook.png HTTP/1.1" 200 5004 "http://operationspokaneheroes.org/" "Mozilla/4.0 (compatible; MSIE 8.0; Windows NT 5.1; Trident/4.0; .NET CLR 1.1.4322; .NET CLR 2.0.50727; .NET CLR 3.0.4506.2152; .NET CLR 3.5.30729; InfoPath.1)"
66.193.135.216 - - [09/Apr/2012:15:23:16 -0500] "GET /images/global.png HTTP/1.1" 200 5737 "http://operationspokaneheroes.org/" "Mozilla/4.0 (compatible; MSIE 8.0; Windows NT 5.1; Trident/4.0; .NET CLR 1.1.4322; .NET CLR 2.0.50727; .NET CLR 3.0.4506.2152; .NET CLR 3.5.30729; InfoPath.1)"
66.193.135.216 - - [09/Apr/2012:15:23:16 -0500] "GET /css/global.css HTTP/1.1" 200 13951 "http://operationspokaneheroes.org/" "Mozilla/4.0 (compatible; MSIE 8.0; Windows NT 5.1; Trident/4.0; .NET CLR 1.1.4322; .NET CLR 2.0.50727; .NET CLR 3.0.4506.2152; .NET CLR 3.5.30729; InfoPath.1)"
66.193.135.216 - - [09/Apr/2012:15:23:17 -0500] "GET /css/footer.css HTTP/1.1" 200 752 "http://operationspokaneheroes.org/" "Mozilla/4.0 (compatible; MSIE 8.0; Windows NT 5.1; Trident/4.0; .NET CLR 1.1.4322; .NET CLR 2.0.50727; .NET CLR 3.0.4506.2152; .NET CLR 3.5.30729; InfoPath.1)"
66.193.135.216 - - [09/Apr/2012:15:23:17 -0500] "GET /images/nav2.jpg HTTP/1.1" 200 4444 "http://operationspokaneheroes.org/" "Mozilla/4.0 (compatible; MSIE 8.0; Windows NT 5.1; Trident/4.0; .NET CLR 1.1.4322; .NET CLR 2.0.50727; .NET CLR 3.0.4506.2152; .NET CLR 3.5.30729; InfoPath.1)"
66.193.135.216 - - [09/Apr/2012:15:23:17 -0500] "GET /mainbk.png HTTP/1.1" 200 290 "http://operationspokaneheroes.org/" "Mozilla/4.0 (compatible; MSIE 8.0; Windows NT 5.1; Trident/4.0; .NET CLR 1.1.4322; .NET CLR 2.0.50727; .NET CLR 3.0.4506.2152; .NET CLR 3.5.30729; InfoPath.1)"
66.193.135.216 - - [09/Apr/2012:15:23:18 -0500] "GET /slider.html HTTP/1.1" 200 7532 "http://operationspokaneheroes.org/" "Mozilla/4.0 (compatible; MSIE 8.0; Windows NT 5.1; Trident/4.0; .NET CLR 1.1.4322; .NET CLR 2.0.50727; .NET CLR 3.0.4506.2152; .NET CLR 3.5.30729; InfoPath.1)"
66.193.135.216 - - [09/Apr/2012:15:23:17 -0500] "GET /images/bg2.jpg HTTP/1.1" 200 55206 "http://operationspokaneheroes.org/" "Mozilla/4.0 (compatible; MSIE 8.0; Windows NT 5.1; Trident/4.0; .NET CLR 1.1.4322; .NET CLR 2.0.50727; .NET CLR 3.0.4506.2152; .NET CLR 3.5.30729; InfoPath.1)"
66.193.135.216 - - [09/Apr/2012:15:23:18 -0500] "GET /_inc/slide.php HTTP/1.1" 200 3205 "http://operationspokaneheroes.org/" "Mozilla/4.0 (compatible; MSIE 8.0; Windows NT 5.1; Trident/4.0; .NET CLR 1.1.4322; .NET CLR 2.0.50727; .NET CLR 3.0.4506.2152; .NET CLR 3.5.30729; InfoPath.1)"
66.193.135.216 - - [09/Apr/2012:15:23:16 -0500] "GET /images/logo.png HTTP/1.1" 200 226129 "http://operationspokaneheroes.org/" "Mozilla/4.0 (compatible; MSIE 8.0; Windows NT 5.1; Trident/4.0; .NET CLR 1.1.4322; .NET CLR 2.0.50727; .NET CLR 3.0.4506.2152; .NET CLR 3.5.30729; InfoPath.1)"
66.193.135.216 - - [09/Apr/2012:15:23:19 -0500] "GET /jquery.easing.1.3.js HTTP/1.1" 200 8097 "http://operationspokaneheroes.org/slider.html" "Mozilla/4.0 (compatible; MSIE 8.0; Windows NT 5.1; Trident/4.0; .NET CLR 1.1.4322; .NET CLR 2.0.50727; .NET CLR 3.0.4506.2152; .NET CLR 3.5.30729; InfoPath.1)"
66.193.135.216 - - [09/Apr/2012:15:23:19 -0500] "GET /css/compact_style.css HTTP/1.1" 200 4934 "http://operationspokaneheroes.org/slider.html" "Mozilla/4.0 (compatible; MSIE 8.0; Windows NT 5.1; Trident/4.0; .NET CLR 1.1.4322; .NET CLR 2.0.50727; .NET CLR 3.0.4506.2152; .NET CLR 3.5.30729; InfoPath.1)"
66.193.135.216 - - [09/Apr/2012:15:23:19 -0500] "GET /js/cufon-yui.js HTTP/1.1" 200 18257 "http://operationspokaneheroes.org/slider.html" "Mozilla/4.0 (compatible; MSIE 8.0; Windows NT 5.1; Trident/4.0; .NET CLR 1.1.4322; .NET CLR 2.0.50727; .NET CLR 3.0.4506.2152; .NET CLR 3.5.30729; InfoPath.1)"
66.193.135.216 - - [09/Apr/2012:15:23:19 -0500] "GET /css/slide.css HTTP/1.1" 200 2869 "http://operationspokaneheroes.org/_inc/slide.php" "Mozilla/4.0 (compatible; MSIE 8.0; Windows NT 5.1; Trident/4.0; .NET CLR 1.1.4322; .NET CLR 2.0.50727; .NET CLR 3.0.4506.2152; .NET CLR 3.5.30729; InfoPath.1)"
66.193.135.216 - - [09/Apr/2012:15:23:19 -0500] "GET /css/style_global.css HTTP/1.1" 200 2621 "http://operationspokaneheroes.org/_inc/slide.php" "Mozilla/4.0 (compatible; MSIE 8.0; Windows NT 5.1; Trident/4.0; .NET CLR 1.1.4322; .NET CLR 2.0.50727; .NET CLR 3.0.4506.2152; .NET CLR 3.5.30729; InfoPath.1)"
66.193.135.216 - - [09/Apr/2012:15:23:19 -0500] "GET /js/Bebas_400.font.js HTTP/1.1" 200 32806 "http://operationspokaneheroes.org/slider.html" "Mozilla/4.0 (compatible; MSIE 8.0; Windows NT 5.1; Trident/4.0; .NET CLR 1.1.4322; .NET CLR 2.0.50727; .NET CLR 3.0.4506.2152; .NET CLR 3.5.30729; InfoPath.1)"
66.193.135.216 - - [09/Apr/2012:15:23:20 -0500] "GET /images/osh_static_cling.jpg HTTP/1.1" 200 19209 "http://operationspokaneheroes.org/slider.html" "Mozilla/4.0 (compatible; MSIE 8.0; Windows NT 5.1; Trident/4.0; .NET CLR 1.1.4322; .NET CLR 2.0.50727; .NET CLR 3.0.4506.2152; .NET CLR 3.5.30729; InfoPath.1)"
66.193.135.216 - - [09/Apr/2012:15:23:20 -0500] "GET /images/campfire.jpg HTTP/1.1" 200 17397 "http://operationspokaneheroes.org/slider.html" "Mozilla/4.0 (compatible; MSIE 8.0; Windows NT 5.1; Trident/4.0; .NET CLR 1.1.4322; .NET CLR 2.0.50727; .NET CLR 3.0.4506.2152; .NET CLR 3.5.30729; InfoPath.1)"
66.193.135.216 - - [09/Apr/2012:15:23:20 -0500] "GET /images/next.png HTTP/1.1" 200 3022 "http://operationspokaneheroes.org/slider.html" "Mozilla/4.0 (compatible; MSIE 8.0; Windows NT 5.1; Trident/4.0; .NET CLR 1.1.4322; .NET CLR 2.0.50727; .NET CLR 3.0.4506.2152; .NET CLR 3.5.30729; InfoPath.1)"
66.193.135.216 - - [09/Apr/2012:15:23:20 -0500] "GET /images/prev.png HTTP/1.1" 200 2995 "http://operationspokaneheroes.org/slider.html" "Mozilla/4.0 (compatible; MSIE 8.0; Windows NT 5.1; Trident/4.0; .NET CLR 1.1.4322; .NET CLR 2.0.50727; .NET CLR 3.0.4506.2152; .NET CLR 3.5.30729; InfoPath.1)"
66.193.135.216 - - [09/Apr/2012:15:23:20 -0500] "GET /images/freedom_friday.jpg HTTP/1.1" 200 22631 "http://operationspokaneheroes.org/slider.html" "Mozilla/4.0 (compatible; MSIE 8.0; Windows NT 5.1; Trident/4.0; .NET CLR 1.1.4322; .NET CLR 2.0.50727; .NET CLR 3.0.4506.2152; .NET CLR 3.5.30729; InfoPath.1)"
66.193.135.216 - - [09/Apr/2012:15:23:20 -0500] "GET /js/combined.js HTTP/1.1" 200 169946 "http://operationspokaneheroes.org/_inc/slide.php" "Mozilla/4.0 (compatible; MSIE 8.0; Windows NT 5.1; Trident/4.0; .NET CLR 1.1.4322; .NET CLR 2.0.50727; .NET CLR 3.0.4506.2152; .NET CLR 3.5.30729; InfoPath.1)"
66.193.135.216 - - [09/Apr/2012:15:23:23 -0500] "GET /images/we_believe.png HTTP/1.1" 200 1785 "http://operationspokaneheroes.org/_inc/slide.php" "Mozilla/4.0 (compatible; MSIE 8.0; Windows NT 5.1; Trident/4.0; .NET CLR 1.1.4322; .NET CLR 2.0.50727; .NET CLR 3.0.4506.2152; .NET CLR 3.5.30729; InfoPath.1)"
66.193.135.216 - - [09/Apr/2012:15:23:23 -0500] "GET /images/we_strive.png HTTP/1.1" 200 1981 "http://operationspokaneheroes.org/_inc/slide.php" "Mozilla/4.0 (compatible; MSIE 8.0; Windows NT 5.1; Trident/4.0; .NET CLR 1.1.4322; .NET CLR 2.0.50727; .NET CLR 3.0.4506.2152; .NET CLR 3.5.30729; InfoPath.1)"
66.193.135.216 - - [09/Apr/2012:15:23:23 -0500] "GET /images/mission_statement_bg.png HTTP/1.1" 200 11413 "http://operationspokaneheroes.org/_inc/slide.php" "Mozilla/4.0 (compatible; MSIE 8.0; Windows NT 5.1; Trident/4.0; .NET CLR 1.1.4322; .NET CLR 2.0.50727; .NET CLR 3.0.4506.2152; .NET CLR 3.5.30729; InfoPath.1)"
66.193.135.216 - - [09/Apr/2012:15:23:24 -0500] "GET /images/we_help.png HTTP/1.1" 200 1514 "http://operationspokaneheroes.org/_inc/slide.php" "Mozilla/4.0 (compatible; MSIE 8.0; Windows NT 5.1; Trident/4.0; .NET CLR 1.1.4322; .NET CLR 2.0.50727; .NET CLR 3.0.4506.2152; .NET CLR 3.5.30729; InfoPath.1)"
66.193.135.216 - - [09/Apr/2012:15:23:24 -0500] "GET /images/we_need.png HTTP/1.1" 200 2138 "http://operationspokaneheroes.org/_inc/slide.php" "Mozilla/4.0 (compatible; MSIE 8.0; Windows NT 5.1; Trident/4.0; .NET CLR 1.1.4322; .NET CLR 2.0.50727; .NET CLR 3.0.4506.2152; .NET CLR 3.5.30729; InfoPath.1)"
66.193.135.216 - - [09/Apr/2012:15:23:23 -0500] "GET /images/4.jpg HTTP/1.1" 200 186934 "http://operationspokaneheroes.org/_inc/slide.php" "Mozilla/4.0 (compatible; MSIE 8.0; Windows NT 5.1; Trident/4.0; .NET CLR 1.1.4322; .NET CLR 2.0.50727; .NET CLR 3.0.4506.2152; .NET CLR 3.5.30729; InfoPath.1)"
66.193.135.216 - - [09/Apr/2012:15:23:23 -0500] "GET /images/2.jpg HTTP/1.1" 200 170993 "http://operationspokaneheroes.org/_inc/slide.php" "Mozilla/4.0 (compatible; MSIE 8.0; Windows NT 5.1; Trident/4.0; .NET CLR 1.1.4322; .NET CLR 2.0.50727; .NET CLR 3.0.4506.2152; .NET CLR 3.5.30729; InfoPath.1)"
66.193.135.216 - - [09/Apr/2012:15:23:24 -0500] "GET /assets/images/btn_top_search_hover.png HTTP/1.1" 404 - "http://operationspokaneheroes.org/_inc/slide.php" "Mozilla/4.0 (compatible; MSIE 8.0; Windows NT 5.1; Trident/4.0; .NET CLR 1.1.4322; .NET CLR 2.0.50727; .NET CLR 3.0.4506.2152; .NET CLR 3.5.30729; InfoPath.1)"
66.193.135.216 - - [09/Apr/2012:15:23:23 -0500] "GET /images/3.jpg HTTP/1.1" 200 240733 "http://operationspokaneheroes.org/_inc/slide.php" "Mozilla/4.0 (compatible; MSIE 8.0; Windows NT 5.1; Trident/4.0; .NET CLR 1.1.4322; .NET CLR 2.0.50727; .NET CLR 3.0.4506.2152; .NET CLR 3.5.30729; InfoPath.1)"
66.193.135.216 - - [09/Apr/2012:15:23:25 -0500] "GET /assets/images/btn_main_search_hover.png HTTP/1.1" 404 - "http://operationspokaneheroes.org/_inc/slide.php" "Mozilla/4.0 (compatible; MSIE 8.0; Windows NT 5.1; Trident/4.0; .NET CLR 1.1.4322; .NET CLR 2.0.50727; .NET CLR 3.0.4506.2152; .NET CLR 3.5.30729; InfoPath.1)"
66.193.135.216 - - [09/Apr/2012:15:23:24 -0500] "GET /images/1.jpg HTTP/1.1" 200 142489 "http://operationspokaneheroes.org/_inc/slide.php" "Mozilla/4.0 (compatible; MSIE 8.0; Windows NT 5.1; Trident/4.0; .NET CLR 1.1.4322; .NET CLR 2.0.50727; .NET CLR 3.0.4506.2152; .NET CLR 3.5.30729; InfoPath.1)"
66.193.135.216 - - [09/Apr/2012:15:23:25 -0500] "GET /favicon.ico HTTP/1.1" 404 - "-" "Mozilla/4.0 (compatible; MSIE 8.0; Windows NT 5.1; Trident/4.0; .NET CLR 1.1.4322; .NET CLR 2.0.50727; .NET CLR 3.0.4506.2152; .NET CLR 3.5.30729; InfoPath.1)"
1.202.218.8 - - [09/Apr/2012:15:46:19 -0500] "GET /robots.txt HTTP/1.0" 404 - "-" "\"Mozilla/5.0"
150.70.172.205 - - [09/Apr/2012:15:46:43 -0500] "GET / HTTP/1.0" 200 10288 "-" "Mozilla/4.0 (compatible; MSIE 6.0; Windows NT 5.1)"
193.106.136.59 - - [09/Apr/2012:21:44:35 -0500] "GET / HTTP/1.1" 200 10288 "http://radiocomponent.net/" "Mozilla/5.0 (compatible; Googlebot/2.1; +http://www.google.com/bot.html)"
65.52.110.30 - - [09/Apr/2012:22:01:21 -0500] "GET /robots.txt HTTP/1.1" 404 - "-" "Mozilla/5.0 (compatible; bingbot/2.0; +http://www.bing.com/bingbot.htm)"
65.52.110.30 - - [09/Apr/2012:22:02:14 -0500] "GET /business_discount.php HTTP/1.1" 404 - "-" "Mozilla/5.0 (compatible; bingbot/2.0; +http://www.bing.com/bingbot.htm)"
208.115.113.86 - - [09/Apr/2012:22:11:00 -0500] "GET /robots.txt HTTP/1.1" 404 - "-" "Mozilla/5.0 (compatible; Ezooms/1.0; ezooms.bot@gmail.com)"
1.202.218.8 - - [09/Apr/2012:22:29:49 -0500] "GET /robots.txt HTTP/1.0" 404 - "-" "\"Mozilla/5.0"
208.115.113.86 - - [09/Apr/2012:22:55:39 -0500] "GET /calendar.php HTTP/1.1" 200 10488 "-" "Mozilla/5.0 (compatible; Ezooms/1.0; ezooms.bot@gmail.com)"
100.43.83.155 - - [10/Apr/2012:01:11:45 -0500] "GET /calendar.php HTTP/1.1" 200 10488 "-" "Mozilla/5.0 (compatible; YandexBot/3.0; +http://yandex.com/bots)"
207.46.192.45 - - [10/Apr/2012:01:22:09 -0500] "GET /robots.txt HTTP/1.1" 404 - "-" "Mozilla/5.0 (compatible; bingbot/2.0; +http://www.bing.com/bingbot.htm)"
207.46.192.45 - - [10/Apr/2012:01:25:18 -0500] "GET /java_for_joes/index.html HTTP/1.1" 404 - "-" "Mozilla/5.0 (compatible; bingbot/2.0; +http://www.bing.com/bingbot.htm)"
1.202.218.8 - - [10/Apr/2012:01:44:16 -0500] "GET /robots.txt HTTP/1.0" 404 - "-" "\"Mozilla/5.0"
208.115.113.86 - - [10/Apr/2012:01:51:19 -0500] "GET /robots.txt HTTP/1.1" 404 - "-" "Mozilla/5.0 (compatible; Ezooms/1.0; ezooms.bot@gmail.com)"
208.115.113.86 - - [10/Apr/2012:01:57:02 -0500] "GET / HTTP/1.1" 200 10288 "-" "Mozilla/5.0 (compatible; Ezooms/1.0; ezooms.bot@gmail.com)"
202.46.59.197 - - [10/Apr/2012:02:16:30 -0500] "GET /mission.php HTTP/1.1" 404 - "-" "Mozilla/5.0 (Windows NT 5.1; rv:6.0.2) Gecko/20100101 Firefox/6.0.2"
202.46.59.75 - - [10/Apr/2012:02:16:31 -0500] "GET /slider.html HTTP/1.1" 200 7532 "-" "Mozilla/5.0 (Windows NT 5.1; rv:6.0.2) Gecko/20100101 Firefox/6.0.2"
202.46.53.80 - - [10/Apr/2012:02:16:30 -0500] "GET /cgi-sys/defaultwebpage.cgi HTTP/1.1" 200 3477 "-" "Mozilla/5.0 (Windows NT 5.1; rv:6.0.2) Gecko/20100101 Firefox/6.0.2"
202.46.51.140 - - [10/Apr/2012:02:16:30 -0500] "GET /cgi-sys/defaultwebpage.cgi HTTP/1.1" 200 3477 "-" "Mozilla/5.0 (Windows NT 5.1; rv:6.0.2) Gecko/20100101 Firefox/6.0.2"
202.46.62.115 - - [10/Apr/2012:02:16:35 -0500] "GET /mission.php HTTP/1.1" 404 - "-" "Mozilla/5.0 (Windows NT 5.1; rv:6.0.2) Gecko/20100101 Firefox/6.0.2"
202.46.52.55 - - [10/Apr/2012:02:16:35 -0500] "GET /slider.html HTTP/1.1" 200 7532 "-" "Mozilla/5.0 (Windows NT 5.1; rv:6.0.2) Gecko/20100101 Firefox/6.0.2"
180.76.6.222 - - [10/Apr/2012:02:36:13 -0500] "GET /java_for_joes/index.html HTTP/1.1" 404 - "-" "Mozilla/5.0 (compatible; Baiduspider/2.0; +http://www.baidu.com/search/spider.html)"
123.125.71.39 - - [10/Apr/2012:03:31:07 -0500] "GET /contact.php HTTP/1.1" 200 10298 "-" "Mozilla/5.0 (compatible; Baiduspider/2.0; +http://www.baidu.com/search/spider.html)"
66.249.67.87 - - [10/Apr/2012:04:14:25 -0500] "GET /robots.txt HTTP/1.1" 404 - "-" "Mozilla/5.0 (compatible; Googlebot/2.1; +http://www.google.com/bot.html)"
66.249.67.87 - - [10/Apr/2012:04:14:25 -0500] "GET /pdf/OSH%20Gift%20Cards%202011%20Media%20Advisory.pdf HTTP/1.1" 404 - "-" "Mozilla/5.0 (compatible; Googlebot/2.1; +http://www.google.com/bot.html)"
213.110.133.221 - - [10/Apr/2012:04:37:59 -0500] "GET / HTTP/1.1" 200 10288 "http://www.audio-transcoder.com/how-to-convert-flac-files-to-mp3" "Mozilla/5.0 (compatible; Googlebot/2.1; +http://www.google.com/bot.html)"
213.110.133.221 - - [10/Apr/2012:04:38:00 -0500] "GET / HTTP/1.1" 200 10288 "http://www.audio-transcoder.com/how-to-convert-flac-files-to-mp3" "Mozilla/5.0 (compatible; Googlebot/2.1; +http://www.google.com/bot.html)"
1.202.218.8 - - [10/Apr/2012:04:57:44 -0500] "GET /robots.txt HTTP/1.0" 404 - "-" "\"Mozilla/5.0"
100.43.83.155 - - [10/Apr/2012:05:29:27 -0500] "GET /index.php HTTP/1.1" 200 10288 "-" "Mozilla/5.0 (compatible; YandexBot/3.0; +http://yandex.com/bots)"
180.76.5.97 - - [10/Apr/2012:05:29:39 -0500] "GET /_inc/slide.php HTTP/1.1" 200 3205 "-" "Mozilla/5.0 (compatible; Baiduspider/2.0; +http://www.baidu.com/search/spider.html)"
92.249.127.111 - - [10/Apr/2012:05:36:04 -0500] "GET / HTTP/1.1" 200 10288 "http://avena.com.ua/" "\xef\xbb\xbfMozilla/5.0 (compatible; Googlebot/2.1; +http://www.google.com/bot.html)"
95.108.150.235 - - [10/Apr/2012:07:19:22 -0500] "GET /robots.txt HTTP/1.1" 404 - "-" "Mozilla/5.0 (compatible; YandexBot/3.0; +http://yandex.com/bots)"
95.108.150.235 - - [10/Apr/2012:07:19:23 -0500] "GET /java_for_joes/index.html HTTP/1.1" 404 - "-" "Mozilla/5.0 (compatible; YandexBot/3.0; +http://yandex.com/bots)"
95.108.150.235 - - [10/Apr/2012:07:19:24 -0500] "GET /java_for_joes/index.html HTTP/1.1" 404 - "-" "Mozilla/5.0 (compatible; YandexBot/3.0; +http://yandex.com/bots)"
1.202.218.8 - - [10/Apr/2012:08:19:09 -0500] "GET /robots.txt HTTP/1.0" 404 - "-" "\"Mozilla/5.0"
157.56.94.169 - - [10/Apr/2012:08:22:38 -0500] "GET /robots.txt HTTP/1.1" 404 - "-" "msnbot/2.0b (+http://search.msn.com/msnbot.htm)"
157.56.94.169 - - [10/Apr/2012:08:22:38 -0500] "GET / HTTP/1.1" 200 10288 "-" "msnbot/2.0b (+http://search.msn.com/msnbot.htm)"
66.249.67.87 - - [10/Apr/2012:10:44:53 -0500] "GET /java_for_joes/index.html HTTP/1.1" 404 - "-" "Mozilla/5.0 (compatible; Googlebot/2.1; +http://www.google.com/bot.html)"
100.43.83.155 - - [10/Apr/2012:10:49:15 -0500] "GET /robots.txt HTTP/1.1" 404 - "-" "Mozilla/5.0 (compatible; YandexBot/3.0; +http://yandex.com/bots)"
1.202.218.8 - - [10/Apr/2012:11:35:34 -0500] "GET /robots.txt HTTP/1.0" 404 - "-" "\"Mozilla/5.0"
207.46.199.37 - - [10/Apr/2012:13:06:54 -0500] "GET /robots.txt HTTP/1.1" 404 - "-" "Mozilla/5.0 (compatible; bingbot/2.0; +http://www.bing.com/bingbot.htm)"
207.46.199.37 - - [10/Apr/2012:13:07:48 -0500] "GET /_inc/slide.php HTTP/1.1" 200 3205 "-" "Mozilla/5.0 (compatible; bingbot/2.0; +http://www.bing.com/bingbot.htm)"
100.43.83.155 - - [10/Apr/2012:13:50:49 -0500] "GET /contact.php HTTP/1.1" 200 10298 "-" "Mozilla/5.0 (compatible; YandexBot/3.0; +http://yandex.com/bots)"
1.202.218.8 - - [10/Apr/2012:14:49:31 -0500] "GET /robots.txt HTTP/1.0" 404 - "-" "\"Mozilla/5.0"
65.52.108.199 - - [10/Apr/2012:15:24:15 -0500] "GET /_inc/slide_cal.php HTTP/1.1" 404 - "-" "Mozilla/5.0 (compatible; bingbot/2.0; +http://www.bing.com/bingbot.htm)"
72.94.249.37 - - [10/Apr/2012:15:53:51 -0500] "GET / HTTP/1.1" 200 10288 "-" "Mozilla/4.0 (compatible; MSIE 6.0; Windows NT 5.1; SV1; .NET CLR 1.1.4322)"
94.153.65.230 - - [10/Apr/2012:16:11:52 -0500] "GET / HTTP/1.1" 200 10256 "http://utrolive.ru/" "Mozilla/5.0 (compatible; Googlebot/2.1; +http://www.google.com/bot.html)"
173.242.125.206 - - [10/Apr/2012:16:49:59 -0500] "GET /robots.txt HTTP/1.0" 404 - "-" "Mozilla/5.0 (compatible; MJ12bot/v1.4.2; http://www.majestic12.co.uk/bot.php?+)"
173.242.125.206 - - [10/Apr/2012:16:50:01 -0500] "GET / HTTP/1.0" 200 10288 "-" "Mozilla/5.0 (compatible; MJ12bot/v1.4.2; http://www.majestic12.co.uk/bot.php?+)"
173.242.125.206 - - [10/Apr/2012:16:50:03 -0500] "GET /robots.txt HTTP/1.0" 404 - "-" "Mozilla/5.0 (compatible; MJ12bot/v1.4.2; http://www.majestic12.co.uk/bot.php?+)"
173.242.125.206 - - [10/Apr/2012:16:50:05 -0500] "GET / HTTP/1.0" 200 10288 "-" "Mozilla/5.0 (compatible; MJ12bot/v1.4.2; http://www.majestic12.co.uk/bot.php?+)"
123.125.71.28 - - [10/Apr/2012:16:57:32 -0500] "GET / HTTP/1.1" 200 10288 "-" "Mozilla/5.0 (compatible; Baiduspider/2.0; +http://www.baidu.com/search/spider.html)"
69.171.228.250 - - [10/Apr/2012:17:28:20 -0500] "GET /images/global.png HTTP/1.1" 200 5737 "-" "facebookexternalhit/1.0 (+http://www.facebook.com/externalhit_uatext.php)"
100.43.83.155 - - [10/Apr/2012:17:30:23 -0500] "GET /business.php HTTP/1.1" 200 10592 "-" "Mozilla/5.0 (compatible; YandexBot/3.0; +http://yandex.com/bots)"
157.56.94.169 - - [10/Apr/2012:17:32:01 -0500] "GET /index.php HTTP/1.1" 200 10288 "-" "msnbot/2.0b (+http://search.msn.com/msnbot.htm)"
157.56.94.169 - - [10/Apr/2012:17:32:08 -0500] "GET /contact.php HTTP/1.1" 200 10298 "-" "msnbot/2.0b (+http://search.msn.com/msnbot.htm)"
157.56.94.169 - - [10/Apr/2012:17:32:09 -0500] "GET /_inc/slide.php HTTP/1.1" 200 3205 "-" "msnbot/2.0b (+http://search.msn.com/msnbot.htm)"
157.56.94.169 - - [10/Apr/2012:17:32:12 -0500] "GET /calendar.php HTTP/1.1" 200 10488 "-" "msnbot/2.0b (+http://search.msn.com/msnbot.htm)"
