66.249.74.229 - - [01/Mar/2013:02:11:06 -0600] "GET / HTTP/1.1" 200 10513 "-" "SAMSUNG-SGH-E250/1.0 Profile/MIDP-2.0 Configuration/CLDC-1.1 UP.Browser/6.2.3.3.c.1.101 (GUI) MMP/2.0 (compatible; Googlebot-Mobile/2.1; +http://www.google.com/bot.html)"
173.199.115.75 - - [01/Mar/2013:02:49:08 -0600] "GET /business.php HTTP/1.1" 200 10813 "-" "Mozilla/5.0 (compatible; AhrefsBot/4.0; +http://ahrefs.com/robot/)"
178.137.92.96 - - [01/Mar/2013:02:50:09 -0600] "GET / HTTP/1.1" 200 10333 "http://www.a-tg.ru/" "Mozilla/4.0 (compatible; MSIE 5.5; Windows NT 5.0; T312461)"
178.137.92.96 - - [01/Mar/2013:02:50:09 -0600] "GET / HTTP/1.1" 200 10333 "http://lalatoys.ru/" "Mozilla/4.0 (compatible; MSIE 5.5; Windows NT 5.0; T312461)"
178.137.92.96 - - [01/Mar/2013:02:50:10 -0600] "GET / HTTP/1.1" 200 10513 "http://www.a-tg.ru/" "Mozilla/4.0 (compatible; MSIE 5.5; Windows NT 5.0; T312461)"
178.137.92.96 - - [01/Mar/2013:02:50:11 -0600] "GET / HTTP/1.1" 200 10513 "http://www.a-tg.ru/" "Mozilla/4.0 (compatible; MSIE 5.5; Windows NT 5.0; T312461)"
178.137.92.96 - - [01/Mar/2013:02:50:11 -0600] "GET / HTTP/1.1" 200 10513 "http://lalatoys.ru/" "Mozilla/4.0 (compatible; MSIE 5.5; Windows NT 5.0; T312461)"
178.137.92.96 - - [01/Mar/2013:02:50:10 -0600] "GET / HTTP/1.1" 200 10333 "http://lalatoys.ru/" "Mozilla/4.0 (compatible; MSIE 5.5; Windows NT 5.0; T312461)"
173.199.115.75 - - [01/Mar/2013:02:58:41 -0600] "GET /events.php HTTP/1.1" 200 6407 "-" "Mozilla/5.0 (compatible; AhrefsBot/4.0; +http://ahrefs.com/robot/)"
202.46.61.29 - - [01/Mar/2013:03:18:57 -0600] "GET / HTTP/1.1" 200 10513 "-" "Mozilla/4.0 (compatible; MSIE 7.0; Windows NT 6.0)"
119.63.193.194 - - [01/Mar/2013:03:20:22 -0600] "GET / HTTP/1.1" 200 10513 "-" "Mozilla/4.0 (compatible; MSIE 7.0; Windows NT 6.0)"
173.199.115.75 - - [01/Mar/2013:03:30:11 -0600] "GET /events.php HTTP/1.1" 200 6407 "-" "Mozilla/5.0 (compatible; AhrefsBot/4.0; +http://ahrefs.com/robot/)"
157.55.32.146 - - [01/Mar/2013:03:42:52 -0600] "GET /robots.txt HTTP/1.1" 404 - "-" "Mozilla/5.0 (compatible; bingbot/2.0; +http://www.bing.com/bingbot.htm)"
157.55.32.146 - - [01/Mar/2013:03:44:58 -0600] "GET /slider.html HTTP/1.1" 200 8245 "-" "Mozilla/5.0 (compatible; bingbot/2.0; +http://www.bing.com/bingbot.htm)"
157.55.32.146 - - [01/Mar/2013:03:52:08 -0600] "GET /robots.txt HTTP/1.1" 404 - "-" "Mozilla/5.0 (compatible; bingbot/2.0; +http://www.bing.com/bingbot.htm)"
157.55.32.146 - - [01/Mar/2013:03:56:12 -0600] "GET / HTTP/1.1" 200 10513 "-" "Mozilla/5.0 (compatible; bingbot/2.0; +http://www.bing.com/bingbot.htm)"
173.199.115.75 - - [01/Mar/2013:05:14:56 -0600] "GET /slider/index.html HTTP/1.1" 200 2395 "-" "Mozilla/5.0 (compatible; AhrefsBot/4.0; +http://ahrefs.com/robot/)"
173.199.115.75 - - [01/Mar/2013:06:04:23 -0600] "GET /contact.php HTTP/1.1" 200 10519 "-" "Mozilla/5.0 (compatible; AhrefsBot/4.0; +http://ahrefs.com/robot/)"
66.249.74.205 - - [01/Mar/2013:06:11:27 -0600] "GET /images/3_big.gif HTTP/1.1" 304 - "-" "Googlebot-Image/1.0"
157.55.32.146 - - [01/Mar/2013:06:11:41 -0600] "GET /robots.txt HTTP/1.1" 404 - "-" "Mozilla/5.0 (compatible; bingbot/2.0; +http://www.bing.com/bingbot.htm)"
157.55.32.146 - - [01/Mar/2013:06:13:02 -0600] "GET / HTTP/1.1" 200 10513 "-" "Mozilla/5.0 (compatible; bingbot/2.0; +http://www.bing.com/bingbot.htm)"
173.199.115.75 - - [01/Mar/2013:06:23:01 -0600] "GET /pdf/174%20Stores%20and%20Business%20Offering%20Military%20Discounts1.pdf HTTP/1.1" 200 122888 "-" "Mozilla/5.0 (compatible; AhrefsBot/4.0; +http://ahrefs.com/robot/)"
193.106.136.32 - - [01/Mar/2013:06:36:10 -0600] "GET / HTTP/1.1" 200 10513 "http://terabita.by/" "Mozilla/4.0 (compatible; MSIE 6.0; Windows NT 5.1; Q312461)"
193.106.136.32 - - [01/Mar/2013:06:36:11 -0600] "GET / HTTP/1.1" 200 10513 "http://terabita.by/" "Mozilla/4.0 (compatible; MSIE 6.0; Windows NT 5.1; Q312461)"
173.199.115.75 - - [01/Mar/2013:06:37:34 -0600] "GET /pdf/2010_Top100_Military_Friendly_Employers.pdf HTTP/1.1" 200 711726 "-" "Mozilla/5.0 (compatible; AhrefsBot/4.0; +http://ahrefs.com/robot/)"
173.199.115.75 - - [01/Mar/2013:07:02:25 -0600] "GET /_inc/contact.php HTTP/1.1" 200 756 "-" "Mozilla/5.0 (compatible; AhrefsBot/4.0; +http://ahrefs.com/robot/)"
94.153.64.117 - - [01/Mar/2013:08:17:14 -0600] "GET / HTTP/1.1" 200 10513 "http://www.yamax.ru/" "Mozilla/4.0 (compatible; MSIE 6.0; Windows NT 5.1; .NET CLR 1.1.4322)"
94.153.64.117 - - [01/Mar/2013:08:17:15 -0600] "GET / HTTP/1.1" 200 10513 "http://www.yamax.ru/" "Mozilla/4.0 (compatible; MSIE 6.0; Windows NT 5.1; .NET CLR 1.1.4322)"
94.153.64.117 - - [01/Mar/2013:08:17:16 -0600] "GET / HTTP/1.1" 200 10513 "http://www.yamax.ru/" "Mozilla/4.0 (compatible; MSIE 6.0; Windows NT 5.1; .NET CLR 1.1.4322)"
208.115.113.86 - - [01/Mar/2013:08:53:34 -0600] "GET /robots.txt HTTP/1.1" 404 - "-" "Mozilla/5.0 (compatible; Ezooms/1.0; ezooms.bot@gmail.com)"
180.76.5.93 - - [01/Mar/2013:09:06:58 -0600] "GET / HTTP/1.1" 200 10513 "-" "Mozilla/5.0 (compatible; Baiduspider/2.0; +http://www.baidu.com/search/spider.html)"
208.115.113.86 - - [01/Mar/2013:10:01:52 -0600] "GET /wedo.php HTTP/1.1" 404 - "-" "Mozilla/5.0 (compatible; Ezooms/1.0; ezooms.bot@gmail.com)"
194.71.222.219 - - [01/Mar/2013:10:20:31 -0600] "GET / HTTP/1.0" 200 10513 "http://operationspokaneheroes.org/" "Mozilla/4.0 (compatible; MSIE 6.0; Windows NT 5.1; SV1; MRA 5.8 (build 4157); .NET CLR 2.0.50727; AskTbPTV/5.11.3.15590)"
194.71.223.27 - - [01/Mar/2013:10:20:32 -0600] "GET /_inc/slide.php HTTP/1.0" 200 3205 "http://operationspokaneheroes.org/" "Mozilla/4.0 (compatible; MSIE 6.0; Windows NT 5.1; SV1; MRA 5.8 (build 4157); .NET CLR 2.0.50727; AskTbPTV/5.11.3.15590)"
220.181.108.122 - - [01/Mar/2013:11:13:23 -0600] "GET / HTTP/1.1" 200 10513 "-" "Mozilla/5.0 (compatible; Baiduspider/2.0; +http://www.baidu.com/search/spider.html)"
173.199.115.75 - - [01/Mar/2013:12:09:54 -0600] "GET /events/vet_picnic/vet_picnic.html HTTP/1.1" 200 3163 "-" "Mozilla/5.0 (compatible; AhrefsBot/4.0; +http://ahrefs.com/robot/)"
94.153.64.117 - - [01/Mar/2013:12:30:50 -0600] "GET / HTTP/1.1" 200 10513 "http://cafemam.ru/" "Mozilla/4.0 (compatible; MSIE 6.0; Windows NT 5.1; .NET CLR 1.0.3705)"
94.153.64.117 - - [01/Mar/2013:12:30:51 -0600] "GET / HTTP/1.1" 200 10513 "http://cafemam.ru/" "Mozilla/4.0 (compatible; MSIE 6.0; Windows NT 5.1; .NET CLR 1.0.3705)"
94.153.64.117 - - [01/Mar/2013:12:30:52 -0600] "GET / HTTP/1.1" 200 10513 "http://cafemam.ru/" "Mozilla/4.0 (compatible; MSIE 6.0; Windows NT 5.1; .NET CLR 1.0.3705)"
173.199.115.75 - - [01/Mar/2013:12:46:02 -0600] "GET /donate.php HTTP/1.1" 200 11699 "-" "Mozilla/5.0 (compatible; AhrefsBot/4.0; +http://ahrefs.com/robot/)"
208.115.113.86 - - [01/Mar/2013:12:54:06 -0600] "GET /robots.txt HTTP/1.1" 404 - "-" "Mozilla/5.0 (compatible; Ezooms/1.0; ezooms.bot@gmail.com)"
23.20.222.6 - - [01/Mar/2013:13:48:30 -0600] "GET /pdf/VetsDay_Flyer2.pdf HTTP/1.1" 200 2364673 "http://yandex.ru/yandsearch?text=operationspokaneheroes.org&lr=213" "Mozilla/4.0 (compatible; MSIE 7.0; Windows NT 5.1; .NET CLR 1.1.4322; .NET CLR 2.0.50727)"
66.249.74.7 - - [01/Mar/2013:13:48:47 -0600] "GET /robots.txt HTTP/1.1" 404 - "-" "Mozilla/5.0 (compatible; Googlebot/2.1; +http://www.google.com/bot.html)"
66.249.74.238 - - [01/Mar/2013:13:48:47 -0600] "GET /pdf/Invite%20for%20vets%20listening%20session%20(mm%20edits).pdf HTTP/1.1" 404 - "-" "Googlebot/2.1 (+http://www.google.com/bot.html)"
180.76.5.11 - - [01/Mar/2013:13:54:08 -0600] "GET /events/vet_picnic/vet_picnic.html HTTP/1.1" 200 3163 "-" "Mozilla/5.0 (compatible; Baiduspider/2.0; +http://www.baidu.com/search/spider.html)"
208.115.113.86 - - [01/Mar/2013:14:18:53 -0600] "GET /benefits.php HTTP/1.1" 404 - "-" "Mozilla/5.0 (compatible; Ezooms/1.0; ezooms.bot@gmail.com)"
66.249.74.202 - - [01/Mar/2013:14:25:03 -0600] "GET /images/1.gif HTTP/1.1" 304 - "-" "Googlebot-Image/1.0"
23.20.222.6 - - [01/Mar/2013:14:57:07 -0600] "GET /pdf/VetsDay_Flyer2.pdf HTTP/1.1" 200 2364673 "http://yandex.ru/yandsearch?text=operationspokaneheroes.org&lr=213" "Mozilla/4.0 (compatible; MSIE 7.0; Windows NT 5.1; .NET CLR 1.1.4322; .NET CLR 2.0.50727)"
132.3.65.79 - - [01/Mar/2013:14:57:47 -0600] "GET / HTTP/1.1" 200 10513 "http://www.bing.com/search?q=operation+spokane+heroes&src=IE-SearchBox&FORM=IE8SRC" "Mozilla/4.0 (compatible; MSIE 8.0; Windows NT 6.1; Trident/4.0; SLCC2; .NET CLR 2.0.50727; .NET CLR 3.5.30729; .NET CLR 3.0.30729; InfoPath.2; .NET4.0C; .NET4.0E)"
132.3.65.79 - - [01/Mar/2013:14:57:47 -0600] "GET /slider/index.html HTTP/1.1" 200 2395 "http://operationspokaneheroes.org/" "Mozilla/4.0 (compatible; MSIE 8.0; Windows NT 6.1; Trident/4.0; SLCC2; .NET CLR 2.0.50727; .NET CLR 3.5.30729; .NET CLR 3.0.30729; InfoPath.2; .NET4.0C; .NET4.0E)"
132.3.65.79 - - [01/Mar/2013:14:57:47 -0600] "GET /images/global.png HTTP/1.1" 200 5737 "http://operationspokaneheroes.org/" "Mozilla/4.0 (compatible; MSIE 8.0; Windows NT 6.1; Trident/4.0; SLCC2; .NET CLR 2.0.50727; .NET CLR 3.5.30729; .NET CLR 3.0.30729; InfoPath.2; .NET4.0C; .NET4.0E)"
132.3.65.79 - - [01/Mar/2013:14:57:47 -0600] "GET /images/facebook.png HTTP/1.1" 200 5004 "http://operationspokaneheroes.org/" "Mozilla/4.0 (compatible; MSIE 8.0; Windows NT 6.1; Trident/4.0; SLCC2; .NET CLR 2.0.50727; .NET CLR 3.5.30729; .NET CLR 3.0.30729; InfoPath.2; .NET4.0C; .NET4.0E)"
132.3.65.79 - - [01/Mar/2013:14:57:47 -0600] "GET /images/contacticon.png HTTP/1.1" 200 4499 "http://operationspokaneheroes.org/" "Mozilla/4.0 (compatible; MSIE 8.0; Windows NT 6.1; Trident/4.0; SLCC2; .NET CLR 2.0.50727; .NET CLR 3.5.30729; .NET CLR 3.0.30729; InfoPath.2; .NET4.0C; .NET4.0E)"
132.3.65.79 - - [01/Mar/2013:14:57:47 -0600] "GET /css/footer.css HTTP/1.1" 200 752 "http://operationspokaneheroes.org/" "Mozilla/4.0 (compatible; MSIE 8.0; Windows NT 6.1; Trident/4.0; SLCC2; .NET CLR 2.0.50727; .NET CLR 3.5.30729; .NET CLR 3.0.30729; InfoPath.2; .NET4.0C; .NET4.0E)"
132.3.65.79 - - [01/Mar/2013:14:57:47 -0600] "GET /css/global.css HTTP/1.1" 200 13951 "http://operationspokaneheroes.org/" "Mozilla/4.0 (compatible; MSIE 8.0; Windows NT 6.1; Trident/4.0; SLCC2; .NET CLR 2.0.50727; .NET CLR 3.5.30729; .NET CLR 3.0.30729; InfoPath.2; .NET4.0C; .NET4.0E)"
132.3.65.79 - - [01/Mar/2013:14:57:47 -0600] "GET /_inc/slide.php HTTP/1.1" 200 3205 "http://operationspokaneheroes.org/" "Mozilla/4.0 (compatible; MSIE 8.0; Windows NT 6.1; Trident/4.0; SLCC2; .NET CLR 2.0.50727; .NET CLR 3.5.30729; .NET CLR 3.0.30729; InfoPath.2; .NET4.0C; .NET4.0E)"
132.3.65.81 - - [01/Mar/2013:14:57:47 -0600] "GET /images/facebook.png HTTP/1.1" 200 5004 "http://operationspokaneheroes.org/" "Mozilla/4.0 (compatible; MSIE 8.0; Windows NT 6.1; Trident/4.0; SLCC2; .NET CLR 2.0.50727; .NET CLR 3.5.30729; .NET CLR 3.0.30729; InfoPath.2; .NET4.0C; .NET4.0E)"
132.3.65.79 - - [01/Mar/2013:14:57:47 -0600] "GET /slider/css/style.css HTTP/1.1" 200 1376 "-" "Mozilla/4.0 (compatible;)"
132.3.65.79 - - [01/Mar/2013:14:57:47 -0600] "GET /slider/js/startstop-slider.js HTTP/1.1" 200 1737 "-" "Mozilla/4.0 (compatible;)"
132.3.65.82 - - [01/Mar/2013:14:57:47 -0600] "GET /css/footer.css HTTP/1.1" 200 752 "http://operationspokaneheroes.org/" "Mozilla/4.0 (compatible; MSIE 8.0; Windows NT 6.1; Trident/4.0; SLCC2; .NET CLR 2.0.50727; .NET CLR 3.5.30729; .NET CLR 3.0.30729; InfoPath.2; .NET4.0C; .NET4.0E)"
132.3.65.82 - - [01/Mar/2013:14:57:47 -0600] "GET /images/contacticon.png HTTP/1.1" 200 4499 "http://operationspokaneheroes.org/" "Mozilla/4.0 (compatible; MSIE 8.0; Windows NT 6.1; Trident/4.0; SLCC2; .NET CLR 2.0.50727; .NET CLR 3.5.30729; .NET CLR 3.0.30729; InfoPath.2; .NET4.0C; .NET4.0E)"
132.3.65.78 - - [01/Mar/2013:14:57:47 -0600] "GET /slider/index.html HTTP/1.1" 200 2395 "http://operationspokaneheroes.org/" "Mozilla/4.0 (compatible; MSIE 8.0; Windows NT 6.1; Trident/4.0; SLCC2; .NET CLR 2.0.50727; .NET CLR 3.5.30729; .NET CLR 3.0.30729; InfoPath.2; .NET4.0C; .NET4.0E)"
132.3.65.82 - - [01/Mar/2013:14:57:47 -0600] "GET /_inc/slide.php HTTP/1.1" 200 3205 "http://operationspokaneheroes.org/" "Mozilla/4.0 (compatible; MSIE 8.0; Windows NT 6.1; Trident/4.0; SLCC2; .NET CLR 2.0.50727; .NET CLR 3.5.30729; .NET CLR 3.0.30729; InfoPath.2; .NET4.0C; .NET4.0E)"
132.3.65.79 - - [01/Mar/2013:14:57:47 -0600] "GET /images/slder2.png HTTP/1.1" 200 32853 "-" "Mozilla/4.0 (compatible;)"
132.3.65.78 - - [01/Mar/2013:14:57:47 -0600] "GET /slider/js/startstop-slider.js HTTP/1.1" 200 1737 "http://operationspokaneheroes.org/slider/index.html" "Mozilla/4.0 (compatible; MSIE 8.0; Windows NT 6.1; Trident/4.0; SLCC2; .NET CLR 2.0.50727; .NET CLR 3.5.30729; .NET CLR 3.0.30729; InfoPath.2; .NET4.0C; .NET4.0E)"
132.3.65.82 - - [01/Mar/2013:14:57:47 -0600] "GET /slider/css/style.css HTTP/1.1" 200 1376 "-" "Mozilla/4.0 (compatible;)"
132.3.65.79 - - [01/Mar/2013:14:57:47 -0600] "GET /images/imagslider-3.png HTTP/1.1" 200 37819 "-" "Mozilla/4.0 (compatible;)"
132.3.65.79 - - [01/Mar/2013:14:57:47 -0600] "GET /images/imagslider-1.png HTTP/1.1" 200 52806 "-" "Mozilla/4.0 (compatible;)"
132.3.65.78 - - [01/Mar/2013:14:57:47 -0600] "GET /slider/css/style.css HTTP/1.1" 200 1376 "http://operationspokaneheroes.org/slider/index.html" "Mozilla/4.0 (compatible; MSIE 8.0; Windows NT 6.1; Trident/4.0; SLCC2; .NET CLR 2.0.50727; .NET CLR 3.5.30729; .NET CLR 3.0.30729; InfoPath.2; .NET4.0C; .NET4.0E)"
132.3.65.79 - - [01/Mar/2013:14:57:47 -0600] "GET /images/nav2.jpg HTTP/1.1" 200 4444 "http://operationspokaneheroes.org/" "Mozilla/4.0 (compatible; MSIE 8.0; Windows NT 6.1; Trident/4.0; SLCC2; .NET CLR 2.0.50727; .NET CLR 3.5.30729; .NET CLR 3.0.30729; InfoPath.2; .NET4.0C; .NET4.0E)"
132.3.65.79 - - [01/Mar/2013:14:57:47 -0600] "GET /images/imagslider-4.png HTTP/1.1" 200 40656 "-" "Mozilla/4.0 (compatible;)"
132.3.65.79 - - [01/Mar/2013:14:57:47 -0600] "GET /mainbk.png HTTP/1.1" 200 290 "http://operationspokaneheroes.org/" "Mozilla/4.0 (compatible; MSIE 8.0; Windows NT 6.1; Trident/4.0; SLCC2; .NET CLR 2.0.50727; .NET CLR 3.5.30729; .NET CLR 3.0.30729; InfoPath.2; .NET4.0C; .NET4.0E)"
132.3.65.79 - - [01/Mar/2013:14:57:47 -0600] "GET /images/imagslider-2.png HTTP/1.1" 200 50693 "-" "Mozilla/4.0 (compatible;)"
132.3.65.79 - - [01/Mar/2013:14:57:47 -0600] "GET /images/logo.png HTTP/1.1" 200 226129 "http://operationspokaneheroes.org/" "Mozilla/4.0 (compatible; MSIE 8.0; Windows NT 6.1; Trident/4.0; SLCC2; .NET CLR 2.0.50727; .NET CLR 3.5.30729; .NET CLR 3.0.30729; InfoPath.2; .NET4.0C; .NET4.0E)"
132.3.65.81 - - [01/Mar/2013:14:57:47 -0600] "GET /images/imagslider-3.png HTTP/1.1" 200 37819 "-" "Mozilla/4.0 (compatible;)"
132.3.65.79 - - [01/Mar/2013:14:57:47 -0600] "GET /css/slide.css HTTP/1.1" 200 2869 "http://operationspokaneheroes.org/_inc/slide.php" "Mozilla/4.0 (compatible; MSIE 8.0; Windows NT 6.1; Trident/4.0; SLCC2; .NET CLR 2.0.50727; .NET CLR 3.5.30729; .NET CLR 3.0.30729; InfoPath.2; .NET4.0C; .NET4.0E)"
132.3.65.78 - - [01/Mar/2013:14:57:47 -0600] "GET /images/slder2.png HTTP/1.1" 200 32853 "http://operationspokaneheroes.org/slider/index.html" "Mozilla/4.0 (compatible; MSIE 8.0; Windows NT 6.1; Trident/4.0; SLCC2; .NET CLR 2.0.50727; .NET CLR 3.5.30729; .NET CLR 3.0.30729; InfoPath.2; .NET4.0C; .NET4.0E)"
132.3.65.81 - - [01/Mar/2013:14:57:47 -0600] "GET /images/slder2.png HTTP/1.1" 200 32853 "-" "Mozilla/4.0 (compatible;)"
132.3.65.79 - - [01/Mar/2013:14:57:47 -0600] "GET /slider/js/jquery-1.2.6.js HTTP/1.1" 200 100196 "-" "Mozilla/4.0 (compatible;)"
132.3.65.78 - - [01/Mar/2013:14:57:47 -0600] "GET /images/imagslider-4.png HTTP/1.1" 200 40656 "http://operationspokaneheroes.org/slider/index.html" "Mozilla/4.0 (compatible; MSIE 8.0; Windows NT 6.1; Trident/4.0; SLCC2; .NET CLR 2.0.50727; .NET CLR 3.5.30729; .NET CLR 3.0.30729; InfoPath.2; .NET4.0C; .NET4.0E)"
132.3.65.78 - - [01/Mar/2013:14:57:47 -0600] "GET /images/imagslider-1.png HTTP/1.1" 200 52806 "http://operationspokaneheroes.org/slider/index.html" "Mozilla/4.0 (compatible; MSIE 8.0; Windows NT 6.1; Trident/4.0; SLCC2; .NET CLR 2.0.50727; .NET CLR 3.5.30729; .NET CLR 3.0.30729; InfoPath.2; .NET4.0C; .NET4.0E)"
132.3.65.78 - - [01/Mar/2013:14:57:47 -0600] "GET /images/imagslider-2.png HTTP/1.1" 200 50693 "http://operationspokaneheroes.org/slider/index.html" "Mozilla/4.0 (compatible; MSIE 8.0; Windows NT 6.1; Trident/4.0; SLCC2; .NET CLR 2.0.50727; .NET CLR 3.5.30729; .NET CLR 3.0.30729; InfoPath.2; .NET4.0C; .NET4.0E)"
132.3.65.78 - - [01/Mar/2013:14:57:47 -0600] "GET /images/bg2.jpg HTTP/1.1" 200 55206 "http://operationspokaneheroes.org/" "Mozilla/4.0 (compatible; MSIE 8.0; Windows NT 6.1; Trident/4.0; SLCC2; .NET CLR 2.0.50727; .NET CLR 3.5.30729; .NET CLR 3.0.30729; InfoPath.2; .NET4.0C; .NET4.0E)"
132.3.65.79 - - [01/Mar/2013:14:57:47 -0600] "GET /css/style_global.css HTTP/1.1" 200 2621 "http://operationspokaneheroes.org/_inc/slide.php" "Mozilla/4.0 (compatible; MSIE 8.0; Windows NT 6.1; Trident/4.0; SLCC2; .NET CLR 2.0.50727; .NET CLR 3.5.30729; .NET CLR 3.0.30729; InfoPath.2; .NET4.0C; .NET4.0E)"
132.3.65.78 - - [01/Mar/2013:14:57:47 -0600] "GET /images/imagslider-3.png HTTP/1.1" 200 37819 "http://operationspokaneheroes.org/slider/index.html" "Mozilla/4.0 (compatible; MSIE 8.0; Windows NT 6.1; Trident/4.0; SLCC2; .NET CLR 2.0.50727; .NET CLR 3.5.30729; .NET CLR 3.0.30729; InfoPath.2; .NET4.0C; .NET4.0E)"
132.3.65.81 - - [01/Mar/2013:14:57:47 -0600] "GET /images/logo.png HTTP/1.1" 200 226129 "http://operationspokaneheroes.org/" "Mozilla/4.0 (compatible; MSIE 8.0; Windows NT 6.1; Trident/4.0; SLCC2; .NET CLR 2.0.50727; .NET CLR 3.5.30729; .NET CLR 3.0.30729; InfoPath.2; .NET4.0C; .NET4.0E)"
132.3.65.80 - - [01/Mar/2013:14:57:47 -0600] "GET /images/imagslider-1.png HTTP/1.1" 200 52806 "-" "Mozilla/4.0 (compatible;)"
132.3.65.80 - - [01/Mar/2013:14:57:47 -0600] "GET /slider/js/jquery-1.2.6.js HTTP/1.1" 200 100196 "-" "Mozilla/4.0 (compatible;)"
132.3.65.78 - - [01/Mar/2013:14:57:47 -0600] "GET /slider/js/jquery-1.2.6.js HTTP/1.1" 200 100196 "http://operationspokaneheroes.org/slider/index.html" "Mozilla/4.0 (compatible; MSIE 8.0; Windows NT 6.1; Trident/4.0; SLCC2; .NET CLR 2.0.50727; .NET CLR 3.5.30729; .NET CLR 3.0.30729; InfoPath.2; .NET4.0C; .NET4.0E)"
132.3.65.79 - - [01/Mar/2013:14:57:47 -0600] "GET /js/combined.js HTTP/1.1" 200 169946 "http://operationspokaneheroes.org/_inc/slide.php" "Mozilla/4.0 (compatible; MSIE 8.0; Windows NT 6.1; Trident/4.0; SLCC2; .NET CLR 2.0.50727; .NET CLR 3.5.30729; .NET CLR 3.0.30729; InfoPath.2; .NET4.0C; .NET4.0E)"
132.3.65.79 - - [01/Mar/2013:14:57:48 -0600] "GET /images/we_strive.png HTTP/1.1" 200 1981 "http://operationspokaneheroes.org/_inc/slide.php" "Mozilla/4.0 (compatible; MSIE 8.0; Windows NT 6.1; Trident/4.0; SLCC2; .NET CLR 2.0.50727; .NET CLR 3.5.30729; .NET CLR 3.0.30729; InfoPath.2; .NET4.0C; .NET4.0E)"
132.3.65.80 - - [01/Mar/2013:14:57:48 -0600] "GET /images/we_believe.png HTTP/1.1" 200 1785 "http://operationspokaneheroes.org/_inc/slide.php" "Mozilla/4.0 (compatible; MSIE 8.0; Windows NT 6.1; Trident/4.0; SLCC2; .NET CLR 2.0.50727; .NET CLR 3.5.30729; .NET CLR 3.0.30729; InfoPath.2; .NET4.0C; .NET4.0E)"
132.3.65.82 - - [01/Mar/2013:14:57:48 -0600] "GET /images/mission_statement_bg.png HTTP/1.1" 200 11413 "http://operationspokaneheroes.org/_inc/slide.php" "Mozilla/4.0 (compatible; MSIE 8.0; Windows NT 6.1; Trident/4.0; SLCC2; .NET CLR 2.0.50727; .NET CLR 3.5.30729; .NET CLR 3.0.30729; InfoPath.2; .NET4.0C; .NET4.0E)"
132.3.65.81 - - [01/Mar/2013:14:57:49 -0600] "GET /images/we_help.png HTTP/1.1" 200 1514 "http://operationspokaneheroes.org/_inc/slide.php" "Mozilla/4.0 (compatible; MSIE 8.0; Windows NT 6.1; Trident/4.0; SLCC2; .NET CLR 2.0.50727; .NET CLR 3.5.30729; .NET CLR 3.0.30729; InfoPath.2; .NET4.0C; .NET4.0E)"
132.3.65.79 - - [01/Mar/2013:14:57:48 -0600] "GET /images/2.jpg HTTP/1.1" 200 170993 "http://operationspokaneheroes.org/_inc/slide.php" "Mozilla/4.0 (compatible; MSIE 8.0; Windows NT 6.1; Trident/4.0; SLCC2; .NET CLR 2.0.50727; .NET CLR 3.5.30729; .NET CLR 3.0.30729; InfoPath.2; .NET4.0C; .NET4.0E)"
132.3.65.78 - - [01/Mar/2013:14:57:48 -0600] "GET /images/4.jpg HTTP/1.1" 200 186934 "http://operationspokaneheroes.org/_inc/slide.php" "Mozilla/4.0 (compatible; MSIE 8.0; Windows NT 6.1; Trident/4.0; SLCC2; .NET CLR 2.0.50727; .NET CLR 3.5.30729; .NET CLR 3.0.30729; InfoPath.2; .NET4.0C; .NET4.0E)"
132.3.65.81 - - [01/Mar/2013:14:57:49 -0600] "GET /images/we_need.png HTTP/1.1" 200 2138 "http://operationspokaneheroes.org/_inc/slide.php" "Mozilla/4.0 (compatible; MSIE 8.0; Windows NT 6.1; Trident/4.0; SLCC2; .NET CLR 2.0.50727; .NET CLR 3.5.30729; .NET CLR 3.0.30729; InfoPath.2; .NET4.0C; .NET4.0E)"
132.3.65.80 - - [01/Mar/2013:14:57:49 -0600] "GET /images/3.jpg HTTP/1.1" 200 240733 "http://operationspokaneheroes.org/_inc/slide.php" "Mozilla/4.0 (compatible; MSIE 8.0; Windows NT 6.1; Trident/4.0; SLCC2; .NET CLR 2.0.50727; .NET CLR 3.5.30729; .NET CLR 3.0.30729; InfoPath.2; .NET4.0C; .NET4.0E)"
132.3.65.81 - - [01/Mar/2013:14:57:49 -0600] "GET /assets/images/btn_top_search_hover.png HTTP/1.1" 404 - "http://operationspokaneheroes.org/_inc/slide.php" "Mozilla/4.0 (compatible; MSIE 8.0; Windows NT 6.1; Trident/4.0; SLCC2; .NET CLR 2.0.50727; .NET CLR 3.5.30729; .NET CLR 3.0.30729; InfoPath.2; .NET4.0C; .NET4.0E)"
132.3.65.81 - - [01/Mar/2013:14:57:49 -0600] "GET /images/1.jpg HTTP/1.1" 200 142489 "http://operationspokaneheroes.org/_inc/slide.php" "Mozilla/4.0 (compatible; MSIE 8.0; Windows NT 6.1; Trident/4.0; SLCC2; .NET CLR 2.0.50727; .NET CLR 3.5.30729; .NET CLR 3.0.30729; InfoPath.2; .NET4.0C; .NET4.0E)"
132.3.65.82 - - [01/Mar/2013:14:57:49 -0600] "GET /assets/images/btn_main_search_hover.png HTTP/1.1" 404 - "http://operationspokaneheroes.org/_inc/slide.php" "Mozilla/4.0 (compatible; MSIE 8.0; Windows NT 6.1; Trident/4.0; SLCC2; .NET CLR 2.0.50727; .NET CLR 3.5.30729; .NET CLR 3.0.30729; InfoPath.2; .NET4.0C; .NET4.0E)"
132.3.65.80 - - [01/Mar/2013:14:57:55 -0600] "GET /favicon.ico HTTP/1.1" 404 - "-" "Mozilla/4.0 (compatible; MSIE 8.0; Windows NT 6.1; Trident/4.0; SLCC2; .NET CLR 2.0.50727; .NET CLR 3.5.30729; .NET CLR 3.0.30729; InfoPath.2; .NET4.0C; .NET4.0E)"
132.3.65.81 - - [01/Mar/2013:14:58:34 -0600] "GET /business.php HTTP/1.1" 200 10813 "http://operationspokaneheroes.org/" "Mozilla/4.0 (compatible; MSIE 8.0; Windows NT 6.1; Trident/4.0; SLCC2; .NET CLR 2.0.50727; .NET CLR 3.5.30729; .NET CLR 3.0.30729; InfoPath.2; .NET4.0C; .NET4.0E)"
132.3.65.81 - - [01/Mar/2013:14:58:34 -0600] "GET /images/contacticon.png HTTP/1.1" 200 4499 "http://operationspokaneheroes.org/business.php" "Mozilla/4.0 (compatible; MSIE 8.0; Windows NT 6.1; Trident/4.0; SLCC2; .NET CLR 2.0.50727; .NET CLR 3.5.30729; .NET CLR 3.0.30729; InfoPath.2; .NET4.0C; .NET4.0E)"
132.3.65.81 - - [01/Mar/2013:14:58:34 -0600] "GET /images/global.png HTTP/1.1" 200 5737 "http://operationspokaneheroes.org/business.php" "Mozilla/4.0 (compatible; MSIE 8.0; Windows NT 6.1; Trident/4.0; SLCC2; .NET CLR 2.0.50727; .NET CLR 3.5.30729; .NET CLR 3.0.30729; InfoPath.2; .NET4.0C; .NET4.0E)"
132.3.65.81 - - [01/Mar/2013:14:58:34 -0600] "GET /css/global.css HTTP/1.1" 200 13951 "http://operationspokaneheroes.org/business.php" "Mozilla/4.0 (compatible; MSIE 8.0; Windows NT 6.1; Trident/4.0; SLCC2; .NET CLR 2.0.50727; .NET CLR 3.5.30729; .NET CLR 3.0.30729; InfoPath.2; .NET4.0C; .NET4.0E)"
132.3.65.81 - - [01/Mar/2013:14:58:34 -0600] "GET /css/footer.css HTTP/1.1" 200 752 "http://operationspokaneheroes.org/business.php" "Mozilla/4.0 (compatible; MSIE 8.0; Windows NT 6.1; Trident/4.0; SLCC2; .NET CLR 2.0.50727; .NET CLR 3.5.30729; .NET CLR 3.0.30729; InfoPath.2; .NET4.0C; .NET4.0E)"
132.3.65.81 - - [01/Mar/2013:14:58:34 -0600] "GET /_inc/slide.php HTTP/1.1" 200 3205 "http://operationspokaneheroes.org/business.php" "Mozilla/4.0 (compatible; MSIE 8.0; Windows NT 6.1; Trident/4.0; SLCC2; .NET CLR 2.0.50727; .NET CLR 3.5.30729; .NET CLR 3.0.30729; InfoPath.2; .NET4.0C; .NET4.0E)"
132.3.65.79 - - [01/Mar/2013:14:58:34 -0600] "GET /assets/images/btn_main_search_hover.png HTTP/1.1" 404 - "http://operationspokaneheroes.org/_inc/slide.php" "Mozilla/4.0 (compatible; MSIE 8.0; Windows NT 6.1; Trident/4.0; SLCC2; .NET CLR 2.0.50727; .NET CLR 3.5.30729; .NET CLR 3.0.30729; InfoPath.2; .NET4.0C; .NET4.0E)"
132.3.65.82 - - [01/Mar/2013:14:58:34 -0600] "GET /assets/images/btn_top_search_hover.png HTTP/1.1" 404 - "http://operationspokaneheroes.org/_inc/slide.php" "Mozilla/4.0 (compatible; MSIE 8.0; Windows NT 6.1; Trident/4.0; SLCC2; .NET CLR 2.0.50727; .NET CLR 3.5.30729; .NET CLR 3.0.30729; InfoPath.2; .NET4.0C; .NET4.0E)"
132.3.65.80 - - [01/Mar/2013:14:58:37 -0600] "GET /favicon.ico HTTP/1.1" 404 - "-" "Mozilla/4.0 (compatible; MSIE 8.0; Windows NT 6.1; Trident/4.0; SLCC2; .NET CLR 2.0.50727; .NET CLR 3.5.30729; .NET CLR 3.0.30729; InfoPath.2; .NET4.0C; .NET4.0E)"
132.3.65.82 - - [01/Mar/2013:14:58:39 -0600] "GET /pdf/174%20Stores%20and%20Business%20Offering%20Military%20Discounts1.pdf HTTP/1.1" 200 122888 "http://operationspokaneheroes.org/business.php" "Mozilla/4.0 (compatible; MSIE 8.0; Windows NT 6.1; Trident/4.0; SLCC2; .NET CLR 2.0.50727; .NET CLR 3.5.30729; .NET CLR 3.0.30729; InfoPath.2; .NET4.0C; .NET4.0E)"
132.3.65.80 - - [01/Mar/2013:15:00:23 -0600] "GET / HTTP/1.1" 200 10513 "http://www.google.com/url?sa=t&rct=j&q=operation%20spokane%20heroes&source=web&cd=1&ved=0CDAQFjAA&url=http%3A%2F%2Foperationspokaneheroes.org%2F&ei=1BYxUeqUMfGFyQGCn4FI&usg=AFQjCNGGuKExGUEgtWK2o7s2b3sBxGCH3Q&bvm=bv.43148975,d.aWM" "Mozilla/4.0 (compatible; MSIE 8.0; Windows NT 6.1; Trident/4.0; SLCC2; .NET CLR 2.0.50727; .NET CLR 3.5.30729; .NET CLR 3.0.30729; InfoPath.2; .NET4.0C; .NET4.0E)"
132.3.65.80 - - [01/Mar/2013:15:00:23 -0600] "GET /slider/index.html HTTP/1.1" 200 2395 "http://operationspokaneheroes.org/" "Mozilla/4.0 (compatible; MSIE 8.0; Windows NT 6.1; Trident/4.0; SLCC2; .NET CLR 2.0.50727; .NET CLR 3.5.30729; .NET CLR 3.0.30729; InfoPath.2; .NET4.0C; .NET4.0E)"
132.3.65.80 - - [01/Mar/2013:15:00:23 -0600] "GET /css/global.css HTTP/1.1" 200 13951 "http://operationspokaneheroes.org/" "Mozilla/4.0 (compatible; MSIE 8.0; Windows NT 6.1; Trident/4.0; SLCC2; .NET CLR 2.0.50727; .NET CLR 3.5.30729; .NET CLR 3.0.30729; InfoPath.2; .NET4.0C; .NET4.0E)"
132.3.65.80 - - [01/Mar/2013:15:00:23 -0600] "GET /_inc/slide.php HTTP/1.1" 200 3205 "http://operationspokaneheroes.org/" "Mozilla/4.0 (compatible; MSIE 8.0; Windows NT 6.1; Trident/4.0; SLCC2; .NET CLR 2.0.50727; .NET CLR 3.5.30729; .NET CLR 3.0.30729; InfoPath.2; .NET4.0C; .NET4.0E)"
132.3.65.80 - - [01/Mar/2013:15:00:23 -0600] "GET /images/global.png HTTP/1.1" 200 5737 "http://operationspokaneheroes.org/" "Mozilla/4.0 (compatible; MSIE 8.0; Windows NT 6.1; Trident/4.0; SLCC2; .NET CLR 2.0.50727; .NET CLR 3.5.30729; .NET CLR 3.0.30729; InfoPath.2; .NET4.0C; .NET4.0E)"
132.3.65.80 - - [01/Mar/2013:15:00:23 -0600] "GET /images/contacticon.png HTTP/1.1" 200 4499 "http://operationspokaneheroes.org/" "Mozilla/4.0 (compatible; MSIE 8.0; Windows NT 6.1; Trident/4.0; SLCC2; .NET CLR 2.0.50727; .NET CLR 3.5.30729; .NET CLR 3.0.30729; InfoPath.2; .NET4.0C; .NET4.0E)"
132.3.65.80 - - [01/Mar/2013:15:00:23 -0600] "GET /css/footer.css HTTP/1.1" 200 752 "http://operationspokaneheroes.org/" "Mozilla/4.0 (compatible; MSIE 8.0; Windows NT 6.1; Trident/4.0; SLCC2; .NET CLR 2.0.50727; .NET CLR 3.5.30729; .NET CLR 3.0.30729; InfoPath.2; .NET4.0C; .NET4.0E)"
132.3.65.80 - - [01/Mar/2013:15:00:23 -0600] "GET /images/facebook.png HTTP/1.1" 200 5004 "http://operationspokaneheroes.org/" "Mozilla/4.0 (compatible; MSIE 8.0; Windows NT 6.1; Trident/4.0; SLCC2; .NET CLR 2.0.50727; .NET CLR 3.5.30729; .NET CLR 3.0.30729; InfoPath.2; .NET4.0C; .NET4.0E)"
132.3.65.80 - - [01/Mar/2013:15:00:23 -0600] "GET /slider/css/style.css HTTP/1.1" 200 1376 "-" "Mozilla/4.0 (compatible;)"
132.3.65.80 - - [01/Mar/2013:15:00:24 -0600] "GET /images/nav2.jpg HTTP/1.1" 200 4444 "http://operationspokaneheroes.org/" "Mozilla/4.0 (compatible; MSIE 8.0; Windows NT 6.1; Trident/4.0; SLCC2; .NET CLR 2.0.50727; .NET CLR 3.5.30729; .NET CLR 3.0.30729; InfoPath.2; .NET4.0C; .NET4.0E)"
132.3.65.80 - - [01/Mar/2013:15:00:24 -0600] "GET /slider/js/startstop-slider.js HTTP/1.1" 200 1737 "-" "Mozilla/4.0 (compatible;)"
132.3.65.81 - - [01/Mar/2013:15:00:24 -0600] "GET /slider/css/style.css HTTP/1.1" 200 1376 "-" "Mozilla/4.0 (compatible;)"
132.3.65.78 - - [01/Mar/2013:15:00:24 -0600] "GET /mainbk.png HTTP/1.1" 200 290 "http://operationspokaneheroes.org/" "Mozilla/4.0 (compatible; MSIE 8.0; Windows NT 6.1; Trident/4.0; SLCC2; .NET CLR 2.0.50727; .NET CLR 3.5.30729; .NET CLR 3.0.30729; InfoPath.2; .NET4.0C; .NET4.0E)"
132.3.65.82 - - [01/Mar/2013:15:00:23 -0600] "GET /_inc/slide.php HTTP/1.1" 200 3205 "http://operationspokaneheroes.org/" "Mozilla/4.0 (compatible; MSIE 8.0; Windows NT 6.1; Trident/4.0; SLCC2; .NET CLR 2.0.50727; .NET CLR 3.5.30729; .NET CLR 3.0.30729; InfoPath.2; .NET4.0C; .NET4.0E)"
132.3.65.80 - - [01/Mar/2013:15:00:23 -0600] "GET /images/imagslider-4.png HTTP/1.1" 200 40656 "-" "Mozilla/4.0 (compatible;)"
132.3.65.78 - - [01/Mar/2013:15:00:23 -0600] "GET /images/imagslider-4.png HTTP/1.1" 200 40656 "-" "Mozilla/4.0 (compatible;)"
132.3.65.80 - - [01/Mar/2013:15:00:24 -0600] "GET /images/slder2.png HTTP/1.1" 200 32853 "-" "Mozilla/4.0 (compatible;)"
132.3.65.82 - - [01/Mar/2013:15:00:23 -0600] "GET /images/imagslider-1.png HTTP/1.1" 200 52806 "-" "Mozilla/4.0 (compatible;)"
132.3.65.80 - - [01/Mar/2013:15:00:24 -0600] "GET /css/slide.css HTTP/1.1" 200 2869 "http://operationspokaneheroes.org/_inc/slide.php" "Mozilla/4.0 (compatible; MSIE 8.0; Windows NT 6.1; Trident/4.0; SLCC2; .NET CLR 2.0.50727; .NET CLR 3.5.30729; .NET CLR 3.0.30729; InfoPath.2; .NET4.0C; .NET4.0E)"
132.3.65.80 - - [01/Mar/2013:15:00:24 -0600] "GET /images/imagslider-3.png HTTP/1.1" 200 37819 "-" "Mozilla/4.0 (compatible;)"
132.3.65.81 - - [01/Mar/2013:15:00:24 -0600] "GET /css/style_global.css HTTP/1.1" 200 2621 "http://operationspokaneheroes.org/_inc/slide.php" "Mozilla/4.0 (compatible; MSIE 8.0; Windows NT 6.1; Trident/4.0; SLCC2; .NET CLR 2.0.50727; .NET CLR 3.5.30729; .NET CLR 3.0.30729; InfoPath.2; .NET4.0C; .NET4.0E)"
132.3.65.80 - - [01/Mar/2013:15:00:24 -0600] "GET /images/imagslider-2.png HTTP/1.1" 200 50693 "-" "Mozilla/4.0 (compatible;)"
132.3.65.82 - - [01/Mar/2013:15:00:23 -0600] "GET /slider/js/jquery-1.2.6.js HTTP/1.1" 200 100196 "-" "Mozilla/4.0 (compatible;)"
132.3.65.80 - - [01/Mar/2013:15:00:23 -0600] "GET /images/logo.png HTTP/1.1" 200 226129 "http://operationspokaneheroes.org/" "Mozilla/4.0 (compatible; MSIE 8.0; Windows NT 6.1; Trident/4.0; SLCC2; .NET CLR 2.0.50727; .NET CLR 3.5.30729; .NET CLR 3.0.30729; InfoPath.2; .NET4.0C; .NET4.0E)"
132.3.65.81 - - [01/Mar/2013:15:00:24 -0600] "GET /js/combined.js HTTP/1.1" 200 169946 "http://operationspokaneheroes.org/_inc/slide.php" "Mozilla/4.0 (compatible; MSIE 8.0; Windows NT 6.1; Trident/4.0; SLCC2; .NET CLR 2.0.50727; .NET CLR 3.5.30729; .NET CLR 3.0.30729; InfoPath.2; .NET4.0C; .NET4.0E)"
132.3.65.79 - - [01/Mar/2013:15:00:24 -0600] "GET /slider/images/slider-bg.jpg HTTP/1.1" 200 3447 "http://operationspokaneheroes.org/slider/index.html" "Mozilla/4.0 (compatible; MSIE 8.0; Windows NT 6.1; Trident/4.0; SLCC2; .NET CLR 2.0.50727; .NET CLR 3.5.30729; .NET CLR 3.0.30729; InfoPath.2; .NET4.0C; .NET4.0E)"
132.3.65.80 - - [01/Mar/2013:15:00:25 -0600] "GET /images/mission_statement_bg.png HTTP/1.1" 200 11413 "http://operationspokaneheroes.org/_inc/slide.php" "Mozilla/4.0 (compatible; MSIE 8.0; Windows NT 6.1; Trident/4.0; SLCC2; .NET CLR 2.0.50727; .NET CLR 3.5.30729; .NET CLR 3.0.30729; InfoPath.2; .NET4.0C; .NET4.0E)"
132.3.65.78 - - [01/Mar/2013:15:00:25 -0600] "GET /images/we_strive.png HTTP/1.1" 200 1981 "http://operationspokaneheroes.org/_inc/slide.php" "Mozilla/4.0 (compatible; MSIE 8.0; Windows NT 6.1; Trident/4.0; SLCC2; .NET CLR 2.0.50727; .NET CLR 3.5.30729; .NET CLR 3.0.30729; InfoPath.2; .NET4.0C; .NET4.0E)"
132.3.65.80 - - [01/Mar/2013:15:00:25 -0600] "GET /images/we_help.png HTTP/1.1" 200 1514 "http://operationspokaneheroes.org/_inc/slide.php" "Mozilla/4.0 (compatible; MSIE 8.0; Windows NT 6.1; Trident/4.0; SLCC2; .NET CLR 2.0.50727; .NET CLR 3.5.30729; .NET CLR 3.0.30729; InfoPath.2; .NET4.0C; .NET4.0E)"
132.3.65.80 - - [01/Mar/2013:15:00:25 -0600] "GET /images/2.jpg HTTP/1.1" 200 170993 "http://operationspokaneheroes.org/_inc/slide.php" "Mozilla/4.0 (compatible; MSIE 8.0; Windows NT 6.1; Trident/4.0; SLCC2; .NET CLR 2.0.50727; .NET CLR 3.5.30729; .NET CLR 3.0.30729; InfoPath.2; .NET4.0C; .NET4.0E)"
132.3.65.79 - - [01/Mar/2013:15:00:25 -0600] "GET /images/4.jpg HTTP/1.1" 200 186934 "http://operationspokaneheroes.org/_inc/slide.php" "Mozilla/4.0 (compatible; MSIE 8.0; Windows NT 6.1; Trident/4.0; SLCC2; .NET CLR 2.0.50727; .NET CLR 3.5.30729; .NET CLR 3.0.30729; InfoPath.2; .NET4.0C; .NET4.0E)"
132.3.65.78 - - [01/Mar/2013:15:00:25 -0600] "GET /images/3.jpg HTTP/1.1" 200 240733 "http://operationspokaneheroes.org/_inc/slide.php" "Mozilla/4.0 (compatible; MSIE 8.0; Windows NT 6.1; Trident/4.0; SLCC2; .NET CLR 2.0.50727; .NET CLR 3.5.30729; .NET CLR 3.0.30729; InfoPath.2; .NET4.0C; .NET4.0E)"
132.3.65.80 - - [01/Mar/2013:15:00:25 -0600] "GET /images/1.jpg HTTP/1.1" 200 142489 "http://operationspokaneheroes.org/_inc/slide.php" "Mozilla/4.0 (compatible; MSIE 8.0; Windows NT 6.1; Trident/4.0; SLCC2; .NET CLR 2.0.50727; .NET CLR 3.5.30729; .NET CLR 3.0.30729; InfoPath.2; .NET4.0C; .NET4.0E)"
132.3.65.80 - - [01/Mar/2013:15:00:25 -0600] "GET /images/we_need.png HTTP/1.1" 200 2138 "http://operationspokaneheroes.org/_inc/slide.php" "Mozilla/4.0 (compatible; MSIE 8.0; Windows NT 6.1; Trident/4.0; SLCC2; .NET CLR 2.0.50727; .NET CLR 3.5.30729; .NET CLR 3.0.30729; InfoPath.2; .NET4.0C; .NET4.0E)"
132.3.65.79 - - [01/Mar/2013:15:00:26 -0600] "GET /assets/images/btn_main_search_hover.png HTTP/1.1" 404 - "http://operationspokaneheroes.org/_inc/slide.php" "Mozilla/4.0 (compatible; MSIE 8.0; Windows NT 6.1; Trident/4.0; SLCC2; .NET CLR 2.0.50727; .NET CLR 3.5.30729; .NET CLR 3.0.30729; InfoPath.2; .NET4.0C; .NET4.0E)"
132.3.65.81 - - [01/Mar/2013:15:00:26 -0600] "GET /images/we_believe.png HTTP/1.1" 200 1785 "http://operationspokaneheroes.org/_inc/slide.php" "Mozilla/4.0 (compatible; MSIE 8.0; Windows NT 6.1; Trident/4.0; SLCC2; .NET CLR 2.0.50727; .NET CLR 3.5.30729; .NET CLR 3.0.30729; InfoPath.2; .NET4.0C; .NET4.0E)"
132.3.65.80 - - [01/Mar/2013:15:00:27 -0600] "GET /assets/images/btn_top_search_hover.png HTTP/1.1" 404 - "http://operationspokaneheroes.org/_inc/slide.php" "Mozilla/4.0 (compatible; MSIE 8.0; Windows NT 6.1; Trident/4.0; SLCC2; .NET CLR 2.0.50727; .NET CLR 3.5.30729; .NET CLR 3.0.30729; InfoPath.2; .NET4.0C; .NET4.0E)"
132.3.65.80 - - [01/Mar/2013:15:00:27 -0600] "GET /favicon.ico HTTP/1.1" 404 - "-" "Mozilla/4.0 (compatible; MSIE 8.0; Windows NT 6.1; Trident/4.0; SLCC2; .NET CLR 2.0.50727; .NET CLR 3.5.30729; .NET CLR 3.0.30729; InfoPath.2; .NET4.0C; .NET4.0E)"
132.3.65.78 - - [01/Mar/2013:15:00:34 -0600] "GET /business.php HTTP/1.1" 200 10813 "http://operationspokaneheroes.org/" "Mozilla/4.0 (compatible; MSIE 8.0; Windows NT 6.1; Trident/4.0; SLCC2; .NET CLR 2.0.50727; .NET CLR 3.5.30729; .NET CLR 3.0.30729; InfoPath.2; .NET4.0C; .NET4.0E)"
132.3.65.78 - - [01/Mar/2013:15:00:34 -0600] "GET /images/contacticon.png HTTP/1.1" 200 4499 "http://operationspokaneheroes.org/business.php" "Mozilla/4.0 (compatible; MSIE 8.0; Windows NT 6.1; Trident/4.0; SLCC2; .NET CLR 2.0.50727; .NET CLR 3.5.30729; .NET CLR 3.0.30729; InfoPath.2; .NET4.0C; .NET4.0E)"
132.3.65.78 - - [01/Mar/2013:15:00:34 -0600] "GET /images/global.png HTTP/1.1" 200 5737 "http://operationspokaneheroes.org/business.php" "Mozilla/4.0 (compatible; MSIE 8.0; Windows NT 6.1; Trident/4.0; SLCC2; .NET CLR 2.0.50727; .NET CLR 3.5.30729; .NET CLR 3.0.30729; InfoPath.2; .NET4.0C; .NET4.0E)"
132.3.65.78 - - [01/Mar/2013:15:00:34 -0600] "GET /css/footer.css HTTP/1.1" 200 752 "http://operationspokaneheroes.org/business.php" "Mozilla/4.0 (compatible; MSIE 8.0; Windows NT 6.1; Trident/4.0; SLCC2; .NET CLR 2.0.50727; .NET CLR 3.5.30729; .NET CLR 3.0.30729; InfoPath.2; .NET4.0C; .NET4.0E)"
132.3.65.78 - - [01/Mar/2013:15:00:34 -0600] "GET /css/global.css HTTP/1.1" 200 13951 "http://operationspokaneheroes.org/business.php" "Mozilla/4.0 (compatible; MSIE 8.0; Windows NT 6.1; Trident/4.0; SLCC2; .NET CLR 2.0.50727; .NET CLR 3.5.30729; .NET CLR 3.0.30729; InfoPath.2; .NET4.0C; .NET4.0E)"
132.3.65.78 - - [01/Mar/2013:15:00:34 -0600] "GET /images/facebook.png HTTP/1.1" 200 5004 "http://operationspokaneheroes.org/business.php" "Mozilla/4.0 (compatible; MSIE 8.0; Windows NT 6.1; Trident/4.0; SLCC2; .NET CLR 2.0.50727; .NET CLR 3.5.30729; .NET CLR 3.0.30729; InfoPath.2; .NET4.0C; .NET4.0E)"
132.3.65.78 - - [01/Mar/2013:15:00:34 -0600] "GET /_inc/slide.php HTTP/1.1" 200 3205 "http://operationspokaneheroes.org/business.php" "Mozilla/4.0 (compatible; MSIE 8.0; Windows NT 6.1; Trident/4.0; SLCC2; .NET CLR 2.0.50727; .NET CLR 3.5.30729; .NET CLR 3.0.30729; InfoPath.2; .NET4.0C; .NET4.0E)"
132.3.65.79 - - [01/Mar/2013:15:00:34 -0600] "GET /assets/images/btn_main_search_hover.png HTTP/1.1" 404 - "http://operationspokaneheroes.org/_inc/slide.php" "Mozilla/4.0 (compatible; MSIE 8.0; Windows NT 6.1; Trident/4.0; SLCC2; .NET CLR 2.0.50727; .NET CLR 3.5.30729; .NET CLR 3.0.30729; InfoPath.2; .NET4.0C; .NET4.0E)"
132.3.65.80 - - [01/Mar/2013:15:00:34 -0600] "GET /assets/images/btn_top_search_hover.png HTTP/1.1" 404 - "http://operationspokaneheroes.org/_inc/slide.php" "Mozilla/4.0 (compatible; MSIE 8.0; Windows NT 6.1; Trident/4.0; SLCC2; .NET CLR 2.0.50727; .NET CLR 3.5.30729; .NET CLR 3.0.30729; InfoPath.2; .NET4.0C; .NET4.0E)"
132.3.65.78 - - [01/Mar/2013:15:00:34 -0600] "GET /images/logo.png HTTP/1.1" 200 226129 "http://operationspokaneheroes.org/business.php" "Mozilla/4.0 (compatible; MSIE 8.0; Windows NT 6.1; Trident/4.0; SLCC2; .NET CLR 2.0.50727; .NET CLR 3.5.30729; .NET CLR 3.0.30729; InfoPath.2; .NET4.0C; .NET4.0E)"
132.3.65.78 - - [01/Mar/2013:15:00:39 -0600] "GET /pdf/174%20Stores%20and%20Business%20Offering%20Military%20Discounts1.pdf HTTP/1.1" 200 122888 "http://operationspokaneheroes.org/business.php" "Mozilla/4.0 (compatible; MSIE 8.0; Windows NT 6.1; Trident/4.0; SLCC2; .NET CLR 2.0.50727; .NET CLR 3.5.30729; .NET CLR 3.0.30729; InfoPath.2; .NET4.0C; .NET4.0E)"
132.3.65.81 - - [01/Mar/2013:15:00:49 -0600] "GET /favicon.ico HTTP/1.1" 404 - "-" "Mozilla/4.0 (compatible; MSIE 8.0; Windows NT 6.1; Trident/4.0; SLCC2; .NET CLR 2.0.50727; .NET CLR 3.5.30729; .NET CLR 3.0.30729; InfoPath.2; .NET4.0C; .NET4.0E)"
132.3.65.79 - - [01/Mar/2013:15:10:05 -0600] "GET /pdf/2010_Top100_Military_Friendly_Employers.pdf HTTP/1.1" 200 711726 "http://operationspokaneheroes.org/business.php" "Mozilla/4.0 (compatible; MSIE 8.0; Windows NT 6.1; Trident/4.0; SLCC2; .NET CLR 2.0.50727; .NET CLR 3.5.30729; .NET CLR 3.0.30729; InfoPath.2; .NET4.0C; .NET4.0E)"
66.249.74.203 - - [01/Mar/2013:15:13:37 -0600] "GET /images/3_big.gif HTTP/1.1" 304 - "-" "Googlebot-Image/1.0"
132.3.65.78 - - [01/Mar/2013:15:39:47 -0600] "GET /_inc/slide.php HTTP/1.1" 200 3205 "-" "Mozilla/4.0 (compatible;)"
220.181.108.108 - - [01/Mar/2013:17:10:57 -0600] "GET /business.php HTTP/1.1" 200 10813 "-" "Mozilla/5.0 (compatible; Baiduspider/2.0; +http://www.baidu.com/search/spider.html)"
157.55.32.146 - - [01/Mar/2013:17:46:37 -0600] "GET /robots.txt HTTP/1.1" 404 - "-" "Mozilla/5.0 (compatible; bingbot/2.0; +http://www.bing.com/bingbot.htm)"
157.55.32.146 - - [01/Mar/2013:17:48:55 -0600] "GET / HTTP/1.1" 200 10513 "-" "Mozilla/5.0 (compatible; bingbot/2.0; +http://www.bing.com/bingbot.htm)"
180.76.5.65 - - [01/Mar/2013:18:42:17 -0600] "GET / HTTP/1.1" 200 10513 "-" "Mozilla/5.0 (compatible; Baiduspider/2.0; +http://www.baidu.com/search/spider.html)"
199.21.99.103 - - [01/Mar/2013:19:13:05 -0600] "GET /robots.txt HTTP/1.1" 404 - "-" "Mozilla/5.0 (compatible; YandexBot/3.0; +http://yandex.com/bots)"
132.3.65.78 - - [01/Mar/2013:20:28:57 -0600] "GET /_inc/slide.php HTTP/1.1" 200 3205 "-" "Mozilla/4.0 (compatible;)"
199.21.99.103 - - [01/Mar/2013:22:11:11 -0600] "GET /events/ermy_event/ermy.html HTTP/1.1" 200 3507 "-" "Mozilla/5.0 (compatible; YandexBot/3.0; +http://yandex.com/bots)"
199.21.99.103 - - [01/Mar/2013:22:11:14 -0600] "GET /events/vet_picnic/vet_picnic.html HTTP/1.1" 200 3163 "-" "Mozilla/5.0 (compatible; YandexBot/3.0; +http://yandex.com/bots)"
132.3.65.82 - - [01/Mar/2013:22:19:39 -0600] "GET /_inc/slide.php HTTP/1.1" 200 3205 "-" "Mozilla/4.0 (compatible;)"
89.108.102.171 - - [01/Mar/2013:23:08:55 -0600] "GET / HTTP/1.1" 200 10513 "http://getseo.co.il/" "Mozilla/4.0 (compatible; MSIE 7.0b; Windows NT 6.0)"
89.108.102.171 - - [01/Mar/2013:23:08:56 -0600] "GET / HTTP/1.1" 200 10513 "http://getseo.co.il/" "Mozilla/4.0 (compatible; MSIE 7.0b; Windows NT 6.0)"
199.21.99.103 - - [01/Mar/2013:23:13:08 -0600] "GET /pdf/Veterans%20Resource%20Fair.pdf HTTP/1.1" 304 - "-" "Mozilla/5.0 (compatible; YandexBot/3.0; +http://yandex.com/bots)"
91.207.4.186 - - [01/Mar/2013:23:19:42 -0600] "GET / HTTP/1.1" 200 10513 "http://honbu.ru/" "Mozilla/4.0 (compatible; MSIE 6.0; Windows NT 5.1; .NET CLR 1.0.3705)"
91.207.4.186 - - [01/Mar/2013:23:19:43 -0600] "GET / HTTP/1.1" 200 10513 "http://honbu.ru/" "Mozilla/4.0 (compatible; MSIE 6.0; Windows NT 5.1; .NET CLR 1.0.3705)"
91.207.4.186 - - [01/Mar/2013:23:19:44 -0600] "GET / HTTP/1.1" 200 10513 "http://honbu.ru/" "Mozilla/4.0 (compatible; MSIE 6.0; Windows NT 5.1; .NET CLR 1.0.3705)"
66.249.74.229 - - [02/Mar/2013:00:26:44 -0600] "GET /java_for_joes/index.html HTTP/1.1" 404 - "-" "SAMSUNG-SGH-E250/1.0 Profile/MIDP-2.0 Configuration/CLDC-1.1 UP.Browser/6.2.3.3.c.1.101 (GUI) MMP/2.0 (compatible; Googlebot-Mobile/2.1; +http://www.google.com/bot.html)"
199.21.99.103 - - [02/Mar/2013:00:34:40 -0600] "GET /robots.txt HTTP/1.1" 404 - "-" "Mozilla/5.0 (compatible; YandexBot/3.0; +http://yandex.com/bots)"
199.21.99.103 - - [02/Mar/2013:00:34:41 -0600] "GET / HTTP/1.1" 200 10513 "-" "Mozilla/5.0 (compatible; YandexBot/3.0; MirrorDetector; +http://yandex.com/bots)"
199.21.99.103 - - [02/Mar/2013:00:34:42 -0600] "GET / HTTP/1.1" 200 10513 "-" "Mozilla/5.0 (compatible; YandexBot/3.0; MirrorDetector; +http://yandex.com/bots)"
199.21.99.103 - - [02/Mar/2013:00:34:48 -0600] "GET / HTTP/1.1" 200 10513 "-" "Mozilla/5.0 (compatible; YandexBot/3.0; MirrorDetector; +http://yandex.com/bots)"
199.21.99.103 - - [02/Mar/2013:00:34:48 -0600] "GET / HTTP/1.1" 200 10513 "-" "Mozilla/5.0 (compatible; YandexBot/3.0; MirrorDetector; +http://yandex.com/bots)"
173.199.120.99 - - [02/Mar/2013:01:40:39 -0600] "GET /_inc/slide.php HTTP/1.1" 200 3205 "-" "Mozilla/5.0 (compatible; AhrefsBot/4.0; +http://ahrefs.com/robot/)"
173.199.120.99 - - [02/Mar/2013:02:12:00 -0600] "GET / HTTP/1.1" 200 10513 "-" "Mozilla/5.0 (compatible; AhrefsBot/4.0; +http://ahrefs.com/robot/)"
220.181.108.90 - - [02/Mar/2013:02:18:49 -0600] "GET / HTTP/1.1" 200 10513 "-" "Mozilla/5.0 (compatible; Baiduspider/2.0; +http://www.baidu.com/search/spider.html)"
132.3.65.78 - - [02/Mar/2013:03:08:45 -0600] "GET /_inc/slide.php HTTP/1.1" 200 3205 "-" "Mozilla/4.0 (compatible;)"
173.199.120.99 - - [02/Mar/2013:03:59:54 -0600] "GET /aboutus.php HTTP/1.1" 200 11667 "-" "Mozilla/5.0 (compatible; AhrefsBot/4.0; +http://ahrefs.com/robot/)"
91.207.9.226 - - [02/Mar/2013:04:19:15 -0600] "GET / HTTP/1.1" 200 10513 "http://android-plus.ru/" "Mozilla/4.0 (compatible; MSIE 6.0; Windows NT 5.1; Maxthon; .NET CLR 1.1.4322)"
91.207.9.226 - - [02/Mar/2013:04:19:15 -0600] "GET / HTTP/1.1" 200 10513 "http://t-android.ru/" "Mozilla/4.0 (compatible; MSIE 6.0; Windows NT 5.1; Maxthon; .NET CLR 1.1.4322)"
91.207.9.226 - - [02/Mar/2013:04:19:15 -0600] "GET / HTTP/1.1" 200 10333 "http://moscow-clining.ru/" "Mozilla/4.0 (compatible; MSIE 6.0; Windows NT 5.1; Maxthon; .NET CLR 1.1.4322)"
91.207.9.226 - - [02/Mar/2013:04:19:16 -0600] "GET / HTTP/1.1" 200 10513 "http://moscow-clining.ru/" "Mozilla/4.0 (compatible; MSIE 6.0; Windows NT 5.1; Maxthon; .NET CLR 1.1.4322)"
91.207.9.226 - - [02/Mar/2013:04:19:16 -0600] "GET / HTTP/1.1" 200 10513 "http://android-plus.ru/" "Mozilla/4.0 (compatible; MSIE 6.0; Windows NT 5.1; Maxthon; .NET CLR 1.1.4322)"
91.207.9.226 - - [02/Mar/2013:04:19:16 -0600] "GET / HTTP/1.1" 200 10513 "http://t-android.ru/" "Mozilla/4.0 (compatible; MSIE 6.0; Windows NT 5.1; Maxthon; .NET CLR 1.1.4322)"
91.207.9.226 - - [02/Mar/2013:04:19:17 -0600] "GET / HTTP/1.1" 200 10513 "http://moscow-clining.ru/" "Mozilla/4.0 (compatible; MSIE 6.0; Windows NT 5.1; Maxthon; .NET CLR 1.1.4322)"
91.207.9.226 - - [02/Mar/2013:04:19:17 -0600] "GET / HTTP/1.1" 200 10513 "http://android-plus.ru/" "Mozilla/4.0 (compatible; MSIE 6.0; Windows NT 5.1; Maxthon; .NET CLR 1.1.4322)"
91.207.9.226 - - [02/Mar/2013:04:19:17 -0600] "GET / HTTP/1.1" 200 10513 "http://t-android.ru/" "Mozilla/4.0 (compatible; MSIE 6.0; Windows NT 5.1; Maxthon; .NET CLR 1.1.4322)"
74.208.5.52 - - [02/Mar/2013:04:24:38 -0600] "GET / HTTP/1.1" 200 10513 "" "Mozilla/5.0 (Windows NT 6.1; WOW64; rv:14.0) Gecko/20100101 Firefox/14.0.1"
91.207.4.186 - - [02/Mar/2013:05:00:46 -0600] "GET / HTTP/1.1" 200 10513 "http://callvip.ru/" "Mozilla/4.0 (compatible; MSIE 6.0; Windows NT 5.1; Maxthon; .NET CLR 1.1.4322)"
91.207.4.186 - - [02/Mar/2013:05:00:47 -0600] "GET / HTTP/1.1" 200 10513 "http://callvip.ru/" "Mozilla/4.0 (compatible; MSIE 6.0; Windows NT 5.1; Maxthon; .NET CLR 1.1.4322)"
91.207.4.186 - - [02/Mar/2013:05:00:48 -0600] "GET / HTTP/1.1" 200 10513 "http://callvip.ru/" "Mozilla/4.0 (compatible; MSIE 6.0; Windows NT 5.1; Maxthon; .NET CLR 1.1.4322)"
173.199.120.99 - - [02/Mar/2013:05:02:36 -0600] "GET /events/carousel_11/carousel_11.html HTTP/1.1" 200 3712 "-" "Mozilla/5.0 (compatible; AhrefsBot/4.0; +http://ahrefs.com/robot/)"
157.56.93.207 - - [02/Mar/2013:06:00:49 -0600] "GET /robots.txt HTTP/1.1" 404 - "-" "Mozilla/5.0 (compatible; bingbot/2.0; +http://www.bing.com/bingbot.htm)"
157.56.93.207 - - [02/Mar/2013:06:02:25 -0600] "GET /pdf/11x17%20Pennant%20Run%20Poster.pdf HTTP/1.1" 200 3075560 "-" "Mozilla/5.0 (compatible; bingbot/2.0; +http://www.bing.com/bingbot.htm)"
66.249.74.212 - - [02/Mar/2013:06:12:06 -0600] "GET /robots.txt HTTP/1.1" 404 - "-" "Mozilla/5.0 (compatible; Googlebot/2.1; +http://www.google.com/bot.html)"
66.249.74.217 - - [02/Mar/2013:06:12:06 -0600] "GET /aboutus.php HTTP/1.1" 200 11667 "-" "Mozilla/5.0 (iPhone; U; CPU iPhone OS 4_1 like Mac OS X; en-us) AppleWebKit/532.9 (KHTML, like Gecko) Version/4.0.5 Mobile/8B117 Safari/6531.22.7 (compatible; Googlebot-Mobile/2.1; +http://www.google.com/bot.html)"
173.199.120.99 - - [02/Mar/2013:06:39:55 -0600] "GET /index.php HTTP/1.1" 200 10513 "-" "Mozilla/5.0 (compatible; AhrefsBot/4.0; +http://ahrefs.com/robot/)"
178.137.92.96 - - [02/Mar/2013:06:55:29 -0600] "GET / HTTP/1.1" 200 10513 "http://nashprognoz.ru/" "Mozilla/4.0 (compatible; MSIE 6.0; Windows NT 5.2; SV1; .NET CLR 1.1.4322; .NET CLR 2.0.50727)"
178.137.92.96 - - [02/Mar/2013:06:55:30 -0600] "GET / HTTP/1.1" 200 10513 "http://nashprognoz.ru/" "Mozilla/4.0 (compatible; MSIE 6.0; Windows NT 5.2; SV1; .NET CLR 1.1.4322; .NET CLR 2.0.50727)"
178.137.92.96 - - [02/Mar/2013:06:55:31 -0600] "GET / HTTP/1.1" 200 10513 "http://nashprognoz.ru/" "Mozilla/4.0 (compatible; MSIE 6.0; Windows NT 5.2; SV1; .NET CLR 1.1.4322; .NET CLR 2.0.50727)"
157.55.35.80 - - [02/Mar/2013:07:46:41 -0600] "GET /robots.txt HTTP/1.1" 404 - "-" "Mozilla/5.0 (compatible; bingbot/2.0; +http://www.bing.com/bingbot.htm)"
157.55.35.80 - - [02/Mar/2013:07:48:24 -0600] "GET / HTTP/1.1" 200 10513 "-" "Mozilla/5.0 (compatible; bingbot/2.0; +http://www.bing.com/bingbot.htm)"
199.21.99.103 - - [02/Mar/2013:08:22:03 -0600] "GET /robots.txt HTTP/1.1" 404 - "-" "Mozilla/5.0 (compatible; YandexBot/3.0; +http://yandex.com/bots)"
199.21.99.103 - - [02/Mar/2013:08:22:06 -0600] "GET /java_for_joes/index.html HTTP/1.1" 404 - "-" "Mozilla/5.0 (compatible; YandexBot/3.0; MirrorDetector; +http://yandex.com/bots)"
173.199.120.99 - - [02/Mar/2013:09:45:05 -0600] "GET /slider/index.html HTTP/1.1" 200 2395 "-" "Mozilla/5.0 (compatible; AhrefsBot/4.0; +http://ahrefs.com/robot/)"
173.199.120.99 - - [02/Mar/2013:10:28:27 -0600] "GET /_inc/contact.php HTTP/1.1" 200 756 "-" "Mozilla/5.0 (compatible; AhrefsBot/4.0; +http://ahrefs.com/robot/)"
208.115.111.70 - - [02/Mar/2013:10:58:33 -0600] "GET /robots.txt HTTP/1.1" 404 - "-" "Mozilla/5.0 (compatible; Ezooms/1.0; ezooms.bot@gmail.com)"
65.55.52.86 - - [02/Mar/2013:11:09:31 -0600] "GET /robots.txt HTTP/1.1" 404 - "-" "Mozilla/5.0 (compatible; bingbot/2.0; +http://www.bing.com/bingbot.htm)"
65.55.52.86 - - [02/Mar/2013:11:10:54 -0600] "GET /join/ HTTP/1.1" 404 - "-" "Mozilla/5.0 (compatible; bingbot/2.0; +http://www.bing.com/bingbot.htm)"
91.207.4.186 - - [02/Mar/2013:11:23:57 -0600] "GET / HTTP/1.1" 200 10513 "http://bablonow.ru/" "Mozilla/4.0 (compatible; MSIE 6.0; Windows NT 5.1; Maxthon; .NET CLR 1.1.4322)"
91.207.4.186 - - [02/Mar/2013:11:23:58 -0600] "GET / HTTP/1.1" 200 10513 "http://bablonow.ru/" "Mozilla/4.0 (compatible; MSIE 6.0; Windows NT 5.1; Maxthon; .NET CLR 1.1.4322)"
91.207.4.186 - - [02/Mar/2013:11:23:59 -0600] "GET / HTTP/1.1" 200 10513 "http://bablonow.ru/" "Mozilla/4.0 (compatible; MSIE 6.0; Windows NT 5.1; Maxthon; .NET CLR 1.1.4322)"
208.115.111.70 - - [02/Mar/2013:12:01:03 -0600] "GET /events.php HTTP/1.1" 200 6407 "-" "Mozilla/5.0 (compatible; Ezooms/1.0; ezooms.bot@gmail.com)"
180.76.5.50 - - [02/Mar/2013:12:12:32 -0600] "GET /slider/index.html HTTP/1.1" 200 2395 "-" "Mozilla/5.0 (compatible; Baiduspider/2.0; +http://www.baidu.com/search/spider.html)"
180.76.5.163 - - [02/Mar/2013:12:12:33 -0600] "GET /slider/ HTTP/1.1" 200 2395 "-" "Mozilla/5.0 (compatible; Baiduspider/2.0; +http://www.baidu.com/search/spider.html)"
66.249.74.210 - - [02/Mar/2013:12:31:51 -0600] "GET / HTTP/1.1" 200 10513 "-" "DoCoMo/2.0 N905i(c100;TB;W24H16) (compatible; Googlebot-Mobile/2.1; +http://www.google.com/bot.html)"
