192.94.22.2 - - [09/Aug/2013:15:33:33 -0500] "GET /events/Brittanycozza-.png HTTP/1.1" 304 - "http://www.operationspokaneheroes.org/events.php" "Mozilla/4.0 (compatible; MSIE 8.0; Windows NT 5.1; Trident/4.0; GTB7.5; .NET CLR 2.0.50727; .NET CLR 3.0.4506.2152; .NET CLR 3.5.30729; .NET CLR 1.1.4322; .NET4.0C; .NET4.0E; OfficeLiveConnector.1.5; OfficeLivePatch.1.3)"
192.94.22.2 - - [09/Aug/2013:15:33:33 -0500] "GET /events/vet_picnic/vet_picnic.html HTTP/1.1" 304 - "http://www.operationspokaneheroes.org/events.php" "Mozilla/4.0 (compatible; MSIE 8.0; Windows NT 5.1; Trident/4.0; GTB7.5; .NET CLR 2.0.50727; .NET CLR 3.0.4506.2152; .NET CLR 3.5.30729; .NET CLR 1.1.4322; .NET4.0C; .NET4.0E; OfficeLiveConnector.1.5; OfficeLivePatch.1.3)"
192.94.22.2 - - [09/Aug/2013:15:33:33 -0500] "GET /events/carousel_11/carousel_11.html HTTP/1.1" 304 - "http://www.operationspokaneheroes.org/events.php" "Mozilla/4.0 (compatible; MSIE 8.0; Windows NT 5.1; Trident/4.0; GTB7.5; .NET CLR 2.0.50727; .NET CLR 3.0.4506.2152; .NET CLR 3.5.30729; .NET CLR 1.1.4322; .NET4.0C; .NET4.0E; OfficeLiveConnector.1.5; OfficeLivePatch.1.3)"
192.94.22.2 - - [09/Aug/2013:15:33:33 -0500] "GET /events/ermy_event/ermy.html HTTP/1.1" 304 - "http://www.operationspokaneheroes.org/events.php" "Mozilla/4.0 (compatible; MSIE 8.0; Windows NT 5.1; Trident/4.0; GTB7.5; .NET CLR 2.0.50727; .NET CLR 3.0.4506.2152; .NET CLR 3.5.30729; .NET CLR 1.1.4322; .NET4.0C; .NET4.0E; OfficeLiveConnector.1.5; OfficeLivePatch.1.3)"
192.94.22.2 - - [09/Aug/2013:15:33:33 -0500] "GET /events/vet_picnic/js/jquery.movingboxes.min.js HTTP/1.1" 304 - "http://www.operationspokaneheroes.org/events/vet_picnic/vet_picnic.html" "Mozilla/4.0 (compatible; MSIE 8.0; Windows NT 5.1; Trident/4.0; GTB7.5; .NET CLR 2.0.50727; .NET CLR 3.0.4506.2152; .NET CLR 3.5.30729; .NET CLR 1.1.4322; .NET4.0C; .NET4.0E; OfficeLiveConnector.1.5; OfficeLivePatch.1.3)"
192.94.22.2 - - [09/Aug/2013:15:33:33 -0500] "GET /events/vet_picnic/css/style.css HTTP/1.1" 304 - "http://www.operationspokaneheroes.org/events/vet_picnic/vet_picnic.html" "Mozilla/4.0 (compatible; MSIE 8.0; Windows NT 5.1; Trident/4.0; GTB7.5; .NET CLR 2.0.50727; .NET CLR 3.0.4506.2152; .NET CLR 3.5.30729; .NET CLR 1.1.4322; .NET4.0C; .NET4.0E; OfficeLiveConnector.1.5; OfficeLivePatch.1.3)"
192.94.22.2 - - [09/Aug/2013:15:33:33 -0500] "GET /events/carousel_11/css/style.css HTTP/1.1" 304 - "http://www.operationspokaneheroes.org/events/carousel_11/carousel_11.html" "Mozilla/4.0 (compatible; MSIE 8.0; Windows NT 5.1; Trident/4.0; GTB7.5; .NET CLR 2.0.50727; .NET CLR 3.0.4506.2152; .NET CLR 3.5.30729; .NET CLR 1.1.4322; .NET4.0C; .NET4.0E; OfficeLiveConnector.1.5; OfficeLivePatch.1.3)"
192.94.22.2 - - [09/Aug/2013:15:33:33 -0500] "GET /events/ermy_event/css/style.css HTTP/1.1" 304 - "http://www.operationspokaneheroes.org/events/ermy_event/ermy.html" "Mozilla/4.0 (compatible; MSIE 8.0; Windows NT 5.1; Trident/4.0; GTB7.5; .NET CLR 2.0.50727; .NET CLR 3.0.4506.2152; .NET CLR 3.5.30729; .NET CLR 1.1.4322; .NET4.0C; .NET4.0E; OfficeLiveConnector.1.5; OfficeLivePatch.1.3)"
192.94.22.2 - - [09/Aug/2013:15:33:33 -0500] "GET /events/carousel_11/js/jquery.movingboxes.min.js HTTP/1.1" 304 - "http://www.operationspokaneheroes.org/events/carousel_11/carousel_11.html" "Mozilla/4.0 (compatible; MSIE 8.0; Windows NT 5.1; Trident/4.0; GTB7.5; .NET CLR 2.0.50727; .NET CLR 3.0.4506.2152; .NET CLR 3.5.30729; .NET CLR 1.1.4322; .NET4.0C; .NET4.0E; OfficeLiveConnector.1.5; OfficeLivePatch.1.3)"
192.94.22.2 - - [09/Aug/2013:15:33:33 -0500] "GET /events/ermy_event/js/jquery.movingboxes.min.js HTTP/1.1" 304 - "http://www.operationspokaneheroes.org/events/ermy_event/ermy.html" "Mozilla/4.0 (compatible; MSIE 8.0; Windows NT 5.1; Trident/4.0; GTB7.5; .NET CLR 2.0.50727; .NET CLR 3.0.4506.2152; .NET CLR 3.5.30729; .NET CLR 1.1.4322; .NET4.0C; .NET4.0E; OfficeLiveConnector.1.5; OfficeLivePatch.1.3)"
192.94.22.2 - - [09/Aug/2013:15:33:33 -0500] "GET /events/vet_picnic/images/6.jpg HTTP/1.1" 304 - "http://www.operationspokaneheroes.org/events/vet_picnic/vet_picnic.html" "Mozilla/4.0 (compatible; MSIE 8.0; Windows NT 5.1; Trident/4.0; GTB7.5; .NET CLR 2.0.50727; .NET CLR 3.0.4506.2152; .NET CLR 3.5.30729; .NET CLR 1.1.4322; .NET4.0C; .NET4.0E; OfficeLiveConnector.1.5; OfficeLivePatch.1.3)"
192.94.22.2 - - [09/Aug/2013:15:33:33 -0500] "GET /events/vet_picnic/images/67.jpg HTTP/1.1" 404 - "http://www.operationspokaneheroes.org/events/vet_picnic/vet_picnic.html" "Mozilla/4.0 (compatible; MSIE 8.0; Windows NT 5.1; Trident/4.0; GTB7.5; .NET CLR 2.0.50727; .NET CLR 3.0.4506.2152; .NET CLR 3.5.30729; .NET CLR 1.1.4322; .NET4.0C; .NET4.0E; OfficeLiveConnector.1.5; OfficeLivePatch.1.3)"
192.94.22.2 - - [09/Aug/2013:15:33:33 -0500] "GET /events/vet_picnic/images/3.jpg HTTP/1.1" 304 - "http://www.operationspokaneheroes.org/events/vet_picnic/vet_picnic.html" "Mozilla/4.0 (compatible; MSIE 8.0; Windows NT 5.1; Trident/4.0; GTB7.5; .NET CLR 2.0.50727; .NET CLR 3.0.4506.2152; .NET CLR 3.5.30729; .NET CLR 1.1.4322; .NET4.0C; .NET4.0E; OfficeLiveConnector.1.5; OfficeLivePatch.1.3)"
192.94.22.2 - - [09/Aug/2013:15:33:33 -0500] "GET /events/vet_picnic/images/4.jpg HTTP/1.1" 304 - "http://www.operationspokaneheroes.org/events/vet_picnic/vet_picnic.html" "Mozilla/4.0 (compatible; MSIE 8.0; Windows NT 5.1; Trident/4.0; GTB7.5; .NET CLR 2.0.50727; .NET CLR 3.0.4506.2152; .NET CLR 3.5.30729; .NET CLR 1.1.4322; .NET4.0C; .NET4.0E; OfficeLiveConnector.1.5; OfficeLivePatch.1.3)"
192.94.22.2 - - [09/Aug/2013:15:33:33 -0500] "GET /events/vet_picnic/images/5.jpg HTTP/1.1" 304 - "http://www.operationspokaneheroes.org/events/vet_picnic/vet_picnic.html" "Mozilla/4.0 (compatible; MSIE 8.0; Windows NT 5.1; Trident/4.0; GTB7.5; .NET CLR 2.0.50727; .NET CLR 3.0.4506.2152; .NET CLR 3.5.30729; .NET CLR 1.1.4322; .NET4.0C; .NET4.0E; OfficeLiveConnector.1.5; OfficeLivePatch.1.3)"
192.94.22.2 - - [09/Aug/2013:15:33:33 -0500] "GET /events/vet_picnic/images/2.jpg HTTP/1.1" 304 - "http://www.operationspokaneheroes.org/events/vet_picnic/vet_picnic.html" "Mozilla/4.0 (compatible; MSIE 8.0; Windows NT 5.1; Trident/4.0; GTB7.5; .NET CLR 2.0.50727; .NET CLR 3.0.4506.2152; .NET CLR 3.5.30729; .NET CLR 1.1.4322; .NET4.0C; .NET4.0E; OfficeLiveConnector.1.5; OfficeLivePatch.1.3)"
192.94.22.2 - - [09/Aug/2013:15:33:33 -0500] "GET /events/vet_picnic/images/1.jpg HTTP/1.1" 304 - "http://www.operationspokaneheroes.org/events/vet_picnic/vet_picnic.html" "Mozilla/4.0 (compatible; MSIE 8.0; Windows NT 5.1; Trident/4.0; GTB7.5; .NET CLR 2.0.50727; .NET CLR 3.0.4506.2152; .NET CLR 3.5.30729; .NET CLR 1.1.4322; .NET4.0C; .NET4.0E; OfficeLiveConnector.1.5; OfficeLivePatch.1.3)"
192.94.22.2 - - [09/Aug/2013:15:33:33 -0500] "GET /events/carousel_11/images/10.jpg HTTP/1.1" 304 - "http://www.operationspokaneheroes.org/events/carousel_11/carousel_11.html" "Mozilla/4.0 (compatible; MSIE 8.0; Windows NT 5.1; Trident/4.0; GTB7.5; .NET CLR 2.0.50727; .NET CLR 3.0.4506.2152; .NET CLR 3.5.30729; .NET CLR 1.1.4322; .NET4.0C; .NET4.0E; OfficeLiveConnector.1.5; OfficeLivePatch.1.3)"
192.94.22.2 - - [09/Aug/2013:15:33:33 -0500] "GET /events/carousel_11/images/11.jpg HTTP/1.1" 304 - "http://www.operationspokaneheroes.org/events/carousel_11/carousel_11.html" "Mozilla/4.0 (compatible; MSIE 8.0; Windows NT 5.1; Trident/4.0; GTB7.5; .NET CLR 2.0.50727; .NET CLR 3.0.4506.2152; .NET CLR 3.5.30729; .NET CLR 1.1.4322; .NET4.0C; .NET4.0E; OfficeLiveConnector.1.5; OfficeLivePatch.1.3)"
192.94.22.2 - - [09/Aug/2013:15:33:33 -0500] "GET /events/carousel_11/images/8.jpg HTTP/1.1" 304 - "http://www.operationspokaneheroes.org/events/carousel_11/carousel_11.html" "Mozilla/4.0 (compatible; MSIE 8.0; Windows NT 5.1; Trident/4.0; GTB7.5; .NET CLR 2.0.50727; .NET CLR 3.0.4506.2152; .NET CLR 3.5.30729; .NET CLR 1.1.4322; .NET4.0C; .NET4.0E; OfficeLiveConnector.1.5; OfficeLivePatch.1.3)"
192.94.22.2 - - [09/Aug/2013:15:33:33 -0500] "GET /events/carousel_11/images/9.jpg HTTP/1.1" 304 - "http://www.operationspokaneheroes.org/events/carousel_11/carousel_11.html" "Mozilla/4.0 (compatible; MSIE 8.0; Windows NT 5.1; Trident/4.0; GTB7.5; .NET CLR 2.0.50727; .NET CLR 3.0.4506.2152; .NET CLR 3.5.30729; .NET CLR 1.1.4322; .NET4.0C; .NET4.0E; OfficeLiveConnector.1.5; OfficeLivePatch.1.3)"
192.94.22.2 - - [09/Aug/2013:15:33:33 -0500] "GET /events/carousel_11/images/7.jpg HTTP/1.1" 304 - "http://www.operationspokaneheroes.org/events/carousel_11/carousel_11.html" "Mozilla/4.0 (compatible; MSIE 8.0; Windows NT 5.1; Trident/4.0; GTB7.5; .NET CLR 2.0.50727; .NET CLR 3.0.4506.2152; .NET CLR 3.5.30729; .NET CLR 1.1.4322; .NET4.0C; .NET4.0E; OfficeLiveConnector.1.5; OfficeLivePatch.1.3)"
192.94.22.2 - - [09/Aug/2013:15:33:33 -0500] "GET /events/carousel_11/images/6.jpg HTTP/1.1" 304 - "http://www.operationspokaneheroes.org/events/carousel_11/carousel_11.html" "Mozilla/4.0 (compatible; MSIE 8.0; Windows NT 5.1; Trident/4.0; GTB7.5; .NET CLR 2.0.50727; .NET CLR 3.0.4506.2152; .NET CLR 3.5.30729; .NET CLR 1.1.4322; .NET4.0C; .NET4.0E; OfficeLiveConnector.1.5; OfficeLivePatch.1.3)"
192.94.22.2 - - [09/Aug/2013:15:33:33 -0500] "GET /events/carousel_11/images/5.jpg HTTP/1.1" 304 - "http://www.operationspokaneheroes.org/events/carousel_11/carousel_11.html" "Mozilla/4.0 (compatible; MSIE 8.0; Windows NT 5.1; Trident/4.0; GTB7.5; .NET CLR 2.0.50727; .NET CLR 3.0.4506.2152; .NET CLR 3.5.30729; .NET CLR 1.1.4322; .NET4.0C; .NET4.0E; OfficeLiveConnector.1.5; OfficeLivePatch.1.3)"
192.94.22.2 - - [09/Aug/2013:15:33:33 -0500] "GET /events/carousel_11/images/4.jpg HTTP/1.1" 304 - "http://www.operationspokaneheroes.org/events/carousel_11/carousel_11.html" "Mozilla/4.0 (compatible; MSIE 8.0; Windows NT 5.1; Trident/4.0; GTB7.5; .NET CLR 2.0.50727; .NET CLR 3.0.4506.2152; .NET CLR 3.5.30729; .NET CLR 1.1.4322; .NET4.0C; .NET4.0E; OfficeLiveConnector.1.5; OfficeLivePatch.1.3)"
192.94.22.2 - - [09/Aug/2013:15:33:33 -0500] "GET /events/carousel_11/images/3.jpg HTTP/1.1" 304 - "http://www.operationspokaneheroes.org/events/carousel_11/carousel_11.html" "Mozilla/4.0 (compatible; MSIE 8.0; Windows NT 5.1; Trident/4.0; GTB7.5; .NET CLR 2.0.50727; .NET CLR 3.0.4506.2152; .NET CLR 3.5.30729; .NET CLR 1.1.4322; .NET4.0C; .NET4.0E; OfficeLiveConnector.1.5; OfficeLivePatch.1.3)"
192.94.22.2 - - [09/Aug/2013:15:33:33 -0500] "GET /events/carousel_11/images/2.jpg HTTP/1.1" 304 - "http://www.operationspokaneheroes.org/events/carousel_11/carousel_11.html" "Mozilla/4.0 (compatible; MSIE 8.0; Windows NT 5.1; Trident/4.0; GTB7.5; .NET CLR 2.0.50727; .NET CLR 3.0.4506.2152; .NET CLR 3.5.30729; .NET CLR 1.1.4322; .NET4.0C; .NET4.0E; OfficeLiveConnector.1.5; OfficeLivePatch.1.3)"
192.94.22.2 - - [09/Aug/2013:15:33:33 -0500] "GET /events/ermy_event/images/10.jpg HTTP/1.1" 304 - "http://www.operationspokaneheroes.org/events/ermy_event/ermy.html" "Mozilla/4.0 (compatible; MSIE 8.0; Windows NT 5.1; Trident/4.0; GTB7.5; .NET CLR 2.0.50727; .NET CLR 3.0.4506.2152; .NET CLR 3.5.30729; .NET CLR 1.1.4322; .NET4.0C; .NET4.0E; OfficeLiveConnector.1.5; OfficeLivePatch.1.3)"
192.94.22.2 - - [09/Aug/2013:15:33:33 -0500] "GET /events/ermy_event/images/9.jpg HTTP/1.1" 304 - "http://www.operationspokaneheroes.org/events/ermy_event/ermy.html" "Mozilla/4.0 (compatible; MSIE 8.0; Windows NT 5.1; Trident/4.0; GTB7.5; .NET CLR 2.0.50727; .NET CLR 3.0.4506.2152; .NET CLR 3.5.30729; .NET CLR 1.1.4322; .NET4.0C; .NET4.0E; OfficeLiveConnector.1.5; OfficeLivePatch.1.3)"
192.94.22.2 - - [09/Aug/2013:15:33:33 -0500] "GET /events/ermy_event/images/8.jpg HTTP/1.1" 304 - "http://www.operationspokaneheroes.org/events/ermy_event/ermy.html" "Mozilla/4.0 (compatible; MSIE 8.0; Windows NT 5.1; Trident/4.0; GTB7.5; .NET CLR 2.0.50727; .NET CLR 3.0.4506.2152; .NET CLR 3.5.30729; .NET CLR 1.1.4322; .NET4.0C; .NET4.0E; OfficeLiveConnector.1.5; OfficeLivePatch.1.3)"
192.94.22.2 - - [09/Aug/2013:15:33:33 -0500] "GET /events/ermy_event/images/7.jpg HTTP/1.1" 304 - "http://www.operationspokaneheroes.org/events/ermy_event/ermy.html" "Mozilla/4.0 (compatible; MSIE 8.0; Windows NT 5.1; Trident/4.0; GTB7.5; .NET CLR 2.0.50727; .NET CLR 3.0.4506.2152; .NET CLR 3.5.30729; .NET CLR 1.1.4322; .NET4.0C; .NET4.0E; OfficeLiveConnector.1.5; OfficeLivePatch.1.3)"
192.94.22.2 - - [09/Aug/2013:15:33:33 -0500] "GET /events/ermy_event/images/5.jpg HTTP/1.1" 304 - "http://www.operationspokaneheroes.org/events/ermy_event/ermy.html" "Mozilla/4.0 (compatible; MSIE 8.0; Windows NT 5.1; Trident/4.0; GTB7.5; .NET CLR 2.0.50727; .NET CLR 3.0.4506.2152; .NET CLR 3.5.30729; .NET CLR 1.1.4322; .NET4.0C; .NET4.0E; OfficeLiveConnector.1.5; OfficeLivePatch.1.3)"
192.94.22.2 - - [09/Aug/2013:15:33:33 -0500] "GET /events/ermy_event/images/6.jpg HTTP/1.1" 304 - "http://www.operationspokaneheroes.org/events/ermy_event/ermy.html" "Mozilla/4.0 (compatible; MSIE 8.0; Windows NT 5.1; Trident/4.0; GTB7.5; .NET CLR 2.0.50727; .NET CLR 3.0.4506.2152; .NET CLR 3.5.30729; .NET CLR 1.1.4322; .NET4.0C; .NET4.0E; OfficeLiveConnector.1.5; OfficeLivePatch.1.3)"
192.94.22.2 - - [09/Aug/2013:15:33:33 -0500] "GET /events/ermy_event/images/4.jpg HTTP/1.1" 304 - "http://www.operationspokaneheroes.org/events/ermy_event/ermy.html" "Mozilla/4.0 (compatible; MSIE 8.0; Windows NT 5.1; Trident/4.0; GTB7.5; .NET CLR 2.0.50727; .NET CLR 3.0.4506.2152; .NET CLR 3.5.30729; .NET CLR 1.1.4322; .NET4.0C; .NET4.0E; OfficeLiveConnector.1.5; OfficeLivePatch.1.3)"
192.94.22.2 - - [09/Aug/2013:15:33:33 -0500] "GET /events/ermy_event/images/3.jpg HTTP/1.1" 304 - "http://www.operationspokaneheroes.org/events/ermy_event/ermy.html" "Mozilla/4.0 (compatible; MSIE 8.0; Windows NT 5.1; Trident/4.0; GTB7.5; .NET CLR 2.0.50727; .NET CLR 3.0.4506.2152; .NET CLR 3.5.30729; .NET CLR 1.1.4322; .NET4.0C; .NET4.0E; OfficeLiveConnector.1.5; OfficeLivePatch.1.3)"
192.94.22.2 - - [09/Aug/2013:15:33:33 -0500] "GET /events/ermy_event/images/2.jpg HTTP/1.1" 304 - "http://www.operationspokaneheroes.org/events/ermy_event/ermy.html" "Mozilla/4.0 (compatible; MSIE 8.0; Windows NT 5.1; Trident/4.0; GTB7.5; .NET CLR 2.0.50727; .NET CLR 3.0.4506.2152; .NET CLR 3.5.30729; .NET CLR 1.1.4322; .NET4.0C; .NET4.0E; OfficeLiveConnector.1.5; OfficeLivePatch.1.3)"
192.94.22.2 - - [09/Aug/2013:15:33:33 -0500] "GET /events/ermy_event/images/1.jpg HTTP/1.1" 304 - "http://www.operationspokaneheroes.org/events/ermy_event/ermy.html" "Mozilla/4.0 (compatible; MSIE 8.0; Windows NT 5.1; Trident/4.0; GTB7.5; .NET CLR 2.0.50727; .NET CLR 3.0.4506.2152; .NET CLR 3.5.30729; .NET CLR 1.1.4322; .NET4.0C; .NET4.0E; OfficeLiveConnector.1.5; OfficeLivePatch.1.3)"
192.94.22.2 - - [09/Aug/2013:15:33:33 -0500] "GET /events/vet_picnic/images/leftshadow.png HTTP/1.1" 304 - "http://www.operationspokaneheroes.org/events/vet_picnic/vet_picnic.html" "Mozilla/4.0 (compatible; MSIE 8.0; Windows NT 5.1; Trident/4.0; GTB7.5; .NET CLR 2.0.50727; .NET CLR 3.0.4506.2152; .NET CLR 3.5.30729; .NET CLR 1.1.4322; .NET4.0C; .NET4.0E; OfficeLiveConnector.1.5; OfficeLivePatch.1.3)"
192.94.22.2 - - [09/Aug/2013:15:33:33 -0500] "GET /events/vet_picnic/images/leftarrow.png HTTP/1.1" 304 - "http://www.operationspokaneheroes.org/events/vet_picnic/vet_picnic.html" "Mozilla/4.0 (compatible; MSIE 8.0; Windows NT 5.1; Trident/4.0; GTB7.5; .NET CLR 2.0.50727; .NET CLR 3.0.4506.2152; .NET CLR 3.5.30729; .NET CLR 1.1.4322; .NET4.0C; .NET4.0E; OfficeLiveConnector.1.5; OfficeLivePatch.1.3)"
192.94.22.2 - - [09/Aug/2013:15:33:33 -0500] "GET /events/vet_picnic/images/rightarrow.png HTTP/1.1" 304 - "http://www.operationspokaneheroes.org/events/vet_picnic/vet_picnic.html" "Mozilla/4.0 (compatible; MSIE 8.0; Windows NT 5.1; Trident/4.0; GTB7.5; .NET CLR 2.0.50727; .NET CLR 3.0.4506.2152; .NET CLR 3.5.30729; .NET CLR 1.1.4322; .NET4.0C; .NET4.0E; OfficeLiveConnector.1.5; OfficeLivePatch.1.3)"
192.94.22.2 - - [09/Aug/2013:15:33:33 -0500] "GET /events/vet_picnic/images/rightshadow.png HTTP/1.1" 304 - "http://www.operationspokaneheroes.org/events/vet_picnic/vet_picnic.html" "Mozilla/4.0 (compatible; MSIE 8.0; Windows NT 5.1; Trident/4.0; GTB7.5; .NET CLR 2.0.50727; .NET CLR 3.0.4506.2152; .NET CLR 3.5.30729; .NET CLR 1.1.4322; .NET4.0C; .NET4.0E; OfficeLiveConnector.1.5; OfficeLivePatch.1.3)"
192.94.22.2 - - [09/Aug/2013:15:33:33 -0500] "GET /events/carousel_11/images/leftshadow.png HTTP/1.1" 304 - "http://www.operationspokaneheroes.org/events/carousel_11/carousel_11.html" "Mozilla/4.0 (compatible; MSIE 8.0; Windows NT 5.1; Trident/4.0; GTB7.5; .NET CLR 2.0.50727; .NET CLR 3.0.4506.2152; .NET CLR 3.5.30729; .NET CLR 1.1.4322; .NET4.0C; .NET4.0E; OfficeLiveConnector.1.5; OfficeLivePatch.1.3)"
192.94.22.2 - - [09/Aug/2013:15:33:33 -0500] "GET /events/carousel_11/images/leftarrow.png HTTP/1.1" 304 - "http://www.operationspokaneheroes.org/events/carousel_11/carousel_11.html" "Mozilla/4.0 (compatible; MSIE 8.0; Windows NT 5.1; Trident/4.0; GTB7.5; .NET CLR 2.0.50727; .NET CLR 3.0.4506.2152; .NET CLR 3.5.30729; .NET CLR 1.1.4322; .NET4.0C; .NET4.0E; OfficeLiveConnector.1.5; OfficeLivePatch.1.3)"
192.94.22.2 - - [09/Aug/2013:15:33:33 -0500] "GET /events/carousel_11/images/rightarrow.png HTTP/1.1" 304 - "http://www.operationspokaneheroes.org/events/carousel_11/carousel_11.html" "Mozilla/4.0 (compatible; MSIE 8.0; Windows NT 5.1; Trident/4.0; GTB7.5; .NET CLR 2.0.50727; .NET CLR 3.0.4506.2152; .NET CLR 3.5.30729; .NET CLR 1.1.4322; .NET4.0C; .NET4.0E; OfficeLiveConnector.1.5; OfficeLivePatch.1.3)"
192.94.22.2 - - [09/Aug/2013:15:33:33 -0500] "GET /events/carousel_11/images/rightshadow.png HTTP/1.1" 304 - "http://www.operationspokaneheroes.org/events/carousel_11/carousel_11.html" "Mozilla/4.0 (compatible; MSIE 8.0; Windows NT 5.1; Trident/4.0; GTB7.5; .NET CLR 2.0.50727; .NET CLR 3.0.4506.2152; .NET CLR 3.5.30729; .NET CLR 1.1.4322; .NET4.0C; .NET4.0E; OfficeLiveConnector.1.5; OfficeLivePatch.1.3)"
192.94.22.2 - - [09/Aug/2013:15:33:33 -0500] "GET /events/ermy_event/images/leftshadow.png HTTP/1.1" 304 - "http://www.operationspokaneheroes.org/events/ermy_event/ermy.html" "Mozilla/4.0 (compatible; MSIE 8.0; Windows NT 5.1; Trident/4.0; GTB7.5; .NET CLR 2.0.50727; .NET CLR 3.0.4506.2152; .NET CLR 3.5.30729; .NET CLR 1.1.4322; .NET4.0C; .NET4.0E; OfficeLiveConnector.1.5; OfficeLivePatch.1.3)"
192.94.22.2 - - [09/Aug/2013:15:33:33 -0500] "GET /events/ermy_event/images/leftarrow.png HTTP/1.1" 304 - "http://www.operationspokaneheroes.org/events/ermy_event/ermy.html" "Mozilla/4.0 (compatible; MSIE 8.0; Windows NT 5.1; Trident/4.0; GTB7.5; .NET CLR 2.0.50727; .NET CLR 3.0.4506.2152; .NET CLR 3.5.30729; .NET CLR 1.1.4322; .NET4.0C; .NET4.0E; OfficeLiveConnector.1.5; OfficeLivePatch.1.3)"
192.94.22.2 - - [09/Aug/2013:15:33:33 -0500] "GET /events/ermy_event/images/rightarrow.png HTTP/1.1" 304 - "http://www.operationspokaneheroes.org/events/ermy_event/ermy.html" "Mozilla/4.0 (compatible; MSIE 8.0; Windows NT 5.1; Trident/4.0; GTB7.5; .NET CLR 2.0.50727; .NET CLR 3.0.4506.2152; .NET CLR 3.5.30729; .NET CLR 1.1.4322; .NET4.0C; .NET4.0E; OfficeLiveConnector.1.5; OfficeLivePatch.1.3)"
192.94.22.2 - - [09/Aug/2013:15:33:33 -0500] "GET /events/ermy_event/images/rightshadow.png HTTP/1.1" 304 - "http://www.operationspokaneheroes.org/events/ermy_event/ermy.html" "Mozilla/4.0 (compatible; MSIE 8.0; Windows NT 5.1; Trident/4.0; GTB7.5; .NET CLR 2.0.50727; .NET CLR 3.0.4506.2152; .NET CLR 3.5.30729; .NET CLR 1.1.4322; .NET4.0C; .NET4.0E; OfficeLiveConnector.1.5; OfficeLivePatch.1.3)"
192.94.22.2 - - [09/Aug/2013:15:33:36 -0500] "GET /donate.php HTTP/1.1" 200 11699 "http://www.operationspokaneheroes.org/events.php" "Mozilla/4.0 (compatible; MSIE 8.0; Windows NT 5.1; Trident/4.0; GTB7.5; .NET CLR 2.0.50727; .NET CLR 3.0.4506.2152; .NET CLR 3.5.30729; .NET CLR 1.1.4322; .NET4.0C; .NET4.0E; OfficeLiveConnector.1.5; OfficeLivePatch.1.3)"
192.94.22.2 - - [09/Aug/2013:15:33:37 -0500] "GET /_inc/slide.php HTTP/1.1" 200 3205 "http://www.operationspokaneheroes.org/donate.php" "Mozilla/4.0 (compatible; MSIE 8.0; Windows NT 5.1; Trident/4.0; GTB7.5; .NET CLR 2.0.50727; .NET CLR 3.0.4506.2152; .NET CLR 3.5.30729; .NET CLR 1.1.4322; .NET4.0C; .NET4.0E; OfficeLiveConnector.1.5; OfficeLivePatch.1.3)"
192.94.22.2 - - [09/Aug/2013:15:33:37 -0500] "GET /assets/images/btn_main_search_hover.png HTTP/1.1" 404 - "http://www.operationspokaneheroes.org/_inc/slide.php" "Mozilla/4.0 (compatible; MSIE 8.0; Windows NT 5.1; Trident/4.0; GTB7.5; .NET CLR 2.0.50727; .NET CLR 3.0.4506.2152; .NET CLR 3.5.30729; .NET CLR 1.1.4322; .NET4.0C; .NET4.0E; OfficeLiveConnector.1.5; OfficeLivePatch.1.3)"
192.94.22.2 - - [09/Aug/2013:15:33:37 -0500] "GET /assets/images/btn_top_search_hover.png HTTP/1.1" 404 - "http://www.operationspokaneheroes.org/_inc/slide.php" "Mozilla/4.0 (compatible; MSIE 8.0; Windows NT 5.1; Trident/4.0; GTB7.5; .NET CLR 2.0.50727; .NET CLR 3.0.4506.2152; .NET CLR 3.5.30729; .NET CLR 1.1.4322; .NET4.0C; .NET4.0E; OfficeLiveConnector.1.5; OfficeLivePatch.1.3)"
192.94.22.2 - - [09/Aug/2013:15:33:38 -0500] "GET /donate.php HTTP/1.1" 200 11699 "http://www.operationspokaneheroes.org/donate.php" "Mozilla/4.0 (compatible; MSIE 8.0; Windows NT 5.1; Trident/4.0; GTB7.5; .NET CLR 2.0.50727; .NET CLR 3.0.4506.2152; .NET CLR 3.5.30729; .NET CLR 1.1.4322; .NET4.0C; .NET4.0E; OfficeLiveConnector.1.5; OfficeLivePatch.1.3)"
192.94.22.2 - - [09/Aug/2013:15:33:38 -0500] "GET /contact.php HTTP/1.1" 200 10519 "http://www.operationspokaneheroes.org/donate.php" "Mozilla/4.0 (compatible; MSIE 8.0; Windows NT 5.1; Trident/4.0; GTB7.5; .NET CLR 2.0.50727; .NET CLR 3.0.4506.2152; .NET CLR 3.5.30729; .NET CLR 1.1.4322; .NET4.0C; .NET4.0E; OfficeLiveConnector.1.5; OfficeLivePatch.1.3)"
192.94.22.2 - - [09/Aug/2013:15:33:38 -0500] "GET /_inc/slide.php HTTP/1.1" 200 3205 "http://www.operationspokaneheroes.org/contact.php" "Mozilla/4.0 (compatible; MSIE 8.0; Windows NT 5.1; Trident/4.0; GTB7.5; .NET CLR 2.0.50727; .NET CLR 3.0.4506.2152; .NET CLR 3.5.30729; .NET CLR 1.1.4322; .NET4.0C; .NET4.0E; OfficeLiveConnector.1.5; OfficeLivePatch.1.3)"
192.94.22.2 - - [09/Aug/2013:15:33:38 -0500] "GET /_inc/contact.php HTTP/1.1" 200 756 "http://www.operationspokaneheroes.org/contact.php" "Mozilla/4.0 (compatible; MSIE 8.0; Windows NT 5.1; Trident/4.0; GTB7.5; .NET CLR 2.0.50727; .NET CLR 3.0.4506.2152; .NET CLR 3.5.30729; .NET CLR 1.1.4322; .NET4.0C; .NET4.0E; OfficeLiveConnector.1.5; OfficeLivePatch.1.3)"
192.94.22.2 - - [09/Aug/2013:15:33:38 -0500] "GET /assets/images/btn_top_search_hover.png HTTP/1.1" 404 - "http://www.operationspokaneheroes.org/_inc/slide.php" "Mozilla/4.0 (compatible; MSIE 8.0; Windows NT 5.1; Trident/4.0; GTB7.5; .NET CLR 2.0.50727; .NET CLR 3.0.4506.2152; .NET CLR 3.5.30729; .NET CLR 1.1.4322; .NET4.0C; .NET4.0E; OfficeLiveConnector.1.5; OfficeLivePatch.1.3)"
192.94.22.2 - - [09/Aug/2013:15:33:38 -0500] "GET /assets/images/btn_main_search_hover.png HTTP/1.1" 404 - "http://www.operationspokaneheroes.org/_inc/slide.php" "Mozilla/4.0 (compatible; MSIE 8.0; Windows NT 5.1; Trident/4.0; GTB7.5; .NET CLR 2.0.50727; .NET CLR 3.0.4506.2152; .NET CLR 3.5.30729; .NET CLR 1.1.4322; .NET4.0C; .NET4.0E; OfficeLiveConnector.1.5; OfficeLivePatch.1.3)"
192.94.22.2 - - [09/Aug/2013:15:33:38 -0500] "GET /calendar.php HTTP/1.1" 200 10644 "http://www.operationspokaneheroes.org/contact.php" "Mozilla/4.0 (compatible; MSIE 8.0; Windows NT 5.1; Trident/4.0; GTB7.5; .NET CLR 2.0.50727; .NET CLR 3.0.4506.2152; .NET CLR 3.5.30729; .NET CLR 1.1.4322; .NET4.0C; .NET4.0E; OfficeLiveConnector.1.5; OfficeLivePatch.1.3)"
192.94.22.2 - - [09/Aug/2013:15:33:39 -0500] "GET /_inc/slide.php HTTP/1.1" 200 3205 "http://www.operationspokaneheroes.org/calendar.php" "Mozilla/4.0 (compatible; MSIE 8.0; Windows NT 5.1; Trident/4.0; GTB7.5; .NET CLR 2.0.50727; .NET CLR 3.0.4506.2152; .NET CLR 3.5.30729; .NET CLR 1.1.4322; .NET4.0C; .NET4.0E; OfficeLiveConnector.1.5; OfficeLivePatch.1.3)"
192.94.22.2 - - [09/Aug/2013:15:33:39 -0500] "GET /assets/images/btn_main_search_hover.png HTTP/1.1" 404 - "http://www.operationspokaneheroes.org/_inc/slide.php" "Mozilla/4.0 (compatible; MSIE 8.0; Windows NT 5.1; Trident/4.0; GTB7.5; .NET CLR 2.0.50727; .NET CLR 3.0.4506.2152; .NET CLR 3.5.30729; .NET CLR 1.1.4322; .NET4.0C; .NET4.0E; OfficeLiveConnector.1.5; OfficeLivePatch.1.3)"
192.94.22.2 - - [09/Aug/2013:15:33:39 -0500] "GET /assets/images/btn_top_search_hover.png HTTP/1.1" 404 - "http://www.operationspokaneheroes.org/_inc/slide.php" "Mozilla/4.0 (compatible; MSIE 8.0; Windows NT 5.1; Trident/4.0; GTB7.5; .NET CLR 2.0.50727; .NET CLR 3.0.4506.2152; .NET CLR 3.5.30729; .NET CLR 1.1.4322; .NET4.0C; .NET4.0E; OfficeLiveConnector.1.5; OfficeLivePatch.1.3)"
192.94.22.2 - - [09/Aug/2013:15:33:39 -0500] "GET /calendar.php HTTP/1.1" 200 10644 "http://www.operationspokaneheroes.org/calendar.php" "Mozilla/4.0 (compatible; MSIE 8.0; Windows NT 5.1; Trident/4.0; GTB7.5; .NET CLR 2.0.50727; .NET CLR 3.0.4506.2152; .NET CLR 3.5.30729; .NET CLR 1.1.4322; .NET4.0C; .NET4.0E; OfficeLiveConnector.1.5; OfficeLivePatch.1.3)"
192.94.22.2 - - [09/Aug/2013:15:33:39 -0500] "GET /_inc/slide.php HTTP/1.1" 200 3205 "http://www.operationspokaneheroes.org/calendar.php" "Mozilla/4.0 (compatible; MSIE 8.0; Windows NT 5.1; Trident/4.0; GTB7.5; .NET CLR 2.0.50727; .NET CLR 3.0.4506.2152; .NET CLR 3.5.30729; .NET CLR 1.1.4322; .NET4.0C; .NET4.0E; OfficeLiveConnector.1.5; OfficeLivePatch.1.3)"
192.94.22.2 - - [09/Aug/2013:15:33:39 -0500] "GET /assets/images/btn_main_search_hover.png HTTP/1.1" 404 - "http://www.operationspokaneheroes.org/_inc/slide.php" "Mozilla/4.0 (compatible; MSIE 8.0; Windows NT 5.1; Trident/4.0; GTB7.5; .NET CLR 2.0.50727; .NET CLR 3.0.4506.2152; .NET CLR 3.5.30729; .NET CLR 1.1.4322; .NET4.0C; .NET4.0E; OfficeLiveConnector.1.5; OfficeLivePatch.1.3)"
192.94.22.2 - - [09/Aug/2013:15:33:39 -0500] "GET /assets/images/btn_top_search_hover.png HTTP/1.1" 404 - "http://www.operationspokaneheroes.org/_inc/slide.php" "Mozilla/4.0 (compatible; MSIE 8.0; Windows NT 5.1; Trident/4.0; GTB7.5; .NET CLR 2.0.50727; .NET CLR 3.0.4506.2152; .NET CLR 3.5.30729; .NET CLR 1.1.4322; .NET4.0C; .NET4.0E; OfficeLiveConnector.1.5; OfficeLivePatch.1.3)"
54.227.52.212 - - [09/Aug/2013:15:49:36 -0500] "GET / HTTP/1.0" 200 10635 "-" "Mozilla/5.0 (compatible; NetcraftSurveyAgent/1.0; +info@netcraft.com)"
54.227.52.212 - - [09/Aug/2013:15:49:49 -0500] "GET /_inc/slide.php HTTP/1.0" 200 3205 "-" "Mozilla/5.0 (compatible; NetcraftSurveyAgent/1.0; +info@netcraft.com)"
54.227.52.212 - - [09/Aug/2013:15:50:05 -0500] "GET /slider/index.html HTTP/1.0" 200 2952 "-" "Mozilla/5.0 (compatible; NetcraftSurveyAgent/1.0; +info@netcraft.com)"
50.30.43.157 - - [09/Aug/2013:15:56:35 -0500] "GET /favicon.ico HTTP/1.1" 404 - "http://www.facebook.com" "Mozilla/5.0 (Macintosh; U; Intel Mac OS X 10_6_7; en-US) AppleWebKit/534.16 (KHTML, like Gecko) Chrome/10.0.648.205 Safari/534.16"
50.30.43.157 - - [09/Aug/2013:15:56:35 -0500] "GET /favicon.png HTTP/1.1" 404 - "http://www.facebook.com" "Mozilla/5.0 (Macintosh; U; Intel Mac OS X 10_6_7; en-US) AppleWebKit/534.16 (KHTML, like Gecko) Chrome/10.0.648.205 Safari/534.16"
199.21.99.103 - - [09/Aug/2013:16:18:18 -0500] "GET /images/imagslider-5.png HTTP/1.1" 200 65260 "-" "Mozilla/5.0 (compatible; YandexImages/3.0; +http://yandex.com/bots)"
173.199.119.19 - - [09/Aug/2013:16:59:34 -0500] "GET /contact.php HTTP/1.1" 200 10519 "-" "Mozilla/5.0 (compatible; AhrefsBot/4.0; +http://ahrefs.com/robot/)"
173.199.119.19 - - [09/Aug/2013:17:11:13 -0500] "GET /aboutus.php HTTP/1.1" 200 11667 "-" "Mozilla/5.0 (compatible; AhrefsBot/4.0; +http://ahrefs.com/robot/)"
199.21.99.103 - - [09/Aug/2013:17:15:27 -0500] "GET /images/imagslider-1.png HTTP/1.1" 200 53651 "-" "Mozilla/5.0 (compatible; YandexImages/3.0; +http://yandex.com/bots)"
199.21.99.103 - - [09/Aug/2013:17:31:25 -0500] "GET /events/vet_picnic/images/6.jpg HTTP/1.1" 200 169784 "-" "Mozilla/5.0 (compatible; YandexImages/3.0; +http://yandex.com/bots)"
199.21.99.103 - - [09/Aug/2013:17:35:50 -0500] "GET /events/ermy_event/images/4.jpg HTTP/1.1" 200 94569 "-" "Mozilla/5.0 (compatible; YandexImages/3.0; +http://yandex.com/bots)"
173.199.119.19 - - [09/Aug/2013:17:41:15 -0500] "GET /donate.php HTTP/1.1" 200 11699 "-" "Mozilla/5.0 (compatible; AhrefsBot/4.0; +http://ahrefs.com/robot/)"
199.21.99.103 - - [09/Aug/2013:18:17:00 -0500] "GET /events/ermy_event/images/10.jpg HTTP/1.1" 200 123002 "-" "Mozilla/5.0 (compatible; YandexImages/3.0; +http://yandex.com/bots)"
199.21.99.103 - - [09/Aug/2013:18:26:07 -0500] "GET /images/slder2.png HTTP/1.1" 200 32853 "-" "Mozilla/5.0 (compatible; YandexImages/3.0; +http://yandex.com/bots)"
199.21.99.103 - - [09/Aug/2013:18:35:15 -0500] "GET /events/ermy_event/images/5.jpg HTTP/1.1" 200 97554 "-" "Mozilla/5.0 (compatible; YandexImages/3.0; +http://yandex.com/bots)"
199.21.99.103 - - [09/Aug/2013:19:13:06 -0500] "GET /events/ermy_event/images/9.jpg HTTP/1.1" 200 115800 "-" "Mozilla/5.0 (compatible; YandexImages/3.0; +http://yandex.com/bots)"
199.21.99.103 - - [09/Aug/2013:19:38:59 -0500] "GET /events/vet_picnic/images/1.jpg HTTP/1.1" 200 200220 "-" "Mozilla/5.0 (compatible; YandexImages/3.0; +http://yandex.com/bots)"
157.55.33.84 - - [09/Aug/2013:19:53:50 -0500] "GET /robots.txt HTTP/1.1" 404 - "-" "Mozilla/5.0 (compatible; bingbot/2.0; +http://www.bing.com/bingbot.htm)"
157.55.33.84 - - [09/Aug/2013:19:54:27 -0500] "GET /contact.php HTTP/1.1" 200 10519 "-" "Mozilla/5.0 (compatible; bingbot/2.0; +http://www.bing.com/bingbot.htm)"
202.46.57.85 - - [09/Aug/2013:20:15:52 -0500] "GET / HTTP/1.1" 200 10635 "-" "Mozilla/4.0 (compatible; MSIE 7.0; Windows NT 6.0)"
119.63.193.130 - - [09/Aug/2013:20:17:15 -0500] "GET / HTTP/1.1" 200 10635 "-" "Mozilla/4.0 (compatible; MSIE 7.0; Windows NT 6.0)"
199.21.99.103 - - [09/Aug/2013:20:32:31 -0500] "GET /robots.txt HTTP/1.1" 404 - "-" "Mozilla/5.0 (compatible; YandexBot/3.0; +http://yandex.com/bots)"
199.21.99.103 - - [09/Aug/2013:20:32:33 -0500] "GET /events/vet_picnic/images/3.jpg HTTP/1.1" 200 197588 "-" "Mozilla/5.0 (compatible; YandexImages/3.0; +http://yandex.com/bots)"
69.171.237.12 - - [09/Aug/2013:20:47:58 -0500] "GET /images/logo.png HTTP/1.1" 200 226129 "-" "facebookexternalhit/1.1 (+http://www.facebook.com/externalhit_uatext.php)"
199.21.99.103 - - [09/Aug/2013:20:56:01 -0500] "GET /events/ermy_event/images/8.jpg HTTP/1.1" 200 104457 "-" "Mozilla/5.0 (compatible; YandexImages/3.0; +http://yandex.com/bots)"
199.21.99.103 - - [09/Aug/2013:21:23:20 -0500] "GET /events/vet_picnic/images/2.jpg HTTP/1.1" 200 184758 "-" "Mozilla/5.0 (compatible; YandexImages/3.0; +http://yandex.com/bots)"
157.56.93.187 - - [09/Aug/2013:22:01:01 -0500] "GET /robots.txt HTTP/1.1" 404 - "-" "Mozilla/5.0 (compatible; bingbot/2.0; +http://www.bing.com/bingbot.htm)"
157.56.93.187 - - [09/Aug/2013:22:01:35 -0500] "GET /java_for_joes/index.html HTTP/1.1" 404 - "-" "Mozilla/5.0 (compatible; bingbot/2.0; +http://www.bing.com/bingbot.htm)"
199.21.99.103 - - [09/Aug/2013:22:26:51 -0500] "GET /events/ermy_event/images/6.jpg HTTP/1.1" 200 110464 "-" "Mozilla/5.0 (compatible; YandexImages/3.0; +http://yandex.com/bots)"
69.171.229.112 - - [09/Aug/2013:22:34:35 -0500] "GET /images/logo.png HTTP/1.1" 200 226129 "-" "facebookexternalhit/1.1 (+http://www.facebook.com/externalhit_uatext.php)"
157.55.35.41 - - [09/Aug/2013:22:35:36 -0500] "GET / HTTP/1.1" 200 10635 "-" "Mozilla/5.0 (compatible; bingbot/2.0; +http://www.bing.com/bingbot.htm)"
199.21.99.103 - - [09/Aug/2013:23:00:24 -0500] "GET /images/imagslider-5.png HTTP/1.1" 200 65260 "-" "Mozilla/5.0 (compatible; YandexImages/3.0; +http://yandex.com/bots)"
199.21.99.103 - - [10/Aug/2013:00:10:51 -0500] "GET /events/ermy_event/images/4.jpg HTTP/1.1" 200 94569 "-" "Mozilla/5.0 (compatible; YandexImages/3.0; +http://yandex.com/bots)"
199.21.99.103 - - [10/Aug/2013:00:26:38 -0500] "GET /events/vet_picnic/images/67.jpg HTTP/1.1" 404 - "-" "Mozilla/5.0 (compatible; YandexImages/3.0; +http://yandex.com/bots)"
66.249.75.210 - - [10/Aug/2013:00:47:43 -0500] "GET /aboutus.php HTTP/1.1" 200 11667 "-" "DoCoMo/2.0 N905i(c100;TB;W24H16) (compatible; Googlebot-Mobile/2.1; +http://www.google.com/bot.html)"
199.21.99.103 - - [10/Aug/2013:01:02:24 -0500] "GET /events/ermy_event/images/10.jpg HTTP/1.1" 200 123002 "-" "Mozilla/5.0 (compatible; YandexImages/3.0; +http://yandex.com/bots)"
157.55.35.41 - - [10/Aug/2013:01:18:55 -0500] "GET /robots.txt HTTP/1.1" 404 - "-" "Mozilla/5.0 (compatible; bingbot/2.0; +http://www.bing.com/bingbot.htm)"
157.55.35.41 - - [10/Aug/2013:01:20:42 -0500] "GET / HTTP/1.1" 200 10635 "-" "Mozilla/5.0 (compatible; bingbot/2.0; +http://www.bing.com/bingbot.htm)"
199.21.99.103 - - [10/Aug/2013:01:23:12 -0500] "GET /images/slder2.png HTTP/1.1" 200 32853 "-" "Mozilla/5.0 (compatible; YandexImages/3.0; +http://yandex.com/bots)"
199.21.99.103 - - [10/Aug/2013:01:30:48 -0500] "GET /events/vet_picnic/images/2.jpg HTTP/1.1" 200 184758 "-" "Mozilla/5.0 (compatible; YandexImages/3.0; +http://yandex.com/bots)"
199.21.99.103 - - [10/Aug/2013:01:56:45 -0500] "GET /events/ermy_event/images/8.jpg HTTP/1.1" 200 104457 "-" "Mozilla/5.0 (compatible; YandexImages/3.0; +http://yandex.com/bots)"
199.21.99.103 - - [10/Aug/2013:01:58:42 -0500] "GET /events/ermy_event/images/3.jpg HTTP/1.1" 200 101406 "-" "Mozilla/5.0 (compatible; YandexImages/3.0; +http://yandex.com/bots)"
199.21.99.103 - - [10/Aug/2013:01:59:40 -0500] "GET /images/imagslider-6.png HTTP/1.1" 200 37295 "-" "Mozilla/5.0 (compatible; YandexImages/3.0; +http://yandex.com/bots)"
199.21.99.103 - - [10/Aug/2013:02:11:15 -0500] "GET /events/vet_picnic/images/1.jpg HTTP/1.1" 200 200220 "-" "Mozilla/5.0 (compatible; YandexImages/3.0; +http://yandex.com/bots)"
75.101.198.27 - - [10/Aug/2013:02:31:02 -0500] "GET /robots.txt HTTP/1.0" 404 - "-" "Python-urllib/1.17"
75.101.198.27 - - [10/Aug/2013:02:31:02 -0500] "GET / HTTP/1.1" 200 10635 "-" "Mozilla/5.0 (compatible; MerchantCentricBot/1.0)"
199.21.99.103 - - [10/Aug/2013:02:51:06 -0500] "GET /events/ermy_event/images/5.jpg HTTP/1.1" 200 97554 "-" "Mozilla/5.0 (compatible; YandexImages/3.0; +http://yandex.com/bots)"
199.21.99.103 - - [10/Aug/2013:02:53:00 -0500] "GET /pdf/march_for_the%20_fallen.pdf HTTP/1.1" 200 1178567 "-" "Mozilla/5.0 (compatible; YandexBot/3.0; +http://yandex.com/bots)"
199.21.99.103 - - [10/Aug/2013:02:53:05 -0500] "GET /pdf/Operation%20Wings%20of%20Hope.pdf HTTP/1.1" 200 52094 "-" "Mozilla/5.0 (compatible; YandexBot/3.0; +http://yandex.com/bots)"
199.21.99.103 - - [10/Aug/2013:02:53:08 -0500] "GET /pdf/Survival%20Camp%202013%202%20pg%20flyer.pdf HTTP/1.1" 200 781521 "-" "Mozilla/5.0 (compatible; YandexBot/3.0; +http://yandex.com/bots)"
199.21.99.103 - - [10/Aug/2013:02:53:12 -0500] "GET /events/vet_picnic/images/6.jpg HTTP/1.1" 200 169784 "-" "Mozilla/5.0 (compatible; YandexImages/3.0; +http://yandex.com/bots)"
199.21.99.103 - - [10/Aug/2013:02:57:35 -0500] "GET /images/imagslider-1.png HTTP/1.1" 200 53651 "-" "Mozilla/5.0 (compatible; YandexImages/3.0; +http://yandex.com/bots)"
199.21.99.103 - - [10/Aug/2013:03:54:40 -0500] "GET /events/ermy_event/images/9.jpg HTTP/1.1" 200 115800 "-" "Mozilla/5.0 (compatible; YandexImages/3.0; +http://yandex.com/bots)"
173.199.119.19 - - [10/Aug/2013:04:40:35 -0500] "GET /events/ermy_event/ermy.html HTTP/1.1" 200 3507 "-" "Mozilla/5.0 (compatible; AhrefsBot/4.0; +http://ahrefs.com/robot/)"
173.199.119.19 - - [10/Aug/2013:04:44:21 -0500] "GET /join/ HTTP/1.1" 404 - "-" "Mozilla/5.0 (compatible; AhrefsBot/4.0; +http://ahrefs.com/robot/)"
157.56.93.187 - - [10/Aug/2013:04:49:16 -0500] "GET /robots.txt HTTP/1.1" 404 - "-" "Mozilla/5.0 (compatible; bingbot/2.0; +http://www.bing.com/bingbot.htm)"
157.56.93.187 - - [10/Aug/2013:04:55:41 -0500] "GET /java_for_joes/index.html HTTP/1.1" 404 - "-" "Mozilla/5.0 (compatible; bingbot/2.0; +http://www.bing.com/bingbot.htm)"
199.21.99.103 - - [10/Aug/2013:05:06:59 -0500] "GET /events/ermy_event/images/1.jpg HTTP/1.1" 200 104778 "-" "Mozilla/5.0 (compatible; YandexImages/3.0; +http://yandex.com/bots)"
199.21.99.103 - - [10/Aug/2013:05:15:24 -0500] "GET /events/ermy_event/images/7.jpg HTTP/1.1" 200 113303 "-" "Mozilla/5.0 (compatible; YandexImages/3.0; +http://yandex.com/bots)"
199.21.99.103 - - [10/Aug/2013:05:45:57 -0500] "GET /events/vet_picnic/images/4.jpg HTTP/1.1" 200 181214 "-" "Mozilla/5.0 (compatible; YandexImages/3.0; +http://yandex.com/bots)"
199.21.99.103 - - [10/Aug/2013:05:51:22 -0500] "GET /events/ermy_event/images/2.jpg HTTP/1.1" 200 114501 "-" "Mozilla/5.0 (compatible; YandexImages/3.0; +http://yandex.com/bots)"
173.199.119.19 - - [10/Aug/2013:05:54:04 -0500] "GET /donate.php HTTP/1.1" 200 11699 "-" "Mozilla/5.0 (compatible; AhrefsBot/4.0; +http://ahrefs.com/robot/)"
173.199.119.19 - - [10/Aug/2013:06:18:40 -0500] "GET / HTTP/1.1" 200 10635 "-" "Mozilla/5.0 (compatible; AhrefsBot/4.0; +http://ahrefs.com/robot/)"
173.199.119.19 - - [10/Aug/2013:06:49:12 -0500] "GET /events.php HTTP/1.1" 200 6407 "-" "Mozilla/5.0 (compatible; AhrefsBot/4.0; +http://ahrefs.com/robot/)"
173.199.119.19 - - [10/Aug/2013:07:04:01 -0500] "GET /events/vet_picnic/vet_picnic.html HTTP/1.1" 200 3163 "-" "Mozilla/5.0 (compatible; AhrefsBot/4.0; +http://ahrefs.com/robot/)"
199.21.99.103 - - [10/Aug/2013:07:17:22 -0500] "GET /events/vet_picnic/images/3.jpg HTTP/1.1" 200 197588 "-" "Mozilla/5.0 (compatible; YandexImages/3.0; +http://yandex.com/bots)"
199.21.99.103 - - [10/Aug/2013:07:20:12 -0500] "GET /events/vet_picnic/images/5.jpg HTTP/1.1" 200 197080 "-" "Mozilla/5.0 (compatible; YandexImages/3.0; +http://yandex.com/bots)"
157.55.32.49 - - [10/Aug/2013:07:45:58 -0500] "GET /robots.txt HTTP/1.1" 404 - "-" "Mozilla/5.0 (compatible; bingbot/2.0; +http://www.bing.com/bingbot.htm)"
157.55.32.49 - - [10/Aug/2013:07:46:32 -0500] "GET / HTTP/1.1" 200 10635 "-" "Mozilla/5.0 (compatible; bingbot/2.0; +http://www.bing.com/bingbot.htm)"
66.249.75.61 - - [10/Aug/2013:08:17:29 -0500] "GET /robots.txt HTTP/1.1" 404 - "-" "Mozilla/5.0 (compatible; Googlebot/2.1; +http://www.google.com/bot.html)"
66.249.75.61 - - [10/Aug/2013:08:17:29 -0500] "GET /events/ermy_event/ermy.html HTTP/1.1" 200 3507 "-" "Mozilla/5.0 (compatible; Googlebot/2.1; +http://www.google.com/bot.html)"
66.249.75.61 - - [10/Aug/2013:08:19:48 -0500] "GET /events/ermy_event/css/style.css HTTP/1.1" 200 1149 "http://www.operationspokaneheroes.org/events/ermy_event/ermy.html" "Mozilla/5.0 (compatible; Googlebot/2.1; +http://www.google.com/bot.html)"
173.199.119.19 - - [10/Aug/2013:08:43:28 -0500] "GET /events/carousel_11/carousel_11.html HTTP/1.1" 200 3712 "-" "Mozilla/5.0 (compatible; AhrefsBot/4.0; +http://ahrefs.com/robot/)"
98.247.88.78 - - [10/Aug/2013:09:35:43 -0500] "GET / HTTP/1.1" 200 10635 "http://www.google.com/url?sa=t&rct=j&q=operations%20spokane%20heroes&source=web&cd=1&ved=0CCoQFjAA&url=http%3A%2F%2Foperationspokaneheroes.org%2F&ei=vk8GUpH5BYXOyAHd8YHQAg&usg=AFQjCNGGuKExGUEgtWK2o7s2b3sBxGCH3Q&bvm=bv.50500085,d.aWc" "Mozilla/5.0 (Macintosh; Intel Mac OS X 10_8_3) AppleWebKit/536.28.10 (KHTML, like Gecko) Version/6.0.3 Safari/536.28.10"
98.247.88.78 - - [10/Aug/2013:09:35:43 -0500] "GET /css/footer.css HTTP/1.1" 200 752 "http://operationspokaneheroes.org/" "Mozilla/5.0 (Macintosh; Intel Mac OS X 10_8_3) AppleWebKit/536.28.10 (KHTML, like Gecko) Version/6.0.3 Safari/536.28.10"
98.247.88.78 - - [10/Aug/2013:09:35:43 -0500] "GET /slider/index.html HTTP/1.1" 200 2952 "http://operationspokaneheroes.org/" "Mozilla/5.0 (Macintosh; Intel Mac OS X 10_8_3) AppleWebKit/536.28.10 (KHTML, like Gecko) Version/6.0.3 Safari/536.28.10"
98.247.88.78 - - [10/Aug/2013:09:35:43 -0500] "GET /images/contacticon.png HTTP/1.1" 200 4499 "http://operationspokaneheroes.org/" "Mozilla/5.0 (Macintosh; Intel Mac OS X 10_8_3) AppleWebKit/536.28.10 (KHTML, like Gecko) Version/6.0.3 Safari/536.28.10"
98.247.88.78 - - [10/Aug/2013:09:35:43 -0500] "GET /_inc/slide.php HTTP/1.1" 200 3205 "http://operationspokaneheroes.org/" "Mozilla/5.0 (Macintosh; Intel Mac OS X 10_8_3) AppleWebKit/536.28.10 (KHTML, like Gecko) Version/6.0.3 Safari/536.28.10"
98.247.88.78 - - [10/Aug/2013:09:35:44 -0500] "GET /images/global.png HTTP/1.1" 200 5737 "http://operationspokaneheroes.org/" "Mozilla/5.0 (Macintosh; Intel Mac OS X 10_8_3) AppleWebKit/536.28.10 (KHTML, like Gecko) Version/6.0.3 Safari/536.28.10"
98.247.88.78 - - [10/Aug/2013:09:35:43 -0500] "GET /css/global.css HTTP/1.1" 200 13951 "http://operationspokaneheroes.org/" "Mozilla/5.0 (Macintosh; Intel Mac OS X 10_8_3) AppleWebKit/536.28.10 (KHTML, like Gecko) Version/6.0.3 Safari/536.28.10"
98.247.88.78 - - [10/Aug/2013:09:35:44 -0500] "GET /css/slide.css HTTP/1.1" 200 2869 "http://operationspokaneheroes.org/_inc/slide.php" "Mozilla/5.0 (Macintosh; Intel Mac OS X 10_8_3) AppleWebKit/536.28.10 (KHTML, like Gecko) Version/6.0.3 Safari/536.28.10"
98.247.88.78 - - [10/Aug/2013:09:35:44 -0500] "GET /images/facebook.png HTTP/1.1" 200 5004 "http://operationspokaneheroes.org/" "Mozilla/5.0 (Macintosh; Intel Mac OS X 10_8_3) AppleWebKit/536.28.10 (KHTML, like Gecko) Version/6.0.3 Safari/536.28.10"
98.247.88.78 - - [10/Aug/2013:09:35:44 -0500] "GET /css/style_global.css HTTP/1.1" 200 2621 "http://operationspokaneheroes.org/_inc/slide.php" "Mozilla/5.0 (Macintosh; Intel Mac OS X 10_8_3) AppleWebKit/536.28.10 (KHTML, like Gecko) Version/6.0.3 Safari/536.28.10"
98.247.88.78 - - [10/Aug/2013:09:35:44 -0500] "GET /slider/css/style.css HTTP/1.1" 200 1379 "http://operationspokaneheroes.org/slider/index.html" "Mozilla/5.0 (Macintosh; Intel Mac OS X 10_8_3) AppleWebKit/536.28.10 (KHTML, like Gecko) Version/6.0.3 Safari/536.28.10"
98.247.88.78 - - [10/Aug/2013:09:35:44 -0500] "GET /mainbk.png HTTP/1.1" 200 290 "http://operationspokaneheroes.org/" "Mozilla/5.0 (Macintosh; Intel Mac OS X 10_8_3) AppleWebKit/536.28.10 (KHTML, like Gecko) Version/6.0.3 Safari/536.28.10"
98.247.88.78 - - [10/Aug/2013:09:35:44 -0500] "GET /images/nav2.jpg HTTP/1.1" 200 4444 "http://operationspokaneheroes.org/" "Mozilla/5.0 (Macintosh; Intel Mac OS X 10_8_3) AppleWebKit/536.28.10 (KHTML, like Gecko) Version/6.0.3 Safari/536.28.10"
98.247.88.78 - - [10/Aug/2013:09:35:44 -0500] "GET /slider/js/startstop-slider.js HTTP/1.1" 200 1737 "http://operationspokaneheroes.org/slider/index.html" "Mozilla/5.0 (Macintosh; Intel Mac OS X 10_8_3) AppleWebKit/536.28.10 (KHTML, like Gecko) Version/6.0.3 Safari/536.28.10"
98.247.88.78 - - [10/Aug/2013:09:35:43 -0500] "GET /images/logo.png HTTP/1.1" 200 226129 "http://operationspokaneheroes.org/" "Mozilla/5.0 (Macintosh; Intel Mac OS X 10_8_3) AppleWebKit/536.28.10 (KHTML, like Gecko) Version/6.0.3 Safari/536.28.10"
98.247.88.78 - - [10/Aug/2013:09:35:44 -0500] "GET /slider/js/jquery-1.2.6.js HTTP/1.1" 200 100196 "http://operationspokaneheroes.org/slider/index.html" "Mozilla/5.0 (Macintosh; Intel Mac OS X 10_8_3) AppleWebKit/536.28.10 (KHTML, like Gecko) Version/6.0.3 Safari/536.28.10"
98.247.88.78 - - [10/Aug/2013:09:35:44 -0500] "GET /images/bg2.jpg HTTP/1.1" 200 55206 "http://operationspokaneheroes.org/" "Mozilla/5.0 (Macintosh; Intel Mac OS X 10_8_3) AppleWebKit/536.28.10 (KHTML, like Gecko) Version/6.0.3 Safari/536.28.10"
98.247.88.78 - - [10/Aug/2013:09:35:44 -0500] "GET /js/combined.js HTTP/1.1" 200 169946 "http://operationspokaneheroes.org/_inc/slide.php" "Mozilla/5.0 (Macintosh; Intel Mac OS X 10_8_3) AppleWebKit/536.28.10 (KHTML, like Gecko) Version/6.0.3 Safari/536.28.10"
98.247.88.78 - - [10/Aug/2013:09:35:44 -0500] "GET /images/imagslider-6.png HTTP/1.1" 200 37295 "http://operationspokaneheroes.org/slider/index.html" "Mozilla/5.0 (Macintosh; Intel Mac OS X 10_8_3) AppleWebKit/536.28.10 (KHTML, like Gecko) Version/6.0.3 Safari/536.28.10"
98.247.88.78 - - [10/Aug/2013:09:35:44 -0500] "GET /slider/images/slider-bg.jpg HTTP/1.1" 200 3447 "http://operationspokaneheroes.org/slider/index.html" "Mozilla/5.0 (Macintosh; Intel Mac OS X 10_8_3) AppleWebKit/536.28.10 (KHTML, like Gecko) Version/6.0.3 Safari/536.28.10"
98.247.88.78 - - [10/Aug/2013:09:35:44 -0500] "GET /images/slder2.png HTTP/1.1" 200 32853 "http://operationspokaneheroes.org/slider/index.html" "Mozilla/5.0 (Macintosh; Intel Mac OS X 10_8_3) AppleWebKit/536.28.10 (KHTML, like Gecko) Version/6.0.3 Safari/536.28.10"
98.247.88.78 - - [10/Aug/2013:09:35:44 -0500] "GET /images/imagslider-1.png HTTP/1.1" 200 53651 "http://operationspokaneheroes.org/slider/index.html" "Mozilla/5.0 (Macintosh; Intel Mac OS X 10_8_3) AppleWebKit/536.28.10 (KHTML, like Gecko) Version/6.0.3 Safari/536.28.10"
98.247.88.78 - - [10/Aug/2013:09:35:45 -0500] "GET /images/mission_statement_bg.png HTTP/1.1" 200 11413 "http://operationspokaneheroes.org/_inc/slide.php" "Mozilla/5.0 (Macintosh; Intel Mac OS X 10_8_3) AppleWebKit/536.28.10 (KHTML, like Gecko) Version/6.0.3 Safari/536.28.10"
98.247.88.78 - - [10/Aug/2013:09:35:45 -0500] "GET /images/we_believe.png HTTP/1.1" 200 1785 "http://operationspokaneheroes.org/_inc/slide.php" "Mozilla/5.0 (Macintosh; Intel Mac OS X 10_8_3) AppleWebKit/536.28.10 (KHTML, like Gecko) Version/6.0.3 Safari/536.28.10"
98.247.88.78 - - [10/Aug/2013:09:35:45 -0500] "GET /images/we_help.png HTTP/1.1" 200 1514 "http://operationspokaneheroes.org/_inc/slide.php" "Mozilla/5.0 (Macintosh; Intel Mac OS X 10_8_3) AppleWebKit/536.28.10 (KHTML, like Gecko) Version/6.0.3 Safari/536.28.10"
98.247.88.78 - - [10/Aug/2013:09:35:45 -0500] "GET /images/we_strive.png HTTP/1.1" 200 1981 "http://operationspokaneheroes.org/_inc/slide.php" "Mozilla/5.0 (Macintosh; Intel Mac OS X 10_8_3) AppleWebKit/536.28.10 (KHTML, like Gecko) Version/6.0.3 Safari/536.28.10"
98.247.88.78 - - [10/Aug/2013:09:35:45 -0500] "GET /images/we_need.png HTTP/1.1" 200 2138 "http://operationspokaneheroes.org/_inc/slide.php" "Mozilla/5.0 (Macintosh; Intel Mac OS X 10_8_3) AppleWebKit/536.28.10 (KHTML, like Gecko) Version/6.0.3 Safari/536.28.10"
98.247.88.78 - - [10/Aug/2013:09:35:44 -0500] "GET /images/imagslider-5.png HTTP/1.1" 200 65260 "http://operationspokaneheroes.org/slider/index.html" "Mozilla/5.0 (Macintosh; Intel Mac OS X 10_8_3) AppleWebKit/536.28.10 (KHTML, like Gecko) Version/6.0.3 Safari/536.28.10"
98.247.88.78 - - [10/Aug/2013:09:35:45 -0500] "GET /images/4.jpg HTTP/1.1" 200 186934 "http://operationspokaneheroes.org/_inc/slide.php" "Mozilla/5.0 (Macintosh; Intel Mac OS X 10_8_3) AppleWebKit/536.28.10 (KHTML, like Gecko) Version/6.0.3 Safari/536.28.10"
98.247.88.78 - - [10/Aug/2013:09:35:45 -0500] "GET /assets/images/btn_top_search_hover.png HTTP/1.1" 404 - "http://operationspokaneheroes.org/_inc/slide.php" "Mozilla/5.0 (Macintosh; Intel Mac OS X 10_8_3) AppleWebKit/536.28.10 (KHTML, like Gecko) Version/6.0.3 Safari/536.28.10"
98.247.88.78 - - [10/Aug/2013:09:35:45 -0500] "GET /assets/images/btn_main_search_hover.png HTTP/1.1" 404 - "http://operationspokaneheroes.org/_inc/slide.php" "Mozilla/5.0 (Macintosh; Intel Mac OS X 10_8_3) AppleWebKit/536.28.10 (KHTML, like Gecko) Version/6.0.3 Safari/536.28.10"
98.247.88.78 - - [10/Aug/2013:09:35:44 -0500] "GET /images/2.jpg HTTP/1.1" 200 170993 "http://operationspokaneheroes.org/_inc/slide.php" "Mozilla/5.0 (Macintosh; Intel Mac OS X 10_8_3) AppleWebKit/536.28.10 (KHTML, like Gecko) Version/6.0.3 Safari/536.28.10"
98.247.88.78 - - [10/Aug/2013:09:35:45 -0500] "GET /images/3.jpg HTTP/1.1" 200 240733 "http://operationspokaneheroes.org/_inc/slide.php" "Mozilla/5.0 (Macintosh; Intel Mac OS X 10_8_3) AppleWebKit/536.28.10 (KHTML, like Gecko) Version/6.0.3 Safari/536.28.10"
98.247.88.78 - - [10/Aug/2013:09:35:45 -0500] "GET /images/1.jpg HTTP/1.1" 200 142489 "http://operationspokaneheroes.org/_inc/slide.php" "Mozilla/5.0 (Macintosh; Intel Mac OS X 10_8_3) AppleWebKit/536.28.10 (KHTML, like Gecko) Version/6.0.3 Safari/536.28.10"
98.247.88.78 - - [10/Aug/2013:09:35:45 -0500] "GET /favicon.ico HTTP/1.1" 404 - "http://operationspokaneheroes.org/" "Mozilla/5.0 (Macintosh; Intel Mac OS X 10_8_3) AppleWebKit/536.28.10 (KHTML, like Gecko) Version/6.0.3 Safari/536.28.10"
66.249.75.210 - - [10/Aug/2013:10:10:35 -0500] "GET /robots.txt HTTP/1.1" 404 - "-" "Mozilla/5.0 (compatible; Googlebot/2.1; +http://www.google.com/bot.html)"
66.249.75.210 - - [10/Aug/2013:10:10:35 -0500] "GET /pdf/2013%20-%20Women%20Warriors%20and%20the%20Cowgirls%20Flyer.pdf HTTP/1.1" 304 - "-" "Mozilla/5.0 (iPhone; U; CPU iPhone OS 4_1 like Mac OS X; en-us) AppleWebKit/532.9 (KHTML, like Gecko) Version/4.0.5 Mobile/8B117 Safari/6531.22.7 (compatible; Googlebot-Mobile/2.1; +http://www.google.com/bot.html)"
173.199.119.19 - - [10/Aug/2013:11:33:51 -0500] "GET /events/ermy_event/ermy.html HTTP/1.1" 200 3507 "-" "Mozilla/5.0 (compatible; AhrefsBot/4.0; +http://ahrefs.com/robot/)"
157.55.32.49 - - [10/Aug/2013:12:02:27 -0500] "GET /robots.txt HTTP/1.1" 404 - "-" "Mozilla/5.0 (compatible; bingbot/2.0; +http://www.bing.com/bingbot.htm)"
157.55.32.49 - - [10/Aug/2013:12:04:21 -0500] "GET / HTTP/1.1" 200 10635 "-" "Mozilla/5.0 (compatible; bingbot/2.0; +http://www.bing.com/bingbot.htm)"
180.76.5.16 - - [10/Aug/2013:12:55:40 -0500] "GET / HTTP/1.1" 200 10635 "-" "Mozilla/5.0 (compatible; Baiduspider/2.0; +http://www.baidu.com/search/spider.html)"
180.76.5.107 - - [10/Aug/2013:13:10:39 -0500] "GET /js/cufon-yui.js HTTP/1.1" 200 18257 "-" "Mozilla/5.0 (compatible; Baiduspider/2.0; +http://www.baidu.com/search/spider.html)"
66.249.75.61 - - [10/Aug/2013:15:25:27 -0500] "GET /robots.txt HTTP/1.1" 404 - "-" "Mozilla/5.0 (compatible; Googlebot/2.1; +http://www.google.com/bot.html)"
66.249.75.61 - - [10/Aug/2013:15:25:27 -0500] "GET / HTTP/1.1" 200 10635 "-" "Mozilla/5.0 (compatible; Googlebot/2.1; +http://www.google.com/bot.html)"
66.249.75.61 - - [10/Aug/2013:15:28:12 -0500] "GET /css/footer.css HTTP/1.1" 200 752 "-" "Mozilla/5.0 (compatible; Googlebot/2.1; +http://www.google.com/bot.html)"
66.249.75.61 - - [10/Aug/2013:15:28:12 -0500] "GET /css/slide.css HTTP/1.1" 200 2869 "-" "Mozilla/5.0 (compatible; Googlebot/2.1; +http://www.google.com/bot.html)"
66.249.75.61 - - [10/Aug/2013:15:28:13 -0500] "GET /css/global.css HTTP/1.1" 200 13951 "-" "Mozilla/5.0 (compatible; Googlebot/2.1; +http://www.google.com/bot.html)"
