66.249.66.61 - - [01/Jan/2014:09:06:03 -0600] "GET /css/style_global.css HTTP/1.1" 200 2621 "-" "Mozilla/5.0 (compatible; Googlebot/2.1; +http://www.google.com/bot.html)"
65.55.24.245 - - [01/Jan/2014:09:08:24 -0600] "GET / HTTP/1.1" 200 10635 "-" "Mozilla/5.0 (compatible; bingbot/2.0; +http://www.bing.com/bingbot.htm)"
66.249.66.210 - - [01/Jan/2014:09:08:53 -0600] "GET /events/carousel_11/carousel_11.html HTTP/1.1" 200 3712 "-" "Mozilla/5.0 (compatible; Googlebot/2.1; +http://www.google.com/bot.html)"
66.249.66.210 - - [01/Jan/2014:09:15:41 -0600] "GET /events/carousel_11/css/style.css HTTP/1.1" 200 1149 "-" "Mozilla/5.0 (compatible; Googlebot/2.1; +http://www.google.com/bot.html)"
66.249.66.210 - - [01/Jan/2014:09:16:16 -0600] "GET /events/carousel_11/js/jquery.movingboxes.min.js HTTP/1.1" 200 4663 "-" "Mozilla/5.0 (compatible; Googlebot/2.1; +http://www.google.com/bot.html)"
180.76.6.140 - - [01/Jan/2014:09:17:58 -0600] "GET /pdf/11x17%20Pennant%20Run%20Poster.pdf HTTP/1.1" 200 3075560 "-" "Mozilla/5.0 (compatible; Baiduspider/2.0; +http://www.baidu.com/search/spider.html)"
180.76.6.144 - - [01/Jan/2014:09:32:58 -0600] "GET /css/compact_style.css HTTP/1.1" 200 4934 "-" "Mozilla/5.0 (compatible; Baiduspider/2.0; +http://www.baidu.com/search/spider.html)"
185.10.104.194 - - [01/Jan/2014:09:47:59 -0600] "GET /pdf/Survival%20Camp%202013%202%20pg%20flyer.pdf HTTP/1.1" 200 781521 "-" "Mozilla/5.0 (compatible; Baiduspider/2.0; +http://www.baidu.com/search/spider.html)"
66.249.66.210 - - [01/Jan/2014:09:57:19 -0600] "GET /contact.php HTTP/1.1" 200 10519 "-" "Mozilla/5.0 (iPhone; CPU iPhone OS 6_0 like Mac OS X) AppleWebKit/536.26 (KHTML, like Gecko) Version/6.0 Mobile/10A5376e Safari/8536.25 (compatible; Googlebot-Mobile/2.1; +http://www.google.com/bot.html)"
180.76.5.151 - - [01/Jan/2014:10:02:58 -0600] "GET /css/slide.css HTTP/1.1" 200 2869 "-" "Mozilla/5.0 (compatible; Baiduspider/2.0; +http://www.baidu.com/search/spider.html)"
66.249.66.61 - - [01/Jan/2014:10:08:06 -0600] "GET /aboutus.php HTTP/1.1" 200 11667 "-" "Mozilla/5.0 (iPhone; CPU iPhone OS 6_0 like Mac OS X) AppleWebKit/536.26 (KHTML, like Gecko) Version/6.0 Mobile/10A5376e Safari/8536.25 (compatible; Googlebot-Mobile/2.1; +http://www.google.com/bot.html)"
66.249.66.61 - - [01/Jan/2014:10:13:30 -0600] "GET /donate.php HTTP/1.1" 200 11699 "-" "Mozilla/5.0 (iPhone; CPU iPhone OS 6_0 like Mac OS X) AppleWebKit/536.26 (KHTML, like Gecko) Version/6.0 Mobile/10A5376e Safari/8536.25 (compatible; Googlebot-Mobile/2.1; +http://www.google.com/bot.html)"
66.249.66.210 - - [01/Jan/2014:10:16:18 -0600] "GET /_inc/contact.php HTTP/1.1" 200 756 "-" "Mozilla/5.0 (compatible; Googlebot/2.1; +http://www.google.com/bot.html)"
65.55.24.245 - - [01/Jan/2014:10:47:52 -0600] "GET /robots.txt HTTP/1.1" 404 - "-" "Mozilla/5.0 (compatible; bingbot/2.0; +http://www.bing.com/bingbot.htm)"
65.55.24.245 - - [01/Jan/2014:10:51:32 -0600] "GET / HTTP/1.1" 200 10635 "-" "Mozilla/5.0 (compatible; bingbot/2.0; +http://www.bing.com/bingbot.htm)"
216.152.243.214 - - [01/Jan/2014:11:04:36 -0600] "GET /aboutus.php HTTP/1.1" 200 11667 "-" "Mozilla/4.0 (compatible; MSIE 6.0; Windows NT 5.1; SV1; Mozilla/4.0 (compatible; MSIE 6.0; Windows NT 5.1; SV1) ; .NET CLR 2.0.50727 ; .NET CLR 4.0.30319)"
208.115.111.70 - - [01/Jan/2014:11:23:05 -0600] "GET /robots.txt HTTP/1.1" 404 - "-" "Mozilla/5.0 (compatible; Ezooms/1.0; help@moz.com)"
180.76.6.144 - - [01/Jan/2014:11:38:34 -0600] "GET /pdf/Veterans%20Resource%20Fair.pdf HTTP/1.1" 200 390899 "-" "Mozilla/5.0 (compatible; Baiduspider/2.0; +http://www.baidu.com/search/spider.html)"
46.229.160.208 - - [01/Jan/2014:13:10:25 -0600] "GET /pdf/2013%20Salute%20Armed%20Forces.pdf HTTP/1.1" 200 1749455 "-" "Mozilla/4.0 (compatible; MSIE 6.0; Windows NT 5.1; SV1; .NET CLR 1.1.4322)"
208.115.113.86 - - [01/Jan/2014:13:18:04 -0600] "GET /robots.txt HTTP/1.1" 404 - "-" "Mozilla/5.0 (compatible; Ezooms/1.0; help@moz.com)"
199.30.20.62 - - [01/Jan/2014:13:58:49 -0600] "GET /robots.txt HTTP/1.1" 404 - "-" "msnbot-media/1.1 (+http://search.msn.com/msnbot.htm)"
199.30.20.62 - - [01/Jan/2014:13:58:49 -0600] "GET /images/facebook.png HTTP/1.1" 200 5004 "-" "msnbot-media/1.1 (+http://search.msn.com/msnbot.htm)"
208.115.113.86 - - [01/Jan/2014:14:25:01 -0600] "GET /business.php HTTP/1.1" 200 10813 "-" "Mozilla/5.0 (compatible; Ezooms/1.0; help@moz.com)"
216.152.243.214 - - [01/Jan/2014:15:22:02 -0600] "GET /aboutus.php HTTP/1.1" 200 11667 "-" "Mozilla/4.0 (compatible; MSIE 6.0; Windows NT 5.1; SV1)"
157.56.229.247 - - [01/Jan/2014:15:27:34 -0600] "GET /robots.txt HTTP/1.1" 404 - "-" "Mozilla/5.0 (compatible; bingbot/2.0; +http://www.bing.com/bingbot.htm)"
157.56.229.247 - - [01/Jan/2014:15:30:50 -0600] "GET /java_for_joes/index.html HTTP/1.1" 404 - "-" "Mozilla/5.0 (compatible; bingbot/2.0; +http://www.bing.com/bingbot.htm)"
66.249.66.61 - - [01/Jan/2014:15:32:59 -0600] "GET /events.php HTTP/1.1" 200 6407 "-" "Mozilla/5.0 (iPhone; CPU iPhone OS 6_0 like Mac OS X) AppleWebKit/536.26 (KHTML, like Gecko) Version/6.0 Mobile/10A5376e Safari/8536.25 (compatible; Googlebot-Mobile/2.1; +http://www.google.com/bot.html)"
66.249.66.61 - - [01/Jan/2014:15:33:42 -0600] "GET /events/carousel_11/css/style.css HTTP/1.1" 200 1149 "-" "Mozilla/5.0 (compatible; Googlebot/2.1; +http://www.google.com/bot.html)"
66.249.66.61 - - [01/Jan/2014:15:33:43 -0600] "GET /events/ermy_event/css/style.css HTTP/1.1" 200 1149 "-" "Mozilla/5.0 (compatible; Googlebot/2.1; +http://www.google.com/bot.html)"
66.249.66.61 - - [01/Jan/2014:15:33:45 -0600] "GET /events/vet_picnic/css/style.css HTTP/1.1" 200 1149 "-" "Mozilla/5.0 (compatible; Googlebot/2.1; +http://www.google.com/bot.html)"
66.249.66.210 - - [01/Jan/2014:15:41:18 -0600] "GET /pdf/Hiring%20Our%20Heroes%20Sept%202013%20Career%20Fair%20Flyer.pdf HTTP/1.1" 304 - "-" "Mozilla/5.0 (iPhone; CPU iPhone OS 6_0 like Mac OS X) AppleWebKit/536.26 (KHTML, like Gecko) Version/6.0 Mobile/10A5376e Safari/8536.25 (compatible; Googlebot-Mobile/2.1; +http://www.google.com/bot.html)"
180.76.6.130 - - [01/Jan/2014:15:52:15 -0600] "GET /pdf/Operation%20Wings%20of%20Hope.pdf HTTP/1.1" 200 52094 "-" "Mozilla/5.0 (Windows NT 5.1; rv:6.0.2) Gecko/20100101 Firefox/6.0.2"
208.115.113.86 - - [01/Jan/2014:17:19:36 -0600] "GET /robots.txt HTTP/1.1" 404 - "-" "Mozilla/5.0 (compatible; Ezooms/1.0; help@moz.com)"
208.115.113.86 - - [01/Jan/2014:18:28:41 -0600] "GET /freedom.php HTTP/1.1" 200 11227 "-" "Mozilla/5.0 (compatible; Ezooms/1.0; help@moz.com)"
66.249.66.210 - - [01/Jan/2014:18:57:33 -0600] "GET /java_for_joes/index.html HTTP/1.1" 404 - "-" "Mozilla/5.0 (compatible; Googlebot/2.1; +http://www.google.com/bot.html)"
65.55.215.54 - - [01/Jan/2014:20:55:42 -0600] "GET /robots.txt HTTP/1.1" 404 - "-" "msnbot-media/1.1 (+http://search.msn.com/msnbot.htm)"
65.55.215.54 - - [01/Jan/2014:20:55:42 -0600] "GET /images/contacticon.png HTTP/1.1" 200 4499 "-" "msnbot-media/1.1 (+http://search.msn.com/msnbot.htm)"
180.76.6.50 - - [01/Jan/2014:21:31:23 -0600] "GET /events/ermy_event/css/style.css HTTP/1.1" 200 1149 "-" "Mozilla/5.0 (compatible; Baiduspider/2.0; +http://www.baidu.com/search/spider.html)"
65.55.24.245 - - [01/Jan/2014:22:16:30 -0600] "GET /robots.txt HTTP/1.1" 404 - "-" "Mozilla/5.0 (compatible; bingbot/2.0; +http://www.bing.com/bingbot.htm)"
65.55.24.245 - - [01/Jan/2014:22:16:59 -0600] "GET / HTTP/1.1" 200 10635 "-" "Mozilla/5.0 (compatible; bingbot/2.0; +http://www.bing.com/bingbot.htm)"
157.55.33.214 - - [01/Jan/2014:23:15:35 -0600] "GET /java_for_joes/index.html HTTP/1.1" 404 - "-" "Mozilla/5.0 (compatible; bingbot/2.0; +http://www.bing.com/bingbot.htm)"
66.249.66.210 - - [02/Jan/2014:00:58:21 -0600] "GET /robots.txt HTTP/1.1" 404 - "-" "Mozilla/5.0 (compatible; Googlebot/2.1; +http://www.google.com/bot.html)"
66.249.66.210 - - [02/Jan/2014:00:58:21 -0600] "GET / HTTP/1.1" 200 10635 "-" "DoCoMo/2.0 N905i(c100;TB;W24H16) (compatible; Googlebot-Mobile/2.1; +http://www.google.com/bot.html)"
208.115.113.86 - - [02/Jan/2014:01:13:40 -0600] "GET /robots.txt HTTP/1.1" 404 - "-" "Mozilla/5.0 (compatible; Ezooms/1.0; help@moz.com)"
180.76.6.232 - - [02/Jan/2014:02:27:30 -0600] "GET /pdf/REVISION2%20Military%20Kids%20Camp%202012%20(2).pdf HTTP/1.1" 200 1691328 "-" "Mozilla/5.0 (compatible; Baiduspider/2.0; +http://www.baidu.com/search/spider.html)"
66.249.66.210 - - [02/Jan/2014:03:24:04 -0600] "GET /business.php HTTP/1.1" 200 10813 "-" "Mozilla/5.0 (iPhone; CPU iPhone OS 6_0 like Mac OS X) AppleWebKit/536.26 (KHTML, like Gecko) Version/6.0 Mobile/10A5376e Safari/8536.25 (compatible; Googlebot-Mobile/2.1; +http://www.google.com/bot.html)"
162.243.100.221 - - [02/Jan/2014:04:28:46 -0600] "GET / HTTP/1.1" 200 10635 "-" "Wget/1.13.4 (linux-gnu)"
65.55.24.245 - - [02/Jan/2014:07:33:21 -0600] "GET /robots.txt HTTP/1.1" 404 - "-" "Mozilla/5.0 (compatible; bingbot/2.0; +http://www.bing.com/bingbot.htm)"
65.55.24.245 - - [02/Jan/2014:07:36:02 -0600] "GET / HTTP/1.1" 200 10635 "-" "Mozilla/5.0 (compatible; bingbot/2.0; +http://www.bing.com/bingbot.htm)"
65.55.24.245 - - [02/Jan/2014:09:19:11 -0600] "GET /robots.txt HTTP/1.1" 404 - "-" "Mozilla/5.0 (compatible; bingbot/2.0; +http://www.bing.com/bingbot.htm)"
65.55.24.245 - - [02/Jan/2014:09:19:59 -0600] "GET / HTTP/1.1" 200 10635 "-" "Mozilla/5.0 (compatible; bingbot/2.0; +http://www.bing.com/bingbot.htm)"
65.55.24.245 - - [02/Jan/2014:09:22:39 -0600] "GET /robots.txt HTTP/1.1" 404 - "-" "Mozilla/5.0 (compatible; bingbot/2.0; +http://www.bing.com/bingbot.htm)"
65.55.24.245 - - [02/Jan/2014:09:24:01 -0600] "GET / HTTP/1.1" 200 10635 "-" "Mozilla/5.0 (compatible; bingbot/2.0; +http://www.bing.com/bingbot.htm)"
66.249.73.216 - - [02/Jan/2014:09:43:33 -0600] "GET /robots.txt HTTP/1.1" 404 - "-" "Mozilla/5.0 (compatible; Googlebot/2.1; +http://www.google.com/bot.html)"
66.249.73.216 - - [02/Jan/2014:09:43:34 -0600] "GET / HTTP/1.1" 200 10635 "-" "Mozilla/5.0 (compatible; Googlebot/2.1; +http://www.google.com/bot.html)"
66.249.73.216 - - [02/Jan/2014:09:49:28 -0600] "GET /slider/css/style.css HTTP/1.1" 200 1379 "-" "Mozilla/5.0 (compatible; Googlebot/2.1; +http://www.google.com/bot.html)"
66.249.73.216 - - [02/Jan/2014:11:10:54 -0600] "GET /css/global.css HTTP/1.1" 200 13951 "-" "Mozilla/5.0 (compatible; Googlebot/2.1; +http://www.google.com/bot.html)"
66.249.73.216 - - [02/Jan/2014:11:16:13 -0600] "GET /css/style_global.css HTTP/1.1" 200 2621 "-" "Mozilla/5.0 (compatible; Googlebot/2.1; +http://www.google.com/bot.html)"
66.249.73.216 - - [02/Jan/2014:11:26:16 -0600] "GET /css/slide.css HTTP/1.1" 200 2869 "-" "Mozilla/5.0 (compatible; Googlebot/2.1; +http://www.google.com/bot.html)"
66.249.73.216 - - [02/Jan/2014:11:28:20 -0600] "GET /css/footer.css HTTP/1.1" 200 752 "-" "Mozilla/5.0 (compatible; Googlebot/2.1; +http://www.google.com/bot.html)"
66.249.73.216 - - [02/Jan/2014:12:05:42 -0600] "GET /pdf/Hiring%20Our%20Heroes%20Sept%202013%20Career%20Fair%20Flyer.pdf HTTP/1.1" 304 - "-" "Mozilla/5.0 (compatible; Googlebot/2.1; +http://www.google.com/bot.html)"
178.154.243.83 - - [02/Jan/2014:12:34:40 -0600] "GET /robots.txt HTTP/1.1" 404 - "-" "Mozilla/5.0 (compatible; YandexImages/3.0; +http://yandex.com/bots)"
66.249.73.216 - - [02/Jan/2014:12:47:32 -0600] "GET /pdf/Holiday%20Navy%20Care%20Packages%20Media%20Advisory.pdf HTTP/1.1" 200 100101 "-" "Googlebot/2.1 (+http://www.google.com/bot.html)"
178.154.243.83 - - [02/Jan/2014:13:18:34 -0600] "GET /images/facebook.png HTTP/1.1" 200 5004 "-" "Mozilla/5.0 (compatible; YandexImages/3.0; +http://yandex.com/bots)"
84.19.190.38 - - [02/Jan/2014:13:50:13 -0600] "GET /robots.txt HTTP/1.1" 404 - "-" "Mozilla/5.0 (compatible; UnisterBot; crawler@unister.de)"
84.19.190.38 - - [02/Jan/2014:13:50:14 -0600] "GET / HTTP/1.1" 200 10635 "-" "Mozilla/5.0 (compatible; UnisterBot; crawler@unister.de)"
178.154.243.83 - - [02/Jan/2014:14:02:28 -0600] "GET /images/global.png HTTP/1.1" 200 5737 "-" "Mozilla/5.0 (compatible; YandexImages/3.0; +http://yandex.com/bots)"
66.249.73.53 - - [02/Jan/2014:14:15:44 -0600] "GET /robots.txt HTTP/1.1" 404 - "-" "Mozilla/5.0 (compatible; Googlebot/2.1; +http://www.google.com/bot.html)"
66.249.73.53 - - [02/Jan/2014:14:15:45 -0600] "GET / HTTP/1.1" 200 10635 "-" "Mozilla/5.0 (compatible; Googlebot/2.1; +http://www.google.com/bot.html)"
180.76.6.158 - - [02/Jan/2014:14:39:33 -0600] "GET /pdf/Spokane%20Indians%20Pennant%20poster-color%20copy.pdf HTTP/1.1" 200 1793914 "-" "Mozilla/5.0 (Windows NT 5.1; rv:6.0.2) Gecko/20100101 Firefox/6.0.2"
178.154.243.83 - - [02/Jan/2014:15:01:19 -0600] "GET /images/contacticon.png HTTP/1.1" 200 4499 "-" "Mozilla/5.0 (compatible; YandexImages/3.0; +http://yandex.com/bots)"
178.154.243.83 - - [02/Jan/2014:15:02:20 -0600] "GET /images/slder2.png HTTP/1.1" 304 - "-" "Mozilla/5.0 (compatible; YandexImages/3.0; +http://yandex.com/bots)"
208.115.111.70 - - [02/Jan/2014:15:09:19 -0600] "GET /robots.txt HTTP/1.1" 404 - "-" "Mozilla/5.0 (compatible; Ezooms/1.0; help@moz.com)"
208.115.111.70 - - [02/Jan/2014:15:21:53 -0600] "GET /aboutus.php HTTP/1.1" 200 11667 "-" "Mozilla/5.0 (compatible; Ezooms/1.0; help@moz.com)"
66.249.73.53 - - [02/Jan/2014:15:40:44 -0600] "GET /slider/css/style.css HTTP/1.1" 200 1379 "-" "Mozilla/5.0 (compatible; Googlebot/2.1; +http://www.google.com/bot.html)"
66.249.73.53 - - [02/Jan/2014:16:03:12 -0600] "GET /css/footer.css HTTP/1.1" 200 752 "-" "Mozilla/5.0 (compatible; Googlebot/2.1; +http://www.google.com/bot.html)"
66.249.73.53 - - [02/Jan/2014:16:04:52 -0600] "GET /css/style_global.css HTTP/1.1" 200 2621 "-" "Mozilla/5.0 (compatible; Googlebot/2.1; +http://www.google.com/bot.html)"
66.249.73.53 - - [02/Jan/2014:16:07:20 -0600] "GET /css/slide.css HTTP/1.1" 200 2869 "-" "Mozilla/5.0 (compatible; Googlebot/2.1; +http://www.google.com/bot.html)"
66.249.73.53 - - [02/Jan/2014:16:26:59 -0600] "GET /css/global.css HTTP/1.1" 200 13951 "-" "Mozilla/5.0 (compatible; Googlebot/2.1; +http://www.google.com/bot.html)"
66.249.73.53 - - [02/Jan/2014:16:37:25 -0600] "GET / HTTP/1.1" 200 10635 "-" "Mozilla/5.0 (iPhone; CPU iPhone OS 6_0 like Mac OS X) AppleWebKit/536.26 (KHTML, like Gecko) Version/6.0 Mobile/10A5376e Safari/8536.25 (compatible; Googlebot-Mobile/2.1; +http://www.google.com/bot.html)"
66.249.73.216 - - [02/Jan/2014:16:42:31 -0600] "GET / HTTP/1.1" 200 10635 "-" "Mozilla/5.0 (iPhone; CPU iPhone OS 6_0 like Mac OS X) AppleWebKit/536.26 (KHTML, like Gecko) Version/6.0 Mobile/10A5376e Safari/8536.25 (compatible; Googlebot-Mobile/2.1; +http://www.google.com/bot.html)"
66.249.73.53 - - [02/Jan/2014:16:44:44 -0600] "GET /slider/index.html HTTP/1.1" 200 2900 "-" "Mozilla/5.0 (compatible; Googlebot/2.1; +http://www.google.com/bot.html)"
66.249.73.53 - - [02/Jan/2014:17:10:45 -0600] "GET / HTTP/1.1" 200 10635 "-" "SAMSUNG-SGH-E250/1.0 Profile/MIDP-2.0 Configuration/CLDC-1.1 UP.Browser/6.2.3.3.c.1.101 (GUI) MMP/2.0 (compatible; Googlebot-Mobile/2.1; +http://www.google.com/bot.html)"
199.30.20.35 - - [02/Jan/2014:17:25:34 -0600] "GET /robots.txt HTTP/1.1" 404 - "-" "msnbot-media/1.1 (+http://search.msn.com/msnbot.htm)"
199.30.20.35 - - [02/Jan/2014:17:25:34 -0600] "GET /images/2_big.gif HTTP/1.1" 200 15437 "-" "msnbot-media/1.1 (+http://search.msn.com/msnbot.htm)"
66.249.73.216 - - [02/Jan/2014:17:38:42 -0600] "GET /_inc/contact.php HTTP/1.1" 200 756 "-" "Mozilla/5.0 (iPhone; CPU iPhone OS 6_0 like Mac OS X) AppleWebKit/536.26 (KHTML, like Gecko) Version/6.0 Mobile/10A5376e Safari/8536.25 (compatible; Googlebot-Mobile/2.1; +http://www.google.com/bot.html)"
66.249.73.216 - - [02/Jan/2014:17:43:54 -0600] "GET /css/contact_style.css HTTP/1.1" 200 843 "-" "Mozilla/5.0 (compatible; Googlebot/2.1; +http://www.google.com/bot.html)"
66.249.73.216 - - [02/Jan/2014:17:45:14 -0600] "GET / HTTP/1.1" 200 10635 "-" "SAMSUNG-SGH-E250/1.0 Profile/MIDP-2.0 Configuration/CLDC-1.1 UP.Browser/6.2.3.3.c.1.101 (GUI) MMP/2.0 (compatible; Googlebot-Mobile/2.1; +http://www.google.com/bot.html)"
149.210.156.138 - - [02/Jan/2014:18:03:12 -0600] "GET /java_for_joes/index.html HTTP/1.1" 404 - "-" "Mozilla/5.0 (X11; Ubuntu; Linux x86_64; rv:20.0) Gecko/20100101 Firefox/20.0"
216.152.243.214 - - [02/Jan/2014:18:25:09 -0600] "GET /aboutus.php HTTP/1.1" 200 11667 "-" "Mozilla/4.0 (compatible; MSIE 6.0; Windows NT 5.1; SV1)"
216.152.243.214 - - [02/Jan/2014:18:25:11 -0600] "POST /aboutus.php/trackback/ HTTP/1.1" 200 11667 "http://operationspokaneheroes.org/aboutus.php" "Mozilla/4.0 (compatible; MSIE 6.0; Windows NT 5.1)"
65.55.24.245 - - [02/Jan/2014:18:57:32 -0600] "GET /robots.txt HTTP/1.1" 404 - "-" "Mozilla/5.0 (compatible; bingbot/2.0; +http://www.bing.com/bingbot.htm)"
65.55.24.245 - - [02/Jan/2014:18:59:15 -0600] "GET / HTTP/1.1" 200 10635 "-" "Mozilla/5.0 (compatible; bingbot/2.0; +http://www.bing.com/bingbot.htm)"
180.76.6.54 - - [02/Jan/2014:20:09:51 -0600] "GET /java_for_joes/index.html HTTP/1.1" 404 - "-" "Mozilla/5.0 (compatible; Baiduspider/2.0; +http://www.baidu.com/search/spider.html)"
202.46.61.106 - - [02/Jan/2014:20:24:51 -0600] "GET /java_for_joes/index.html HTTP/1.1" 404 - "-" "Mozilla/5.0 (Windows NT 6.1; WOW64; rv:22.0) Gecko/20100101 Firefox/22.0"
199.21.99.103 - - [02/Jan/2014:20:28:38 -0600] "GET /robots.txt HTTP/1.1" 404 - "-" "Mozilla/5.0 (compatible; YandexBot/3.0; +http://yandex.com/bots)"
199.21.99.103 - - [02/Jan/2014:20:28:40 -0600] "GET /robots.txt HTTP/1.1" 404 - "-" "Mozilla/5.0 (compatible; YandexBot/3.0; +http://yandex.com/bots)"
199.21.99.103 - - [02/Jan/2014:20:28:41 -0600] "GET / HTTP/1.1" 200 10635 "-" "Mozilla/5.0 (compatible; YandexBot/3.0; +http://yandex.com/bots)"
199.21.99.103 - - [02/Jan/2014:20:28:46 -0600] "GET / HTTP/1.1" 200 10635 "-" "Mozilla/5.0 (compatible; YandexBot/3.0; +http://yandex.com/bots)"
199.21.99.103 - - [02/Jan/2014:20:28:43 -0600] "GET / HTTP/1.1" 200 10635 "-" "Mozilla/5.0 (compatible; YandexBot/3.0; +http://yandex.com/bots)"
199.21.99.103 - - [02/Jan/2014:20:28:58 -0600] "GET / HTTP/1.1" 200 10635 "-" "Mozilla/5.0 (compatible; YandexBot/3.0; +http://yandex.com/bots)"
185.10.104.194 - - [02/Jan/2014:20:39:52 -0600] "GET /java_for_joes/index.html HTTP/1.1" 404 - "-" "Mozilla/5.0 (Windows NT 6.1; WOW64; rv:22.0) Gecko/20100101 Firefox/22.0"
74.208.5.52 - - [02/Jan/2014:20:43:10 -0600] "GET / HTTP/1.1" 200 10635 "" "Mozilla/5.0 (Windows NT 6.1; WOW64; rv:14.0) Gecko/20100101 Firefox/14.0.1"
74.208.5.52 - - [02/Jan/2014:20:43:12 -0600] "GET / HTTP/1.1" 200 10635 "-" "spider"
65.55.24.245 - - [02/Jan/2014:20:50:15 -0600] "GET /robots.txt HTTP/1.1" 404 - "-" "Mozilla/5.0 (compatible; bingbot/2.0; +http://www.bing.com/bingbot.htm)"
65.55.24.245 - - [02/Jan/2014:21:07:59 -0600] "GET / HTTP/1.1" 200 10635 "-" "Mozilla/5.0 (compatible; bingbot/2.0; +http://www.bing.com/bingbot.htm)"
65.55.52.88 - - [02/Jan/2014:22:50:52 -0600] "GET /robots.txt HTTP/1.1" 404 - "-" "Mozilla/5.0 (compatible; bingbot/2.0; +http://www.bing.com/bingbot.htm)"
65.55.52.88 - - [02/Jan/2014:22:55:23 -0600] "GET /donate.php HTTP/1.1" 200 11699 "-" "Mozilla/5.0 (compatible; bingbot/2.0; +http://www.bing.com/bingbot.htm)"
66.249.73.216 - - [03/Jan/2014:00:27:49 -0600] "GET /robots.txt HTTP/1.1" 404 - "-" "Mozilla/5.0 (compatible; Googlebot/2.1; +http://www.google.com/bot.html)"
66.249.73.216 - - [03/Jan/2014:00:27:50 -0600] "GET /pdf/2013%20-%20Women%20Warriors%20and%20the%20Cowgirls%20Flyer.pdf HTTP/1.1" 304 - "-" "Mozilla/5.0 (iPhone; CPU iPhone OS 6_0 like Mac OS X) AppleWebKit/536.26 (KHTML, like Gecko) Version/6.0 Mobile/10A5376e Safari/8536.25 (compatible; Googlebot-Mobile/2.1; +http://www.google.com/bot.html)"
180.76.5.60 - - [03/Jan/2014:01:05:04 -0600] "GET /pdf/Spokane%20Indians%20Pennant%20poster-color%20copy.pdf HTTP/1.1" 200 1793914 "-" "Mozilla/5.0 (compatible; Baiduspider/2.0; +http://www.baidu.com/search/spider.html)"
66.249.73.216 - - [03/Jan/2014:01:54:04 -0600] "GET /resources.php HTTP/1.1" 200 10398 "-" "Mozilla/5.0 (compatible; Googlebot/2.1; +http://www.google.com/bot.html)"
180.76.5.61 - - [03/Jan/2014:02:09:17 -0600] "GET /pdf/Survival%20Camp%202013%202%20pg%20flyer.pdf HTTP/1.1" 200 781521 "-" "Mozilla/5.0 (compatible; Baiduspider/2.0; +http://www.baidu.com/search/spider.html)"
66.249.73.216 - - [03/Jan/2014:02:27:15 -0600] "GET /pdf/2010_Top100_Military_Friendly_Employers.pdf HTTP/1.1" 200 711726 "-" "Mozilla/5.0 (compatible; Googlebot/2.1; +http://www.google.com/bot.html)"
66.249.73.216 - - [03/Jan/2014:02:45:28 -0600] "GET /pdf/174%20Stores%20and%20Business%20Offering%20Military%20Discounts1.pdf HTTP/1.1" 200 122888 "-" "Mozilla/5.0 (compatible; Googlebot/2.1; +http://www.google.com/bot.html)"
180.76.5.70 - - [03/Jan/2014:02:57:05 -0600] "GET /java_for_joes/index.html HTTP/1.1" 404 - "-" "Mozilla/5.0 (compatible; Baiduspider/2.0; +http://www.baidu.com/search/spider.html)"
199.30.20.44 - - [03/Jan/2014:03:01:55 -0600] "GET /robots.txt HTTP/1.1" 404 - "-" "msnbot-media/1.1 (+http://search.msn.com/msnbot.htm)"
199.30.20.44 - - [03/Jan/2014:03:01:55 -0600] "GET /index.php HTTP/1.1" 200 10635 "-" "msnbot-media/1.1 (+http://search.msn.com/msnbot.htm)"
185.10.104.195 - - [03/Jan/2014:03:27:05 -0600] "GET /java_for_joes/index.html HTTP/1.1" 404 - "-" "Mozilla/5.0 (Windows NT 6.1; WOW64; rv:22.0) Gecko/20100101 Firefox/22.0"
69.84.207.246 - - [03/Jan/2014:03:48:44 -0600] "GET / HTTP/1.1" 200 10635 "-" "Mozilla/4.0 (compatible; MSIE 7.0;Windows NT 5.1;.NET CLR 1.1.4322;.NET CLR 2.0.50727;.NET CLR 3.0.04506.30) Lightspeedsystems"
69.84.207.246 - - [03/Jan/2014:03:48:46 -0600] "GET / HTTP/1.1" 200 10635 "-" "Mozilla/4.0 (compatible; MSIE 7.0;Windows NT 5.1;.NET CLR 1.1.4322;.NET CLR 2.0.50727;.NET CLR 3.0.04506.30) Lightspeedsystems"
69.84.207.246 - - [03/Jan/2014:03:48:46 -0600] "GET /index.php HTTP/1.1" 200 10635 "-" "Mozilla/4.0 (compatible; MSIE 7.0;Windows NT 5.1;.NET CLR 1.1.4322;.NET CLR 2.0.50727;.NET CLR 3.0.04506.30) Lightspeedsystems"
69.84.207.246 - - [03/Jan/2014:03:48:46 -0600] "GET /donate.php HTTP/1.1" 200 11699 "-" "Mozilla/4.0 (compatible; MSIE 7.0;Windows NT 5.1;.NET CLR 1.1.4322;.NET CLR 2.0.50727;.NET CLR 3.0.04506.30) Lightspeedsystems"
69.84.207.246 - - [03/Jan/2014:03:48:46 -0600] "GET /events.php HTTP/1.1" 200 6407 "-" "Mozilla/4.0 (compatible; MSIE 7.0;Windows NT 5.1;.NET CLR 1.1.4322;.NET CLR 2.0.50727;.NET CLR 3.0.04506.30) Lightspeedsystems"
69.84.207.246 - - [03/Jan/2014:03:48:47 -0600] "GET /aboutus.php HTTP/1.1" 200 11667 "-" "Mozilla/4.0 (compatible; MSIE 7.0;Windows NT 5.1;.NET CLR 1.1.4322;.NET CLR 2.0.50727;.NET CLR 3.0.04506.30) Lightspeedsystems"
69.84.207.246 - - [03/Jan/2014:03:48:47 -0600] "GET /contact.php HTTP/1.1" 200 10519 "-" "Mozilla/4.0 (compatible; MSIE 7.0;Windows NT 5.1;.NET CLR 1.1.4322;.NET CLR 2.0.50727;.NET CLR 3.0.04506.30) Lightspeedsystems"
69.84.207.246 - - [03/Jan/2014:03:48:47 -0600] "GET /business.php HTTP/1.1" 200 10813 "-" "Mozilla/4.0 (compatible; MSIE 7.0;Windows NT 5.1;.NET CLR 1.1.4322;.NET CLR 2.0.50727;.NET CLR 3.0.04506.30) Lightspeedsystems"
69.84.207.246 - - [03/Jan/2014:03:48:48 -0600] "GET /calendar.php HTTP/1.1" 200 10644 "-" "Mozilla/4.0 (compatible; MSIE 7.0;Windows NT 5.1;.NET CLR 1.1.4322;.NET CLR 2.0.50727;.NET CLR 3.0.04506.30) Lightspeedsystems"
69.84.207.246 - - [03/Jan/2014:03:48:48 -0600] "GET /_inc/slide.php HTTP/1.1" 200 3205 "-" "Mozilla/4.0 (compatible; MSIE 7.0;Windows NT 5.1;.NET CLR 1.1.4322;.NET CLR 2.0.50727;.NET CLR 3.0.04506.30) Lightspeedsystems"
69.84.207.246 - - [03/Jan/2014:03:48:48 -0600] "GET /join HTTP/1.1" 404 - "-" "Mozilla/4.0 (compatible; MSIE 7.0;Windows NT 5.1;.NET CLR 1.1.4322;.NET CLR 2.0.50727;.NET CLR 3.0.04506.30) Lightspeedsystems"
69.84.207.246 - - [03/Jan/2014:03:48:49 -0600] "GET /_inc/contact.php HTTP/1.1" 200 756 "-" "Mozilla/4.0 (compatible; MSIE 7.0;Windows NT 5.1;.NET CLR 1.1.4322;.NET CLR 2.0.50727;.NET CLR 3.0.04506.30) Lightspeedsystems"
69.84.207.246 - - [03/Jan/2014:03:48:49 -0600] "GET /slider/index.html HTTP/1.1" 200 2900 "-" "Mozilla/4.0 (compatible; MSIE 7.0;Windows NT 5.1;.NET CLR 1.1.4322;.NET CLR 2.0.50727;.NET CLR 3.0.04506.30) Lightspeedsystems"
69.84.207.246 - - [03/Jan/2014:03:48:49 -0600] "GET /contact/contactengine.php HTTP/1.1" 200 61 "-" "Mozilla/4.0 (compatible; MSIE 7.0;Windows NT 5.1;.NET CLR 1.1.4322;.NET CLR 2.0.50727;.NET CLR 3.0.04506.30) Lightspeedsystems"
69.84.207.246 - - [03/Jan/2014:03:48:53 -0600] "GET /contact/contactthanks.php HTTP/1.1" 200 492 "-" "Mozilla/4.0 (compatible; MSIE 7.0;Windows NT 5.1;.NET CLR 1.1.4322;.NET CLR 2.0.50727;.NET CLR 3.0.04506.30) Lightspeedsystems"
69.84.207.246 - - [03/Jan/2014:03:48:53 -0600] "GET /events/ermy_event/ermy.html HTTP/1.1" 200 3507 "-" "Mozilla/4.0 (compatible; MSIE 7.0;Windows NT 5.1;.NET CLR 1.1.4322;.NET CLR 2.0.50727;.NET CLR 3.0.04506.30) Lightspeedsystems"
69.84.207.246 - - [03/Jan/2014:03:48:53 -0600] "GET /events/vet_picnic/vet_picnic.html HTTP/1.1" 200 3163 "-" "Mozilla/4.0 (compatible; MSIE 7.0;Windows NT 5.1;.NET CLR 1.1.4322;.NET CLR 2.0.50727;.NET CLR 3.0.04506.30) Lightspeedsystems"
69.84.207.246 - - [03/Jan/2014:03:48:54 -0600] "GET /events/carousel_11/carousel_11.html HTTP/1.1" 200 3712 "-" "Mozilla/4.0 (compatible; MSIE 7.0;Windows NT 5.1;.NET CLR 1.1.4322;.NET CLR 2.0.50727;.NET CLR 3.0.04506.30) Lightspeedsystems"
180.76.5.172 - - [03/Jan/2014:04:35:09 -0600] "GET /_inc/slide.php HTTP/1.1" 200 3205 "-" "Mozilla/5.0 (compatible; Baiduspider/2.0; +http://www.baidu.com/search/spider.html)"
180.76.5.114 - - [03/Jan/2014:04:40:15 -0600] "GET /pdf/osh_show.pdf HTTP/1.1" 200 6794939 "-" "Mozilla/5.0 (Windows NT 5.1; rv:6.0.2) Gecko/20100101 Firefox/6.0.2"
180.76.6.20 - - [03/Jan/2014:05:17:12 -0600] "GET /pdf/2013 HTTP/1.1" 404 - "-" "Mozilla/5.0 (compatible; Baiduspider/2.0; +http://www.baidu.com/search/spider.html)"
66.249.73.216 - - [03/Jan/2014:05:21:49 -0600] "GET /aboutus.php HTTP/1.1" 200 11667 "-" "Mozilla/5.0 (compatible; Googlebot/2.1; +http://www.google.com/bot.html)"
66.249.73.216 - - [03/Jan/2014:05:45:28 -0600] "GET /calendar.php HTTP/1.1" 200 10644 "-" "Mozilla/5.0 (compatible; Googlebot/2.1; +http://www.google.com/bot.html)"
216.152.243.214 - - [03/Jan/2014:06:16:57 -0600] "GET /aboutus.php HTTP/1.1" 200 11667 "-" "Mozilla/4.0 (compatible; MSIE 6.0; Windows NT 5.1; SV1; Mozilla/4.0 (compatible; MSIE 6.0; Windows NT 5.1; SV1) )"
216.152.243.214 - - [03/Jan/2014:06:16:59 -0600] "POST /aboutus.php/trackback/ HTTP/1.1" 200 11667 "http://operationspokaneheroes.org/aboutus.php" "Mozilla/4.0 (compatible; MSIE 6.0; Windows NT 5.1; SV1; Mozilla/4.0 (compatible; MSIE 6.0; Windows NT 5.1; SV1) ; .NET CLR 2.0.50727 ; .NET CLR 4.0.30319)"
46.165.197.151 - - [03/Jan/2014:07:03:24 -0600] "GET /robots.txt HTTP/1.0" 404 - "-" "Mozilla/5.0 (compatible; MJ12bot/v1.4.4; http://www.majestic12.co.uk/bot.php?+)"
46.165.197.151 - - [03/Jan/2014:07:03:26 -0600] "GET / HTTP/1.0" 200 10635 "-" "Mozilla/5.0 (compatible; MJ12bot/v1.4.4; http://www.majestic12.co.uk/bot.php?+)"
66.249.73.216 - - [03/Jan/2014:07:44:47 -0600] "GET /events.php HTTP/1.1" 200 6407 "-" "Mozilla/5.0 (compatible; Googlebot/2.1; +http://www.google.com/bot.html)"
66.249.73.216 - - [03/Jan/2014:07:50:59 -0600] "GET /events/carousel_11/carousel_11.html HTTP/1.1" 200 3712 "-" "Mozilla/5.0 (compatible; Googlebot/2.1; +http://www.google.com/bot.html)"
66.249.73.216 - - [03/Jan/2014:07:51:03 -0600] "GET /events/vet_picnic/css/style.css HTTP/1.1" 200 1149 "-" "Mozilla/5.0 (compatible; Googlebot/2.1; +http://www.google.com/bot.html)"
66.249.73.216 - - [03/Jan/2014:07:51:05 -0600] "GET /events/vet_picnic/vet_picnic.html HTTP/1.1" 200 3163 "-" "Mozilla/5.0 (compatible; Googlebot/2.1; +http://www.google.com/bot.html)"
66.249.73.216 - - [03/Jan/2014:07:51:07 -0600] "GET /events/ermy_event/js/jquery.movingboxes.min.js HTTP/1.1" 200 4663 "-" "Mozilla/5.0 (compatible; Googlebot/2.1; +http://www.google.com/bot.html)"
66.249.73.216 - - [03/Jan/2014:07:51:09 -0600] "GET /events/carousel_11/css/style.css HTTP/1.1" 200 1149 "-" "Mozilla/5.0 (compatible; Googlebot/2.1; +http://www.google.com/bot.html)"
66.249.73.216 - - [03/Jan/2014:07:51:14 -0600] "GET /events/vet_picnic/js/jquery.movingboxes.min.js HTTP/1.1" 200 4663 "-" "Mozilla/5.0 (compatible; Googlebot/2.1; +http://www.google.com/bot.html)"
66.249.73.216 - - [03/Jan/2014:07:51:19 -0600] "GET /events/ermy_event/css/style.css HTTP/1.1" 200 1149 "http://operationspokaneheroes.org/events/ermy_event/ermy.html" "Mozilla/5.0 (compatible; Googlebot/2.1; +http://www.google.com/bot.html)"
66.249.73.216 - - [03/Jan/2014:08:38:29 -0600] "GET /donate.php HTTP/1.1" 200 11699 "-" "Mozilla/5.0 (compatible; Googlebot/2.1; +http://www.google.com/bot.html)"
65.55.24.245 - - [03/Jan/2014:08:41:37 -0600] "GET /robots.txt HTTP/1.1" 404 - "-" "Mozilla/5.0 (compatible; bingbot/2.0; +http://www.bing.com/bingbot.htm)"
65.55.24.245 - - [03/Jan/2014:08:52:55 -0600] "GET / HTTP/1.1" 200 10635 "-" "Mozilla/5.0 (compatible; bingbot/2.0; +http://www.bing.com/bingbot.htm)"
66.249.73.216 - - [03/Jan/2014:10:00:08 -0600] "GET /events/ermy_event/css/style.css HTTP/1.1" 200 1149 "-" "Mozilla/5.0 (compatible; Googlebot/2.1; +http://www.google.com/bot.html)"
180.76.6.56 - - [03/Jan/2014:10:36:19 -0600] "GET /java_for_joes/index.html HTTP/1.1" 404 - "-" "Mozilla/5.0 (compatible; Baiduspider/2.0; +http://www.baidu.com/search/spider.html)"
180.76.5.197 - - [03/Jan/2014:10:45:43 -0600] "GET /pdf/Operation%20Wings%20of%20Hope%20Poster.pdf HTTP/1.1" 200 298825 "-" "Mozilla/5.0 (compatible; Baiduspider/2.0; +http://www.baidu.com/search/spider.html)"
66.249.73.216 - - [03/Jan/2014:11:06:25 -0600] "GET /pdf/2010_Top100_Military_Friendly_Employers.pdf HTTP/1.1" 304 - "-" "Mozilla/5.0 (compatible; Googlebot/2.1; +http://www.google.com/bot.html)"
180.76.6.51 - - [03/Jan/2014:11:06:35 -0600] "GET /pdf/WAwillvetsFINAL.pdf HTTP/1.1" 200 4202968 "-" "Mozilla/5.0 (Windows NT 5.1; rv:6.0.2) Gecko/20100101 Firefox/6.0.2"
46.118.155.28 - - [03/Jan/2014:11:21:32 -0600] "GET /administrator/ HTTP/1.0" 404 - "operationspokaneheroes.org/administrator/" "Opera/9.80 (Windows NT 6.1; Edition Yx) Presto/2.12.388 Version/12.11"
46.118.155.28 - - [03/Jan/2014:11:21:33 -0600] "GET /administrator/index.php HTTP/1.0" 404 - "operationspokaneheroes.org/administrator/index.php" "Mozilla/5.0 (Windows NT 5.1; rv:17.0) Gecko/17.0 Firefox/17.0"
185.10.104.196 - - [03/Jan/2014:11:42:59 -0600] "GET /java_for_joes/index.html HTTP/1.1" 404 - "-" "Mozilla/5.0 (Windows NT 6.1; WOW64; rv:22.0) Gecko/20100101 Firefox/22.0"
66.249.73.216 - - [03/Jan/2014:11:57:35 -0600] "GET /java_for_joes/index.html HTTP/1.1" 404 - "-" "Mozilla/5.0 (compatible; Googlebot/2.1; +http://www.google.com/bot.html)"
66.249.16.212 - - [03/Jan/2014:13:55:03 -0600] "GET /java_for_joes/index.html HTTP/1.1" 404 - "http://whois.domaintools.com/javaforjoes.net" "Mozilla/5.0 (compatible; bingbot/2.0; +http://www.bing.com/bingbot.htm)"
220.181.89.245 - - [03/Jan/2014:14:57:02 -0600] "GET /robots.txt HTTP/1.1" 404 - "-" "Sogou web spider/4.0(+http://www.sogou.com/docs/help/webmasters.htm#07)"
220.181.89.245 - - [03/Jan/2014:14:57:03 -0600] "GET / HTTP/1.1" 200 10635 "-" "Sogou web spider/4.0(+http://www.sogou.com/docs/help/webmasters.htm#07)"
208.115.111.70 - - [03/Jan/2014:15:04:17 -0600] "GET /robots.txt HTTP/1.1" 404 - "-" "Mozilla/5.0 (compatible; Ezooms/1.0; help@moz.com)"
66.249.73.53 - - [03/Jan/2014:15:33:33 -0600] "GET /robots.txt HTTP/1.1" 404 - "-" "Mozilla/5.0 (compatible; Googlebot/2.1; +http://www.google.com/bot.html)"
66.249.73.216 - - [03/Jan/2014:15:40:32 -0600] "GET /robots.txt HTTP/1.1" 404 - "-" "Mozilla/5.0 (compatible; Googlebot/2.1; +http://www.google.com/bot.html)"
180.76.6.135 - - [03/Jan/2014:15:41:21 -0600] "GET /pdf/Hiring%20Our%20Heroes%20Sept%202013%20Career%20Fair%20Flyer.pdf HTTP/1.1" 200 406827 "-" "Mozilla/5.0 (compatible; Baiduspider/2.0; +http://www.baidu.com/search/spider.html)"
199.30.20.35 - - [03/Jan/2014:16:04:48 -0600] "GET /robots.txt HTTP/1.1" 404 - "-" "msnbot-media/1.1 (+http://search.msn.com/msnbot.htm)"
199.30.20.35 - - [03/Jan/2014:16:04:49 -0600] "GET /images/2_big.gif HTTP/1.1" 200 15437 "-" "msnbot-media/1.1 (+http://search.msn.com/msnbot.htm)"
208.115.111.70 - - [03/Jan/2014:16:09:44 -0600] "GET /calendar.php HTTP/1.1" 200 10644 "-" "Mozilla/5.0 (compatible; Ezooms/1.0; help@moz.com)"
66.249.73.216 - - [03/Jan/2014:17:06:13 -0600] "GET /pdf/2013%20-%20Women%20Warriors%20and%20the%20Cowgirls%20Flyer.pdf HTTP/1.1" 200 379297 "-" "DoCoMo/2.0 N905i(c100;TB;W24H16) (compatible; Googlebot-Mobile/2.1; +http://www.google.com/bot.html)"
65.55.24.245 - - [03/Jan/2014:17:43:03 -0600] "GET /robots.txt HTTP/1.1" 404 - "-" "Mozilla/5.0 (compatible; bingbot/2.0; +http://www.bing.com/bingbot.htm)"
65.55.24.245 - - [03/Jan/2014:17:54:42 -0600] "GET / HTTP/1.1" 200 10635 "-" "Mozilla/5.0 (compatible; bingbot/2.0; +http://www.bing.com/bingbot.htm)"
66.249.73.53 - - [03/Jan/2014:17:55:44 -0600] "GET /freedom.php HTTP/1.1" 200 11227 "-" "Mozilla/5.0 (iPhone; CPU iPhone OS 6_0 like Mac OS X) AppleWebKit/536.26 (KHTML, like Gecko) Version/6.0 Mobile/10A5376e Safari/8536.25 (compatible; Googlebot-Mobile/2.1; +http://www.google.com/bot.html)"
218.107.49.49 - - [03/Jan/2014:17:57:53 -0600] "GET / HTTP/1.1" 200 10635 "-" "WhatWeb/0.4.7"
66.249.73.216 - - [03/Jan/2014:18:02:58 -0600] "GET /contact.php HTTP/1.1" 200 10519 "-" "Mozilla/5.0 (iPhone; CPU iPhone OS 6_0 like Mac OS X) AppleWebKit/536.26 (KHTML, like Gecko) Version/6.0 Mobile/10A5376e Safari/8536.25 (compatible; Googlebot-Mobile/2.1; +http://www.google.com/bot.html)"
66.249.73.53 - - [03/Jan/2014:18:03:50 -0600] "GET /css/slide.css HTTP/1.1" 200 2869 "-" "Mozilla/5.0 (compatible; Googlebot/2.1; +http://www.google.com/bot.html)"
66.249.73.216 - - [03/Jan/2014:18:03:54 -0600] "GET /_inc/contact.php HTTP/1.1" 200 756 "-" "Mozilla/5.0 (compatible; Googlebot/2.1; +http://www.google.com/bot.html)"
66.249.73.53 - - [03/Jan/2014:18:04:03 -0600] "GET /css/footer.css HTTP/1.1" 200 752 "-" "Mozilla/5.0 (compatible; Googlebot/2.1; +http://www.google.com/bot.html)"
66.249.73.53 - - [03/Jan/2014:18:04:06 -0600] "GET /css/global.css HTTP/1.1" 200 13951 "-" "Mozilla/5.0 (compatible; Googlebot/2.1; +http://www.google.com/bot.html)"
66.249.73.216 - - [03/Jan/2014:18:04:09 -0600] "GET /css/slide.css HTTP/1.1" 200 2869 "-" "Mozilla/5.0 (compatible; Googlebot/2.1; +http://www.google.com/bot.html)"
66.249.73.53 - - [03/Jan/2014:18:04:11 -0600] "GET /css/style_global.css HTTP/1.1" 200 2621 "-" "Mozilla/5.0 (compatible; Googlebot/2.1; +http://www.google.com/bot.html)"
173.252.110.112 - - [03/Jan/2014:18:09:32 -0600] "GET /images/logo.png HTTP/1.1" 200 226129 "-" "facebookexternalhit/1.1 (+http://www.facebook.com/externalhit_uatext.php)"
192.96.204.42 - - [03/Jan/2014:18:14:08 -0600] "HEAD / HTTP/1.1" 200 - "http://domainsigma.com/whois/operationspokaneheroes.org" "Mozilla/5.0 (Windows NT 5.1) AppleWebKit/537.36 (KHTML, like Gecko) Chrome/31.0.1650.16 Safari/537.36"
208.115.111.70 - - [03/Jan/2014:19:08:19 -0600] "GET /robots.txt HTTP/1.1" 404 - "-" "Mozilla/5.0 (compatible; Ezooms/1.0; help@moz.com)"
65.55.24.245 - - [03/Jan/2014:19:38:31 -0600] "GET /robots.txt HTTP/1.1" 404 - "-" "Mozilla/5.0 (compatible; bingbot/2.0; +http://www.bing.com/bingbot.htm)"
65.55.24.245 - - [03/Jan/2014:19:39:15 -0600] "GET / HTTP/1.1" 200 10635 "-" "Mozilla/5.0 (compatible; bingbot/2.0; +http://www.bing.com/bingbot.htm)"
208.115.111.70 - - [03/Jan/2014:20:13:07 -0600] "GET /index.php HTTP/1.1" 200 10635 "-" "Mozilla/5.0 (compatible; Ezooms/1.0; help@moz.com)"
180.76.6.136 - - [03/Jan/2014:20:38:06 -0600] "GET /pdf/REVISION2%20Military%20Kids%20Camp%202012%20(2).pdf HTTP/1.1" 200 1691328 "-" "Mozilla/5.0 (compatible; Baiduspider/2.0; +http://www.baidu.com/search/spider.html)"
198.27.66.79 - - [03/Jan/2014:22:17:23 -0600] "GET /robots.txt HTTP/1.1" 404 - "-" "Mozilla/5.0 (compatible; meanpathbot/1.0; +http://www.meanpath.com/meanpathbot.html)"
198.27.66.79 - - [03/Jan/2014:22:17:25 -0600] "GET / HTTP/1.1" 200 10635 "-" "Mozilla/5.0 (compatible; meanpathbot/1.0; +http://www.meanpath.com/meanpathbot.html)"
198.27.66.79 - - [03/Jan/2014:22:17:29 -0600] "GET /favicon.ico HTTP/1.1" 404 - "-" "Mozilla/5.0 (compatible; meanpathbot/1.0; +http://www.meanpath.com/meanpathbot.html)"
198.27.66.79 - - [03/Jan/2014:22:17:31 -0600] "GET /apple-touch-icon.png HTTP/1.1" 404 - "-" "Mozilla/5.0 (compatible; meanpathbot/1.0; +http://www.meanpath.com/meanpathbot.html)"
180.76.6.21 - - [04/Jan/2014:00:12:26 -0600] "GET /pdf/Idaho+DOL+Sep+-+Oct+2013.pdf HTTP/1.1" 200 522959 "-" "Mozilla/5.0 (compatible; Baiduspider/2.0; +http://www.baidu.com/search/spider.html)"
66.249.73.216 - - [04/Jan/2014:00:36:56 -0600] "GET /pdf/ready_set_go.pdf HTTP/1.1" 200 208616 "-" "SAMSUNG-SGH-E250/1.0 Profile/MIDP-2.0 Configuration/CLDC-1.1 UP.Browser/6.2.3.3.c.1.101 (GUI) MMP/2.0 (compatible; Googlebot-Mobile/2.1; +http://www.google.com/bot.html)"
216.152.243.214 - - [04/Jan/2014:01:22:07 -0600] "GET /aboutus.php HTTP/1.1" 200 11667 "-" "Mozilla/4.0 (compatible; MSIE 6.0; Windows NT 5.1; SV1; Mozilla/4.0 (compatible; MSIE 6.0; Windows NT 5.1; SV1) ; .NET CLR 2.0.50727 ; .NET CLR 4.0.30319)"
66.249.73.53 - - [04/Jan/2014:01:45:04 -0600] "GET /aboutus.php HTTP/1.1" 200 11667 "-" "Mozilla/5.0 (iPhone; CPU iPhone OS 6_0 like Mac OS X) AppleWebKit/536.26 (KHTML, like Gecko) Version/6.0 Mobile/10A5376e Safari/8536.25 (compatible; Googlebot-Mobile/2.1; +http://www.google.com/bot.html)"
66.249.73.216 - - [04/Jan/2014:01:52:05 -0600] "GET /pdf/Hiring%20Our%20Heroes%20Sept%202013%20Career%20Fair%20Flyer.pdf HTTP/1.1" 304 - "-" "Mozilla/5.0 (iPhone; CPU iPhone OS 6_0 like Mac OS X) AppleWebKit/536.26 (KHTML, like Gecko) Version/6.0 Mobile/10A5376e Safari/8536.25 (compatible; Googlebot-Mobile/2.1; +http://www.google.com/bot.html)"
66.249.73.216 - - [04/Jan/2014:04:56:01 -0600] "GET /robots.txt HTTP/1.1" 404 - "-" "Mozilla/5.0 (compatible; Googlebot/2.1; +http://www.google.com/bot.html)"
180.76.6.36 - - [04/Jan/2014:05:03:02 -0600] "GET /css/compact_style.css HTTP/1.1" 200 4934 "-" "Mozilla/5.0 (compatible; Baiduspider/2.0; +http://www.baidu.com/search/spider.html)"
65.55.24.245 - - [04/Jan/2014:05:40:49 -0600] "GET /robots.txt HTTP/1.1" 404 - "-" "Mozilla/5.0 (compatible; bingbot/2.0; +http://www.bing.com/bingbot.htm)"
65.55.24.245 - - [04/Jan/2014:05:43:33 -0600] "GET / HTTP/1.1" 200 10635 "-" "Mozilla/5.0 (compatible; bingbot/2.0; +http://www.bing.com/bingbot.htm)"
65.55.24.245 - - [04/Jan/2014:05:43:37 -0600] "GET / HTTP/1.1" 200 10635 "-" "Mozilla/5.0 (compatible; bingbot/2.0; +http://www.bing.com/bingbot.htm)"
65.55.24.245 - - [04/Jan/2014:07:28:52 -0600] "GET /robots.txt HTTP/1.1" 404 - "-" "Mozilla/5.0 (compatible; bingbot/2.0; +http://www.bing.com/bingbot.htm)"
65.55.24.245 - - [04/Jan/2014:07:38:13 -0600] "GET / HTTP/1.1" 200 10635 "-" "Mozilla/5.0 (compatible; bingbot/2.0; +http://www.bing.com/bingbot.htm)"
66.249.73.53 - - [04/Jan/2014:07:50:52 -0600] "GET /robots.txt HTTP/1.1" 404 - "-" "Mozilla/5.0 (compatible; Googlebot/2.1; +http://www.google.com/bot.html)"
66.249.73.53 - - [04/Jan/2014:07:50:52 -0600] "GET /aboutus.php HTTP/1.1" 200 11667 "-" "Mozilla/5.0 (compatible; Googlebot/2.1; +http://www.google.com/bot.html)"
23.23.222.104 - - [04/Jan/2014:07:57:31 -0600] "GET / HTTP/1.1" 200 10635 "-" "Mozilla/5.0 (compatible; Windows; U; Windows NT 6.2; WOW64; en-US; rv:12.0) Gecko/20120403211507 Firefox/12.0"
66.249.73.53 - - [04/Jan/2014:08:40:46 -0600] "GET /events.php HTTP/1.1" 200 6407 "-" "Mozilla/5.0 (compatible; Googlebot/2.1; +http://www.google.com/bot.html)"
66.249.73.53 - - [04/Jan/2014:08:48:15 -0600] "GET /events/vet_picnic/css/style.css HTTP/1.1" 200 1149 "-" "Mozilla/5.0 (compatible; Googlebot/2.1; +http://www.google.com/bot.html)"
66.249.73.53 - - [04/Jan/2014:08:55:48 -0600] "GET /events/carousel_11/carousel_11.html HTTP/1.1" 200 3712 "-" "Mozilla/5.0 (compatible; Googlebot/2.1; +http://www.google.com/bot.html)"
66.249.73.53 - - [04/Jan/2014:09:31:24 -0600] "GET /donate.php HTTP/1.1" 200 11699 "-" "Mozilla/5.0 (compatible; Googlebot/2.1; +http://www.google.com/bot.html)"
66.249.73.53 - - [04/Jan/2014:09:50:58 -0600] "GET /events/carousel_11/css/style.css HTTP/1.1" 200 1149 "-" "Mozilla/5.0 (compatible; Googlebot/2.1; +http://www.google.com/bot.html)"
66.249.73.53 - - [04/Jan/2014:10:22:36 -0600] "GET /events/ermy_event/css/style.css HTTP/1.1" 200 1149 "-" "Mozilla/5.0 (compatible; Googlebot/2.1; +http://www.google.com/bot.html)"
66.249.73.53 - - [04/Jan/2014:10:35:46 -0600] "GET /freedom.php HTTP/1.1" 200 11227 "-" "Mozilla/5.0 (compatible; Googlebot/2.1; +http://www.google.com/bot.html)"
66.249.73.53 - - [04/Jan/2014:10:44:19 -0600] "GET / HTTP/1.1" 200 10635 "-" "SAMSUNG-SGH-E250/1.0 Profile/MIDP-2.0 Configuration/CLDC-1.1 UP.Browser/6.2.3.3.c.1.101 (GUI) MMP/2.0 (compatible; Googlebot-Mobile/2.1; +http://www.google.com/bot.html)"
180.76.6.144 - - [04/Jan/2014:10:52:19 -0600] "GET /pdf/Operation%20Wings%20of%20Hope.pdf HTTP/1.1" 200 52094 "-" "Mozilla/5.0 (Windows NT 5.1; rv:6.0.2) Gecko/20100101 Firefox/6.0.2"
162.243.147.235 - - [04/Jan/2014:11:09:22 -0600] "GET / HTTP/1.1" 200 10635 "-" "Mozilla/5.0 (Windows NT 6.1; WOW64) AppleWebKit/537.36 (KHTML, like Gecko) Chrome/31.0.1650.63 Safari/537.36"
66.249.73.216 - - [04/Jan/2014:11:17:50 -0600] "GET / HTTP/1.1" 200 10635 "-" "SAMSUNG-SGH-E250/1.0 Profile/MIDP-2.0 Configuration/CLDC-1.1 UP.Browser/6.2.3.3.c.1.101 (GUI) MMP/2.0 (compatible; Googlebot-Mobile/2.1; +http://www.google.com/bot.html)"
180.76.6.47 - - [04/Jan/2014:12:14:07 -0600] "GET /java_for_joes/index.html?3e3ea140 HTTP/1.1" 404 - "-" "Mozilla/5.0 (compatible; Baiduspider/2.0; +http://www.baidu.com/search/spider.html)"
66.249.73.53 - - [04/Jan/2014:13:06:43 -0600] "GET /events.php HTTP/1.1" 200 6407 "-" "Mozilla/5.0 (iPhone; CPU iPhone OS 6_0 like Mac OS X) AppleWebKit/536.26 (KHTML, like Gecko) Version/6.0 Mobile/10A5376e Safari/8536.25 (compatible; Googlebot-Mobile/2.1; +http://www.google.com/bot.html)"
66.249.73.216 - - [04/Jan/2014:13:13:26 -0600] "GET /business.php HTTP/1.1" 200 10813 "-" "Mozilla/5.0 (iPhone; CPU iPhone OS 6_0 like Mac OS X) AppleWebKit/536.26 (KHTML, like Gecko) Version/6.0 Mobile/10A5376e Safari/8536.25 (compatible; Googlebot-Mobile/2.1; +http://www.google.com/bot.html)"
66.249.73.53 - - [04/Jan/2014:13:14:07 -0600] "GET /events/carousel_11/carousel_11.html HTTP/1.1" 200 3712 "-" "Mozilla/5.0 (compatible; Googlebot/2.1; +http://www.google.com/bot.html)"
157.55.34.166 - - [04/Jan/2014:13:16:39 -0600] "GET /robots.txt HTTP/1.1" 404 - "-" "Mozilla/5.0 (compatible; bingbot/2.0; +http://www.bing.com/bingbot.htm)"
157.55.34.166 - - [04/Jan/2014:13:19:39 -0600] "GET /pdf/2013%20Salute%20Armed%20Forces.pdf HTTP/1.1" 200 1749455 "-" "Mozilla/5.0 (compatible; bingbot/2.0; +http://www.bing.com/bingbot.htm)"
66.249.73.216 - - [04/Jan/2014:13:23:45 -0600] "GET /css/style_global.css HTTP/1.1" 200 2621 "-" "Mozilla/5.0 (compatible; Googlebot/2.1; +http://www.google.com/bot.html)"
66.249.73.216 - - [04/Jan/2014:13:23:46 -0600] "GET /css/global.css HTTP/1.1" 200 13951 "-" "Mozilla/5.0 (compatible; Googlebot/2.1; +http://www.google.com/bot.html)"
66.249.73.216 - - [04/Jan/2014:13:23:46 -0600] "GET /css/footer.css HTTP/1.1" 200 752 "-" "Mozilla/5.0 (compatible; Googlebot/2.1; +http://www.google.com/bot.html)"
50.123.91.10 - - [04/Jan/2014:14:02:52 -0600] "GET / HTTP/1.1" 200 10635 "https://www.google.com/" "Mozilla/5.0 (Windows NT 6.1; WOW64) AppleWebKit/537.36 (KHTML, like Gecko) Chrome/31.0.1650.63 Safari/537.36"
50.123.91.10 - - [04/Jan/2014:14:02:53 -0600] "GET /css/footer.css HTTP/1.1" 200 752 "http://www.operationspokaneheroes.org/" "Mozilla/5.0 (Windows NT 6.1; WOW64) AppleWebKit/537.36 (KHTML, like Gecko) Chrome/31.0.1650.63 Safari/537.36"
50.123.91.10 - - [04/Jan/2014:14:02:53 -0600] "GET /css/global.css HTTP/1.1" 200 13951 "http://www.operationspokaneheroes.org/" "Mozilla/5.0 (Windows NT 6.1; WOW64) AppleWebKit/537.36 (KHTML, like Gecko) Chrome/31.0.1650.63 Safari/537.36"
50.123.91.10 - - [04/Jan/2014:14:02:53 -0600] "GET /_inc/slide.php HTTP/1.1" 200 3205 "http://www.operationspokaneheroes.org/" "Mozilla/5.0 (Windows NT 6.1; WOW64) AppleWebKit/537.36 (KHTML, like Gecko) Chrome/31.0.1650.63 Safari/537.36"
50.123.91.10 - - [04/Jan/2014:14:02:53 -0600] "GET /images/contacticon.png HTTP/1.1" 200 4499 "http://www.operationspokaneheroes.org/" "Mozilla/5.0 (Windows NT 6.1; WOW64) AppleWebKit/537.36 (KHTML, like Gecko) Chrome/31.0.1650.63 Safari/537.36"
50.123.91.10 - - [04/Jan/2014:14:02:53 -0600] "GET /images/global.png HTTP/1.1" 200 5737 "http://www.operationspokaneheroes.org/" "Mozilla/5.0 (Windows NT 6.1; WOW64) AppleWebKit/537.36 (KHTML, like Gecko) Chrome/31.0.1650.63 Safari/537.36"
50.123.91.10 - - [04/Jan/2014:14:02:53 -0600] "GET /css/slide.css HTTP/1.1" 200 2869 "http://www.operationspokaneheroes.org/_inc/slide.php" "Mozilla/5.0 (Windows NT 6.1; WOW64) AppleWebKit/537.36 (KHTML, like Gecko) Chrome/31.0.1650.63 Safari/537.36"
50.123.91.10 - - [04/Jan/2014:14:02:53 -0600] "GET /css/style_global.css HTTP/1.1" 200 2621 "http://www.operationspokaneheroes.org/_inc/slide.php" "Mozilla/5.0 (Windows NT 6.1; WOW64) AppleWebKit/537.36 (KHTML, like Gecko) Chrome/31.0.1650.63 Safari/537.36"
50.123.91.10 - - [04/Jan/2014:14:02:53 -0600] "GET /images/facebook.png HTTP/1.1" 200 5004 "http://www.operationspokaneheroes.org/" "Mozilla/5.0 (Windows NT 6.1; WOW64) AppleWebKit/537.36 (KHTML, like Gecko) Chrome/31.0.1650.63 Safari/537.36"
50.123.91.10 - - [04/Jan/2014:14:02:53 -0600] "GET /images/nav2.jpg HTTP/1.1" 200 4444 "http://www.operationspokaneheroes.org/" "Mozilla/5.0 (Windows NT 6.1; WOW64) AppleWebKit/537.36 (KHTML, like Gecko) Chrome/31.0.1650.63 Safari/537.36"
50.123.91.10 - - [04/Jan/2014:14:02:54 -0600] "GET /mainbk.png HTTP/1.1" 200 290 "http://www.operationspokaneheroes.org/" "Mozilla/5.0 (Windows NT 6.1; WOW64) AppleWebKit/537.36 (KHTML, like Gecko) Chrome/31.0.1650.63 Safari/537.36"
50.123.91.10 - - [04/Jan/2014:14:02:53 -0600] "GET /slider/index.html HTTP/1.1" 200 2900 "http://www.operationspokaneheroes.org/" "Mozilla/5.0 (Windows NT 6.1; WOW64) AppleWebKit/537.36 (KHTML, like Gecko) Chrome/31.0.1650.63 Safari/537.36"
50.123.91.10 - - [04/Jan/2014:14:02:53 -0600] "GET /images/bg2.jpg HTTP/1.1" 200 55206 "http://www.operationspokaneheroes.org/" "Mozilla/5.0 (Windows NT 6.1; WOW64) AppleWebKit/537.36 (KHTML, like Gecko) Chrome/31.0.1650.63 Safari/537.36"
50.123.91.10 - - [04/Jan/2014:14:02:53 -0600] "GET /images/logo.png HTTP/1.1" 200 226129 "http://www.operationspokaneheroes.org/" "Mozilla/5.0 (Windows NT 6.1; WOW64) AppleWebKit/537.36 (KHTML, like Gecko) Chrome/31.0.1650.63 Safari/537.36"
50.123.91.10 - - [04/Jan/2014:14:02:54 -0600] "GET /slider/css/style.css HTTP/1.1" 200 1379 "http://www.operationspokaneheroes.org/slider/index.html" "Mozilla/5.0 (Windows NT 6.1; WOW64) AppleWebKit/537.36 (KHTML, like Gecko) Chrome/31.0.1650.63 Safari/537.36"
50.123.91.10 - - [04/Jan/2014:14:02:54 -0600] "GET /slider/js/startstop-slider.js HTTP/1.1" 200 1737 "http://www.operationspokaneheroes.org/slider/index.html" "Mozilla/5.0 (Windows NT 6.1; WOW64) AppleWebKit/537.36 (KHTML, like Gecko) Chrome/31.0.1650.63 Safari/537.36"
50.123.91.10 - - [04/Jan/2014:14:02:53 -0600] "GET /js/combined.js HTTP/1.1" 200 169946 "http://www.operationspokaneheroes.org/_inc/slide.php" "Mozilla/5.0 (Windows NT 6.1; WOW64) AppleWebKit/537.36 (KHTML, like Gecko) Chrome/31.0.1650.63 Safari/537.36"
50.123.91.10 - - [04/Jan/2014:14:02:54 -0600] "GET /slider/images/imagslider-2.png HTTP/1.1" 200 62889 "http://www.operationspokaneheroes.org/slider/index.html" "Mozilla/5.0 (Windows NT 6.1; WOW64) AppleWebKit/537.36 (KHTML, like Gecko) Chrome/31.0.1650.63 Safari/537.36"
50.123.91.10 - - [04/Jan/2014:14:02:54 -0600] "GET /images/mission_statement_bg.png HTTP/1.1" 200 11413 "http://www.operationspokaneheroes.org/_inc/slide.php" "Mozilla/5.0 (Windows NT 6.1; WOW64) AppleWebKit/537.36 (KHTML, like Gecko) Chrome/31.0.1650.63 Safari/537.36"
50.123.91.10 - - [04/Jan/2014:14:02:54 -0600] "GET /slider/images/imagslider-1.png HTTP/1.1" 200 69960 "http://www.operationspokaneheroes.org/slider/index.html" "Mozilla/5.0 (Windows NT 6.1; WOW64) AppleWebKit/537.36 (KHTML, like Gecko) Chrome/31.0.1650.63 Safari/537.36"
50.123.91.10 - - [04/Jan/2014:14:02:54 -0600] "GET /images/slder2.png HTTP/1.1" 200 32853 "http://www.operationspokaneheroes.org/slider/index.html" "Mozilla/5.0 (Windows NT 6.1; WOW64) AppleWebKit/537.36 (KHTML, like Gecko) Chrome/31.0.1650.63 Safari/537.36"
50.123.91.10 - - [04/Jan/2014:14:02:54 -0600] "GET /images/2.jpg HTTP/1.1" 200 170993 "http://www.operationspokaneheroes.org/_inc/slide.php" "Mozilla/5.0 (Windows NT 6.1; WOW64) AppleWebKit/537.36 (KHTML, like Gecko) Chrome/31.0.1650.63 Safari/537.36"
50.123.91.10 - - [04/Jan/2014:14:02:55 -0600] "GET /images/we_strive.png HTTP/1.1" 200 1981 "http://www.operationspokaneheroes.org/_inc/slide.php" "Mozilla/5.0 (Windows NT 6.1; WOW64) AppleWebKit/537.36 (KHTML, like Gecko) Chrome/31.0.1650.63 Safari/537.36"
50.123.91.10 - - [04/Jan/2014:14:02:55 -0600] "GET /images/we_help.png HTTP/1.1" 200 1514 "http://www.operationspokaneheroes.org/_inc/slide.php" "Mozilla/5.0 (Windows NT 6.1; WOW64) AppleWebKit/537.36 (KHTML, like Gecko) Chrome/31.0.1650.63 Safari/537.36"
50.123.91.10 - - [04/Jan/2014:14:02:55 -0600] "GET /images/we_need.png HTTP/1.1" 200 2138 "http://www.operationspokaneheroes.org/_inc/slide.php" "Mozilla/5.0 (Windows NT 6.1; WOW64) AppleWebKit/537.36 (KHTML, like Gecko) Chrome/31.0.1650.63 Safari/537.36"
50.123.91.10 - - [04/Jan/2014:14:02:55 -0600] "GET /assets/images/btn_top_search_hover.png HTTP/1.1" 404 - "http://www.operationspokaneheroes.org/_inc/slide.php" "Mozilla/5.0 (Windows NT 6.1; WOW64) AppleWebKit/537.36 (KHTML, like Gecko) Chrome/31.0.1650.63 Safari/537.36"
