193.47.80.51 - - [12/Apr/2012:17:15:37 -0500] "GET /robots.txt HTTP/1.1" 404 - "-" "Mozilla/5.0 (compatible; Exabot/3.0; +http://www.exabot.com/go/robot)"
193.47.80.51 - - [12/Apr/2012:17:15:37 -0500] "GET /pdf/Christmas%20Carrousel%20Flyer2011.pdf HTTP/1.1" 404 - "-" "Mozilla/5.0 (compatible; Exabot/3.0; +http://www.exabot.com/go/robot)"
1.202.218.8 - - [12/Apr/2012:18:05:13 -0500] "GET /robots.txt HTTP/1.0" 404 - "-" "\"Mozilla/5.0"
213.110.133.221 - - [12/Apr/2012:19:37:48 -0500] "GET / HTTP/1.1" 200 10288 "http://www.audio-transcoder.com/how-to-convert-flac-files-to-mp3" "Mozilla/5.0 (compatible; Googlebot/2.1; +http://www.google.com/bot.html)"
65.52.110.16 - - [12/Apr/2012:19:45:58 -0500] "GET /robots.txt HTTP/1.1" 404 - "-" "Mozilla/5.0 (compatible; bingbot/2.0; +http://www.bing.com/bingbot.htm)"
65.52.110.16 - - [12/Apr/2012:19:47:14 -0500] "GET /pdf/OSH%20Freedom%20Fridays%20Flyer%20w-back.pdf HTTP/1.1" 200 1146408 "-" "Mozilla/5.0 (compatible; bingbot/2.0; +http://www.bing.com/bingbot.htm)"
180.76.5.166 - - [12/Apr/2012:21:24:15 -0500] "GET /index.php HTTP/1.1" 200 10288 "-" "Mozilla/5.0 (compatible; Baiduspider/2.0; +http://www.baidu.com/search/spider.html)"
180.76.5.154 - - [12/Apr/2012:21:24:16 -0500] "GET / HTTP/1.1" 200 10288 "-" "Mozilla/5.0 (compatible; Baiduspider/2.0; +http://www.baidu.com/search/spider.html)"
1.202.218.8 - - [12/Apr/2012:21:31:08 -0500] "GET /robots.txt HTTP/1.0" 404 - "-" "\"Mozilla/5.0"
193.47.80.51 - - [13/Apr/2012:00:38:00 -0500] "GET /pdf/OSH%20Freedom%20Fridays%20Flyer%20w-back.pdf HTTP/1.1" 200 1146408 "-" "Mozilla/5.0 (compatible; Exabot/3.0; +http://www.exabot.com/go/robot)"
193.47.80.51 - - [13/Apr/2012:00:38:02 -0500] "GET /pdf/pearl%20harbor_map.pdf HTTP/1.1" 200 1596009 "-" "Mozilla/5.0 (compatible; Exabot/3.0; +http://www.exabot.com/go/robot)"
193.47.80.51 - - [13/Apr/2012:00:38:05 -0500] "GET /pdf/REVISION2%20Military%20Kids%20Camp%202012%20(2).pdf HTTP/1.1" 200 1691328 "-" "Mozilla/5.0 (compatible; Exabot/3.0; +http://www.exabot.com/go/robot)"
193.47.80.51 - - [13/Apr/2012:00:38:07 -0500] "GET /pdf/OSH%20Freedom%20Fridays%20Sign%20Up%20Sheet.pdf HTTP/1.1" 200 170318 "-" "Mozilla/5.0 (compatible; Exabot/3.0; +http://www.exabot.com/go/robot)"
1.202.218.8 - - [13/Apr/2012:00:51:59 -0500] "GET /robots.txt HTTP/1.0" 404 - "-" "\"Mozilla/5.0"
180.76.5.92 - - [13/Apr/2012:01:11:21 -0500] "GET /robots.txt HTTP/1.1" 404 - "-" "Mozilla/5.0 (Windows NT 5.1; rv:6.0.2) Gecko/20100101 Firefox/6.0.2"
109.120.157.179 - - [13/Apr/2012:01:48:18 -0500] "GET / HTTP/1.1" 200 10256 "http://battleship.su/" "Mozilla/5.0 (compatible; Googlebot/2.1; +http://www.google.com/bot.html)"
69.58.178.59 - - [13/Apr/2012:02:09:39 -0500] "GET /robots.txt HTTP/1.1" 404 - "-" "Mozilla/5.0 (X11; U; Linux i686; en-US; rv:1.9.2.24; ips-agent) Gecko/20111107 Ubuntu/10.04 (lucid) Firefox/3.6.24"
69.58.178.59 - - [13/Apr/2012:02:10:35 -0500] "GET / HTTP/1.1" 200 10288 "-" "Mozilla/5.0 (X11; U; Linux i686; en-US; rv:1.9.2.24; ips-agent) Gecko/20111107 Ubuntu/10.04 (lucid) Firefox/3.6.24"
69.58.178.59 - - [13/Apr/2012:02:11:41 -0500] "GET / HTTP/1.1" 200 10288 "-" "Mozilla/5.0 (X11; U; Linux i686; en-US; rv:1.9.2.24; ips-agent) Gecko/20111107 Ubuntu/10.04 (lucid) Firefox/3.6.24"
69.58.178.59 - - [13/Apr/2012:02:12:48 -0500] "GET /aboutus.php HTTP/1.1" 200 11446 "-" "Mozilla/5.0 (X11; U; Linux i686; en-US; rv:1.9.2.24; ips-agent) Gecko/20111107 Ubuntu/10.04 (lucid) Firefox/3.6.24"
69.58.178.59 - - [13/Apr/2012:02:14:10 -0500] "GET /contact.php HTTP/1.1" 200 10298 "-" "Mozilla/5.0 (X11; U; Linux i686; en-US; rv:1.9.2.24; ips-agent) Gecko/20111107 Ubuntu/10.04 (lucid) Firefox/3.6.24"
69.58.178.59 - - [13/Apr/2012:02:15:29 -0500] "GET /index.php HTTP/1.1" 200 10288 "-" "Mozilla/5.0 (X11; U; Linux i686; en-US; rv:1.9.2.24; ips-agent) Gecko/20111107 Ubuntu/10.04 (lucid) Firefox/3.6.24"
69.58.178.59 - - [13/Apr/2012:02:16:42 -0500] "GET /donate.php HTTP/1.1" 200 12791 "-" "Mozilla/5.0 (X11; U; Linux i686; en-US; rv:1.9.2.24; ips-agent) Gecko/20111107 Ubuntu/10.04 (lucid) Firefox/3.6.24"
69.58.178.59 - - [13/Apr/2012:02:18:25 -0500] "GET /business.php HTTP/1.1" 200 10592 "-" "Mozilla/5.0 (X11; U; Linux i686; en-US; rv:1.9.2.24; ips-agent) Gecko/20111107 Ubuntu/10.04 (lucid) Firefox/3.6.24"
69.58.178.59 - - [13/Apr/2012:02:19:48 -0500] "GET /calendar.php HTTP/1.1" 200 10488 "-" "Mozilla/5.0 (X11; U; Linux i686; en-US; rv:1.9.2.24; ips-agent) Gecko/20111107 Ubuntu/10.04 (lucid) Firefox/3.6.24"
69.58.178.59 - - [13/Apr/2012:02:21:52 -0500] "GET /_inc/slide.php HTTP/1.1" 200 3205 "-" "BlackBerry9630/5.0.0.732 Profile/MIDP-2.1 Configuration/CLDC-1.1 VendorID/102 ips-agent"
69.58.178.59 - - [13/Apr/2012:02:23:17 -0500] "GET /slider.html HTTP/1.1" 200 7532 "-" "Mozilla/5.0 (X11; U; Linux i686; en-US; rv:1.9.2.24; ips-agent) Gecko/20111107 Ubuntu/10.04 (lucid) Firefox/3.6.24"
69.58.178.59 - - [13/Apr/2012:02:24:57 -0500] "GET /_inc/contact.php HTTP/1.1" 200 756 "-" "Mozilla/5.0 (X11; U; Linux i686; en-US; rv:1.9.2.24; ips-agent) Gecko/20111107 Ubuntu/10.04 (lucid) Firefox/3.6.24"
66.249.67.18 - - [13/Apr/2012:02:29:31 -0500] "GET /robots.txt HTTP/1.1" 404 - "-" "Mozilla/5.0 (compatible; Googlebot/2.1; +http://www.google.com/bot.html)"
66.249.67.18 - - [13/Apr/2012:02:29:32 -0500] "GET /pdf/veteran_benefits.pdf HTTP/1.1" 200 111163 "-" "Mozilla/5.0 (compatible; Googlebot/2.1; +http://www.google.com/bot.html)"
100.43.83.155 - - [13/Apr/2012:03:19:18 -0500] "GET /robots.txt HTTP/1.1" 404 - "-" "Mozilla/5.0 (compatible; YandexBot/3.0; +http://yandex.com/bots)"
100.43.83.155 - - [13/Apr/2012:03:19:20 -0500] "GET /pdf/Cellphones%20for%20Soldiers%20press%20release.pdf HTTP/1.1" 404 - "-" "Mozilla/5.0 (compatible; YandexBot/3.0; +http://yandex.com/bots)"
157.56.94.169 - - [13/Apr/2012:03:54:47 -0500] "GET /robots.txt HTTP/1.1" 404 - "-" "msnbot/2.0b (+http://search.msn.com/msnbot.htm)"
157.56.94.169 - - [13/Apr/2012:03:54:47 -0500] "GET /index.php HTTP/1.1" 200 10288 "-" "msnbot/2.0b (+http://search.msn.com/msnbot.htm)"
157.56.94.169 - - [13/Apr/2012:03:54:49 -0500] "GET /contact.php HTTP/1.1" 200 10298 "-" "msnbot/2.0b (+http://search.msn.com/msnbot.htm)"
157.56.94.169 - - [13/Apr/2012:03:54:50 -0500] "GET /_inc/slide.php HTTP/1.1" 200 3205 "-" "msnbot/2.0b (+http://search.msn.com/msnbot.htm)"
157.56.94.169 - - [13/Apr/2012:03:54:54 -0500] "GET /calendar.php HTTP/1.1" 200 10488 "-" "msnbot/2.0b (+http://search.msn.com/msnbot.htm)"
157.56.94.169 - - [13/Apr/2012:03:54:58 -0500] "GET /slider.html HTTP/1.1" 200 7532 "-" "msnbot/2.0b (+http://search.msn.com/msnbot.htm)"
157.56.94.169 - - [13/Apr/2012:03:54:59 -0500] "GET /business.php HTTP/1.1" 200 10592 "-" "msnbot/2.0b (+http://search.msn.com/msnbot.htm)"
157.56.94.169 - - [13/Apr/2012:03:55:01 -0500] "GET /aboutus.php HTTP/1.1" 200 11446 "-" "msnbot/2.0b (+http://search.msn.com/msnbot.htm)"
157.56.94.169 - - [13/Apr/2012:03:55:03 -0500] "GET /donate.php HTTP/1.1" 200 12791 "-" "msnbot/2.0b (+http://search.msn.com/msnbot.htm)"
1.202.218.8 - - [13/Apr/2012:04:19:03 -0500] "GET /robots.txt HTTP/1.0" 404 - "-" "\"Mozilla/5.0"
94.153.65.230 - - [13/Apr/2012:04:43:05 -0500] "GET / HTTP/1.1" 200 10256 "http://unpromed.ya.ru/replies.xml?item_no=3" "Mozilla/5.0 (compatible; Googlebot/2.1; +http://www.google.com/bot.html)"
100.43.83.155 - - [13/Apr/2012:06:44:02 -0500] "GET / HTTP/1.1" 200 10288 "-" "Mozilla/5.0 (compatible; YandexBot/3.0; +http://yandex.com/bots)"
123.125.71.53 - - [13/Apr/2012:06:53:59 -0500] "GET /robots.txt HTTP/1.1" 404 - "-" "Mozilla/5.0 (compatible; Baiduspider/2.0; +http://www.baidu.com/search/spider.html)"
100.43.83.155 - - [13/Apr/2012:07:03:18 -0500] "GET /business.php HTTP/1.1" 200 10592 "-" "Mozilla/5.0 (compatible; YandexBot/3.0; +http://yandex.com/bots)"
92.249.127.111 - - [13/Apr/2012:07:06:38 -0500] "GET / HTTP/1.1" 200 10288 "http://www.mebel-mia.ru/" "\xef\xbb\xbfMozilla/5.0 (compatible; Googlebot/2.1; +http://www.google.com/bot.html)"
1.202.218.8 - - [13/Apr/2012:07:44:28 -0500] "GET /robots.txt HTTP/1.0" 404 - "-" "\"Mozilla/5.0"
207.46.192.45 - - [13/Apr/2012:09:14:20 -0500] "GET /robots.txt HTTP/1.1" 404 - "-" "Mozilla/5.0 (compatible; bingbot/2.0; +http://www.bing.com/bingbot.htm)"
207.46.192.45 - - [13/Apr/2012:09:19:17 -0500] "GET /java_for_joes/index.html HTTP/1.1" 404 - "-" "Mozilla/5.0 (compatible; bingbot/2.0; +http://www.bing.com/bingbot.htm)"
66.249.67.87 - - [13/Apr/2012:09:24:31 -0500] "GET /robots.txt HTTP/1.1" 404 - "-" "Mozilla/5.0 (compatible; Googlebot/2.1; +http://www.google.com/bot.html)"
66.249.67.87 - - [13/Apr/2012:09:24:32 -0500] "GET /benefits.php HTTP/1.1" 404 - "-" "Mozilla/5.0 (iPhone; U; CPU iPhone OS 4_1 like Mac OS X; en-us) AppleWebKit/532.9 (KHTML, like Gecko) Version/4.0.5 Mobile/8B117 Safari/6531.22.7 (compatible; Googlebot-Mobile/2.1; +http://www.google.com/bot.html)"
69.171.234.2 - - [13/Apr/2012:09:29:10 -0500] "GET /images/global.png HTTP/1.1" 200 5737 "-" "facebookexternalhit/1.0 (+http://www.facebook.com/externalhit_uatext.php)"
64.246.161.190 - - [13/Apr/2012:09:48:48 -0500] "GET /robots.txt HTTP/1.0" 404 - "-" "Mozilla/5.0 (Windows; U; Windows NT 5.1; en; rv:1.9.0.13) Gecko/2009073022 Firefox/3.5.2 (.NET CLR 3.5.30729) SurveyBot/2.3 (DomainTools)"
64.246.161.190 - - [13/Apr/2012:09:48:48 -0500] "GET / HTTP/1.1" 200 10288 "http://whois.domaintools.com/operationspokaneheroes.org" "Mozilla/5.0 (Windows; U; Windows NT 5.1; en; rv:1.9.0.13) Gecko/2009073022 Firefox/3.5.2 (.NET CLR 3.5.30729) SurveyBot/2.3 (DomainTools)"
1.202.218.8 - - [13/Apr/2012:11:11:08 -0500] "GET /robots.txt HTTP/1.0" 404 - "-" "\"Mozilla/5.0"
193.106.136.59 - - [13/Apr/2012:11:25:43 -0500] "GET / HTTP/1.1" 200 10288 "http://hitman47.com/" "Mozilla/5.0 (compatible; Googlebot/2.1; +http://www.google.com/bot.html)"
66.220.146.247 - - [13/Apr/2012:11:53:11 -0500] "GET /java_for_joes/index.html HTTP/1.1" 404 - "-" "facebookexternalhit/1.1 (+http://www.facebook.com/externalhit_uatext.php)"
46.105.126.105 - - [13/Apr/2012:12:00:18 -0500] "GET /java_for_joes/index.html HTTP/1.1" 404 - "-" "Java/1.6.0_04"
66.249.67.87 - - [13/Apr/2012:13:34:24 -0500] "GET /benefits.php HTTP/1.1" 404 - "-" "Mozilla/5.0 (compatible; Googlebot/2.1; +http://www.google.com/bot.html)"
66.249.67.87 - - [13/Apr/2012:13:59:56 -0500] "GET /calendar.php HTTP/1.1" 200 10488 "-" "Mozilla/5.0 (compatible; Googlebot/2.1; +http://www.google.com/bot.html)"
66.249.67.87 - - [13/Apr/2012:14:03:47 -0500] "GET /contact.php HTTP/1.1" 200 10298 "-" "Mozilla/5.0 (compatible; Googlebot/2.1; +http://www.google.com/bot.html)"
89.108.102.171 - - [13/Apr/2012:14:30:18 -0500] "GET / HTTP/1.1" 200 10288 "http://avengers.biz/" "Mozilla/5.0 (compatible; Googlebot/2.1; +http://www.google.com/bot.html)"
1.202.218.8 - - [13/Apr/2012:14:32:18 -0500] "GET /robots.txt HTTP/1.0" 404 - "-" "\"Mozilla/5.0"
66.249.67.87 - - [13/Apr/2012:16:15:05 -0500] "GET /employers.php HTTP/1.1" 404 - "-" "Mozilla/5.0 (compatible; Googlebot/2.1; +http://www.google.com/bot.html)"
66.249.67.87 - - [13/Apr/2012:16:25:49 -0500] "GET /pdf/Cellphones%20for%20Soldiers%20press%20release.pdf HTTP/1.1" 404 - "-" "Mozilla/5.0 (compatible; Googlebot/2.1; +http://www.google.com/bot.html)"
66.249.67.87 - - [13/Apr/2012:16:42:27 -0500] "GET /pdf/msvcf.pdf HTTP/1.1" 404 - "-" "Mozilla/5.0 (compatible; Googlebot/2.1; +http://www.google.com/bot.html)"
180.76.5.141 - - [13/Apr/2012:17:08:26 -0500] "GET /robots.txt HTTP/1.1" 404 - "-" "Mozilla/5.0 (Windows NT 5.1; rv:6.0.2) Gecko/20100101 Firefox/6.0.2"
100.43.83.155 - - [13/Apr/2012:17:22:51 -0500] "GET /donate.php HTTP/1.1" 200 12791 "-" "Mozilla/5.0 (compatible; YandexBot/3.0; +http://yandex.com/bots)"
1.202.218.8 - - [13/Apr/2012:17:51:53 -0500] "GET /robots.txt HTTP/1.0" 404 - "-" "\"Mozilla/5.0"
65.52.110.16 - - [13/Apr/2012:17:52:29 -0500] "GET /robots.txt HTTP/1.1" 404 - "-" "Mozilla/5.0 (compatible; bingbot/2.0; +http://www.bing.com/bingbot.htm)"
65.52.110.16 - - [13/Apr/2012:17:53:11 -0500] "GET / HTTP/1.1" 200 10288 "-" "Mozilla/5.0 (compatible; bingbot/2.0; +http://www.bing.com/bingbot.htm)"
65.52.110.16 - - [13/Apr/2012:18:12:35 -0500] "GET / HTTP/1.1" 200 10288 "-" "Mozilla/5.0 (compatible; bingbot/2.0; +http://www.bing.com/bingbot.htm)"
66.249.67.87 - - [13/Apr/2012:19:58:13 -0500] "GET /wedo.php HTTP/1.1" 404 - "-" "Mozilla/5.0 (compatible; Googlebot/2.1; +http://www.google.com/bot.html)"
66.249.67.87 - - [13/Apr/2012:19:59:01 -0500] "GET /pdf/OSH%20Gift%20Cards%202011%20Media%20Advisory.pdf HTTP/1.1" 404 - "-" "Mozilla/5.0 (compatible; Googlebot/2.1; +http://www.google.com/bot.html)"
1.202.218.8 - - [13/Apr/2012:21:18:50 -0500] "GET /robots.txt HTTP/1.0" 404 - "-" "\"Mozilla/5.0"
180.76.5.94 - - [13/Apr/2012:21:22:55 -0500] "GET /join/ HTTP/1.1" 404 - "-" "Mozilla/5.0 (compatible; Baiduspider/2.0; +http://www.baidu.com/search/spider.html)"
92.39.50.53 - - [13/Apr/2012:21:48:02 -0500] "GET / HTTP/1.1" 200 10288 "http://maxyporn.com/" "Mozilla/5.0 (XXX bot Content 3.2.19)"
207.46.192.45 - - [13/Apr/2012:22:34:45 -0500] "GET /robots.txt HTTP/1.1" 404 - "-" "Mozilla/5.0 (compatible; bingbot/2.0; +http://www.bing.com/bingbot.htm)"
207.46.192.45 - - [13/Apr/2012:22:39:45 -0500] "GET /java_for_joes/java_for_joes_flyer2.pdf HTTP/1.1" 404 - "-" "Mozilla/5.0 (compatible; bingbot/2.0; +http://www.bing.com/bingbot.htm)"
66.249.67.87 - - [13/Apr/2012:23:19:55 -0500] "GET /robots.txt HTTP/1.1" 404 - "-" "Mozilla/5.0 (compatible; Googlebot/2.1; +http://www.google.com/bot.html)"
66.249.67.87 - - [13/Apr/2012:23:19:55 -0500] "GET / HTTP/1.1" 200 10288 "-" "Mozilla/5.0 (iPhone; U; CPU iPhone OS 4_1 like Mac OS X; en-us) AppleWebKit/532.9 (KHTML, like Gecko) Version/4.0.5 Mobile/8B117 Safari/6531.22.7 (compatible; Googlebot-Mobile/2.1; +http://www.google.com/bot.html)"
1.202.218.8 - - [14/Apr/2012:00:33:01 -0500] "GET /robots.txt HTTP/1.0" 404 - "-" "\"Mozilla/5.0"
92.249.127.111 - - [14/Apr/2012:01:04:41 -0500] "GET / HTTP/1.1" 200 10288 "http://megalovehouse.info/" "\xef\xbb\xbfMozilla/5.0 (compatible; Googlebot/2.1; +http://www.google.com/bot.html)"
94.153.65.230 - - [14/Apr/2012:01:04:47 -0500] "GET / HTTP/1.1" 200 10288 "http://music.utrolive.ru/" "Mozilla/5.0 (compatible; Googlebot/2.1; +http://www.google.com/bot.html)"
66.249.67.18 - - [14/Apr/2012:01:22:24 -0500] "GET /robots.txt HTTP/1.1" 404 - "-" "Mozilla/5.0 (compatible; Googlebot/2.1; +http://www.google.com/bot.html)"
66.249.67.18 - - [14/Apr/2012:01:22:25 -0500] "GET / HTTP/1.1" 200 10288 "-" "Mozilla/5.0 (compatible; Googlebot/2.1; +http://www.google.com/bot.html)"
157.56.94.169 - - [14/Apr/2012:02:13:25 -0500] "GET /robots.txt HTTP/1.1" 404 - "-" "msnbot/2.0b (+http://search.msn.com/msnbot.htm)"
157.56.94.169 - - [14/Apr/2012:02:13:25 -0500] "GET / HTTP/1.1" 200 10288 "-" "msnbot/2.0b (+http://search.msn.com/msnbot.htm)"
100.43.83.155 - - [14/Apr/2012:03:26:54 -0500] "GET /robots.txt HTTP/1.1" 404 - "-" "Mozilla/5.0 (compatible; YandexBot/3.0; +http://yandex.com/bots)"
109.120.157.179 - - [14/Apr/2012:03:46:40 -0500] "GET / HTTP/1.1" 200 10256 "http://lockmydrive.com/" "Mozilla/5.0 (compatible; Googlebot/2.1; +http://www.google.com/bot.html)"
1.202.218.8 - - [14/Apr/2012:03:57:26 -0500] "GET /robots.txt HTTP/1.0" 404 - "-" "\"Mozilla/5.0"
213.110.133.221 - - [14/Apr/2012:03:59:02 -0500] "GET / HTTP/1.1" 200 10256 "http://www.artparquet.ru/" "Mozilla/5.0 (compatible; Googlebot/2.1; +http://www.google.com/bot.html)"
100.43.83.155 - - [14/Apr/2012:04:58:37 -0500] "GET / HTTP/1.1" 200 10288 "-" "Mozilla/5.0 (compatible; YandexBot/3.0; +http://yandex.com/bots)"
65.52.110.16 - - [14/Apr/2012:06:34:25 -0500] "GET /robots.txt HTTP/1.1" 404 - "-" "Mozilla/5.0 (compatible; bingbot/2.0; +http://www.bing.com/bingbot.htm)"
65.52.110.16 - - [14/Apr/2012:06:35:14 -0500] "GET /index.php HTTP/1.1" 200 10288 "-" "Mozilla/5.0 (compatible; bingbot/2.0; +http://www.bing.com/bingbot.htm)"
1.202.218.14 - - [14/Apr/2012:06:57:28 -0500] "GET /robots.txt HTTP/1.0" 404 - "-" "Mozilla/5.0 ()"
1.202.218.14 - - [14/Apr/2012:07:05:33 -0500] "HEAD /images/best_suspenders.jpg HTTP/1.0" 404 - "-" "\"Mozilla/5.0"
1.202.218.14 - - [14/Apr/2012:07:06:35 -0500] "GET /images/best_suspenders.jpg HTTP/1.0" 404 - "http://operationspokaneheroes.org/java_for_joes/index.html" "\"Mozilla/5.0"
1.202.218.8 - - [14/Apr/2012:07:27:34 -0500] "GET /robots.txt HTTP/1.0" 404 - "-" "\"Mozilla/5.0"
123.126.68.20 - - [14/Apr/2012:08:06:57 -0500] "GET / HTTP/1.1" 200 10288 "-" "Sogou web spider/4.0(+http://www.sogou.com/docs/help/webmasters.htm#07)"
69.28.58.10 - - [14/Apr/2012:08:07:26 -0500] "GET / HTTP/1.1" 200 10288 "-" "Wget/1.9+cvs-stable (Red Hat modified)"
77.20.154.156 - - [14/Apr/2012:08:12:25 -0500] "GET /robots.txt HTTP/1.1" 404 - "-" "findlinks/2.0.2 (+http://wortschatz.uni-leipzig.de/findlinks/)"
100.43.83.155 - - [14/Apr/2012:09:43:48 -0500] "GET /business.php HTTP/1.1" 200 10592 "-" "Mozilla/5.0 (compatible; YandexBot/3.0; +http://yandex.com/bots)"
157.56.94.169 - - [14/Apr/2012:09:55:47 -0500] "GET / HTTP/1.1" 200 10288 "-" "msnbot/2.0b (+http://search.msn.com/msnbot.htm)"
193.106.136.59 - - [14/Apr/2012:10:32:17 -0500] "GET / HTTP/1.1" 200 10108 "http://syndicatesofarkon.com/" "Mozilla/5.0 (compatible; Googlebot/2.1; +http://www.google.com/bot.html)"
1.202.218.8 - - [14/Apr/2012:10:52:40 -0500] "GET /robots.txt HTTP/1.0" 404 - "-" "\"Mozilla/5.0"
100.43.83.155 - - [14/Apr/2012:13:34:27 -0500] "GET /index.php HTTP/1.1" 200 10288 "-" "Mozilla/5.0 (compatible; YandexBot/3.0; +http://yandex.com/bots)"
66.249.67.18 - - [14/Apr/2012:14:17:57 -0500] "GET /robots.txt HTTP/1.1" 404 - "-" "Mozilla/5.0 (compatible; Googlebot/2.1; +http://www.google.com/bot.html)"
66.249.67.18 - - [14/Apr/2012:14:17:57 -0500] "GET /aboutus.php HTTP/1.1" 200 11446 "-" "Mozilla/5.0 (iPhone; U; CPU iPhone OS 4_1 like Mac OS X; en-us) AppleWebKit/532.9 (KHTML, like Gecko) Version/4.0.5 Mobile/8B117 Safari/6531.22.7 (compatible; Googlebot-Mobile/2.1; +http://www.google.com/bot.html)"
1.202.218.8 - - [14/Apr/2012:14:18:42 -0500] "GET /robots.txt HTTP/1.0" 404 - "-" "\"Mozilla/5.0"
66.249.67.87 - - [14/Apr/2012:14:53:43 -0500] "GET /robots.txt HTTP/1.1" 404 - "-" "Mozilla/5.0 (compatible; Googlebot/2.1; +http://www.google.com/bot.html)"
66.249.67.87 - - [14/Apr/2012:14:53:43 -0500] "GET /business_discount.php HTTP/1.1" 404 - "-" "Mozilla/5.0 (iPhone; U; CPU iPhone OS 4_1 like Mac OS X; en-us) AppleWebKit/532.9 (KHTML, like Gecko) Version/4.0.5 Mobile/8B117 Safari/6531.22.7 (compatible; Googlebot-Mobile/2.1; +http://www.google.com/bot.html)"
65.52.110.16 - - [14/Apr/2012:15:23:45 -0500] "GET /robots.txt HTTP/1.1" 404 - "-" "Mozilla/5.0 (compatible; bingbot/2.0; +http://www.bing.com/bingbot.htm)"
65.52.110.16 - - [14/Apr/2012:15:28:53 -0500] "GET / HTTP/1.1" 200 10288 "-" "Mozilla/5.0 (compatible; bingbot/2.0; +http://www.bing.com/bingbot.htm)"
100.43.83.155 - - [14/Apr/2012:16:46:24 -0500] "GET /contact.php HTTP/1.1" 200 10298 "-" "Mozilla/5.0 (compatible; YandexBot/3.0; +http://yandex.com/bots)"
1.202.218.8 - - [14/Apr/2012:17:40:02 -0500] "GET /robots.txt HTTP/1.0" 404 - "-" "\"Mozilla/5.0"
65.52.110.16 - - [14/Apr/2012:17:49:55 -0500] "GET /robots.txt HTTP/1.1" 404 - "-" "Mozilla/5.0 (compatible; bingbot/2.0; +http://www.bing.com/bingbot.htm)"
65.52.110.16 - - [14/Apr/2012:17:50:30 -0500] "GET /index.php HTTP/1.1" 200 10288 "-" "Mozilla/5.0 (compatible; bingbot/2.0; +http://www.bing.com/bingbot.htm)"
1.202.218.8 - - [14/Apr/2012:21:01:25 -0500] "GET /robots.txt HTTP/1.0" 404 - "-" "\"Mozilla/5.0"
65.52.110.30 - - [14/Apr/2012:23:41:12 -0500] "GET /robots.txt HTTP/1.1" 404 - "-" "Mozilla/5.0 (compatible; bingbot/2.0; +http://www.bing.com/bingbot.htm)"
100.43.83.155 - - [14/Apr/2012:23:44:40 -0500] "GET /calendar.php HTTP/1.1" 200 10488 "-" "Mozilla/5.0 (compatible; YandexBot/3.0; +http://yandex.com/bots)"
65.52.110.30 - - [14/Apr/2012:23:46:07 -0500] "GET /resources.php HTTP/1.1" 200 10288 "-" "Mozilla/5.0 (compatible; bingbot/2.0; +http://www.bing.com/bingbot.htm)"
69.171.234.4 - - [15/Apr/2012:00:33:21 -0500] "GET /java_for_joes HTTP/1.1" 404 - "-" "facebookexternalhit/1.1 (+http://www.facebook.com/externalhit_uatext.php)"
100.43.83.155 - - [15/Apr/2012:00:34:03 -0500] "GET /slider.html HTTP/1.1" 200 7532 "-" "Mozilla/5.0 (compatible; YandexBot/3.0; +http://yandex.com/bots)"
66.249.67.87 - - [15/Apr/2012:01:20:20 -0500] "GET /pdf/Invite%20for%20vets%20listening%20session%20(mm%20edits).pdf HTTP/1.1" 404 - "-" "Mozilla/5.0 (compatible; Googlebot/2.1; +http://www.google.com/bot.html)"
1.202.218.8 - - [15/Apr/2012:02:15:28 -0500] "GET /robots.txt HTTP/1.0" 404 - "-" "\"Mozilla/5.0"
1.202.218.8 - - [15/Apr/2012:05:38:45 -0500] "GET /robots.txt HTTP/1.0" 404 - "-" "\"Mozilla/5.0"
157.56.94.169 - - [15/Apr/2012:06:49:56 -0500] "GET /robots.txt HTTP/1.1" 404 - "-" "msnbot/2.0b (+http://search.msn.com/msnbot.htm)"
157.56.94.169 - - [15/Apr/2012:06:49:56 -0500] "GET / HTTP/1.1" 200 10288 "-" "msnbot/2.0b (+http://search.msn.com/msnbot.htm)"
180.76.5.93 - - [15/Apr/2012:07:11:04 -0500] "GET /robots.txt HTTP/1.1" 404 - "-" "Mozilla/5.0 (Windows NT 5.1; rv:6.0.2) Gecko/20100101 Firefox/6.0.2"
65.52.110.30 - - [15/Apr/2012:08:05:48 -0500] "GET /robots.txt HTTP/1.1" 404 - "-" "Mozilla/5.0 (compatible; bingbot/2.0; +http://www.bing.com/bingbot.htm)"
65.52.110.30 - - [15/Apr/2012:08:07:16 -0500] "GET /pdf/veteran_benefits.pdf HTTP/1.1" 200 111163 "-" "Mozilla/5.0 (compatible; bingbot/2.0; +http://www.bing.com/bingbot.htm)"
1.202.218.8 - - [15/Apr/2012:09:06:07 -0500] "GET /robots.txt HTTP/1.0" 404 - "-" "\"Mozilla/5.0"
66.249.72.227 - - [15/Apr/2012:10:28:50 -0500] "GET /robots.txt HTTP/1.1" 404 - "-" "Mozilla/5.0 (compatible; Googlebot/2.1; +http://www.google.com/bot.html)"
66.249.72.227 - - [15/Apr/2012:10:28:51 -0500] "GET /java_for_joes/index.html HTTP/1.1" 404 - "-" "Mozilla/5.0 (iPhone; U; CPU iPhone OS 4_1 like Mac OS X; en-us) AppleWebKit/532.9 (KHTML, like Gecko) Version/4.0.5 Mobile/8B117 Safari/6531.22.7 (compatible; Googlebot-Mobile/2.1; +http://www.google.com/bot.html)"
207.46.193.38 - - [15/Apr/2012:11:27:21 -0500] "GET /_inc/slide.php HTTP/1.1" 200 3205 "-" "Mozilla/4.0 (compatible; MSIE 7.0; Windows NT 5.1;  SV1;  .NET CLR 1.1.4325;  .NET CLR 2.0.50727;  .NET CLR 3.0.04506.648)"
207.46.193.38 - - [15/Apr/2012:11:27:22 -0500] "GET /css/style_global.css HTTP/1.1" 200 2621 "http://operationspokaneheroes.org/_inc/slide.php" "Mozilla/4.0 (compatible; MSIE 7.0; Windows NT 5.1;  SV1;  .NET CLR 1.1.4325;  .NET CLR 2.0.50727;  .NET CLR 3.0.04506.648)"
207.46.193.38 - - [15/Apr/2012:11:27:22 -0500] "GET /css/slide.css HTTP/1.1" 200 2869 "http://operationspokaneheroes.org/_inc/slide.php" "Mozilla/4.0 (compatible; MSIE 7.0; Windows NT 5.1;  SV1;  .NET CLR 1.1.4325;  .NET CLR 2.0.50727;  .NET CLR 3.0.04506.648)"
207.46.193.38 - - [15/Apr/2012:11:27:22 -0500] "GET /js/combined.js HTTP/1.1" 200 169946 "http://operationspokaneheroes.org/_inc/slide.php" "Mozilla/4.0 (compatible; MSIE 7.0; Windows NT 5.1;  SV1;  .NET CLR 1.1.4325;  .NET CLR 2.0.50727;  .NET CLR 3.0.04506.648)"
1.202.218.8 - - [15/Apr/2012:12:34:12 -0500] "GET /robots.txt HTTP/1.0" 404 - "-" "\"Mozilla/5.0"
207.46.13.117 - - [15/Apr/2012:12:49:48 -0500] "GET /robots.txt HTTP/1.1" 404 - "-" "Mozilla/5.0 (compatible; bingbot/2.0; +http://www.bing.com/bingbot.htm)"
207.46.13.117 - - [15/Apr/2012:12:53:05 -0500] "GET /business.php HTTP/1.1" 200 10592 "-" "Mozilla/5.0 (compatible; bingbot/2.0; +http://www.bing.com/bingbot.htm)"
157.56.94.169 - - [15/Apr/2012:13:32:31 -0500] "GET /robots.txt HTTP/1.1" 404 - "-" "msnbot/2.0b (+http://search.msn.com/msnbot.htm)"
157.56.94.169 - - [15/Apr/2012:13:32:31 -0500] "GET /index.php HTTP/1.1" 200 10288 "-" "msnbot/2.0b (+http://search.msn.com/msnbot.htm)"
157.56.94.169 - - [15/Apr/2012:13:32:32 -0500] "GET /contact.php HTTP/1.1" 200 10298 "-" "msnbot/2.0b (+http://search.msn.com/msnbot.htm)"
157.56.94.169 - - [15/Apr/2012:13:32:34 -0500] "GET /_inc/slide.php HTTP/1.1" 200 3205 "-" "msnbot/2.0b (+http://search.msn.com/msnbot.htm)"
157.56.94.169 - - [15/Apr/2012:13:32:35 -0500] "GET /calendar.php HTTP/1.1" 200 10488 "-" "msnbot/2.0b (+http://search.msn.com/msnbot.htm)"
157.56.94.169 - - [15/Apr/2012:13:32:39 -0500] "GET /slider.html HTTP/1.1" 200 7532 "-" "msnbot/2.0b (+http://search.msn.com/msnbot.htm)"
157.56.94.169 - - [15/Apr/2012:13:32:41 -0500] "GET /business.php HTTP/1.1" 200 10592 "-" "msnbot/2.0b (+http://search.msn.com/msnbot.htm)"
157.56.94.169 - - [15/Apr/2012:13:32:43 -0500] "GET /aboutus.php HTTP/1.1" 200 11446 "-" "msnbot/2.0b (+http://search.msn.com/msnbot.htm)"
157.56.94.169 - - [15/Apr/2012:13:32:44 -0500] "GET /donate.php HTTP/1.1" 200 12791 "-" "msnbot/2.0b (+http://search.msn.com/msnbot.htm)"
207.46.199.37 - - [15/Apr/2012:21:03:10 -0500] "GET /robots.txt HTTP/1.1" 404 - "-" "Mozilla/5.0 (compatible; bingbot/2.0; +http://www.bing.com/bingbot.htm)"
207.46.199.37 - - [15/Apr/2012:21:05:04 -0500] "GET /pdf/Internation%20Ministries%20for%20Vets%20by%20Vets%20July%2029%20to%2031%202011%20001.pdf HTTP/1.1" 404 - "-" "Mozilla/5.0 (compatible; bingbot/2.0; +http://www.bing.com/bingbot.htm)"
100.43.83.155 - - [15/Apr/2012:21:41:48 -0500] "GET /robots.txt HTTP/1.1" 404 - "-" "Mozilla/5.0 (compatible; YandexBot/3.0; +http://yandex.com/bots)"
123.126.68.20 - - [15/Apr/2012:21:58:56 -0500] "GET / HTTP/1.1" 200 10288 "-" "Sogou web spider/4.0(+http://www.sogou.com/docs/help/webmasters.htm#07)"
1.202.218.8 - - [15/Apr/2012:22:38:13 -0500] "GET /robots.txt HTTP/1.0" 404 - "-" "\"Mozilla/5.0"
38.100.21.17 - - [15/Apr/2012:23:03:54 -0500] "GET / HTTP/1.1" 200 10288 "-" "Mozilla/4.0 (compatible; MSIE 7.0; Windows NT 5.2)"
38.100.21.17 - - [15/Apr/2012:23:03:54 -0500] "GET /contact.php HTTP/1.1" 200 10298 "-" "Mozilla/4.0 (compatible; MSIE 7.0; Windows NT 5.2)"
38.100.21.17 - - [15/Apr/2012:23:03:55 -0500] "GET /donate.php HTTP/1.1" 200 12791 "-" "Mozilla/4.0 (compatible; MSIE 7.0; Windows NT 5.2)"
38.100.21.17 - - [15/Apr/2012:23:03:55 -0500] "GET /_inc/slide.php HTTP/1.1" 200 3205 "-" "Mozilla/4.0 (compatible; MSIE 7.0; Windows NT 5.2)"
38.100.21.17 - - [15/Apr/2012:23:03:55 -0500] "GET /business.php HTTP/1.1" 200 10592 "-" "Mozilla/4.0 (compatible; MSIE 7.0; Windows NT 5.2)"
38.100.21.17 - - [15/Apr/2012:23:03:56 -0500] "GET /slider.html HTTP/1.1" 200 7532 "-" "Mozilla/4.0 (compatible; MSIE 7.0; Windows NT 5.2)"
38.100.21.17 - - [15/Apr/2012:23:03:56 -0500] "GET /index.php HTTP/1.1" 200 10288 "-" "Mozilla/4.0 (compatible; MSIE 7.0; Windows NT 5.2)"
38.100.21.17 - - [15/Apr/2012:23:03:56 -0500] "GET /aboutus.php HTTP/1.1" 200 11446 "-" "Mozilla/4.0 (compatible; MSIE 7.0; Windows NT 5.2)"
38.100.21.17 - - [15/Apr/2012:23:03:56 -0500] "GET /calendar.php HTTP/1.1" 200 10488 "-" "Mozilla/4.0 (compatible; MSIE 7.0; Windows NT 5.2)"
38.100.21.17 - - [15/Apr/2012:23:03:56 -0500] "GET /css/global.css HTTP/1.1" 200 13951 "-" "Mozilla/4.0 (compatible; MSIE 7.0; Windows NT 5.2)"
77.75.77.11 - - [15/Apr/2012:23:28:36 -0500] "GET /robots.txt HTTP/1.1" 404 - "-" "SeznamBot/3.0 (+http://fulltext.sblog.cz/)"
77.75.77.11 - - [15/Apr/2012:23:28:37 -0500] "GET / HTTP/1.1" 200 10288 "-" "SeznamBot/3.0 (+http://fulltext.sblog.cz/)"
66.249.72.205 - - [16/Apr/2012:00:02:03 -0500] "GET /robots.txt HTTP/1.1" 404 - "-" "Mozilla/5.0 (compatible; Googlebot/2.1; +http://www.google.com/bot.html)"
66.249.72.205 - - [16/Apr/2012:00:02:03 -0500] "GET / HTTP/1.1" 200 10288 "-" "Mozilla/5.0 (iPhone; U; CPU iPhone OS 4_1 like Mac OS X; en-us) AppleWebKit/532.9 (KHTML, like Gecko) Version/4.0.5 Mobile/8B117 Safari/6531.22.7 (compatible; Googlebot-Mobile/2.1; +http://www.google.com/bot.html)"
69.171.228.247 - - [16/Apr/2012:01:05:15 -0500] "GET /images/global.png HTTP/1.1" 200 5737 "-" "facebookexternalhit/1.0 (+http://www.facebook.com/externalhit_uatext.php)"
66.220.147.244 - - [16/Apr/2012:01:05:15 -0500] "GET / HTTP/1.1" 200 10288 "-" "facebookexternalhit/1.1 (+http://www.facebook.com/externalhit_uatext.php)"
1.202.218.8 - - [16/Apr/2012:02:06:48 -0500] "GET /robots.txt HTTP/1.0" 404 - "-" "\"Mozilla/5.0"
207.46.192.45 - - [16/Apr/2012:02:28:42 -0500] "GET /robots.txt HTTP/1.1" 404 - "-" "Mozilla/5.0 (compatible; bingbot/2.0; +http://www.bing.com/bingbot.htm)"
207.46.192.45 - - [16/Apr/2012:02:31:30 -0500] "GET /java_for_joes/index.html HTTP/1.1" 404 - "-" "Mozilla/5.0 (compatible; bingbot/2.0; +http://www.bing.com/bingbot.htm)"
65.52.109.146 - - [16/Apr/2012:05:17:33 -0500] "GET /robots.txt HTTP/1.1" 404 - "-" "Mozilla/5.0 (compatible; bingbot/2.0; +http://www.bing.com/bingbot.htm)"
65.52.109.146 - - [16/Apr/2012:05:20:59 -0500] "GET /pdf/United%20We%20Stand%20American%20Legion%20Riders.pdf HTTP/1.1" 404 - "-" "Mozilla/5.0 (compatible; bingbot/2.0; +http://www.bing.com/bingbot.htm)"
1.202.218.8 - - [16/Apr/2012:05:34:59 -0500] "GET /robots.txt HTTP/1.0" 404 - "-" "\"Mozilla/5.0"
212.113.37.105 - - [16/Apr/2012:07:30:19 -0500] "GET /robots.txt HTTP/1.1" 404 - "-" "Mozilla/5.0 (compatible; AhrefsBot/3.0; +http://ahrefs.com/robot/)"
157.56.94.169 - - [16/Apr/2012:07:40:37 -0500] "GET / HTTP/1.1" 200 10288 "-" "msnbot/2.0b (+http://search.msn.com/msnbot.htm)"
100.43.83.155 - - [16/Apr/2012:07:49:35 -0500] "GET /donate.php HTTP/1.1" 200 12791 "-" "Mozilla/5.0 (compatible; YandexBot/3.0; +http://yandex.com/bots)"
1.202.218.8 - - [16/Apr/2012:08:38:06 -0500] "GET /robots.txt HTTP/1.0" 404 - "-" "\"Mozilla/5.0"
212.113.37.105 - - [16/Apr/2012:09:09:05 -0500] "GET /robots.txt HTTP/1.1" 404 - "-" "Mozilla/5.0 (compatible; AhrefsBot/3.0; +http://ahrefs.com/robot/)"
123.125.71.53 - - [16/Apr/2012:09:16:43 -0500] "GET /robots.txt HTTP/1.1" 404 - "-" "Mozilla/5.0 (compatible; Baiduspider/2.0; +http://www.baidu.com/search/spider.html)"
207.46.192.45 - - [16/Apr/2012:09:40:51 -0500] "GET /robots.txt HTTP/1.1" 404 - "-" "Mozilla/5.0 (compatible; bingbot/2.0; +http://www.bing.com/bingbot.htm)"
207.46.192.45 - - [16/Apr/2012:09:41:46 -0500] "GET /java_for_joes/index.html HTTP/1.1" 404 - "-" "Mozilla/5.0 (compatible; bingbot/2.0; +http://www.bing.com/bingbot.htm)"
75.146.54.1 - - [16/Apr/2012:10:31:10 -0500] "GET / HTTP/1.1" 200 10288 "http://www.google.com/url?sa=t&rct=j&q=operation%20spokane%20heroes&source=web&cd=1&ved=0CCUQFjAA&url=http%3A%2F%2Foperationspokaneheroes.org%2F&ei=PDuMT4bvE-KqiQLO19G6Cw&usg=AFQjCNGGuKExGUEgtWK2o7s2b3sBxGCH3Q" "Mozilla/4.0 (compatible; MSIE 8.0; Windows NT 5.1; Trident/4.0; GTB7.3; .NET CLR 1.1.4322; .NET CLR 2.0.50727; .NET CLR 3.0.04506.30; .NET CLR 3.0.4506.2152; .NET CLR 3.5.30729; .NET4.0C; .NET4.0E)"
75.146.54.1 - - [16/Apr/2012:10:31:10 -0500] "GET /images/contacticon.png HTTP/1.1" 200 4499 "http://operationspokaneheroes.org/" "Mozilla/4.0 (compatible; MSIE 8.0; Windows NT 5.1; Trident/4.0; GTB7.3; .NET CLR 1.1.4322; .NET CLR 2.0.50727; .NET CLR 3.0.04506.30; .NET CLR 3.0.4506.2152; .NET CLR 3.5.30729; .NET4.0C; .NET4.0E)"
75.146.54.1 - - [16/Apr/2012:10:31:10 -0500] "GET /images/facebook.png HTTP/1.1" 200 5004 "http://operationspokaneheroes.org/" "Mozilla/4.0 (compatible; MSIE 8.0; Windows NT 5.1; Trident/4.0; GTB7.3; .NET CLR 1.1.4322; .NET CLR 2.0.50727; .NET CLR 3.0.04506.30; .NET CLR 3.0.4506.2152; .NET CLR 3.5.30729; .NET4.0C; .NET4.0E)"
75.146.54.1 - - [16/Apr/2012:10:31:10 -0500] "GET /css/footer.css HTTP/1.1" 200 752 "http://operationspokaneheroes.org/" "Mozilla/4.0 (compatible; MSIE 8.0; Windows NT 5.1; Trident/4.0; GTB7.3; .NET CLR 1.1.4322; .NET CLR 2.0.50727; .NET CLR 3.0.04506.30; .NET CLR 3.0.4506.2152; .NET CLR 3.5.30729; .NET4.0C; .NET4.0E)"
75.146.54.1 - - [16/Apr/2012:10:31:10 -0500] "GET /images/global.png HTTP/1.1" 200 5737 "http://operationspokaneheroes.org/" "Mozilla/4.0 (compatible; MSIE 8.0; Windows NT 5.1; Trident/4.0; GTB7.3; .NET CLR 1.1.4322; .NET CLR 2.0.50727; .NET CLR 3.0.04506.30; .NET CLR 3.0.4506.2152; .NET CLR 3.5.30729; .NET4.0C; .NET4.0E)"
75.146.54.1 - - [16/Apr/2012:10:31:10 -0500] "GET /css/global.css HTTP/1.1" 200 13951 "http://operationspokaneheroes.org/" "Mozilla/4.0 (compatible; MSIE 8.0; Windows NT 5.1; Trident/4.0; GTB7.3; .NET CLR 1.1.4322; .NET CLR 2.0.50727; .NET CLR 3.0.04506.30; .NET CLR 3.0.4506.2152; .NET CLR 3.5.30729; .NET4.0C; .NET4.0E)"
75.146.54.1 - - [16/Apr/2012:10:31:11 -0500] "GET /mainbk.png HTTP/1.1" 200 290 "http://operationspokaneheroes.org/" "Mozilla/4.0 (compatible; MSIE 8.0; Windows NT 5.1; Trident/4.0; GTB7.3; .NET CLR 1.1.4322; .NET CLR 2.0.50727; .NET CLR 3.0.04506.30; .NET CLR 3.0.4506.2152; .NET CLR 3.5.30729; .NET4.0C; .NET4.0E)"
75.146.54.1 - - [16/Apr/2012:10:31:11 -0500] "GET /_inc/slide.php HTTP/1.1" 200 3205 "http://operationspokaneheroes.org/" "Mozilla/4.0 (compatible; MSIE 8.0; Windows NT 5.1; Trident/4.0; GTB7.3; .NET CLR 1.1.4322; .NET CLR 2.0.50727; .NET CLR 3.0.04506.30; .NET CLR 3.0.4506.2152; .NET CLR 3.5.30729; .NET4.0C; .NET4.0E)"
75.146.54.1 - - [16/Apr/2012:10:31:11 -0500] "GET /images/nav2.jpg HTTP/1.1" 200 4444 "http://operationspokaneheroes.org/" "Mozilla/4.0 (compatible; MSIE 8.0; Windows NT 5.1; Trident/4.0; GTB7.3; .NET CLR 1.1.4322; .NET CLR 2.0.50727; .NET CLR 3.0.04506.30; .NET CLR 3.0.4506.2152; .NET CLR 3.5.30729; .NET4.0C; .NET4.0E)"
75.146.54.1 - - [16/Apr/2012:10:31:11 -0500] "GET /slider.html HTTP/1.1" 200 7532 "http://operationspokaneheroes.org/" "Mozilla/4.0 (compatible; MSIE 8.0; Windows NT 5.1; Trident/4.0; GTB7.3; .NET CLR 1.1.4322; .NET CLR 2.0.50727; .NET CLR 3.0.04506.30; .NET CLR 3.0.4506.2152; .NET CLR 3.5.30729; .NET4.0C; .NET4.0E)"
75.146.54.1 - - [16/Apr/2012:10:31:11 -0500] "GET /css/slide.css HTTP/1.1" 200 2869 "http://operationspokaneheroes.org/_inc/slide.php" "Mozilla/4.0 (compatible; MSIE 8.0; Windows NT 5.1; Trident/4.0; GTB7.3; .NET CLR 1.1.4322; .NET CLR 2.0.50727; .NET CLR 3.0.04506.30; .NET CLR 3.0.4506.2152; .NET CLR 3.5.30729; .NET4.0C; .NET4.0E)"
75.146.54.1 - - [16/Apr/2012:10:31:11 -0500] "GET /css/style_global.css HTTP/1.1" 200 2621 "http://operationspokaneheroes.org/_inc/slide.php" "Mozilla/4.0 (compatible; MSIE 8.0; Windows NT 5.1; Trident/4.0; GTB7.3; .NET CLR 1.1.4322; .NET CLR 2.0.50727; .NET CLR 3.0.04506.30; .NET CLR 3.0.4506.2152; .NET CLR 3.5.30729; .NET4.0C; .NET4.0E)"
75.146.54.1 - - [16/Apr/2012:10:31:10 -0500] "GET /images/logo.png HTTP/1.1" 200 226129 "http://operationspokaneheroes.org/" "Mozilla/4.0 (compatible; MSIE 8.0; Windows NT 5.1; Trident/4.0; GTB7.3; .NET CLR 1.1.4322; .NET CLR 2.0.50727; .NET CLR 3.0.04506.30; .NET CLR 3.0.4506.2152; .NET CLR 3.5.30729; .NET4.0C; .NET4.0E)"
75.146.54.1 - - [16/Apr/2012:10:31:11 -0500] "GET /images/bg2.jpg HTTP/1.1" 200 55206 "http://operationspokaneheroes.org/" "Mozilla/4.0 (compatible; MSIE 8.0; Windows NT 5.1; Trident/4.0; GTB7.3; .NET CLR 1.1.4322; .NET CLR 2.0.50727; .NET CLR 3.0.04506.30; .NET CLR 3.0.4506.2152; .NET CLR 3.5.30729; .NET4.0C; .NET4.0E)"
75.146.54.1 - - [16/Apr/2012:10:31:11 -0500] "GET /jquery.easing.1.3.js HTTP/1.1" 200 8097 "http://operationspokaneheroes.org/slider.html" "Mozilla/4.0 (compatible; MSIE 8.0; Windows NT 5.1; Trident/4.0; GTB7.3; .NET CLR 1.1.4322; .NET CLR 2.0.50727; .NET CLR 3.0.04506.30; .NET CLR 3.0.4506.2152; .NET CLR 3.5.30729; .NET4.0C; .NET4.0E)"
75.146.54.1 - - [16/Apr/2012:10:31:11 -0500] "GET /css/compact_style.css HTTP/1.1" 200 4934 "http://operationspokaneheroes.org/slider.html" "Mozilla/4.0 (compatible; MSIE 8.0; Windows NT 5.1; Trident/4.0; GTB7.3; .NET CLR 1.1.4322; .NET CLR 2.0.50727; .NET CLR 3.0.04506.30; .NET CLR 3.0.4506.2152; .NET CLR 3.5.30729; .NET4.0C; .NET4.0E)"
75.146.54.1 - - [16/Apr/2012:10:31:11 -0500] "GET /js/cufon-yui.js HTTP/1.1" 200 18257 "http://operationspokaneheroes.org/slider.html" "Mozilla/4.0 (compatible; MSIE 8.0; Windows NT 5.1; Trident/4.0; GTB7.3; .NET CLR 1.1.4322; .NET CLR 2.0.50727; .NET CLR 3.0.04506.30; .NET CLR 3.0.4506.2152; .NET CLR 3.5.30729; .NET4.0C; .NET4.0E)"
75.146.54.1 - - [16/Apr/2012:10:31:11 -0500] "GET /js/Bebas_400.font.js HTTP/1.1" 200 32806 "http://operationspokaneheroes.org/slider.html" "Mozilla/4.0 (compatible; MSIE 8.0; Windows NT 5.1; Trident/4.0; GTB7.3; .NET CLR 1.1.4322; .NET CLR 2.0.50727; .NET CLR 3.0.04506.30; .NET CLR 3.0.4506.2152; .NET CLR 3.5.30729; .NET4.0C; .NET4.0E)"
75.146.54.1 - - [16/Apr/2012:10:31:11 -0500] "GET /js/combined.js HTTP/1.1" 200 169946 "http://operationspokaneheroes.org/_inc/slide.php" "Mozilla/4.0 (compatible; MSIE 8.0; Windows NT 5.1; Trident/4.0; GTB7.3; .NET CLR 1.1.4322; .NET CLR 2.0.50727; .NET CLR 3.0.04506.30; .NET CLR 3.0.4506.2152; .NET CLR 3.5.30729; .NET4.0C; .NET4.0E)"
75.146.54.1 - - [16/Apr/2012:10:31:12 -0500] "GET /images/osh_static_cling.jpg HTTP/1.1" 200 19209 "http://operationspokaneheroes.org/slider.html" "Mozilla/4.0 (compatible; MSIE 8.0; Windows NT 5.1; Trident/4.0; GTB7.3; .NET CLR 1.1.4322; .NET CLR 2.0.50727; .NET CLR 3.0.04506.30; .NET CLR 3.0.4506.2152; .NET CLR 3.5.30729; .NET4.0C; .NET4.0E)"
75.146.54.1 - - [16/Apr/2012:10:31:12 -0500] "GET /images/campfire.jpg HTTP/1.1" 200 17397 "http://operationspokaneheroes.org/slider.html" "Mozilla/4.0 (compatible; MSIE 8.0; Windows NT 5.1; Trident/4.0; GTB7.3; .NET CLR 1.1.4322; .NET CLR 2.0.50727; .NET CLR 3.0.04506.30; .NET CLR 3.0.4506.2152; .NET CLR 3.5.30729; .NET4.0C; .NET4.0E)"
75.146.54.1 - - [16/Apr/2012:10:31:12 -0500] "GET /images/prev.png HTTP/1.1" 200 2995 "http://operationspokaneheroes.org/slider.html" "Mozilla/4.0 (compatible; MSIE 8.0; Windows NT 5.1; Trident/4.0; GTB7.3; .NET CLR 1.1.4322; .NET CLR 2.0.50727; .NET CLR 3.0.04506.30; .NET CLR 3.0.4506.2152; .NET CLR 3.5.30729; .NET4.0C; .NET4.0E)"
75.146.54.1 - - [16/Apr/2012:10:31:12 -0500] "GET /images/next.png HTTP/1.1" 200 3022 "http://operationspokaneheroes.org/slider.html" "Mozilla/4.0 (compatible; MSIE 8.0; Windows NT 5.1; Trident/4.0; GTB7.3; .NET CLR 1.1.4322; .NET CLR 2.0.50727; .NET CLR 3.0.04506.30; .NET CLR 3.0.4506.2152; .NET CLR 3.5.30729; .NET4.0C; .NET4.0E)"
75.146.54.1 - - [16/Apr/2012:10:31:12 -0500] "GET /images/freedom_friday.jpg HTTP/1.1" 200 22631 "http://operationspokaneheroes.org/slider.html" "Mozilla/4.0 (compatible; MSIE 8.0; Windows NT 5.1; Trident/4.0; GTB7.3; .NET CLR 1.1.4322; .NET CLR 2.0.50727; .NET CLR 3.0.04506.30; .NET CLR 3.0.4506.2152; .NET CLR 3.5.30729; .NET4.0C; .NET4.0E)"
75.146.54.1 - - [16/Apr/2012:10:31:12 -0500] "GET /images/we_believe.png HTTP/1.1" 200 1785 "http://operationspokaneheroes.org/_inc/slide.php" "Mozilla/4.0 (compatible; MSIE 8.0; Windows NT 5.1; Trident/4.0; GTB7.3; .NET CLR 1.1.4322; .NET CLR 2.0.50727; .NET CLR 3.0.04506.30; .NET CLR 3.0.4506.2152; .NET CLR 3.5.30729; .NET4.0C; .NET4.0E)"
75.146.54.1 - - [16/Apr/2012:10:31:12 -0500] "GET /images/mission_statement_bg.png HTTP/1.1" 200 11413 "http://operationspokaneheroes.org/_inc/slide.php" "Mozilla/4.0 (compatible; MSIE 8.0; Windows NT 5.1; Trident/4.0; GTB7.3; .NET CLR 1.1.4322; .NET CLR 2.0.50727; .NET CLR 3.0.04506.30; .NET CLR 3.0.4506.2152; .NET CLR 3.5.30729; .NET4.0C; .NET4.0E)"
75.146.54.1 - - [16/Apr/2012:10:31:12 -0500] "GET /images/we_strive.png HTTP/1.1" 200 1981 "http://operationspokaneheroes.org/_inc/slide.php" "Mozilla/4.0 (compatible; MSIE 8.0; Windows NT 5.1; Trident/4.0; GTB7.3; .NET CLR 1.1.4322; .NET CLR 2.0.50727; .NET CLR 3.0.04506.30; .NET CLR 3.0.4506.2152; .NET CLR 3.5.30729; .NET4.0C; .NET4.0E)"
75.146.54.1 - - [16/Apr/2012:10:31:12 -0500] "GET /images/we_help.png HTTP/1.1" 200 1514 "http://operationspokaneheroes.org/_inc/slide.php" "Mozilla/4.0 (compatible; MSIE 8.0; Windows NT 5.1; Trident/4.0; GTB7.3; .NET CLR 1.1.4322; .NET CLR 2.0.50727; .NET CLR 3.0.04506.30; .NET CLR 3.0.4506.2152; .NET CLR 3.5.30729; .NET4.0C; .NET4.0E)"
75.146.54.1 - - [16/Apr/2012:10:31:12 -0500] "GET /images/we_need.png HTTP/1.1" 200 2138 "http://operationspokaneheroes.org/_inc/slide.php" "Mozilla/4.0 (compatible; MSIE 8.0; Windows NT 5.1; Trident/4.0; GTB7.3; .NET CLR 1.1.4322; .NET CLR 2.0.50727; .NET CLR 3.0.04506.30; .NET CLR 3.0.4506.2152; .NET CLR 3.5.30729; .NET4.0C; .NET4.0E)"
75.146.54.1 - - [16/Apr/2012:10:31:12 -0500] "GET /assets/images/btn_top_search_hover.png HTTP/1.1" 404 - "http://operationspokaneheroes.org/_inc/slide.php" "Mozilla/4.0 (compatible; MSIE 8.0; Windows NT 5.1; Trident/4.0; GTB7.3; .NET CLR 1.1.4322; .NET CLR 2.0.50727; .NET CLR 3.0.04506.30; .NET CLR 3.0.4506.2152; .NET CLR 3.5.30729; .NET4.0C; .NET4.0E)"
75.146.54.1 - - [16/Apr/2012:10:31:12 -0500] "GET /assets/images/btn_main_search_hover.png HTTP/1.1" 404 - "http://operationspokaneheroes.org/_inc/slide.php" "Mozilla/4.0 (compatible; MSIE 8.0; Windows NT 5.1; Trident/4.0; GTB7.3; .NET CLR 1.1.4322; .NET CLR 2.0.50727; .NET CLR 3.0.04506.30; .NET CLR 3.0.4506.2152; .NET CLR 3.5.30729; .NET4.0C; .NET4.0E)"
75.146.54.1 - - [16/Apr/2012:10:31:12 -0500] "GET /images/1.jpg HTTP/1.1" 200 142489 "http://operationspokaneheroes.org/_inc/slide.php" "Mozilla/4.0 (compatible; MSIE 8.0; Windows NT 5.1; Trident/4.0; GTB7.3; .NET CLR 1.1.4322; .NET CLR 2.0.50727; .NET CLR 3.0.04506.30; .NET CLR 3.0.4506.2152; .NET CLR 3.5.30729; .NET4.0C; .NET4.0E)"
75.146.54.1 - - [16/Apr/2012:10:31:12 -0500] "GET /images/4.jpg HTTP/1.1" 200 186934 "http://operationspokaneheroes.org/_inc/slide.php" "Mozilla/4.0 (compatible; MSIE 8.0; Windows NT 5.1; Trident/4.0; GTB7.3; .NET CLR 1.1.4322; .NET CLR 2.0.50727; .NET CLR 3.0.04506.30; .NET CLR 3.0.4506.2152; .NET CLR 3.5.30729; .NET4.0C; .NET4.0E)"
75.146.54.1 - - [16/Apr/2012:10:31:12 -0500] "GET /images/2.jpg HTTP/1.1" 200 170993 "http://operationspokaneheroes.org/_inc/slide.php" "Mozilla/4.0 (compatible; MSIE 8.0; Windows NT 5.1; Trident/4.0; GTB7.3; .NET CLR 1.1.4322; .NET CLR 2.0.50727; .NET CLR 3.0.04506.30; .NET CLR 3.0.4506.2152; .NET CLR 3.5.30729; .NET4.0C; .NET4.0E)"
75.146.54.1 - - [16/Apr/2012:10:31:12 -0500] "GET /images/3.jpg HTTP/1.1" 200 240733 "http://operationspokaneheroes.org/_inc/slide.php" "Mozilla/4.0 (compatible; MSIE 8.0; Windows NT 5.1; Trident/4.0; GTB7.3; .NET CLR 1.1.4322; .NET CLR 2.0.50727; .NET CLR 3.0.04506.30; .NET CLR 3.0.4506.2152; .NET CLR 3.5.30729; .NET4.0C; .NET4.0E)"
75.146.54.1 - - [16/Apr/2012:10:31:13 -0500] "GET /favicon.ico HTTP/1.1" 404 - "-" "Mozilla/4.0 (compatible; MSIE 8.0; Windows NT 5.1; Trident/4.0; GTB7.3; .NET CLR 1.1.4322; .NET CLR 2.0.50727; .NET CLR 3.0.04506.30; .NET CLR 3.0.4506.2152; .NET CLR 3.5.30729; .NET4.0C; .NET4.0E)"
75.146.54.1 - - [16/Apr/2012:10:31:23 -0500] "GET /aboutus.php HTTP/1.1" 200 11446 "http://operationspokaneheroes.org/" "Mozilla/4.0 (compatible; MSIE 8.0; Windows NT 5.1; Trident/4.0; GTB7.3; .NET CLR 1.1.4322; .NET CLR 2.0.50727; .NET CLR 3.0.04506.30; .NET CLR 3.0.4506.2152; .NET CLR 3.5.30729; .NET4.0C; .NET4.0E)"
75.146.54.1 - - [16/Apr/2012:10:31:24 -0500] "GET /_inc/slide.php HTTP/1.1" 200 3205 "http://operationspokaneheroes.org/aboutus.php" "Mozilla/4.0 (compatible; MSIE 8.0; Windows NT 5.1; Trident/4.0; GTB7.3; .NET CLR 1.1.4322; .NET CLR 2.0.50727; .NET CLR 3.0.04506.30; .NET CLR 3.0.4506.2152; .NET CLR 3.5.30729; .NET4.0C; .NET4.0E)"
75.146.54.1 - - [16/Apr/2012:10:31:24 -0500] "GET /assets/images/btn_top_search_hover.png HTTP/1.1" 404 - "http://operationspokaneheroes.org/_inc/slide.php" "Mozilla/4.0 (compatible; MSIE 8.0; Windows NT 5.1; Trident/4.0; GTB7.3; .NET CLR 1.1.4322; .NET CLR 2.0.50727; .NET CLR 3.0.04506.30; .NET CLR 3.0.4506.2152; .NET CLR 3.5.30729; .NET4.0C; .NET4.0E)"
75.146.54.1 - - [16/Apr/2012:10:31:24 -0500] "GET /assets/images/btn_main_search_hover.png HTTP/1.1" 404 - "http://operationspokaneheroes.org/_inc/slide.php" "Mozilla/4.0 (compatible; MSIE 8.0; Windows NT 5.1; Trident/4.0; GTB7.3; .NET CLR 1.1.4322; .NET CLR 2.0.50727; .NET CLR 3.0.04506.30; .NET CLR 3.0.4506.2152; .NET CLR 3.5.30729; .NET4.0C; .NET4.0E)"
75.146.54.1 - - [16/Apr/2012:10:31:24 -0500] "GET /favicon.ico HTTP/1.1" 404 - "-" "Mozilla/4.0 (compatible; MSIE 8.0; Windows NT 5.1; Trident/4.0; GTB7.3; .NET CLR 1.1.4322; .NET CLR 2.0.50727; .NET CLR 3.0.04506.30; .NET CLR 3.0.4506.2152; .NET CLR 3.5.30729; .NET4.0C; .NET4.0E)"
75.146.54.1 - - [16/Apr/2012:10:31:32 -0500] "GET /calendar.php HTTP/1.1" 200 10488 "http://operationspokaneheroes.org/aboutus.php" "Mozilla/4.0 (compatible; MSIE 8.0; Windows NT 5.1; Trident/4.0; GTB7.3; .NET CLR 1.1.4322; .NET CLR 2.0.50727; .NET CLR 3.0.04506.30; .NET CLR 3.0.4506.2152; .NET CLR 3.5.30729; .NET4.0C; .NET4.0E)"
75.146.54.1 - - [16/Apr/2012:10:31:32 -0500] "GET /_inc/slide.php HTTP/1.1" 200 3205 "http://operationspokaneheroes.org/calendar.php" "Mozilla/4.0 (compatible; MSIE 8.0; Windows NT 5.1; Trident/4.0; GTB7.3; .NET CLR 1.1.4322; .NET CLR 2.0.50727; .NET CLR 3.0.04506.30; .NET CLR 3.0.4506.2152; .NET CLR 3.5.30729; .NET4.0C; .NET4.0E)"
75.146.54.1 - - [16/Apr/2012:10:31:33 -0500] "GET /assets/images/btn_top_search_hover.png HTTP/1.1" 404 - "http://operationspokaneheroes.org/_inc/slide.php" "Mozilla/4.0 (compatible; MSIE 8.0; Windows NT 5.1; Trident/4.0; GTB7.3; .NET CLR 1.1.4322; .NET CLR 2.0.50727; .NET CLR 3.0.04506.30; .NET CLR 3.0.4506.2152; .NET CLR 3.5.30729; .NET4.0C; .NET4.0E)"
75.146.54.1 - - [16/Apr/2012:10:31:33 -0500] "GET /assets/images/btn_main_search_hover.png HTTP/1.1" 404 - "http://operationspokaneheroes.org/_inc/slide.php" "Mozilla/4.0 (compatible; MSIE 8.0; Windows NT 5.1; Trident/4.0; GTB7.3; .NET CLR 1.1.4322; .NET CLR 2.0.50727; .NET CLR 3.0.04506.30; .NET CLR 3.0.4506.2152; .NET CLR 3.5.30729; .NET4.0C; .NET4.0E)"
75.146.54.1 - - [16/Apr/2012:10:31:39 -0500] "GET /index.php HTTP/1.1" 200 10288 "http://operationspokaneheroes.org/calendar.php" "Mozilla/4.0 (compatible; MSIE 8.0; Windows NT 5.1; Trident/4.0; GTB7.3; .NET CLR 1.1.4322; .NET CLR 2.0.50727; .NET CLR 3.0.04506.30; .NET CLR 3.0.4506.2152; .NET CLR 3.5.30729; .NET4.0C; .NET4.0E)"
75.146.54.1 - - [16/Apr/2012:10:31:39 -0500] "GET /_inc/slide.php HTTP/1.1" 200 3205 "http://operationspokaneheroes.org/index.php" "Mozilla/4.0 (compatible; MSIE 8.0; Windows NT 5.1; Trident/4.0; GTB7.3; .NET CLR 1.1.4322; .NET CLR 2.0.50727; .NET CLR 3.0.04506.30; .NET CLR 3.0.4506.2152; .NET CLR 3.5.30729; .NET4.0C; .NET4.0E)"
75.146.54.1 - - [16/Apr/2012:10:31:39 -0500] "GET /assets/images/btn_top_search_hover.png HTTP/1.1" 404 - "http://operationspokaneheroes.org/_inc/slide.php" "Mozilla/4.0 (compatible; MSIE 8.0; Windows NT 5.1; Trident/4.0; GTB7.3; .NET CLR 1.1.4322; .NET CLR 2.0.50727; .NET CLR 3.0.04506.30; .NET CLR 3.0.4506.2152; .NET CLR 3.5.30729; .NET4.0C; .NET4.0E)"
75.146.54.1 - - [16/Apr/2012:10:31:39 -0500] "GET /assets/images/btn_main_search_hover.png HTTP/1.1" 404 - "http://operationspokaneheroes.org/_inc/slide.php" "Mozilla/4.0 (compatible; MSIE 8.0; Windows NT 5.1; Trident/4.0; GTB7.3; .NET CLR 1.1.4322; .NET CLR 2.0.50727; .NET CLR 3.0.04506.30; .NET CLR 3.0.4506.2152; .NET CLR 3.5.30729; .NET4.0C; .NET4.0E)"
69.171.228.247 - - [16/Apr/2012:11:09:06 -0500] "GET /images/global.png HTTP/1.1" 200 5737 "-" "facebookexternalhit/1.0 (+http://www.facebook.com/externalhit_uatext.php)"
212.113.37.105 - - [16/Apr/2012:11:49:02 -0500] "GET /robots.txt HTTP/1.1" 404 - "-" "Mozilla/5.0 (compatible; AhrefsBot/3.0; +http://ahrefs.com/robot/)"
207.46.192.45 - - [16/Apr/2012:12:04:26 -0500] "GET /robots.txt HTTP/1.1" 404 - "-" "Mozilla/5.0 (compatible; bingbot/2.0; +http://www.bing.com/bingbot.htm)"
207.46.192.45 - - [16/Apr/2012:12:05:48 -0500] "GET /java_for_joes/press_release.pdf HTTP/1.1" 404 - "-" "Mozilla/5.0 (compatible; bingbot/2.0; +http://www.bing.com/bingbot.htm)"
212.113.37.105 - - [16/Apr/2012:13:36:35 -0500] "GET /robots.txt HTTP/1.1" 404 - "-" "Mozilla/5.0 (compatible; AhrefsBot/3.0; +http://ahrefs.com/robot/)"
173.192.238.51 - - [16/Apr/2012:13:46:23 -0500] "GET / HTTP/1.1" 200 10288 "-" "Mozilla/5.0 (X11; U; Linux x86_64; en-US; rv:1.9.0.19; aggregator:Spinn3r (Spinn3r 3.1); http://spinn3r.com/robot) Gecko/2010040121 Firefox/3.0.19"
69.28.40.90 - - [16/Apr/2012:13:46:24 -0500] "GET /business.php HTTP/1.1" 200 10592 "http://www.google.com/url?sa=t&rct=j&q=military%20discounts%20spokane%20%20washington&source=web&cd=10&sqi=2&ved=0CJ4BEBYwCQ&url=http%3A%2F%2Foperationspokaneheroes.org%2Fbusiness.php&ei=7GeMT9rII-ibiAKng8DiCw&usg=AFQjCNH7yKz39NLuvdo4yBacj2NOKR4rWg" "Mozilla/5.0 (Windows; U; Windows NT 6.0; en-US; rv:1.9.2.28) Gecko/20120306 Firefox/3.6.28 ( .NET CLR 3.5.30729; .NET4.0C)"
69.28.40.90 - - [16/Apr/2012:13:46:24 -0500] "GET /images/facebook.png HTTP/1.1" 200 5004 "http://operationspokaneheroes.org/business.php" "Mozilla/5.0 (Windows; U; Windows NT 6.0; en-US; rv:1.9.2.28) Gecko/20120306 Firefox/3.6.28 ( .NET CLR 3.5.30729; .NET4.0C)"
69.28.40.90 - - [16/Apr/2012:13:46:24 -0500] "GET /images/global.png HTTP/1.1" 200 5737 "http://operationspokaneheroes.org/business.php" "Mozilla/5.0 (Windows; U; Windows NT 6.0; en-US; rv:1.9.2.28) Gecko/20120306 Firefox/3.6.28 ( .NET CLR 3.5.30729; .NET4.0C)"
69.28.40.90 - - [16/Apr/2012:13:46:24 -0500] "GET /images/contacticon.png HTTP/1.1" 200 4499 "http://operationspokaneheroes.org/business.php" "Mozilla/5.0 (Windows; U; Windows NT 6.0; en-US; rv:1.9.2.28) Gecko/20120306 Firefox/3.6.28 ( .NET CLR 3.5.30729; .NET4.0C)"
69.28.40.90 - - [16/Apr/2012:13:46:24 -0500] "GET /_inc/slide.php HTTP/1.1" 200 3205 "http://operationspokaneheroes.org/business.php" "Mozilla/5.0 (Windows; U; Windows NT 6.0; en-US; rv:1.9.2.28) Gecko/20120306 Firefox/3.6.28 ( .NET CLR 3.5.30729; .NET4.0C)"
69.28.40.90 - - [16/Apr/2012:13:46:24 -0500] "GET /css/footer.css HTTP/1.1" 200 752 "http://operationspokaneheroes.org/business.php" "Mozilla/5.0 (Windows; U; Windows NT 6.0; en-US; rv:1.9.2.28) Gecko/20120306 Firefox/3.6.28 ( .NET CLR 3.5.30729; .NET4.0C)"
69.28.40.90 - - [16/Apr/2012:13:46:24 -0500] "GET /css/global.css HTTP/1.1" 200 13951 "http://operationspokaneheroes.org/business.php" "Mozilla/5.0 (Windows; U; Windows NT 6.0; en-US; rv:1.9.2.28) Gecko/20120306 Firefox/3.6.28 ( .NET CLR 3.5.30729; .NET4.0C)"
69.28.40.90 - - [16/Apr/2012:13:46:24 -0500] "GET /css/slide.css HTTP/1.1" 200 2869 "http://operationspokaneheroes.org/_inc/slide.php" "Mozilla/5.0 (Windows; U; Windows NT 6.0; en-US; rv:1.9.2.28) Gecko/20120306 Firefox/3.6.28 ( .NET CLR 3.5.30729; .NET4.0C)"
