67.185.0.45 - - [01/Nov/2013:13:03:37 -0500] "GET /contact.php HTTP/1.1" 200 10519 "http://operationspokaneheroes.org/donate.php" "Mozilla/5.0 (iPad; CPU OS 7_0_2 like Mac OS X) AppleWebKit/537.51.1 (KHTML, like Gecko) Version/7.0 Mobile/11A501 Safari/9537.53"
67.185.0.45 - - [01/Nov/2013:13:03:37 -0500] "GET /_inc/slide.php HTTP/1.1" 200 3205 "http://operationspokaneheroes.org/contact.php" "Mozilla/5.0 (iPad; CPU OS 7_0_2 like Mac OS X) AppleWebKit/537.51.1 (KHTML, like Gecko) Version/7.0 Mobile/11A501 Safari/9537.53"
67.185.0.45 - - [01/Nov/2013:13:03:38 -0500] "GET /_inc/contact.php HTTP/1.1" 200 756 "http://operationspokaneheroes.org/contact.php" "Mozilla/5.0 (iPad; CPU OS 7_0_2 like Mac OS X) AppleWebKit/537.51.1 (KHTML, like Gecko) Version/7.0 Mobile/11A501 Safari/9537.53"
67.185.0.45 - - [01/Nov/2013:13:03:38 -0500] "GET /assets/images/btn_main_search_hover.png HTTP/1.1" 404 - "http://operationspokaneheroes.org/_inc/slide.php" "Mozilla/5.0 (iPad; CPU OS 7_0_2 like Mac OS X) AppleWebKit/537.51.1 (KHTML, like Gecko) Version/7.0 Mobile/11A501 Safari/9537.53"
67.185.0.45 - - [01/Nov/2013:13:03:38 -0500] "GET /assets/images/btn_top_search_hover.png HTTP/1.1" 404 - "http://operationspokaneheroes.org/_inc/slide.php" "Mozilla/5.0 (iPad; CPU OS 7_0_2 like Mac OS X) AppleWebKit/537.51.1 (KHTML, like Gecko) Version/7.0 Mobile/11A501 Safari/9537.53"
67.185.0.45 - - [01/Nov/2013:13:03:38 -0500] "GET /css/contact_style.css HTTP/1.1" 200 843 "http://operationspokaneheroes.org/_inc/contact.php" "Mozilla/5.0 (iPad; CPU OS 7_0_2 like Mac OS X) AppleWebKit/537.51.1 (KHTML, like Gecko) Version/7.0 Mobile/11A501 Safari/9537.53"
67.185.0.45 - - [01/Nov/2013:13:07:15 -0500] "POST /contact/contactengine.php HTTP/1.1" 200 61 "http://operationspokaneheroes.org/_inc/contact.php" "Mozilla/5.0 (iPad; CPU OS 7_0_2 like Mac OS X) AppleWebKit/537.51.1 (KHTML, like Gecko) Version/7.0 Mobile/11A501 Safari/9537.53"
67.185.0.45 - - [01/Nov/2013:13:07:21 -0500] "GET /contact/contactthanks.php HTTP/1.1" 200 492 "http://operationspokaneheroes.org/contact/contactengine.php" "Mozilla/5.0 (iPad; CPU OS 7_0_2 like Mac OS X) AppleWebKit/537.51.1 (KHTML, like Gecko) Version/7.0 Mobile/11A501 Safari/9537.53"
67.185.0.45 - - [01/Nov/2013:13:07:24 -0500] "GET /contact/style.css HTTP/1.1" 200 853 "http://operationspokaneheroes.org/contact/contactthanks.php" "Mozilla/5.0 (iPad; CPU OS 7_0_2 like Mac OS X) AppleWebKit/537.51.1 (KHTML, like Gecko) Version/7.0 Mobile/11A501 Safari/9537.53"
67.185.0.45 - - [01/Nov/2013:13:07:52 -0500] "GET /calendar.php HTTP/1.1" 200 10644 "http://operationspokaneheroes.org/contact.php" "Mozilla/5.0 (iPad; CPU OS 7_0_2 like Mac OS X) AppleWebKit/537.51.1 (KHTML, like Gecko) Version/7.0 Mobile/11A501 Safari/9537.53"
67.185.0.45 - - [01/Nov/2013:13:07:52 -0500] "GET /_inc/slide.php HTTP/1.1" 200 3205 "http://operationspokaneheroes.org/calendar.php" "Mozilla/5.0 (iPad; CPU OS 7_0_2 like Mac OS X) AppleWebKit/537.51.1 (KHTML, like Gecko) Version/7.0 Mobile/11A501 Safari/9537.53"
67.185.0.45 - - [01/Nov/2013:13:07:53 -0500] "GET /assets/images/btn_top_search_hover.png HTTP/1.1" 404 - "http://operationspokaneheroes.org/_inc/slide.php" "Mozilla/5.0 (iPad; CPU OS 7_0_2 like Mac OS X) AppleWebKit/537.51.1 (KHTML, like Gecko) Version/7.0 Mobile/11A501 Safari/9537.53"
67.185.0.45 - - [01/Nov/2013:13:07:53 -0500] "GET /assets/images/btn_main_search_hover.png HTTP/1.1" 404 - "http://operationspokaneheroes.org/_inc/slide.php" "Mozilla/5.0 (iPad; CPU OS 7_0_2 like Mac OS X) AppleWebKit/537.51.1 (KHTML, like Gecko) Version/7.0 Mobile/11A501 Safari/9537.53"
67.185.0.45 - - [01/Nov/2013:13:08:45 -0500] "GET /events.php HTTP/1.1" 200 6407 "http://operationspokaneheroes.org/calendar.php" "Mozilla/5.0 (iPad; CPU OS 7_0_2 like Mac OS X) AppleWebKit/537.51.1 (KHTML, like Gecko) Version/7.0 Mobile/11A501 Safari/9537.53"
67.185.0.45 - - [01/Nov/2013:13:08:46 -0500] "GET /events/ermy_event/ermy.html HTTP/1.1" 200 3507 "http://operationspokaneheroes.org/events.php" "Mozilla/5.0 (iPad; CPU OS 7_0_2 like Mac OS X) AppleWebKit/537.51.1 (KHTML, like Gecko) Version/7.0 Mobile/11A501 Safari/9537.53"
67.185.0.45 - - [01/Nov/2013:13:08:46 -0500] "GET /events/vet_picnic/vet_picnic.html HTTP/1.1" 200 3163 "http://operationspokaneheroes.org/events.php" "Mozilla/5.0 (iPad; CPU OS 7_0_2 like Mac OS X) AppleWebKit/537.51.1 (KHTML, like Gecko) Version/7.0 Mobile/11A501 Safari/9537.53"
67.185.0.45 - - [01/Nov/2013:13:08:46 -0500] "GET /events/carousel_11/carousel_11.html HTTP/1.1" 200 3712 "http://operationspokaneheroes.org/events.php" "Mozilla/5.0 (iPad; CPU OS 7_0_2 like Mac OS X) AppleWebKit/537.51.1 (KHTML, like Gecko) Version/7.0 Mobile/11A501 Safari/9537.53"
67.185.0.45 - - [01/Nov/2013:13:08:46 -0500] "GET /events/Brittanycozza-.png HTTP/1.1" 200 156325 "http://operationspokaneheroes.org/events.php" "Mozilla/5.0 (iPad; CPU OS 7_0_2 like Mac OS X) AppleWebKit/537.51.1 (KHTML, like Gecko) Version/7.0 Mobile/11A501 Safari/9537.53"
67.185.0.45 - - [01/Nov/2013:13:08:46 -0500] "GET /events/ermy_event/css/style.css HTTP/1.1" 200 1149 "http://operationspokaneheroes.org/events/ermy_event/ermy.html" "Mozilla/5.0 (iPad; CPU OS 7_0_2 like Mac OS X) AppleWebKit/537.51.1 (KHTML, like Gecko) Version/7.0 Mobile/11A501 Safari/9537.53"
67.185.0.45 - - [01/Nov/2013:13:08:46 -0500] "GET /events/vet_picnic/css/style.css HTTP/1.1" 200 1149 "http://operationspokaneheroes.org/events/vet_picnic/vet_picnic.html" "Mozilla/5.0 (iPad; CPU OS 7_0_2 like Mac OS X) AppleWebKit/537.51.1 (KHTML, like Gecko) Version/7.0 Mobile/11A501 Safari/9537.53"
67.185.0.45 - - [01/Nov/2013:13:08:46 -0500] "GET /events/carousel_11/css/style.css HTTP/1.1" 200 1149 "http://operationspokaneheroes.org/events/carousel_11/carousel_11.html" "Mozilla/5.0 (iPad; CPU OS 7_0_2 like Mac OS X) AppleWebKit/537.51.1 (KHTML, like Gecko) Version/7.0 Mobile/11A501 Safari/9537.53"
67.185.0.45 - - [01/Nov/2013:13:08:46 -0500] "GET /events/vet_picnic/js/jquery.movingboxes.min.js HTTP/1.1" 200 4663 "http://operationspokaneheroes.org/events/vet_picnic/vet_picnic.html" "Mozilla/5.0 (iPad; CPU OS 7_0_2 like Mac OS X) AppleWebKit/537.51.1 (KHTML, like Gecko) Version/7.0 Mobile/11A501 Safari/9537.53"
67.185.0.45 - - [01/Nov/2013:13:08:46 -0500] "GET /events/carousel_11/js/jquery.movingboxes.min.js HTTP/1.1" 200 4663 "http://operationspokaneheroes.org/events/carousel_11/carousel_11.html" "Mozilla/5.0 (iPad; CPU OS 7_0_2 like Mac OS X) AppleWebKit/537.51.1 (KHTML, like Gecko) Version/7.0 Mobile/11A501 Safari/9537.53"
67.185.0.45 - - [01/Nov/2013:13:08:46 -0500] "GET /events/ermy_event/js/jquery.movingboxes.min.js HTTP/1.1" 200 4663 "http://operationspokaneheroes.org/events/ermy_event/ermy.html" "Mozilla/5.0 (iPad; CPU OS 7_0_2 like Mac OS X) AppleWebKit/537.51.1 (KHTML, like Gecko) Version/7.0 Mobile/11A501 Safari/9537.53"
67.185.0.45 - - [01/Nov/2013:13:08:47 -0500] "GET /events/ermy_event/images/9.jpg HTTP/1.1" 200 115800 "http://operationspokaneheroes.org/events/ermy_event/ermy.html" "Mozilla/5.0 (iPad; CPU OS 7_0_2 like Mac OS X) AppleWebKit/537.51.1 (KHTML, like Gecko) Version/7.0 Mobile/11A501 Safari/9537.53"
67.185.0.45 - - [01/Nov/2013:13:08:47 -0500] "GET /events/ermy_event/images/10.jpg HTTP/1.1" 200 123002 "http://operationspokaneheroes.org/events/ermy_event/ermy.html" "Mozilla/5.0 (iPad; CPU OS 7_0_2 like Mac OS X) AppleWebKit/537.51.1 (KHTML, like Gecko) Version/7.0 Mobile/11A501 Safari/9537.53"
67.185.0.45 - - [01/Nov/2013:13:08:47 -0500] "GET /events/ermy_event/images/8.jpg HTTP/1.1" 200 104457 "http://operationspokaneheroes.org/events/ermy_event/ermy.html" "Mozilla/5.0 (iPad; CPU OS 7_0_2 like Mac OS X) AppleWebKit/537.51.1 (KHTML, like Gecko) Version/7.0 Mobile/11A501 Safari/9537.53"
67.185.0.45 - - [01/Nov/2013:13:08:47 -0500] "GET /events/ermy_event/images/5.jpg HTTP/1.1" 200 97554 "http://operationspokaneheroes.org/events/ermy_event/ermy.html" "Mozilla/5.0 (iPad; CPU OS 7_0_2 like Mac OS X) AppleWebKit/537.51.1 (KHTML, like Gecko) Version/7.0 Mobile/11A501 Safari/9537.53"
67.185.0.45 - - [01/Nov/2013:13:08:47 -0500] "GET /events/ermy_event/images/7.jpg HTTP/1.1" 200 113303 "http://operationspokaneheroes.org/events/ermy_event/ermy.html" "Mozilla/5.0 (iPad; CPU OS 7_0_2 like Mac OS X) AppleWebKit/537.51.1 (KHTML, like Gecko) Version/7.0 Mobile/11A501 Safari/9537.53"
67.185.0.45 - - [01/Nov/2013:13:08:47 -0500] "GET /events/ermy_event/images/6.jpg HTTP/1.1" 200 110464 "http://operationspokaneheroes.org/events/ermy_event/ermy.html" "Mozilla/5.0 (iPad; CPU OS 7_0_2 like Mac OS X) AppleWebKit/537.51.1 (KHTML, like Gecko) Version/7.0 Mobile/11A501 Safari/9537.53"
67.185.0.45 - - [01/Nov/2013:13:08:47 -0500] "GET /events/ermy_event/images/4.jpg HTTP/1.1" 200 94569 "http://operationspokaneheroes.org/events/ermy_event/ermy.html" "Mozilla/5.0 (iPad; CPU OS 7_0_2 like Mac OS X) AppleWebKit/537.51.1 (KHTML, like Gecko) Version/7.0 Mobile/11A501 Safari/9537.53"
67.185.0.45 - - [01/Nov/2013:13:08:47 -0500] "GET /events/ermy_event/images/1.jpg HTTP/1.1" 200 104778 "http://operationspokaneheroes.org/events/ermy_event/ermy.html" "Mozilla/5.0 (iPad; CPU OS 7_0_2 like Mac OS X) AppleWebKit/537.51.1 (KHTML, like Gecko) Version/7.0 Mobile/11A501 Safari/9537.53"
67.185.0.45 - - [01/Nov/2013:13:08:47 -0500] "GET /events/vet_picnic/images/6.jpg HTTP/1.1" 200 169784 "http://operationspokaneheroes.org/events/vet_picnic/vet_picnic.html" "Mozilla/5.0 (iPad; CPU OS 7_0_2 like Mac OS X) AppleWebKit/537.51.1 (KHTML, like Gecko) Version/7.0 Mobile/11A501 Safari/9537.53"
67.185.0.45 - - [01/Nov/2013:13:08:47 -0500] "GET /events/ermy_event/images/2.jpg HTTP/1.1" 200 114501 "http://operationspokaneheroes.org/events/ermy_event/ermy.html" "Mozilla/5.0 (iPad; CPU OS 7_0_2 like Mac OS X) AppleWebKit/537.51.1 (KHTML, like Gecko) Version/7.0 Mobile/11A501 Safari/9537.53"
67.185.0.45 - - [01/Nov/2013:13:08:47 -0500] "GET /events/vet_picnic/images/3.jpg HTTP/1.1" 200 197588 "http://operationspokaneheroes.org/events/vet_picnic/vet_picnic.html" "Mozilla/5.0 (iPad; CPU OS 7_0_2 like Mac OS X) AppleWebKit/537.51.1 (KHTML, like Gecko) Version/7.0 Mobile/11A501 Safari/9537.53"
67.185.0.45 - - [01/Nov/2013:13:08:47 -0500] "GET /events/ermy_event/images/3.jpg HTTP/1.1" 200 101406 "http://operationspokaneheroes.org/events/ermy_event/ermy.html" "Mozilla/5.0 (iPad; CPU OS 7_0_2 like Mac OS X) AppleWebKit/537.51.1 (KHTML, like Gecko) Version/7.0 Mobile/11A501 Safari/9537.53"
67.185.0.45 - - [01/Nov/2013:13:08:47 -0500] "GET /events/vet_picnic/images/67.jpg HTTP/1.1" 404 - "http://operationspokaneheroes.org/events/vet_picnic/vet_picnic.html" "Mozilla/5.0 (iPad; CPU OS 7_0_2 like Mac OS X) AppleWebKit/537.51.1 (KHTML, like Gecko) Version/7.0 Mobile/11A501 Safari/9537.53"
67.185.0.45 - - [01/Nov/2013:13:08:47 -0500] "GET /events/vet_picnic/images/1.jpg HTTP/1.1" 200 200220 "http://operationspokaneheroes.org/events/vet_picnic/vet_picnic.html" "Mozilla/5.0 (iPad; CPU OS 7_0_2 like Mac OS X) AppleWebKit/537.51.1 (KHTML, like Gecko) Version/7.0 Mobile/11A501 Safari/9537.53"
67.185.0.45 - - [01/Nov/2013:13:08:47 -0500] "GET /events/carousel_11/images/9.jpg HTTP/1.1" 200 166085 "http://operationspokaneheroes.org/events/carousel_11/carousel_11.html" "Mozilla/5.0 (iPad; CPU OS 7_0_2 like Mac OS X) AppleWebKit/537.51.1 (KHTML, like Gecko) Version/7.0 Mobile/11A501 Safari/9537.53"
67.185.0.45 - - [01/Nov/2013:13:08:48 -0500] "GET /events/vet_picnic/images/2.jpg HTTP/1.1" 200 184758 "http://operationspokaneheroes.org/events/vet_picnic/vet_picnic.html" "Mozilla/5.0 (iPad; CPU OS 7_0_2 like Mac OS X) AppleWebKit/537.51.1 (KHTML, like Gecko) Version/7.0 Mobile/11A501 Safari/9537.53"
67.185.0.45 - - [01/Nov/2013:13:08:48 -0500] "GET /events/carousel_11/images/4.jpg HTTP/1.1" 200 162289 "http://operationspokaneheroes.org/events/carousel_11/carousel_11.html" "Mozilla/5.0 (iPad; CPU OS 7_0_2 like Mac OS X) AppleWebKit/537.51.1 (KHTML, like Gecko) Version/7.0 Mobile/11A501 Safari/9537.53"
67.185.0.45 - - [01/Nov/2013:13:08:48 -0500] "GET /events/carousel_11/images/leftarrow.png HTTP/1.1" 200 3371 "http://operationspokaneheroes.org/events/carousel_11/carousel_11.html" "Mozilla/5.0 (iPad; CPU OS 7_0_2 like Mac OS X) AppleWebKit/537.51.1 (KHTML, like Gecko) Version/7.0 Mobile/11A501 Safari/9537.53"
67.185.0.45 - - [01/Nov/2013:13:08:48 -0500] "GET /events/carousel_11/images/rightarrow.png HTTP/1.1" 200 3351 "http://operationspokaneheroes.org/events/carousel_11/carousel_11.html" "Mozilla/5.0 (iPad; CPU OS 7_0_2 like Mac OS X) AppleWebKit/537.51.1 (KHTML, like Gecko) Version/7.0 Mobile/11A501 Safari/9537.53"
67.185.0.45 - - [01/Nov/2013:13:08:48 -0500] "GET /events/carousel_11/images/7.jpg HTTP/1.1" 200 162292 "http://operationspokaneheroes.org/events/carousel_11/carousel_11.html" "Mozilla/5.0 (iPad; CPU OS 7_0_2 like Mac OS X) AppleWebKit/537.51.1 (KHTML, like Gecko) Version/7.0 Mobile/11A501 Safari/9537.53"
67.185.0.45 - - [01/Nov/2013:13:08:48 -0500] "GET /events/carousel_11/images/8.jpg HTTP/1.1" 200 136957 "http://operationspokaneheroes.org/events/carousel_11/carousel_11.html" "Mozilla/5.0 (iPad; CPU OS 7_0_2 like Mac OS X) AppleWebKit/537.51.1 (KHTML, like Gecko) Version/7.0 Mobile/11A501 Safari/9537.53"
67.185.0.45 - - [01/Nov/2013:13:08:48 -0500] "GET /events/vet_picnic/images/leftshadow.png HTTP/1.1" 200 153 "http://operationspokaneheroes.org/events/vet_picnic/vet_picnic.html" "Mozilla/5.0 (iPad; CPU OS 7_0_2 like Mac OS X) AppleWebKit/537.51.1 (KHTML, like Gecko) Version/7.0 Mobile/11A501 Safari/9537.53"
67.185.0.45 - - [01/Nov/2013:13:08:48 -0500] "GET /events/vet_picnic/images/rightshadow.png HTTP/1.1" 200 147 "http://operationspokaneheroes.org/events/vet_picnic/vet_picnic.html" "Mozilla/5.0 (iPad; CPU OS 7_0_2 like Mac OS X) AppleWebKit/537.51.1 (KHTML, like Gecko) Version/7.0 Mobile/11A501 Safari/9537.53"
67.185.0.45 - - [01/Nov/2013:13:08:48 -0500] "GET /events/ermy_event/images/leftarrow.png HTTP/1.1" 200 3371 "http://operationspokaneheroes.org/events/ermy_event/ermy.html" "Mozilla/5.0 (iPad; CPU OS 7_0_2 like Mac OS X) AppleWebKit/537.51.1 (KHTML, like Gecko) Version/7.0 Mobile/11A501 Safari/9537.53"
67.185.0.45 - - [01/Nov/2013:13:08:48 -0500] "GET /events/ermy_event/images/leftshadow.png HTTP/1.1" 200 153 "http://operationspokaneheroes.org/events/ermy_event/ermy.html" "Mozilla/5.0 (iPad; CPU OS 7_0_2 like Mac OS X) AppleWebKit/537.51.1 (KHTML, like Gecko) Version/7.0 Mobile/11A501 Safari/9537.53"
67.185.0.45 - - [01/Nov/2013:13:08:48 -0500] "GET /events/carousel_11/images/2.jpg HTTP/1.1" 200 158920 "http://operationspokaneheroes.org/events/carousel_11/carousel_11.html" "Mozilla/5.0 (iPad; CPU OS 7_0_2 like Mac OS X) AppleWebKit/537.51.1 (KHTML, like Gecko) Version/7.0 Mobile/11A501 Safari/9537.53"
67.185.0.45 - - [01/Nov/2013:13:08:48 -0500] "GET /events/carousel_11/images/3.jpg HTTP/1.1" 200 168442 "http://operationspokaneheroes.org/events/carousel_11/carousel_11.html" "Mozilla/5.0 (iPad; CPU OS 7_0_2 like Mac OS X) AppleWebKit/537.51.1 (KHTML, like Gecko) Version/7.0 Mobile/11A501 Safari/9537.53"
67.185.0.45 - - [01/Nov/2013:13:08:49 -0500] "GET /events/vet_picnic/images/leftarrow.png HTTP/1.1" 200 3371 "http://operationspokaneheroes.org/events/vet_picnic/vet_picnic.html" "Mozilla/5.0 (iPad; CPU OS 7_0_2 like Mac OS X) AppleWebKit/537.51.1 (KHTML, like Gecko) Version/7.0 Mobile/11A501 Safari/9537.53"
67.185.0.45 - - [01/Nov/2013:13:08:49 -0500] "GET /events/vet_picnic/images/rightarrow.png HTTP/1.1" 200 3351 "http://operationspokaneheroes.org/events/vet_picnic/vet_picnic.html" "Mozilla/5.0 (iPad; CPU OS 7_0_2 like Mac OS X) AppleWebKit/537.51.1 (KHTML, like Gecko) Version/7.0 Mobile/11A501 Safari/9537.53"
67.185.0.45 - - [01/Nov/2013:13:08:49 -0500] "GET /events/ermy_event/images/rightshadow.png HTTP/1.1" 200 147 "http://operationspokaneheroes.org/events/ermy_event/ermy.html" "Mozilla/5.0 (iPad; CPU OS 7_0_2 like Mac OS X) AppleWebKit/537.51.1 (KHTML, like Gecko) Version/7.0 Mobile/11A501 Safari/9537.53"
67.185.0.45 - - [01/Nov/2013:13:08:48 -0500] "GET /events/vet_picnic/images/5.jpg HTTP/1.1" 200 197080 "http://operationspokaneheroes.org/events/vet_picnic/vet_picnic.html" "Mozilla/5.0 (iPad; CPU OS 7_0_2 like Mac OS X) AppleWebKit/537.51.1 (KHTML, like Gecko) Version/7.0 Mobile/11A501 Safari/9537.53"
67.185.0.45 - - [01/Nov/2013:13:08:49 -0500] "GET /events/carousel_11/images/leftshadow.png HTTP/1.1" 200 153 "http://operationspokaneheroes.org/events/carousel_11/carousel_11.html" "Mozilla/5.0 (iPad; CPU OS 7_0_2 like Mac OS X) AppleWebKit/537.51.1 (KHTML, like Gecko) Version/7.0 Mobile/11A501 Safari/9537.53"
67.185.0.45 - - [01/Nov/2013:13:08:49 -0500] "GET /events/carousel_11/images/11.jpg HTTP/1.1" 200 171021 "http://operationspokaneheroes.org/events/carousel_11/carousel_11.html" "Mozilla/5.0 (iPad; CPU OS 7_0_2 like Mac OS X) AppleWebKit/537.51.1 (KHTML, like Gecko) Version/7.0 Mobile/11A501 Safari/9537.53"
67.185.0.45 - - [01/Nov/2013:13:08:49 -0500] "GET /events/carousel_11/images/rightshadow.png HTTP/1.1" 200 147 "http://operationspokaneheroes.org/events/carousel_11/carousel_11.html" "Mozilla/5.0 (iPad; CPU OS 7_0_2 like Mac OS X) AppleWebKit/537.51.1 (KHTML, like Gecko) Version/7.0 Mobile/11A501 Safari/9537.53"
67.185.0.45 - - [01/Nov/2013:13:08:49 -0500] "GET /events/ermy_event/images/rightarrow.png HTTP/1.1" 200 3351 "http://operationspokaneheroes.org/events/ermy_event/ermy.html" "Mozilla/5.0 (iPad; CPU OS 7_0_2 like Mac OS X) AppleWebKit/537.51.1 (KHTML, like Gecko) Version/7.0 Mobile/11A501 Safari/9537.53"
67.185.0.45 - - [01/Nov/2013:13:08:49 -0500] "GET /events/carousel_11/images/6.jpg HTTP/1.1" 200 154334 "http://operationspokaneheroes.org/events/carousel_11/carousel_11.html" "Mozilla/5.0 (iPad; CPU OS 7_0_2 like Mac OS X) AppleWebKit/537.51.1 (KHTML, like Gecko) Version/7.0 Mobile/11A501 Safari/9537.53"
67.185.0.45 - - [01/Nov/2013:13:08:48 -0500] "GET /events/vet_picnic/images/4.jpg HTTP/1.1" 200 181214 "http://operationspokaneheroes.org/events/vet_picnic/vet_picnic.html" "Mozilla/5.0 (iPad; CPU OS 7_0_2 like Mac OS X) AppleWebKit/537.51.1 (KHTML, like Gecko) Version/7.0 Mobile/11A501 Safari/9537.53"
67.185.0.45 - - [01/Nov/2013:13:08:50 -0500] "GET /events/carousel_11/images/10.jpg HTTP/1.1" 200 165405 "http://operationspokaneheroes.org/events/carousel_11/carousel_11.html" "Mozilla/5.0 (iPad; CPU OS 7_0_2 like Mac OS X) AppleWebKit/537.51.1 (KHTML, like Gecko) Version/7.0 Mobile/11A501 Safari/9537.53"
67.185.0.45 - - [01/Nov/2013:13:08:51 -0500] "GET /events/carousel_11/images/5.jpg HTTP/1.1" 200 157898 "http://operationspokaneheroes.org/events/carousel_11/carousel_11.html" "Mozilla/5.0 (iPad; CPU OS 7_0_2 like Mac OS X) AppleWebKit/537.51.1 (KHTML, like Gecko) Version/7.0 Mobile/11A501 Safari/9537.53"
67.185.0.45 - - [01/Nov/2013:13:09:56 -0500] "GET /index.php HTTP/1.1" 200 10635 "http://operationspokaneheroes.org/events.php" "Mozilla/5.0 (iPad; CPU OS 7_0_2 like Mac OS X) AppleWebKit/537.51.1 (KHTML, like Gecko) Version/7.0 Mobile/11A501 Safari/9537.53"
67.185.0.45 - - [01/Nov/2013:13:09:56 -0500] "GET /_inc/slide.php HTTP/1.1" 200 3205 "http://operationspokaneheroes.org/index.php" "Mozilla/5.0 (iPad; CPU OS 7_0_2 like Mac OS X) AppleWebKit/537.51.1 (KHTML, like Gecko) Version/7.0 Mobile/11A501 Safari/9537.53"
67.185.0.45 - - [01/Nov/2013:13:09:57 -0500] "GET /assets/images/btn_top_search_hover.png HTTP/1.1" 404 - "http://operationspokaneheroes.org/_inc/slide.php" "Mozilla/5.0 (iPad; CPU OS 7_0_2 like Mac OS X) AppleWebKit/537.51.1 (KHTML, like Gecko) Version/7.0 Mobile/11A501 Safari/9537.53"
67.185.0.45 - - [01/Nov/2013:13:09:57 -0500] "GET /assets/images/btn_main_search_hover.png HTTP/1.1" 404 - "http://operationspokaneheroes.org/_inc/slide.php" "Mozilla/5.0 (iPad; CPU OS 7_0_2 like Mac OS X) AppleWebKit/537.51.1 (KHTML, like Gecko) Version/7.0 Mobile/11A501 Safari/9537.53"
66.249.74.43 - - [01/Nov/2013:13:15:06 -0500] "GET /events/carousel_11/images/6.jpg HTTP/1.1" 200 154334 "-" "Googlebot-Image/1.0"
157.55.32.103 - - [01/Nov/2013:13:15:36 -0500] "GET /robots.txt HTTP/1.1" 404 - "-" "Mozilla/5.0 (compatible; bingbot/2.0; +http://www.bing.com/bingbot.htm)"
66.249.74.43 - - [01/Nov/2013:13:23:56 -0500] "GET /events/carousel_11/images/11.jpg HTTP/1.1" 200 171021 "-" "Googlebot-Image/1.0"
66.249.74.43 - - [01/Nov/2013:13:42:03 -0500] "GET /events/vet_picnic/images/2.jpg HTTP/1.1" 200 184758 "-" "Googlebot-Image/1.0"
66.249.74.43 - - [01/Nov/2013:13:44:37 -0500] "GET /pdf/Hiring%20Our%20Heroes%20Sept%202013%20Career%20Fair%20Flyer.pdf HTTP/1.1" 304 - "-" "Mozilla/5.0 (iPhone; CPU iPhone OS 6_0 like Mac OS X) AppleWebKit/536.26 (KHTML, like Gecko) Version/6.0 Mobile/10A5376e Safari/8536.25 (compatible; Googlebot-Mobile/2.1; +http://www.google.com/bot.html)"
66.249.74.43 - - [01/Nov/2013:14:00:58 -0500] "GET /pdf/Idaho+DOL+Sep+-+Oct+2013.pdf HTTP/1.1" 304 - "-" "SAMSUNG-SGH-E250/1.0 Profile/MIDP-2.0 Configuration/CLDC-1.1 UP.Browser/6.2.3.3.c.1.101 (GUI) MMP/2.0 (compatible; Googlebot-Mobile/2.1; +http://www.google.com/bot.html)"
166.137.209.25 - - [01/Nov/2013:14:06:03 -0500] "GET /business.php HTTP/1.1" 200 10813 "-" "Mozilla/5.0 (Linux; Android 4.2.2; en-us; SAMSUNG-SGH-I337 Build/JDQ39) AppleWebKit/535.19 (KHTML, like Gecko) Version/1.0 Chrome/18.0.1025.308 Mobile Safari/535.19"
166.137.209.25 - - [01/Nov/2013:14:06:03 -0500] "GET /css/global.css HTTP/1.1" 200 13951 "http://operationspokaneheroes.org/business.php" "Mozilla/5.0 (Linux; Android 4.2.2; en-us; SAMSUNG-SGH-I337 Build/JDQ39) AppleWebKit/535.19 (KHTML, like Gecko) Version/1.0 Chrome/18.0.1025.308 Mobile Safari/535.19"
166.137.209.25 - - [01/Nov/2013:14:06:03 -0500] "GET /_inc/slide.php HTTP/1.1" 200 3205 "http://operationspokaneheroes.org/business.php" "Mozilla/5.0 (Linux; Android 4.2.2; en-us; SAMSUNG-SGH-I337 Build/JDQ39) AppleWebKit/535.19 (KHTML, like Gecko) Version/1.0 Chrome/18.0.1025.308 Mobile Safari/535.19"
166.137.209.25 - - [01/Nov/2013:14:06:03 -0500] "GET /css/footer.css HTTP/1.1" 200 752 "http://operationspokaneheroes.org/business.php" "Mozilla/5.0 (Linux; Android 4.2.2; en-us; SAMSUNG-SGH-I337 Build/JDQ39) AppleWebKit/535.19 (KHTML, like Gecko) Version/1.0 Chrome/18.0.1025.308 Mobile Safari/535.19"
166.137.209.25 - - [01/Nov/2013:14:06:03 -0500] "GET /images/global.png HTTP/1.1" 200 5737 "http://operationspokaneheroes.org/business.php" "Mozilla/5.0 (Linux; Android 4.2.2; en-us; SAMSUNG-SGH-I337 Build/JDQ39) AppleWebKit/535.19 (KHTML, like Gecko) Version/1.0 Chrome/18.0.1025.308 Mobile Safari/535.19"
166.137.209.25 - - [01/Nov/2013:14:06:04 -0500] "GET /images/contacticon.png HTTP/1.1" 200 4499 "http://operationspokaneheroes.org/business.php" "Mozilla/5.0 (Linux; Android 4.2.2; en-us; SAMSUNG-SGH-I337 Build/JDQ39) AppleWebKit/535.19 (KHTML, like Gecko) Version/1.0 Chrome/18.0.1025.308 Mobile Safari/535.19"
166.137.209.25 - - [01/Nov/2013:14:06:04 -0500] "GET /images/facebook.png HTTP/1.1" 200 5004 "http://operationspokaneheroes.org/business.php" "Mozilla/5.0 (Linux; Android 4.2.2; en-us; SAMSUNG-SGH-I337 Build/JDQ39) AppleWebKit/535.19 (KHTML, like Gecko) Version/1.0 Chrome/18.0.1025.308 Mobile Safari/535.19"
166.137.209.25 - - [01/Nov/2013:14:06:04 -0500] "GET /css/slide.css HTTP/1.1" 200 2869 "http://operationspokaneheroes.org/_inc/slide.php" "Mozilla/5.0 (Linux; Android 4.2.2; en-us; SAMSUNG-SGH-I337 Build/JDQ39) AppleWebKit/535.19 (KHTML, like Gecko) Version/1.0 Chrome/18.0.1025.308 Mobile Safari/535.19"
166.137.209.25 - - [01/Nov/2013:14:06:04 -0500] "GET /css/style_global.css HTTP/1.1" 200 2621 "http://operationspokaneheroes.org/_inc/slide.php" "Mozilla/5.0 (Linux; Android 4.2.2; en-us; SAMSUNG-SGH-I337 Build/JDQ39) AppleWebKit/535.19 (KHTML, like Gecko) Version/1.0 Chrome/18.0.1025.308 Mobile Safari/535.19"
166.137.209.25 - - [01/Nov/2013:14:06:04 -0500] "GET /mainbk.png HTTP/1.1" 200 290 "http://operationspokaneheroes.org/business.php" "Mozilla/5.0 (Linux; Android 4.2.2; en-us; SAMSUNG-SGH-I337 Build/JDQ39) AppleWebKit/535.19 (KHTML, like Gecko) Version/1.0 Chrome/18.0.1025.308 Mobile Safari/535.19"
166.137.209.25 - - [01/Nov/2013:14:06:04 -0500] "GET /images/nav2.jpg HTTP/1.1" 200 4444 "http://operationspokaneheroes.org/business.php" "Mozilla/5.0 (Linux; Android 4.2.2; en-us; SAMSUNG-SGH-I337 Build/JDQ39) AppleWebKit/535.19 (KHTML, like Gecko) Version/1.0 Chrome/18.0.1025.308 Mobile Safari/535.19"
166.137.209.25 - - [01/Nov/2013:14:06:03 -0500] "GET /images/logo.png HTTP/1.1" 200 226129 "http://operationspokaneheroes.org/business.php" "Mozilla/5.0 (Linux; Android 4.2.2; en-us; SAMSUNG-SGH-I337 Build/JDQ39) AppleWebKit/535.19 (KHTML, like Gecko) Version/1.0 Chrome/18.0.1025.308 Mobile Safari/535.19"
166.137.209.25 - - [01/Nov/2013:14:06:04 -0500] "GET /images/bg2.jpg HTTP/1.1" 200 55206 "http://operationspokaneheroes.org/business.php" "Mozilla/5.0 (Linux; Android 4.2.2; en-us; SAMSUNG-SGH-I337 Build/JDQ39) AppleWebKit/535.19 (KHTML, like Gecko) Version/1.0 Chrome/18.0.1025.308 Mobile Safari/535.19"
166.137.209.25 - - [01/Nov/2013:14:06:04 -0500] "GET /js/combined.js HTTP/1.1" 200 169946 "http://operationspokaneheroes.org/_inc/slide.php" "Mozilla/5.0 (Linux; Android 4.2.2; en-us; SAMSUNG-SGH-I337 Build/JDQ39) AppleWebKit/535.19 (KHTML, like Gecko) Version/1.0 Chrome/18.0.1025.308 Mobile Safari/535.19"
166.137.209.25 - - [01/Nov/2013:14:06:05 -0500] "GET /images/we_strive.png HTTP/1.1" 200 1981 "http://operationspokaneheroes.org/_inc/slide.php" "Mozilla/5.0 (Linux; Android 4.2.2; en-us; SAMSUNG-SGH-I337 Build/JDQ39) AppleWebKit/535.19 (KHTML, like Gecko) Version/1.0 Chrome/18.0.1025.308 Mobile Safari/535.19"
166.137.209.25 - - [01/Nov/2013:14:06:05 -0500] "GET /images/we_believe.png HTTP/1.1" 200 1785 "http://operationspokaneheroes.org/_inc/slide.php" "Mozilla/5.0 (Linux; Android 4.2.2; en-us; SAMSUNG-SGH-I337 Build/JDQ39) AppleWebKit/535.19 (KHTML, like Gecko) Version/1.0 Chrome/18.0.1025.308 Mobile Safari/535.19"
166.137.209.25 - - [01/Nov/2013:14:06:05 -0500] "GET /images/we_help.png HTTP/1.1" 200 1514 "http://operationspokaneheroes.org/_inc/slide.php" "Mozilla/5.0 (Linux; Android 4.2.2; en-us; SAMSUNG-SGH-I337 Build/JDQ39) AppleWebKit/535.19 (KHTML, like Gecko) Version/1.0 Chrome/18.0.1025.308 Mobile Safari/535.19"
166.137.209.25 - - [01/Nov/2013:14:06:05 -0500] "GET /assets/images/btn_top_search_hover.png HTTP/1.1" 404 - "http://operationspokaneheroes.org/_inc/slide.php" "Mozilla/5.0 (Linux; Android 4.2.2; en-us; SAMSUNG-SGH-I337 Build/JDQ39) AppleWebKit/535.19 (KHTML, like Gecko) Version/1.0 Chrome/18.0.1025.308 Mobile Safari/535.19"
166.137.209.25 - - [01/Nov/2013:14:06:05 -0500] "GET /images/we_need.png HTTP/1.1" 200 2138 "http://operationspokaneheroes.org/_inc/slide.php" "Mozilla/5.0 (Linux; Android 4.2.2; en-us; SAMSUNG-SGH-I337 Build/JDQ39) AppleWebKit/535.19 (KHTML, like Gecko) Version/1.0 Chrome/18.0.1025.308 Mobile Safari/535.19"
166.137.209.25 - - [01/Nov/2013:14:06:05 -0500] "GET /images/2.jpg HTTP/1.1" 200 170993 "http://operationspokaneheroes.org/_inc/slide.php" "Mozilla/5.0 (Linux; Android 4.2.2; en-us; SAMSUNG-SGH-I337 Build/JDQ39) AppleWebKit/535.19 (KHTML, like Gecko) Version/1.0 Chrome/18.0.1025.308 Mobile Safari/535.19"
166.137.209.25 - - [01/Nov/2013:14:06:05 -0500] "GET /assets/images/btn_main_search_hover.png HTTP/1.1" 404 - "http://operationspokaneheroes.org/_inc/slide.php" "Mozilla/5.0 (Linux; Android 4.2.2; en-us; SAMSUNG-SGH-I337 Build/JDQ39) AppleWebKit/535.19 (KHTML, like Gecko) Version/1.0 Chrome/18.0.1025.308 Mobile Safari/535.19"
166.137.209.25 - - [01/Nov/2013:14:06:05 -0500] "GET /images/mission_statement_bg.png HTTP/1.1" 200 11413 "http://operationspokaneheroes.org/_inc/slide.php" "Mozilla/5.0 (Linux; Android 4.2.2; en-us; SAMSUNG-SGH-I337 Build/JDQ39) AppleWebKit/535.19 (KHTML, like Gecko) Version/1.0 Chrome/18.0.1025.308 Mobile Safari/535.19"
166.137.209.25 - - [01/Nov/2013:14:06:05 -0500] "GET /images/4.jpg HTTP/1.1" 200 186934 "http://operationspokaneheroes.org/_inc/slide.php" "Mozilla/5.0 (Linux; Android 4.2.2; en-us; SAMSUNG-SGH-I337 Build/JDQ39) AppleWebKit/535.19 (KHTML, like Gecko) Version/1.0 Chrome/18.0.1025.308 Mobile Safari/535.19"
166.137.209.25 - - [01/Nov/2013:14:06:05 -0500] "GET /images/1.jpg HTTP/1.1" 200 142489 "http://operationspokaneheroes.org/_inc/slide.php" "Mozilla/5.0 (Linux; Android 4.2.2; en-us; SAMSUNG-SGH-I337 Build/JDQ39) AppleWebKit/535.19 (KHTML, like Gecko) Version/1.0 Chrome/18.0.1025.308 Mobile Safari/535.19"
166.137.209.25 - - [01/Nov/2013:14:06:05 -0500] "GET /images/3.jpg HTTP/1.1" 200 240733 "http://operationspokaneheroes.org/_inc/slide.php" "Mozilla/5.0 (Linux; Android 4.2.2; en-us; SAMSUNG-SGH-I337 Build/JDQ39) AppleWebKit/535.19 (KHTML, like Gecko) Version/1.0 Chrome/18.0.1025.308 Mobile Safari/535.19"
166.137.209.25 - - [01/Nov/2013:14:06:06 -0500] "GET /favicon.ico HTTP/1.1" 404 - "-" "Mozilla/5.0 (Linux; Android 4.2.2; en-us; SAMSUNG-SGH-I337 Build/JDQ39) AppleWebKit/535.19 (KHTML, like Gecko) Version/1.0 Chrome/18.0.1025.308 Mobile Safari/535.19"
166.137.209.25 - - [01/Nov/2013:14:06:06 -0500] "GET /apple-touch-icon-precomposed.png HTTP/1.1" 404 - "-" "Mozilla/5.0 (Linux; Android 4.2.2; en-us; SAMSUNG-SGH-I337 Build/JDQ39) AppleWebKit/535.19 (KHTML, like Gecko) Version/1.0 Chrome/18.0.1025.308 Mobile Safari/535.19"
166.137.209.25 - - [01/Nov/2013:14:06:07 -0500] "GET /apple-touch-icon.png HTTP/1.1" 404 - "-" "Mozilla/5.0 (Linux; Android 4.2.2; en-us; SAMSUNG-SGH-I337 Build/JDQ39) AppleWebKit/535.19 (KHTML, like Gecko) Version/1.0 Chrome/18.0.1025.308 Mobile Safari/535.19"
166.137.209.25 - - [01/Nov/2013:14:06:12 -0500] "GET /pdf/174%20Stores%20and%20Business%20Offering%20Military%20Discounts1.pdf HTTP/1.1" 200 122888 "http://operationspokaneheroes.org/business.php" "Mozilla/5.0 (Linux; Android 4.2.2; en-us; SAMSUNG-SGH-I337 Build/JDQ39) AppleWebKit/535.19 (KHTML, like Gecko) Version/1.0 Chrome/18.0.1025.308 Mobile Safari/535.19"
166.137.209.25 - - [01/Nov/2013:14:06:13 -0500] "GET /pdf/174%20Stores%20and%20Business%20Offering%20Military%20Discounts1.pdf HTTP/1.1" 200 122888 "http://operationspokaneheroes.org/business.php" "Mozilla/5.0 (Linux; Android 4.2.2; en-us; SAMSUNG-SGH-I337 Build/JDQ39) AppleWebKit/535.19 (KHTML, like Gecko) Version/1.0 Chrome/18.0.1025.308 Mobile Safari/535.19"
157.55.32.103 - - [01/Nov/2013:14:15:24 -0500] "GET / HTTP/1.1" 200 10635 "-" "Mozilla/5.0 (compatible; bingbot/2.0; +http://www.bing.com/bingbot.htm)"
66.249.74.43 - - [01/Nov/2013:14:36:42 -0500] "GET /events/vet_picnic/images/1.jpg HTTP/1.1" 200 200220 "-" "Googlebot-Image/1.0"
66.249.74.43 - - [01/Nov/2013:14:54:47 -0500] "GET /events/ermy_event/images/3.jpg HTTP/1.1" 200 101406 "-" "Googlebot-Image/1.0"
66.249.74.43 - - [01/Nov/2013:15:12:53 -0500] "GET /events/carousel_11/images/5.jpg HTTP/1.1" 200 157898 "-" "Googlebot-Image/1.0"
78.188.14.220 - - [01/Nov/2013:15:26:10 -0500] "GET /java_for_joes/index.html/wordpress HTTP/1.1" 404 - "http://javaforjoes.org/wordpress" "Mozilla/5.0 (Windows NT 6.1; WOW64; rv:7.0.1) Gecko/20100101 Firefox/7.0.1"
66.249.74.43 - - [01/Nov/2013:15:31:11 -0500] "GET /events/ermy_event/images/4.jpg HTTP/1.1" 200 94569 "-" "Googlebot-Image/1.0"
66.249.74.43 - - [01/Nov/2013:15:49:16 -0500] "GET /events/ermy_event/images/5.jpg HTTP/1.1" 200 97554 "-" "Googlebot-Image/1.0"
66.249.74.43 - - [01/Nov/2013:16:25:41 -0500] "GET /events/carousel_11/images/10.jpg HTTP/1.1" 200 165405 "-" "Googlebot-Image/1.0"
157.55.32.237 - - [01/Nov/2013:16:49:28 -0500] "GET /robots.txt HTTP/1.1" 404 - "-" "Mozilla/5.0 (compatible; bingbot/2.0; +http://www.bing.com/bingbot.htm)"
157.55.32.237 - - [01/Nov/2013:16:52:50 -0500] "GET / HTTP/1.1" 200 10635 "-" "Mozilla/5.0 (compatible; bingbot/2.0; +http://www.bing.com/bingbot.htm)"
66.249.74.43 - - [01/Nov/2013:17:20:10 -0500] "GET /robots.txt HTTP/1.1" 404 - "-" "Mozilla/5.0 (compatible; Googlebot/2.1; +http://www.google.com/bot.html)"
66.249.74.43 - - [01/Nov/2013:17:20:10 -0500] "GET /events/carousel_11/images/7.jpg HTTP/1.1" 200 162292 "-" "Googlebot-Image/1.0"
66.249.74.43 - - [01/Nov/2013:17:38:13 -0500] "GET /events/vet_picnic/images/67.jpg HTTP/1.1" 404 - "-" "Googlebot-Image/1.0"
157.55.32.237 - - [01/Nov/2013:18:23:43 -0500] "GET /robots.txt HTTP/1.1" 404 - "-" "Mozilla/5.0 (compatible; bingbot/2.0; +http://www.bing.com/bingbot.htm)"
157.55.32.237 - - [01/Nov/2013:18:27:41 -0500] "GET / HTTP/1.1" 200 10635 "-" "Mozilla/5.0 (compatible; bingbot/2.0; +http://www.bing.com/bingbot.htm)"
77.75.77.32 - - [01/Nov/2013:19:38:41 -0500] "GET /robots.txt HTTP/1.1" 404 - "-" "SeznamBot/3.0 (+http://fulltext.sblog.cz/)"
77.75.77.32 - - [01/Nov/2013:19:38:43 -0500] "GET /events.php HTTP/1.1" 200 6407 "-" "SeznamBot/3.0 (+http://fulltext.sblog.cz/)"
157.55.32.237 - - [01/Nov/2013:19:47:42 -0500] "GET /robots.txt HTTP/1.1" 404 - "-" "Mozilla/5.0 (compatible; bingbot/2.0; +http://www.bing.com/bingbot.htm)"
157.55.32.237 - - [01/Nov/2013:19:50:15 -0500] "GET / HTTP/1.1" 200 10635 "-" "Mozilla/5.0 (compatible; bingbot/2.0; +http://www.bing.com/bingbot.htm)"
46.161.41.24 - - [01/Nov/2013:19:53:51 -0500] "GET /aboutus.php HTTP/1.1" 200 11667 "-" "Mozilla/4.0 (compatible; MSIE 6.0; MSIE 5.5; Windows 95) Opera 7.03 [de]"
123.125.71.60 - - [01/Nov/2013:20:05:20 -0500] "GET /pdf/2013 HTTP/1.1" 404 - "-" "Mozilla/5.0 (compatible; Baiduspider/2.0; +http://www.baidu.com/search/spider.html)"
180.76.5.194 - - [01/Nov/2013:20:38:29 -0500] "GET /pdf/Survival%20Camp%202013%202%20pg%20flyer.pdf HTTP/1.1" 200 781521 "-" "Mozilla/5.0 (Windows NT 5.1; rv:6.0.2) Gecko/20100101 Firefox/6.0.2"
66.249.74.43 - - [01/Nov/2013:23:26:21 -0500] "GET /robots.txt HTTP/1.1" 404 - "-" "Mozilla/5.0 (compatible; Googlebot/2.1; +http://www.google.com/bot.html)"
66.249.74.43 - - [01/Nov/2013:23:26:21 -0500] "GET /events/carousel_11/images/9.jpg HTTP/1.1" 200 166085 "-" "Googlebot-Image/1.0"
66.249.74.43 - - [01/Nov/2013:23:59:46 -0500] "GET /events/carousel_11/images/3.jpg HTTP/1.1" 200 168442 "-" "Googlebot-Image/1.0"
208.115.111.70 - - [02/Nov/2013:00:04:43 -0500] "GET /robots.txt HTTP/1.1" 404 - "-" "Mozilla/5.0 (compatible; Ezooms/1.0; ezooms.bot@gmail.com)"
66.249.74.43 - - [02/Nov/2013:00:33:11 -0500] "GET /slider/images/imagslider-2.png HTTP/1.1" 304 - "-" "Googlebot-Image/1.0"
208.115.111.70 - - [02/Nov/2013:01:09:32 -0500] "GET /calendar.php HTTP/1.1" 200 10644 "-" "Mozilla/5.0 (compatible; Ezooms/1.0; ezooms.bot@gmail.com)"
66.249.74.41 - - [02/Nov/2013:01:45:04 -0500] "GET /robots.txt HTTP/1.1" 404 - "-" "Mozilla/5.0 (compatible; Googlebot/2.1; +http://www.google.com/bot.html)"
66.249.74.41 - - [02/Nov/2013:01:45:04 -0500] "GET / HTTP/1.1" 200 10635 "-" "Mozilla/5.0 (iPhone; CPU iPhone OS 6_0 like Mac OS X) AppleWebKit/536.26 (KHTML, like Gecko) Version/6.0 Mobile/10A5376e Safari/8536.25 (compatible; Googlebot-Mobile/2.1; +http://www.google.com/bot.html)"
66.249.74.43 - - [02/Nov/2013:01:50:00 -0500] "GET / HTTP/1.1" 200 10635 "-" "Mozilla/5.0 (iPhone; CPU iPhone OS 6_0 like Mac OS X) AppleWebKit/536.26 (KHTML, like Gecko) Version/6.0 Mobile/10A5376e Safari/8536.25 (compatible; Googlebot-Mobile/2.1; +http://www.google.com/bot.html)"
66.249.74.43 - - [02/Nov/2013:01:54:31 -0500] "GET /css/global.css HTTP/1.1" 200 13951 "-" "Mozilla/5.0 (compatible; Googlebot/2.1; +http://www.google.com/bot.html)"
66.249.74.41 - - [02/Nov/2013:01:54:32 -0500] "GET /slider/css/style.css HTTP/1.1" 200 1379 "-" "Mozilla/5.0 (compatible; Googlebot/2.1; +http://www.google.com/bot.html)"
66.249.74.43 - - [02/Nov/2013:01:54:32 -0500] "GET /css/footer.css HTTP/1.1" 200 752 "-" "Mozilla/5.0 (compatible; Googlebot/2.1; +http://www.google.com/bot.html)"
66.249.74.43 - - [02/Nov/2013:01:54:33 -0500] "GET /css/style_global.css HTTP/1.1" 200 2621 "-" "Mozilla/5.0 (compatible; Googlebot/2.1; +http://www.google.com/bot.html)"
66.249.74.41 - - [02/Nov/2013:01:54:34 -0500] "GET /css/slide.css HTTP/1.1" 200 2869 "-" "Mozilla/5.0 (compatible; Googlebot/2.1; +http://www.google.com/bot.html)"
66.249.74.43 - - [02/Nov/2013:01:54:34 -0500] "GET /css/slide.css HTTP/1.1" 200 2869 "-" "Mozilla/5.0 (compatible; Googlebot/2.1; +http://www.google.com/bot.html)"
66.249.74.41 - - [02/Nov/2013:01:54:35 -0500] "GET /css/global.css HTTP/1.1" 200 13951 "-" "Mozilla/5.0 (compatible; Googlebot/2.1; +http://www.google.com/bot.html)"
66.249.74.41 - - [02/Nov/2013:01:54:36 -0500] "GET /css/footer.css HTTP/1.1" 200 752 "-" "Mozilla/5.0 (compatible; Googlebot/2.1; +http://www.google.com/bot.html)"
66.249.74.41 - - [02/Nov/2013:01:54:37 -0500] "GET /css/style_global.css HTTP/1.1" 200 2621 "-" "Mozilla/5.0 (compatible; Googlebot/2.1; +http://www.google.com/bot.html)"
66.249.74.43 - - [02/Nov/2013:02:13:37 -0500] "GET /events/carousel_11/images/4.jpg HTTP/1.1" 200 162289 "-" "Googlebot-Image/1.0"
157.55.32.237 - - [02/Nov/2013:04:05:09 -0500] "GET /robots.txt HTTP/1.1" 404 - "-" "Mozilla/5.0 (compatible; bingbot/2.0; +http://www.bing.com/bingbot.htm)"
157.55.32.237 - - [02/Nov/2013:04:22:34 -0500] "GET / HTTP/1.1" 200 10635 "-" "Mozilla/5.0 (compatible; bingbot/2.0; +http://www.bing.com/bingbot.htm)"
180.76.5.52 - - [02/Nov/2013:04:23:56 -0500] "GET /_inc/contact.php HTTP/1.1" 200 756 "-" "Mozilla/5.0 (compatible; Baiduspider/2.0; +http://www.baidu.com/search/spider.html)"
66.249.74.43 - - [02/Nov/2013:04:26:28 -0500] "GET /aboutus.php HTTP/1.1" 200 11667 "-" "Mozilla/5.0 (iPhone; CPU iPhone OS 6_0 like Mac OS X) AppleWebKit/536.26 (KHTML, like Gecko) Version/6.0 Mobile/10A5376e Safari/8536.25 (compatible; Googlebot-Mobile/2.1; +http://www.google.com/bot.html)"
66.249.74.43 - - [02/Nov/2013:04:31:11 -0500] "GET / HTTP/1.1" 200 10635 "-" "DoCoMo/2.0 N905i(c100;TB;W24H16) (compatible; Googlebot-Mobile/2.1; +http://www.google.com/bot.html)"
217.69.133.60 - - [02/Nov/2013:04:59:06 -0500] "GET /robots.txt HTTP/1.0" 404 - "-" "Mozilla/5.0 (compatible; Linux x86_64; Mail.RU_Bot/2.0; +http://go.mail.ru/help/robots)"
217.69.133.28 - - [02/Nov/2013:04:59:07 -0500] "GET /_inc/slide.php HTTP/1.0" 200 3205 "-" "Mozilla/5.0 (compatible; Linux x86_64; Mail.RU_Bot/2.0; +http://go.mail.ru/help/robots)"
180.76.6.36 - - [02/Nov/2013:05:02:37 -0500] "GET /robots.txt HTTP/1.1" 404 - "-" "Mozilla/5.0 (Windows NT 5.1; rv:6.0.2) Gecko/20100101 Firefox/6.0.2"
157.55.32.237 - - [02/Nov/2013:05:25:10 -0500] "GET /robots.txt HTTP/1.1" 404 - "-" "Mozilla/5.0 (compatible; bingbot/2.0; +http://www.bing.com/bingbot.htm)"
157.55.32.237 - - [02/Nov/2013:05:51:25 -0500] "GET / HTTP/1.1" 200 10635 "-" "Mozilla/5.0 (compatible; bingbot/2.0; +http://www.bing.com/bingbot.htm)"
184.173.121.51 - - [02/Nov/2013:06:43:20 -0500] "GET /robots.txt HTTP/1.1" 404 - "-" "Mozilla/5.0 (compatible; MSIE 9.0; Windows NT 6.1; WOW64; Trident/5.0; chromeframe/19.0.1084.52)"
184.173.121.51 - - [02/Nov/2013:06:43:24 -0500] "GET /pdf/174 HTTP/1.1" 404 - "-" "Mozilla/5.0 (compatible; MSIE 9.0; Windows NT 6.1; WOW64; Trident/5.0; chromeframe/19.0.1084.52)"
184.173.121.51 - - [02/Nov/2013:06:43:29 -0500] "GET /robots.txt HTTP/1.1" 404 - "-" "Mozilla/5.0 (compatible; MSIE 9.0; Windows NT 6.1; WOW64; Trident/5.0; chromeframe/19.0.1084.52)"
184.173.121.51 - - [02/Nov/2013:06:43:34 -0500] "GET /pdf/174 HTTP/1.1" 404 - "-" "Mozilla/5.0 (compatible; MSIE 9.0; Windows NT 6.1; WOW64; Trident/5.0; chromeframe/19.0.1084.52)"
184.173.121.51 - - [02/Nov/2013:06:43:43 -0500] "GET /index.php HTTP/1.1" 200 10635 "-" "Mozilla/5.0 (compatible; MSIE 9.0; Windows NT 6.1; WOW64; Trident/5.0; chromeframe/19.0.1084.52)"
184.173.121.51 - - [02/Nov/2013:06:43:48 -0500] "GET /freedom.php HTTP/1.1" 200 11227 "-" "Mozilla/5.0 (compatible; MSIE 9.0; Windows NT 6.1; WOW64; Trident/5.0; chromeframe/19.0.1084.52)"
184.173.121.51 - - [02/Nov/2013:06:43:54 -0500] "GET /events.php HTTP/1.1" 200 6407 "-" "Mozilla/5.0 (compatible; MSIE 9.0; Windows NT 6.1; WOW64; Trident/5.0; chromeframe/19.0.1084.52)"
184.173.121.51 - - [02/Nov/2013:06:44:00 -0500] "GET /donate.php HTTP/1.1" 200 11699 "-" "Mozilla/5.0 (compatible; MSIE 9.0; Windows NT 6.1; WOW64; Trident/5.0; chromeframe/19.0.1084.52)"
184.173.121.51 - - [02/Nov/2013:06:44:05 -0500] "GET /contact.php HTTP/1.1" 200 10519 "-" "Mozilla/5.0 (compatible; MSIE 9.0; Windows NT 6.1; WOW64; Trident/5.0; chromeframe/19.0.1084.52)"
184.173.121.51 - - [02/Nov/2013:06:44:10 -0500] "GET /calendar.php HTTP/1.1" 200 10644 "-" "Mozilla/5.0 (compatible; MSIE 9.0; Windows NT 6.1; WOW64; Trident/5.0; chromeframe/19.0.1084.52)"
184.173.121.51 - - [02/Nov/2013:06:44:16 -0500] "GET /business.php HTTP/1.1" 200 10813 "-" "Mozilla/5.0 (compatible; MSIE 9.0; Windows NT 6.1; WOW64; Trident/5.0; chromeframe/19.0.1084.52)"
184.173.121.51 - - [02/Nov/2013:06:44:21 -0500] "GET /aboutus.php HTTP/1.1" 200 11667 "-" "Mozilla/5.0 (compatible; MSIE 9.0; Windows NT 6.1; WOW64; Trident/5.0; chromeframe/19.0.1084.52)"
217.69.133.72 - - [02/Nov/2013:07:37:55 -0500] "GET /robots.txt HTTP/1.0" 404 - "-" "Mozilla/5.0 (compatible; Linux x86_64; Mail.RU_Bot/2.0; +http://go.mail.ru/help/robots)"
217.69.133.30 - - [02/Nov/2013:07:37:57 -0500] "GET /index.php HTTP/1.0" 200 10635 "-" "Mozilla/5.0 (compatible; Linux x86_64; Mail.RU_Bot/2.0; +http://go.mail.ru/help/robots)"
142.54.167.122 - - [02/Nov/2013:08:53:52 -0500] "GET /aboutus.php HTTP/1.0" 200 11667 "http://operationspokaneheroes.org/aboutus.php" "Mozilla/5.0 (Windows NT 6.1) AppleWebKit/535.1 (KHTML, like Gecko) Chrome/14.0.835.163 Safari/535.1"
142.54.167.122 - - [02/Nov/2013:08:55:13 -0500] "GET /aboutus.php HTTP/1.0" 200 11667 "http://operationspokaneheroes.org/aboutus.php" "Mozilla/5.0 (Windows NT 6.1; WOW64) AppleWebKit/537.4 (KHTML, like Gecko) Chrome/22.0.1229.94 Safari/537.4"
66.249.74.43 - - [02/Nov/2013:09:57:46 -0500] "GET /calendar.php HTTP/1.1" 200 10644 "-" "DoCoMo/2.0 N905i(c100;TB;W24H16) (compatible; Googlebot-Mobile/2.1; +http://www.google.com/bot.html)"
66.249.74.43 - - [02/Nov/2013:12:07:00 -0500] "GET /robots.txt HTTP/1.1" 404 - "-" "Mozilla/5.0 (compatible; Googlebot/2.1; +http://www.google.com/bot.html)"
66.249.74.43 - - [02/Nov/2013:12:07:00 -0500] "GET / HTTP/1.1" 200 10635 "-" "Mozilla/5.0 (compatible; Googlebot/2.1; +http://www.google.com/bot.html)"
66.249.74.43 - - [02/Nov/2013:12:12:12 -0500] "GET /slider/css/style.css HTTP/1.1" 200 1379 "-" "Mozilla/5.0 (compatible; Googlebot/2.1; +http://www.google.com/bot.html)"
192.241.251.172 - - [02/Nov/2013:12:28:35 -0500] "GET / HTTP/1.1" 200 10635 "-" "Mozilla/5.0 (compatible; Windows; U; Windows NT 6.2; WOW64; en-US; rv:12.0) Gecko/20120403211507 Firefox/12.0"
131.253.24.8 - - [02/Nov/2013:12:51:12 -0500] "GET /robots.txt HTTP/1.1" 404 - "-" "msnbot-media/1.1 (+http://search.msn.com/msnbot.htm)"
131.253.24.8 - - [02/Nov/2013:12:51:12 -0500] "GET /events/Brittanycozza-.png HTTP/1.1" 200 156325 "-" "msnbot-media/1.1 (+http://search.msn.com/msnbot.htm)"
66.249.74.43 - - [02/Nov/2013:13:19:02 -0500] "GET /calendar.php HTTP/1.1" 200 10644 "-" "Mozilla/5.0 (iPhone; CPU iPhone OS 6_0 like Mac OS X) AppleWebKit/536.26 (KHTML, like Gecko) Version/6.0 Mobile/10A5376e Safari/8536.25 (compatible; Googlebot-Mobile/2.1; +http://www.google.com/bot.html)"
180.76.5.85 - - [02/Nov/2013:14:27:49 -0500] "GET /pdf/Operation%20Wings%20of%20Hope%20Poster.pdf HTTP/1.1" 200 298825 "-" "Mozilla/5.0 (compatible; Baiduspider/2.0; +http://www.baidu.com/search/spider.html)"
180.76.5.151 - - [02/Nov/2013:14:30:13 -0500] "GET / HTTP/1.1" 200 10635 "-" "Mozilla/5.0 (compatible; Baiduspider/2.0; +http://www.baidu.com/search/spider.html)"
157.55.33.21 - - [02/Nov/2013:14:55:32 -0500] "GET /robots.txt HTTP/1.1" 404 - "-" "Mozilla/5.0 (compatible; bingbot/2.0; +http://www.bing.com/bingbot.htm)"
66.249.74.43 - - [02/Nov/2013:14:59:38 -0500] "GET /calendar.php HTTP/1.1" 200 10644 "-" "SAMSUNG-SGH-E250/1.0 Profile/MIDP-2.0 Configuration/CLDC-1.1 UP.Browser/6.2.3.3.c.1.101 (GUI) MMP/2.0 (compatible; Googlebot-Mobile/2.1; +http://www.google.com/bot.html)"
208.115.111.70 - - [02/Nov/2013:16:04:25 -0500] "GET /robots.txt HTTP/1.1" 404 - "-" "Mozilla/5.0 (compatible; Ezooms/1.0; ezooms.bot@gmail.com)"
157.55.33.21 - - [02/Nov/2013:16:17:10 -0500] "GET / HTTP/1.1" 200 10635 "-" "Mozilla/5.0 (compatible; bingbot/2.0; +http://www.bing.com/bingbot.htm)"
46.229.167.149 - - [02/Nov/2013:16:59:41 -0500] "GET / HTTP/1.1" 200 10635 "-" "Mozilla/5.0 (X11; U; Linux i686; it-IT; rv:1.9.0.2) Gecko/2008092313 Ubuntu/9.25 (jaunty) Firefox/3.8"
112.111.18.128 - - [02/Nov/2013:17:07:16 -0500] "GET /aboutus.php HTTP/1.0" 200 11667 "http://operationspokaneheroes.org/aboutus.php" "Mozilla/4.0 (compatible; MSIE 6.0; Windows NT 5.1; SV1; .NET CLR 2.0.50727)"
208.115.111.70 - - [02/Nov/2013:17:07:31 -0500] "GET /aboutus.php HTTP/1.1" 200 11667 "-" "Mozilla/5.0 (compatible; Ezooms/1.0; ezooms.bot@gmail.com)"
132.3.65.80 - - [02/Nov/2013:17:54:50 -0500] "GET /slider/images/slider-bg.jpg HTTP/1.1" 200 3447 "-" "Mozilla/4.0 (compatible;)"
180.76.5.183 - - [02/Nov/2013:18:53:10 -0500] "GET /robots.txt HTTP/1.1" 404 - "-" "Mozilla/5.0 (Windows NT 5.1; rv:6.0.2) Gecko/20100101 Firefox/6.0.2"
192.187.109.66 - - [02/Nov/2013:19:04:07 -0500] "GET /aboutus.php HTTP/1.0" 200 11667 "http://operationspokaneheroes.org/aboutus.php" "Mozilla/5.0 (Windows NT 5.1; rv:7.0.1) Gecko/20100101 Firefox/7.0.1"
132.3.65.80 - - [02/Nov/2013:19:07:34 -0500] "GET /slider/js/startstop-slider.js HTTP/1.1" 200 1737 "-" "Mozilla/4.0 (compatible;)"
208.115.111.70 - - [02/Nov/2013:20:03:13 -0500] "GET /robots.txt HTTP/1.1" 404 - "-" "Mozilla/5.0 (compatible; Ezooms/1.0; ezooms.bot@gmail.com)"
208.115.111.70 - - [02/Nov/2013:20:03:13 -0500] "GET /robots.txt HTTP/1.1" 404 - "-" "Mozilla/5.0 (compatible; Ezooms/1.0; ezooms.bot@gmail.com)"
74.95.0.186 - - [02/Nov/2013:20:03:22 -0500] "GET /robots.txt HTTP/1.0" 404 - "-" "nrsbot/6"
74.95.0.186 - - [02/Nov/2013:20:03:22 -0500] "GET / HTTP/1.0" 200 10635 "-" "nrsbot/6"
74.95.0.186 - - [02/Nov/2013:20:05:42 -0500] "GET /index.php HTTP/1.0" 200 10635 "-" "nrsbot/6"
66.249.74.43 - - [02/Nov/2013:20:18:01 -0500] "GET /aboutus.php HTTP/1.1" 200 11667 "-" "DoCoMo/2.0 N905i(c100;TB;W24H16) (compatible; Googlebot-Mobile/2.1; +http://www.google.com/bot.html)"
208.115.111.70 - - [02/Nov/2013:20:19:44 -0500] "GET / HTTP/1.1" 200 10635 "-" "Mozilla/5.0 (compatible; Ezooms/1.0; ezooms.bot@gmail.com)"
180.76.5.61 - - [02/Nov/2013:20:31:13 -0500] "GET / HTTP/1.1" 200 10635 "-" "Mozilla/5.0 (compatible; Baiduspider/2.0; +http://www.baidu.com/search/spider.html)"
208.115.111.70 - - [02/Nov/2013:21:08:00 -0500] "GET /events.php HTTP/1.1" 200 6407 "-" "Mozilla/5.0 (compatible; Ezooms/1.0; ezooms.bot@gmail.com)"
132.3.65.80 - - [02/Nov/2013:22:22:35 -0500] "GET /images/slder2.png HTTP/1.1" 200 32853 "-" "Mozilla/4.0 (compatible;)"
5.9.214.2 - - [02/Nov/2013:22:40:46 -0500] "GET / HTTP/1.1" 200 10635 "-" "Mozilla/4.0 (compatible; Struct.it crawler; +http://struct.it/contacts/)"
132.3.65.80 - - [02/Nov/2013:23:26:50 -0500] "GET /slider/js/jquery-1.2.6.js HTTP/1.1" 200 100196 "-" "Mozilla/4.0 (compatible;)"
157.55.33.86 - - [03/Nov/2013:00:13:15 -0500] "GET /robots.txt HTTP/1.1" 404 - "-" "Mozilla/5.0 (compatible; bingbot/2.0; +http://www.bing.com/bingbot.htm)"
66.249.74.41 - - [03/Nov/2013:00:44:00 -0500] "GET /robots.txt HTTP/1.1" 404 - "-" "Mozilla/5.0 (compatible; Googlebot/2.1; +http://www.google.com/bot.html)"
66.249.74.43 - - [03/Nov/2013:00:49:08 -0500] "GET /robots.txt HTTP/1.1" 404 - "-" "Mozilla/5.0 (compatible; Googlebot/2.1; +http://www.google.com/bot.html)"
199.21.99.103 - - [03/Nov/2013:00:55:51 -0500] "GET /robots.txt HTTP/1.1" 404 - "-" "Mozilla/5.0 (compatible; YandexBot/3.0; +http://yandex.com/bots)"
180.76.6.225 - - [03/Nov/2013:01:38:32 -0500] "GET /pdf/Survival%20Camp%202013%202%20pg%20flyer.pdf HTTP/1.1" 200 781521 "-" "Mozilla/5.0 (Windows NT 5.1; rv:6.0.2) Gecko/20100101 Firefox/6.0.2"
157.55.33.86 - - [03/Nov/2013:01:46:06 -0500] "GET /java_for_joes/index.html HTTP/1.1" 404 - "-" "Mozilla/5.0 (compatible; bingbot/2.0; +http://www.bing.com/bingbot.htm)"
157.55.34.181 - - [03/Nov/2013:01:19:19 -0600] "GET /robots.txt HTTP/1.1" 404 - "-" "Mozilla/5.0 (compatible; bingbot/2.0; +http://www.bing.com/bingbot.htm)"
157.55.34.181 - - [03/Nov/2013:01:24:43 -0600] "GET / HTTP/1.1" 200 10635 "-" "Mozilla/5.0 (compatible; bingbot/2.0; +http://www.bing.com/bingbot.htm)"
66.249.74.43 - - [03/Nov/2013:02:16:38 -0600] "GET /events.php HTTP/1.1" 200 6407 "-" "Mozilla/5.0 (iPhone; CPU iPhone OS 6_0 like Mac OS X) AppleWebKit/536.26 (KHTML, like Gecko) Version/6.0 Mobile/10A5376e Safari/8536.25 (compatible; Googlebot-Mobile/2.1; +http://www.google.com/bot.html)"
66.249.74.43 - - [03/Nov/2013:02:23:44 -0600] "GET /events/carousel_11/css/style.css HTTP/1.1" 200 1149 "-" "Mozilla/5.0 (compatible; Googlebot/2.1; +http://www.google.com/bot.html)"
66.249.74.43 - - [03/Nov/2013:02:23:45 -0600] "GET /events/vet_picnic/css/style.css HTTP/1.1" 200 1149 "-" "Mozilla/5.0 (compatible; Googlebot/2.1; +http://www.google.com/bot.html)"
66.249.74.43 - - [03/Nov/2013:02:23:46 -0600] "GET /events/ermy_event/css/style.css HTTP/1.1" 200 1149 "-" "Mozilla/5.0 (compatible; Googlebot/2.1; +http://www.google.com/bot.html)"
119.63.193.196 - - [03/Nov/2013:02:27:50 -0600] "GET / HTTP/1.1" 200 10635 "-" "Mozilla/4.0 (compatible; MSIE 7.0; Windows NT 6.0)"
77.75.77.32 - - [03/Nov/2013:02:52:45 -0600] "GET /robots.txt HTTP/1.1" 404 - "-" "SeznamBot/3.0 (+http://fulltext.sblog.cz/)"
77.75.77.32 - - [03/Nov/2013:02:52:46 -0600] "GET /freedom.php HTTP/1.1" 200 11227 "-" "SeznamBot/3.0 (+http://fulltext.sblog.cz/)"
208.115.111.70 - - [03/Nov/2013:03:01:48 -0600] "GET /robots.txt HTTP/1.1" 404 - "-" "Mozilla/5.0 (compatible; Ezooms/1.0; ezooms.bot@gmail.com)"
157.55.34.181 - - [03/Nov/2013:03:24:37 -0600] "GET /robots.txt HTTP/1.1" 404 - "-" "Mozilla/5.0 (compatible; bingbot/2.0; +http://www.bing.com/bingbot.htm)"
157.55.34.181 - - [03/Nov/2013:03:51:23 -0600] "GET / HTTP/1.1" 200 10635 "-" "Mozilla/5.0 (compatible; bingbot/2.0; +http://www.bing.com/bingbot.htm)"
218.30.103.147 - - [03/Nov/2013:04:05:00 -0600] "GET /robots.txt HTTP/1.1" 404 - "-" "Sogou web spider/4.0(+http://www.sogou.com/docs/help/webmasters.htm#07)"
