71.231.252.38 - - [05/Nov/2013:21:50:07 -0600] "GET /favicon.ico HTTP/1.1" 404 - "-" "Mozilla/5.0 (compatible; MSIE 10.0; Windows NT 6.2; Win64; x64; Trident/6.0; MDDCJS)"
71.231.252.38 - - [05/Nov/2013:21:50:08 -0600] "GET /images/we_need.png HTTP/1.1" 200 2138 "http://operationspokaneheroes.org/_inc/slide.php" "Mozilla/5.0 (compatible; MSIE 10.0; Windows NT 6.2; WOW64; Trident/6.0; MDDCJS)"
71.231.252.38 - - [05/Nov/2013:21:50:07 -0600] "GET /images/1.jpg HTTP/1.1" 200 142489 "http://operationspokaneheroes.org/_inc/slide.php" "Mozilla/5.0 (compatible; MSIE 10.0; Windows NT 6.2; WOW64; Trident/6.0; MDDCJS)"
71.231.252.38 - - [05/Nov/2013:21:50:07 -0600] "GET /images/2.jpg HTTP/1.1" 200 170993 "http://operationspokaneheroes.org/_inc/slide.php" "Mozilla/5.0 (compatible; MSIE 10.0; Windows NT 6.2; WOW64; Trident/6.0; MDDCJS)"
71.231.252.38 - - [05/Nov/2013:21:50:07 -0600] "GET /images/4.jpg HTTP/1.1" 200 186934 "http://operationspokaneheroes.org/_inc/slide.php" "Mozilla/5.0 (compatible; MSIE 10.0; Windows NT 6.2; WOW64; Trident/6.0; MDDCJS)"
71.231.252.38 - - [05/Nov/2013:21:50:08 -0600] "GET /images/3.jpg HTTP/1.1" 200 240733 "http://operationspokaneheroes.org/_inc/slide.php" "Mozilla/5.0 (compatible; MSIE 10.0; Windows NT 6.2; WOW64; Trident/6.0; MDDCJS)"
71.231.252.38 - - [05/Nov/2013:21:52:06 -0600] "GET /events.php HTTP/1.1" 200 6407 "http://operationspokaneheroes.org/" "Mozilla/5.0 (compatible; MSIE 10.0; Windows NT 6.2; WOW64; Trident/6.0; MDDCJS)"
71.231.252.38 - - [05/Nov/2013:21:52:07 -0600] "GET /events/carousel_11/carousel_11.html HTTP/1.1" 200 3712 "http://operationspokaneheroes.org/events.php" "Mozilla/5.0 (compatible; MSIE 10.0; Windows NT 6.2; WOW64; Trident/6.0; MDDCJS)"
71.231.252.38 - - [05/Nov/2013:21:52:07 -0600] "GET /events/ermy_event/ermy.html HTTP/1.1" 200 3507 "http://operationspokaneheroes.org/events.php" "Mozilla/5.0 (compatible; MSIE 10.0; Windows NT 6.2; WOW64; Trident/6.0; MDDCJS)"
71.231.252.38 - - [05/Nov/2013:21:52:07 -0600] "GET /events/vet_picnic/vet_picnic.html HTTP/1.1" 200 3163 "http://operationspokaneheroes.org/events.php" "Mozilla/5.0 (compatible; MSIE 10.0; Windows NT 6.2; WOW64; Trident/6.0; MDDCJS)"
71.231.252.38 - - [05/Nov/2013:21:52:08 -0600] "GET /events/ermy_event/css/style.css HTTP/1.1" 200 1149 "http://operationspokaneheroes.org/events/ermy_event/ermy.html" "Mozilla/5.0 (compatible; MSIE 10.0; Windows NT 6.2; WOW64; Trident/6.0; MDDCJS)"
71.231.252.38 - - [05/Nov/2013:21:52:08 -0600] "GET /events/vet_picnic/css/style.css HTTP/1.1" 200 1149 "http://operationspokaneheroes.org/events/vet_picnic/vet_picnic.html" "Mozilla/5.0 (compatible; MSIE 10.0; Windows NT 6.2; WOW64; Trident/6.0; MDDCJS)"
71.231.252.38 - - [05/Nov/2013:21:52:08 -0600] "GET /events/vet_picnic/js/jquery.movingboxes.min.js HTTP/1.1" 200 4663 "http://operationspokaneheroes.org/events/vet_picnic/vet_picnic.html" "Mozilla/5.0 (compatible; MSIE 10.0; Windows NT 6.2; WOW64; Trident/6.0; MDDCJS)"
71.231.252.38 - - [05/Nov/2013:21:52:08 -0600] "GET /events/carousel_11/js/jquery.movingboxes.min.js HTTP/1.1" 200 4663 "http://operationspokaneheroes.org/events/carousel_11/carousel_11.html" "Mozilla/5.0 (compatible; MSIE 10.0; Windows NT 6.2; WOW64; Trident/6.0; MDDCJS)"
71.231.252.38 - - [05/Nov/2013:21:52:08 -0600] "GET /events/ermy_event/js/jquery.movingboxes.min.js HTTP/1.1" 200 4663 "http://operationspokaneheroes.org/events/ermy_event/ermy.html" "Mozilla/5.0 (compatible; MSIE 10.0; Windows NT 6.2; WOW64; Trident/6.0; MDDCJS)"
71.231.252.38 - - [05/Nov/2013:21:52:08 -0600] "GET /events/vet_picnic/images/67.jpg HTTP/1.1" 404 - "http://operationspokaneheroes.org/events/vet_picnic/vet_picnic.html" "Mozilla/5.0 (compatible; MSIE 10.0; Windows NT 6.2; WOW64; Trident/6.0; MDDCJS)"
71.231.252.38 - - [05/Nov/2013:21:52:08 -0600] "GET /events/carousel_11/css/style.css HTTP/1.1" 200 1149 "http://operationspokaneheroes.org/events/carousel_11/carousel_11.html" "Mozilla/5.0 (compatible; MSIE 10.0; Windows NT 6.2; WOW64; Trident/6.0; MDDCJS)"
71.231.252.38 - - [05/Nov/2013:21:52:07 -0600] "GET /events/Brittanycozza-.png HTTP/1.1" 200 156325 "http://operationspokaneheroes.org/events.php" "Mozilla/5.0 (compatible; MSIE 10.0; Windows NT 6.2; WOW64; Trident/6.0; MDDCJS)"
71.231.252.38 - - [05/Nov/2013:21:52:08 -0600] "GET /events/vet_picnic/images/4.jpg HTTP/1.1" 200 181214 "http://operationspokaneheroes.org/events/vet_picnic/vet_picnic.html" "Mozilla/5.0 (compatible; MSIE 10.0; Windows NT 6.2; WOW64; Trident/6.0; MDDCJS)"
71.231.252.38 - - [05/Nov/2013:21:52:08 -0600] "GET /events/vet_picnic/images/5.jpg HTTP/1.1" 200 197080 "http://operationspokaneheroes.org/events/vet_picnic/vet_picnic.html" "Mozilla/5.0 (compatible; MSIE 10.0; Windows NT 6.2; WOW64; Trident/6.0; MDDCJS)"
71.231.252.38 - - [05/Nov/2013:21:52:08 -0600] "GET /events/vet_picnic/images/6.jpg HTTP/1.1" 200 169784 "http://operationspokaneheroes.org/events/vet_picnic/vet_picnic.html" "Mozilla/5.0 (compatible; MSIE 10.0; Windows NT 6.2; WOW64; Trident/6.0; MDDCJS)"
71.231.252.38 - - [05/Nov/2013:21:52:08 -0600] "GET /events/vet_picnic/images/3.jpg HTTP/1.1" 200 197588 "http://operationspokaneheroes.org/events/vet_picnic/vet_picnic.html" "Mozilla/5.0 (compatible; MSIE 10.0; Windows NT 6.2; WOW64; Trident/6.0; MDDCJS)"
71.231.252.38 - - [05/Nov/2013:21:52:09 -0600] "GET /events/vet_picnic/images/2.jpg HTTP/1.1" 200 184758 "http://operationspokaneheroes.org/events/vet_picnic/vet_picnic.html" "Mozilla/5.0 (compatible; MSIE 10.0; Windows NT 6.2; WOW64; Trident/6.0; MDDCJS)"
71.231.252.38 - - [05/Nov/2013:21:52:09 -0600] "GET /events/carousel_11/images/11.jpg HTTP/1.1" 200 171021 "http://operationspokaneheroes.org/events/carousel_11/carousel_11.html" "Mozilla/5.0 (compatible; MSIE 10.0; Windows NT 6.2; WOW64; Trident/6.0; MDDCJS)"
71.231.252.38 - - [05/Nov/2013:21:52:09 -0600] "GET /events/carousel_11/images/9.jpg HTTP/1.1" 200 166085 "http://operationspokaneheroes.org/events/carousel_11/carousel_11.html" "Mozilla/5.0 (compatible; MSIE 10.0; Windows NT 6.2; WOW64; Trident/6.0; MDDCJS)"
71.231.252.38 - - [05/Nov/2013:21:52:09 -0600] "GET /events/carousel_11/images/10.jpg HTTP/1.1" 200 165405 "http://operationspokaneheroes.org/events/carousel_11/carousel_11.html" "Mozilla/5.0 (compatible; MSIE 10.0; Windows NT 6.2; WOW64; Trident/6.0; MDDCJS)"
71.231.252.38 - - [05/Nov/2013:21:52:09 -0600] "GET /events/carousel_11/images/8.jpg HTTP/1.1" 200 136957 "http://operationspokaneheroes.org/events/carousel_11/carousel_11.html" "Mozilla/5.0 (compatible; MSIE 10.0; Windows NT 6.2; WOW64; Trident/6.0; MDDCJS)"
71.231.252.38 - - [05/Nov/2013:21:52:09 -0600] "GET /events/carousel_11/images/7.jpg HTTP/1.1" 200 162292 "http://operationspokaneheroes.org/events/carousel_11/carousel_11.html" "Mozilla/5.0 (compatible; MSIE 10.0; Windows NT 6.2; WOW64; Trident/6.0; MDDCJS)"
71.231.252.38 - - [05/Nov/2013:21:52:10 -0600] "GET /events/carousel_11/images/6.jpg HTTP/1.1" 200 154334 "http://operationspokaneheroes.org/events/carousel_11/carousel_11.html" "Mozilla/5.0 (compatible; MSIE 10.0; Windows NT 6.2; WOW64; Trident/6.0; MDDCJS)"
71.231.252.38 - - [05/Nov/2013:21:52:10 -0600] "GET /events/carousel_11/images/5.jpg HTTP/1.1" 200 157898 "http://operationspokaneheroes.org/events/carousel_11/carousel_11.html" "Mozilla/5.0 (compatible; MSIE 10.0; Windows NT 6.2; WOW64; Trident/6.0; MDDCJS)"
71.231.252.38 - - [05/Nov/2013:21:52:10 -0600] "GET /events/carousel_11/images/4.jpg HTTP/1.1" 200 162289 "http://operationspokaneheroes.org/events/carousel_11/carousel_11.html" "Mozilla/5.0 (compatible; MSIE 10.0; Windows NT 6.2; WOW64; Trident/6.0; MDDCJS)"
71.231.252.38 - - [05/Nov/2013:21:52:10 -0600] "GET /events/carousel_11/images/2.jpg HTTP/1.1" 200 158920 "http://operationspokaneheroes.org/events/carousel_11/carousel_11.html" "Mozilla/5.0 (compatible; MSIE 10.0; Windows NT 6.2; WOW64; Trident/6.0; MDDCJS)"
71.231.252.38 - - [05/Nov/2013:21:52:10 -0600] "GET /events/ermy_event/images/10.jpg HTTP/1.1" 200 123002 "http://operationspokaneheroes.org/events/ermy_event/ermy.html" "Mozilla/5.0 (compatible; MSIE 10.0; Windows NT 6.2; WOW64; Trident/6.0; MDDCJS)"
71.231.252.38 - - [05/Nov/2013:21:52:10 -0600] "GET /events/ermy_event/images/9.jpg HTTP/1.1" 200 115800 "http://operationspokaneheroes.org/events/ermy_event/ermy.html" "Mozilla/5.0 (compatible; MSIE 10.0; Windows NT 6.2; WOW64; Trident/6.0; MDDCJS)"
71.231.252.38 - - [05/Nov/2013:21:52:10 -0600] "GET /events/ermy_event/images/8.jpg HTTP/1.1" 200 104457 "http://operationspokaneheroes.org/events/ermy_event/ermy.html" "Mozilla/5.0 (compatible; MSIE 10.0; Windows NT 6.2; WOW64; Trident/6.0; MDDCJS)"
71.231.252.38 - - [05/Nov/2013:21:52:10 -0600] "GET /events/carousel_11/images/3.jpg HTTP/1.1" 200 168442 "http://operationspokaneheroes.org/events/carousel_11/carousel_11.html" "Mozilla/5.0 (compatible; MSIE 10.0; Windows NT 6.2; WOW64; Trident/6.0; MDDCJS)"
71.231.252.38 - - [05/Nov/2013:21:52:10 -0600] "GET /events/ermy_event/images/7.jpg HTTP/1.1" 200 113303 "http://operationspokaneheroes.org/events/ermy_event/ermy.html" "Mozilla/5.0 (compatible; MSIE 10.0; Windows NT 6.2; WOW64; Trident/6.0; MDDCJS)"
71.231.252.38 - - [05/Nov/2013:21:52:11 -0600] "GET /events/ermy_event/images/5.jpg HTTP/1.1" 200 97554 "http://operationspokaneheroes.org/events/ermy_event/ermy.html" "Mozilla/5.0 (compatible; MSIE 10.0; Windows NT 6.2; WOW64; Trident/6.0; MDDCJS)"
71.231.252.38 - - [05/Nov/2013:21:52:11 -0600] "GET /events/ermy_event/images/4.jpg HTTP/1.1" 200 94569 "http://operationspokaneheroes.org/events/ermy_event/ermy.html" "Mozilla/5.0 (compatible; MSIE 10.0; Windows NT 6.2; WOW64; Trident/6.0; MDDCJS)"
71.231.252.38 - - [05/Nov/2013:21:52:11 -0600] "GET /events/ermy_event/images/3.jpg HTTP/1.1" 200 101406 "http://operationspokaneheroes.org/events/ermy_event/ermy.html" "Mozilla/5.0 (compatible; MSIE 10.0; Windows NT 6.2; WOW64; Trident/6.0; MDDCJS)"
71.231.252.38 - - [05/Nov/2013:21:52:11 -0600] "GET /events/vet_picnic/images/leftarrow.png HTTP/1.1" 200 3371 "http://operationspokaneheroes.org/events/vet_picnic/vet_picnic.html" "Mozilla/5.0 (compatible; MSIE 10.0; Windows NT 6.2; WOW64; Trident/6.0; MDDCJS)"
71.231.252.38 - - [05/Nov/2013:21:52:11 -0600] "GET /events/ermy_event/images/1.jpg HTTP/1.1" 200 104778 "http://operationspokaneheroes.org/events/ermy_event/ermy.html" "Mozilla/5.0 (compatible; MSIE 10.0; Windows NT 6.2; WOW64; Trident/6.0; MDDCJS)"
71.231.252.38 - - [05/Nov/2013:21:52:11 -0600] "GET /events/vet_picnic/images/rightarrow.png HTTP/1.1" 200 3351 "http://operationspokaneheroes.org/events/vet_picnic/vet_picnic.html" "Mozilla/5.0 (compatible; MSIE 10.0; Windows NT 6.2; WOW64; Trident/6.0; MDDCJS)"
71.231.252.38 - - [05/Nov/2013:21:52:11 -0600] "GET /events/vet_picnic/images/rightshadow.png HTTP/1.1" 200 147 "http://operationspokaneheroes.org/events/vet_picnic/vet_picnic.html" "Mozilla/5.0 (compatible; MSIE 10.0; Windows NT 6.2; WOW64; Trident/6.0; MDDCJS)"
71.231.252.38 - - [05/Nov/2013:21:52:11 -0600] "GET /events/vet_picnic/images/leftshadow.png HTTP/1.1" 200 153 "http://operationspokaneheroes.org/events/vet_picnic/vet_picnic.html" "Mozilla/5.0 (compatible; MSIE 10.0; Windows NT 6.2; WOW64; Trident/6.0; MDDCJS)"
71.231.252.38 - - [05/Nov/2013:21:52:11 -0600] "GET /events/ermy_event/images/leftarrow.png HTTP/1.1" 200 3371 "http://operationspokaneheroes.org/events/ermy_event/ermy.html" "Mozilla/5.0 (compatible; MSIE 10.0; Windows NT 6.2; WOW64; Trident/6.0; MDDCJS)"
71.231.252.38 - - [05/Nov/2013:21:52:11 -0600] "GET /events/ermy_event/images/rightarrow.png HTTP/1.1" 200 3351 "http://operationspokaneheroes.org/events/ermy_event/ermy.html" "Mozilla/5.0 (compatible; MSIE 10.0; Windows NT 6.2; WOW64; Trident/6.0; MDDCJS)"
71.231.252.38 - - [05/Nov/2013:21:52:09 -0600] "GET /events/vet_picnic/images/1.jpg HTTP/1.1" 200 200220 "http://operationspokaneheroes.org/events/vet_picnic/vet_picnic.html" "Mozilla/5.0 (compatible; MSIE 10.0; Windows NT 6.2; WOW64; Trident/6.0; MDDCJS)"
71.231.252.38 - - [05/Nov/2013:21:52:11 -0600] "GET /events/ermy_event/images/rightshadow.png HTTP/1.1" 200 147 "http://operationspokaneheroes.org/events/ermy_event/ermy.html" "Mozilla/5.0 (compatible; MSIE 10.0; Windows NT 6.2; WOW64; Trident/6.0; MDDCJS)"
71.231.252.38 - - [05/Nov/2013:21:52:11 -0600] "GET /events/carousel_11/images/rightshadow.png HTTP/1.1" 200 147 "http://operationspokaneheroes.org/events/carousel_11/carousel_11.html" "Mozilla/5.0 (compatible; MSIE 10.0; Windows NT 6.2; WOW64; Trident/6.0; MDDCJS)"
71.231.252.38 - - [05/Nov/2013:21:52:12 -0600] "GET /events/ermy_event/images/leftshadow.png HTTP/1.1" 200 153 "http://operationspokaneheroes.org/events/ermy_event/ermy.html" "Mozilla/5.0 (compatible; MSIE 10.0; Windows NT 6.2; WOW64; Trident/6.0; MDDCJS)"
71.231.252.38 - - [05/Nov/2013:21:52:12 -0600] "GET /events/carousel_11/images/leftshadow.png HTTP/1.1" 200 153 "http://operationspokaneheroes.org/events/carousel_11/carousel_11.html" "Mozilla/5.0 (compatible; MSIE 10.0; Windows NT 6.2; WOW64; Trident/6.0; MDDCJS)"
71.231.252.38 - - [05/Nov/2013:21:52:13 -0600] "GET /events/carousel_11/images/rightarrow.png HTTP/1.1" 200 3351 "http://operationspokaneheroes.org/events/carousel_11/carousel_11.html" "Mozilla/5.0 (compatible; MSIE 10.0; Windows NT 6.2; WOW64; Trident/6.0; MDDCJS)"
71.231.252.38 - - [05/Nov/2013:21:52:12 -0600] "GET /events/carousel_11/images/leftarrow.png HTTP/1.1" 200 3371 "http://operationspokaneheroes.org/events/carousel_11/carousel_11.html" "Mozilla/5.0 (compatible; MSIE 10.0; Windows NT 6.2; WOW64; Trident/6.0; MDDCJS)"
71.231.252.38 - - [05/Nov/2013:21:52:11 -0600] "GET /events/ermy_event/images/6.jpg HTTP/1.1" 200 110464 "http://operationspokaneheroes.org/events/ermy_event/ermy.html" "Mozilla/5.0 (compatible; MSIE 10.0; Windows NT 6.2; WOW64; Trident/6.0; MDDCJS)"
71.231.252.38 - - [05/Nov/2013:21:52:11 -0600] "GET /events/ermy_event/images/2.jpg HTTP/1.1" 200 114501 "http://operationspokaneheroes.org/events/ermy_event/ermy.html" "Mozilla/5.0 (compatible; MSIE 10.0; Windows NT 6.2; WOW64; Trident/6.0; MDDCJS)"
71.231.252.38 - - [05/Nov/2013:21:52:20 -0600] "GET /favicon.ico HTTP/1.1" 404 - "-" "Mozilla/5.0 (compatible; MSIE 10.0; Windows NT 6.2; Win64; x64; Trident/6.0; MDDCJS)"
71.231.252.38 - - [05/Nov/2013:21:52:26 -0600] "GET /business.php HTTP/1.1" 200 10813 "http://operationspokaneheroes.org/events.php" "Mozilla/5.0 (compatible; MSIE 10.0; Windows NT 6.2; WOW64; Trident/6.0; MDDCJS)"
71.231.252.38 - - [05/Nov/2013:21:52:31 -0600] "GET /_inc/slide.php HTTP/1.1" 200 3205 "http://operationspokaneheroes.org/business.php" "Mozilla/5.0 (compatible; MSIE 10.0; Windows NT 6.2; WOW64; Trident/6.0; MDDCJS)"
71.231.252.38 - - [05/Nov/2013:21:52:35 -0600] "GET /assets/images/btn_top_search_hover.png HTTP/1.1" 404 - "http://operationspokaneheroes.org/_inc/slide.php" "Mozilla/5.0 (compatible; MSIE 10.0; Windows NT 6.2; WOW64; Trident/6.0; MDDCJS)"
71.231.252.38 - - [05/Nov/2013:21:52:35 -0600] "GET /assets/images/btn_main_search_hover.png HTTP/1.1" 404 - "http://operationspokaneheroes.org/_inc/slide.php" "Mozilla/5.0 (compatible; MSIE 10.0; Windows NT 6.2; WOW64; Trident/6.0; MDDCJS)"
71.231.252.38 - - [05/Nov/2013:21:52:40 -0600] "GET /business.php HTTP/1.1" 200 10813 "http://operationspokaneheroes.org/business.php" "Mozilla/5.0 (compatible; MSIE 10.0; Windows NT 6.2; WOW64; Trident/6.0; MDDCJS)"
71.231.252.38 - - [05/Nov/2013:21:52:44 -0600] "GET /_inc/slide.php HTTP/1.1" 200 3205 "http://operationspokaneheroes.org/business.php" "Mozilla/5.0 (compatible; MSIE 10.0; Windows NT 6.2; WOW64; Trident/6.0; MDDCJS)"
71.231.252.38 - - [05/Nov/2013:21:52:45 -0600] "GET /assets/images/btn_top_search_hover.png HTTP/1.1" 404 - "http://operationspokaneheroes.org/_inc/slide.php" "Mozilla/5.0 (compatible; MSIE 10.0; Windows NT 6.2; WOW64; Trident/6.0; MDDCJS)"
71.231.252.38 - - [05/Nov/2013:21:52:46 -0600] "GET /assets/images/btn_main_search_hover.png HTTP/1.1" 404 - "http://operationspokaneheroes.org/_inc/slide.php" "Mozilla/5.0 (compatible; MSIE 10.0; Windows NT 6.2; WOW64; Trident/6.0; MDDCJS)"
71.231.252.38 - - [05/Nov/2013:21:52:46 -0600] "GET /calendar.php HTTP/1.1" 200 10644 "http://operationspokaneheroes.org/business.php" "Mozilla/5.0 (compatible; MSIE 10.0; Windows NT 6.2; WOW64; Trident/6.0; MDDCJS)"
71.231.252.38 - - [05/Nov/2013:21:52:54 -0600] "GET /_inc/slide.php HTTP/1.1" 200 3205 "http://operationspokaneheroes.org/calendar.php" "Mozilla/5.0 (compatible; MSIE 10.0; Windows NT 6.2; WOW64; Trident/6.0; MDDCJS)"
71.231.252.38 - - [05/Nov/2013:21:52:58 -0600] "GET /assets/images/btn_top_search_hover.png HTTP/1.1" 404 - "http://operationspokaneheroes.org/_inc/slide.php" "Mozilla/5.0 (compatible; MSIE 10.0; Windows NT 6.2; WOW64; Trident/6.0; MDDCJS)"
71.231.252.38 - - [05/Nov/2013:21:53:00 -0600] "GET /assets/images/btn_main_search_hover.png HTTP/1.1" 404 - "http://operationspokaneheroes.org/_inc/slide.php" "Mozilla/5.0 (compatible; MSIE 10.0; Windows NT 6.2; WOW64; Trident/6.0; MDDCJS)"
71.231.252.38 - - [05/Nov/2013:21:53:22 -0600] "GET /aboutus.php HTTP/1.1" 200 11667 "http://operationspokaneheroes.org/calendar.php" "Mozilla/5.0 (compatible; MSIE 10.0; Windows NT 6.2; WOW64; Trident/6.0; MDDCJS)"
71.231.252.38 - - [05/Nov/2013:21:53:20 -0600] "GET /aboutus.php HTTP/1.1" 200 10384 "http://operationspokaneheroes.org/calendar.php" "Mozilla/5.0 (compatible; MSIE 10.0; Windows NT 6.2; WOW64; Trident/6.0; MDDCJS)"
71.231.252.38 - - [05/Nov/2013:21:53:28 -0600] "GET /_inc/slide.php HTTP/1.1" 200 3205 "http://operationspokaneheroes.org/aboutus.php" "Mozilla/5.0 (compatible; MSIE 10.0; Windows NT 6.2; WOW64; Trident/6.0; MDDCJS)"
71.231.252.38 - - [05/Nov/2013:21:53:37 -0600] "GET /assets/images/btn_top_search_hover.png HTTP/1.1" 404 - "http://operationspokaneheroes.org/_inc/slide.php" "Mozilla/5.0 (compatible; MSIE 10.0; Windows NT 6.2; WOW64; Trident/6.0; MDDCJS)"
71.231.252.38 - - [05/Nov/2013:21:53:37 -0600] "GET /assets/images/btn_main_search_hover.png HTTP/1.1" 404 - "http://operationspokaneheroes.org/_inc/slide.php" "Mozilla/5.0 (compatible; MSIE 10.0; Windows NT 6.2; WOW64; Trident/6.0; MDDCJS)"
71.231.252.38 - - [05/Nov/2013:21:54:07 -0600] "GET /contact.php HTTP/1.1" 200 10519 "http://operationspokaneheroes.org/aboutus.php" "Mozilla/5.0 (compatible; MSIE 10.0; Windows NT 6.2; WOW64; Trident/6.0; MDDCJS)"
71.231.252.38 - - [05/Nov/2013:21:54:05 -0600] "GET /contact.php HTTP/1.1" 200 3488 "http://operationspokaneheroes.org/aboutus.php" "Mozilla/5.0 (compatible; MSIE 10.0; Windows NT 6.2; WOW64; Trident/6.0; MDDCJS)"
71.231.252.38 - - [05/Nov/2013:21:54:08 -0600] "GET /_inc/slide.php HTTP/1.1" 200 3205 "http://operationspokaneheroes.org/contact.php" "Mozilla/5.0 (compatible; MSIE 10.0; Windows NT 6.2; WOW64; Trident/6.0; MDDCJS)"
71.231.252.38 - - [05/Nov/2013:21:54:12 -0600] "GET /assets/images/btn_main_search_hover.png HTTP/1.1" 404 - "http://operationspokaneheroes.org/_inc/slide.php" "Mozilla/5.0 (compatible; MSIE 10.0; Windows NT 6.2; WOW64; Trident/6.0; MDDCJS)"
71.231.252.38 - - [05/Nov/2013:21:54:12 -0600] "GET /assets/images/btn_top_search_hover.png HTTP/1.1" 404 - "http://operationspokaneheroes.org/_inc/slide.php" "Mozilla/5.0 (compatible; MSIE 10.0; Windows NT 6.2; WOW64; Trident/6.0; MDDCJS)"
71.231.252.38 - - [05/Nov/2013:21:54:08 -0600] "GET /_inc/contact.php HTTP/1.1" 200 756 "http://operationspokaneheroes.org/contact.php" "Mozilla/5.0 (compatible; MSIE 10.0; Windows NT 6.2; WOW64; Trident/6.0; MDDCJS)"
71.231.252.38 - - [05/Nov/2013:21:54:13 -0600] "GET /css/contact_style.css HTTP/1.1" 200 843 "http://operationspokaneheroes.org/_inc/contact.php" "Mozilla/5.0 (compatible; MSIE 10.0; Windows NT 6.2; WOW64; Trident/6.0; MDDCJS)"
71.231.252.38 - - [05/Nov/2013:21:54:49 -0600] "GET /css/global.css HTTP/1.1" 304 - "http://operationspokaneheroes.org/contact.php" "Mozilla/5.0 (compatible; MSIE 10.0; Windows NT 6.2; WOW64; Trident/6.0; MDDCJS)"
71.231.252.38 - - [05/Nov/2013:21:54:49 -0600] "GET /images/logo.png HTTP/1.1" 304 - "http://operationspokaneheroes.org/contact.php" "Mozilla/5.0 (compatible; MSIE 10.0; Windows NT 6.2; WOW64; Trident/6.0; MDDCJS)"
71.231.252.38 - - [05/Nov/2013:21:54:31 -0600] "GET /contact.php HTTP/1.1" 200 10519 "http://operationspokaneheroes.org/aboutus.php" "Mozilla/5.0 (compatible; MSIE 10.0; Windows NT 6.2; WOW64; Trident/6.0; MDDCJS)"
71.231.252.38 - - [05/Nov/2013:21:54:50 -0600] "GET /images/global.png HTTP/1.1" 304 - "http://operationspokaneheroes.org/contact.php" "Mozilla/5.0 (compatible; MSIE 10.0; Windows NT 6.2; WOW64; Trident/6.0; MDDCJS)"
71.231.252.38 - - [05/Nov/2013:21:54:50 -0600] "GET /images/contacticon.png HTTP/1.1" 304 - "http://operationspokaneheroes.org/contact.php" "Mozilla/5.0 (compatible; MSIE 10.0; Windows NT 6.2; WOW64; Trident/6.0; MDDCJS)"
71.231.252.38 - - [05/Nov/2013:21:54:51 -0600] "GET /images/facebook.png HTTP/1.1" 304 - "http://operationspokaneheroes.org/contact.php" "Mozilla/5.0 (compatible; MSIE 10.0; Windows NT 6.2; WOW64; Trident/6.0; MDDCJS)"
71.231.252.38 - - [05/Nov/2013:21:54:51 -0600] "GET /images/nav2.jpg HTTP/1.1" 304 - "http://operationspokaneheroes.org/contact.php" "Mozilla/5.0 (compatible; MSIE 10.0; Windows NT 6.2; WOW64; Trident/6.0; MDDCJS)"
71.231.252.38 - - [05/Nov/2013:21:54:51 -0600] "GET /_inc/slide.php HTTP/1.1" 200 3205 "http://operationspokaneheroes.org/contact.php" "Mozilla/5.0 (compatible; MSIE 10.0; Windows NT 6.2; WOW64; Trident/6.0; MDDCJS)"
71.231.252.38 - - [05/Nov/2013:21:54:51 -0600] "GET /_inc/contact.php HTTP/1.1" 200 756 "http://operationspokaneheroes.org/contact.php" "Mozilla/5.0 (compatible; MSIE 10.0; Windows NT 6.2; WOW64; Trident/6.0; MDDCJS)"
71.231.252.38 - - [05/Nov/2013:21:54:51 -0600] "GET /mainbk.png HTTP/1.1" 304 - "http://operationspokaneheroes.org/contact.php" "Mozilla/5.0 (compatible; MSIE 10.0; Windows NT 6.2; WOW64; Trident/6.0; MDDCJS)"
71.231.252.38 - - [05/Nov/2013:21:54:51 -0600] "GET /css/footer.css HTTP/1.1" 304 - "http://operationspokaneheroes.org/contact.php" "Mozilla/5.0 (compatible; MSIE 10.0; Windows NT 6.2; WOW64; Trident/6.0; MDDCJS)"
71.231.252.38 - - [05/Nov/2013:21:54:51 -0600] "GET /images/bg2.jpg HTTP/1.1" 304 - "http://operationspokaneheroes.org/contact.php" "Mozilla/5.0 (compatible; MSIE 10.0; Windows NT 6.2; WOW64; Trident/6.0; MDDCJS)"
71.231.252.38 - - [05/Nov/2013:21:54:52 -0600] "GET /js/combined.js HTTP/1.1" 304 - "http://operationspokaneheroes.org/_inc/slide.php" "Mozilla/5.0 (compatible; MSIE 10.0; Windows NT 6.2; WOW64; Trident/6.0; MDDCJS)"
71.231.252.38 - - [05/Nov/2013:21:54:52 -0600] "GET /css/contact_style.css HTTP/1.1" 304 - "http://operationspokaneheroes.org/_inc/contact.php" "Mozilla/5.0 (compatible; MSIE 10.0; Windows NT 6.2; WOW64; Trident/6.0; MDDCJS)"
71.231.252.38 - - [05/Nov/2013:21:54:52 -0600] "GET /css/slide.css HTTP/1.1" 304 - "http://operationspokaneheroes.org/_inc/slide.php" "Mozilla/5.0 (compatible; MSIE 10.0; Windows NT 6.2; WOW64; Trident/6.0; MDDCJS)"
71.231.252.38 - - [05/Nov/2013:21:54:52 -0600] "GET /css/style_global.css HTTP/1.1" 304 - "http://operationspokaneheroes.org/_inc/slide.php" "Mozilla/5.0 (compatible; MSIE 10.0; Windows NT 6.2; WOW64; Trident/6.0; MDDCJS)"
71.231.252.38 - - [05/Nov/2013:21:54:55 -0600] "GET /assets/images/btn_main_search_hover.png HTTP/1.1" 404 - "http://operationspokaneheroes.org/_inc/slide.php" "Mozilla/5.0 (compatible; MSIE 10.0; Windows NT 6.2; WOW64; Trident/6.0; MDDCJS)"
71.231.252.38 - - [05/Nov/2013:21:54:55 -0600] "GET /assets/images/btn_top_search_hover.png HTTP/1.1" 404 - "http://operationspokaneheroes.org/_inc/slide.php" "Mozilla/5.0 (compatible; MSIE 10.0; Windows NT 6.2; WOW64; Trident/6.0; MDDCJS)"
71.231.252.38 - - [05/Nov/2013:21:55:08 -0600] "GET /business.php HTTP/1.1" 200 10813 "http://operationspokaneheroes.org/contact.php" "Mozilla/5.0 (compatible; MSIE 10.0; Windows NT 6.2; WOW64; Trident/6.0; MDDCJS)"
71.231.252.38 - - [05/Nov/2013:21:55:10 -0600] "GET /_inc/slide.php HTTP/1.1" 200 3205 "http://operationspokaneheroes.org/business.php" "Mozilla/5.0 (compatible; MSIE 10.0; Windows NT 6.2; WOW64; Trident/6.0; MDDCJS)"
71.231.252.38 - - [05/Nov/2013:21:55:27 -0600] "GET /assets/images/btn_top_search_hover.png HTTP/1.1" 404 - "http://operationspokaneheroes.org/_inc/slide.php" "Mozilla/5.0 (compatible; MSIE 10.0; Windows NT 6.2; WOW64; Trident/6.0; MDDCJS)"
71.231.252.38 - - [05/Nov/2013:21:55:29 -0600] "GET /assets/images/btn_main_search_hover.png HTTP/1.1" 404 - "http://operationspokaneheroes.org/_inc/slide.php" "Mozilla/5.0 (compatible; MSIE 10.0; Windows NT 6.2; WOW64; Trident/6.0; MDDCJS)"
71.231.252.38 - - [05/Nov/2013:21:55:34 -0600] "GET /pdf/174%20Stores%20and%20Business%20Offering%20Military%20Discounts1.pdf HTTP/1.1" 200 122888 "http://operationspokaneheroes.org/business.php" "Mozilla/5.0 (compatible; MSIE 10.0; Windows NT 6.2; WOW64; Trident/6.0; MDDCJS)"
71.231.252.38 - - [05/Nov/2013:21:59:41 -0600] "GET /pdf/2010_Top100_Military_Friendly_Employers.pdf HTTP/1.1" 200 711726 "http://operationspokaneheroes.org/business.php" "Mozilla/5.0 (compatible; MSIE 10.0; Windows NT 6.2; WOW64; Trident/6.0; MDDCJS)"
71.231.252.38 - - [05/Nov/2013:21:59:37 -0600] "GET /pdf/2010_Top100_Military_Friendly_Employers.pdf HTTP/1.1" 200 711726 "http://operationspokaneheroes.org/business.php" "Mozilla/5.0 (compatible; MSIE 10.0; Windows NT 6.2; WOW64; Trident/6.0; MDDCJS)"
71.231.252.38 - - [05/Nov/2013:22:06:59 -0600] "GET / HTTP/1.1" 200 10635 "http://www.google.com/url?sa=t&rct=j&q=&esrc=s&frm=1&source=web&cd=1&ved=0CCwQFjAA&url=http%3A%2F%2Foperationspokaneheroes.org%2F&ei=XMB5Uoq3EqSujALHm4H4Cg&usg=AFQjCNGGuKExGUEgtWK2o7s2b3sBxGCH3Q" "Mozilla/5.0 (compatible; MSIE 10.0; Windows NT 6.2; WOW64; Trident/6.0; MDDCJS)"
71.231.252.38 - - [05/Nov/2013:22:06:59 -0600] "GET /_inc/slide.php HTTP/1.1" 200 3205 "http://operationspokaneheroes.org/" "Mozilla/5.0 (compatible; MSIE 10.0; Windows NT 6.2; WOW64; Trident/6.0; MDDCJS)"
71.231.252.38 - - [05/Nov/2013:22:07:00 -0600] "GET /assets/images/btn_top_search_hover.png HTTP/1.1" 404 - "http://operationspokaneheroes.org/_inc/slide.php" "Mozilla/5.0 (compatible; MSIE 10.0; Windows NT 6.2; WOW64; Trident/6.0; MDDCJS)"
71.231.252.38 - - [05/Nov/2013:22:07:00 -0600] "GET /assets/images/btn_main_search_hover.png HTTP/1.1" 404 - "http://operationspokaneheroes.org/_inc/slide.php" "Mozilla/5.0 (compatible; MSIE 10.0; Windows NT 6.2; WOW64; Trident/6.0; MDDCJS)"
71.231.252.38 - - [05/Nov/2013:22:07:02 -0600] "GET /contact.php HTTP/1.1" 200 10519 "http://operationspokaneheroes.org/" "Mozilla/5.0 (compatible; MSIE 10.0; Windows NT 6.2; WOW64; Trident/6.0; MDDCJS)"
71.231.252.38 - - [05/Nov/2013:22:07:03 -0600] "GET /_inc/slide.php HTTP/1.1" 200 3205 "http://operationspokaneheroes.org/contact.php" "Mozilla/5.0 (compatible; MSIE 10.0; Windows NT 6.2; WOW64; Trident/6.0; MDDCJS)"
71.231.252.38 - - [05/Nov/2013:22:07:03 -0600] "GET /_inc/contact.php HTTP/1.1" 200 756 "http://operationspokaneheroes.org/contact.php" "Mozilla/5.0 (compatible; MSIE 10.0; Windows NT 6.2; WOW64; Trident/6.0; MDDCJS)"
71.231.252.38 - - [05/Nov/2013:22:07:03 -0600] "GET /assets/images/btn_top_search_hover.png HTTP/1.1" 404 - "http://operationspokaneheroes.org/_inc/slide.php" "Mozilla/5.0 (compatible; MSIE 10.0; Windows NT 6.2; WOW64; Trident/6.0; MDDCJS)"
71.231.252.38 - - [05/Nov/2013:22:07:03 -0600] "GET /assets/images/btn_main_search_hover.png HTTP/1.1" 404 - "http://operationspokaneheroes.org/_inc/slide.php" "Mozilla/5.0 (compatible; MSIE 10.0; Windows NT 6.2; WOW64; Trident/6.0; MDDCJS)"
180.76.5.146 - - [05/Nov/2013:22:55:07 -0600] "GET /pdf/January%20Flyers.pdf HTTP/1.1" 200 5543019 "-" "Mozilla/5.0 (Windows NT 5.1; rv:6.0.2) Gecko/20100101 Firefox/6.0.2"
66.249.74.41 - - [06/Nov/2013:00:14:12 -0600] "GET /index.php HTTP/1.1" 200 10635 "-" "Mozilla/5.0 (compatible; Googlebot/2.1; +http://www.google.com/bot.html)"
199.21.99.103 - - [06/Nov/2013:00:22:23 -0600] "GET /business.php HTTP/1.1" 200 10813 "-" "Mozilla/5.0 (compatible; YandexBot/3.0; +http://yandex.com/bots)"
180.76.5.163 - - [06/Nov/2013:00:48:18 -0600] "GET /jquery.easing.1.3.js HTTP/1.1" 200 8097 "-" "Mozilla/5.0 (compatible; Baiduspider/2.0; +http://www.baidu.com/search/spider.html)"
157.55.33.40 - - [06/Nov/2013:02:16:15 -0600] "GET /robots.txt HTTP/1.1" 404 - "-" "Mozilla/5.0 (compatible; bingbot/2.0; +http://www.bing.com/bingbot.htm)"
157.55.33.40 - - [06/Nov/2013:02:17:08 -0600] "GET / HTTP/1.1" 200 10635 "-" "Mozilla/5.0 (compatible; bingbot/2.0; +http://www.bing.com/bingbot.htm)"
66.249.74.41 - - [06/Nov/2013:03:10:22 -0600] "GET /slider/css/style.css HTTP/1.1" 200 1379 "-" "Mozilla/5.0 (compatible; Googlebot/2.1; +http://www.google.com/bot.html)"
66.249.74.41 - - [06/Nov/2013:03:10:23 -0600] "GET /css/global.css HTTP/1.1" 200 13951 "-" "Mozilla/5.0 (compatible; Googlebot/2.1; +http://www.google.com/bot.html)"
66.249.74.41 - - [06/Nov/2013:03:10:24 -0600] "GET /css/slide.css HTTP/1.1" 200 2869 "-" "Mozilla/5.0 (compatible; Googlebot/2.1; +http://www.google.com/bot.html)"
66.249.74.41 - - [06/Nov/2013:03:10:27 -0600] "GET /css/footer.css HTTP/1.1" 200 752 "-" "Mozilla/5.0 (compatible; Googlebot/2.1; +http://www.google.com/bot.html)"
66.249.74.41 - - [06/Nov/2013:03:10:29 -0600] "GET /css/style_global.css HTTP/1.1" 200 2621 "-" "Mozilla/5.0 (compatible; Googlebot/2.1; +http://www.google.com/bot.html)"
180.76.5.7 - - [06/Nov/2013:06:48:31 -0600] "GET /js/combined.js HTTP/1.1" 200 169946 "-" "Mozilla/5.0 (compatible; Baiduspider/2.0; +http://www.baidu.com/search/spider.html)"
157.55.32.55 - - [06/Nov/2013:08:08:55 -0600] "GET /robots.txt HTTP/1.1" 404 - "-" "Mozilla/5.0 (compatible; bingbot/2.0; +http://www.bing.com/bingbot.htm)"
157.55.32.55 - - [06/Nov/2013:08:33:59 -0600] "GET /pdf/freaky_farms.pdf HTTP/1.1" 200 390664 "-" "Mozilla/5.0 (compatible; bingbot/2.0; +http://www.bing.com/bingbot.htm)"
208.115.113.86 - - [06/Nov/2013:09:02:21 -0600] "GET /robots.txt HTTP/1.1" 404 - "-" "Mozilla/5.0 (compatible; Ezooms/1.0; ezooms.bot@gmail.com)"
65.111.177.159 - - [06/Nov/2013:09:03:43 -0600] "GET / HTTP/1.1" 200 10635 "https://www.globalcu.org:443/wearred/index.php" "Mozilla/4.0 (compatible; MSIE 7.0; Windows NT 6.0; Mozilla/4.0 (compatible; MSIE 6.0; Windows NT 5.1; SV1) ; Media Center PC 5.0)"
66.249.74.43 - - [06/Nov/2013:09:33:03 -0600] "GET /robots.txt HTTP/1.1" 404 - "-" "Mozilla/5.0 (compatible; Googlebot/2.1; +http://www.google.com/bot.html)"
66.249.74.43 - - [06/Nov/2013:09:33:03 -0600] "GET / HTTP/1.1" 200 10635 "-" "DoCoMo/2.0 N905i(c100;TB;W24H16) (compatible; Googlebot-Mobile/2.1; +http://www.google.com/bot.html)"
67.105.200.250 - - [06/Nov/2013:09:47:31 -0600] "GET / HTTP/1.1" 200 10635 "http://www.google.com/url?sa=t&rct=j&q=&esrc=s&frm=1&source=web&cd=1&ved=0CCkQFjAA&url=http%3A%2F%2Foperationspokaneheroes.org%2F&ei=jmR6UomFMoq8kQezl4DYCw&usg=AFQjCNGGuKExGUEgtWK2o7s2b3sBxGCH3Q&bvm=bv.55980276,d.cWc" "Mozilla/5.0 (compatible; MSIE 9.0; Windows NT 6.1; Trident/5.0)"
67.105.200.250 - - [06/Nov/2013:09:47:31 -0600] "GET /css/global.css HTTP/1.1" 200 13951 "http://operationspokaneheroes.org/" "Mozilla/5.0 (compatible; MSIE 9.0; Windows NT 6.1; Trident/5.0)"
67.105.200.250 - - [06/Nov/2013:09:47:32 -0600] "GET /images/facebook.png HTTP/1.1" 200 5004 "http://operationspokaneheroes.org/" "Mozilla/5.0 (compatible; MSIE 9.0; Windows NT 6.1; Trident/5.0)"
67.105.200.250 - - [06/Nov/2013:09:47:32 -0600] "GET /images/global.png HTTP/1.1" 200 5737 "http://operationspokaneheroes.org/" "Mozilla/5.0 (compatible; MSIE 9.0; Windows NT 6.1; Trident/5.0)"
67.105.200.250 - - [06/Nov/2013:09:47:32 -0600] "GET /images/contacticon.png HTTP/1.1" 200 4499 "http://operationspokaneheroes.org/" "Mozilla/5.0 (compatible; MSIE 9.0; Windows NT 6.1; Trident/5.0)"
67.105.200.250 - - [06/Nov/2013:09:47:32 -0600] "GET /css/footer.css HTTP/1.1" 200 752 "http://operationspokaneheroes.org/" "Mozilla/5.0 (compatible; MSIE 9.0; Windows NT 6.1; Trident/5.0)"
67.105.200.250 - - [06/Nov/2013:09:47:32 -0600] "GET /mainbk.png HTTP/1.1" 200 290 "http://operationspokaneheroes.org/" "Mozilla/5.0 (compatible; MSIE 9.0; Windows NT 6.1; Trident/5.0)"
67.105.200.250 - - [06/Nov/2013:09:47:32 -0600] "GET /images/nav2.jpg HTTP/1.1" 200 4444 "http://operationspokaneheroes.org/" "Mozilla/5.0 (compatible; MSIE 9.0; Windows NT 6.1; Trident/5.0)"
67.105.200.250 - - [06/Nov/2013:09:47:32 -0600] "GET /slider/index.html HTTP/1.1" 200 2900 "http://operationspokaneheroes.org/" "Mozilla/5.0 (compatible; MSIE 9.0; Windows NT 6.1; Trident/5.0)"
67.105.200.250 - - [06/Nov/2013:09:47:32 -0600] "GET /slider/css/style.css HTTP/1.1" 200 1379 "http://operationspokaneheroes.org/slider/index.html" "Mozilla/5.0 (compatible; MSIE 9.0; Windows NT 6.1; Trident/5.0)"
67.105.200.250 - - [06/Nov/2013:09:47:32 -0600] "GET /slider/js/startstop-slider.js HTTP/1.1" 200 1737 "http://operationspokaneheroes.org/slider/index.html" "Mozilla/5.0 (compatible; MSIE 9.0; Windows NT 6.1; Trident/5.0)"
67.105.200.250 - - [06/Nov/2013:09:47:32 -0600] "GET /images/bg2.jpg HTTP/1.1" 200 55206 "http://operationspokaneheroes.org/" "Mozilla/5.0 (compatible; MSIE 9.0; Windows NT 6.1; Trident/5.0)"
67.105.200.250 - - [06/Nov/2013:09:47:32 -0600] "GET /slider/images/imagslider-1.png HTTP/1.1" 200 69960 "http://operationspokaneheroes.org/slider/index.html" "Mozilla/5.0 (compatible; MSIE 9.0; Windows NT 6.1; Trident/5.0)"
67.105.200.250 - - [06/Nov/2013:09:47:32 -0600] "GET /slider/images/imagslider-2.png HTTP/1.1" 200 62889 "http://operationspokaneheroes.org/slider/index.html" "Mozilla/5.0 (compatible; MSIE 9.0; Windows NT 6.1; Trident/5.0)"
67.105.200.250 - - [06/Nov/2013:09:47:32 -0600] "GET /slider/js/jquery-1.2.6.js HTTP/1.1" 200 100196 "http://operationspokaneheroes.org/slider/index.html" "Mozilla/5.0 (compatible; MSIE 9.0; Windows NT 6.1; Trident/5.0)"
67.105.200.250 - - [06/Nov/2013:09:47:32 -0600] "GET /images/logo.png HTTP/1.1" 200 226129 "http://operationspokaneheroes.org/" "Mozilla/5.0 (compatible; MSIE 9.0; Windows NT 6.1; Trident/5.0)"
67.105.200.250 - - [06/Nov/2013:09:47:32 -0600] "GET /_inc/slide.php HTTP/1.1" 200 3205 "http://operationspokaneheroes.org/" "Mozilla/5.0 (compatible; MSIE 9.0; Windows NT 6.1; Trident/5.0)"
208.115.113.86 - - [06/Nov/2013:10:12:07 -0600] "GET /contact.php HTTP/1.1" 200 10519 "-" "Mozilla/5.0 (compatible; Ezooms/1.0; ezooms.bot@gmail.com)"
157.55.33.40 - - [06/Nov/2013:11:43:29 -0600] "GET /robots.txt HTTP/1.1" 404 - "-" "Mozilla/5.0 (compatible; bingbot/2.0; +http://www.bing.com/bingbot.htm)"
157.55.33.40 - - [06/Nov/2013:11:50:59 -0600] "GET / HTTP/1.1" 200 10635 "-" "Mozilla/5.0 (compatible; bingbot/2.0; +http://www.bing.com/bingbot.htm)"
199.21.99.103 - - [06/Nov/2013:12:30:48 -0600] "GET /robots.txt HTTP/1.1" 404 - "-" "Mozilla/5.0 (compatible; YandexBot/3.0; +http://yandex.com/bots)"
66.249.74.43 - - [06/Nov/2013:13:03:12 -0600] "GET /pdf/Hiring%20Our%20Heroes%20Sept%202013%20Career%20Fair%20Flyer.pdf HTTP/1.1" 304 - "-" "Mozilla/5.0 (iPhone; CPU iPhone OS 6_0 like Mac OS X) AppleWebKit/536.26 (KHTML, like Gecko) Version/6.0 Mobile/10A5376e Safari/8536.25 (compatible; Googlebot-Mobile/2.1; +http://www.google.com/bot.html)"
180.76.5.11 - - [06/Nov/2013:13:18:08 -0600] "GET /java_for_joes/index.html HTTP/1.1" 404 - "-" "Mozilla/5.0 (compatible; Baiduspider/2.0; +http://www.baidu.com/search/spider.html)"
180.76.5.180 - - [06/Nov/2013:13:33:13 -0600] "GET / HTTP/1.1" 200 10635 "-" "Mozilla/5.0 (compatible; Baiduspider/2.0; +http://www.baidu.com/search/spider.html)"
157.55.32.103 - - [06/Nov/2013:14:31:59 -0600] "GET /robots.txt HTTP/1.1" 404 - "-" "Mozilla/5.0 (compatible; bingbot/2.0; +http://www.bing.com/bingbot.htm)"
157.55.32.103 - - [06/Nov/2013:14:32:51 -0600] "GET / HTTP/1.1" 200 10635 "-" "Mozilla/5.0 (compatible; bingbot/2.0; +http://www.bing.com/bingbot.htm)"
199.21.99.103 - - [06/Nov/2013:16:05:59 -0600] "GET /robots.txt HTTP/1.1" 404 - "-" "Mozilla/5.0 (compatible; YandexBot/3.0; +http://yandex.com/bots)"
199.21.99.103 - - [06/Nov/2013:16:06:00 -0600] "GET /pdf/freaky_farms.pdf HTTP/1.1" 200 390664 "-" "Mozilla/5.0 (compatible; YandexBot/3.0; +http://yandex.com/bots)"
199.21.99.103 - - [06/Nov/2013:16:06:02 -0600] "GET / HTTP/1.1" 200 10635 "-" "Mozilla/5.0 (compatible; YandexBot/3.0; +http://yandex.com/bots)"
199.21.99.103 - - [06/Nov/2013:16:06:06 -0600] "GET / HTTP/1.1" 200 10635 "-" "Mozilla/5.0 (compatible; YandexBot/3.0; +http://yandex.com/bots)"
199.21.99.103 - - [06/Nov/2013:16:06:04 -0600] "GET / HTTP/1.1" 200 10635 "-" "Mozilla/5.0 (compatible; YandexBot/3.0; +http://yandex.com/bots)"
199.21.99.103 - - [06/Nov/2013:16:06:13 -0600] "GET / HTTP/1.1" 200 10635 "-" "Mozilla/5.0 (compatible; YandexBot/3.0; +http://yandex.com/bots)"
157.55.34.171 - - [06/Nov/2013:16:58:28 -0600] "GET /robots.txt HTTP/1.1" 404 - "-" "Mozilla/5.0 (compatible; bingbot/2.0; +http://www.bing.com/bingbot.htm)"
157.55.34.171 - - [06/Nov/2013:16:59:29 -0600] "GET /java_for_joes/index.html HTTP/1.1" 404 - "-" "Mozilla/5.0 (compatible; bingbot/2.0; +http://www.bing.com/bingbot.htm)"
180.76.5.177 - - [06/Nov/2013:17:20:51 -0600] "GET /java_for_joes/index.html HTTP/1.1" 404 - "-" "Mozilla/5.0 (compatible; Baiduspider/2.0; +http://www.baidu.com/search/spider.html)"
37.239.226.254 - - [06/Nov/2013:17:23:42 -0600] "GET /java_for_joes/index.html HTTP/1.0" 404 - "-" "Mozilla/5.0 (X11; Ubuntu; Linux x86_64; rv:13.0) Gecko/20100101 Firefox/13.0.1"
50.19.42.39 - - [06/Nov/2013:18:10:01 -0600] "GET /java_for_joes/index.html HTTP/1.1" 404 - "http://javaforjoes.org" "Mozilla/5.0 (Windows; U; Windows NT 6.1; en-US; rv:1.9.1.5) Gecko/20091102 Firefox/3.5.5 (.NET CLR 3.5.30729)"
180.76.5.97 - - [06/Nov/2013:18:17:08 -0600] "GET /java_for_joes/index.html HTTP/1.1" 404 - "-" "Mozilla/5.0 (compatible; Baiduspider/2.0; +http://www.baidu.com/search/spider.html)"
180.76.6.233 - - [06/Nov/2013:19:20:00 -0600] "GET / HTTP/1.1" 200 10635 "-" "Mozilla/5.0 (compatible; Baiduspider/2.0; +http://www.baidu.com/search/spider.html)"
185.10.104.196 - - [06/Nov/2013:20:40:57 -0600] "GET /java_for_joes/index.html HTTP/1.1" 404 - "-" "Mozilla/5.0 (Windows NT 5.1; rv:6.0.2) Gecko/20100101 Firefox/6.0.2"
88.190.25.228 - - [06/Nov/2013:20:59:27 -0600] "GET //wp-login.php HTTP/1.1" 404 - "-" "Mozilla/4.0 (compatible; MSIE 6.0; Windows 98)"
192.187.98.44 - - [06/Nov/2013:21:29:27 -0600] "GET /aboutus.php HTTP/1.0" 200 10772 "http://operationspokaneheroes.org/aboutus.php" "Opera/9.80 (Windows NT 5.1; Edition Ukraine Local) Presto/2.12.388 Version/12.10"
192.187.98.44 - - [06/Nov/2013:21:29:28 -0600] "GET / HTTP/1.0" 200 5402 "http://operationspokaneheroes.org/" "Opera/9.80 (Windows NT 5.1; Edition Ukraine Local) Presto/2.12.388 Version/12.10"
66.249.74.41 - - [06/Nov/2013:22:27:42 -0600] "GET /robots.txt HTTP/1.1" 404 - "-" "Mozilla/5.0 (compatible; Googlebot/2.1; +http://www.google.com/bot.html)"
66.249.74.41 - - [06/Nov/2013:22:27:43 -0600] "GET / HTTP/1.1" 200 10635 "-" "Mozilla/5.0 (iPhone; CPU iPhone OS 6_0 like Mac OS X) AppleWebKit/536.26 (KHTML, like Gecko) Version/6.0 Mobile/10A5376e Safari/8536.25 (compatible; Googlebot-Mobile/2.1; +http://www.google.com/bot.html)"
66.249.74.43 - - [06/Nov/2013:22:33:21 -0600] "GET /robots.txt HTTP/1.1" 404 - "-" "Mozilla/5.0 (compatible; Googlebot/2.1; +http://www.google.com/bot.html)"
66.249.74.43 - - [06/Nov/2013:22:33:22 -0600] "GET / HTTP/1.1" 200 10635 "-" "Mozilla/5.0 (iPhone; CPU iPhone OS 6_0 like Mac OS X) AppleWebKit/536.26 (KHTML, like Gecko) Version/6.0 Mobile/10A5376e Safari/8536.25 (compatible; Googlebot-Mobile/2.1; +http://www.google.com/bot.html)"
66.249.74.43 - - [06/Nov/2013:22:53:39 -0600] "GET /css/footer.css HTTP/1.1" 200 752 "-" "Mozilla/5.0 (compatible; Googlebot/2.1; +http://www.google.com/bot.html)"
66.249.74.43 - - [06/Nov/2013:22:53:43 -0600] "GET /css/style_global.css HTTP/1.1" 200 2621 "-" "Mozilla/5.0 (compatible; Googlebot/2.1; +http://www.google.com/bot.html)"
66.249.74.43 - - [06/Nov/2013:22:53:45 -0600] "GET /css/global.css HTTP/1.1" 200 13951 "-" "Mozilla/5.0 (compatible; Googlebot/2.1; +http://www.google.com/bot.html)"
66.249.74.43 - - [06/Nov/2013:22:53:46 -0600] "GET /css/slide.css HTTP/1.1" 200 2869 "-" "Mozilla/5.0 (compatible; Googlebot/2.1; +http://www.google.com/bot.html)"
66.249.74.43 - - [06/Nov/2013:22:53:47 -0600] "GET /slider/css/style.css HTTP/1.1" 200 1379 "-" "Mozilla/5.0 (compatible; Googlebot/2.1; +http://www.google.com/bot.html)"
157.55.32.103 - - [06/Nov/2013:23:05:37 -0600] "GET /robots.txt HTTP/1.1" 404 - "-" "Mozilla/5.0 (compatible; bingbot/2.0; +http://www.bing.com/bingbot.htm)"
157.55.32.103 - - [06/Nov/2013:23:06:58 -0600] "GET / HTTP/1.1" 200 10635 "-" "Mozilla/5.0 (compatible; bingbot/2.0; +http://www.bing.com/bingbot.htm)"
66.249.74.43 - - [07/Nov/2013:00:12:55 -0600] "GET /robots.txt HTTP/1.1" 404 - "-" "Mozilla/5.0 (compatible; Googlebot/2.1; +http://www.google.com/bot.html)"
66.249.74.43 - - [07/Nov/2013:00:12:55 -0600] "GET / HTTP/1.1" 200 10635 "-" "SAMSUNG-SGH-E250/1.0 Profile/MIDP-2.0 Configuration/CLDC-1.1 UP.Browser/6.2.3.3.c.1.101 (GUI) MMP/2.0 (compatible; Googlebot-Mobile/2.1; +http://www.google.com/bot.html)"
66.249.74.43 - - [07/Nov/2013:00:32:56 -0600] "GET /business.php HTTP/1.1" 200 10813 "-" "DoCoMo/2.0 N905i(c100;TB;W24H16) (compatible; Googlebot-Mobile/2.1; +http://www.google.com/bot.html)"
66.249.74.43 - - [07/Nov/2013:00:37:42 -0600] "GET /donate.php HTTP/1.1" 200 11699 "-" "Mozilla/5.0 (iPhone; CPU iPhone OS 6_0 like Mac OS X) AppleWebKit/536.26 (KHTML, like Gecko) Version/6.0 Mobile/10A5376e Safari/8536.25 (compatible; Googlebot-Mobile/2.1; +http://www.google.com/bot.html)"
157.55.32.103 - - [07/Nov/2013:00:59:11 -0600] "GET /robots.txt HTTP/1.1" 404 - "-" "Mozilla/5.0 (compatible; bingbot/2.0; +http://www.bing.com/bingbot.htm)"
157.55.32.103 - - [07/Nov/2013:01:10:57 -0600] "GET / HTTP/1.1" 200 10635 "-" "Mozilla/5.0 (compatible; bingbot/2.0; +http://www.bing.com/bingbot.htm)"
157.55.32.103 - - [07/Nov/2013:01:11:02 -0600] "GET / HTTP/1.1" 200 10635 "-" "Mozilla/5.0 (compatible; bingbot/2.0; +http://www.bing.com/bingbot.htm)"
188.143.235.81 - - [07/Nov/2013:01:51:13 -0600] "GET /dump.sql HTTP/1.1" 404 - "-" "-"
66.249.74.43 - - [07/Nov/2013:02:15:49 -0600] "GET /events.php HTTP/1.1" 200 6407 "-" "SAMSUNG-SGH-E250/1.0 Profile/MIDP-2.0 Configuration/CLDC-1.1 UP.Browser/6.2.3.3.c.1.101 (GUI) MMP/2.0 (compatible; Googlebot-Mobile/2.1; +http://www.google.com/bot.html)"
66.249.74.41 - - [07/Nov/2013:02:41:21 -0600] "GET /robots.txt HTTP/1.1" 404 - "-" "Mozilla/5.0 (compatible; Googlebot/2.1; +http://www.google.com/bot.html)"
66.249.74.41 - - [07/Nov/2013:02:41:21 -0600] "GET /events/ermy_event/ermy.html HTTP/1.1" 200 3507 "-" "Mozilla/5.0 (compatible; Googlebot/2.1; +http://www.google.com/bot.html)"
199.58.86.206 - - [07/Nov/2013:03:26:02 -0600] "GET /robots.txt HTTP/1.0" 404 - "-" "Mozilla/5.0 (compatible; MJ12bot/v1.4.4; http://www.majestic12.co.uk/bot.php?+)"
199.58.86.206 - - [07/Nov/2013:03:26:04 -0600] "GET / HTTP/1.0" 200 10635 "-" "Mozilla/5.0 (compatible; MJ12bot/v1.4.4; http://www.majestic12.co.uk/bot.php?+)"
66.249.74.41 - - [07/Nov/2013:03:34:57 -0600] "GET /events/ermy_event/js/jquery.movingboxes.min.js HTTP/1.1" 200 4663 "-" "Mozilla/5.0 (compatible; Googlebot/2.1; +http://www.google.com/bot.html)"
66.249.74.41 - - [07/Nov/2013:04:01:57 -0600] "GET /pdf/Survival%20Camp%202013%202%20pg%20flyer.pdf HTTP/1.1" 304 - "-" "Mozilla/5.0 (compatible; Googlebot/2.1; +http://www.google.com/bot.html)"
66.249.74.41 - - [07/Nov/2013:04:51:39 -0600] "GET /pdf/Operation%20Wings%20of%20Hope%20Poster.pdf HTTP/1.1" 200 298825 "-" "Mozilla/5.0 (compatible; Googlebot/2.1; +http://www.google.com/bot.html)"
208.115.113.86 - - [07/Nov/2013:04:59:10 -0600] "GET /robots.txt HTTP/1.1" 404 - "-" "Mozilla/5.0 (compatible; Ezooms/1.0; ezooms.bot@gmail.com)"
66.249.74.41 - - [07/Nov/2013:05:23:17 -0600] "GET /events/ermy_event/css/style.css HTTP/1.1" 200 1149 "-" "Mozilla/5.0 (compatible; Googlebot/2.1; +http://www.google.com/bot.html)"
66.249.74.41 - - [07/Nov/2013:05:44:02 -0600] "GET /pdf/veteran_benefits.pdf HTTP/1.1" 200 111163 "-" "Mozilla/5.0 (compatible; Googlebot/2.1; +http://www.google.com/bot.html)"
74.217.148.77 - - [07/Nov/2013:05:53:59 -0600] "GET /chromesetup.exe HTTP/1.1" 404 - "-" "Mozilla/4.0 (compatible; MSIE 7.0; Windows NT 5.1; .NET CLR 2.0.50727; IE7-01NET.COM-1.1; .NET CLR 3.0.4506.2152; .NET CLR 3.5.30729; .NET CLR 1.1.4322; AskTbLMW2/5.11.3.15590; IE7-01NET.COM-1.1; Windows Live Messenger 14.0.8117.0416)"
157.55.33.84 - - [07/Nov/2013:06:04:33 -0600] "GET /robots.txt HTTP/1.1" 404 - "-" "Mozilla/5.0 (compatible; bingbot/2.0; +http://www.bing.com/bingbot.htm)"
185.10.104.194 - - [07/Nov/2013:06:05:46 -0600] "GET /java_for_joes/index.html HTTP/1.1" 404 - "-" "Mozilla/5.0 (Windows NT 5.1; rv:6.0.2) Gecko/20100101 Firefox/6.0.2"
157.55.33.84 - - [07/Nov/2013:06:07:30 -0600] "GET /java_for_joes/index.html HTTP/1.1" 404 - "-" "Mozilla/5.0 (compatible; bingbot/2.0; +http://www.bing.com/bingbot.htm)"
185.29.8.139 - - [07/Nov/2013:06:15:05 -0600] "GET / HTTP/1.1" 200 10635 "-" "Mozilla/5.0 (X11; Linux x86_64; rv:15.0) Gecko/20100101 Firefox/15.0.1"
66.249.74.41 - - [07/Nov/2013:06:48:34 -0600] "GET /pdf/Operation%20Wings%20of%20Hope%20-%20Kids.pdf HTTP/1.1" 304 - "-" "Mozilla/5.0 (compatible; Googlebot/2.1; +http://www.google.com/bot.html)"
157.56.92.146 - - [07/Nov/2013:06:50:54 -0600] "GET /robots.txt HTTP/1.1" 404 - "-" "Mozilla/5.0 (compatible; bingbot/2.0; +http://www.bing.com/bingbot.htm)"
31.3.233.120 - - [07/Nov/2013:07:37:14 -0600] "GET / HTTP/1.1" 200 10635 "-" "-"
66.249.74.41 - - [07/Nov/2013:07:47:38 -0600] "GET /pdf/WAwillvetsFINAL.pdf HTTP/1.1" 304 - "-" "Mozilla/5.0 (compatible; Googlebot/2.1; +http://www.google.com/bot.html)"
66.249.74.43 - - [07/Nov/2013:08:03:45 -0600] "GET / HTTP/1.1" 200 10635 "-" "Mozilla/5.0 (compatible; Googlebot/2.1; +http://www.google.com/bot.html)"
157.56.92.146 - - [07/Nov/2013:08:14:16 -0600] "GET /_inc/events.php HTTP/1.1" 200 5967 "-" "Mozilla/5.0 (compatible; bingbot/2.0; +http://www.bing.com/bingbot.htm)"
199.30.24.30 - - [07/Nov/2013:08:14:20 -0600] "GET /js/jquery-1.4.2.min.js HTTP/1.1" 200 72174 "http://operationspokaneheroes.org/_inc/events.php" "Mozilla/5.0 (Windows NT 6.1; WOW64) AppleWebKit/534+ (KHTML, like Gecko) BingPreview/1.0b"
157.55.33.84 - - [07/Nov/2013:08:14:28 -0600] "GET /robots.txt HTTP/1.1" 404 - "-" "Mozilla/5.0 (compatible; bingbot/2.0; +http://www.bing.com/bingbot.htm)"
157.55.32.103 - - [07/Nov/2013:08:14:28 -0600] "GET /robots.txt HTTP/1.1" 404 - "-" "Mozilla/5.0 (compatible; bingbot/2.0; +http://www.bing.com/bingbot.htm)"
157.55.32.103 - - [07/Nov/2013:08:14:54 -0600] "GET /js/jquery.jcarousel.pack.js HTTP/1.1" 200 8891 "-" "Mozilla/5.0 (compatible; bingbot/2.0; +http://www.bing.com/bingbot.htm)"
157.55.33.84 - - [07/Nov/2013:08:15:34 -0600] "GET /css/jquery.jcarousel.css HTTP/1.1" 200 915 "-" "Mozilla/5.0 (compatible; bingbot/2.0; +http://www.bing.com/bingbot.htm)"
157.55.33.84 - - [07/Nov/2013:08:15:35 -0600] "GET /css/skin.css HTTP/1.1" 200 1816 "-" "Mozilla/5.0 (compatible; bingbot/2.0; +http://www.bing.com/bingbot.htm)"
66.249.74.41 - - [07/Nov/2013:08:46:44 -0600] "GET /pdf/OSH%20Freedom%20Fridays%20Flyer%20w-back.pdf HTTP/1.1" 304 - "-" "Mozilla/5.0 (compatible; Googlebot/2.1; +http://www.google.com/bot.html)"
66.249.74.41 - - [07/Nov/2013:09:40:28 -0600] "GET /pdf/Spokane%20Indians%20Pennant%20poster-color%20copy.pdf HTTP/1.1" 304 - "-" "Mozilla/5.0 (compatible; Googlebot/2.1; +http://www.google.com/bot.html)"
192.241.173.83 - - [07/Nov/2013:10:22:30 -0600] "HEAD / HTTP/1.1" 200 - "http://www.netcraft.com/survey/" "Mozilla/4.0 (compatible; Netcraft Web Server Survey)"
157.56.93.186 - - [07/Nov/2013:10:29:45 -0600] "GET /robots.txt HTTP/1.1" 404 - "-" "Mozilla/5.0 (compatible; bingbot/2.0; +http://www.bing.com/bingbot.htm)"
66.249.74.41 - - [07/Nov/2013:10:39:34 -0600] "GET /pdf/OSH%20Freedom%20Fridays%20Sign%20Up%20Sheet.pdf HTTP/1.1" 304 - "-" "Mozilla/5.0 (compatible; Googlebot/2.1; +http://www.google.com/bot.html)"
157.56.93.186 - - [07/Nov/2013:11:28:38 -0600] "GET / HTTP/1.1" 200 10635 "-" "Mozilla/5.0 (compatible; bingbot/2.0; +http://www.bing.com/bingbot.htm)"
66.249.74.41 - - [07/Nov/2013:11:33:24 -0600] "GET /pdf/pearl%20harbor_map.pdf HTTP/1.1" 200 1596009 "-" "Mozilla/5.0 (compatible; Googlebot/2.1; +http://www.google.com/bot.html)"
157.55.35.106 - - [07/Nov/2013:11:48:51 -0600] "GET /robots.txt HTTP/1.1" 404 - "-" "Mozilla/5.0 (compatible; bingbot/2.0; +http://www.bing.com/bingbot.htm)"
157.55.35.106 - - [07/Nov/2013:11:50:42 -0600] "GET /pdf/Spokane%20Indians%20Pennant%20poster-color%20copy.pdf HTTP/1.1" 200 1793914 "-" "Mozilla/5.0 (compatible; bingbot/2.0; +http://www.bing.com/bingbot.htm)"
66.249.74.43 - - [07/Nov/2013:12:12:40 -0600] "GET /images/facebook.png HTTP/1.1" 200 5004 "-" "Googlebot-Image/1.0"
66.249.74.41 - - [07/Nov/2013:12:27:06 -0600] "GET /pdf/MCL%20Breakfast%20-%20March%202012.pdf HTTP/1.1" 200 3577153 "-" "Mozilla/5.0 (compatible; Googlebot/2.1; +http://www.google.com/bot.html)"
97.115.144.92 - - [07/Nov/2013:12:42:23 -0600] "GET /contact.php HTTP/1.1" 200 10519 "-" "Mozilla/5.0 (Macintosh; Intel Mac OS X 10_7_5) AppleWebKit/536.30.1 (KHTML, like Gecko) Version/6.0.5 Safari/536.30.1"
97.115.144.92 - - [07/Nov/2013:12:42:44 -0600] "GET /css/footer.css HTTP/1.1" 200 752 "http://operationspokaneheroes.org/contact.php" "Mozilla/5.0 (Macintosh; Intel Mac OS X 10_7_5) AppleWebKit/536.30.1 (KHTML, like Gecko) Version/6.0.5 Safari/536.30.1"
97.115.144.92 - - [07/Nov/2013:12:42:45 -0600] "GET /images/contacticon.png HTTP/1.1" 200 4499 "http://operationspokaneheroes.org/contact.php" "Mozilla/5.0 (Macintosh; Intel Mac OS X 10_7_5) AppleWebKit/536.30.1 (KHTML, like Gecko) Version/6.0.5 Safari/536.30.1"
97.115.144.92 - - [07/Nov/2013:12:42:44 -0600] "GET /_inc/contact.php HTTP/1.1" 200 756 "http://operationspokaneheroes.org/contact.php" "Mozilla/5.0 (Macintosh; Intel Mac OS X 10_7_5) AppleWebKit/536.30.1 (KHTML, like Gecko) Version/6.0.5 Safari/536.30.1"
