66.249.76.210 - - [04/May/2013:13:19:06 -0500] "GET /slider/index.html HTTP/1.1" 304 - "-" "Mozilla/5.0 (compatible; Googlebot/2.1; +http://www.google.com/bot.html)"
66.249.76.210 - - [04/May/2013:13:39:21 -0500] "GET /business.php HTTP/1.1" 200 10813 "-" "Mozilla/5.0 (compatible; Googlebot/2.1; +http://www.google.com/bot.html)"
218.30.103.147 - - [04/May/2013:14:31:19 -0500] "GET / HTTP/1.1" 200 10628 "-" "Sogou web spider/4.0(+http://www.sogou.com/docs/help/webmasters.htm#07)"
218.30.103.147 - - [04/May/2013:14:31:19 -0500] "GET /robots.txt HTTP/1.1" 404 - "-" "Sogou web spider/4.0"
157.55.32.96 - - [04/May/2013:15:22:21 -0500] "GET /robots.txt HTTP/1.1" 404 - "-" "Mozilla/5.0 (compatible; bingbot/2.0; +http://www.bing.com/bingbot.htm)"
157.55.32.96 - - [04/May/2013:15:24:59 -0500] "GET / HTTP/1.1" 200 10628 "-" "Mozilla/5.0 (compatible; bingbot/2.0; +http://www.bing.com/bingbot.htm)"
173.199.114.147 - - [04/May/2013:15:55:20 -0500] "GET /index.php HTTP/1.1" 200 10628 "-" "Mozilla/5.0 (compatible; AhrefsBot/4.0; +http://ahrefs.com/robot/)"
180.76.5.20 - - [04/May/2013:17:40:40 -0500] "GET / HTTP/1.1" 200 10628 "-" "Mozilla/5.0 (compatible; Baiduspider/2.0; +http://www.baidu.com/search/spider.html)"
65.55.52.87 - - [04/May/2013:18:43:42 -0500] "GET /robots.txt HTTP/1.1" 404 - "-" "Mozilla/5.0 (compatible; bingbot/2.0; +http://www.bing.com/bingbot.htm)"
65.55.52.87 - - [04/May/2013:18:46:50 -0500] "GET /pdf/Operation%20Wings%20of%20Hope%20Poster.pdf HTTP/1.1" 200 298825 "-" "Mozilla/5.0 (compatible; bingbot/2.0; +http://www.bing.com/bingbot.htm)"
157.55.35.81 - - [04/May/2013:19:11:28 -0500] "GET /pdf/Welcome%20Home%20Event%20Flyer%202012.pdf HTTP/1.1" 200 462917 "-" "Mozilla/5.0 (compatible; bingbot/2.0; +http://www.bing.com/bingbot.htm)"
157.56.93.41 - - [04/May/2013:19:16:17 -0500] "GET /aboutus.php HTTP/1.1" 200 11667 "-" "Mozilla/5.0 (compatible; bingbot/2.0; +http://www.bing.com/bingbot.htm)"
157.56.93.41 - - [04/May/2013:19:16:17 -0500] "GET /pdf/Operation%20Wings%20of%20Hope%20-%20Kids.pdf HTTP/1.1" 200 34092 "-" "Mozilla/5.0 (compatible; bingbot/2.0; +http://www.bing.com/bingbot.htm)"
157.55.32.89 - - [04/May/2013:19:16:18 -0500] "GET /events.php HTTP/1.1" 200 6407 "-" "Mozilla/5.0 (compatible; bingbot/2.0; +http://www.bing.com/bingbot.htm)"
157.55.32.89 - - [04/May/2013:19:16:18 -0500] "GET /pdf/Operation%20Wings%20of%20Hope.pdf HTTP/1.1" 200 52094 "-" "Mozilla/5.0 (compatible; bingbot/2.0; +http://www.bing.com/bingbot.htm)"
157.56.92.175 - - [04/May/2013:19:41:46 -0500] "GET /pdf/2013%20Salute%20Armed%20Forces.pdf HTTP/1.1" 200 1749455 "-" "Mozilla/5.0 (compatible; bingbot/2.0; +http://www.bing.com/bingbot.htm)"
157.55.32.62 - - [04/May/2013:19:51:16 -0500] "GET /donate.php HTTP/1.1" 200 11699 "-" "Mozilla/5.0 (compatible; bingbot/2.0; +http://www.bing.com/bingbot.htm)"
157.55.32.62 - - [04/May/2013:19:51:16 -0500] "GET /pdf/174%20Stores%20and%20Business%20Offering%20Military%20Discounts1.pdf HTTP/1.1" 200 122888 "-" "Mozilla/5.0 (compatible; bingbot/2.0; +http://www.bing.com/bingbot.htm)"
157.55.32.96 - - [04/May/2013:20:03:50 -0500] "GET / HTTP/1.1" 200 10628 "-" "Mozilla/5.0 (compatible; bingbot/2.0; +http://www.bing.com/bingbot.htm)"
157.55.32.96 - - [04/May/2013:20:03:50 -0500] "GET /freedom.php HTTP/1.1" 200 11227 "-" "Mozilla/5.0 (compatible; bingbot/2.0; +http://www.bing.com/bingbot.htm)"
157.55.32.96 - - [04/May/2013:20:03:50 -0500] "GET /index.php HTTP/1.1" 200 10628 "-" "Mozilla/5.0 (compatible; bingbot/2.0; +http://www.bing.com/bingbot.htm)"
66.249.76.210 - - [04/May/2013:21:09:32 -0500] "GET /robots.txt HTTP/1.1" 404 - "-" "Mozilla/5.0 (compatible; Googlebot/2.1; +http://www.google.com/bot.html)"
66.249.76.210 - - [04/May/2013:21:09:32 -0500] "GET / HTTP/1.1" 200 10628 "-" "SAMSUNG-SGH-E250/1.0 Profile/MIDP-2.0 Configuration/CLDC-1.1 UP.Browser/6.2.3.3.c.1.101 (GUI) MMP/2.0 (compatible; Googlebot-Mobile/2.1; +http://www.google.com/bot.html)"
193.106.136.44 - - [04/May/2013:22:30:10 -0500] "GET / HTTP/1.1" 200 10628 "http://lankarns.com/" "Mozilla/4.0 (compatible; MSIE 6.0; Windows NT 5.1; Maxthon; .NET CLR 1.1.4322)"
193.106.136.44 - - [04/May/2013:22:30:11 -0500] "GET / HTTP/1.1" 200 10123 "http://lankarns.com/" "Mozilla/4.0 (compatible; MSIE 6.0; Windows NT 5.1; Maxthon; .NET CLR 1.1.4322)"
173.199.114.147 - - [04/May/2013:22:38:20 -0500] "GET /join/ HTTP/1.1" 404 - "-" "Mozilla/5.0 (compatible; AhrefsBot/4.0; +http://ahrefs.com/robot/)"
157.56.93.41 - - [04/May/2013:22:43:22 -0500] "GET /robots.txt HTTP/1.1" 404 - "-" "Mozilla/5.0 (compatible; bingbot/2.0; +http://www.bing.com/bingbot.htm)"
157.56.93.41 - - [04/May/2013:22:45:17 -0500] "GET /aboutus.php HTTP/1.1" 200 11667 "-" "Mozilla/5.0 (compatible; bingbot/2.0; +http://www.bing.com/bingbot.htm)"
157.56.92.151 - - [04/May/2013:22:45:19 -0500] "GET /slider/index.html HTTP/1.1" 200 3205 "-" "Mozilla/5.0 (compatible; bingbot/2.0; +http://www.bing.com/bingbot.htm)"
65.55.52.87 - - [04/May/2013:23:07:50 -0500] "GET /pdf/OSH%20Freedom%20Fridays%20Sign%20Up%20Sheet.pdf HTTP/1.1" 200 170318 "-" "Mozilla/5.0 (compatible; bingbot/2.0; +http://www.bing.com/bingbot.htm)"
157.55.32.62 - - [04/May/2013:23:24:51 -0500] "GET /resources.php HTTP/1.1" 200 10398 "-" "Mozilla/5.0 (compatible; bingbot/2.0; +http://www.bing.com/bingbot.htm)"
157.55.32.62 - - [04/May/2013:23:24:51 -0500] "GET /pdf/174%20Stores%20and%20Business%20Offering%20Military%20Discounts1.pdf HTTP/1.1" 200 122888 "-" "Mozilla/5.0 (compatible; bingbot/2.0; +http://www.bing.com/bingbot.htm)"
92.249.127.111 - - [04/May/2013:23:25:48 -0500] "GET / HTTP/1.1" 200 10628 "http://masteralke.net/news.php?readmore=39" "Mozilla/5.0 (compatible; news bot /2.1)"
92.249.127.111 - - [04/May/2013:23:25:49 -0500] "GET / HTTP/1.1" 200 10628 "http://masteralke.net/news.php?readmore=39" "Mozilla/5.0 (compatible; news bot /2.1)"
157.55.32.89 - - [04/May/2013:23:30:50 -0500] "GET /pdf/2010_Top100_Military_Friendly_Employers.pdf HTTP/1.1" 200 711726 "-" "Mozilla/5.0 (compatible; bingbot/2.0; +http://www.bing.com/bingbot.htm)"
157.56.92.175 - - [04/May/2013:23:35:17 -0500] "GET /events/vet_picnic/vet_picnic.html HTTP/1.1" 200 3163 "-" "Mozilla/5.0 (compatible; bingbot/2.0; +http://www.bing.com/bingbot.htm)"
157.55.32.96 - - [04/May/2013:23:46:24 -0500] "GET / HTTP/1.1" 200 10628 "-" "Mozilla/5.0 (compatible; bingbot/2.0; +http://www.bing.com/bingbot.htm)"
157.55.32.96 - - [04/May/2013:23:46:24 -0500] "GET /index.php HTTP/1.1" 200 10628 "-" "Mozilla/5.0 (compatible; bingbot/2.0; +http://www.bing.com/bingbot.htm)"
66.249.76.210 - - [05/May/2013:00:24:10 -0500] "GET / HTTP/1.1" 200 10628 "-" "DoCoMo/2.0 N905i(c100;TB;W24H16) (compatible; Googlebot-Mobile/2.1; +http://www.google.com/bot.html)"
66.249.76.61 - - [05/May/2013:00:53:01 -0500] "GET /robots.txt HTTP/1.1" 404 - "-" "Mozilla/5.0 (compatible; Googlebot/2.1; +http://www.google.com/bot.html)"
66.249.76.61 - - [05/May/2013:00:53:01 -0500] "GET / HTTP/1.1" 200 10628 "-" "Mozilla/5.0 (compatible; Googlebot/2.1; +http://www.google.com/bot.html)"
66.249.76.61 - - [05/May/2013:01:19:12 -0500] "GET / HTTP/1.1" 200 10628 "-" "Mozilla/5.0 (iPhone; U; CPU iPhone OS 4_1 like Mac OS X; en-us) AppleWebKit/532.9 (KHTML, like Gecko) Version/4.0.5 Mobile/8B117 Safari/6531.22.7 (compatible; Googlebot-Mobile/2.1; +http://www.google.com/bot.html)"
66.249.76.210 - - [05/May/2013:01:33:43 -0500] "GET / HTTP/1.1" 200 10628 "-" "Mozilla/5.0 (iPhone; U; CPU iPhone OS 4_1 like Mac OS X; en-us) AppleWebKit/532.9 (KHTML, like Gecko) Version/4.0.5 Mobile/8B117 Safari/6531.22.7 (compatible; Googlebot-Mobile/2.1; +http://www.google.com/bot.html)"
66.249.76.210 - - [05/May/2013:02:42:20 -0500] "GET / HTTP/1.1" 200 10628 "-" "Mozilla/5.0 (compatible; Googlebot/2.1; +http://www.google.com/bot.html)"
109.120.157.179 - - [05/May/2013:02:59:43 -0500] "GET / HTTP/1.1" 200 10628 "http://akpharma.net/" "Mozilla/5.0 (compatible; Add Catalog/2.1;)"
109.120.157.179 - - [05/May/2013:02:59:44 -0500] "GET / HTTP/1.1" 200 10628 "http://akpharma.net/" "Mozilla/5.0 (compatible; Add Catalog/2.1;)"
208.115.111.70 - - [05/May/2013:03:48:04 -0500] "GET /robots.txt HTTP/1.1" 404 - "-" "Mozilla/5.0 (compatible; Ezooms/1.0; ezooms.bot@gmail.com)"
77.75.77.11 - - [05/May/2013:04:03:06 -0500] "GET /robots.txt HTTP/1.1" 404 - "-" "SeznamBot/3.0 (+http://fulltext.sblog.cz/)"
77.75.77.11 - - [05/May/2013:04:03:07 -0500] "GET / HTTP/1.1" 200 10628 "-" "SeznamBot/3.0 (+http://fulltext.sblog.cz/)"
173.199.114.147 - - [05/May/2013:04:23:00 -0500] "GET /aboutus.php HTTP/1.1" 200 11667 "-" "Mozilla/5.0 (compatible; AhrefsBot/4.0; +http://ahrefs.com/robot/)"
157.55.32.96 - - [05/May/2013:04:26:28 -0500] "GET /robots.txt HTTP/1.1" 404 - "-" "Mozilla/5.0 (compatible; bingbot/2.0; +http://www.bing.com/bingbot.htm)"
157.55.32.96 - - [05/May/2013:04:28:21 -0500] "GET / HTTP/1.1" 200 10628 "-" "Mozilla/5.0 (compatible; bingbot/2.0; +http://www.bing.com/bingbot.htm)"
157.55.32.89 - - [05/May/2013:04:33:18 -0500] "GET /pdf/osh_show.pdf HTTP/1.1" 200 6794939 "-" "Mozilla/5.0 (compatible; bingbot/2.0; +http://www.bing.com/bingbot.htm)"
208.115.111.70 - - [05/May/2013:05:11:51 -0500] "GET /contact.php HTTP/1.1" 200 10519 "-" "Mozilla/5.0 (compatible; Ezooms/1.0; ezooms.bot@gmail.com)"
66.249.76.210 - - [05/May/2013:06:09:16 -0500] "GET /pdf/2013%20Salute%20Armed%20Forces.pdf HTTP/1.1" 304 - "-" "Mozilla/5.0 (iPhone; U; CPU iPhone OS 4_1 like Mac OS X; en-us) AppleWebKit/532.9 (KHTML, like Gecko) Version/4.0.5 Mobile/8B117 Safari/6531.22.7 (compatible; Googlebot-Mobile/2.1; +http://www.google.com/bot.html)"
157.56.92.175 - - [05/May/2013:06:15:52 -0500] "GET /robots.txt HTTP/1.1" 404 - "-" "Mozilla/5.0 (compatible; bingbot/2.0; +http://www.bing.com/bingbot.htm)"
157.56.92.175 - - [05/May/2013:06:17:42 -0500] "GET /java_for_joes/index.html HTTP/1.1" 404 - "-" "Mozilla/5.0 (compatible; bingbot/2.0; +http://www.bing.com/bingbot.htm)"
91.207.6.34 - - [05/May/2013:07:10:54 -0500] "GET / HTTP/1.1" 200 10628 "http://ledekole.com/news.php?readmore=17" "Mozilla/4.0 (compatible; MSIE 6.0; Windows NT 5.1; SV1)"
91.207.6.34 - - [05/May/2013:07:10:55 -0500] "GET / HTTP/1.1" 200 10628 "http://ledekole.com/news.php?readmore=17" "Mozilla/4.0 (compatible; MSIE 6.0; Windows NT 5.1; SV1)"
78.158.11.226 - - [05/May/2013:07:58:51 -0500] "GET / HTTP/1.1" 200 10628 "http://sameid.net/domain/operationspokaneheroes.org/" "Lynx/2.8.5rel.1 libwww-FM/2.15FC SSL-MM/1.4.1c OpenSSL/0.9.7e-dev"
78.158.11.226 - - [05/May/2013:07:59:00 -0500] "GET / HTTP/1.1" 200 10628 "http://www.google.com/url?sa=t&rct=j&q=operationspokaneheroes.org&source=web&cd=5&ved=0CF0QFjAE&url=http:%2F%2Foperationspokaneheroes.org%2F&cad=rja" "Lynx/2.8.5rel.1 libwww-FM/2.15FC SSL-MM/1.4.1c OpenSSL/0.9.7e-dev"
78.158.11.226 - - [05/May/2013:07:59:01 -0500] "GET /contact.php HTTP/1.1" 200 10519 "http://operationspokaneheroes.org/" "Lynx/2.8.5rel.1 libwww-FM/2.15FC SSL-MM/1.4.1c OpenSSL/0.9.7e-dev"
78.158.11.226 - - [05/May/2013:07:59:01 -0500] "GET /donate.php HTTP/1.1" 200 11699 "-" "Lynx/2.8.5rel.1 libwww-FM/2.15FC SSL-MM/1.4.1c OpenSSL/0.9.7e-dev"
66.249.76.210 - - [05/May/2013:08:34:18 -0500] "GET /business.php HTTP/1.1" 200 10813 "-" "Mozilla/5.0 (iPhone; U; CPU iPhone OS 4_1 like Mac OS X; en-us) AppleWebKit/532.9 (KHTML, like Gecko) Version/4.0.5 Mobile/8B117 Safari/6531.22.7 (compatible; Googlebot-Mobile/2.1; +http://www.google.com/bot.html)"
91.207.6.34 - - [05/May/2013:08:59:41 -0500] "GET / HTTP/1.1" 200 10628 "http://nardulan.com/news.php?readmore=76" "Mozilla/4.0 (compatible; MSIE 6.0; Windows NT 5.1) Netscape/8.0.4"
91.207.6.34 - - [05/May/2013:08:59:42 -0500] "GET / HTTP/1.1" 200 10628 "http://nardulan.com/news.php?readmore=76" "Mozilla/4.0 (compatible; MSIE 6.0; Windows NT 5.1) Netscape/8.0.4"
66.249.76.210 - - [05/May/2013:09:57:58 -0500] "GET /robots.txt HTTP/1.1" 404 - "-" "Mozilla/5.0 (compatible; Googlebot/2.1; +http://www.google.com/bot.html)"
66.249.76.210 - - [05/May/2013:09:57:58 -0500] "GET /donate.php HTTP/1.1" 200 11699 "-" "DoCoMo/2.0 N905i(c100;TB;W24H16) (compatible; Googlebot-Mobile/2.1; +http://www.google.com/bot.html)"
66.249.76.61 - - [05/May/2013:11:19:26 -0500] "GET /robots.txt HTTP/1.1" 404 - "-" "Mozilla/5.0 (compatible; Googlebot/2.1; +http://www.google.com/bot.html)"
66.249.76.61 - - [05/May/2013:11:19:26 -0500] "GET /donate.php HTTP/1.1" 200 11699 "-" "Mozilla/5.0 (compatible; Googlebot/2.1; +http://www.google.com/bot.html)"
66.249.76.210 - - [05/May/2013:12:08:10 -0500] "GET /pdf/OSH%20Freedom%20Fridays%20Flyer%20-%20Informational%20Handout%20Final.pdf HTTP/1.1" 304 - "-" "SAMSUNG-SGH-E250/1.0 Profile/MIDP-2.0 Configuration/CLDC-1.1 UP.Browser/6.2.3.3.c.1.101 (GUI) MMP/2.0 (compatible; Googlebot-Mobile/2.1; +http://www.google.com/bot.html)"
123.125.71.59 - - [05/May/2013:12:16:34 -0500] "GET / HTTP/1.1" 200 10628 "-" "Mozilla/5.0 (compatible; Baiduspider/2.0; +http://www.baidu.com/search/spider.html)"
66.249.76.210 - - [05/May/2013:13:38:51 -0500] "GET /aboutus.php HTTP/1.1" 200 11667 "-" "Mozilla/5.0 (iPhone; U; CPU iPhone OS 4_1 like Mac OS X; en-us) AppleWebKit/532.9 (KHTML, like Gecko) Version/4.0.5 Mobile/8B117 Safari/6531.22.7 (compatible; Googlebot-Mobile/2.1; +http://www.google.com/bot.html)"
66.249.76.210 - - [05/May/2013:15:15:48 -0500] "GET /index.php HTTP/1.1" 200 10628 "-" "Mozilla/5.0 (compatible; Googlebot/2.1; +http://www.google.com/bot.html)"
66.249.76.61 - - [05/May/2013:15:50:28 -0500] "GET /index.php HTTP/1.1" 200 10628 "-" "Mozilla/5.0 (compatible; Googlebot/2.1; +http://www.google.com/bot.html)"
54.234.197.99 - - [05/May/2013:16:01:01 -0500] "GET /index.php HTTP/1.1" 200 10628 "-" "Pinterest/0.1 +http://pinterest.com/"
157.55.32.96 - - [05/May/2013:17:10:36 -0500] "GET /robots.txt HTTP/1.1" 404 - "-" "Mozilla/5.0 (compatible; bingbot/2.0; +http://www.bing.com/bingbot.htm)"
157.55.32.96 - - [05/May/2013:17:12:14 -0500] "GET / HTTP/1.1" 200 10628 "-" "Mozilla/5.0 (compatible; bingbot/2.0; +http://www.bing.com/bingbot.htm)"
157.56.92.175 - - [05/May/2013:17:12:45 -0500] "GET /donation.php HTTP/1.1" 404 - "-" "Mozilla/5.0 (compatible; bingbot/2.0; +http://www.bing.com/bingbot.htm)"
66.249.76.61 - - [05/May/2013:19:45:00 -0500] "GET /freedom.php HTTP/1.1" 200 11227 "-" "Mozilla/5.0 (iPhone; U; CPU iPhone OS 4_1 like Mac OS X; en-us) AppleWebKit/532.9 (KHTML, like Gecko) Version/4.0.5 Mobile/8B117 Safari/6531.22.7 (compatible; Googlebot-Mobile/2.1; +http://www.google.com/bot.html)"
66.249.76.210 - - [05/May/2013:19:57:00 -0500] "GET /robots.txt HTTP/1.1" 404 - "-" "Mozilla/5.0 (compatible; Googlebot/2.1; +http://www.google.com/bot.html)"
66.249.76.210 - - [05/May/2013:19:57:00 -0500] "GET /contact.php HTTP/1.1" 200 10519 "-" "Mozilla/5.0 (iPhone; U; CPU iPhone OS 4_1 like Mac OS X; en-us) AppleWebKit/532.9 (KHTML, like Gecko) Version/4.0.5 Mobile/8B117 Safari/6531.22.7 (compatible; Googlebot-Mobile/2.1; +http://www.google.com/bot.html)"
180.76.6.231 - - [05/May/2013:20:05:12 -0500] "GET /css/contact_style.css HTTP/1.1" 200 843 "-" "Mozilla/5.0 (compatible; Baiduspider/2.0; +http://www.baidu.com/search/spider.html)"
98.159.198.227 - - [05/May/2013:20:50:54 -0500] "GET /events/ermy_event/images/10.jpg HTTP/1.1" 200 123002 "-" "Mozilla/5.0 (iPhone; CPU iPhone OS 6_1_3 like Mac OS X) AppleWebKit/536.26 (KHTML, like Gecko) Version/6.0 Mobile/10B329 Safari/8536.25"
66.249.76.210 - - [05/May/2013:21:08:15 -0500] "GET /calendar.php HTTP/1.1" 200 10644 "-" "Mozilla/5.0 (compatible; Googlebot/2.1; +http://www.google.com/bot.html)"
24.220.48.98 - - [05/May/2013:21:20:46 -0500] "GET /index.php HTTP/1.1" 200 10628 "-" "Mozilla/5.0 (compatible; MSIE 9.0; Windows NT 6.1; WOW64; Trident/5.0; MAAU; FunWebProducts)"
24.220.48.98 - - [05/May/2013:21:20:46 -0500] "GET /images/facebook.png HTTP/1.1" 200 5004 "http://operationspokaneheroes.org/index.php" "Mozilla/5.0 (compatible; MSIE 9.0; Windows NT 6.1; WOW64; Trident/5.0; MAAU; FunWebProducts)"
24.220.48.98 - - [05/May/2013:21:20:47 -0500] "GET /images/global.png HTTP/1.1" 200 5737 "http://operationspokaneheroes.org/index.php" "Mozilla/5.0 (compatible; MSIE 9.0; Windows NT 6.1; WOW64; Trident/5.0; MAAU; FunWebProducts)"
24.220.48.98 - - [05/May/2013:21:20:47 -0500] "GET /images/contacticon.png HTTP/1.1" 200 4499 "http://operationspokaneheroes.org/index.php" "Mozilla/5.0 (compatible; MSIE 9.0; Windows NT 6.1; WOW64; Trident/5.0; MAAU; FunWebProducts)"
24.220.48.98 - - [05/May/2013:21:20:47 -0500] "GET /css/footer.css HTTP/1.1" 200 752 "http://operationspokaneheroes.org/index.php" "Mozilla/5.0 (compatible; MSIE 9.0; Windows NT 6.1; WOW64; Trident/5.0; MAAU; FunWebProducts)"
24.220.48.98 - - [05/May/2013:21:20:46 -0500] "GET /css/global.css HTTP/1.1" 200 13951 "http://operationspokaneheroes.org/index.php" "Mozilla/5.0 (compatible; MSIE 9.0; Windows NT 6.1; WOW64; Trident/5.0; MAAU; FunWebProducts)"
24.220.48.98 - - [05/May/2013:21:20:47 -0500] "GET /images/nav2.jpg HTTP/1.1" 200 4444 "http://operationspokaneheroes.org/index.php" "Mozilla/5.0 (compatible; MSIE 9.0; Windows NT 6.1; WOW64; Trident/5.0; MAAU; FunWebProducts)"
24.220.48.98 - - [05/May/2013:21:20:47 -0500] "GET /images/freedom_friday_click_here.png HTTP/1.1" 200 19268 "http://operationspokaneheroes.org/index.php" "Mozilla/5.0 (compatible; MSIE 9.0; Windows NT 6.1; WOW64; Trident/5.0; MAAU; FunWebProducts)"
24.220.48.98 - - [05/May/2013:21:20:47 -0500] "GET /mainbk.png HTTP/1.1" 200 290 "http://operationspokaneheroes.org/index.php" "Mozilla/5.0 (compatible; MSIE 9.0; Windows NT 6.1; WOW64; Trident/5.0; MAAU; FunWebProducts)"
24.220.48.98 - - [05/May/2013:21:20:47 -0500] "GET /slider/index.html HTTP/1.1" 200 3205 "http://operationspokaneheroes.org/index.php" "Mozilla/5.0 (compatible; MSIE 9.0; Windows NT 6.1; WOW64; Trident/5.0; MAAU; FunWebProducts)"
24.220.48.98 - - [05/May/2013:21:20:47 -0500] "GET /_inc/slide.php HTTP/1.1" 200 3205 "http://operationspokaneheroes.org/index.php" "Mozilla/5.0 (compatible; MSIE 9.0; Windows NT 6.1; WOW64; Trident/5.0; MAAU; FunWebProducts)"
24.220.48.98 - - [05/May/2013:21:20:47 -0500] "GET /css/style_global.css HTTP/1.1" 200 2621 "http://operationspokaneheroes.org/_inc/slide.php" "Mozilla/5.0 (compatible; MSIE 9.0; Windows NT 6.1; WOW64; Trident/5.0; MAAU; FunWebProducts)"
24.220.48.98 - - [05/May/2013:21:20:47 -0500] "GET /css/slide.css HTTP/1.1" 200 2869 "http://operationspokaneheroes.org/_inc/slide.php" "Mozilla/5.0 (compatible; MSIE 9.0; Windows NT 6.1; WOW64; Trident/5.0; MAAU; FunWebProducts)"
24.220.48.98 - - [05/May/2013:21:20:47 -0500] "GET /slider/css/style.css HTTP/1.1" 200 1379 "http://operationspokaneheroes.org/slider/index.html" "Mozilla/5.0 (compatible; MSIE 9.0; Windows NT 6.1; WOW64; Trident/5.0; MAAU; FunWebProducts)"
24.220.48.98 - - [05/May/2013:21:20:47 -0500] "GET /images/bg2.jpg HTTP/1.1" 200 55206 "http://operationspokaneheroes.org/index.php" "Mozilla/5.0 (compatible; MSIE 9.0; Windows NT 6.1; WOW64; Trident/5.0; MAAU; FunWebProducts)"
24.220.48.98 - - [05/May/2013:21:20:47 -0500] "GET /slider/js/startstop-slider.js HTTP/1.1" 200 1737 "http://operationspokaneheroes.org/slider/index.html" "Mozilla/5.0 (compatible; MSIE 9.0; Windows NT 6.1; WOW64; Trident/5.0; MAAU; FunWebProducts)"
24.220.48.98 - - [05/May/2013:21:20:48 -0500] "GET /images/slder2.png HTTP/1.1" 200 32853 "http://operationspokaneheroes.org/slider/index.html" "Mozilla/5.0 (compatible; MSIE 9.0; Windows NT 6.1; WOW64; Trident/5.0; MAAU; FunWebProducts)"
24.220.48.98 - - [05/May/2013:21:20:47 -0500] "GET /images/imagslider-2.png HTTP/1.1" 200 60039 "http://operationspokaneheroes.org/slider/index.html" "Mozilla/5.0 (compatible; MSIE 9.0; Windows NT 6.1; WOW64; Trident/5.0; MAAU; FunWebProducts)"
24.220.48.98 - - [05/May/2013:21:20:47 -0500] "GET /images/logo.png HTTP/1.1" 200 226129 "http://operationspokaneheroes.org/index.php" "Mozilla/5.0 (compatible; MSIE 9.0; Windows NT 6.1; WOW64; Trident/5.0; MAAU; FunWebProducts)"
24.220.48.98 - - [05/May/2013:21:20:47 -0500] "GET /images/imagslider-5.png HTTP/1.1" 200 39823 "http://operationspokaneheroes.org/slider/index.html" "Mozilla/5.0 (compatible; MSIE 9.0; Windows NT 6.1; WOW64; Trident/5.0; MAAU; FunWebProducts)"
24.220.48.98 - - [05/May/2013:21:20:47 -0500] "GET /images/imagslider-7.png HTTP/1.1" 200 69144 "http://operationspokaneheroes.org/slider/index.html" "Mozilla/5.0 (compatible; MSIE 9.0; Windows NT 6.1; WOW64; Trident/5.0; MAAU; FunWebProducts)"
24.220.48.98 - - [05/May/2013:21:20:47 -0500] "GET /images/imagslider-4.png HTTP/1.1" 200 64386 "http://operationspokaneheroes.org/slider/index.html" "Mozilla/5.0 (compatible; MSIE 9.0; Windows NT 6.1; WOW64; Trident/5.0; MAAU; FunWebProducts)"
24.220.48.98 - - [05/May/2013:21:20:48 -0500] "GET /images/imagslider-6.png HTTP/1.1" 200 39098 "http://operationspokaneheroes.org/slider/index.html" "Mozilla/5.0 (compatible; MSIE 9.0; Windows NT 6.1; WOW64; Trident/5.0; MAAU; FunWebProducts)"
24.220.48.98 - - [05/May/2013:21:20:47 -0500] "GET /images/imagslider-1.png HTTP/1.1" 200 57055 "http://operationspokaneheroes.org/slider/index.html" "Mozilla/5.0 (compatible; MSIE 9.0; Windows NT 6.1; WOW64; Trident/5.0; MAAU; FunWebProducts)"
24.220.48.98 - - [05/May/2013:21:20:48 -0500] "GET /images/imagslider-3.png HTTP/1.1" 200 49038 "http://operationspokaneheroes.org/slider/index.html" "Mozilla/5.0 (compatible; MSIE 9.0; Windows NT 6.1; WOW64; Trident/5.0; MAAU; FunWebProducts)"
24.220.48.98 - - [05/May/2013:21:20:47 -0500] "GET /slider/js/jquery-1.2.6.js HTTP/1.1" 200 100196 "http://operationspokaneheroes.org/slider/index.html" "Mozilla/5.0 (compatible; MSIE 9.0; Windows NT 6.1; WOW64; Trident/5.0; MAAU; FunWebProducts)"
24.220.48.98 - - [05/May/2013:21:20:47 -0500] "GET /js/combined.js HTTP/1.1" 200 169946 "http://operationspokaneheroes.org/_inc/slide.php" "Mozilla/5.0 (compatible; MSIE 9.0; Windows NT 6.1; WOW64; Trident/5.0; MAAU; FunWebProducts)"
24.220.48.98 - - [05/May/2013:21:20:49 -0500] "GET /slider/images/slider-bg.jpg HTTP/1.1" 200 3447 "http://operationspokaneheroes.org/slider/index.html" "Mozilla/5.0 (compatible; MSIE 9.0; Windows NT 6.1; WOW64; Trident/5.0; MAAU; FunWebProducts)"
24.220.48.98 - - [05/May/2013:21:20:49 -0500] "GET /assets/images/btn_main_search_hover.png HTTP/1.1" 404 - "http://operationspokaneheroes.org/_inc/slide.php" "Mozilla/5.0 (compatible; MSIE 9.0; Windows NT 6.1; WOW64; Trident/5.0; MAAU; FunWebProducts)"
24.220.48.98 - - [05/May/2013:21:20:49 -0500] "GET /assets/images/btn_top_search_hover.png HTTP/1.1" 404 - "http://operationspokaneheroes.org/_inc/slide.php" "Mozilla/5.0 (compatible; MSIE 9.0; Windows NT 6.1; WOW64; Trident/5.0; MAAU; FunWebProducts)"
24.220.48.98 - - [05/May/2013:21:20:49 -0500] "GET /images/we_help.png HTTP/1.1" 200 1514 "http://operationspokaneheroes.org/_inc/slide.php" "Mozilla/5.0 (compatible; MSIE 9.0; Windows NT 6.1; WOW64; Trident/5.0; MAAU; FunWebProducts)"
24.220.48.98 - - [05/May/2013:21:20:49 -0500] "GET /images/we_strive.png HTTP/1.1" 200 1981 "http://operationspokaneheroes.org/_inc/slide.php" "Mozilla/5.0 (compatible; MSIE 9.0; Windows NT 6.1; WOW64; Trident/5.0; MAAU; FunWebProducts)"
24.220.48.98 - - [05/May/2013:21:20:49 -0500] "GET /images/we_believe.png HTTP/1.1" 200 1785 "http://operationspokaneheroes.org/_inc/slide.php" "Mozilla/5.0 (compatible; MSIE 9.0; Windows NT 6.1; WOW64; Trident/5.0; MAAU; FunWebProducts)"
24.220.48.98 - - [05/May/2013:21:20:49 -0500] "GET /images/mission_statement_bg.png HTTP/1.1" 200 11413 "http://operationspokaneheroes.org/_inc/slide.php" "Mozilla/5.0 (compatible; MSIE 9.0; Windows NT 6.1; WOW64; Trident/5.0; MAAU; FunWebProducts)"
24.220.48.98 - - [05/May/2013:21:20:49 -0500] "GET /images/we_need.png HTTP/1.1" 200 2138 "http://operationspokaneheroes.org/_inc/slide.php" "Mozilla/5.0 (compatible; MSIE 9.0; Windows NT 6.1; WOW64; Trident/5.0; MAAU; FunWebProducts)"
24.220.48.98 - - [05/May/2013:21:20:49 -0500] "GET /favicon.ico HTTP/1.1" 404 - "-" "Mozilla/5.0 (compatible; MSIE 9.0; Windows NT 6.1; WOW64; Trident/5.0; MAAU; FunWebProducts)"
24.220.48.98 - - [05/May/2013:21:20:49 -0500] "GET /images/4.jpg HTTP/1.1" 200 186934 "http://operationspokaneheroes.org/_inc/slide.php" "Mozilla/5.0 (compatible; MSIE 9.0; Windows NT 6.1; WOW64; Trident/5.0; MAAU; FunWebProducts)"
24.220.48.98 - - [05/May/2013:21:20:49 -0500] "GET /images/1.jpg HTTP/1.1" 200 142489 "http://operationspokaneheroes.org/_inc/slide.php" "Mozilla/5.0 (compatible; MSIE 9.0; Windows NT 6.1; WOW64; Trident/5.0; MAAU; FunWebProducts)"
24.220.48.98 - - [05/May/2013:21:20:49 -0500] "GET /images/2.jpg HTTP/1.1" 200 170993 "http://operationspokaneheroes.org/_inc/slide.php" "Mozilla/5.0 (compatible; MSIE 9.0; Windows NT 6.1; WOW64; Trident/5.0; MAAU; FunWebProducts)"
24.220.48.98 - - [05/May/2013:21:20:49 -0500] "GET /images/3.jpg HTTP/1.1" 200 240733 "http://operationspokaneheroes.org/_inc/slide.php" "Mozilla/5.0 (compatible; MSIE 9.0; Windows NT 6.1; WOW64; Trident/5.0; MAAU; FunWebProducts)"
178.255.215.79 - - [05/May/2013:21:21:46 -0500] "GET /robots.txt HTTP/1.1" 404 - "-" "Mozilla/5.0 (compatible; Exabot/3.0; +http://www.exabot.com/go/robot)"
178.255.215.79 - - [05/May/2013:21:21:47 -0500] "GET / HTTP/1.1" 200 10628 "-" "Mozilla/5.0 (compatible; Exabot/3.0; +http://www.exabot.com/go/robot)"
24.220.48.98 - - [05/May/2013:21:22:17 -0500] "GET /index.php HTTP/1.1" 200 10628 "http://operationspokaneheroes.org/index.php" "Mozilla/5.0 (compatible; MSIE 9.0; Windows NT 6.1; WOW64; Trident/5.0; MAAU; FunWebProducts)"
24.220.48.98 - - [05/May/2013:21:22:17 -0500] "GET /_inc/slide.php HTTP/1.1" 200 3205 "http://operationspokaneheroes.org/index.php" "Mozilla/5.0 (compatible; MSIE 9.0; Windows NT 6.1; WOW64; Trident/5.0; MAAU; FunWebProducts)"
24.220.48.98 - - [05/May/2013:21:22:18 -0500] "GET /assets/images/btn_main_search_hover.png HTTP/1.1" 404 - "http://operationspokaneheroes.org/_inc/slide.php" "Mozilla/5.0 (compatible; MSIE 9.0; Windows NT 6.1; WOW64; Trident/5.0; MAAU; FunWebProducts)"
24.220.48.98 - - [05/May/2013:21:22:18 -0500] "GET /assets/images/btn_top_search_hover.png HTTP/1.1" 404 - "http://operationspokaneheroes.org/_inc/slide.php" "Mozilla/5.0 (compatible; MSIE 9.0; Windows NT 6.1; WOW64; Trident/5.0; MAAU; FunWebProducts)"
24.220.48.98 - - [05/May/2013:21:22:18 -0500] "GET /favicon.ico HTTP/1.1" 404 - "-" "Mozilla/5.0 (compatible; MSIE 9.0; Windows NT 6.1; WOW64; Trident/5.0; MAAU; FunWebProducts)"
157.56.92.175 - - [05/May/2013:22:12:56 -0500] "GET /robots.txt HTTP/1.1" 404 - "-" "Mozilla/5.0 (compatible; bingbot/2.0; +http://www.bing.com/bingbot.htm)"
157.56.92.175 - - [05/May/2013:22:14:24 -0500] "GET /java_for_joes/index.html HTTP/1.1" 404 - "-" "Mozilla/5.0 (compatible; bingbot/2.0; +http://www.bing.com/bingbot.htm)"
70.199.134.145 - - [05/May/2013:22:20:05 -0500] "GET / HTTP/1.1" 200 10628 "http://www.facebook.com/l.php?u=http%3A%2F%2Foperationspokaneheroes.org%2F&h=YAQHPNwL4&s=1&q=operation+spokane+heroes" "Mozilla/5.0 (compatible; MSIE 9.0; Windows NT 6.1; WOW64; Trident/5.0)"
69.171.229.119 - - [05/May/2013:22:20:05 -0500] "GET / HTTP/1.1" 200 10628 "-" "facebookexternalhit/1.1 (+http://www.facebook.com/externalhit_uatext.php)"
70.199.134.145 - - [05/May/2013:22:20:06 -0500] "GET /css/global.css HTTP/1.1" 200 13951 "http://operationspokaneheroes.org/" "Mozilla/5.0 (compatible; MSIE 9.0; Windows NT 6.1; WOW64; Trident/5.0)"
70.199.134.145 - - [05/May/2013:22:20:06 -0500] "GET /images/facebook.png HTTP/1.1" 200 5004 "http://operationspokaneheroes.org/" "Mozilla/5.0 (compatible; MSIE 9.0; Windows NT 6.1; WOW64; Trident/5.0)"
70.199.134.145 - - [05/May/2013:22:20:06 -0500] "GET /css/footer.css HTTP/1.1" 200 752 "http://operationspokaneheroes.org/" "Mozilla/5.0 (compatible; MSIE 9.0; Windows NT 6.1; WOW64; Trident/5.0)"
70.199.134.145 - - [05/May/2013:22:20:06 -0500] "GET /images/contacticon.png HTTP/1.1" 200 4499 "http://operationspokaneheroes.org/" "Mozilla/5.0 (compatible; MSIE 9.0; Windows NT 6.1; WOW64; Trident/5.0)"
69.171.229.119 - - [05/May/2013:22:20:06 -0500] "GET /images/logo.png HTTP/1.1" 206 9000 "http://operationspokaneheroes.org/" "facebookexternalhit/1.1 (+http://www.facebook.com/externalhit_uatext.php)"
70.199.134.145 - - [05/May/2013:22:20:06 -0500] "GET /images/global.png HTTP/1.1" 200 5737 "http://operationspokaneheroes.org/" "Mozilla/5.0 (compatible; MSIE 9.0; Windows NT 6.1; WOW64; Trident/5.0)"
70.199.134.145 - - [05/May/2013:22:20:06 -0500] "GET /images/freedom_friday_click_here.png HTTP/1.1" 200 19268 "http://operationspokaneheroes.org/" "Mozilla/5.0 (compatible; MSIE 9.0; Windows NT 6.1; WOW64; Trident/5.0)"
70.199.134.145 - - [05/May/2013:22:20:06 -0500] "GET /slider/index.html HTTP/1.1" 200 3205 "http://operationspokaneheroes.org/" "Mozilla/5.0 (compatible; MSIE 9.0; Windows NT 6.1; WOW64; Trident/5.0)"
69.171.229.117 - - [05/May/2013:22:20:06 -0500] "GET /images/freedom_friday_click_here.png HTTP/1.1" 206 9000 "http://operationspokaneheroes.org/" "facebookexternalhit/1.1 (+http://www.facebook.com/externalhit_uatext.php)"
70.199.134.145 - - [05/May/2013:22:20:06 -0500] "GET /_inc/slide.php HTTP/1.1" 200 3205 "http://operationspokaneheroes.org/" "Mozilla/5.0 (compatible; MSIE 9.0; Windows NT 6.1; WOW64; Trident/5.0)"
70.199.134.145 - - [05/May/2013:22:20:06 -0500] "GET /images/nav2.jpg HTTP/1.1" 200 4444 "http://operationspokaneheroes.org/" "Mozilla/5.0 (compatible; MSIE 9.0; Windows NT 6.1; WOW64; Trident/5.0)"
70.199.134.145 - - [05/May/2013:22:20:06 -0500] "GET /mainbk.png HTTP/1.1" 200 290 "http://operationspokaneheroes.org/" "Mozilla/5.0 (compatible; MSIE 9.0; Windows NT 6.1; WOW64; Trident/5.0)"
70.199.134.145 - - [05/May/2013:22:20:06 -0500] "GET /slider/js/startstop-slider.js HTTP/1.1" 200 1737 "http://operationspokaneheroes.org/slider/index.html" "Mozilla/5.0 (compatible; MSIE 9.0; Windows NT 6.1; WOW64; Trident/5.0)"
70.199.134.145 - - [05/May/2013:22:20:06 -0500] "GET /images/logo.png HTTP/1.1" 200 226129 "http://operationspokaneheroes.org/" "Mozilla/5.0 (compatible; MSIE 9.0; Windows NT 6.1; WOW64; Trident/5.0)"
70.199.134.145 - - [05/May/2013:22:20:06 -0500] "GET /images/bg2.jpg HTTP/1.1" 200 55206 "http://operationspokaneheroes.org/" "Mozilla/5.0 (compatible; MSIE 9.0; Windows NT 6.1; WOW64; Trident/5.0)"
70.199.134.145 - - [05/May/2013:22:20:07 -0500] "GET /images/imagslider-6.png HTTP/1.1" 200 39098 "http://operationspokaneheroes.org/slider/index.html" "Mozilla/5.0 (compatible; MSIE 9.0; Windows NT 6.1; WOW64; Trident/5.0)"
70.199.134.145 - - [05/May/2013:22:20:06 -0500] "GET /images/imagslider-1.png HTTP/1.1" 200 57055 "http://operationspokaneheroes.org/slider/index.html" "Mozilla/5.0 (compatible; MSIE 9.0; Windows NT 6.1; WOW64; Trident/5.0)"
70.199.134.145 - - [05/May/2013:22:20:06 -0500] "GET /slider/js/jquery-1.2.6.js HTTP/1.1" 200 100196 "http://operationspokaneheroes.org/slider/index.html" "Mozilla/5.0 (compatible; MSIE 9.0; Windows NT 6.1; WOW64; Trident/5.0)"
70.199.134.145 - - [05/May/2013:22:20:07 -0500] "GET /images/imagslider-5.png HTTP/1.1" 200 39823 "http://operationspokaneheroes.org/slider/index.html" "Mozilla/5.0 (compatible; MSIE 9.0; Windows NT 6.1; WOW64; Trident/5.0)"
70.199.134.145 - - [05/May/2013:22:20:06 -0500] "GET /images/imagslider-2.png HTTP/1.1" 200 60039 "http://operationspokaneheroes.org/slider/index.html" "Mozilla/5.0 (compatible; MSIE 9.0; Windows NT 6.1; WOW64; Trident/5.0)"
70.199.134.145 - - [05/May/2013:22:20:07 -0500] "GET /images/slder2.png HTTP/1.1" 200 32853 "http://operationspokaneheroes.org/slider/index.html" "Mozilla/5.0 (compatible; MSIE 9.0; Windows NT 6.1; WOW64; Trident/5.0)"
70.199.134.145 - - [05/May/2013:22:20:07 -0500] "GET /slider/css/style.css HTTP/1.1" 200 1379 "http://operationspokaneheroes.org/slider/index.html" "Mozilla/5.0 (compatible; MSIE 9.0; Windows NT 6.1; WOW64; Trident/5.0)"
70.199.134.145 - - [05/May/2013:22:20:06 -0500] "GET /images/imagslider-4.png HTTP/1.1" 200 64386 "http://operationspokaneheroes.org/slider/index.html" "Mozilla/5.0 (compatible; MSIE 9.0; Windows NT 6.1; WOW64; Trident/5.0)"
70.199.134.145 - - [05/May/2013:22:20:07 -0500] "GET /css/slide.css HTTP/1.1" 200 2869 "http://operationspokaneheroes.org/_inc/slide.php" "Mozilla/5.0 (compatible; MSIE 9.0; Windows NT 6.1; WOW64; Trident/5.0)"
70.199.134.145 - - [05/May/2013:22:20:07 -0500] "GET /css/style_global.css HTTP/1.1" 200 2621 "http://operationspokaneheroes.org/_inc/slide.php" "Mozilla/5.0 (compatible; MSIE 9.0; Windows NT 6.1; WOW64; Trident/5.0)"
70.199.134.145 - - [05/May/2013:22:20:07 -0500] "GET /images/imagslider-3.png HTTP/1.1" 200 49038 "http://operationspokaneheroes.org/slider/index.html" "Mozilla/5.0 (compatible; MSIE 9.0; Windows NT 6.1; WOW64; Trident/5.0)"
70.199.134.145 - - [05/May/2013:22:20:07 -0500] "GET /images/imagslider-7.png HTTP/1.1" 200 69144 "http://operationspokaneheroes.org/slider/index.html" "Mozilla/5.0 (compatible; MSIE 9.0; Windows NT 6.1; WOW64; Trident/5.0)"
70.199.134.145 - - [05/May/2013:22:20:07 -0500] "GET /slider/images/slider-bg.jpg HTTP/1.1" 200 3447 "http://operationspokaneheroes.org/slider/index.html" "Mozilla/5.0 (compatible; MSIE 9.0; Windows NT 6.1; WOW64; Trident/5.0)"
70.199.134.145 - - [05/May/2013:22:20:07 -0500] "GET /js/combined.js HTTP/1.1" 200 169946 "http://operationspokaneheroes.org/_inc/slide.php" "Mozilla/5.0 (compatible; MSIE 9.0; Windows NT 6.1; WOW64; Trident/5.0)"
70.199.134.145 - - [05/May/2013:22:20:08 -0500] "GET /assets/images/btn_main_search_hover.png HTTP/1.1" 404 - "http://operationspokaneheroes.org/_inc/slide.php" "Mozilla/5.0 (compatible; MSIE 9.0; Windows NT 6.1; WOW64; Trident/5.0)"
70.199.134.145 - - [05/May/2013:22:20:08 -0500] "GET /assets/images/btn_top_search_hover.png HTTP/1.1" 404 - "http://operationspokaneheroes.org/_inc/slide.php" "Mozilla/5.0 (compatible; MSIE 9.0; Windows NT 6.1; WOW64; Trident/5.0)"
70.199.134.145 - - [05/May/2013:22:20:08 -0500] "GET /images/we_strive.png HTTP/1.1" 200 1981 "http://operationspokaneheroes.org/_inc/slide.php" "Mozilla/5.0 (compatible; MSIE 9.0; Windows NT 6.1; WOW64; Trident/5.0)"
70.199.134.145 - - [05/May/2013:22:20:08 -0500] "GET /images/mission_statement_bg.png HTTP/1.1" 200 11413 "http://operationspokaneheroes.org/_inc/slide.php" "Mozilla/5.0 (compatible; MSIE 9.0; Windows NT 6.1; WOW64; Trident/5.0)"
70.199.134.145 - - [05/May/2013:22:20:08 -0500] "GET /favicon.ico HTTP/1.1" 404 - "-" "Mozilla/5.0 (compatible; MSIE 9.0; Windows NT 6.1; WOW64; Trident/5.0)"
70.199.134.145 - - [05/May/2013:22:20:08 -0500] "GET /images/1.jpg HTTP/1.1" 200 142489 "http://operationspokaneheroes.org/_inc/slide.php" "Mozilla/5.0 (compatible; MSIE 9.0; Windows NT 6.1; WOW64; Trident/5.0)"
70.199.134.145 - - [05/May/2013:22:20:08 -0500] "GET /images/3.jpg HTTP/1.1" 200 240733 "http://operationspokaneheroes.org/_inc/slide.php" "Mozilla/5.0 (compatible; MSIE 9.0; Windows NT 6.1; WOW64; Trident/5.0)"
70.199.134.145 - - [05/May/2013:22:20:08 -0500] "GET /images/we_need.png HTTP/1.1" 200 2138 "http://operationspokaneheroes.org/_inc/slide.php" "Mozilla/5.0 (compatible; MSIE 9.0; Windows NT 6.1; WOW64; Trident/5.0)"
70.199.134.145 - - [05/May/2013:22:20:08 -0500] "GET /images/we_believe.png HTTP/1.1" 200 1785 "http://operationspokaneheroes.org/_inc/slide.php" "Mozilla/5.0 (compatible; MSIE 9.0; Windows NT 6.1; WOW64; Trident/5.0)"
70.199.134.145 - - [05/May/2013:22:20:08 -0500] "GET /images/we_help.png HTTP/1.1" 200 1514 "http://operationspokaneheroes.org/_inc/slide.php" "Mozilla/5.0 (compatible; MSIE 9.0; Windows NT 6.1; WOW64; Trident/5.0)"
69.171.233.5 - - [05/May/2013:22:20:08 -0500] "GET /images/facebook.png HTTP/1.1" 200 5004 "-" "facebookexternalhit/1.1 (+http://www.facebook.com/externalhit_uatext.php)"
69.171.233.4 - - [05/May/2013:22:20:08 -0500] "GET /images/contacticon.png HTTP/1.1" 200 4499 "-" "facebookexternalhit/1.1 (+http://www.facebook.com/externalhit_uatext.php)"
70.199.134.145 - - [05/May/2013:22:20:08 -0500] "GET /images/4.jpg HTTP/1.1" 200 186934 "http://operationspokaneheroes.org/_inc/slide.php" "Mozilla/5.0 (compatible; MSIE 9.0; Windows NT 6.1; WOW64; Trident/5.0)"
69.171.233.0 - - [05/May/2013:22:20:08 -0500] "GET /images/global.png HTTP/1.1" 200 5737 "-" "facebookexternalhit/1.1 (+http://www.facebook.com/externalhit_uatext.php)"
69.171.233.2 - - [05/May/2013:22:20:08 -0500] "GET /images/freedom_friday_click_here.png HTTP/1.1" 200 19268 "-" "facebookexternalhit/1.1 (+http://www.facebook.com/externalhit_uatext.php)"
69.171.229.115 - - [05/May/2013:22:20:08 -0500] "GET /images/global.png HTTP/1.1" 200 5737 "http://operationspokaneheroes.org/" "facebookexternalhit/1.1 (+http://www.facebook.com/externalhit_uatext.php)"
70.199.134.145 - - [05/May/2013:22:20:08 -0500] "GET /images/2.jpg HTTP/1.1" 200 170993 "http://operationspokaneheroes.org/_inc/slide.php" "Mozilla/5.0 (compatible; MSIE 9.0; Windows NT 6.1; WOW64; Trident/5.0)"
69.171.229.114 - - [05/May/2013:22:20:08 -0500] "GET /images/contacticon.png HTTP/1.1" 200 4499 "http://operationspokaneheroes.org/" "facebookexternalhit/1.1 (+http://www.facebook.com/externalhit_uatext.php)"
69.171.229.112 - - [05/May/2013:22:20:08 -0500] "GET /images/facebook.png HTTP/1.1" 200 5004 "http://operationspokaneheroes.org/" "facebookexternalhit/1.1 (+http://www.facebook.com/externalhit_uatext.php)"
69.171.233.2 - - [05/May/2013:22:20:08 -0500] "GET /images/logo.png HTTP/1.1" 200 226129 "-" "facebookexternalhit/1.1 (+http://www.facebook.com/externalhit_uatext.php)"
69.171.242.119 - - [05/May/2013:23:26:05 -0500] "GET /images/logo.png HTTP/1.1" 200 226129 "-" "facebookexternalhit/1.1 (+http://www.facebook.com/externalhit_uatext.php)"
92.249.127.111 - - [06/May/2013:00:27:15 -0500] "GET / HTTP/1.1" 200 10628 "http://lankarns.com/" "Mozilla/5.0 (compatible; news bot /2.1)"
92.249.127.111 - - [06/May/2013:00:27:16 -0500] "GET / HTTP/1.1" 200 10628 "http://lankarns.com/" "Mozilla/5.0 (compatible; news bot /2.1)"
208.115.113.86 - - [06/May/2013:01:50:20 -0500] "GET /robots.txt HTTP/1.1" 404 - "-" "Mozilla/5.0 (compatible; Ezooms/1.0; ezooms.bot@gmail.com)"
208.115.113.86 - - [06/May/2013:03:03:13 -0500] "GET /benefits.php HTTP/1.1" 404 - "-" "Mozilla/5.0 (compatible; Ezooms/1.0; ezooms.bot@gmail.com)"
123.125.71.99 - - [06/May/2013:03:31:59 -0500] "GET / HTTP/1.1" 200 10628 "-" "Mozilla/5.0 (compatible; Baiduspider/2.0; +http://www.baidu.com/search/spider.html)"
123.125.71.112 - - [06/May/2013:03:32:16 -0500] "GET /robots.txt HTTP/1.1" 404 - "-" "Mozilla/5.0 (Windows NT 5.1; rv:6.0.2) Gecko/20100101 Firefox/6.0.2"
157.55.32.96 - - [06/May/2013:05:04:18 -0500] "GET /robots.txt HTTP/1.1" 404 - "-" "Mozilla/5.0 (compatible; bingbot/2.0; +http://www.bing.com/bingbot.htm)"
157.55.32.96 - - [06/May/2013:05:05:57 -0500] "GET / HTTP/1.1" 200 10628 "-" "Mozilla/5.0 (compatible; bingbot/2.0; +http://www.bing.com/bingbot.htm)"
218.30.103.147 - - [06/May/2013:05:12:24 -0500] "GET / HTTP/1.1" 200 10628 "-" "Sogou web spider/4.0(+http://www.sogou.com/docs/help/webmasters.htm#07)"
218.30.103.147 - - [06/May/2013:05:12:26 -0500] "GET /robots.txt HTTP/1.1" 404 - "-" "Sogou web spider/4.0"
218.30.103.147 - - [06/May/2013:06:44:15 -0500] "GET / HTTP/1.1" 200 10628 "-" "Sogou web spider/4.0(+http://www.sogou.com/docs/help/webmasters.htm#07)"
166.147.88.37 - - [06/May/2013:08:23:18 -0500] "GET /pdf/2013%20Salute%20Armed%20Forces.pdf HTTP/1.1" 200 1749455 "http://www.google.com/search?site=&source=hp&ei=5AuHUd23B-bziwLE7oCoDw&q=mariner+military+commemorative+coin&oq=mariner+military+commemorative+coin&gs_l=mobile-gws-hp.3...4831.30795.0.31616.44.40.3.1.1.0.511.10830.4j2j22j9j2j1.40.0.ehyp%2Ca%3D1%2Cb%3D100%2Cn%3D5%2Ct%3D2%2Cr%3D15%2Crequest_latlng%3Dtrue%2Cbase_dedup%3Dfalse..0.0...1c.1.12.mobile-gws-hp.DPuSnGY-bUw" "Mozilla/5.0 (iPhone; CPU iPhone OS 6_1_3 like Mac OS X) AppleWebKit/536.26 (KHTML, like Gecko) Version/6.0 Mobile/10B329 Safari/8536.25"
199.58.86.211 - - [06/May/2013:08:30:15 -0500] "GET /robots.txt HTTP/1.0" 404 - "-" "Mozilla/5.0 (compatible; MJ12bot/v1.4.3; http://www.majestic12.co.uk/bot.php?+)"
199.58.86.211 - - [06/May/2013:08:30:16 -0500] "GET /java_for_joes/index.html HTTP/1.0" 404 - "-" "Mozilla/5.0 (compatible; MJ12bot/v1.4.3; http://www.majestic12.co.uk/bot.php?+)"
180.76.5.151 - - [06/May/2013:09:35:01 -0500] "GET /robots.txt HTTP/1.1" 404 - "-" "Mozilla/5.0 (Windows NT 5.1; rv:6.0.2) Gecko/20100101 Firefox/6.0.2"
91.207.6.34 - - [06/May/2013:10:08:43 -0500] "GET / HTTP/1.1" 200 10628 "http://sugarkun.com/news.php?readmore=76" "Mozilla/4.0 (compatible; MSIE 6.0; Windows NT 5.1) Netscape/8.0.4"
91.207.6.34 - - [06/May/2013:10:08:44 -0500] "GET / HTTP/1.1" 200 10628 "http://sugarkun.com/news.php?readmore=76" "Mozilla/4.0 (compatible; MSIE 6.0; Windows NT 5.1) Netscape/8.0.4"
193.106.136.54 - - [06/May/2013:10:13:06 -0500] "GET / HTTP/1.1" 200 10628 "http://lankarns.com/" "Mozilla/4.0 (compatible; MSIE 6.0; Windows NT 5.1; Maxthon; .NET CLR 1.1.4322)"
193.106.136.54 - - [06/May/2013:10:13:08 -0500] "GET / HTTP/1.1" 200 10628 "http://lankarns.com/" "Mozilla/4.0 (compatible; MSIE 6.0; Windows NT 5.1; Maxthon; .NET CLR 1.1.4322)"
66.249.75.210 - - [06/May/2013:11:12:09 -0500] "GET /robots.txt HTTP/1.1" 404 - "-" "Mozilla/5.0 (compatible; Googlebot/2.1; +http://www.google.com/bot.html)"
66.249.75.210 - - [06/May/2013:11:12:09 -0500] "GET /donate.php HTTP/1.1" 200 11699 "-" "SAMSUNG-SGH-E250/1.0 Profile/MIDP-2.0 Configuration/CLDC-1.1 UP.Browser/6.2.3.3.c.1.101 (GUI) MMP/2.0 (compatible; Googlebot-Mobile/2.1; +http://www.google.com/bot.html)"
66.249.75.210 - - [06/May/2013:11:22:09 -0500] "GET / HTTP/1.1" 200 10628 "-" "Mozilla/5.0 (compatible; Googlebot/2.1; +http://www.google.com/bot.html)"
66.249.75.210 - - [06/May/2013:11:28:40 -0500] "GET /css/footer.css HTTP/1.1" 200 752 "-" "Mozilla/5.0 (compatible; Googlebot/2.1; +http://www.google.com/bot.html)"
66.249.75.210 - - [06/May/2013:11:28:40 -0500] "GET /css/style_global.css HTTP/1.1" 200 2621 "-" "Mozilla/5.0 (compatible; Googlebot/2.1; +http://www.google.com/bot.html)"
66.249.75.210 - - [06/May/2013:11:28:41 -0500] "GET /css/global.css HTTP/1.1" 200 13951 "-" "Mozilla/5.0 (compatible; Googlebot/2.1; +http://www.google.com/bot.html)"
66.249.75.210 - - [06/May/2013:11:28:41 -0500] "GET /css/slide.css HTTP/1.1" 200 2869 "-" "Mozilla/5.0 (compatible; Googlebot/2.1; +http://www.google.com/bot.html)"
66.249.75.210 - - [06/May/2013:11:28:42 -0500] "GET /slider/index.html HTTP/1.1" 200 3205 "-" "Mozilla/5.0 (compatible; Googlebot/2.1; +http://www.google.com/bot.html)"
66.249.75.210 - - [06/May/2013:11:28:42 -0500] "GET /slider/css/style.css HTTP/1.1" 200 1379 "-" "Mozilla/5.0 (compatible; Googlebot/2.1; +http://www.google.com/bot.html)"
66.249.75.210 - - [06/May/2013:11:28:43 -0500] "GET /slider/js/startstop-slider.js HTTP/1.1" 200 1737 "-" "Mozilla/5.0 (compatible; Googlebot/2.1; +http://www.google.com/bot.html)"
66.249.75.210 - - [06/May/2013:11:28:44 -0500] "GET /slider/js/jquery-1.2.6.js HTTP/1.1" 200 100196 "-" "Mozilla/5.0 (compatible; Googlebot/2.1; +http://www.google.com/bot.html)"
38.100.21.67 - - [06/May/2013:12:26:37 -0500] "GET / HTTP/1.1" 200 10628 "-" "Mozilla/4.0 (compatible; MSIE 7.0; Windows NT 5.2)"
38.100.21.67 - - [06/May/2013:12:26:37 -0500] "GET /donate.php HTTP/1.1" 200 11699 "-" "Mozilla/4.0 (compatible; MSIE 7.0; Windows NT 5.2)"
38.100.21.67 - - [06/May/2013:12:26:38 -0500] "GET /freedom.php HTTP/1.1" 200 11227 "-" "Mozilla/4.0 (compatible; MSIE 7.0; Windows NT 5.2)"
38.100.21.67 - - [06/May/2013:12:26:38 -0500] "GET /events.php HTTP/1.1" 200 6407 "-" "Mozilla/4.0 (compatible; MSIE 7.0; Windows NT 5.2)"
38.100.21.67 - - [06/May/2013:12:26:38 -0500] "GET /business.php HTTP/1.1" 200 10813 "-" "Mozilla/4.0 (compatible; MSIE 7.0; Windows NT 5.2)"
38.100.21.67 - - [06/May/2013:12:26:38 -0500] "GET /index.php HTTP/1.1" 200 10628 "-" "Mozilla/4.0 (compatible; MSIE 7.0; Windows NT 5.2)"
38.100.21.67 - - [06/May/2013:12:26:39 -0500] "GET /css/global.css HTTP/1.1" 200 13951 "-" "Mozilla/4.0 (compatible; MSIE 7.0; Windows NT 5.2)"
38.100.21.67 - - [06/May/2013:12:26:39 -0500] "GET /slider/index.html HTTP/1.1" 200 3205 "-" "Mozilla/4.0 (compatible; MSIE 7.0; Windows NT 5.2)"
38.100.21.67 - - [06/May/2013:12:26:39 -0500] "GET /css/footer.css HTTP/1.1" 200 752 "-" "Mozilla/4.0 (compatible; MSIE 7.0; Windows NT 5.2)"
38.100.21.67 - - [06/May/2013:12:26:39 -0500] "GET /calendar.php HTTP/1.1" 200 10644 "-" "Mozilla/4.0 (compatible; MSIE 7.0; Windows NT 5.2)"
38.100.21.67 - - [06/May/2013:12:26:40 -0500] "GET /contact.php HTTP/1.1" 200 10519 "-" "Mozilla/4.0 (compatible; MSIE 7.0; Windows NT 5.2)"
67.185.122.116 - - [06/May/2013:13:10:54 -0500] "GET /business.php HTTP/1.1" 200 10813 "https://www.google.com/" "Mozilla/5.0 (Windows NT 6.1; WOW64) AppleWebKit/537.31 (KHTML, like Gecko) Chrome/26.0.1410.64 Safari/537.31"
67.185.122.116 - - [06/May/2013:13:10:55 -0500] "GET /images/global.png HTTP/1.1" 200 5737 "http://operationspokaneheroes.org/business.php" "Mozilla/5.0 (Windows NT 6.1; WOW64) AppleWebKit/537.31 (KHTML, like Gecko) Chrome/26.0.1410.64 Safari/537.31"
67.185.122.116 - - [06/May/2013:13:10:55 -0500] "GET /_inc/slide.php HTTP/1.1" 200 3205 "http://operationspokaneheroes.org/business.php" "Mozilla/5.0 (Windows NT 6.1; WOW64) AppleWebKit/537.31 (KHTML, like Gecko) Chrome/26.0.1410.64 Safari/537.31"
67.185.122.116 - - [06/May/2013:13:10:55 -0500] "GET /images/contacticon.png HTTP/1.1" 200 4499 "http://operationspokaneheroes.org/business.php" "Mozilla/5.0 (Windows NT 6.1; WOW64) AppleWebKit/537.31 (KHTML, like Gecko) Chrome/26.0.1410.64 Safari/537.31"
67.185.122.116 - - [06/May/2013:13:10:55 -0500] "GET /css/footer.css HTTP/1.1" 200 752 "http://operationspokaneheroes.org/business.php" "Mozilla/5.0 (Windows NT 6.1; WOW64) AppleWebKit/537.31 (KHTML, like Gecko) Chrome/26.0.1410.64 Safari/537.31"
67.185.122.116 - - [06/May/2013:13:10:55 -0500] "GET /css/global.css HTTP/1.1" 200 13951 "http://operationspokaneheroes.org/business.php" "Mozilla/5.0 (Windows NT 6.1; WOW64) AppleWebKit/537.31 (KHTML, like Gecko) Chrome/26.0.1410.64 Safari/537.31"
67.185.122.116 - - [06/May/2013:13:10:55 -0500] "GET /images/facebook.png HTTP/1.1" 200 5004 "http://operationspokaneheroes.org/business.php" "Mozilla/5.0 (Windows NT 6.1; WOW64) AppleWebKit/537.31 (KHTML, like Gecko) Chrome/26.0.1410.64 Safari/537.31"
67.185.122.116 - - [06/May/2013:13:10:55 -0500] "GET /css/slide.css HTTP/1.1" 200 2869 "http://operationspokaneheroes.org/_inc/slide.php" "Mozilla/5.0 (Windows NT 6.1; WOW64) AppleWebKit/537.31 (KHTML, like Gecko) Chrome/26.0.1410.64 Safari/537.31"
67.185.122.116 - - [06/May/2013:13:10:55 -0500] "GET /css/style_global.css HTTP/1.1" 200 2621 "http://operationspokaneheroes.org/_inc/slide.php" "Mozilla/5.0 (Windows NT 6.1; WOW64) AppleWebKit/537.31 (KHTML, like Gecko) Chrome/26.0.1410.64 Safari/537.31"
67.185.122.116 - - [06/May/2013:13:10:55 -0500] "GET /images/nav2.jpg HTTP/1.1" 200 4444 "http://operationspokaneheroes.org/business.php" "Mozilla/5.0 (Windows NT 6.1; WOW64) AppleWebKit/537.31 (KHTML, like Gecko) Chrome/26.0.1410.64 Safari/537.31"
67.185.122.116 - - [06/May/2013:13:10:55 -0500] "GET /mainbk.png HTTP/1.1" 200 290 "http://operationspokaneheroes.org/business.php" "Mozilla/5.0 (Windows NT 6.1; WOW64) AppleWebKit/537.31 (KHTML, like Gecko) Chrome/26.0.1410.64 Safari/537.31"
67.185.122.116 - - [06/May/2013:13:10:55 -0500] "GET /images/bg2.jpg HTTP/1.1" 200 55206 "http://operationspokaneheroes.org/business.php" "Mozilla/5.0 (Windows NT 6.1; WOW64) AppleWebKit/537.31 (KHTML, like Gecko) Chrome/26.0.1410.64 Safari/537.31"
67.185.122.116 - - [06/May/2013:13:10:55 -0500] "GET /js/combined.js HTTP/1.1" 200 169946 "http://operationspokaneheroes.org/_inc/slide.php" "Mozilla/5.0 (Windows NT 6.1; WOW64) AppleWebKit/537.31 (KHTML, like Gecko) Chrome/26.0.1410.64 Safari/537.31"
67.185.122.116 - - [06/May/2013:13:10:55 -0500] "GET /images/logo.png HTTP/1.1" 200 226129 "http://operationspokaneheroes.org/business.php" "Mozilla/5.0 (Windows NT 6.1; WOW64) AppleWebKit/537.31 (KHTML, like Gecko) Chrome/26.0.1410.64 Safari/537.31"
67.185.122.116 - - [06/May/2013:13:10:56 -0500] "GET /images/we_believe.png HTTP/1.1" 200 1785 "http://operationspokaneheroes.org/_inc/slide.php" "Mozilla/5.0 (Windows NT 6.1; WOW64) AppleWebKit/537.31 (KHTML, like Gecko) Chrome/26.0.1410.64 Safari/537.31"
67.185.122.116 - - [06/May/2013:13:10:56 -0500] "GET /images/we_strive.png HTTP/1.1" 200 1981 "http://operationspokaneheroes.org/_inc/slide.php" "Mozilla/5.0 (Windows NT 6.1; WOW64) AppleWebKit/537.31 (KHTML, like Gecko) Chrome/26.0.1410.64 Safari/537.31"
67.185.122.116 - - [06/May/2013:13:10:56 -0500] "GET /images/mission_statement_bg.png HTTP/1.1" 200 11413 "http://operationspokaneheroes.org/_inc/slide.php" "Mozilla/5.0 (Windows NT 6.1; WOW64) AppleWebKit/537.31 (KHTML, like Gecko) Chrome/26.0.1410.64 Safari/537.31"
67.185.122.116 - - [06/May/2013:13:10:56 -0500] "GET /images/we_help.png HTTP/1.1" 200 1514 "http://operationspokaneheroes.org/_inc/slide.php" "Mozilla/5.0 (Windows NT 6.1; WOW64) AppleWebKit/537.31 (KHTML, like Gecko) Chrome/26.0.1410.64 Safari/537.31"
67.185.122.116 - - [06/May/2013:13:10:56 -0500] "GET /images/we_need.png HTTP/1.1" 200 2138 "http://operationspokaneheroes.org/_inc/slide.php" "Mozilla/5.0 (Windows NT 6.1; WOW64) AppleWebKit/537.31 (KHTML, like Gecko) Chrome/26.0.1410.64 Safari/537.31"
67.185.122.116 - - [06/May/2013:13:10:56 -0500] "GET /assets/images/btn_top_search_hover.png HTTP/1.1" 404 - "http://operationspokaneheroes.org/_inc/slide.php" "Mozilla/5.0 (Windows NT 6.1; WOW64) AppleWebKit/537.31 (KHTML, like Gecko) Chrome/26.0.1410.64 Safari/537.31"
67.185.122.116 - - [06/May/2013:13:10:56 -0500] "GET /images/2.jpg HTTP/1.1" 200 170993 "http://operationspokaneheroes.org/_inc/slide.php" "Mozilla/5.0 (Windows NT 6.1; WOW64) AppleWebKit/537.31 (KHTML, like Gecko) Chrome/26.0.1410.64 Safari/537.31"
