92.82.239.208 - - [12/Jan/2012:17:52:10 -0600] "GET /wedo.php HTTP/1.1" 200 6622 "-" "Java/1.6.0_04"
92.82.239.208 - - [12/Jan/2012:17:52:11 -0600] "GET /images/contacticon.png HTTP/1.1" 200 4499 "-" "Java/1.6.0_04"
92.82.239.208 - - [12/Jan/2012:17:52:12 -0600] "GET /images/donate.png HTTP/1.1" 200 2925 "-" "Java/1.6.0_04"
92.82.239.208 - - [12/Jan/2012:17:52:12 -0600] "GET /images/involved.png HTTP/1.1" 200 5042 "-" "Java/1.6.0_04"
92.82.239.208 - - [12/Jan/2012:17:52:12 -0600] "GET /_inc/contact.php HTTP/1.1" 200 756 "-" "Java/1.6.0_04"
92.82.239.208 - - [12/Jan/2012:17:52:12 -0600] "GET /contact/contactengine.php HTTP/1.1" 200 61 "-" "Java/1.6.0_04"
92.82.239.208 - - [12/Jan/2012:17:52:13 -0600] "GET /contact/0;URL=contactthanks.php HTTP/1.1" 404 - "-" "Java/1.6.0_04"
92.82.239.208 - - [12/Jan/2012:17:52:14 -0600] "GET /events/bbq/va_bbq.html HTTP/1.1" 200 3479 "-" "Java/1.6.0_04"
92.82.239.208 - - [12/Jan/2012:17:52:14 -0600] "GET /events/care_package/care.html HTTP/1.1" 200 3294 "-" "Java/1.6.0_04"
92.82.239.208 - - [12/Jan/2012:17:52:15 -0600] "GET /events/carousel_11/carousel_11.html HTTP/1.1" 200 3712 "-" "Java/1.6.0_04"
92.82.239.208 - - [12/Jan/2012:17:52:15 -0600] "GET /events/ermy_event/ermy.html HTTP/1.1" 200 3507 "-" "Java/1.6.0_04"
92.82.239.208 - - [12/Jan/2012:17:52:15 -0600] "GET /events/lilac_lunch/lilac_lunch.html HTTP/1.1" 200 2995 "-" "Java/1.6.0_04"
92.82.239.208 - - [12/Jan/2012:17:52:15 -0600] "GET /events/lilac_parade/lilac_parade.html HTTP/1.1" 200 3084 "-" "Java/1.6.0_04"
92.82.239.208 - - [12/Jan/2012:17:52:16 -0600] "GET /events/vet_picnic/vet_picnic.html HTTP/1.1" 200 3163 "-" "Java/1.6.0_04"
92.82.239.208 - - [12/Jan/2012:17:52:29 -0600] "GET /events/bbq/js/jquery.movingboxes.min.js HTTP/1.1" 200 4663 "-" "Java/1.6.0_04"
92.82.239.208 - - [12/Jan/2012:17:52:33 -0600] "GET /events/care_package/js/jquery.movingboxes.min.js HTTP/1.1" 200 4663 "-" "Java/1.6.0_04"
92.82.239.208 - - [12/Jan/2012:17:52:33 -0600] "GET /events/carousel_11/js/jquery.movingboxes.min.js HTTP/1.1" 200 4663 "-" "Java/1.6.0_04"
92.82.239.208 - - [12/Jan/2012:17:52:34 -0600] "GET /events/ermy_event/js/jquery.movingboxes.min.js HTTP/1.1" 200 4663 "-" "Java/1.6.0_04"
92.82.239.208 - - [12/Jan/2012:17:52:35 -0600] "GET /events/lilac_lunch/js/jquery.movingboxes.min.js HTTP/1.1" 200 4663 "-" "Java/1.6.0_04"
92.82.239.208 - - [12/Jan/2012:17:52:35 -0600] "GET /events/lilac_parade/js/jquery.movingboxes.min.js HTTP/1.1" 200 4663 "-" "Java/1.6.0_04"
92.82.239.208 - - [12/Jan/2012:17:52:35 -0600] "GET /events/vet_picnic/js/jquery.movingboxes.min.js HTTP/1.1" 200 4663 "-" "Java/1.6.0_04"
92.82.239.208 - - [12/Jan/2012:17:52:35 -0600] "GET /events/bbq/js/'+base.options.leftArrow+' HTTP/1.1" 404 - "-" "Java/1.6.0_04"
92.82.239.208 - - [12/Jan/2012:17:52:36 -0600] "GET /events/bbq/js/'+base.options.rightArrow+' HTTP/1.1" 404 - "-" "Java/1.6.0_04"
92.82.239.208 - - [12/Jan/2012:17:52:37 -0600] "GET /events/care_package/js/'+base.options.leftArrow+' HTTP/1.1" 404 - "-" "Java/1.6.0_04"
92.82.239.208 - - [12/Jan/2012:17:52:37 -0600] "GET /events/care_package/js/'+base.options.rightArrow+' HTTP/1.1" 404 - "-" "Java/1.6.0_04"
92.82.239.208 - - [12/Jan/2012:17:52:38 -0600] "GET /events/carousel_11/js/'+base.options.leftArrow+' HTTP/1.1" 404 - "-" "Java/1.6.0_04"
92.82.239.208 - - [12/Jan/2012:17:52:38 -0600] "GET /events/carousel_11/js/'+base.options.rightArrow+' HTTP/1.1" 404 - "-" "Java/1.6.0_04"
92.82.239.208 - - [12/Jan/2012:17:52:38 -0600] "GET /events/ermy_event/js/'+base.options.leftArrow+' HTTP/1.1" 404 - "-" "Java/1.6.0_04"
92.82.239.208 - - [12/Jan/2012:17:52:40 -0600] "GET /events/ermy_event/js/'+base.options.rightArrow+' HTTP/1.1" 404 - "-" "Java/1.6.0_04"
92.82.239.208 - - [12/Jan/2012:17:52:41 -0600] "GET /events/lilac_lunch/js/'+base.options.leftArrow+' HTTP/1.1" 404 - "-" "Java/1.6.0_04"
92.82.239.208 - - [12/Jan/2012:17:52:41 -0600] "GET /events/lilac_lunch/js/'+base.options.rightArrow+' HTTP/1.1" 404 - "-" "Java/1.6.0_04"
92.82.239.208 - - [12/Jan/2012:17:52:42 -0600] "GET /events/lilac_parade/js/'+base.options.leftArrow+' HTTP/1.1" 404 - "-" "Java/1.6.0_04"
92.82.239.208 - - [12/Jan/2012:17:52:42 -0600] "GET /events/lilac_parade/js/'+base.options.rightArrow+' HTTP/1.1" 404 - "-" "Java/1.6.0_04"
92.82.239.208 - - [12/Jan/2012:17:52:43 -0600] "GET /events/vet_picnic/js/'+base.options.leftArrow+' HTTP/1.1" 404 - "-" "Java/1.6.0_04"
92.82.239.208 - - [12/Jan/2012:17:52:44 -0600] "GET /events/vet_picnic/js/'+base.options.rightArrow+' HTTP/1.1" 404 - "-" "Java/1.6.0_04"
207.46.199.37 - - [12/Jan/2012:18:07:51 -0600] "GET /robots.txt HTTP/1.1" 404 - "-" "Mozilla/5.0 (compatible; bingbot/2.0; +http://www.bing.com/bingbot.htm)"
207.46.199.37 - - [12/Jan/2012:18:11:11 -0600] "GET /events.php HTTP/1.1" 404 - "-" "Mozilla/5.0 (compatible; bingbot/2.0; +http://www.bing.com/bingbot.htm)"
180.76.5.57 - - [12/Jan/2012:18:14:53 -0600] "GET / HTTP/1.1" 200 10292 "-" "Mozilla/5.0 (compatible; Baiduspider/2.0; +http://www.baidu.com/search/spider.html)"
139.18.2.209 - - [12/Jan/2012:18:17:11 -0600] "GET /robots.txt HTTP/1.1" 404 - "-" "findlinks/2.0.1 (+http://wortschatz.uni-leipzig.de/findlinks/)"
123.125.71.14 - - [12/Jan/2012:19:37:41 -0600] "GET /business_discount.php HTTP/1.1" 200 5779 "-" "Mozilla/5.0 (compatible; Baiduspider/2.0; +http://www.baidu.com/search/spider.html)"
66.249.71.117 - - [12/Jan/2012:20:32:39 -0600] "GET /robots.txt HTTP/1.1" 404 - "-" "Mozilla/5.0 (compatible; Googlebot/2.1; +http://www.google.com/bot.html)"
66.249.71.117 - - [12/Jan/2012:20:32:39 -0600] "GET /pdf/The%20new%20address%20for%20the%20National%20Personnel%20Records%20Center%20is.pdf HTTP/1.1" 304 - "-" "Mozilla/5.0 (compatible; Googlebot/2.1; +http://www.google.com/bot.html)"
199.21.99.101 - - [12/Jan/2012:20:54:09 -0600] "GET /robots.txt HTTP/1.1" 404 - "-" "Mozilla/5.0 (compatible; YandexBot/3.0; +http://yandex.com/bots)"
62.212.73.211 - - [12/Jan/2012:21:20:03 -0600] "GET /robots.txt HTTP/1.0" 404 - "-" "Mozilla/5.0 (compatible; MJ12bot/v1.4.1; http://www.majestic12.co.uk/bot.php?+)"
62.212.73.211 - - [12/Jan/2012:21:20:04 -0600] "GET /aboutus.php HTTP/1.0" 404 - "-" "Mozilla/5.0 (compatible; MJ12bot/v1.4.1; http://www.majestic12.co.uk/bot.php?+)"
62.212.73.211 - - [12/Jan/2012:21:20:05 -0600] "GET /robots.txt HTTP/1.0" 404 - "-" "Mozilla/5.0 (compatible; MJ12bot/v1.4.1; http://www.majestic12.co.uk/bot.php?+)"
62.212.73.211 - - [12/Jan/2012:21:20:07 -0600] "GET /calendar.php HTTP/1.0" 200 5395 "-" "Mozilla/5.0 (compatible; MJ12bot/v1.4.1; http://www.majestic12.co.uk/bot.php?+)"
62.212.73.211 - - [12/Jan/2012:21:20:08 -0600] "GET /java_for_joes/index.html HTTP/1.0" 404 - "-" "Mozilla/5.0 (compatible; MJ12bot/v1.4.1; http://www.majestic12.co.uk/bot.php?+)"
62.212.73.211 - - [12/Jan/2012:21:20:09 -0600] "GET /robots.txt HTTP/1.0" 404 - "-" "Mozilla/5.0 (compatible; MJ12bot/v1.4.1; http://www.majestic12.co.uk/bot.php?+)"
62.212.73.211 - - [12/Jan/2012:21:20:11 -0600] "GET /calendar.php HTTP/1.0" 200 5395 "-" "Mozilla/5.0 (compatible; MJ12bot/v1.4.1; http://www.majestic12.co.uk/bot.php?+)"
123.125.71.38 - - [12/Jan/2012:23:11:33 -0600] "GET /contact.php HTTP/1.1" 200 5628 "-" "Mozilla/5.0 (compatible; Baiduspider/2.0; +http://www.baidu.com/search/spider.html)"
199.21.99.101 - - [13/Jan/2012:01:31:21 -0600] "GET / HTTP/1.1" 200 10292 "-" "Mozilla/5.0 (compatible; YandexBot/3.0; +http://yandex.com/bots)"
220.181.125.71 - - [13/Jan/2012:02:21:10 -0600] "GET /robots.txt HTTP/1.1" 404 - "-" "-"
220.181.125.71 - - [13/Jan/2012:02:21:21 -0600] "GET / HTTP/1.1" 200 10292 "-" "Sogou web spider/4.0(+http://www.sogou.com/docs/help/webmasters.htm#07)"
65.52.109.200 - - [13/Jan/2012:02:21:58 -0600] "GET /robots.txt HTTP/1.1" 404 - "-" "Mozilla/5.0 (compatible; bingbot/2.0; +http://www.bing.com/bingbot.htm)"
65.52.109.200 - - [13/Jan/2012:02:24:34 -0600] "GET /pdf/veteran_benefits.pdf HTTP/1.1" 200 111163 "-" "Mozilla/5.0 (compatible; bingbot/2.0; +http://www.bing.com/bingbot.htm)"
199.21.99.101 - - [13/Jan/2012:03:50:37 -0600] "GET /_inc/contact.php HTTP/1.1" 200 756 "-" "Mozilla/5.0 (compatible; YandexBot/3.0; +http://yandex.com/bots)"
199.21.99.101 - - [13/Jan/2012:04:03:05 -0600] "GET /pdf/coins_new.pdf HTTP/1.1" 200 151532 "-" "Mozilla/5.0 (compatible; YandexBot/3.0; +http://yandex.com/bots)"
65.52.108.12 - - [13/Jan/2012:04:57:00 -0600] "GET /robots.txt HTTP/1.1" 404 - "-" "Mozilla/5.0 (compatible; bingbot/2.0; +http://www.bing.com/bingbot.htm)"
65.52.108.12 - - [13/Jan/2012:04:58:12 -0600] "GET / HTTP/1.1" 200 10292 "-" "Mozilla/5.0 (compatible; bingbot/2.0; +http://www.bing.com/bingbot.htm)"
123.125.71.23 - - [13/Jan/2012:05:11:09 -0600] "GET /index.php HTTP/1.1" 200 10292 "-" "Mozilla/5.0 (compatible; Baiduspider/2.0; +http://www.baidu.com/search/spider.html)"
123.125.71.22 - - [13/Jan/2012:05:11:10 -0600] "GET / HTTP/1.1" 200 10292 "-" "Mozilla/5.0 (compatible; Baiduspider/2.0; +http://www.baidu.com/search/spider.html)"
66.249.71.117 - - [13/Jan/2012:06:24:48 -0600] "GET /calendar.php HTTP/1.1" 200 5395 "-" "Mozilla/5.0 (compatible; Googlebot/2.1; +http://www.google.com/bot.html)"
66.249.71.117 - - [13/Jan/2012:06:46:24 -0600] "GET /events/oif/images/4.jpg HTTP/1.1" 304 - "-" "Googlebot-Image/1.0"
208.115.113.86 - - [13/Jan/2012:07:29:31 -0600] "GET /robots.txt HTTP/1.1" 404 - "-" "Mozilla/5.0 (compatible; Ezooms/1.0; ezooms.bot@gmail.com)"
208.115.113.86 - - [13/Jan/2012:08:32:49 -0600] "GET /calendar.php HTTP/1.1" 200 5395 "-" "Mozilla/5.0 (compatible; Ezooms/1.0; ezooms.bot@gmail.com)"
213.186.127.13 - - [13/Jan/2012:09:02:47 -0600] "GET /wedo.php HTTP/1.1" 200 6622 "-" "Mozilla/5.0 (compatible; AhrefsBot/2.0; +http://ahrefs.com/robot/)"
208.115.111.70 - - [13/Jan/2012:09:26:24 -0600] "GET /robots.txt HTTP/1.1" 404 - "-" "Mozilla/5.0 (compatible; Ezooms/1.0; ezooms.bot@gmail.com)"
207.46.12.238 - - [13/Jan/2012:09:37:51 -0600] "GET /robots.txt HTTP/1.1" 404 - "-" "Mozilla/5.0 (compatible; bingbot/2.0; +http://www.bing.com/bingbot.htm)"
207.46.12.238 - - [13/Jan/2012:09:47:00 -0600] "GET /pdf/United%20We%20Stand%20American%20Legion%20Riders.pdf HTTP/1.1" 200 1075093 "-" "Mozilla/5.0 (compatible; bingbot/2.0; +http://www.bing.com/bingbot.htm)"
65.52.108.12 - - [13/Jan/2012:10:40:46 -0600] "GET /robots.txt HTTP/1.1" 404 - "-" "Mozilla/5.0 (compatible; bingbot/2.0; +http://www.bing.com/bingbot.htm)"
208.115.111.70 - - [13/Jan/2012:10:43:35 -0600] "GET /wedo.php HTTP/1.1" 200 6622 "-" "Mozilla/5.0 (compatible; Ezooms/1.0; ezooms.bot@gmail.com)"
65.52.108.12 - - [13/Jan/2012:10:50:51 -0600] "GET / HTTP/1.1" 200 10292 "-" "Mozilla/5.0 (compatible; bingbot/2.0; +http://www.bing.com/bingbot.htm)"
123.125.71.20 - - [13/Jan/2012:11:20:12 -0600] "GET /java_for_joes/index.html HTTP/1.1" 404 - "-" "Mozilla/5.0 (compatible; Baiduspider/2.0; +http://www.baidu.com/search/spider.html)"
77.75.77.17 - - [13/Jan/2012:11:47:24 -0600] "GET /robots.txt HTTP/1.1" 404 - "-" "SeznamBot/3.0 (+http://fulltext.sblog.cz/)"
77.75.77.17 - - [13/Jan/2012:11:47:25 -0600] "GET /pdf/Cellphones%20for%20Soldiers%20press%20release.pdf HTTP/1.1" 304 - "-" "SeznamBot/3.0 (+http://fulltext.sblog.cz/)"
180.76.5.110 - - [13/Jan/2012:12:04:34 -0600] "GET /events/bbq/va_bbq.html HTTP/1.1" 200 3479 "-" "Mozilla/5.0 (compatible; Baiduspider/2.0; +http://www.baidu.com/search/spider.html)"
150.70.172.108 - - [13/Jan/2012:12:26:23 -0600] "GET /pdf/Cellphones HTTP/1.0" 404 - "-" "Mozilla/4.0 (compatible; MSIE 6.0; Windows NT 5.1)"
157.55.39.225 - - [13/Jan/2012:12:30:27 -0600] "GET /robots.txt HTTP/1.1" 404 - "-" "msnbot/2.0b (+http://search.msn.com/msnbot.htm)._"
157.55.39.225 - - [13/Jan/2012:12:30:27 -0600] "GET / HTTP/1.1" 200 10292 "-" "msnbot/2.0b (+http://search.msn.com/msnbot.htm)._"
150.70.172.108 - - [13/Jan/2012:12:30:38 -0600] "GET /pdf/Cellphones HTTP/1.0" 404 - "-" "Mozilla/4.0 (compatible; MSIE 6.0; Windows NT 5.1)"
66.249.71.117 - - [13/Jan/2012:12:37:47 -0600] "GET /robots.txt HTTP/1.1" 404 - "-" "Mozilla/5.0 (compatible; Googlebot/2.1; +http://www.google.com/bot.html)"
66.249.71.117 - - [13/Jan/2012:12:37:47 -0600] "GET /events/oif/images/12.jpg HTTP/1.1" 304 - "-" "Googlebot-Image/1.0"
123.125.71.45 - - [13/Jan/2012:12:40:01 -0600] "GET / HTTP/1.1" 200 10292 "-" "Mozilla/5.0 (compatible; Baiduspider/2.0; +http://www.baidu.com/search/spider.html)"
123.125.71.49 - - [13/Jan/2012:12:40:11 -0600] "GET /mission.php HTTP/1.1" 200 7049 "-" "Mozilla/5.0 (compatible; Baiduspider/2.0; +http://www.baidu.com/search/spider.html)"
123.125.71.80 - - [13/Jan/2012:12:40:11 -0600] "GET /wedo.php HTTP/1.1" 200 6622 "-" "Mozilla/5.0 (compatible; Baiduspider/2.0; +http://www.baidu.com/search/spider.html)"
123.125.71.41 - - [13/Jan/2012:12:40:15 -0600] "GET /benefits.php HTTP/1.1" 200 5679 "-" "Mozilla/5.0 (compatible; Baiduspider/2.0; +http://www.baidu.com/search/spider.html)"
66.206.230.200 - - [13/Jan/2012:12:58:56 -0600] "GET /robots.txt HTTP/1.0" 404 - "-" "Mozilla/5.0 (compatible; MSIE 9.0; Windows NT 6.1; WOW64; Trident/5.0)"
66.206.230.200 - - [13/Jan/2012:12:58:56 -0600] "GET /?tp=1 HTTP/1.0" 200 10292 "http://verticalpigeon.com/" "Mozilla/5.0 (compatible; MSIE 9.0; Windows NT 6.1; WOW64; Trident/5.0)"
74.125.90.91 - - [13/Jan/2012:13:10:12 -0600] "GET /mission.php HTTP/1.1" 200 7049 "http://www.google.com/search" "Mozilla/5.0 (X11; Linux x86_64) AppleWebKit/534.51 (KHTML, like Gecko; Google Web Preview) Chrome/12.0.742 Safari/534.51"
74.125.92.82 - - [13/Jan/2012:13:10:12 -0600] "GET /style.css HTTP/1.1" 200 5190 "http://operationspokaneheroes.org/mission.php" "Mozilla/5.0 (X11; Linux x86_64) AppleWebKit/534.51 (KHTML, like Gecko; Google Web Preview) Chrome/12.0.742 Safari/534.51"
74.125.92.81 - - [13/Jan/2012:13:10:13 -0600] "GET /images/boxtop.gif HTTP/1.1" 200 767 "http://operationspokaneheroes.org/mission.php" "Mozilla/5.0 (X11; Linux x86_64) AppleWebKit/534.51 (KHTML, like Gecko; Google Web Preview) Chrome/12.0.742 Safari/534.51"
74.125.114.95 - - [13/Jan/2012:13:10:13 -0600] "GET /images/bodybg.gif HTTP/1.1" 200 159 "http://operationspokaneheroes.org/mission.php" "Mozilla/5.0 (X11; Linux x86_64) AppleWebKit/534.51 (KHTML, like Gecko; Google Web Preview) Chrome/12.0.742 Safari/534.51"
74.125.90.87 - - [13/Jan/2012:13:10:13 -0600] "GET /images/contacticon.png HTTP/1.1" 200 4499 "http://operationspokaneheroes.org/mission.php" "Mozilla/5.0 (X11; Linux x86_64) AppleWebKit/534.51 (KHTML, like Gecko; Google Web Preview) Chrome/12.0.742 Safari/534.51"
74.125.92.84 - - [13/Jan/2012:13:10:13 -0600] "GET /images/box.gif HTTP/1.1" 200 1643 "http://operationspokaneheroes.org/mission.php" "Mozilla/5.0 (X11; Linux x86_64) AppleWebKit/534.51 (KHTML, like Gecko; Google Web Preview) Chrome/12.0.742 Safari/534.51"
74.125.92.84 - - [13/Jan/2012:13:10:13 -0600] "GET /images/smallboxtop.gif HTTP/1.1" 200 450 "http://operationspokaneheroes.org/mission.php" "Mozilla/5.0 (X11; Linux x86_64) AppleWebKit/534.51 (KHTML, like Gecko; Google Web Preview) Chrome/12.0.742 Safari/534.51"
74.125.156.92 - - [13/Jan/2012:13:10:13 -0600] "GET /images/smallbox.gif HTTP/1.1" 200 1233 "http://operationspokaneheroes.org/mission.php" "Mozilla/5.0 (X11; Linux x86_64) AppleWebKit/534.51 (KHTML, like Gecko; Google Web Preview) Chrome/12.0.742 Safari/534.51"
74.125.92.88 - - [13/Jan/2012:13:10:13 -0600] "GET /images/donate.png HTTP/1.1" 200 2925 "http://operationspokaneheroes.org/mission.php" "Mozilla/5.0 (X11; Linux x86_64) AppleWebKit/534.51 (KHTML, like Gecko; Google Web Preview) Chrome/12.0.742 Safari/534.51"
74.125.112.82 - - [13/Jan/2012:13:10:13 -0600] "GET /images/gbox.gif HTTP/1.1" 200 622 "http://operationspokaneheroes.org/mission.php" "Mozilla/5.0 (X11; Linux x86_64) AppleWebKit/534.51 (KHTML, like Gecko; Google Web Preview) Chrome/12.0.742 Safari/534.51"
74.125.64.87 - - [13/Jan/2012:13:10:13 -0600] "GET /images/gboxtop.gif HTTP/1.1" 200 285 "http://operationspokaneheroes.org/mission.php" "Mozilla/5.0 (X11; Linux x86_64) AppleWebKit/534.51 (KHTML, like Gecko; Google Web Preview) Chrome/12.0.742 Safari/534.51"
74.125.90.80 - - [13/Jan/2012:13:10:13 -0600] "GET /images/barbg.gif HTTP/1.1" 200 982 "http://operationspokaneheroes.org/mission.php" "Mozilla/5.0 (X11; Linux x86_64) AppleWebKit/534.51 (KHTML, like Gecko; Google Web Preview) Chrome/12.0.742 Safari/534.51"
74.125.64.80 - - [13/Jan/2012:13:10:13 -0600] "GET /images/bigbox.gif HTTP/1.1" 200 9243 "http://operationspokaneheroes.org/mission.php" "Mozilla/5.0 (X11; Linux x86_64) AppleWebKit/534.51 (KHTML, like Gecko; Google Web Preview) Chrome/12.0.742 Safari/534.51"
74.125.156.83 - - [13/Jan/2012:13:10:13 -0600] "GET /images/box.png HTTP/1.1" 200 13315 "http://operationspokaneheroes.org/mission.php" "Mozilla/5.0 (X11; Linux x86_64) AppleWebKit/534.51 (KHTML, like Gecko; Google Web Preview) Chrome/12.0.742 Safari/534.51"
74.125.156.82 - - [13/Jan/2012:13:10:13 -0600] "GET /images/logo.png HTTP/1.1" 200 270272 "http://operationspokaneheroes.org/mission.php" "Mozilla/5.0 (X11; Linux x86_64) AppleWebKit/534.51 (KHTML, like Gecko; Google Web Preview) Chrome/12.0.742 Safari/534.51"
67.185.38.226 - - [13/Jan/2012:13:10:24 -0600] "GET /mission.php HTTP/1.1" 200 7049 "http://www.google.com/url?sa=t&rct=j&q=&esrc=s&frm=1&source=web&cd=4&sqi=2&ved=0CDEQFjAD&url=http%3A%2F%2Foperationspokaneheroes.org%2Fmission.php&ei=hoEQT-fIEqeyiQKizPDyBA&usg=AFQjCNFmGe23oMLUARL3_R7hQTIuzZM7vA" "Mozilla/5.0 (compatible; MSIE 9.0; Windows NT 6.1; WOW64; Trident/5.0)"
67.185.38.226 - - [13/Jan/2012:13:10:24 -0600] "GET /style.css HTTP/1.1" 200 5190 "http://operationspokaneheroes.org/mission.php" "Mozilla/5.0 (compatible; MSIE 9.0; Windows NT 6.1; WOW64; Trident/5.0)"
67.185.38.226 - - [13/Jan/2012:13:10:25 -0600] "GET /images/contacticon.png HTTP/1.1" 200 4499 "http://operationspokaneheroes.org/mission.php" "Mozilla/5.0 (compatible; MSIE 9.0; Windows NT 6.1; WOW64; Trident/5.0)"
67.185.38.226 - - [13/Jan/2012:13:10:25 -0600] "GET /images/gboxtop.gif HTTP/1.1" 200 285 "http://operationspokaneheroes.org/mission.php" "Mozilla/5.0 (compatible; MSIE 9.0; Windows NT 6.1; WOW64; Trident/5.0)"
67.185.38.226 - - [13/Jan/2012:13:10:25 -0600] "GET /images/donate.png HTTP/1.1" 200 2925 "http://operationspokaneheroes.org/mission.php" "Mozilla/5.0 (compatible; MSIE 9.0; Windows NT 6.1; WOW64; Trident/5.0)"
67.185.38.226 - - [13/Jan/2012:13:10:25 -0600] "GET /images/barbg.gif HTTP/1.1" 200 982 "http://operationspokaneheroes.org/mission.php" "Mozilla/5.0 (compatible; MSIE 9.0; Windows NT 6.1; WOW64; Trident/5.0)"
67.185.38.226 - - [13/Jan/2012:13:10:25 -0600] "GET /images/gbox.gif HTTP/1.1" 200 622 "http://operationspokaneheroes.org/mission.php" "Mozilla/5.0 (compatible; MSIE 9.0; Windows NT 6.1; WOW64; Trident/5.0)"
67.185.38.226 - - [13/Jan/2012:13:10:25 -0600] "GET /images/bigbox.gif HTTP/1.1" 200 9243 "http://operationspokaneheroes.org/mission.php" "Mozilla/5.0 (compatible; MSIE 9.0; Windows NT 6.1; WOW64; Trident/5.0)"
67.185.38.226 - - [13/Jan/2012:13:10:25 -0600] "GET /images/smallboxtop.gif HTTP/1.1" 200 450 "http://operationspokaneheroes.org/mission.php" "Mozilla/5.0 (compatible; MSIE 9.0; Windows NT 6.1; WOW64; Trident/5.0)"
67.185.38.226 - - [13/Jan/2012:13:10:25 -0600] "GET /images/smallbox.gif HTTP/1.1" 200 1233 "http://operationspokaneheroes.org/mission.php" "Mozilla/5.0 (compatible; MSIE 9.0; Windows NT 6.1; WOW64; Trident/5.0)"
67.185.38.226 - - [13/Jan/2012:13:10:25 -0600] "GET /images/boxtop.gif HTTP/1.1" 200 767 "http://operationspokaneheroes.org/mission.php" "Mozilla/5.0 (compatible; MSIE 9.0; Windows NT 6.1; WOW64; Trident/5.0)"
67.185.38.226 - - [13/Jan/2012:13:10:25 -0600] "GET /images/box.png HTTP/1.1" 200 13315 "http://operationspokaneheroes.org/mission.php" "Mozilla/5.0 (compatible; MSIE 9.0; Windows NT 6.1; WOW64; Trident/5.0)"
67.185.38.226 - - [13/Jan/2012:13:10:25 -0600] "GET /images/bodybg.gif HTTP/1.1" 200 159 "http://operationspokaneheroes.org/mission.php" "Mozilla/5.0 (compatible; MSIE 9.0; Windows NT 6.1; WOW64; Trident/5.0)"
67.185.38.226 - - [13/Jan/2012:13:10:25 -0600] "GET /images/box.gif HTTP/1.1" 200 1643 "http://operationspokaneheroes.org/mission.php" "Mozilla/5.0 (compatible; MSIE 9.0; Windows NT 6.1; WOW64; Trident/5.0)"
67.185.38.226 - - [13/Jan/2012:13:10:25 -0600] "GET /images/logo.png HTTP/1.1" 200 270272 "http://operationspokaneheroes.org/mission.php" "Mozilla/5.0 (compatible; MSIE 9.0; Windows NT 6.1; WOW64; Trident/5.0)"
67.185.38.226 - - [13/Jan/2012:13:10:26 -0600] "GET /favicon.ico HTTP/1.1" 404 - "-" "Mozilla/5.0 (compatible; MSIE 9.0; Windows NT 6.1; WOW64; Trident/5.0)"
67.185.38.226 - - [13/Jan/2012:13:10:28 -0600] "GET /images/barcurrent.gif HTTP/1.1" 200 1415 "http://operationspokaneheroes.org/mission.php" "Mozilla/5.0 (compatible; MSIE 9.0; Windows NT 6.1; WOW64; Trident/5.0)"
67.185.38.226 - - [13/Jan/2012:13:15:32 -0600] "GET /calendar.php HTTP/1.1" 200 5395 "http://operationspokaneheroes.org/mission.php" "Mozilla/5.0 (compatible; MSIE 9.0; Windows NT 6.1; WOW64; Trident/5.0)"
67.185.38.226 - - [13/Jan/2012:13:15:32 -0600] "GET /images/involved.png HTTP/1.1" 200 5042 "http://operationspokaneheroes.org/calendar.php" "Mozilla/5.0 (compatible; MSIE 9.0; Windows NT 6.1; WOW64; Trident/5.0)"
67.185.38.226 - - [13/Jan/2012:13:15:32 -0600] "GET /images/raceway.jpg HTTP/1.1" 200 16793 "http://operationspokaneheroes.org/calendar.php" "Mozilla/5.0 (compatible; MSIE 9.0; Windows NT 6.1; WOW64; Trident/5.0)"
67.185.38.226 - - [13/Jan/2012:13:15:33 -0600] "GET /favicon.ico HTTP/1.1" 404 - "-" "Mozilla/5.0 (compatible; MSIE 9.0; Windows NT 6.1; WOW64; Trident/5.0)"
46.229.160.208 - - [13/Jan/2012:15:01:47 -0600] "GET /pdf/2010_Top100_Military_Friendly_Employers.pdf HTTP/1.1" 200 711726 "-" "-"
157.55.39.225 - - [13/Jan/2012:15:38:45 -0600] "GET /index.php HTTP/1.1" 200 10292 "-" "msnbot/2.0b (+http://search.msn.com/msnbot.htm)._"
157.55.39.225 - - [13/Jan/2012:15:38:48 -0600] "GET /wedo.php HTTP/1.1" 200 6622 "-" "msnbot/2.0b (+http://search.msn.com/msnbot.htm)._"
157.55.39.225 - - [13/Jan/2012:15:38:49 -0600] "GET /calendar.php HTTP/1.1" 200 5395 "-" "msnbot/2.0b (+http://search.msn.com/msnbot.htm)._"
157.55.39.225 - - [13/Jan/2012:15:38:51 -0600] "GET /business_discount.php HTTP/1.1" 200 5779 "-" "msnbot/2.0b (+http://search.msn.com/msnbot.htm)._"
157.55.39.225 - - [13/Jan/2012:15:38:53 -0600] "GET /contact.php HTTP/1.1" 200 5628 "-" "msnbot/2.0b (+http://search.msn.com/msnbot.htm)._"
157.55.39.225 - - [13/Jan/2012:15:38:55 -0600] "GET /employers.php HTTP/1.1" 200 5325 "-" "msnbot/2.0b (+http://search.msn.com/msnbot.htm)._"
157.55.39.225 - - [13/Jan/2012:15:38:56 -0600] "GET /mission.php HTTP/1.1" 200 7049 "-" "msnbot/2.0b (+http://search.msn.com/msnbot.htm)._"
157.55.39.225 - - [13/Jan/2012:15:38:59 -0600] "GET /benefits.php HTTP/1.1" 200 5679 "-" "msnbot/2.0b (+http://search.msn.com/msnbot.htm)._"
123.125.71.30 - - [13/Jan/2012:15:39:41 -0600] "GET /business_discount.php HTTP/1.1" 200 5779 "-" "Mozilla/5.0 (compatible; Baiduspider/2.0; +http://www.baidu.com/search/spider.html)"
66.197.181.48 - - [13/Jan/2012:16:28:32 -0600] "GET / HTTP/1.1" 200 10292 "-" "Mozilla/5.0 (Windows; U; Windows NT 5.1; ru-RU; rv:1.7.12) Gecko/20050919 Firefox/1.0.7"
208.115.111.70 - - [13/Jan/2012:17:03:28 -0600] "GET /robots.txt HTTP/1.1" 404 - "-" "Mozilla/5.0 (compatible; Ezooms/1.0; ezooms.bot@gmail.com)"
65.52.108.12 - - [13/Jan/2012:18:00:14 -0600] "GET /robots.txt HTTP/1.1" 404 - "-" "Mozilla/5.0 (compatible; bingbot/2.0; +http://www.bing.com/bingbot.htm)"
66.249.71.54 - - [13/Jan/2012:18:01:13 -0600] "GET /robots.txt HTTP/1.1" 404 - "-" "Mozilla/5.0 (compatible; Googlebot/2.1; +http://www.google.com/bot.html)"
66.249.71.54 - - [13/Jan/2012:18:01:13 -0600] "GET /pdf/veteran_benefits.pdf HTTP/1.1" 200 111163 "-" "Mozilla/5.0 (compatible; Googlebot/2.1; +http://www.google.com/bot.html)"
65.52.108.12 - - [13/Jan/2012:18:04:32 -0600] "GET / HTTP/1.1" 200 10292 "-" "Mozilla/5.0 (compatible; bingbot/2.0; +http://www.bing.com/bingbot.htm)"
208.115.111.70 - - [13/Jan/2012:18:14:05 -0600] "GET /business_discount.php HTTP/1.1" 200 5779 "-" "Mozilla/5.0 (compatible; Ezooms/1.0; ezooms.bot@gmail.com)"
208.115.111.70 - - [13/Jan/2012:18:14:10 -0600] "GET /mission.php HTTP/1.1" 200 7049 "-" "Mozilla/5.0 (compatible; Ezooms/1.0; ezooms.bot@gmail.com)"
69.171.224.250 - - [13/Jan/2012:18:52:05 -0600] "GET /images/osh_logo.jpg HTTP/1.1" 200 40631 "-" "facebookexternalhit/1.0 (+http://www.facebook.com/externalhit_uatext.php)"
69.171.224.245 - - [13/Jan/2012:20:05:49 -0600] "GET /images/osh_logo.jpg HTTP/1.1" 200 40631 "-" "facebookexternalhit/1.0 (+http://www.facebook.com/externalhit_uatext.php)"
69.171.229.248 - - [13/Jan/2012:20:26:30 -0600] "GET /images/osh_logo.jpg HTTP/1.1" 200 40631 "-" "facebookexternalhit/1.0 (+http://www.facebook.com/externalhit_uatext.php)"
69.171.224.249 - - [13/Jan/2012:22:19:42 -0600] "GET / HTTP/1.1" 200 10292 "-" "facebookexternalhit/1.1 (+http://www.facebook.com/externalhit_uatext.php)"
65.52.108.12 - - [13/Jan/2012:22:31:10 -0600] "GET /robots.txt HTTP/1.1" 404 - "-" "Mozilla/5.0 (compatible; bingbot/2.0; +http://www.bing.com/bingbot.htm)"
65.52.108.12 - - [13/Jan/2012:22:32:15 -0600] "GET / HTTP/1.1" 200 10292 "-" "Mozilla/5.0 (compatible; bingbot/2.0; +http://www.bing.com/bingbot.htm)"
132.3.65.68 - - [14/Jan/2012:01:27:37 -0600] "GET /images/contacticon.png HTTP/1.1" 200 4499 "-" "Mozilla/4.0 (compatible;)"
66.249.71.117 - - [14/Jan/2012:04:02:13 -0600] "GET /robots.txt HTTP/1.1" 404 - "-" "Mozilla/5.0 (compatible; Googlebot/2.1; +http://www.google.com/bot.html)"
66.249.71.117 - - [14/Jan/2012:04:02:14 -0600] "GET /images/records_logo.jpg HTTP/1.1" 200 32813 "-" "Mozilla/5.0 (compatible; Googlebot/2.1; +http://www.google.com/bot.html)"
72.94.249.38 - - [14/Jan/2012:04:23:17 -0600] "GET /java_for_joes/index.html HTTP/1.1" 404 - "-" "Mozilla/4.0 (compatible; MSIE 6.0; Windows NT 5.1; SV1; .NET CLR 1.1.4322)"
204.236.250.49 - - [14/Jan/2012:04:30:23 -0600] "GET /java_for_joes/index.html HTTP/1.0" 404 - "-" "Twisted PageGetter"
204.236.250.49 - - [14/Jan/2012:04:30:23 -0600] "GET /java_for_joes/index.html HTTP/1.0" 404 - "-" "Twisted PageGetter"
204.236.250.49 - - [14/Jan/2012:04:30:23 -0600] "GET /java_for_joes/index.html HTTP/1.0" 404 - "-" "Twisted PageGetter"
204.236.250.49 - - [14/Jan/2012:04:30:23 -0600] "GET /java_for_joes/index.html HTTP/1.0" 404 - "-" "Twisted PageGetter"
204.236.250.49 - - [14/Jan/2012:04:30:23 -0600] "GET /java_for_joes/index.html HTTP/1.0" 404 - "-" "Twisted PageGetter"
204.236.250.49 - - [14/Jan/2012:04:30:23 -0600] "GET /java_for_joes/index.html HTTP/1.0" 404 - "-" "Twisted PageGetter"
157.55.39.225 - - [14/Jan/2012:06:15:11 -0600] "GET /robots.txt HTTP/1.1" 404 - "-" "msnbot/2.0b (+http://search.msn.com/msnbot.htm)._"
157.55.39.225 - - [14/Jan/2012:06:15:11 -0600] "GET / HTTP/1.1" 200 10292 "-" "msnbot/2.0b (+http://search.msn.com/msnbot.htm)._"
77.21.147.173 - - [14/Jan/2012:07:08:40 -0600] "GET /calendar.php HTTP/1.1" 200 5395 "-" "findlinks/2.0.2 (+http://wortschatz.uni-leipzig.de/findlinks/)"
180.76.5.164 - - [14/Jan/2012:07:44:34 -0600] "GET /robots.txt HTTP/1.1" 404 - "-" "Baiduspider+(+http://www.baidu.com/search/spider.htm)"
208.115.111.70 - - [14/Jan/2012:08:59:26 -0600] "GET /robots.txt HTTP/1.1" 404 - "-" "Mozilla/5.0 (compatible; Ezooms/1.0; ezooms.bot@gmail.com)"
69.171.228.251 - - [14/Jan/2012:09:19:39 -0600] "GET /images/osh_logo.jpg HTTP/1.1" 200 40631 "-" "facebookexternalhit/1.0 (+http://www.facebook.com/externalhit_uatext.php)"
208.115.111.70 - - [14/Jan/2012:10:14:05 -0600] "GET /wedo.php HTTP/1.1" 200 6622 "-" "Mozilla/5.0 (compatible; Ezooms/1.0; ezooms.bot@gmail.com)"
123.125.71.110 - - [14/Jan/2012:11:13:54 -0600] "GET / HTTP/1.1" 200 10292 "-" "Mozilla/5.0 (compatible; Baiduspider/2.0; +http://www.baidu.com/search/spider.html)"
157.55.39.225 - - [14/Jan/2012:12:45:27 -0600] "GET /index.php HTTP/1.1" 200 10292 "-" "msnbot/2.0b (+http://search.msn.com/msnbot.htm)._"
157.55.39.225 - - [14/Jan/2012:12:45:28 -0600] "GET /wedo.php HTTP/1.1" 200 6622 "-" "msnbot/2.0b (+http://search.msn.com/msnbot.htm)._"
157.55.39.225 - - [14/Jan/2012:12:45:29 -0600] "GET /calendar.php HTTP/1.1" 200 5395 "-" "msnbot/2.0b (+http://search.msn.com/msnbot.htm)._"
157.55.39.225 - - [14/Jan/2012:12:45:31 -0600] "GET /business_discount.php HTTP/1.1" 200 5779 "-" "msnbot/2.0b (+http://search.msn.com/msnbot.htm)._"
157.55.39.225 - - [14/Jan/2012:12:45:33 -0600] "GET /contact.php HTTP/1.1" 200 5628 "-" "msnbot/2.0b (+http://search.msn.com/msnbot.htm)._"
157.55.39.225 - - [14/Jan/2012:12:45:36 -0600] "GET /employers.php HTTP/1.1" 200 5325 "-" "msnbot/2.0b (+http://search.msn.com/msnbot.htm)._"
157.55.39.225 - - [14/Jan/2012:12:45:38 -0600] "GET /mission.php HTTP/1.1" 200 7049 "-" "msnbot/2.0b (+http://search.msn.com/msnbot.htm)._"
157.55.39.225 - - [14/Jan/2012:12:45:40 -0600] "GET /benefits.php HTTP/1.1" 200 5679 "-" "msnbot/2.0b (+http://search.msn.com/msnbot.htm)._"
65.52.109.200 - - [14/Jan/2012:13:18:53 -0600] "GET /robots.txt HTTP/1.1" 404 - "-" "Mozilla/5.0 (compatible; bingbot/2.0; +http://www.bing.com/bingbot.htm)"
65.52.109.200 - - [14/Jan/2012:13:19:46 -0600] "GET /donate.php HTTP/1.1" 404 - "-" "Mozilla/5.0 (compatible; bingbot/2.0; +http://www.bing.com/bingbot.htm)"
69.171.228.250 - - [14/Jan/2012:14:13:46 -0600] "GET /images/osh_logo.jpg HTTP/1.1" 200 40631 "-" "facebookexternalhit/1.0 (+http://www.facebook.com/externalhit_uatext.php)"
65.52.109.200 - - [14/Jan/2012:15:17:09 -0600] "GET /robots.txt HTTP/1.1" 404 - "-" "Mozilla/5.0 (compatible; bingbot/2.0; +http://www.bing.com/bingbot.htm)"
207.46.12.69 - - [14/Jan/2012:15:18:17 -0600] "GET /events/ermy_event/ermy.html HTTP/1.1" 200 3507 "-" "Mozilla/5.0 (Windows NT 6.1; WOW64) AppleWebKit/534+ (KHTML, like Gecko) BingPreview/1.0b"
207.46.12.69 - - [14/Jan/2012:15:18:17 -0600] "GET /events/ermy_event/js/jquery.movingboxes.min.js HTTP/1.1" 200 4663 "http://operationspokaneheroes.org/events/ermy_event/ermy.html" "Mozilla/5.0 (Windows NT 6.1; WOW64) AppleWebKit/534+ (KHTML, like Gecko) BingPreview/1.0b"
77.20.40.31 - - [14/Jan/2012:15:33:09 -0600] "GET /robots.txt HTTP/1.1" 404 - "-" "findlinks/2.0.2 (+http://wortschatz.uni-leipzig.de/findlinks/)"
66.249.71.54 - - [14/Jan/2012:15:37:56 -0600] "GET /robots.txt HTTP/1.1" 404 - "-" "Mozilla/5.0 (compatible; Googlebot/2.1; +http://www.google.com/bot.html)"
66.249.71.54 - - [14/Jan/2012:15:37:56 -0600] "GET /images/box.gif HTTP/1.1" 200 1643 "http://www.operationspokaneheroes.org/" "Mozilla/5.0 (compatible; Googlebot/2.1; +http://www.google.com/bot.html)"
66.249.71.54 - - [14/Jan/2012:15:38:03 -0600] "GET /images/bodybg.gif HTTP/1.1" 200 159 "http://www.operationspokaneheroes.org/" "Mozilla/5.0 (compatible; Googlebot/2.1; +http://www.google.com/bot.html)"
66.249.71.54 - - [14/Jan/2012:15:38:03 -0600] "GET /images/bigbox.gif HTTP/1.1" 200 9243 "http://www.operationspokaneheroes.org/" "Mozilla/5.0 (compatible; Googlebot/2.1; +http://www.google.com/bot.html)"
66.249.71.54 - - [14/Jan/2012:15:38:04 -0600] "GET /images/barbg.gif HTTP/1.1" 200 982 "http://www.operationspokaneheroes.org/" "Mozilla/5.0 (compatible; Googlebot/2.1; +http://www.google.com/bot.html)"
66.249.71.54 - - [14/Jan/2012:15:38:07 -0600] "GET /images/smallbox.gif HTTP/1.1" 200 1233 "http://www.operationspokaneheroes.org/" "Mozilla/5.0 (compatible; Googlebot/2.1; +http://www.google.com/bot.html)"
66.249.71.54 - - [14/Jan/2012:15:38:11 -0600] "GET /images/smallboxtop.gif HTTP/1.1" 200 450 "http://www.operationspokaneheroes.org/" "Mozilla/5.0 (compatible; Googlebot/2.1; +http://www.google.com/bot.html)"
66.249.71.54 - - [14/Jan/2012:15:38:14 -0600] "GET /images/box.png HTTP/1.1" 200 13315 "http://www.operationspokaneheroes.org/" "Mozilla/5.0 (compatible; Googlebot/2.1; +http://www.google.com/bot.html)"
66.249.71.54 - - [14/Jan/2012:15:38:18 -0600] "GET /images/boxtop.gif HTTP/1.1" 200 767 "http://www.operationspokaneheroes.org/" "Mozilla/5.0 (compatible; Googlebot/2.1; +http://www.google.com/bot.html)"
66.249.71.54 - - [14/Jan/2012:15:38:22 -0600] "GET /images/gbox.gif HTTP/1.1" 200 622 "http://www.operationspokaneheroes.org/" "Mozilla/5.0 (compatible; Googlebot/2.1; +http://www.google.com/bot.html)"
66.249.71.54 - - [14/Jan/2012:15:38:25 -0600] "GET /images/involved.png HTTP/1.1" 200 5042 "http://www.operationspokaneheroes.org/" "Mozilla/5.0 (compatible; Googlebot/2.1; +http://www.google.com/bot.html)"
66.249.71.54 - - [14/Jan/2012:15:38:29 -0600] "GET /images/calendar.gif HTTP/1.1" 200 529 "http://www.operationspokaneheroes.org/" "Mozilla/5.0 (compatible; Googlebot/2.1; +http://www.google.com/bot.html)"
66.249.71.54 - - [14/Jan/2012:15:38:33 -0600] "GET /images/donate.png HTTP/1.1" 200 2925 "http://www.operationspokaneheroes.org/" "Mozilla/5.0 (compatible; Googlebot/2.1; +http://www.google.com/bot.html)"
66.249.71.54 - - [14/Jan/2012:15:38:36 -0600] "GET /images/contacticon.png HTTP/1.1" 200 4499 "http://www.operationspokaneheroes.org/" "Mozilla/5.0 (compatible; Googlebot/2.1; +http://www.google.com/bot.html)"
66.249.71.54 - - [14/Jan/2012:15:38:40 -0600] "GET /images/gboxtop.gif HTTP/1.1" 200 285 "http://www.operationspokaneheroes.org/" "Mozilla/5.0 (compatible; Googlebot/2.1; +http://www.google.com/bot.html)"
180.76.5.110 - - [14/Jan/2012:16:31:14 -0600] "GET /robots.txt HTTP/1.1" 404 - "-" "Baiduspider+(+http://www.baidu.com/search/spider.htm)"
208.115.111.70 - - [14/Jan/2012:17:22:30 -0600] "GET /robots.txt HTTP/1.1" 404 - "-" "Mozilla/5.0 (compatible; Ezooms/1.0; ezooms.bot@gmail.com)"
208.115.111.70 - - [14/Jan/2012:18:35:08 -0600] "GET /benefits.php HTTP/1.1" 200 5679 "-" "Mozilla/5.0 (compatible; Ezooms/1.0; ezooms.bot@gmail.com)"
220.181.125.71 - - [14/Jan/2012:19:04:43 -0600] "GET / HTTP/1.1" 200 10292 "-" "Sogou web spider/4.0(+http://www.sogou.com/docs/help/webmasters.htm#07)"
65.52.109.152 - - [15/Jan/2012:01:45:58 -0600] "GET /robots.txt HTTP/1.1" 404 - "-" "Mozilla/5.0 (compatible; bingbot/2.0; +http://www.bing.com/bingbot.htm)"
65.52.109.152 - - [15/Jan/2012:01:46:44 -0600] "GET /pdf/Internation%20Ministries%20for%20Vets%20by%20Vets%20July%2029%20to%2031%202011%20001.pdf HTTP/1.1" 200 286171 "-" "Mozilla/5.0 (compatible; bingbot/2.0; +http://www.bing.com/bingbot.htm)"
66.249.71.117 - - [15/Jan/2012:02:00:33 -0600] "GET /robots.txt HTTP/1.1" 404 - "-" "Mozilla/5.0 (compatible; Googlebot/2.1; +http://www.google.com/bot.html)"
66.249.71.117 - - [15/Jan/2012:02:00:33 -0600] "GET /events/carousel_11/carousel_11.html HTTP/1.1" 304 - "-" "Mozilla/5.0 (compatible; Googlebot/2.1; +http://www.google.com/bot.html)"
69.171.229.247 - - [15/Jan/2012:02:22:45 -0600] "GET /images/osh_logo.jpg HTTP/1.1" 200 40631 "-" "facebookexternalhit/1.0 (+http://www.facebook.com/externalhit_uatext.php)"
66.249.71.117 - - [15/Jan/2012:03:35:43 -0600] "GET /events/care_package/images/3.jpg HTTP/1.1" 304 - "-" "Googlebot-Image/1.0"
157.55.39.225 - - [15/Jan/2012:05:37:55 -0600] "GET /robots.txt HTTP/1.1" 404 - "-" "msnbot/2.0b (+http://search.msn.com/msnbot.htm)._"
157.55.39.225 - - [15/Jan/2012:05:37:55 -0600] "GET / HTTP/1.1" 200 10292 "-" "msnbot/2.0b (+http://search.msn.com/msnbot.htm)._"
65.52.110.18 - - [15/Jan/2012:06:05:23 -0600] "GET /robots.txt HTTP/1.1" 404 - "-" "Mozilla/5.0 (compatible; bingbot/2.0; +http://www.bing.com/bingbot.htm)"
65.52.110.18 - - [15/Jan/2012:06:06:23 -0600] "GET /pdf/CarrouselPoster.pdf HTTP/1.1" 200 208837 "-" "Mozilla/5.0 (compatible; bingbot/2.0; +http://www.bing.com/bingbot.htm)"
180.76.5.63 - - [15/Jan/2012:07:53:41 -0600] "GET / HTTP/1.1" 200 10292 "-" "Mozilla/5.0 (compatible; Baiduspider/2.0; +http://www.baidu.com/search/spider.html)"
208.115.113.86 - - [15/Jan/2012:10:45:18 -0600] "GET /robots.txt HTTP/1.1" 404 - "-" "Mozilla/5.0 (compatible; Ezooms/1.0; ezooms.bot@gmail.com)"
208.115.113.86 - - [15/Jan/2012:11:51:29 -0600] "GET /index.php HTTP/1.1" 200 10292 "-" "Mozilla/5.0 (compatible; Ezooms/1.0; ezooms.bot@gmail.com)"
157.55.39.225 - - [15/Jan/2012:12:03:51 -0600] "GET /index.php HTTP/1.1" 200 10292 "-" "msnbot/2.0b (+http://search.msn.com/msnbot.htm)._"
157.55.39.225 - - [15/Jan/2012:12:03:54 -0600] "GET /wedo.php HTTP/1.1" 200 6622 "-" "msnbot/2.0b (+http://search.msn.com/msnbot.htm)._"
157.55.39.225 - - [15/Jan/2012:12:03:55 -0600] "GET /calendar.php HTTP/1.1" 200 5395 "-" "msnbot/2.0b (+http://search.msn.com/msnbot.htm)._"
157.55.39.225 - - [15/Jan/2012:12:03:57 -0600] "GET /business_discount.php HTTP/1.1" 200 5779 "-" "msnbot/2.0b (+http://search.msn.com/msnbot.htm)._"
157.55.39.225 - - [15/Jan/2012:12:04:00 -0600] "GET /contact.php HTTP/1.1" 200 5628 "-" "msnbot/2.0b (+http://search.msn.com/msnbot.htm)._"
157.55.39.225 - - [15/Jan/2012:12:04:03 -0600] "GET /employers.php HTTP/1.1" 200 5325 "-" "msnbot/2.0b (+http://search.msn.com/msnbot.htm)._"
157.55.39.225 - - [15/Jan/2012:12:04:07 -0600] "GET /mission.php HTTP/1.1" 200 7049 "-" "msnbot/2.0b (+http://search.msn.com/msnbot.htm)._"
157.55.39.225 - - [15/Jan/2012:12:04:09 -0600] "GET /benefits.php HTTP/1.1" 200 5679 "-" "msnbot/2.0b (+http://search.msn.com/msnbot.htm)._"
66.249.71.117 - - [15/Jan/2012:12:52:30 -0600] "GET /_inc/contact.php HTTP/1.1" 200 756 "-" "Mozilla/5.0 (compatible; Googlebot/2.1; +http://www.google.com/bot.html)"
213.186.127.13 - - [15/Jan/2012:12:54:09 -0600] "GET /pdf/Christmas%20Carrousel%20Flyer2011.pdf HTTP/1.1" 404 - "-" "Mozilla/5.0 (compatible; AhrefsBot/2.0; +http://ahrefs.com/robot/)"
66.249.71.117 - - [15/Jan/2012:13:26:48 -0600] "GET /donation.php HTTP/1.1" 200 12266 "-" "Mozilla/5.0 (compatible; Googlebot/2.1; +http://www.google.com/bot.html)"
180.76.5.101 - - [15/Jan/2012:13:55:47 -0600] "GET /css/tabbedContent.css HTTP/1.1" 404 - "-" "Mozilla/5.0 (compatible; Baiduspider/2.0; +http://www.baidu.com/search/spider.html)"
65.52.108.12 - - [15/Jan/2012:16:19:56 -0600] "GET /robots.txt HTTP/1.1" 404 - "-" "Mozilla/5.0 (compatible; bingbot/2.0; +http://www.bing.com/bingbot.htm)"
65.52.108.12 - - [15/Jan/2012:16:20:43 -0600] "GET / HTTP/1.1" 200 10292 "-" "Mozilla/5.0 (compatible; bingbot/2.0; +http://www.bing.com/bingbot.htm)"
65.52.108.12 - - [15/Jan/2012:16:43:58 -0600] "GET /robots.txt HTTP/1.1" 404 - "-" "Mozilla/5.0 (compatible; bingbot/2.0; +http://www.bing.com/bingbot.htm)"
65.52.108.12 - - [15/Jan/2012:16:44:57 -0600] "GET /java_for_joes/index.html HTTP/1.1" 404 - "-" "Mozilla/5.0 (compatible; bingbot/2.0; +http://www.bing.com/bingbot.htm)"
208.115.111.70 - - [15/Jan/2012:16:51:39 -0600] "GET /robots.txt HTTP/1.1" 404 - "-" "Mozilla/5.0 (compatible; Ezooms/1.0; ezooms.bot@gmail.com)"
208.115.111.70 - - [15/Jan/2012:16:56:19 -0600] "GET / HTTP/1.1" 200 10292 "-" "Mozilla/5.0 (compatible; Ezooms/1.0; ezooms.bot@gmail.com)"
123.125.71.17 - - [15/Jan/2012:17:55:08 -0600] "GET / HTTP/1.1" 200 10292 "-" "Mozilla/5.0 (compatible; Baiduspider/2.0; +http://www.baidu.com/search/spider.html)"
123.125.71.101 - - [15/Jan/2012:17:58:58 -0600] "GET /contact.php HTTP/1.1" 200 5628 "-" "Mozilla/5.0 (compatible; Baiduspider/2.0; +http://www.baidu.com/search/spider.html)"
123.125.71.111 - - [15/Jan/2012:18:02:52 -0600] "GET /index.php HTTP/1.1" 200 10292 "-" "Mozilla/5.0 (compatible; Baiduspider/2.0; +http://www.baidu.com/search/spider.html)"
123.125.71.107 - - [15/Jan/2012:18:02:53 -0600] "GET / HTTP/1.1" 200 10292 "-" "Mozilla/5.0 (compatible; Baiduspider/2.0; +http://www.baidu.com/search/spider.html)"
123.125.71.51 - - [15/Jan/2012:18:06:42 -0600] "GET /calendar.php HTTP/1.1" 200 5395 "-" "Mozilla/5.0 (compatible; Baiduspider/2.0; +http://www.baidu.com/search/spider.html)"
157.55.50.11 - - [15/Jan/2012:18:18:38 -0600] "GET /robots.txt HTTP/1.1" 404 - "-" "Mozilla/5.0 (compatible; bingbot/2.0; +http://www.bing.com/bingbot.htm)"
180.76.5.98 - - [15/Jan/2012:22:51:56 -0600] "GET /index.php HTTP/1.1" 200 10292 "-" "Mozilla/5.0 (compatible; Baiduspider/2.0; +http://www.baidu.com/search/spider.html)"
180.76.5.181 - - [15/Jan/2012:22:51:57 -0600] "GET / HTTP/1.1" 200 10292 "-" "Mozilla/5.0 (compatible; Baiduspider/2.0; +http://www.baidu.com/search/spider.html)"
199.21.99.101 - - [16/Jan/2012:01:30:19 -0600] "GET /robots.txt HTTP/1.1" 404 - "-" "Mozilla/5.0 (compatible; YandexBot/3.0; +http://yandex.com/bots)"
220.181.108.154 - - [16/Jan/2012:01:49:12 -0600] "GET /images/cell_phones.jpg HTTP/1.1" 200 6648 "-" "Baiduspider-image+(+http://www.baidu.com/search/spider.htm)"
213.186.127.13 - - [16/Jan/2012:04:34:43 -0600] "GET /employers.php HTTP/1.1" 200 5325 "-" "Mozilla/5.0 (compatible; AhrefsBot/2.0; +http://ahrefs.com/robot/)"
157.55.50.11 - - [16/Jan/2012:07:40:38 -0600] "GET /robots.txt HTTP/1.1" 404 - "-" "Mozilla/5.0 (compatible; bingbot/2.0; +http://www.bing.com/bingbot.htm)"
199.21.99.101 - - [16/Jan/2012:07:58:58 -0600] "GET /pdf/veteran_benefits.pdf HTTP/1.1" 304 - "-" "Mozilla/5.0 (compatible; YandexBot/3.0; +http://yandex.com/bots)"
180.76.5.159 - - [16/Jan/2012:09:20:05 -0600] "GET / HTTP/1.1" 200 10292 "-" "Mozilla/5.0 (compatible; Baiduspider/2.0; +http://www.baidu.com/search/spider.html)"
199.21.99.101 - - [16/Jan/2012:09:35:02 -0600] "GET /pdf/Invite%20for%20vets%20listening%20session%20(mm%20edits).pdf HTTP/1.1" 200 112428 "-" "Mozilla/5.0 (compatible; YandexBot/3.0; +http://yandex.com/bots)"
69.171.224.251 - - [16/Jan/2012:09:52:28 -0600] "GET /images/osh_logo.jpg HTTP/1.1" 200 40631 "-" "facebookexternalhit/1.0 (+http://www.facebook.com/externalhit_uatext.php)"
157.55.39.225 - - [16/Jan/2012:10:33:48 -0600] "GET /robots.txt HTTP/1.1" 404 - "-" "msnbot/2.0b (+http://search.msn.com/msnbot.htm)._"
157.55.39.225 - - [16/Jan/2012:10:33:48 -0600] "GET / HTTP/1.1" 200 10292 "-" "msnbot/2.0b (+http://search.msn.com/msnbot.htm)._"
66.249.71.117 - - [16/Jan/2012:10:51:47 -0600] "GET /robots.txt HTTP/1.1" 404 - "-" "Mozilla/5.0 (compatible; Googlebot/2.1; +http://www.google.com/bot.html)"
66.249.71.117 - - [16/Jan/2012:10:51:47 -0600] "GET /pdf/Invite%20for%20vets%20listening%20session%20(mm%20edits).pdf HTTP/1.1" 200 112428 "-" "Mozilla/5.0 (compatible; Googlebot/2.1; +http://www.google.com/bot.html)"
65.52.108.12 - - [16/Jan/2012:12:00:31 -0600] "GET /robots.txt HTTP/1.1" 404 - "-" "Mozilla/5.0 (compatible; bingbot/2.0; +http://www.bing.com/bingbot.htm)"
65.52.108.12 - - [16/Jan/2012:12:01:23 -0600] "GET / HTTP/1.1" 200 10292 "-" "Mozilla/5.0 (compatible; bingbot/2.0; +http://www.bing.com/bingbot.htm)"
66.249.71.117 - - [16/Jan/2012:14:44:11 -0600] "GET /events/oif/images/7.jpg HTTP/1.1" 304 - "-" "Googlebot-Image/1.0"
157.55.50.11 - - [16/Jan/2012:15:14:37 -0600] "GET /robots.txt HTTP/1.1" 404 - "-" "Mozilla/5.0 (compatible; bingbot/2.0; +http://www.bing.com/bingbot.htm)"
157.55.50.11 - - [16/Jan/2012:15:25:09 -0600] "GET /robots.txt HTTP/1.1" 404 - "-" "Mozilla/5.0 (compatible; bingbot/2.0; +http://www.bing.com/bingbot.htm)"
157.55.39.225 - - [16/Jan/2012:15:37:47 -0600] "GET /index.php HTTP/1.1" 200 10292 "-" "msnbot/2.0b (+http://search.msn.com/msnbot.htm)._"
157.55.39.225 - - [16/Jan/2012:15:37:49 -0600] "GET /wedo.php HTTP/1.1" 200 6622 "-" "msnbot/2.0b (+http://search.msn.com/msnbot.htm)._"
157.55.39.225 - - [16/Jan/2012:15:37:50 -0600] "GET /calendar.php HTTP/1.1" 200 5395 "-" "msnbot/2.0b (+http://search.msn.com/msnbot.htm)._"
157.55.39.225 - - [16/Jan/2012:15:37:52 -0600] "GET /business_discount.php HTTP/1.1" 200 5779 "-" "msnbot/2.0b (+http://search.msn.com/msnbot.htm)._"
157.55.39.225 - - [16/Jan/2012:15:37:53 -0600] "GET /contact.php HTTP/1.1" 200 5628 "-" "msnbot/2.0b (+http://search.msn.com/msnbot.htm)._"
157.55.39.225 - - [16/Jan/2012:15:37:55 -0600] "GET /employers.php HTTP/1.1" 200 5325 "-" "msnbot/2.0b (+http://search.msn.com/msnbot.htm)._"
157.55.39.225 - - [16/Jan/2012:15:37:57 -0600] "GET /mission.php HTTP/1.1" 200 7049 "-" "msnbot/2.0b (+http://search.msn.com/msnbot.htm)._"
157.55.39.225 - - [16/Jan/2012:15:37:58 -0600] "GET /benefits.php HTTP/1.1" 200 5679 "-" "msnbot/2.0b (+http://search.msn.com/msnbot.htm)._"
67.185.38.226 - - [16/Jan/2012:16:12:45 -0600] "GET /mission.php HTTP/1.1" 200 7049 "http://www.google.com/url?sa=t&rct=j&q=&esrc=s&frm=1&source=web&cd=3&ved=0CDEQFjAC&url=http%3A%2F%2Foperationspokaneheroes.org%2Fmission.php&ei=0qAUT7-xNIaxiQK-vqirDQ&usg=AFQjCNFmGe23oMLUARL3_R7hQTIuzZM7vA" "Mozilla/5.0 (compatible; MSIE 9.0; Windows NT 6.1; WOW64; Trident/5.0)"
67.185.38.226 - - [16/Jan/2012:16:12:45 -0600] "GET /style.css HTTP/1.1" 200 5190 "http://operationspokaneheroes.org/mission.php" "Mozilla/5.0 (compatible; MSIE 9.0; Windows NT 6.1; WOW64; Trident/5.0)"
67.185.38.226 - - [16/Jan/2012:16:12:45 -0600] "GET /images/donate.png HTTP/1.1" 200 2925 "http://operationspokaneheroes.org/mission.php" "Mozilla/5.0 (compatible; MSIE 9.0; Windows NT 6.1; WOW64; Trident/5.0)"
67.185.38.226 - - [16/Jan/2012:16:12:45 -0600] "GET /images/contacticon.png HTTP/1.1" 200 4499 "http://operationspokaneheroes.org/mission.php" "Mozilla/5.0 (compatible; MSIE 9.0; Windows NT 6.1; WOW64; Trident/5.0)"
67.185.38.226 - - [16/Jan/2012:16:12:45 -0600] "GET /images/barbg.gif HTTP/1.1" 200 982 "http://operationspokaneheroes.org/mission.php" "Mozilla/5.0 (compatible; MSIE 9.0; Windows NT 6.1; WOW64; Trident/5.0)"
67.185.38.226 - - [16/Jan/2012:16:12:45 -0600] "GET /images/gbox.gif HTTP/1.1" 200 622 "http://operationspokaneheroes.org/mission.php" "Mozilla/5.0 (compatible; MSIE 9.0; Windows NT 6.1; WOW64; Trident/5.0)"
67.185.38.226 - - [16/Jan/2012:16:12:45 -0600] "GET /images/bodybg.gif HTTP/1.1" 200 159 "http://operationspokaneheroes.org/mission.php" "Mozilla/5.0 (compatible; MSIE 9.0; Windows NT 6.1; WOW64; Trident/5.0)"
67.185.38.226 - - [16/Jan/2012:16:12:45 -0600] "GET /images/bigbox.gif HTTP/1.1" 200 9243 "http://operationspokaneheroes.org/mission.php" "Mozilla/5.0 (compatible; MSIE 9.0; Windows NT 6.1; WOW64; Trident/5.0)"
67.185.38.226 - - [16/Jan/2012:16:12:45 -0600] "GET /images/gboxtop.gif HTTP/1.1" 200 285 "http://operationspokaneheroes.org/mission.php" "Mozilla/5.0 (compatible; MSIE 9.0; Windows NT 6.1; WOW64; Trident/5.0)"
67.185.38.226 - - [16/Jan/2012:16:12:45 -0600] "GET /images/smallboxtop.gif HTTP/1.1" 200 450 "http://operationspokaneheroes.org/mission.php" "Mozilla/5.0 (compatible; MSIE 9.0; Windows NT 6.1; WOW64; Trident/5.0)"
67.185.38.226 - - [16/Jan/2012:16:12:45 -0600] "GET /images/boxtop.gif HTTP/1.1" 200 767 "http://operationspokaneheroes.org/mission.php" "Mozilla/5.0 (compatible; MSIE 9.0; Windows NT 6.1; WOW64; Trident/5.0)"
67.185.38.226 - - [16/Jan/2012:16:12:45 -0600] "GET /images/smallbox.gif HTTP/1.1" 200 1233 "http://operationspokaneheroes.org/mission.php" "Mozilla/5.0 (compatible; MSIE 9.0; Windows NT 6.1; WOW64; Trident/5.0)"
67.185.38.226 - - [16/Jan/2012:16:12:46 -0600] "GET /images/box.gif HTTP/1.1" 200 1643 "http://operationspokaneheroes.org/mission.php" "Mozilla/5.0 (compatible; MSIE 9.0; Windows NT 6.1; WOW64; Trident/5.0)"
67.185.38.226 - - [16/Jan/2012:16:12:45 -0600] "GET /images/box.png HTTP/1.1" 200 13315 "http://operationspokaneheroes.org/mission.php" "Mozilla/5.0 (compatible; MSIE 9.0; Windows NT 6.1; WOW64; Trident/5.0)"
67.185.38.226 - - [16/Jan/2012:16:12:45 -0600] "GET /images/logo.png HTTP/1.1" 200 270272 "http://operationspokaneheroes.org/mission.php" "Mozilla/5.0 (compatible; MSIE 9.0; Windows NT 6.1; WOW64; Trident/5.0)"
67.185.38.226 - - [16/Jan/2012:16:12:46 -0600] "GET /favicon.ico HTTP/1.1" 404 - "-" "Mozilla/5.0 (compatible; MSIE 9.0; Windows NT 6.1; WOW64; Trident/5.0)"
67.185.38.226 - - [16/Jan/2012:16:12:48 -0600] "GET /images/barcurrent.gif HTTP/1.1" 200 1415 "http://operationspokaneheroes.org/mission.php" "Mozilla/5.0 (compatible; MSIE 9.0; Windows NT 6.1; WOW64; Trident/5.0)"
78.29.15.137 - - [16/Jan/2012:18:16:58 -0600] "POST /wp-login.php HTTP/1.1" 404 - "-" "-"
199.21.99.101 - - [16/Jan/2012:18:59:17 -0600] "GET / HTTP/1.1" 200 10292 "-" "Mozilla/5.0 (compatible; YandexBot/3.0; +http://yandex.com/bots)"
66.249.71.115 - - [16/Jan/2012:21:41:24 -0600] "GET / HTTP/1.1" 200 10292 "-" "Mozilla/5.0 (compatible; Googlebot/2.1; +http://www.google.com/bot.html)"
123.125.71.36 - - [16/Jan/2012:21:42:45 -0600] "GET / HTTP/1.1" 200 10292 "-" "Mozilla/5.0 (compatible; Baiduspider/2.0; +http://www.baidu.com/search/spider.html)"
208.115.113.86 - - [16/Jan/2012:22:38:54 -0600] "GET /robots.txt HTTP/1.1" 404 - "-" "Mozilla/5.0 (compatible; Ezooms/1.0; ezooms.bot@gmail.com)"
74.93.97.41 - - [16/Jan/2012:22:39:20 -0600] "GET / HTTP/1.1" 200 10292 "http://www.google.com/url?sa=t&rct=j&q=&esrc=s&source=web&cd=1&ved=0CCAQFjAA&url=http%3A%2F%2Foperationspokaneheroes.org%2F&ei=dvsUT7qlE4eMigKeicGiDQ&usg=AFQjCNGGuKExGUEgtWK2o7s2b3sBxGCH3Q&sig2=mLQU2lF7TINpnx3mvOa6_g" "Mozilla/5.0 (Windows NT 6.1; WOW64) AppleWebKit/535.7 (KHTML, like Gecko) Chrome/16.0.912.75 Safari/535.7"
74.93.97.41 - - [16/Jan/2012:22:39:21 -0600] "GET /style.css HTTP/1.1" 200 5190 "http://operationspokaneheroes.org/" "Mozilla/5.0 (Windows NT 6.1; WOW64) AppleWebKit/535.7 (KHTML, like Gecko) Chrome/16.0.912.75 Safari/535.7"
74.93.97.41 - - [16/Jan/2012:22:39:21 -0600] "GET /images/bodybg.gif HTTP/1.1" 200 159 "http://operationspokaneheroes.org/" "Mozilla/5.0 (Windows NT 6.1; WOW64) AppleWebKit/535.7 (KHTML, like Gecko) Chrome/16.0.912.75 Safari/535.7"
74.93.97.41 - - [16/Jan/2012:22:39:21 -0600] "GET /images/gbox.gif HTTP/1.1" 200 622 "http://operationspokaneheroes.org/" "Mozilla/5.0 (Windows NT 6.1; WOW64) AppleWebKit/535.7 (KHTML, like Gecko) Chrome/16.0.912.75 Safari/535.7"
74.93.97.41 - - [16/Jan/2012:22:39:21 -0600] "GET /images/bigbox.gif HTTP/1.1" 200 9243 "http://operationspokaneheroes.org/" "Mozilla/5.0 (Windows NT 6.1; WOW64) AppleWebKit/535.7 (KHTML, like Gecko) Chrome/16.0.912.75 Safari/535.7"
74.93.97.41 - - [16/Jan/2012:22:39:21 -0600] "GET /images/gboxtop.gif HTTP/1.1" 200 285 "http://operationspokaneheroes.org/" "Mozilla/5.0 (Windows NT 6.1; WOW64) AppleWebKit/535.7 (KHTML, like Gecko) Chrome/16.0.912.75 Safari/535.7"
74.93.97.41 - - [16/Jan/2012:22:39:21 -0600] "GET /images/barbg.gif HTTP/1.1" 200 982 "http://operationspokaneheroes.org/" "Mozilla/5.0 (Windows NT 6.1; WOW64) AppleWebKit/535.7 (KHTML, like Gecko) Chrome/16.0.912.75 Safari/535.7"
