67.5.109.119 - - [05/Feb/2012:05:21:25 -0600] "GET /images/logo.png HTTP/1.1" 304 - "http://operationspokaneheroes.org/style.css" "Mozilla/5.0 (Windows NT 5.1; rv:10.0) Gecko/20100101 Firefox/10.0"
67.5.109.119 - - [05/Feb/2012:05:21:25 -0600] "GET /images/bigbox.gif HTTP/1.1" 304 - "http://operationspokaneheroes.org/style.css" "Mozilla/5.0 (Windows NT 5.1; rv:10.0) Gecko/20100101 Firefox/10.0"
67.5.109.119 - - [05/Feb/2012:05:21:25 -0600] "GET /images/barbg.gif HTTP/1.1" 304 - "http://operationspokaneheroes.org/style.css" "Mozilla/5.0 (Windows NT 5.1; rv:10.0) Gecko/20100101 Firefox/10.0"
67.5.109.119 - - [05/Feb/2012:05:21:25 -0600] "GET /images/gboxtop.gif HTTP/1.1" 304 - "http://operationspokaneheroes.org/style.css" "Mozilla/5.0 (Windows NT 5.1; rv:10.0) Gecko/20100101 Firefox/10.0"
67.5.109.119 - - [05/Feb/2012:05:21:25 -0600] "GET /images/gbox.gif HTTP/1.1" 304 - "http://operationspokaneheroes.org/style.css" "Mozilla/5.0 (Windows NT 5.1; rv:10.0) Gecko/20100101 Firefox/10.0"
67.5.109.119 - - [05/Feb/2012:05:21:25 -0600] "GET /images/box.png HTTP/1.1" 304 - "http://operationspokaneheroes.org/style.css" "Mozilla/5.0 (Windows NT 5.1; rv:10.0) Gecko/20100101 Firefox/10.0"
67.5.109.119 - - [05/Feb/2012:05:21:25 -0600] "GET /images/calendar.gif HTTP/1.1" 304 - "http://operationspokaneheroes.org/style.css" "Mozilla/5.0 (Windows NT 5.1; rv:10.0) Gecko/20100101 Firefox/10.0"
67.5.109.119 - - [05/Feb/2012:05:21:25 -0600] "GET /images/smallboxtop.gif HTTP/1.1" 304 - "http://operationspokaneheroes.org/style.css" "Mozilla/5.0 (Windows NT 5.1; rv:10.0) Gecko/20100101 Firefox/10.0"
67.5.109.119 - - [05/Feb/2012:05:21:25 -0600] "GET /images/smallbox.gif HTTP/1.1" 304 - "http://operationspokaneheroes.org/style.css" "Mozilla/5.0 (Windows NT 5.1; rv:10.0) Gecko/20100101 Firefox/10.0"
67.5.109.119 - - [05/Feb/2012:05:21:25 -0600] "GET /images/boxtop.gif HTTP/1.1" 304 - "http://operationspokaneheroes.org/style.css" "Mozilla/5.0 (Windows NT 5.1; rv:10.0) Gecko/20100101 Firefox/10.0"
67.5.109.119 - - [05/Feb/2012:05:21:25 -0600] "GET /images/box.gif HTTP/1.1" 304 - "http://operationspokaneheroes.org/style.css" "Mozilla/5.0 (Windows NT 5.1; rv:10.0) Gecko/20100101 Firefox/10.0"
67.5.109.119 - - [05/Feb/2012:05:21:25 -0600] "GET /images/involved.png HTTP/1.1" 304 - "http://operationspokaneheroes.org/" "Mozilla/5.0 (Windows NT 5.1; rv:10.0) Gecko/20100101 Firefox/10.0"
199.21.99.101 - - [05/Feb/2012:05:57:13 -0600] "GET /robots.txt HTTP/1.1" 404 - "-" "Mozilla/5.0 (compatible; YandexBot/3.0; +http://yandex.com/bots)"
199.21.99.101 - - [05/Feb/2012:07:44:34 -0600] "GET /pdf/veteran_benefits.pdf HTTP/1.1" 304 - "-" "Mozilla/5.0 (compatible; YandexBot/3.0; +http://yandex.com/bots)"
157.55.39.225 - - [05/Feb/2012:08:10:51 -0600] "GET /index.php HTTP/1.1" 200 10182 "-" "msnbot/2.0b (+http://search.msn.com/msnbot.htm)._"
157.55.39.225 - - [05/Feb/2012:08:10:52 -0600] "GET /wedo.php HTTP/1.1" 200 6622 "-" "msnbot/2.0b (+http://search.msn.com/msnbot.htm)._"
157.55.39.225 - - [05/Feb/2012:08:10:54 -0600] "GET /calendar.php HTTP/1.1" 200 5395 "-" "msnbot/2.0b (+http://search.msn.com/msnbot.htm)._"
157.55.39.225 - - [05/Feb/2012:08:10:55 -0600] "GET /contact.php HTTP/1.1" 200 5628 "-" "msnbot/2.0b (+http://search.msn.com/msnbot.htm)._"
157.55.39.225 - - [05/Feb/2012:08:10:57 -0600] "GET /business_discount.php HTTP/1.1" 200 5779 "-" "msnbot/2.0b (+http://search.msn.com/msnbot.htm)._"
157.55.39.225 - - [05/Feb/2012:08:10:58 -0600] "GET /mission.php HTTP/1.1" 200 7049 "-" "msnbot/2.0b (+http://search.msn.com/msnbot.htm)._"
157.55.39.225 - - [05/Feb/2012:08:11:00 -0600] "GET /benefits.php HTTP/1.1" 200 5679 "-" "msnbot/2.0b (+http://search.msn.com/msnbot.htm)._"
207.46.195.242 - - [05/Feb/2012:08:26:24 -0600] "GET /robots.txt HTTP/1.1" 404 - "-" "Mozilla/5.0 (compatible; bingbot/2.0; +http://www.bing.com/bingbot.htm)"
207.46.195.242 - - [05/Feb/2012:08:27:23 -0600] "GET /pdf/Christmas%20Carrousel%20Flyer2011.pdf HTTP/1.1" 404 - "-" "Mozilla/5.0 (compatible; bingbot/2.0; +http://www.bing.com/bingbot.htm)"
199.21.99.101 - - [05/Feb/2012:09:35:38 -0600] "GET /events/lilac_parade/lilac_parade.html HTTP/1.1" 200 3084 "-" "Mozilla/5.0 (compatible; YandexBot/3.0; +http://yandex.com/bots)"
69.171.224.251 - - [05/Feb/2012:09:55:17 -0600] "GET /images/osh_logo.jpg HTTP/1.1" 200 40631 "-" "facebookexternalhit/1.0 (+http://www.facebook.com/externalhit_uatext.php)"
123.125.71.39 - - [05/Feb/2012:11:02:20 -0600] "GET / HTTP/1.1" 200 10182 "-" "Mozilla/5.0 (compatible; Baiduspider/2.0; +http://www.baidu.com/search/spider.html)"
207.46.13.118 - - [05/Feb/2012:11:11:35 -0600] "GET /robots.txt HTTP/1.1" 404 - "-" "Mozilla/5.0 (compatible; bingbot/2.0; +http://www.bing.com/bingbot.htm)"
207.46.13.118 - - [05/Feb/2012:11:12:13 -0600] "GET /pdf/OSH%20Gift%20Cards%202011%20Media%20Advisory.pdf HTTP/1.1" 200 31888 "-" "Mozilla/5.0 (compatible; bingbot/2.0; +http://www.bing.com/bingbot.htm)"
199.21.99.101 - - [05/Feb/2012:11:17:32 -0600] "GET /pdf/OSH%20Gift%20Cards%202011%20Media%20Advisory.pdf HTTP/1.1" 200 31888 "-" "Mozilla/5.0 (compatible; YandexBot/3.0; +http://yandex.com/bots)"
157.55.16.178 - - [05/Feb/2012:11:32:17 -0600] "GET /robots.txt HTTP/1.1" 404 - "-" "Mozilla/5.0 (compatible; bingbot/2.0; +http://www.bing.com/bingbot.htm)"
66.249.71.117 - - [05/Feb/2012:11:38:56 -0600] "GET /events/lilac_parade/lilac_parade.html HTTP/1.1" 304 - "-" "Mozilla/5.0 (compatible; Googlebot/2.1; +http://www.google.com/bot.html)"
157.55.16.178 - - [05/Feb/2012:11:54:54 -0600] "GET /pdf/Christmas%20Carrousel%20Flyer2011.pdf HTTP/1.1" 404 - "-" "Mozilla/5.0 (compatible; bingbot/2.0; +http://www.bing.com/bingbot.htm)"
199.21.99.101 - - [05/Feb/2012:12:25:20 -0600] "GET /pdf/NWMSGrandPrix2011FLYER.pdf HTTP/1.1" 200 1047716 "-" "Mozilla/5.0 (compatible; YandexBot/3.0; +http://yandex.com/bots)"
199.21.99.101 - - [05/Feb/2012:14:16:59 -0600] "GET /pdf/Christmas%20Carrousel%20Flyer2011.pdf HTTP/1.1" 404 - "-" "Mozilla/5.0 (compatible; YandexBot/3.0; +http://yandex.com/bots)"
66.249.71.54 - - [05/Feb/2012:14:28:00 -0600] "GET /robots.txt HTTP/1.1" 404 - "-" "Mozilla/5.0 (compatible; Googlebot/2.1; +http://www.google.com/bot.html)"
66.249.71.54 - - [05/Feb/2012:14:28:00 -0600] "GET / HTTP/1.1" 200 10182 "-" "Mozilla/5.0 (iPhone; U; CPU iPhone OS 4_1 like Mac OS X; en-us) AppleWebKit/532.9 (KHTML, like Gecko) Version/4.0.5 Mobile/8B117 Safari/6531.22.7 (compatible; Googlebot-Mobile/2.1; +http://www.google.com/bot.html)"
66.249.71.117 - - [05/Feb/2012:16:01:21 -0600] "GET /robots.txt HTTP/1.1" 404 - "-" "Mozilla/5.0 (compatible; Googlebot/2.1; +http://www.google.com/bot.html)"
66.249.71.117 - - [05/Feb/2012:16:01:21 -0600] "GET /events/vet_picnic/vet_picnic.html HTTP/1.1" 304 - "-" "Mozilla/5.0 (compatible; Googlebot/2.1; +http://www.google.com/bot.html)"
69.58.178.56 - - [05/Feb/2012:17:03:40 -0600] "GET /robots.txt HTTP/1.1" 404 - "-" "BlackBerry9630/5.0.0.732 Profile/MIDP-2.1 Configuration/CLDC-1.1 VendorID/102 ips-agent"
69.58.178.56 - - [05/Feb/2012:17:03:42 -0600] "GET / HTTP/1.1" 200 10182 "-" "Mozilla/5.0 (X11; U; Linux i686; en-US; rv:1.9.2.24; ips-agent) Gecko/20111107 Ubuntu/10.04 (lucid) Firefox/3.6.24"
69.58.178.56 - - [05/Feb/2012:17:03:43 -0600] "GET / HTTP/1.1" 200 10182 "-" "BlackBerry9630/5.0.0.732 Profile/MIDP-2.1 Configuration/CLDC-1.1 VendorID/102 ips-agent"
69.58.178.56 - - [05/Feb/2012:17:03:44 -0600] "GET /contact.php HTTP/1.1" 200 5628 "-" "Mozilla/5.0 (X11; U; Linux i686; en-US; rv:1.9.2.24; ips-agent) Gecko/20111107 Ubuntu/10.04 (lucid) Firefox/3.6.24"
69.58.178.56 - - [05/Feb/2012:17:03:45 -0600] "GET /index.php HTTP/1.1" 200 10182 "-" "BlackBerry9630/5.0.0.732 Profile/MIDP-2.1 Configuration/CLDC-1.1 VendorID/102 ips-agent"
69.58.178.56 - - [05/Feb/2012:17:03:46 -0600] "GET /mission.php HTTP/1.1" 200 7049 "-" "Mozilla/5.0 (X11; U; Linux i686; en-US; rv:1.9.2.24; ips-agent) Gecko/20111107 Ubuntu/10.04 (lucid) Firefox/3.6.24"
69.58.178.56 - - [05/Feb/2012:17:03:47 -0600] "GET /wedo.php HTTP/1.1" 200 6622 "-" "Mozilla/5.0 (X11; U; Linux i686; en-US; rv:1.9.2.24; ips-agent) Gecko/20111107 Ubuntu/10.04 (lucid) Firefox/3.6.24"
69.58.178.56 - - [05/Feb/2012:17:03:49 -0600] "GET /benefits.php HTTP/1.1" 200 5679 "-" "Mozilla/5.0 (X11; U; Linux i686; en-US; rv:1.9.2.24; ips-agent) Gecko/20111107 Ubuntu/10.04 (lucid) Firefox/3.6.24"
69.58.178.56 - - [05/Feb/2012:17:03:50 -0600] "GET /employers.php HTTP/1.1" 200 5325 "-" "Mozilla/5.0 (X11; U; Linux i686; en-US; rv:1.9.2.24; ips-agent) Gecko/20111107 Ubuntu/10.04 (lucid) Firefox/3.6.24"
69.58.178.56 - - [05/Feb/2012:17:03:51 -0600] "GET /business_discount.php HTTP/1.1" 200 5779 "-" "Mozilla/5.0 (X11; U; Linux i686; en-US; rv:1.9.2.24; ips-agent) Gecko/20111107 Ubuntu/10.04 (lucid) Firefox/3.6.24"
69.58.178.56 - - [05/Feb/2012:17:03:52 -0600] "GET /calendar.php HTTP/1.1" 200 5395 "-" "Mozilla/5.0 (X11; U; Linux i686; en-US; rv:1.9.2.24; ips-agent) Gecko/20111107 Ubuntu/10.04 (lucid) Firefox/3.6.24"
69.58.178.56 - - [05/Feb/2012:17:03:53 -0600] "GET /_inc/contact.php HTTP/1.1" 200 756 "-" "Mozilla/5.0 (X11; U; Linux i686; en-US; rv:1.9.2.24; ips-agent) Gecko/20111107 Ubuntu/10.04 (lucid) Firefox/3.6.24"
98.225.30.245 - - [05/Feb/2012:17:38:32 -0600] "GET / HTTP/1.1" 200 10182 "http://www.google.com/url?sa=t&rct=j&q=hero%20spokane&source=web&cd=4&ved=0CDgQFjAD&url=http%3A%2F%2Foperationspokaneheroes.org%2F&ei=9RIvT_zpEaiciAKTztW0Cg&usg=AFQjCNGGuKExGUEgtWK2o7s2b3sBxGCH3Q" "Mozilla/4.0 (compatible; MSIE 7.0; Windows NT 5.1; Trident/4.0; Comcast Install 1.0; .NET CLR 1.1.4322; .NET CLR 2.0.50727; .NET CLR 3.0.4506.2152; .NET CLR 3.5.30729)"
98.225.30.245 - - [05/Feb/2012:17:38:33 -0600] "GET /style.css HTTP/1.1" 200 5190 "http://operationspokaneheroes.org/" "Mozilla/4.0 (compatible; MSIE 7.0; Windows NT 5.1; Trident/4.0; Comcast Install 1.0; .NET CLR 1.1.4322; .NET CLR 2.0.50727; .NET CLR 3.0.4506.2152; .NET CLR 3.5.30729)"
98.225.30.245 - - [05/Feb/2012:17:38:33 -0600] "GET /style.css HTTP/1.1" 200 5190 "http://operationspokaneheroes.org/" "Mozilla/4.0 (compatible; MSIE 7.0; Windows NT 5.1; Trident/4.0; Comcast Install 1.0; .NET CLR 1.1.4322; .NET CLR 2.0.50727; .NET CLR 3.0.4506.2152; .NET CLR 3.5.30729)"
98.225.30.245 - - [05/Feb/2012:17:38:33 -0600] "GET /images/bodybg.gif HTTP/1.1" 200 159 "http://operationspokaneheroes.org/" "Mozilla/4.0 (compatible; MSIE 7.0; Windows NT 5.1; Trident/4.0; Comcast Install 1.0; .NET CLR 1.1.4322; .NET CLR 2.0.50727; .NET CLR 3.0.4506.2152; .NET CLR 3.5.30729)"
98.225.30.245 - - [05/Feb/2012:17:38:33 -0600] "GET /images/bigbox.gif HTTP/1.1" 200 9243 "http://operationspokaneheroes.org/" "Mozilla/4.0 (compatible; MSIE 7.0; Windows NT 5.1; Trident/4.0; Comcast Install 1.0; .NET CLR 1.1.4322; .NET CLR 2.0.50727; .NET CLR 3.0.4506.2152; .NET CLR 3.5.30729)"
98.225.30.245 - - [05/Feb/2012:17:38:33 -0600] "GET /images/barbg.gif HTTP/1.1" 200 982 "http://operationspokaneheroes.org/" "Mozilla/4.0 (compatible; MSIE 7.0; Windows NT 5.1; Trident/4.0; Comcast Install 1.0; .NET CLR 1.1.4322; .NET CLR 2.0.50727; .NET CLR 3.0.4506.2152; .NET CLR 3.5.30729)"
98.225.30.245 - - [05/Feb/2012:17:38:33 -0600] "GET /images/gbox.gif HTTP/1.1" 200 622 "http://operationspokaneheroes.org/" "Mozilla/4.0 (compatible; MSIE 7.0; Windows NT 5.1; Trident/4.0; Comcast Install 1.0; .NET CLR 1.1.4322; .NET CLR 2.0.50727; .NET CLR 3.0.4506.2152; .NET CLR 3.5.30729)"
98.225.30.245 - - [05/Feb/2012:17:38:33 -0600] "GET /images/box.png HTTP/1.1" 200 13315 "http://operationspokaneheroes.org/" "Mozilla/4.0 (compatible; MSIE 7.0; Windows NT 5.1; Trident/4.0; Comcast Install 1.0; .NET CLR 1.1.4322; .NET CLR 2.0.50727; .NET CLR 3.0.4506.2152; .NET CLR 3.5.30729)"
98.225.30.245 - - [05/Feb/2012:17:38:33 -0600] "GET /images/gboxtop.gif HTTP/1.1" 200 285 "http://operationspokaneheroes.org/" "Mozilla/4.0 (compatible; MSIE 7.0; Windows NT 5.1; Trident/4.0; Comcast Install 1.0; .NET CLR 1.1.4322; .NET CLR 2.0.50727; .NET CLR 3.0.4506.2152; .NET CLR 3.5.30729)"
98.225.30.245 - - [05/Feb/2012:17:38:33 -0600] "GET /images/calendar.gif HTTP/1.1" 200 529 "http://operationspokaneheroes.org/" "Mozilla/4.0 (compatible; MSIE 7.0; Windows NT 5.1; Trident/4.0; Comcast Install 1.0; .NET CLR 1.1.4322; .NET CLR 2.0.50727; .NET CLR 3.0.4506.2152; .NET CLR 3.5.30729)"
98.225.30.245 - - [05/Feb/2012:17:38:33 -0600] "GET /images/breakfast.jpg HTTP/1.1" 200 145512 "http://operationspokaneheroes.org/" "Mozilla/4.0 (compatible; MSIE 7.0; Windows NT 5.1; Trident/4.0; Comcast Install 1.0; .NET CLR 1.1.4322; .NET CLR 2.0.50727; .NET CLR 3.0.4506.2152; .NET CLR 3.5.30729)"
98.225.30.245 - - [05/Feb/2012:17:38:33 -0600] "GET /images/donate.png HTTP/1.1" 200 2925 "http://operationspokaneheroes.org/" "Mozilla/4.0 (compatible; MSIE 7.0; Windows NT 5.1; Trident/4.0; Comcast Install 1.0; .NET CLR 1.1.4322; .NET CLR 2.0.50727; .NET CLR 3.0.4506.2152; .NET CLR 3.5.30729)"
98.225.30.245 - - [05/Feb/2012:17:38:33 -0600] "GET /images/osh_logo.jpg HTTP/1.1" 200 40631 "http://operationspokaneheroes.org/" "Mozilla/4.0 (compatible; MSIE 7.0; Windows NT 5.1; Trident/4.0; Comcast Install 1.0; .NET CLR 1.1.4322; .NET CLR 2.0.50727; .NET CLR 3.0.4506.2152; .NET CLR 3.5.30729)"
98.225.30.245 - - [05/Feb/2012:17:38:33 -0600] "GET /images/wreaths.jpg HTTP/1.1" 200 38386 "http://operationspokaneheroes.org/" "Mozilla/4.0 (compatible; MSIE 7.0; Windows NT 5.1; Trident/4.0; Comcast Install 1.0; .NET CLR 1.1.4322; .NET CLR 2.0.50727; .NET CLR 3.0.4506.2152; .NET CLR 3.5.30729)"
98.225.30.245 - - [05/Feb/2012:17:38:33 -0600] "GET /images/contacticon.png HTTP/1.1" 200 4499 "http://operationspokaneheroes.org/" "Mozilla/4.0 (compatible; MSIE 7.0; Windows NT 5.1; Trident/4.0; Comcast Install 1.0; .NET CLR 1.1.4322; .NET CLR 2.0.50727; .NET CLR 3.0.4506.2152; .NET CLR 3.5.30729)"
98.225.30.245 - - [05/Feb/2012:17:38:34 -0600] "GET /images/box.gif HTTP/1.1" 200 1643 "http://operationspokaneheroes.org/" "Mozilla/4.0 (compatible; MSIE 7.0; Windows NT 5.1; Trident/4.0; Comcast Install 1.0; .NET CLR 1.1.4322; .NET CLR 2.0.50727; .NET CLR 3.0.4506.2152; .NET CLR 3.5.30729)"
98.225.30.245 - - [05/Feb/2012:17:38:34 -0600] "GET /images/involved.png HTTP/1.1" 200 5042 "http://operationspokaneheroes.org/" "Mozilla/4.0 (compatible; MSIE 7.0; Windows NT 5.1; Trident/4.0; Comcast Install 1.0; .NET CLR 1.1.4322; .NET CLR 2.0.50727; .NET CLR 3.0.4506.2152; .NET CLR 3.5.30729)"
98.225.30.245 - - [05/Feb/2012:17:38:34 -0600] "GET /images/smallbox.gif HTTP/1.1" 200 1233 "http://operationspokaneheroes.org/" "Mozilla/4.0 (compatible; MSIE 7.0; Windows NT 5.1; Trident/4.0; Comcast Install 1.0; .NET CLR 1.1.4322; .NET CLR 2.0.50727; .NET CLR 3.0.4506.2152; .NET CLR 3.5.30729)"
98.225.30.245 - - [05/Feb/2012:17:38:34 -0600] "GET /images/boxtop.gif HTTP/1.1" 200 767 "http://operationspokaneheroes.org/" "Mozilla/4.0 (compatible; MSIE 7.0; Windows NT 5.1; Trident/4.0; Comcast Install 1.0; .NET CLR 1.1.4322; .NET CLR 2.0.50727; .NET CLR 3.0.4506.2152; .NET CLR 3.5.30729)"
98.225.30.245 - - [05/Feb/2012:17:38:34 -0600] "GET /images/smallboxtop.gif HTTP/1.1" 200 450 "http://operationspokaneheroes.org/" "Mozilla/4.0 (compatible; MSIE 7.0; Windows NT 5.1; Trident/4.0; Comcast Install 1.0; .NET CLR 1.1.4322; .NET CLR 2.0.50727; .NET CLR 3.0.4506.2152; .NET CLR 3.5.30729)"
98.225.30.245 - - [05/Feb/2012:17:38:33 -0600] "GET /images/logo.png HTTP/1.1" 200 270272 "http://operationspokaneheroes.org/" "Mozilla/4.0 (compatible; MSIE 7.0; Windows NT 5.1; Trident/4.0; Comcast Install 1.0; .NET CLR 1.1.4322; .NET CLR 2.0.50727; .NET CLR 3.0.4506.2152; .NET CLR 3.5.30729)"
98.225.30.245 - - [05/Feb/2012:17:38:34 -0600] "GET /images/cell_phones.jpg HTTP/1.1" 200 6648 "http://operationspokaneheroes.org/" "Mozilla/4.0 (compatible; MSIE 7.0; Windows NT 5.1; Trident/4.0; Comcast Install 1.0; .NET CLR 1.1.4322; .NET CLR 2.0.50727; .NET CLR 3.0.4506.2152; .NET CLR 3.5.30729)"
98.225.30.245 - - [05/Feb/2012:17:38:34 -0600] "GET /favicon.ico HTTP/1.1" 404 - "-" "Mozilla/4.0 (compatible; MSIE 8.0; Windows NT 5.1; Trident/4.0; Comcast Install 1.0; .NET CLR 1.1.4322; .NET CLR 2.0.50727; .NET CLR 3.0.4506.2152; .NET CLR 3.5.30729)"
157.55.16.57 - - [05/Feb/2012:18:20:58 -0600] "GET /robots.txt HTTP/1.1" 404 - "-" "Mozilla/5.0 (compatible; bingbot/2.0; +http://www.bing.com/bingbot.htm)"
157.55.16.230 - - [05/Feb/2012:19:15:47 -0600] "GET /robots.txt HTTP/1.1" 404 - "-" "Mozilla/5.0 (compatible; bingbot/2.0; +http://www.bing.com/bingbot.htm)"
77.21.146.71 - - [05/Feb/2012:19:33:41 -0600] "GET /contact.php HTTP/1.1" 200 5628 "-" "findlinks/2.0.2 (+http://wortschatz.uni-leipzig.de/findlinks/)"
157.55.16.57 - - [05/Feb/2012:19:37:29 -0600] "GET /pdf/OSH%20Gift%20Cards%202011%20Media%20Advisory.pdf HTTP/1.1" 200 31888 "-" "Mozilla/5.0 (compatible; bingbot/2.0; +http://www.bing.com/bingbot.htm)"
157.55.16.230 - - [05/Feb/2012:20:30:23 -0600] "GET /pdf/OSH%20Gift%20Cards%202011%20Media%20Advisory.pdf HTTP/1.1" 200 31888 "-" "Mozilla/5.0 (compatible; bingbot/2.0; +http://www.bing.com/bingbot.htm)"
66.249.71.117 - - [05/Feb/2012:22:52:08 -0600] "GET / HTTP/1.1" 200 10182 "-" "Mozilla/5.0 (compatible; Googlebot/2.1; +http://www.google.com/bot.html)"
199.21.99.101 - - [05/Feb/2012:22:56:54 -0600] "GET /contact.php HTTP/1.1" 200 5628 "-" "Mozilla/5.0 (compatible; YandexBot/3.0; +http://yandex.com/bots)"
66.249.71.117 - - [05/Feb/2012:23:04:13 -0600] "GET /images/breakfast.jpg HTTP/1.1" 200 145512 "-" "Googlebot-Image/1.0"
157.55.17.103 - - [05/Feb/2012:23:17:21 -0600] "GET /robots.txt HTTP/1.1" 404 - "-" "Mozilla/5.0 (compatible; bingbot/2.0; +http://www.bing.com/bingbot.htm)"
157.55.17.103 - - [05/Feb/2012:23:21:27 -0600] "GET / HTTP/1.1" 200 10182 "-" "Mozilla/5.0 (compatible; bingbot/2.0; +http://www.bing.com/bingbot.htm)"
66.249.71.117 - - [06/Feb/2012:00:11:33 -0600] "GET /pdf/MCL%20Breakfast%20-%20February%202012.pdf HTTP/1.1" 200 3608094 "-" "Mozilla/5.0 (compatible; Googlebot/2.1; +http://www.google.com/bot.html)"
199.21.99.101 - - [06/Feb/2012:00:22:51 -0600] "GET /business_discount.php HTTP/1.1" 200 5779 "-" "Mozilla/5.0 (compatible; YandexBot/3.0; +http://yandex.com/bots)"
69.171.224.248 - - [06/Feb/2012:01:16:56 -0600] "GET /images/osh_logo.jpg HTTP/1.1" 200 40631 "-" "facebookexternalhit/1.0 (+http://www.facebook.com/externalhit_uatext.php)"
199.21.99.101 - - [06/Feb/2012:02:53:38 -0600] "GET /pdf/Veterans%20Day%202011%20-%20Flyer.pdf HTTP/1.1" 304 - "-" "Mozilla/5.0 (compatible; YandexBot/3.0; +http://yandex.com/bots)"
199.21.99.101 - - [06/Feb/2012:05:07:41 -0600] "GET /robots.txt HTTP/1.1" 404 - "-" "Mozilla/5.0 (compatible; YandexBot/3.0; +http://yandex.com/bots)"
69.84.207.147 - - [06/Feb/2012:06:12:10 -0600] "GET / HTTP/1.1" 200 10182 "-" "Mozilla/4.0 (compatible; MSIE 7.0;Windows NT 5.1;.NET CLR 1.1.4322;.NET CLR 2.0.50727;.NET CLR 3.0.04506.30) Lightspeedsystems"
69.84.207.147 - - [06/Feb/2012:06:12:10 -0600] "GET / HTTP/1.1" 200 10182 "-" "Mozilla/4.0 (compatible; MSIE 7.0;Windows NT 5.1;.NET CLR 1.1.4322;.NET CLR 2.0.50727;.NET CLR 3.0.04506.30) Lightspeedsystems"
69.84.207.147 - - [06/Feb/2012:06:12:10 -0600] "GET /wedo.php HTTP/1.1" 200 6622 "-" "Mozilla/4.0 (compatible; MSIE 7.0;Windows NT 5.1;.NET CLR 1.1.4322;.NET CLR 2.0.50727;.NET CLR 3.0.04506.30) Lightspeedsystems"
69.84.207.147 - - [06/Feb/2012:06:12:11 -0600] "GET /index.php HTTP/1.1" 200 10182 "-" "Mozilla/4.0 (compatible; MSIE 7.0;Windows NT 5.1;.NET CLR 1.1.4322;.NET CLR 2.0.50727;.NET CLR 3.0.04506.30) Lightspeedsystems"
69.84.207.147 - - [06/Feb/2012:06:12:11 -0600] "GET /contact.php HTTP/1.1" 200 5628 "-" "Mozilla/4.0 (compatible; MSIE 7.0;Windows NT 5.1;.NET CLR 1.1.4322;.NET CLR 2.0.50727;.NET CLR 3.0.04506.30) Lightspeedsystems"
69.84.207.147 - - [06/Feb/2012:06:12:11 -0600] "GET /mission.php HTTP/1.1" 200 7049 "-" "Mozilla/4.0 (compatible; MSIE 7.0;Windows NT 5.1;.NET CLR 1.1.4322;.NET CLR 2.0.50727;.NET CLR 3.0.04506.30) Lightspeedsystems"
69.84.207.147 - - [06/Feb/2012:06:12:11 -0600] "GET /calendar.php HTTP/1.1" 200 5395 "-" "Mozilla/4.0 (compatible; MSIE 7.0;Windows NT 5.1;.NET CLR 1.1.4322;.NET CLR 2.0.50727;.NET CLR 3.0.04506.30) Lightspeedsystems"
69.84.207.147 - - [06/Feb/2012:06:12:11 -0600] "GET /benefits.php HTTP/1.1" 200 5679 "-" "Mozilla/4.0 (compatible; MSIE 7.0;Windows NT 5.1;.NET CLR 1.1.4322;.NET CLR 2.0.50727;.NET CLR 3.0.04506.30) Lightspeedsystems"
69.84.207.147 - - [06/Feb/2012:06:12:12 -0600] "GET /employers.php HTTP/1.1" 200 5325 "-" "Mozilla/4.0 (compatible; MSIE 7.0;Windows NT 5.1;.NET CLR 1.1.4322;.NET CLR 2.0.50727;.NET CLR 3.0.04506.30) Lightspeedsystems"
69.84.207.147 - - [06/Feb/2012:06:12:12 -0600] "GET /business_discount.php HTTP/1.1" 200 5779 "-" "Mozilla/4.0 (compatible; MSIE 7.0;Windows NT 5.1;.NET CLR 1.1.4322;.NET CLR 2.0.50727;.NET CLR 3.0.04506.30) Lightspeedsystems"
69.84.207.147 - - [06/Feb/2012:06:12:12 -0600] "GET /_inc/contact.php HTTP/1.1" 200 756 "-" "Mozilla/4.0 (compatible; MSIE 7.0;Windows NT 5.1;.NET CLR 1.1.4322;.NET CLR 2.0.50727;.NET CLR 3.0.04506.30) Lightspeedsystems"
69.84.207.147 - - [06/Feb/2012:06:12:12 -0600] "GET /contact/contactengine.php HTTP/1.1" 200 61 "-" "Mozilla/4.0 (compatible; MSIE 7.0;Windows NT 5.1;.NET CLR 1.1.4322;.NET CLR 2.0.50727;.NET CLR 3.0.04506.30) Lightspeedsystems"
69.84.207.147 - - [06/Feb/2012:06:12:12 -0600] "GET /contact/contactthanks.php HTTP/1.1" 200 492 "-" "Mozilla/4.0 (compatible; MSIE 7.0;Windows NT 5.1;.NET CLR 1.1.4322;.NET CLR 2.0.50727;.NET CLR 3.0.04506.30) Lightspeedsystems"
69.84.207.147 - - [06/Feb/2012:06:12:12 -0600] "GET /events/bbq/va_bbq.html HTTP/1.1" 200 3479 "-" "Mozilla/4.0 (compatible; MSIE 7.0;Windows NT 5.1;.NET CLR 1.1.4322;.NET CLR 2.0.50727;.NET CLR 3.0.04506.30) Lightspeedsystems"
69.84.207.147 - - [06/Feb/2012:06:12:12 -0600] "GET /events/ermy_event/ermy.html HTTP/1.1" 200 3507 "-" "Mozilla/4.0 (compatible; MSIE 7.0;Windows NT 5.1;.NET CLR 1.1.4322;.NET CLR 2.0.50727;.NET CLR 3.0.04506.30) Lightspeedsystems"
69.84.207.147 - - [06/Feb/2012:06:12:12 -0600] "GET /events/care_package/care.html HTTP/1.1" 200 3294 "-" "Mozilla/4.0 (compatible; MSIE 7.0;Windows NT 5.1;.NET CLR 1.1.4322;.NET CLR 2.0.50727;.NET CLR 3.0.04506.30) Lightspeedsystems"
69.84.207.147 - - [06/Feb/2012:06:12:13 -0600] "GET /events/vet_picnic/vet_picnic.html HTTP/1.1" 200 3163 "-" "Mozilla/4.0 (compatible; MSIE 7.0;Windows NT 5.1;.NET CLR 1.1.4322;.NET CLR 2.0.50727;.NET CLR 3.0.04506.30) Lightspeedsystems"
69.84.207.147 - - [06/Feb/2012:06:12:13 -0600] "GET /events/lilac_lunch/lilac_lunch.html HTTP/1.1" 200 2995 "-" "Mozilla/4.0 (compatible; MSIE 7.0;Windows NT 5.1;.NET CLR 1.1.4322;.NET CLR 2.0.50727;.NET CLR 3.0.04506.30) Lightspeedsystems"
69.84.207.147 - - [06/Feb/2012:06:12:13 -0600] "GET /events/carousel_11/carousel_11.html HTTP/1.1" 200 3712 "-" "Mozilla/4.0 (compatible; MSIE 7.0;Windows NT 5.1;.NET CLR 1.1.4322;.NET CLR 2.0.50727;.NET CLR 3.0.04506.30) Lightspeedsystems"
69.84.207.147 - - [06/Feb/2012:06:12:13 -0600] "GET /events/lilac_parade/lilac_parade.html HTTP/1.1" 200 3084 "-" "Mozilla/4.0 (compatible; MSIE 7.0;Windows NT 5.1;.NET CLR 1.1.4322;.NET CLR 2.0.50727;.NET CLR 3.0.04506.30) Lightspeedsystems"
180.76.5.53 - - [06/Feb/2012:06:19:05 -0600] "GET / HTTP/1.1" 200 10182 "-" "Mozilla/5.0 (compatible; Baiduspider/2.0; +http://www.baidu.com/search/spider.html)"
77.75.77.17 - - [06/Feb/2012:06:33:05 -0600] "GET /robots.txt HTTP/1.1" 404 - "-" "SeznamBot/3.0 (+http://fulltext.sblog.cz/)"
77.75.77.17 - - [06/Feb/2012:06:33:06 -0600] "GET /pdf/Cellphones%20for%20Soldiers%20press%20release.pdf HTTP/1.1" 304 - "-" "SeznamBot/3.0 (+http://fulltext.sblog.cz/)"
77.75.77.17 - - [06/Feb/2012:06:33:20 -0600] "GET /mission.php HTTP/1.1" 200 7049 "-" "SeznamBot/3.0 (+http://fulltext.sblog.cz/)"
199.21.99.101 - - [06/Feb/2012:07:07:59 -0600] "GET /pdf/OSH%20Gift%20Cards%202011%20Media%20Advisory.pdf HTTP/1.1" 200 31888 "-" "Mozilla/5.0 (compatible; YandexBot/3.0; +http://yandex.com/bots)"
199.21.99.101 - - [06/Feb/2012:08:15:04 -0600] "GET /pdf/Christmas%20Carrousel%20Flyer2011.pdf HTTP/1.1" 404 - "-" "Mozilla/5.0 (compatible; YandexBot/3.0; +http://yandex.com/bots)"
69.171.224.244 - - [06/Feb/2012:08:53:41 -0600] "GET /images/osh_logo.jpg HTTP/1.1" 200 40631 "-" "facebookexternalhit/1.0 (+http://www.facebook.com/externalhit_uatext.php)"
199.21.99.101 - - [06/Feb/2012:09:01:22 -0600] "GET /robots.txt HTTP/1.1" 404 - "-" "Mozilla/5.0 (compatible; YandexBot/3.0; +http://yandex.com/bots)"
178.154.160.30 - - [06/Feb/2012:09:01:25 -0600] "GET / HTTP/1.1" 200 10182 "-" "Mozilla/5.0 (compatible; YandexBot/3.0; +http://yandex.com/bots)"
66.249.71.117 - - [06/Feb/2012:09:43:16 -0600] "GET /robots.txt HTTP/1.1" 404 - "-" "Mozilla/5.0 (compatible; Googlebot/2.1; +http://www.google.com/bot.html)"
66.249.71.117 - - [06/Feb/2012:09:43:16 -0600] "GET /images/involved.png HTTP/1.1" 200 5042 "-" "Mozilla/5.0 (compatible; Googlebot/2.1; +http://www.google.com/bot.html)"
66.249.71.117 - - [06/Feb/2012:09:43:23 -0600] "GET /images/calendar.gif HTTP/1.1" 200 529 "-" "Mozilla/5.0 (compatible; Googlebot/2.1; +http://www.google.com/bot.html)"
66.249.71.117 - - [06/Feb/2012:09:43:28 -0600] "GET /images/breakfast.jpg HTTP/1.1" 200 145512 "http://operationspokaneheroes.org/" "Mozilla/5.0 (compatible; Googlebot/2.1; +http://www.google.com/bot.html)"
157.55.39.225 - - [06/Feb/2012:09:46:23 -0600] "GET /robots.txt HTTP/1.1" 404 - "-" "msnbot/2.0b (+http://search.msn.com/msnbot.htm)._"
157.55.39.225 - - [06/Feb/2012:09:46:23 -0600] "GET / HTTP/1.1" 200 10182 "-" "msnbot/2.0b (+http://search.msn.com/msnbot.htm)._"
220.181.108.169 - - [06/Feb/2012:11:17:21 -0600] "GET /images/cell_phones.jpg HTTP/1.1" 200 6648 "-" "Baiduspider-image+(+http://www.baidu.com/search/spider.htm)"
65.52.110.190 - - [06/Feb/2012:11:18:57 -0600] "GET /robots.txt HTTP/1.1" 404 - "-" "Mozilla/5.0 (compatible; bingbot/2.0; +http://www.bing.com/bingbot.htm)"
65.52.110.190 - - [06/Feb/2012:11:21:07 -0600] "GET /java_for_joes/index.html HTTP/1.1" 404 - "-" "Mozilla/5.0 (compatible; bingbot/2.0; +http://www.bing.com/bingbot.htm)"
65.52.110.146 - - [06/Feb/2012:12:22:54 -0600] "GET /robots.txt HTTP/1.1" 404 - "-" "Mozilla/5.0 (compatible; bingbot/2.0; +http://www.bing.com/bingbot.htm)"
65.52.110.146 - - [06/Feb/2012:12:25:17 -0600] "GET / HTTP/1.1" 200 10182 "-" "Mozilla/5.0 (compatible; bingbot/2.0; +http://www.bing.com/bingbot.htm)"
77.21.147.173 - - [06/Feb/2012:12:29:56 -0600] "GET /robots.txt HTTP/1.1" 404 - "-" "findlinks/2.0.2 (+http://wortschatz.uni-leipzig.de/findlinks/)"
157.55.39.225 - - [06/Feb/2012:13:21:39 -0600] "GET /index.php HTTP/1.1" 200 10182 "-" "msnbot/2.0b (+http://search.msn.com/msnbot.htm)._"
157.55.39.225 - - [06/Feb/2012:13:21:40 -0600] "GET /wedo.php HTTP/1.1" 200 6622 "-" "msnbot/2.0b (+http://search.msn.com/msnbot.htm)._"
157.55.39.225 - - [06/Feb/2012:13:21:43 -0600] "GET /calendar.php HTTP/1.1" 200 5395 "-" "msnbot/2.0b (+http://search.msn.com/msnbot.htm)._"
157.55.39.225 - - [06/Feb/2012:13:21:45 -0600] "GET /business_discount.php HTTP/1.1" 200 5779 "-" "msnbot/2.0b (+http://search.msn.com/msnbot.htm)._"
157.55.39.225 - - [06/Feb/2012:13:21:47 -0600] "GET /contact.php HTTP/1.1" 200 5628 "-" "msnbot/2.0b (+http://search.msn.com/msnbot.htm)._"
157.55.39.225 - - [06/Feb/2012:13:21:49 -0600] "GET /employers.php HTTP/1.1" 200 5325 "-" "msnbot/2.0b (+http://search.msn.com/msnbot.htm)._"
157.55.39.225 - - [06/Feb/2012:13:21:50 -0600] "GET /mission.php HTTP/1.1" 200 7049 "-" "msnbot/2.0b (+http://search.msn.com/msnbot.htm)._"
157.55.39.225 - - [06/Feb/2012:13:21:54 -0600] "GET /benefits.php HTTP/1.1" 200 5679 "-" "msnbot/2.0b (+http://search.msn.com/msnbot.htm)._"
66.220.147.248 - - [06/Feb/2012:13:35:22 -0600] "GET /images/osh_logo.jpg HTTP/1.1" 200 40631 "-" "facebookexternalhit/1.0 (+http://www.facebook.com/externalhit_uatext.php)"
66.220.149.248 - - [06/Feb/2012:13:44:51 -0600] "GET /images/osh_logo.jpg HTTP/1.1" 200 40631 "-" "facebookexternalhit/1.0 (+http://www.facebook.com/externalhit_uatext.php)"
220.181.125.71 - - [06/Feb/2012:15:10:34 -0600] "GET / HTTP/1.1" 200 10182 "-" "Sogou web spider/4.0(+http://www.sogou.com/docs/help/webmasters.htm#07)"
65.52.104.21 - - [06/Feb/2012:15:30:33 -0600] "GET /robots.txt HTTP/1.1" 404 - "-" "Mozilla/5.0 (compatible; bingbot/2.0; +http://www.bing.com/bingbot.htm)"
65.52.104.21 - - [06/Feb/2012:15:32:25 -0600] "GET /wedo.php HTTP/1.1" 200 6622 "-" "Mozilla/5.0 (compatible; bingbot/2.0; +http://www.bing.com/bingbot.htm)"
123.125.71.25 - - [06/Feb/2012:16:19:08 -0600] "GET / HTTP/1.1" 200 10182 "-" "Mozilla/5.0 (compatible; Baiduspider/2.0; +http://www.baidu.com/search/spider.html)"
69.171.229.249 - - [06/Feb/2012:17:30:35 -0600] "GET /images/osh_logo.jpg HTTP/1.1" 200 40631 "-" "facebookexternalhit/1.0 (+http://www.facebook.com/externalhit_uatext.php)"
207.46.195.240 - - [06/Feb/2012:17:39:58 -0600] "GET /robots.txt HTTP/1.1" 404 - "-" "Mozilla/5.0 (compatible; bingbot/2.0; +http://www.bing.com/bingbot.htm)"
207.46.195.240 - - [06/Feb/2012:17:41:00 -0600] "GET /_inc/contact.php HTTP/1.1" 200 756 "-" "Mozilla/5.0 (compatible; bingbot/2.0; +http://www.bing.com/bingbot.htm)"
207.46.204.213 - - [06/Feb/2012:17:47:50 -0600] "GET /_inc/contact.php HTTP/1.1" 200 756 "-" "Mozilla/5.0 (Windows NT 6.1; WOW64) AppleWebKit/534+ (KHTML, like Gecko) BingPreview/1.0b"
65.52.109.73 - - [06/Feb/2012:18:50:23 -0600] "GET /robots.txt HTTP/1.1" 404 - "-" "Mozilla/5.0 (compatible; bingbot/2.0; +http://www.bing.com/bingbot.htm)"
65.52.109.73 - - [06/Feb/2012:18:51:08 -0600] "GET /java_for_joes/index.html HTTP/1.1" 404 - "-" "Mozilla/5.0 (compatible; bingbot/2.0; +http://www.bing.com/bingbot.htm)"
199.21.99.101 - - [06/Feb/2012:19:10:33 -0600] "GET /pdf/OSH%20Gift%20Cards%202011%20Media%20Advisory.pdf HTTP/1.1" 200 31888 "-" "Mozilla/5.0 (compatible; YandexBot/3.0; +http://yandex.com/bots)"
66.249.71.54 - - [06/Feb/2012:20:55:02 -0600] "GET /robots.txt HTTP/1.1" 404 - "-" "Mozilla/5.0 (compatible; Googlebot/2.1; +http://www.google.com/bot.html)"
66.249.71.54 - - [06/Feb/2012:20:55:02 -0600] "GET / HTTP/1.1" 200 10182 "-" "Mozilla/5.0 (compatible; Googlebot/2.1; +http://www.google.com/bot.html)"
109.206.179.175 - - [06/Feb/2012:21:30:24 -0600] "GET / HTTP/1.1" 200 10182 "http://www.google.com" "Mozilla/5.0 (Windows NT 5.0; WOW64; rv:5.0) Gecko/20100101 Firefox/5.0"
199.21.99.101 - - [06/Feb/2012:22:14:54 -0600] "GET /events/ermy_event/ermy.html HTTP/1.1" 200 3507 "-" "Mozilla/5.0 (compatible; YandexBot/3.0; +http://yandex.com/bots)"
199.21.99.101 - - [06/Feb/2012:22:14:57 -0600] "GET /pdf/Christmas%20Carrousel%20Flyer2011.pdf HTTP/1.1" 404 - "-" "Mozilla/5.0 (compatible; YandexBot/3.0; +http://yandex.com/bots)"
199.21.99.101 - - [06/Feb/2012:22:14:59 -0600] "GET /pdf/coins_new.pdf HTTP/1.1" 200 151532 "-" "Mozilla/5.0 (compatible; YandexBot/3.0; +http://yandex.com/bots)"
199.21.99.101 - - [06/Feb/2012:22:15:03 -0600] "GET / HTTP/1.1" 200 10182 "-" "Mozilla/5.0 (compatible; YandexBot/3.0; +http://yandex.com/bots)"
207.46.204.191 - - [06/Feb/2012:23:21:22 -0600] "GET /robots.txt HTTP/1.1" 404 - "-" "Mozilla/5.0 (compatible; bingbot/2.0; +http://www.bing.com/bingbot.htm)"
207.46.204.191 - - [06/Feb/2012:23:21:58 -0600] "GET / HTTP/1.1" 200 10182 "-" "Mozilla/5.0 (compatible; bingbot/2.0; +http://www.bing.com/bingbot.htm)"
220.181.108.83 - - [07/Feb/2012:04:06:38 -0600] "GET /images/breakfast.jpg HTTP/1.1" 200 145512 "-" "Baiduspider-image+(+http://www.baidu.com/search/spider.htm)"
66.249.71.117 - - [07/Feb/2012:04:43:56 -0600] "GET /robots.txt HTTP/1.1" 404 - "-" "Mozilla/5.0 (compatible; Googlebot/2.1; +http://www.google.com/bot.html)"
66.249.71.117 - - [07/Feb/2012:04:43:56 -0600] "GET /java_for_joes/index.html HTTP/1.1" 404 - "-" "Mozilla/5.0 (compatible; Googlebot/2.1; +http://www.google.com/bot.html)"
207.46.13.160 - - [07/Feb/2012:07:50:35 -0600] "GET /robots.txt HTTP/1.1" 404 - "-" "Mozilla/5.0 (compatible; bingbot/2.0; +http://www.bing.com/bingbot.htm)"
207.46.13.160 - - [07/Feb/2012:07:51:37 -0600] "GET /business.php HTTP/1.1" 200 18068 "-" "Mozilla/5.0 (compatible; bingbot/2.0; +http://www.bing.com/bingbot.htm)"
157.55.39.225 - - [07/Feb/2012:07:54:47 -0600] "GET /robots.txt HTTP/1.1" 404 - "-" "msnbot/2.0b (+http://search.msn.com/msnbot.htm)._"
157.55.39.225 - - [07/Feb/2012:07:54:47 -0600] "GET / HTTP/1.1" 200 10182 "-" "msnbot/2.0b (+http://search.msn.com/msnbot.htm)._"
66.249.71.117 - - [07/Feb/2012:08:44:48 -0600] "GET /pdf/MCL%20Breakfast%20-%20February%202012.pdf HTTP/1.1" 200 3608094 "-" "Googlebot/2.1 (+http://www.google.com/bot.html)"
199.21.99.101 - - [07/Feb/2012:11:35:42 -0600] "GET /robots.txt HTTP/1.1" 404 - "-" "Mozilla/5.0 (compatible; YandexBot/3.0; +http://yandex.com/bots)"
199.21.99.101 - - [07/Feb/2012:11:35:44 -0600] "GET / HTTP/1.1" 200 10182 "-" "Mozilla/5.0 (compatible; YandexBot/3.0; +http://yandex.com/bots)"
184.107.223.82 - - [07/Feb/2012:11:53:27 -0600] "GET /java_for_joes/index.html HTTP/1.1" 404 - "-" "lastochka"
184.107.223.82 - - [07/Feb/2012:11:53:28 -0600] "GET /java_for_joes/index.html HTTP/1.1" 404 - "-" "lastochka"
157.55.39.225 - - [07/Feb/2012:13:13:55 -0600] "GET /index.php HTTP/1.1" 200 10182 "-" "msnbot/2.0b (+http://search.msn.com/msnbot.htm)._"
157.55.39.225 - - [07/Feb/2012:13:13:57 -0600] "GET /wedo.php HTTP/1.1" 200 6622 "-" "msnbot/2.0b (+http://search.msn.com/msnbot.htm)._"
157.55.39.225 - - [07/Feb/2012:13:13:58 -0600] "GET /calendar.php HTTP/1.1" 200 5395 "-" "msnbot/2.0b (+http://search.msn.com/msnbot.htm)._"
157.55.39.225 - - [07/Feb/2012:13:13:59 -0600] "GET /business_discount.php HTTP/1.1" 200 5779 "-" "msnbot/2.0b (+http://search.msn.com/msnbot.htm)._"
157.55.39.225 - - [07/Feb/2012:13:14:01 -0600] "GET /contact.php HTTP/1.1" 200 5628 "-" "msnbot/2.0b (+http://search.msn.com/msnbot.htm)._"
157.55.39.225 - - [07/Feb/2012:13:14:03 -0600] "GET /employers.php HTTP/1.1" 200 5325 "-" "msnbot/2.0b (+http://search.msn.com/msnbot.htm)._"
157.55.39.225 - - [07/Feb/2012:13:14:04 -0600] "GET /mission.php HTTP/1.1" 200 7049 "-" "msnbot/2.0b (+http://search.msn.com/msnbot.htm)._"
157.55.39.225 - - [07/Feb/2012:13:14:05 -0600] "GET /benefits.php HTTP/1.1" 200 5679 "-" "msnbot/2.0b (+http://search.msn.com/msnbot.htm)._"
199.21.99.101 - - [07/Feb/2012:13:57:30 -0600] "GET /pdf/OSH%20Gift%20Cards%202011%20Media%20Advisory.pdf HTTP/1.1" 200 31888 "-" "Mozilla/5.0 (compatible; YandexBot/3.0; +http://yandex.com/bots)"
180.76.6.28 - - [07/Feb/2012:15:18:48 -0600] "GET /robots.txt HTTP/1.1" 404 - "-" "Baiduspider+(+http://www.baidu.com/search/spider.htm)"
46.165.197.141 - - [07/Feb/2012:16:14:12 -0600] "GET /robots.txt HTTP/1.0" 404 - "-" "Mozilla/5.0 (compatible; MJ12bot/v1.4.1; http://www.majestic12.co.uk/bot.php?+)"
46.165.197.141 - - [07/Feb/2012:16:14:13 -0600] "GET / HTTP/1.0" 200 10182 "-" "Mozilla/5.0 (compatible; MJ12bot/v1.4.1; http://www.majestic12.co.uk/bot.php?+)"
46.165.197.141 - - [07/Feb/2012:16:14:14 -0600] "GET /robots.txt HTTP/1.0" 404 - "-" "Mozilla/5.0 (compatible; MJ12bot/v1.4.1; http://www.majestic12.co.uk/bot.php?+)"
46.165.197.141 - - [07/Feb/2012:16:14:16 -0600] "GET / HTTP/1.0" 200 10182 "-" "Mozilla/5.0 (compatible; MJ12bot/v1.4.1; http://www.majestic12.co.uk/bot.php?+)"
123.125.71.96 - - [07/Feb/2012:16:25:55 -0600] "GET /robots.txt HTTP/1.1" 404 - "-" "Baiduspider+(+http://www.baidu.com/search/spider.htm)"
65.52.110.190 - - [07/Feb/2012:16:45:41 -0600] "GET /robots.txt HTTP/1.1" 404 - "-" "Mozilla/5.0 (compatible; bingbot/2.0; +http://www.bing.com/bingbot.htm)"
207.46.204.171 - - [07/Feb/2012:16:46:40 -0600] "GET /events/vet_picnic/vet_picnic.html HTTP/1.1" 200 3163 "-" "Mozilla/5.0 (Windows NT 6.1; WOW64) AppleWebKit/534+ (KHTML, like Gecko) BingPreview/1.0b"
207.46.204.171 - - [07/Feb/2012:16:46:41 -0600] "GET /events/vet_picnic/js/jquery.movingboxes.min.js HTTP/1.1" 200 4663 "http://operationspokaneheroes.org/events/vet_picnic/vet_picnic.html" "Mozilla/5.0 (Windows NT 6.1; WOW64) AppleWebKit/534+ (KHTML, like Gecko) BingPreview/1.0b"
65.52.110.190 - - [07/Feb/2012:16:46:47 -0600] "GET /events/vet_picnic/vet_picnic.html HTTP/1.1" 304 - "-" "Mozilla/5.0 (compatible; bingbot/2.0; +http://www.bing.com/bingbot.htm)"
217.249.158.10 - - [07/Feb/2012:17:10:59 -0600] "GET /wedo.php HTTP/1.1" 200 6622 "-" "findlinks/2.0.2 (+http://wortschatz.uni-leipzig.de/findlinks/)"
123.125.71.89 - - [07/Feb/2012:17:30:32 -0600] "GET / HTTP/1.1" 200 10182 "-" "Mozilla/5.0 (compatible; Baiduspider/2.0; +http://www.baidu.com/search/spider.html)"
65.52.110.145 - - [07/Feb/2012:18:39:49 -0600] "GET /robots.txt HTTP/1.1" 404 - "-" "Mozilla/5.0 (compatible; bingbot/2.0; +http://www.bing.com/bingbot.htm)"
180.76.5.91 - - [07/Feb/2012:21:20:26 -0600] "GET /calendar.php HTTP/1.1" 200 5395 "-" "Mozilla/5.0 (compatible; Baiduspider/2.0; +http://www.baidu.com/search/spider.html)"
199.21.99.101 - - [07/Feb/2012:23:33:23 -0600] "GET /events/care_package/care.html HTTP/1.1" 200 3294 "-" "Mozilla/5.0 (compatible; YandexBot/3.0; +http://yandex.com/bots)"
69.196.241.254 - - [08/Feb/2012:00:36:45 -0600] "GET /mission.php HTTP/1.1" 200 7049 "-" "Jakarta Commons-HttpClient/3.1"
123.125.71.114 - - [08/Feb/2012:00:48:18 -0600] "GET /robots.txt HTTP/1.1" 404 - "-" "Baiduspider+(+http://www.baidu.com/search/spider.htm)"
207.46.13.97 - - [08/Feb/2012:01:41:45 -0600] "GET /robots.txt HTTP/1.1" 404 - "-" "Mozilla/5.0 (compatible; bingbot/2.0; +http://www.bing.com/bingbot.htm)"
207.46.13.145 - - [08/Feb/2012:02:28:15 -0600] "GET /robots.txt HTTP/1.1" 404 - "-" "Mozilla/5.0 (compatible; bingbot/2.0; +http://www.bing.com/bingbot.htm)"
207.46.13.145 - - [08/Feb/2012:02:30:48 -0600] "GET /mission.php HTTP/1.1" 200 7049 "-" "Mozilla/5.0 (compatible; bingbot/2.0; +http://www.bing.com/bingbot.htm)"
207.46.13.97 - - [08/Feb/2012:04:04:27 -0600] "GET /contact.php HTTP/1.1" 200 5628 "-" "Mozilla/5.0 (compatible; bingbot/2.0; +http://www.bing.com/bingbot.htm)"
65.52.110.145 - - [08/Feb/2012:04:42:13 -0600] "GET /robots.txt HTTP/1.1" 404 - "-" "Mozilla/5.0 (compatible; bingbot/2.0; +http://www.bing.com/bingbot.htm)"
65.52.110.145 - - [08/Feb/2012:04:44:42 -0600] "GET / HTTP/1.1" 200 10182 "-" "Mozilla/5.0 (compatible; bingbot/2.0; +http://www.bing.com/bingbot.htm)"
65.52.110.145 - - [08/Feb/2012:05:26:24 -0600] "GET /robots.txt HTTP/1.1" 404 - "-" "Mozilla/5.0 (compatible; bingbot/2.0; +http://www.bing.com/bingbot.htm)"
65.52.110.145 - - [08/Feb/2012:05:27:34 -0600] "GET / HTTP/1.1" 200 10182 "-" "Mozilla/5.0 (compatible; bingbot/2.0; +http://www.bing.com/bingbot.htm)"
65.52.110.145 - - [08/Feb/2012:06:33:22 -0600] "GET /robots.txt HTTP/1.1" 404 - "-" "Mozilla/5.0 (compatible; bingbot/2.0; +http://www.bing.com/bingbot.htm)"
65.52.110.145 - - [08/Feb/2012:06:34:44 -0600] "GET / HTTP/1.1" 200 10182 "-" "Mozilla/5.0 (compatible; bingbot/2.0; +http://www.bing.com/bingbot.htm)"
157.55.39.225 - - [08/Feb/2012:07:59:11 -0600] "GET /robots.txt HTTP/1.1" 404 - "-" "msnbot/2.0b (+http://search.msn.com/msnbot.htm)._"
157.55.39.225 - - [08/Feb/2012:07:59:11 -0600] "GET / HTTP/1.1" 200 10182 "-" "msnbot/2.0b (+http://search.msn.com/msnbot.htm)._"
207.46.13.100 - - [08/Feb/2012:08:00:09 -0600] "GET /robots.txt HTTP/1.1" 404 - "-" "Mozilla/5.0 (compatible; bingbot/2.0; +http://www.bing.com/bingbot.htm)"
207.46.204.219 - - [08/Feb/2012:08:05:24 -0600] "GET /events/care_package/care.html HTTP/1.1" 200 3294 "-" "Mozilla/5.0 (Windows NT 6.1; WOW64) AppleWebKit/534+ (KHTML, like Gecko) BingPreview/1.0b"
207.46.204.219 - - [08/Feb/2012:08:05:25 -0600] "GET /events/care_package/js/jquery.movingboxes.min.js HTTP/1.1" 200 4663 "http://operationspokaneheroes.org/events/care_package/care.html" "Mozilla/5.0 (Windows NT 6.1; WOW64) AppleWebKit/534+ (KHTML, like Gecko) BingPreview/1.0b"
207.46.13.100 - - [08/Feb/2012:08:05:33 -0600] "GET /events/care_package/care.html HTTP/1.1" 304 - "-" "Mozilla/5.0 (compatible; bingbot/2.0; +http://www.bing.com/bingbot.htm)"
220.181.125.71 - - [08/Feb/2012:09:36:35 -0600] "GET / HTTP/1.1" 200 10182 "-" "Sogou web spider/4.0(+http://www.sogou.com/docs/help/webmasters.htm#07)"
199.21.99.101 - - [08/Feb/2012:09:55:12 -0600] "GET /events/carousel_11/carousel_11.html HTTP/1.1" 200 3712 "-" "Mozilla/5.0 (compatible; YandexBot/3.0; +http://yandex.com/bots)"
78.140.138.39 - - [08/Feb/2012:10:10:50 -0600] "GET / HTTP/1.1" 200 10182 "-" "Mozilla/5.0 (Windows; U; Windows NT 5.1; en-US; rv:1.9.0.5) Gecko/2008120122 Firefox/3.0.5"
207.46.13.100 - - [08/Feb/2012:10:44:43 -0600] "GET /robots.txt HTTP/1.1" 404 - "-" "Mozilla/5.0 (compatible; bingbot/2.0; +http://www.bing.com/bingbot.htm)"
207.46.204.210 - - [08/Feb/2012:10:46:23 -0600] "GET /events/care_package/care.html HTTP/1.1" 200 3294 "-" "Mozilla/5.0 (Windows NT 6.1; WOW64) AppleWebKit/534+ (KHTML, like Gecko) BingPreview/1.0b"
207.46.204.210 - - [08/Feb/2012:10:46:23 -0600] "GET /events/care_package/js/jquery.movingboxes.min.js HTTP/1.1" 200 4663 "http://operationspokaneheroes.org/events/care_package/care.html" "Mozilla/5.0 (Windows NT 6.1; WOW64) AppleWebKit/534+ (KHTML, like Gecko) BingPreview/1.0b"
207.46.13.100 - - [08/Feb/2012:10:47:11 -0600] "GET /events/care_package/care.html HTTP/1.1" 304 - "-" "Mozilla/5.0 (compatible; bingbot/2.0; +http://www.bing.com/bingbot.htm)"
123.125.71.72 - - [08/Feb/2012:10:50:17 -0600] "GET / HTTP/1.1" 200 10182 "-" "Mozilla/5.0 (compatible; Baiduspider/2.0; +http://www.baidu.com/search/spider.html)"
123.125.71.107 - - [08/Feb/2012:10:54:08 -0600] "GET /benefits.php HTTP/1.1" 200 5679 "-" "Mozilla/5.0 (compatible; Baiduspider/2.0; +http://www.baidu.com/search/spider.html)"
220.181.61.25 - - [08/Feb/2012:11:50:47 -0600] "GET /robots.txt HTTP/1.1" 404 - "-" "-"
220.181.61.25 - - [08/Feb/2012:11:54:53 -0600] "GET / HTTP/1.1" 200 10182 "-" "Sogou+web+robot+(+http://www.sogou.com/docs/help/webmasters.htm#07)"
66.45.169.252 - - [08/Feb/2012:13:22:07 -0600] "GET / HTTP/1.1" 200 10182 "http://www.google.com/url?sa=t&rct=j&q=operation%20spokane%20heroes&source=web&cd=1&sqi=2&ved=0CCEQFjAA&url=http%3A%2F%2Foperationspokaneheroes.org%2F&ei=X8syT-aYGMOliQLWm9CLCg&usg=AFQjCNGGuKExGUEgtWK2o7s2b3sBxGCH3Q" "Mozilla/5.0 (compatible; MSIE 9.0; Windows NT 6.1; Trident/5.0)"
66.45.169.252 - - [08/Feb/2012:13:22:07 -0600] "GET /style.css HTTP/1.1" 200 5190 "http://operationspokaneheroes.org/" "Mozilla/5.0 (compatible; MSIE 9.0; Windows NT 6.1; Trident/5.0)"
66.45.169.252 - - [08/Feb/2012:13:22:07 -0600] "GET /images/contacticon.png HTTP/1.1" 200 4499 "http://operationspokaneheroes.org/" "Mozilla/5.0 (compatible; MSIE 9.0; Windows NT 6.1; Trident/5.0)"
66.45.169.252 - - [08/Feb/2012:13:22:07 -0600] "GET /images/donate.png HTTP/1.1" 200 2925 "http://operationspokaneheroes.org/" "Mozilla/5.0 (compatible; MSIE 9.0; Windows NT 6.1; Trident/5.0)"
66.45.169.252 - - [08/Feb/2012:13:22:07 -0600] "GET /images/cell_phones.jpg HTTP/1.1" 200 6648 "http://operationspokaneheroes.org/" "Mozilla/5.0 (compatible; MSIE 9.0; Windows NT 6.1; Trident/5.0)"
66.45.169.252 - - [08/Feb/2012:13:22:07 -0600] "GET /images/involved.png HTTP/1.1" 200 5042 "http://operationspokaneheroes.org/" "Mozilla/5.0 (compatible; MSIE 9.0; Windows NT 6.1; Trident/5.0)"
66.45.169.252 - - [08/Feb/2012:13:22:08 -0600] "GET /images/bigbox.gif HTTP/1.1" 200 9243 "http://operationspokaneheroes.org/" "Mozilla/5.0 (compatible; MSIE 9.0; Windows NT 6.1; Trident/5.0)"
66.45.169.252 - - [08/Feb/2012:13:22:07 -0600] "GET /images/osh_logo.jpg HTTP/1.1" 200 40631 "http://operationspokaneheroes.org/" "Mozilla/5.0 (compatible; MSIE 9.0; Windows NT 6.1; Trident/5.0)"
66.45.169.252 - - [08/Feb/2012:13:22:07 -0600] "GET /images/wreaths.jpg HTTP/1.1" 200 38386 "http://operationspokaneheroes.org/" "Mozilla/5.0 (compatible; MSIE 9.0; Windows NT 6.1; Trident/5.0)"
66.45.169.252 - - [08/Feb/2012:13:22:08 -0600] "GET /images/bodybg.gif HTTP/1.1" 200 159 "http://operationspokaneheroes.org/" "Mozilla/5.0 (compatible; MSIE 9.0; Windows NT 6.1; Trident/5.0)"
66.45.169.252 - - [08/Feb/2012:13:22:08 -0600] "GET /images/barbg.gif HTTP/1.1" 200 982 "http://operationspokaneheroes.org/" "Mozilla/5.0 (compatible; MSIE 9.0; Windows NT 6.1; Trident/5.0)"
66.45.169.252 - - [08/Feb/2012:13:22:08 -0600] "GET /images/gboxtop.gif HTTP/1.1" 200 285 "http://operationspokaneheroes.org/" "Mozilla/5.0 (compatible; MSIE 9.0; Windows NT 6.1; Trident/5.0)"
66.45.169.252 - - [08/Feb/2012:13:22:08 -0600] "GET /images/box.png HTTP/1.1" 200 13315 "http://operationspokaneheroes.org/" "Mozilla/5.0 (compatible; MSIE 9.0; Windows NT 6.1; Trident/5.0)"
66.45.169.252 - - [08/Feb/2012:13:22:08 -0600] "GET /images/calendar.gif HTTP/1.1" 200 529 "http://operationspokaneheroes.org/" "Mozilla/5.0 (compatible; MSIE 9.0; Windows NT 6.1; Trident/5.0)"
66.45.169.252 - - [08/Feb/2012:13:22:08 -0600] "GET /images/smallboxtop.gif HTTP/1.1" 200 450 "http://operationspokaneheroes.org/" "Mozilla/5.0 (compatible; MSIE 9.0; Windows NT 6.1; Trident/5.0)"
66.45.169.252 - - [08/Feb/2012:13:22:08 -0600] "GET /images/smallbox.gif HTTP/1.1" 200 1233 "http://operationspokaneheroes.org/" "Mozilla/5.0 (compatible; MSIE 9.0; Windows NT 6.1; Trident/5.0)"
66.45.169.252 - - [08/Feb/2012:13:22:07 -0600] "GET /images/breakfast.jpg HTTP/1.1" 200 145512 "http://operationspokaneheroes.org/" "Mozilla/5.0 (compatible; MSIE 9.0; Windows NT 6.1; Trident/5.0)"
66.45.169.252 - - [08/Feb/2012:13:22:08 -0600] "GET /images/boxtop.gif HTTP/1.1" 200 767 "http://operationspokaneheroes.org/" "Mozilla/5.0 (compatible; MSIE 9.0; Windows NT 6.1; Trident/5.0)"
66.45.169.252 - - [08/Feb/2012:13:22:08 -0600] "GET /images/box.gif HTTP/1.1" 200 1643 "http://operationspokaneheroes.org/" "Mozilla/5.0 (compatible; MSIE 9.0; Windows NT 6.1; Trident/5.0)"
66.45.169.252 - - [08/Feb/2012:13:22:08 -0600] "GET /images/gbox.gif HTTP/1.1" 200 622 "http://operationspokaneheroes.org/" "Mozilla/5.0 (compatible; MSIE 9.0; Windows NT 6.1; Trident/5.0)"
66.45.169.252 - - [08/Feb/2012:13:22:07 -0600] "GET /images/logo.png HTTP/1.1" 200 270272 "http://operationspokaneheroes.org/" "Mozilla/5.0 (compatible; MSIE 9.0; Windows NT 6.1; Trident/5.0)"
66.45.169.252 - - [08/Feb/2012:13:22:11 -0600] "GET /favicon.ico HTTP/1.1" 404 - "-" "Mozilla/5.0 (compatible; MSIE 9.0; Windows NT 6.1; Trident/5.0)"
66.45.169.252 - - [08/Feb/2012:13:22:14 -0600] "GET /pdf/Christmas%20Carrousel%20Flyer2011.pdf HTTP/1.1" 404 - "http://operationspokaneheroes.org/" "Mozilla/5.0 (compatible; MSIE 9.0; Windows NT 6.1; Trident/5.0)"
66.45.169.252 - - [08/Feb/2012:13:22:16 -0600] "GET /images/barcurrent.gif HTTP/1.1" 200 1415 "http://operationspokaneheroes.org/" "Mozilla/5.0 (compatible; MSIE 9.0; Windows NT 6.1; Trident/5.0)"
66.45.169.252 - - [08/Feb/2012:13:22:19 -0600] "GET /pdf/MCL%20Breakfast%20-%20February%202012.pdf HTTP/1.1" 200 3608094 "http://operationspokaneheroes.org/" "Mozilla/5.0 (compatible; MSIE 9.0; Windows NT 6.1; Trident/5.0)"
66.45.169.252 - - [08/Feb/2012:13:22:21 -0600] "GET /pdf/MCL%20Breakfast%20-%20February%202012.pdf HTTP/1.1" 206 2990921 "-" "Mozilla/5.0 (compatible; MSIE 9.0; Windows NT 6.1; Trident/5.0)"
66.45.169.252 - - [08/Feb/2012:13:22:26 -0600] "GET /pdf/MCL%20Breakfast%20-%20February%202012.pdf HTTP/1.1" 206 2108 "-" "Mozilla/5.0 (compatible; MSIE 9.0; Windows NT 6.1; Trident/5.0)"
66.45.169.252 - - [08/Feb/2012:13:22:30 -0600] "GET /favicon.ico HTTP/1.1" 404 - "-" "Mozilla/5.0 (compatible; MSIE 9.0; Windows NT 6.1; Trident/5.0)"
66.45.169.252 - - [08/Feb/2012:13:22:40 -0600] "GET /mission.php HTTP/1.1" 200 7049 "http://operationspokaneheroes.org/" "Mozilla/5.0 (compatible; MSIE 9.0; Windows NT 6.1; Trident/5.0)"
66.45.169.252 - - [08/Feb/2012:13:22:48 -0600] "GET /wedo.php HTTP/1.1" 200 6622 "http://operationspokaneheroes.org/mission.php" "Mozilla/5.0 (compatible; MSIE 9.0; Windows NT 6.1; Trident/5.0)"
66.45.169.252 - - [08/Feb/2012:13:22:48 -0600] "GET /events/carousel_11/carousel_11.html HTTP/1.1" 200 3712 "http://operationspokaneheroes.org/wedo.php" "Mozilla/5.0 (compatible; MSIE 9.0; Windows NT 6.1; Trident/5.0)"
66.45.169.252 - - [08/Feb/2012:13:22:48 -0600] "GET /events/care_package/care.html HTTP/1.1" 200 3294 "http://operationspokaneheroes.org/wedo.php" "Mozilla/5.0 (compatible; MSIE 9.0; Windows NT 6.1; Trident/5.0)"
66.45.169.252 - - [08/Feb/2012:13:22:48 -0600] "GET /events/ermy_event/ermy.html HTTP/1.1" 200 3507 "http://operationspokaneheroes.org/wedo.php" "Mozilla/5.0 (compatible; MSIE 9.0; Windows NT 6.1; Trident/5.0)"
66.45.169.252 - - [08/Feb/2012:13:22:48 -0600] "GET /events/bbq/va_bbq.html HTTP/1.1" 200 3479 "http://operationspokaneheroes.org/wedo.php" "Mozilla/5.0 (compatible; MSIE 9.0; Windows NT 6.1; Trident/5.0)"
66.45.169.252 - - [08/Feb/2012:13:22:48 -0600] "GET /events/lilac_lunch/lilac_lunch.html HTTP/1.1" 200 2995 "http://operationspokaneheroes.org/wedo.php" "Mozilla/5.0 (compatible; MSIE 9.0; Windows NT 6.1; Trident/5.0)"
66.45.169.252 - - [08/Feb/2012:13:22:48 -0600] "GET /events/vet_picnic/vet_picnic.html HTTP/1.1" 200 3163 "http://operationspokaneheroes.org/wedo.php" "Mozilla/5.0 (compatible; MSIE 9.0; Windows NT 6.1; Trident/5.0)"
66.45.169.252 - - [08/Feb/2012:13:22:48 -0600] "GET /events/lilac_parade/lilac_parade.html HTTP/1.1" 200 3084 "http://operationspokaneheroes.org/wedo.php" "Mozilla/5.0 (compatible; MSIE 9.0; Windows NT 6.1; Trident/5.0)"
66.45.169.252 - - [08/Feb/2012:13:22:49 -0600] "GET /events/carousel_11/css/style.css HTTP/1.1" 200 1149 "http://operationspokaneheroes.org/events/carousel_11/carousel_11.html" "Mozilla/5.0 (compatible; MSIE 9.0; Windows NT 6.1; Trident/5.0)"
66.45.169.252 - - [08/Feb/2012:13:22:49 -0600] "GET /events/carousel_11/js/jquery.movingboxes.min.js HTTP/1.1" 200 4663 "http://operationspokaneheroes.org/events/carousel_11/carousel_11.html" "Mozilla/5.0 (compatible; MSIE 9.0; Windows NT 6.1; Trident/5.0)"
66.45.169.252 - - [08/Feb/2012:13:22:49 -0600] "GET /events/carousel_11/images/11.jpg HTTP/1.1" 200 171021 "http://operationspokaneheroes.org/events/carousel_11/carousel_11.html" "Mozilla/5.0 (compatible; MSIE 9.0; Windows NT 6.1; Trident/5.0)"
