206.209.238.11 - - [01/Dec/2013:19:23:44 -0600] "GET /events/ermy_event/images/8.jpg HTTP/1.1" 200 104457 "http://operationspokaneheroes.org/events/ermy_event/ermy.html" "Mozilla/4.0 (compatible; MSIE 8.0; Windows NT 6.1; Trident/4.0; GTB7.5; SLCC2; .NET CLR 2.0.50727; .NET CLR 3.5.30729; .NET CLR 3.0.30729; Media Center PC 6.0; InfoPath.3; .NET4.0C; .NET4.0E)"
206.209.238.11 - - [01/Dec/2013:19:23:44 -0600] "GET /events/ermy_event/images/7.jpg HTTP/1.1" 200 113303 "http://operationspokaneheroes.org/events/ermy_event/ermy.html" "Mozilla/4.0 (compatible; MSIE 8.0; Windows NT 6.1; Trident/4.0; GTB7.5; SLCC2; .NET CLR 2.0.50727; .NET CLR 3.5.30729; .NET CLR 3.0.30729; Media Center PC 6.0; InfoPath.3; .NET4.0C; .NET4.0E)"
206.209.238.11 - - [01/Dec/2013:19:23:44 -0600] "GET /events/ermy_event/images/5.jpg HTTP/1.1" 200 97554 "http://operationspokaneheroes.org/events/ermy_event/ermy.html" "Mozilla/4.0 (compatible; MSIE 8.0; Windows NT 6.1; Trident/4.0; GTB7.5; SLCC2; .NET CLR 2.0.50727; .NET CLR 3.5.30729; .NET CLR 3.0.30729; Media Center PC 6.0; InfoPath.3; .NET4.0C; .NET4.0E)"
206.209.238.11 - - [01/Dec/2013:19:23:45 -0600] "GET /events/ermy_event/images/4.jpg HTTP/1.1" 200 94569 "http://operationspokaneheroes.org/events/ermy_event/ermy.html" "Mozilla/4.0 (compatible; MSIE 8.0; Windows NT 6.1; Trident/4.0; GTB7.5; SLCC2; .NET CLR 2.0.50727; .NET CLR 3.5.30729; .NET CLR 3.0.30729; Media Center PC 6.0; InfoPath.3; .NET4.0C; .NET4.0E)"
206.209.238.11 - - [01/Dec/2013:19:23:44 -0600] "GET /events/ermy_event/images/6.jpg HTTP/1.1" 200 110464 "http://operationspokaneheroes.org/events/ermy_event/ermy.html" "Mozilla/4.0 (compatible; MSIE 8.0; Windows NT 6.1; Trident/4.0; GTB7.5; SLCC2; .NET CLR 2.0.50727; .NET CLR 3.5.30729; .NET CLR 3.0.30729; Media Center PC 6.0; InfoPath.3; .NET4.0C; .NET4.0E)"
206.209.238.11 - - [01/Dec/2013:19:23:45 -0600] "GET /events/ermy_event/images/3.jpg HTTP/1.1" 200 101406 "http://operationspokaneheroes.org/events/ermy_event/ermy.html" "Mozilla/4.0 (compatible; MSIE 8.0; Windows NT 6.1; Trident/4.0; GTB7.5; SLCC2; .NET CLR 2.0.50727; .NET CLR 3.5.30729; .NET CLR 3.0.30729; Media Center PC 6.0; InfoPath.3; .NET4.0C; .NET4.0E)"
206.209.238.11 - - [01/Dec/2013:19:23:45 -0600] "GET /events/ermy_event/images/2.jpg HTTP/1.1" 200 114501 "http://operationspokaneheroes.org/events/ermy_event/ermy.html" "Mozilla/4.0 (compatible; MSIE 8.0; Windows NT 6.1; Trident/4.0; GTB7.5; SLCC2; .NET CLR 2.0.50727; .NET CLR 3.5.30729; .NET CLR 3.0.30729; Media Center PC 6.0; InfoPath.3; .NET4.0C; .NET4.0E)"
206.209.238.11 - - [01/Dec/2013:19:23:45 -0600] "GET /events/carousel_11/images/leftshadow.png HTTP/1.1" 200 153 "http://operationspokaneheroes.org/events/carousel_11/carousel_11.html" "Mozilla/4.0 (compatible; MSIE 8.0; Windows NT 6.1; Trident/4.0; GTB7.5; SLCC2; .NET CLR 2.0.50727; .NET CLR 3.5.30729; .NET CLR 3.0.30729; Media Center PC 6.0; InfoPath.3; .NET4.0C; .NET4.0E)"
206.209.238.11 - - [01/Dec/2013:19:23:45 -0600] "GET /events/carousel_11/images/rightarrow.png HTTP/1.1" 200 3351 "http://operationspokaneheroes.org/events/carousel_11/carousel_11.html" "Mozilla/4.0 (compatible; MSIE 8.0; Windows NT 6.1; Trident/4.0; GTB7.5; SLCC2; .NET CLR 2.0.50727; .NET CLR 3.5.30729; .NET CLR 3.0.30729; Media Center PC 6.0; InfoPath.3; .NET4.0C; .NET4.0E)"
206.209.238.11 - - [01/Dec/2013:19:23:45 -0600] "GET /events/carousel_11/images/leftarrow.png HTTP/1.1" 200 3371 "http://operationspokaneheroes.org/events/carousel_11/carousel_11.html" "Mozilla/4.0 (compatible; MSIE 8.0; Windows NT 6.1; Trident/4.0; GTB7.5; SLCC2; .NET CLR 2.0.50727; .NET CLR 3.5.30729; .NET CLR 3.0.30729; Media Center PC 6.0; InfoPath.3; .NET4.0C; .NET4.0E)"
206.209.238.11 - - [01/Dec/2013:19:23:45 -0600] "GET /events/carousel_11/images/rightshadow.png HTTP/1.1" 200 147 "http://operationspokaneheroes.org/events/carousel_11/carousel_11.html" "Mozilla/4.0 (compatible; MSIE 8.0; Windows NT 6.1; Trident/4.0; GTB7.5; SLCC2; .NET CLR 2.0.50727; .NET CLR 3.5.30729; .NET CLR 3.0.30729; Media Center PC 6.0; InfoPath.3; .NET4.0C; .NET4.0E)"
206.209.238.11 - - [01/Dec/2013:19:23:45 -0600] "GET /events/vet_picnic/images/leftshadow.png HTTP/1.1" 200 153 "http://operationspokaneheroes.org/events/vet_picnic/vet_picnic.html" "Mozilla/4.0 (compatible; MSIE 8.0; Windows NT 6.1; Trident/4.0; GTB7.5; SLCC2; .NET CLR 2.0.50727; .NET CLR 3.5.30729; .NET CLR 3.0.30729; Media Center PC 6.0; InfoPath.3; .NET4.0C; .NET4.0E)"
206.209.238.11 - - [01/Dec/2013:19:23:45 -0600] "GET /events/vet_picnic/images/leftarrow.png HTTP/1.1" 200 3371 "http://operationspokaneheroes.org/events/vet_picnic/vet_picnic.html" "Mozilla/4.0 (compatible; MSIE 8.0; Windows NT 6.1; Trident/4.0; GTB7.5; SLCC2; .NET CLR 2.0.50727; .NET CLR 3.5.30729; .NET CLR 3.0.30729; Media Center PC 6.0; InfoPath.3; .NET4.0C; .NET4.0E)"
206.209.238.11 - - [01/Dec/2013:19:23:45 -0600] "GET /events/vet_picnic/images/rightarrow.png HTTP/1.1" 200 3351 "http://operationspokaneheroes.org/events/vet_picnic/vet_picnic.html" "Mozilla/4.0 (compatible; MSIE 8.0; Windows NT 6.1; Trident/4.0; GTB7.5; SLCC2; .NET CLR 2.0.50727; .NET CLR 3.5.30729; .NET CLR 3.0.30729; Media Center PC 6.0; InfoPath.3; .NET4.0C; .NET4.0E)"
206.209.238.11 - - [01/Dec/2013:19:23:45 -0600] "GET /events/vet_picnic/images/rightshadow.png HTTP/1.1" 200 147 "http://operationspokaneheroes.org/events/vet_picnic/vet_picnic.html" "Mozilla/4.0 (compatible; MSIE 8.0; Windows NT 6.1; Trident/4.0; GTB7.5; SLCC2; .NET CLR 2.0.50727; .NET CLR 3.5.30729; .NET CLR 3.0.30729; Media Center PC 6.0; InfoPath.3; .NET4.0C; .NET4.0E)"
206.209.238.11 - - [01/Dec/2013:19:23:45 -0600] "GET /events/ermy_event/images/1.jpg HTTP/1.1" 200 104778 "http://operationspokaneheroes.org/events/ermy_event/ermy.html" "Mozilla/4.0 (compatible; MSIE 8.0; Windows NT 6.1; Trident/4.0; GTB7.5; SLCC2; .NET CLR 2.0.50727; .NET CLR 3.5.30729; .NET CLR 3.0.30729; Media Center PC 6.0; InfoPath.3; .NET4.0C; .NET4.0E)"
206.209.238.11 - - [01/Dec/2013:19:23:47 -0600] "GET /events/ermy_event/images/rightshadow.png HTTP/1.1" 200 147 "http://operationspokaneheroes.org/events/ermy_event/ermy.html" "Mozilla/4.0 (compatible; MSIE 8.0; Windows NT 6.1; Trident/4.0; GTB7.5; SLCC2; .NET CLR 2.0.50727; .NET CLR 3.5.30729; .NET CLR 3.0.30729; Media Center PC 6.0; InfoPath.3; .NET4.0C; .NET4.0E)"
206.209.238.11 - - [01/Dec/2013:19:23:47 -0600] "GET /events/ermy_event/images/leftarrow.png HTTP/1.1" 200 3371 "http://operationspokaneheroes.org/events/ermy_event/ermy.html" "Mozilla/4.0 (compatible; MSIE 8.0; Windows NT 6.1; Trident/4.0; GTB7.5; SLCC2; .NET CLR 2.0.50727; .NET CLR 3.5.30729; .NET CLR 3.0.30729; Media Center PC 6.0; InfoPath.3; .NET4.0C; .NET4.0E)"
206.209.238.11 - - [01/Dec/2013:19:23:47 -0600] "GET /events/ermy_event/images/leftshadow.png HTTP/1.1" 200 153 "http://operationspokaneheroes.org/events/ermy_event/ermy.html" "Mozilla/4.0 (compatible; MSIE 8.0; Windows NT 6.1; Trident/4.0; GTB7.5; SLCC2; .NET CLR 2.0.50727; .NET CLR 3.5.30729; .NET CLR 3.0.30729; Media Center PC 6.0; InfoPath.3; .NET4.0C; .NET4.0E)"
206.209.238.11 - - [01/Dec/2013:19:23:47 -0600] "GET /events/ermy_event/images/rightarrow.png HTTP/1.1" 200 3351 "http://operationspokaneheroes.org/events/ermy_event/ermy.html" "Mozilla/4.0 (compatible; MSIE 8.0; Windows NT 6.1; Trident/4.0; GTB7.5; SLCC2; .NET CLR 2.0.50727; .NET CLR 3.5.30729; .NET CLR 3.0.30729; Media Center PC 6.0; InfoPath.3; .NET4.0C; .NET4.0E)"
206.209.238.11 - - [01/Dec/2013:19:24:19 -0600] "GET /aboutus.php HTTP/1.1" 200 11667 "http://operationspokaneheroes.org/events.php" "Mozilla/4.0 (compatible; MSIE 8.0; Windows NT 6.1; Trident/4.0; GTB7.5; SLCC2; .NET CLR 2.0.50727; .NET CLR 3.5.30729; .NET CLR 3.0.30729; Media Center PC 6.0; InfoPath.3; .NET4.0C; .NET4.0E)"
206.209.238.11 - - [01/Dec/2013:19:24:19 -0600] "GET /images/contacticon.png HTTP/1.1" 304 - "http://operationspokaneheroes.org/aboutus.php" "Mozilla/4.0 (compatible; MSIE 8.0; Windows NT 6.1; Trident/4.0; GTB7.5; SLCC2; .NET CLR 2.0.50727; .NET CLR 3.5.30729; .NET CLR 3.0.30729; Media Center PC 6.0; InfoPath.3; .NET4.0C; .NET4.0E)"
206.209.238.11 - - [01/Dec/2013:19:24:20 -0600] "GET /images/facebook.png HTTP/1.1" 304 - "http://operationspokaneheroes.org/aboutus.php" "Mozilla/4.0 (compatible; MSIE 8.0; Windows NT 6.1; Trident/4.0; GTB7.5; SLCC2; .NET CLR 2.0.50727; .NET CLR 3.5.30729; .NET CLR 3.0.30729; Media Center PC 6.0; InfoPath.3; .NET4.0C; .NET4.0E)"
206.209.238.11 - - [01/Dec/2013:19:24:20 -0600] "GET /images/global.png HTTP/1.1" 304 - "http://operationspokaneheroes.org/aboutus.php" "Mozilla/4.0 (compatible; MSIE 8.0; Windows NT 6.1; Trident/4.0; GTB7.5; SLCC2; .NET CLR 2.0.50727; .NET CLR 3.5.30729; .NET CLR 3.0.30729; Media Center PC 6.0; InfoPath.3; .NET4.0C; .NET4.0E)"
206.209.238.11 - - [01/Dec/2013:19:24:20 -0600] "GET /_inc/slide.php HTTP/1.1" 200 3205 "http://operationspokaneheroes.org/aboutus.php" "Mozilla/4.0 (compatible; MSIE 8.0; Windows NT 6.1; Trident/4.0; GTB7.5; SLCC2; .NET CLR 2.0.50727; .NET CLR 3.5.30729; .NET CLR 3.0.30729; Media Center PC 6.0; InfoPath.3; .NET4.0C; .NET4.0E)"
206.209.238.11 - - [01/Dec/2013:19:24:21 -0600] "GET /css/slide.css HTTP/1.1" 304 - "http://operationspokaneheroes.org/_inc/slide.php" "Mozilla/4.0 (compatible; MSIE 8.0; Windows NT 6.1; Trident/4.0; GTB7.5; SLCC2; .NET CLR 2.0.50727; .NET CLR 3.5.30729; .NET CLR 3.0.30729; Media Center PC 6.0; InfoPath.3; .NET4.0C; .NET4.0E)"
206.209.238.11 - - [01/Dec/2013:19:24:21 -0600] "GET /js/combined.js HTTP/1.1" 304 - "http://operationspokaneheroes.org/_inc/slide.php" "Mozilla/4.0 (compatible; MSIE 8.0; Windows NT 6.1; Trident/4.0; GTB7.5; SLCC2; .NET CLR 2.0.50727; .NET CLR 3.5.30729; .NET CLR 3.0.30729; Media Center PC 6.0; InfoPath.3; .NET4.0C; .NET4.0E)"
206.209.238.11 - - [01/Dec/2013:19:24:21 -0600] "GET /css/style_global.css HTTP/1.1" 304 - "http://operationspokaneheroes.org/_inc/slide.php" "Mozilla/4.0 (compatible; MSIE 8.0; Windows NT 6.1; Trident/4.0; GTB7.5; SLCC2; .NET CLR 2.0.50727; .NET CLR 3.5.30729; .NET CLR 3.0.30729; Media Center PC 6.0; InfoPath.3; .NET4.0C; .NET4.0E)"
206.209.238.11 - - [01/Dec/2013:19:24:21 -0600] "GET /images/2.jpg HTTP/1.1" 304 - "http://operationspokaneheroes.org/_inc/slide.php" "Mozilla/4.0 (compatible; MSIE 8.0; Windows NT 6.1; Trident/4.0; GTB7.5; SLCC2; .NET CLR 2.0.50727; .NET CLR 3.5.30729; .NET CLR 3.0.30729; Media Center PC 6.0; InfoPath.3; .NET4.0C; .NET4.0E)"
206.209.238.11 - - [01/Dec/2013:19:24:21 -0600] "GET /images/we_believe.png HTTP/1.1" 304 - "http://operationspokaneheroes.org/_inc/slide.php" "Mozilla/4.0 (compatible; MSIE 8.0; Windows NT 6.1; Trident/4.0; GTB7.5; SLCC2; .NET CLR 2.0.50727; .NET CLR 3.5.30729; .NET CLR 3.0.30729; Media Center PC 6.0; InfoPath.3; .NET4.0C; .NET4.0E)"
206.209.238.11 - - [01/Dec/2013:19:24:21 -0600] "GET /images/mission_statement_bg.png HTTP/1.1" 304 - "http://operationspokaneheroes.org/_inc/slide.php" "Mozilla/4.0 (compatible; MSIE 8.0; Windows NT 6.1; Trident/4.0; GTB7.5; SLCC2; .NET CLR 2.0.50727; .NET CLR 3.5.30729; .NET CLR 3.0.30729; Media Center PC 6.0; InfoPath.3; .NET4.0C; .NET4.0E)"
206.209.238.11 - - [01/Dec/2013:19:24:22 -0600] "GET /images/4.jpg HTTP/1.1" 304 - "http://operationspokaneheroes.org/_inc/slide.php" "Mozilla/4.0 (compatible; MSIE 8.0; Windows NT 6.1; Trident/4.0; GTB7.5; SLCC2; .NET CLR 2.0.50727; .NET CLR 3.5.30729; .NET CLR 3.0.30729; Media Center PC 6.0; InfoPath.3; .NET4.0C; .NET4.0E)"
206.209.238.11 - - [01/Dec/2013:19:24:22 -0600] "GET /images/3.jpg HTTP/1.1" 304 - "http://operationspokaneheroes.org/_inc/slide.php" "Mozilla/4.0 (compatible; MSIE 8.0; Windows NT 6.1; Trident/4.0; GTB7.5; SLCC2; .NET CLR 2.0.50727; .NET CLR 3.5.30729; .NET CLR 3.0.30729; Media Center PC 6.0; InfoPath.3; .NET4.0C; .NET4.0E)"
206.209.238.11 - - [01/Dec/2013:19:24:22 -0600] "GET /images/we_strive.png HTTP/1.1" 304 - "http://operationspokaneheroes.org/_inc/slide.php" "Mozilla/4.0 (compatible; MSIE 8.0; Windows NT 6.1; Trident/4.0; GTB7.5; SLCC2; .NET CLR 2.0.50727; .NET CLR 3.5.30729; .NET CLR 3.0.30729; Media Center PC 6.0; InfoPath.3; .NET4.0C; .NET4.0E)"
206.209.238.11 - - [01/Dec/2013:19:24:22 -0600] "GET /assets/images/btn_top_search_hover.png HTTP/1.1" 404 - "http://operationspokaneheroes.org/_inc/slide.php" "Mozilla/4.0 (compatible; MSIE 8.0; Windows NT 6.1; Trident/4.0; GTB7.5; SLCC2; .NET CLR 2.0.50727; .NET CLR 3.5.30729; .NET CLR 3.0.30729; Media Center PC 6.0; InfoPath.3; .NET4.0C; .NET4.0E)"
206.209.238.11 - - [01/Dec/2013:19:24:22 -0600] "GET /images/we_help.png HTTP/1.1" 304 - "http://operationspokaneheroes.org/_inc/slide.php" "Mozilla/4.0 (compatible; MSIE 8.0; Windows NT 6.1; Trident/4.0; GTB7.5; SLCC2; .NET CLR 2.0.50727; .NET CLR 3.5.30729; .NET CLR 3.0.30729; Media Center PC 6.0; InfoPath.3; .NET4.0C; .NET4.0E)"
206.209.238.11 - - [01/Dec/2013:19:24:22 -0600] "GET /images/1.jpg HTTP/1.1" 304 - "http://operationspokaneheroes.org/_inc/slide.php" "Mozilla/4.0 (compatible; MSIE 8.0; Windows NT 6.1; Trident/4.0; GTB7.5; SLCC2; .NET CLR 2.0.50727; .NET CLR 3.5.30729; .NET CLR 3.0.30729; Media Center PC 6.0; InfoPath.3; .NET4.0C; .NET4.0E)"
206.209.238.11 - - [01/Dec/2013:19:24:22 -0600] "GET /assets/images/btn_main_search_hover.png HTTP/1.1" 404 - "http://operationspokaneheroes.org/_inc/slide.php" "Mozilla/4.0 (compatible; MSIE 8.0; Windows NT 6.1; Trident/4.0; GTB7.5; SLCC2; .NET CLR 2.0.50727; .NET CLR 3.5.30729; .NET CLR 3.0.30729; Media Center PC 6.0; InfoPath.3; .NET4.0C; .NET4.0E)"
206.209.238.11 - - [01/Dec/2013:19:24:22 -0600] "GET /images/we_need.png HTTP/1.1" 304 - "http://operationspokaneheroes.org/_inc/slide.php" "Mozilla/4.0 (compatible; MSIE 8.0; Windows NT 6.1; Trident/4.0; GTB7.5; SLCC2; .NET CLR 2.0.50727; .NET CLR 3.5.30729; .NET CLR 3.0.30729; Media Center PC 6.0; InfoPath.3; .NET4.0C; .NET4.0E)"
206.209.238.11 - - [01/Dec/2013:19:25:10 -0600] "GET /index.php HTTP/1.1" 200 10635 "http://operationspokaneheroes.org/aboutus.php" "Mozilla/4.0 (compatible; MSIE 8.0; Windows NT 6.1; Trident/4.0; GTB7.5; SLCC2; .NET CLR 2.0.50727; .NET CLR 3.5.30729; .NET CLR 3.0.30729; Media Center PC 6.0; InfoPath.3; .NET4.0C; .NET4.0E)"
206.209.238.11 - - [01/Dec/2013:19:25:11 -0600] "GET /_inc/slide.php HTTP/1.1" 200 3205 "http://operationspokaneheroes.org/index.php" "Mozilla/4.0 (compatible; MSIE 8.0; Windows NT 6.1; Trident/4.0; GTB7.5; SLCC2; .NET CLR 2.0.50727; .NET CLR 3.5.30729; .NET CLR 3.0.30729; Media Center PC 6.0; InfoPath.3; .NET4.0C; .NET4.0E)"
206.209.238.11 - - [01/Dec/2013:19:25:12 -0600] "GET /assets/images/btn_top_search_hover.png HTTP/1.1" 404 - "http://operationspokaneheroes.org/_inc/slide.php" "Mozilla/4.0 (compatible; MSIE 8.0; Windows NT 6.1; Trident/4.0; GTB7.5; SLCC2; .NET CLR 2.0.50727; .NET CLR 3.5.30729; .NET CLR 3.0.30729; Media Center PC 6.0; InfoPath.3; .NET4.0C; .NET4.0E)"
206.209.238.11 - - [01/Dec/2013:19:25:12 -0600] "GET /assets/images/btn_main_search_hover.png HTTP/1.1" 404 - "http://operationspokaneheroes.org/_inc/slide.php" "Mozilla/4.0 (compatible; MSIE 8.0; Windows NT 6.1; Trident/4.0; GTB7.5; SLCC2; .NET CLR 2.0.50727; .NET CLR 3.5.30729; .NET CLR 3.0.30729; Media Center PC 6.0; InfoPath.3; .NET4.0C; .NET4.0E)"
206.209.238.11 - - [01/Dec/2013:19:25:12 -0600] "GET /slider/index.html HTTP/1.1" 304 - "http://operationspokaneheroes.org/index.php" "Mozilla/4.0 (compatible; MSIE 8.0; Windows NT 6.1; Trident/4.0; GTB7.5; SLCC2; .NET CLR 2.0.50727; .NET CLR 3.5.30729; .NET CLR 3.0.30729; Media Center PC 6.0; InfoPath.3; .NET4.0C; .NET4.0E)"
206.209.238.11 - - [01/Dec/2013:19:25:12 -0600] "GET /slider/css/style.css HTTP/1.1" 304 - "http://operationspokaneheroes.org/slider/index.html" "Mozilla/4.0 (compatible; MSIE 8.0; Windows NT 6.1; Trident/4.0; GTB7.5; SLCC2; .NET CLR 2.0.50727; .NET CLR 3.5.30729; .NET CLR 3.0.30729; Media Center PC 6.0; InfoPath.3; .NET4.0C; .NET4.0E)"
206.209.238.11 - - [01/Dec/2013:19:25:12 -0600] "GET /slider/js/jquery-1.2.6.js HTTP/1.1" 304 - "http://operationspokaneheroes.org/slider/index.html" "Mozilla/4.0 (compatible; MSIE 8.0; Windows NT 6.1; Trident/4.0; GTB7.5; SLCC2; .NET CLR 2.0.50727; .NET CLR 3.5.30729; .NET CLR 3.0.30729; Media Center PC 6.0; InfoPath.3; .NET4.0C; .NET4.0E)"
206.209.238.11 - - [01/Dec/2013:19:25:13 -0600] "GET /slider/js/startstop-slider.js HTTP/1.1" 304 - "http://operationspokaneheroes.org/slider/index.html" "Mozilla/4.0 (compatible; MSIE 8.0; Windows NT 6.1; Trident/4.0; GTB7.5; SLCC2; .NET CLR 2.0.50727; .NET CLR 3.5.30729; .NET CLR 3.0.30729; Media Center PC 6.0; InfoPath.3; .NET4.0C; .NET4.0E)"
206.209.238.11 - - [01/Dec/2013:19:25:13 -0600] "GET /slider/images/imagslider-1.png HTTP/1.1" 304 - "http://operationspokaneheroes.org/slider/index.html" "Mozilla/4.0 (compatible; MSIE 8.0; Windows NT 6.1; Trident/4.0; GTB7.5; SLCC2; .NET CLR 2.0.50727; .NET CLR 3.5.30729; .NET CLR 3.0.30729; Media Center PC 6.0; InfoPath.3; .NET4.0C; .NET4.0E)"
206.209.238.11 - - [01/Dec/2013:19:25:13 -0600] "GET /slider/images/imagslider-2.png HTTP/1.1" 304 - "http://operationspokaneheroes.org/slider/index.html" "Mozilla/4.0 (compatible; MSIE 8.0; Windows NT 6.1; Trident/4.0; GTB7.5; SLCC2; .NET CLR 2.0.50727; .NET CLR 3.5.30729; .NET CLR 3.0.30729; Media Center PC 6.0; InfoPath.3; .NET4.0C; .NET4.0E)"
206.209.238.11 - - [01/Dec/2013:19:25:13 -0600] "GET /images/slder2.png HTTP/1.1" 304 - "http://operationspokaneheroes.org/slider/index.html" "Mozilla/4.0 (compatible; MSIE 8.0; Windows NT 6.1; Trident/4.0; GTB7.5; SLCC2; .NET CLR 2.0.50727; .NET CLR 3.5.30729; .NET CLR 3.0.30729; Media Center PC 6.0; InfoPath.3; .NET4.0C; .NET4.0E)"
206.209.238.11 - - [01/Dec/2013:19:25:13 -0600] "GET /slider/images/slider-bg.jpg HTTP/1.1" 304 - "http://operationspokaneheroes.org/slider/index.html" "Mozilla/4.0 (compatible; MSIE 8.0; Windows NT 6.1; Trident/4.0; GTB7.5; SLCC2; .NET CLR 2.0.50727; .NET CLR 3.5.30729; .NET CLR 3.0.30729; Media Center PC 6.0; InfoPath.3; .NET4.0C; .NET4.0E)"
206.209.238.11 - - [01/Dec/2013:19:25:20 -0600] "GET /aboutus.php HTTP/1.1" 200 11667 "http://operationspokaneheroes.org/index.php" "Mozilla/4.0 (compatible; MSIE 8.0; Windows NT 6.1; Trident/4.0; GTB7.5; SLCC2; .NET CLR 2.0.50727; .NET CLR 3.5.30729; .NET CLR 3.0.30729; Media Center PC 6.0; InfoPath.3; .NET4.0C; .NET4.0E)"
206.209.238.11 - - [01/Dec/2013:19:25:21 -0600] "GET /_inc/slide.php HTTP/1.1" 200 3205 "http://operationspokaneheroes.org/aboutus.php" "Mozilla/4.0 (compatible; MSIE 8.0; Windows NT 6.1; Trident/4.0; GTB7.5; SLCC2; .NET CLR 2.0.50727; .NET CLR 3.5.30729; .NET CLR 3.0.30729; Media Center PC 6.0; InfoPath.3; .NET4.0C; .NET4.0E)"
206.209.238.11 - - [01/Dec/2013:19:25:22 -0600] "GET /assets/images/btn_top_search_hover.png HTTP/1.1" 404 - "http://operationspokaneheroes.org/_inc/slide.php" "Mozilla/4.0 (compatible; MSIE 8.0; Windows NT 6.1; Trident/4.0; GTB7.5; SLCC2; .NET CLR 2.0.50727; .NET CLR 3.5.30729; .NET CLR 3.0.30729; Media Center PC 6.0; InfoPath.3; .NET4.0C; .NET4.0E)"
206.209.238.11 - - [01/Dec/2013:19:25:22 -0600] "GET /assets/images/btn_main_search_hover.png HTTP/1.1" 404 - "http://operationspokaneheroes.org/_inc/slide.php" "Mozilla/4.0 (compatible; MSIE 8.0; Windows NT 6.1; Trident/4.0; GTB7.5; SLCC2; .NET CLR 2.0.50727; .NET CLR 3.5.30729; .NET CLR 3.0.30729; Media Center PC 6.0; InfoPath.3; .NET4.0C; .NET4.0E)"
206.209.238.11 - - [01/Dec/2013:19:25:30 -0600] "GET /contact.php HTTP/1.1" 200 10519 "http://operationspokaneheroes.org/aboutus.php" "Mozilla/4.0 (compatible; MSIE 8.0; Windows NT 6.1; Trident/4.0; GTB7.5; SLCC2; .NET CLR 2.0.50727; .NET CLR 3.5.30729; .NET CLR 3.0.30729; Media Center PC 6.0; InfoPath.3; .NET4.0C; .NET4.0E)"
206.209.238.11 - - [01/Dec/2013:19:25:31 -0600] "GET /_inc/slide.php HTTP/1.1" 200 3205 "http://operationspokaneheroes.org/contact.php" "Mozilla/4.0 (compatible; MSIE 8.0; Windows NT 6.1; Trident/4.0; GTB7.5; SLCC2; .NET CLR 2.0.50727; .NET CLR 3.5.30729; .NET CLR 3.0.30729; Media Center PC 6.0; InfoPath.3; .NET4.0C; .NET4.0E)"
206.209.238.11 - - [01/Dec/2013:19:25:31 -0600] "GET /assets/images/btn_main_search_hover.png HTTP/1.1" 404 - "http://operationspokaneheroes.org/_inc/slide.php" "Mozilla/4.0 (compatible; MSIE 8.0; Windows NT 6.1; Trident/4.0; GTB7.5; SLCC2; .NET CLR 2.0.50727; .NET CLR 3.5.30729; .NET CLR 3.0.30729; Media Center PC 6.0; InfoPath.3; .NET4.0C; .NET4.0E)"
206.209.238.11 - - [01/Dec/2013:19:25:31 -0600] "GET /assets/images/btn_top_search_hover.png HTTP/1.1" 404 - "http://operationspokaneheroes.org/_inc/slide.php" "Mozilla/4.0 (compatible; MSIE 8.0; Windows NT 6.1; Trident/4.0; GTB7.5; SLCC2; .NET CLR 2.0.50727; .NET CLR 3.5.30729; .NET CLR 3.0.30729; Media Center PC 6.0; InfoPath.3; .NET4.0C; .NET4.0E)"
206.209.238.11 - - [01/Dec/2013:19:25:32 -0600] "GET /_inc/contact.php HTTP/1.1" 200 756 "http://operationspokaneheroes.org/contact.php" "Mozilla/4.0 (compatible; MSIE 8.0; Windows NT 6.1; Trident/4.0; GTB7.5; SLCC2; .NET CLR 2.0.50727; .NET CLR 3.5.30729; .NET CLR 3.0.30729; Media Center PC 6.0; InfoPath.3; .NET4.0C; .NET4.0E)"
206.209.238.11 - - [01/Dec/2013:19:25:32 -0600] "GET /css/contact_style.css HTTP/1.1" 200 843 "http://operationspokaneheroes.org/_inc/contact.php" "Mozilla/4.0 (compatible; MSIE 8.0; Windows NT 6.1; Trident/4.0; GTB7.5; SLCC2; .NET CLR 2.0.50727; .NET CLR 3.5.30729; .NET CLR 3.0.30729; Media Center PC 6.0; InfoPath.3; .NET4.0C; .NET4.0E)"
206.209.238.11 - - [01/Dec/2013:19:25:38 -0600] "GET /donate.php HTTP/1.1" 200 11699 "http://operationspokaneheroes.org/contact.php" "Mozilla/4.0 (compatible; MSIE 8.0; Windows NT 6.1; Trident/4.0; GTB7.5; SLCC2; .NET CLR 2.0.50727; .NET CLR 3.5.30729; .NET CLR 3.0.30729; Media Center PC 6.0; InfoPath.3; .NET4.0C; .NET4.0E)"
206.209.238.11 - - [01/Dec/2013:19:25:40 -0600] "GET /_inc/slide.php HTTP/1.1" 200 3205 "http://operationspokaneheroes.org/donate.php" "Mozilla/4.0 (compatible; MSIE 8.0; Windows NT 6.1; Trident/4.0; GTB7.5; SLCC2; .NET CLR 2.0.50727; .NET CLR 3.5.30729; .NET CLR 3.0.30729; Media Center PC 6.0; InfoPath.3; .NET4.0C; .NET4.0E)"
206.209.238.11 - - [01/Dec/2013:19:25:40 -0600] "GET /assets/images/btn_main_search_hover.png HTTP/1.1" 404 - "http://operationspokaneheroes.org/_inc/slide.php" "Mozilla/4.0 (compatible; MSIE 8.0; Windows NT 6.1; Trident/4.0; GTB7.5; SLCC2; .NET CLR 2.0.50727; .NET CLR 3.5.30729; .NET CLR 3.0.30729; Media Center PC 6.0; InfoPath.3; .NET4.0C; .NET4.0E)"
206.209.238.11 - - [01/Dec/2013:19:25:40 -0600] "GET /assets/images/btn_top_search_hover.png HTTP/1.1" 404 - "http://operationspokaneheroes.org/_inc/slide.php" "Mozilla/4.0 (compatible; MSIE 8.0; Windows NT 6.1; Trident/4.0; GTB7.5; SLCC2; .NET CLR 2.0.50727; .NET CLR 3.5.30729; .NET CLR 3.0.30729; Media Center PC 6.0; InfoPath.3; .NET4.0C; .NET4.0E)"
206.209.238.11 - - [01/Dec/2013:19:25:47 -0600] "GET /calendar.php HTTP/1.1" 200 10644 "http://operationspokaneheroes.org/donate.php" "Mozilla/4.0 (compatible; MSIE 8.0; Windows NT 6.1; Trident/4.0; GTB7.5; SLCC2; .NET CLR 2.0.50727; .NET CLR 3.5.30729; .NET CLR 3.0.30729; Media Center PC 6.0; InfoPath.3; .NET4.0C; .NET4.0E)"
206.209.238.11 - - [01/Dec/2013:19:25:48 -0600] "GET /_inc/slide.php HTTP/1.1" 200 3205 "http://operationspokaneheroes.org/calendar.php" "Mozilla/4.0 (compatible; MSIE 8.0; Windows NT 6.1; Trident/4.0; GTB7.5; SLCC2; .NET CLR 2.0.50727; .NET CLR 3.5.30729; .NET CLR 3.0.30729; Media Center PC 6.0; InfoPath.3; .NET4.0C; .NET4.0E)"
206.209.238.11 - - [01/Dec/2013:19:25:48 -0600] "GET /assets/images/btn_main_search_hover.png HTTP/1.1" 404 - "http://operationspokaneheroes.org/_inc/slide.php" "Mozilla/4.0 (compatible; MSIE 8.0; Windows NT 6.1; Trident/4.0; GTB7.5; SLCC2; .NET CLR 2.0.50727; .NET CLR 3.5.30729; .NET CLR 3.0.30729; Media Center PC 6.0; InfoPath.3; .NET4.0C; .NET4.0E)"
206.209.238.11 - - [01/Dec/2013:19:25:48 -0600] "GET /assets/images/btn_top_search_hover.png HTTP/1.1" 404 - "http://operationspokaneheroes.org/_inc/slide.php" "Mozilla/4.0 (compatible; MSIE 8.0; Windows NT 6.1; Trident/4.0; GTB7.5; SLCC2; .NET CLR 2.0.50727; .NET CLR 3.5.30729; .NET CLR 3.0.30729; Media Center PC 6.0; InfoPath.3; .NET4.0C; .NET4.0E)"
157.55.34.27 - - [01/Dec/2013:22:10:49 -0600] "GET /robots.txt HTTP/1.1" 404 - "-" "Mozilla/5.0 (compatible; bingbot/2.0; +http://www.bing.com/bingbot.htm)"
157.55.34.27 - - [01/Dec/2013:22:18:56 -0600] "GET / HTTP/1.1" 200 10635 "-" "Mozilla/5.0 (compatible; bingbot/2.0; +http://www.bing.com/bingbot.htm)"
180.76.5.149 - - [01/Dec/2013:23:00:46 -0600] "GET /_inc/slide.php HTTP/1.1" 200 3205 "-" "Mozilla/5.0 (compatible; Baiduspider/2.0; +http://www.baidu.com/search/spider.html)"
199.21.99.103 - - [01/Dec/2013:23:48:03 -0600] "GET /slider/images/imagslider-2.png HTTP/1.1" 200 62889 "-" "Mozilla/5.0 (compatible; YandexImages/3.0; +http://yandex.com/bots)"
157.55.34.27 - - [02/Dec/2013:00:05:16 -0600] "GET /robots.txt HTTP/1.1" 404 - "-" "Mozilla/5.0 (compatible; bingbot/2.0; +http://www.bing.com/bingbot.htm)"
157.55.34.27 - - [02/Dec/2013:00:07:18 -0600] "GET / HTTP/1.1" 200 10635 "-" "Mozilla/5.0 (compatible; bingbot/2.0; +http://www.bing.com/bingbot.htm)"
198.74.231.14 - - [02/Dec/2013:01:30:20 -0600] "GET /robots.txt HTTP/1.0" 404 - "-" "Mozilla/5.0 (compatible; MJ12bot/v1.4.4; http://www.majestic12.co.uk/bot.php?+)"
198.74.231.14 - - [02/Dec/2013:01:30:25 -0600] "GET / HTTP/1.0" 200 10635 "-" "Mozilla/5.0 (compatible; MJ12bot/v1.4.4; http://www.majestic12.co.uk/bot.php?+)"
193.43.252.252 - - [02/Dec/2013:02:08:38 -0600] "GET / HTTP/1.0" 200 10635 "http://hotdl.in/" "Mozilla/2.0 (compatible; MSIE 3.02; Windows CE; 240x320)"
193.43.252.252 - - [02/Dec/2013:02:08:39 -0600] "GET / HTTP/1.0" 200 10635 "http://hotdl.in/" "Mozilla/4.0 (compatible; MSIE 6.0; Windows NT 5.1; en) Opera 9.0"
193.43.252.252 - - [02/Dec/2013:02:08:40 -0600] "GET / HTTP/1.0" 200 10635 "http://hotdl.in/" "Mozilla/4.61 [en] (X11; U; ) - BrowseX (2.0.0 Windows)"
193.43.252.252 - - [02/Dec/2013:02:08:40 -0600] "GET / HTTP/1.0" 200 10635 "http://hotdl.in/" "Mozilla/4.0 (compatible; MSIE 6.0; Windows NT 5.1; MRA 4.3 (build 01218); .NET CLR 1.1.4322)"
66.249.74.43 - - [02/Dec/2013:02:30:42 -0600] "GET / HTTP/1.1" 200 10635 "-" "SAMSUNG-SGH-E250/1.0 Profile/MIDP-2.0 Configuration/CLDC-1.1 UP.Browser/6.2.3.3.c.1.101 (GUI) MMP/2.0 (compatible; Googlebot-Mobile/2.1; +http://www.google.com/bot.html)"
208.110.80.210 - - [02/Dec/2013:02:42:37 -0600] "GET /robots.txt HTTP/1.0" 404 - "-" "Mozilla/5.0 (compatible; MJ12bot/v1.4.4; http://www.majestic12.co.uk/bot.php?+)"
208.110.80.210 - - [02/Dec/2013:02:42:38 -0600] "GET /aboutus.php HTTP/1.0" 200 11667 "-" "Mozilla/5.0 (compatible; MJ12bot/v1.4.4; http://www.majestic12.co.uk/bot.php?+)"
208.110.80.210 - - [02/Dec/2013:02:42:41 -0600] "GET /donate.php HTTP/1.0" 200 11699 "-" "Mozilla/5.0 (compatible; MJ12bot/v1.4.4; http://www.majestic12.co.uk/bot.php?+)"
208.115.111.70 - - [02/Dec/2013:03:10:02 -0600] "GET /robots.txt HTTP/1.1" 404 - "-" "Mozilla/5.0 (compatible; Ezooms/1.0; ezooms.bot@gmail.com)"
208.115.111.70 - - [02/Dec/2013:03:22:29 -0600] "GET /java_for_joes/index.html?2110d400 HTTP/1.1" 404 - "-" "Mozilla/5.0 (compatible; Ezooms/1.0; ezooms.bot@gmail.com)"
192.187.109.66 - - [02/Dec/2013:03:47:13 -0600] "GET /aboutus.php HTTP/1.0" 200 11667 "http://operationspokaneheroes.org/aboutus.php" "Mozilla/5.0 (Windows NT 6.1; rv:14.0) Gecko/20100101 Firefox/14.0.1"
157.55.34.27 - - [02/Dec/2013:03:58:43 -0600] "GET /robots.txt HTTP/1.1" 404 - "-" "Mozilla/5.0 (compatible; bingbot/2.0; +http://www.bing.com/bingbot.htm)"
157.55.34.27 - - [02/Dec/2013:03:59:29 -0600] "GET / HTTP/1.1" 200 10635 "-" "Mozilla/5.0 (compatible; bingbot/2.0; +http://www.bing.com/bingbot.htm)"
66.249.74.41 - - [02/Dec/2013:04:23:39 -0600] "GET /robots.txt HTTP/1.1" 404 - "-" "Mozilla/5.0 (compatible; Googlebot/2.1; +http://www.google.com/bot.html)"
66.249.74.41 - - [02/Dec/2013:04:23:39 -0600] "GET / HTTP/1.1" 200 10635 "-" "Mozilla/5.0 (iPhone; CPU iPhone OS 6_0 like Mac OS X) AppleWebKit/536.26 (KHTML, like Gecko) Version/6.0 Mobile/10A5376e Safari/8536.25 (compatible; Googlebot-Mobile/2.1; +http://www.google.com/bot.html)"
66.249.74.43 - - [02/Dec/2013:04:30:28 -0600] "GET /events.php HTTP/1.1" 200 6407 "-" "Mozilla/5.0 (iPhone; CPU iPhone OS 6_0 like Mac OS X) AppleWebKit/536.26 (KHTML, like Gecko) Version/6.0 Mobile/10A5376e Safari/8536.25 (compatible; Googlebot-Mobile/2.1; +http://www.google.com/bot.html)"
66.249.74.43 - - [02/Dec/2013:04:33:51 -0600] "GET /events/ermy_event/css/style.css HTTP/1.1" 200 1149 "-" "Mozilla/5.0 (compatible; Googlebot/2.1; +http://www.google.com/bot.html)"
66.249.74.41 - - [02/Dec/2013:04:33:52 -0600] "GET /slider/css/style.css HTTP/1.1" 200 1379 "-" "Mozilla/5.0 (compatible; Googlebot/2.1; +http://www.google.com/bot.html)"
66.249.74.43 - - [02/Dec/2013:04:33:52 -0600] "GET /events/carousel_11/css/style.css HTTP/1.1" 200 1149 "-" "Mozilla/5.0 (compatible; Googlebot/2.1; +http://www.google.com/bot.html)"
66.249.74.43 - - [02/Dec/2013:04:33:53 -0600] "GET /events/vet_picnic/css/style.css HTTP/1.1" 200 1149 "-" "Mozilla/5.0 (compatible; Googlebot/2.1; +http://www.google.com/bot.html)"
180.76.6.36 - - [02/Dec/2013:05:11:32 -0600] "GET /java_for_joes/index.html HTTP/1.1" 404 - "-" "Mozilla/5.0 (compatible; Baiduspider/2.0; +http://www.baidu.com/search/spider.html)"
157.55.34.27 - - [02/Dec/2013:05:58:40 -0600] "GET /robots.txt HTTP/1.1" 404 - "-" "Mozilla/5.0 (compatible; bingbot/2.0; +http://www.bing.com/bingbot.htm)"
157.55.34.27 - - [02/Dec/2013:05:59:22 -0600] "GET / HTTP/1.1" 200 10635 "-" "Mozilla/5.0 (compatible; bingbot/2.0; +http://www.bing.com/bingbot.htm)"
74.105.162.32 - - [02/Dec/2013:06:06:50 -0600] "GET /robots.txt HTTP/1.1" 404 - "-" "panscient.com"
74.105.162.32 - - [02/Dec/2013:06:06:51 -0600] "GET / HTTP/1.1" 200 10635 "-" "panscient.com"
74.105.162.32 - - [02/Dec/2013:06:06:52 -0600] "GET /aboutus.php HTTP/1.1" 200 11667 "-" "panscient.com"
74.105.162.32 - - [02/Dec/2013:06:06:54 -0600] "GET /freedom.php HTTP/1.1" 200 11227 "-" "panscient.com"
74.105.162.32 - - [02/Dec/2013:06:06:55 -0600] "GET /business.php HTTP/1.1" 200 10813 "-" "panscient.com"
74.105.162.32 - - [02/Dec/2013:06:06:56 -0600] "GET /slider/index.html HTTP/1.1" 200 2900 "-" "panscient.com"
74.105.162.32 - - [02/Dec/2013:06:06:57 -0600] "GET /slider/js/jquery-1.2.6.js HTTP/1.1" 200 100196 "-" "panscient.com"
74.105.162.32 - - [02/Dec/2013:06:06:58 -0600] "GET /contact.php HTTP/1.1" 200 10519 "-" "panscient.com"
74.105.162.32 - - [02/Dec/2013:06:07:00 -0600] "GET /_inc/contact.php HTTP/1.1" 200 756 "-" "panscient.com"
74.105.162.32 - - [02/Dec/2013:06:07:01 -0600] "GET /index.php HTTP/1.1" 200 10635 "-" "panscient.com"
74.105.162.32 - - [02/Dec/2013:06:07:02 -0600] "GET /events.php HTTP/1.1" 200 6407 "-" "panscient.com"
74.105.162.32 - - [02/Dec/2013:06:07:03 -0600] "GET /events/carousel_11/carousel_11.html HTTP/1.1" 200 3712 "-" "panscient.com"
74.105.162.32 - - [02/Dec/2013:06:07:04 -0600] "GET /robots.txt HTTP/1.1" 404 - "-" "panscient.com"
74.105.162.32 - - [02/Dec/2013:06:07:04 -0600] "GET /events/ermy_event/ermy.html HTTP/1.1" 200 3507 "-" "panscient.com"
74.105.162.32 - - [02/Dec/2013:06:07:06 -0600] "GET /slider/js/startstop-slider.js HTTP/1.1" 200 1737 "-" "panscient.com"
74.105.162.32 - - [02/Dec/2013:06:07:07 -0600] "GET /calendar.php HTTP/1.1" 200 10644 "-" "panscient.com"
74.105.162.32 - - [02/Dec/2013:06:07:08 -0600] "GET /_inc/slide.php HTTP/1.1" 200 3205 "-" "panscient.com"
74.105.162.32 - - [02/Dec/2013:06:07:09 -0600] "GET /events/carousel_11/js/jquery.movingboxes.min.js HTTP/1.1" 200 4663 "-" "panscient.com"
74.105.162.32 - - [02/Dec/2013:06:07:10 -0600] "GET /js/combined.js HTTP/1.1" 200 169946 "-" "panscient.com"
74.105.162.32 - - [02/Dec/2013:06:07:12 -0600] "GET /donate.php HTTP/1.1" 200 11699 "-" "panscient.com"
74.105.162.32 - - [02/Dec/2013:06:07:13 -0600] "GET /events/vet_picnic/vet_picnic.html HTTP/1.1" 200 3163 "-" "panscient.com"
74.105.162.32 - - [02/Dec/2013:06:07:14 -0600] "GET /_inc/slide.php HTTP/1.1" 200 3205 "-" "panscient.com"
74.105.162.32 - - [02/Dec/2013:06:07:15 -0600] "GET /slider/index.html HTTP/1.1" 200 2900 "-" "panscient.com"
74.105.162.32 - - [02/Dec/2013:06:07:16 -0600] "GET /slider/js/jquery-1.2.6.js HTTP/1.1" 200 100196 "-" "panscient.com"
74.105.162.32 - - [02/Dec/2013:06:07:18 -0600] "GET /js/combined.js HTTP/1.1" 200 169946 "-" "panscient.com"
74.105.162.32 - - [02/Dec/2013:06:07:19 -0600] "GET /slider/js/startstop-slider.js HTTP/1.1" 200 1737 "-" "panscient.com"
74.105.162.32 - - [02/Dec/2013:06:07:20 -0600] "GET /text/html HTTP/1.1" 404 - "-" "panscient.com"
74.105.162.32 - - [02/Dec/2013:06:07:21 -0600] "GET /js/?d[0]!== HTTP/1.1" 200 995 "-" "panscient.com"
74.105.162.32 - - [02/Dec/2013:06:07:22 -0600] "GET /js/s3Slider.js HTTP/1.1" 200 4118 "-" "panscient.com"
74.105.162.32 - - [02/Dec/2013:06:07:24 -0600] "GET /js/Bebas_400.font.js HTTP/1.1" 200 32806 "-" "panscient.com"
74.105.162.32 - - [02/Dec/2013:06:07:24 -0600] "GET /robots.txt HTTP/1.1" 404 - "-" "panscient.com"
74.105.162.32 - - [02/Dec/2013:06:07:25 -0600] "GET /a HTTP/1.1" 404 - "-" "panscient.com"
74.105.162.32 - - [02/Dec/2013:06:07:26 -0600] "GET /js/?);if(!p&n.attrMap[h])g[1]=n.attrMap[h];if(g[2]=== HTTP/1.1" 200 995 "-" "panscient.com"
74.105.162.32 - - [02/Dec/2013:06:07:27 -0600] "GET /slider/js/text/html HTTP/1.1" 404 - "-" "panscient.com"
74.105.162.32 - - [02/Dec/2013:06:07:28 -0600] "GET /js/cufon-yui.js HTTP/1.1" 200 18257 "-" "panscient.com"
74.105.162.32 - - [02/Dec/2013:06:07:30 -0600] "GET /).replace(/;/g, HTTP/1.1" 404 - "-" "panscient.com"
74.105.162.32 - - [02/Dec/2013:06:07:31 -0600] "GET /js/text/html HTTP/1.1" 404 - "-" "panscient.com"
74.105.162.32 - - [02/Dec/2013:06:07:32 -0600] "GET /*/* HTTP/1.1" 404 - "-" "panscient.com"
74.105.162.32 - - [02/Dec/2013:06:07:33 -0600] "GET /).replace(/ HTTP/1.1" 404 - "-" "panscient.com"
192.99.9.164 - - [02/Dec/2013:06:18:14 -0600] "GET /java_for_joes/index.html HTTP/1.1" 404 - "-" "Mozilla/5.0 (Macintosh; Intel Mac OS X 10_8_4) AppleWebKit/537.36 (KHTML, like Gecko) Chrome/27.0.1453.110 Safari/537.36"
157.55.34.27 - - [02/Dec/2013:06:27:59 -0600] "GET /robots.txt HTTP/1.1" 404 - "-" "Mozilla/5.0 (compatible; bingbot/2.0; +http://www.bing.com/bingbot.htm)"
157.55.34.27 - - [02/Dec/2013:06:28:59 -0600] "GET / HTTP/1.1" 200 10635 "-" "Mozilla/5.0 (compatible; bingbot/2.0; +http://www.bing.com/bingbot.htm)"
65.55.215.38 - - [02/Dec/2013:10:28:19 -0600] "GET /robots.txt HTTP/1.1" 404 - "-" "msnbot-media/1.1 (+http://search.msn.com/msnbot.htm)"
65.55.215.38 - - [02/Dec/2013:10:28:19 -0600] "GET /images/logo.png HTTP/1.1" 200 226129 "-" "msnbot-media/1.1 (+http://search.msn.com/msnbot.htm)"
178.154.243.83 - - [02/Dec/2013:10:54:56 -0600] "GET /robots.txt HTTP/1.1" 404 - "-" "Mozilla/5.0 (compatible; YandexImages/3.0; +http://yandex.com/bots)"
46.105.59.74 - - [02/Dec/2013:11:09:14 -0600] "HEAD / HTTP/1.1" 200 - "-" "Mozilla/5.0 (Windows NT 6.1; WOW64) AppleWebKit/537.36 (KHTML, like Gecko) Chrome/27.0.1453.116 Safari/537.36"
178.154.243.83 - - [02/Dec/2013:11:21:08 -0600] "GET /events/vet_picnic/images/3.jpg HTTP/1.1" 304 - "-" "Mozilla/5.0 (compatible; YandexImages/3.0; +http://yandex.com/bots)"
178.154.243.83 - - [02/Dec/2013:11:29:46 -0600] "GET /events/carousel_11/images/8.jpg HTTP/1.1" 304 - "-" "Mozilla/5.0 (compatible; YandexImages/3.0; +http://yandex.com/bots)"
199.167.148.197 - - [02/Dec/2013:11:32:45 -0600] "HEAD / HTTP/1.1" 200 - "-" "curl/7.19.7 (x86_64-redhat-linux-gnu) libcurl/7.19.7 NSS/3.13.1.0 zlib/1.2.3 libidn/1.18 libssh2/1.2.2"
178.154.243.83 - - [02/Dec/2013:11:38:22 -0600] "GET /events/ermy_event/images/1.jpg HTTP/1.1" 304 - "-" "Mozilla/5.0 (compatible; YandexImages/3.0; +http://yandex.com/bots)"
178.154.243.83 - - [02/Dec/2013:11:56:20 -0600] "GET /events/ermy_event/images/10.jpg HTTP/1.1" 304 - "-" "Mozilla/5.0 (compatible; YandexImages/3.0; +http://yandex.com/bots)"
178.154.243.83 - - [02/Dec/2013:12:13:32 -0600] "GET /events/carousel_11/images/11.jpg HTTP/1.1" 304 - "-" "Mozilla/5.0 (compatible; YandexImages/3.0; +http://yandex.com/bots)"
178.154.243.83 - - [02/Dec/2013:12:27:17 -0600] "GET /events/ermy_event/images/4.jpg HTTP/1.1" 304 - "-" "Mozilla/5.0 (compatible; YandexImages/3.0; +http://yandex.com/bots)"
178.154.243.83 - - [02/Dec/2013:12:40:55 -0600] "GET /events/ermy_event/images/2.jpg HTTP/1.1" 304 - "-" "Mozilla/5.0 (compatible; YandexImages/3.0; +http://yandex.com/bots)"
213.137.237.244 - - [02/Dec/2013:13:03:52 -0600] "GET /java_for_joes/index.html HTTP/1.0" 404 - "http://operationspokaneheroes.org/java_for_joes/index.html" "Mozilla/5.0 (Windows; U; Windows NT 6.1; en-US; rv:1.9.2.22) Gecko/20110902 Firefox/3.6.22"
178.154.243.83 - - [02/Dec/2013:13:08:12 -0600] "GET /events/ermy_event/images/3.jpg HTTP/1.1" 304 - "-" "Mozilla/5.0 (compatible; YandexImages/3.0; +http://yandex.com/bots)"
178.154.243.83 - - [02/Dec/2013:13:35:49 -0600] "GET /events/carousel_11/images/9.jpg HTTP/1.1" 304 - "-" "Mozilla/5.0 (compatible; YandexImages/3.0; +http://yandex.com/bots)"
178.154.243.83 - - [02/Dec/2013:14:03:24 -0600] "GET /events/ermy_event/images/8.jpg HTTP/1.1" 304 - "-" "Mozilla/5.0 (compatible; YandexImages/3.0; +http://yandex.com/bots)"
178.154.243.83 - - [02/Dec/2013:14:30:35 -0600] "GET /events/vet_picnic/images/1.jpg HTTP/1.1" 304 - "-" "Mozilla/5.0 (compatible; YandexImages/3.0; +http://yandex.com/bots)"
66.249.74.43 - - [02/Dec/2013:14:34:44 -0600] "GET /robots.txt HTTP/1.1" 404 - "-" "Mozilla/5.0 (compatible; Googlebot/2.1; +http://www.google.com/bot.html)"
66.249.74.43 - - [02/Dec/2013:14:34:44 -0600] "GET /pdf/2013%20-%20Women%20Warriors%20and%20the%20Cowgirls%20Flyer.pdf HTTP/1.1" 304 - "-" "Mozilla/5.0 (iPhone; CPU iPhone OS 6_0 like Mac OS X) AppleWebKit/536.26 (KHTML, like Gecko) Version/6.0 Mobile/10A5376e Safari/8536.25 (compatible; Googlebot-Mobile/2.1; +http://www.google.com/bot.html)"
178.154.243.83 - - [02/Dec/2013:15:12:10 -0600] "GET /events/carousel_11/images/2.jpg HTTP/1.1" 304 - "-" "Mozilla/5.0 (compatible; YandexImages/3.0; +http://yandex.com/bots)"
192.187.109.66 - - [02/Dec/2013:15:16:11 -0600] "GET /aboutus.php HTTP/1.0" 200 11667 "http://operationspokaneheroes.org/aboutus.php" "Mozilla/5.0 (Windows NT 6.1; rv:10.0) Gecko/20100101 Firefox/10.0"
178.154.243.83 - - [02/Dec/2013:15:30:54 -0600] "GET /events/carousel_11/images/4.jpg HTTP/1.1" 304 - "-" "Mozilla/5.0 (compatible; YandexImages/3.0; +http://yandex.com/bots)"
178.154.243.83 - - [02/Dec/2013:15:49:40 -0600] "GET /events/vet_picnic/images/5.jpg HTTP/1.1" 304 - "-" "Mozilla/5.0 (compatible; YandexImages/3.0; +http://yandex.com/bots)"
178.154.243.83 - - [02/Dec/2013:16:08:24 -0600] "GET /events/carousel_11/images/7.jpg HTTP/1.1" 304 - "-" "Mozilla/5.0 (compatible; YandexImages/3.0; +http://yandex.com/bots)"
178.154.243.83 - - [02/Dec/2013:16:27:20 -0600] "GET /images/imagslider-6.png HTTP/1.1" 304 - "-" "Mozilla/5.0 (compatible; YandexImages/3.0; +http://yandex.com/bots)"
178.154.243.83 - - [02/Dec/2013:16:36:42 -0600] "GET /events/ermy_event/images/6.jpg HTTP/1.1" 304 - "-" "Mozilla/5.0 (compatible; YandexImages/3.0; +http://yandex.com/bots)"
66.249.74.43 - - [02/Dec/2013:17:04:55 -0600] "GET /images/facebook.png HTTP/1.1" 304 - "-" "Googlebot-Image/1.0"
178.154.243.83 - - [02/Dec/2013:17:09:18 -0600] "GET /events/ermy_event/images/9.jpg HTTP/1.1" 304 - "-" "Mozilla/5.0 (compatible; YandexImages/3.0; +http://yandex.com/bots)"
157.55.34.27 - - [02/Dec/2013:17:28:38 -0600] "GET /robots.txt HTTP/1.1" 404 - "-" "Mozilla/5.0 (compatible; bingbot/2.0; +http://www.bing.com/bingbot.htm)"
157.55.34.27 - - [02/Dec/2013:17:29:25 -0600] "GET / HTTP/1.1" 200 10635 "-" "Mozilla/5.0 (compatible; bingbot/2.0; +http://www.bing.com/bingbot.htm)"
142.54.167.124 - - [02/Dec/2013:17:42:57 -0600] "GET /aboutus.php HTTP/1.0" 200 11667 "http://operationspokaneheroes.org/aboutus.php" "Mozilla/5.0 (Windows NT 6.1; rv:16.0) Gecko/20100101 Firefox/16.0"
178.154.243.83 - - [02/Dec/2013:17:43:36 -0600] "GET /events/carousel_11/images/6.jpg HTTP/1.1" 304 - "-" "Mozilla/5.0 (compatible; YandexImages/3.0; +http://yandex.com/bots)"
178.154.243.83 - - [02/Dec/2013:17:55:16 -0600] "GET /events/vet_picnic/images/2.jpg HTTP/1.1" 304 - "-" "Mozilla/5.0 (compatible; YandexImages/3.0; +http://yandex.com/bots)"
157.55.34.27 - - [02/Dec/2013:18:08:35 -0600] "GET /robots.txt HTTP/1.1" 404 - "-" "Mozilla/5.0 (compatible; bingbot/2.0; +http://www.bing.com/bingbot.htm)"
157.55.34.27 - - [02/Dec/2013:18:09:05 -0600] "GET / HTTP/1.1" 200 10635 "-" "Mozilla/5.0 (compatible; bingbot/2.0; +http://www.bing.com/bingbot.htm)"
180.76.5.166 - - [02/Dec/2013:18:15:52 -0600] "GET /pdf/174%20Stores%20and%20Business%20Offering%20Military%20Discounts1.pdf HTTP/1.1" 200 122888 "-" "Mozilla/5.0 (compatible; Baiduspider/2.0; +http://www.baidu.com/search/spider.html)"
178.154.243.83 - - [02/Dec/2013:18:41:14 -0600] "GET /events/Brittanycozza-.png HTTP/1.1" 304 - "-" "Mozilla/5.0 (compatible; YandexImages/3.0; +http://yandex.com/bots)"
178.154.243.83 - - [02/Dec/2013:18:52:44 -0600] "GET /events/vet_picnic/images/4.jpg HTTP/1.1" 304 - "-" "Mozilla/5.0 (compatible; YandexImages/3.0; +http://yandex.com/bots)"
199.21.99.103 - - [02/Dec/2013:19:33:31 -0600] "GET /robots.txt HTTP/1.1" 404 - "-" "Mozilla/5.0 (compatible; YandexBot/3.0; +http://yandex.com/bots)"
199.21.99.103 - - [02/Dec/2013:19:33:31 -0600] "GET /robots.txt HTTP/1.1" 404 - "-" "Mozilla/5.0 (compatible; YandexBot/3.0; +http://yandex.com/bots)"
199.21.99.103 - - [02/Dec/2013:19:33:33 -0600] "GET / HTTP/1.1" 200 10635 "-" "Mozilla/5.0 (compatible; YandexBot/3.0; +http://yandex.com/bots)"
199.21.99.103 - - [02/Dec/2013:19:33:34 -0600] "GET / HTTP/1.1" 200 10635 "-" "Mozilla/5.0 (compatible; YandexBot/3.0; +http://yandex.com/bots)"
199.21.99.103 - - [02/Dec/2013:19:33:38 -0600] "GET / HTTP/1.1" 200 10635 "-" "Mozilla/5.0 (compatible; YandexBot/3.0; +http://yandex.com/bots)"
199.21.99.103 - - [02/Dec/2013:19:33:39 -0600] "GET / HTTP/1.1" 200 10635 "-" "Mozilla/5.0 (compatible; YandexBot/3.0; +http://yandex.com/bots)"
178.154.243.83 - - [02/Dec/2013:19:37:38 -0600] "GET /events/carousel_11/images/5.jpg HTTP/1.1" 304 - "-" "Mozilla/5.0 (compatible; YandexImages/3.0; +http://yandex.com/bots)"
217.69.133.28 - - [02/Dec/2013:19:50:06 -0600] "GET /robots.txt HTTP/1.0" 404 - "-" "Mozilla/5.0 (compatible; Linux x86_64; Mail.RU_Bot/2.0; +http://go.mail.ru/help/robots)"
217.69.133.60 - - [02/Dec/2013:19:50:07 -0600] "GET /robots.txt HTTP/1.0" 404 - "-" "Mozilla/5.0 (compatible; Linux x86_64; Mail.RU_Bot/2.0; +http://go.mail.ru/help/robots)"
178.154.243.83 - - [02/Dec/2013:20:41:39 -0600] "GET /events/carousel_11/images/10.jpg HTTP/1.1" 304 - "-" "Mozilla/5.0 (compatible; YandexImages/3.0; +http://yandex.com/bots)"
178.154.243.83 - - [02/Dec/2013:22:26:30 -0600] "GET /events/ermy_event/images/7.jpg HTTP/1.1" 304 - "-" "Mozilla/5.0 (compatible; YandexImages/3.0; +http://yandex.com/bots)"
74.91.22.84 - - [02/Dec/2013:22:27:38 -0600] "GET /aboutus.php HTTP/1.0" 200 11667 "http://operationspokaneheroes.org/aboutus.php" "Opera/9.80 (Windows NT 6.1; MRA 6.0 (build 5970)) Presto/2.12.388 Version/12.10"
66.249.74.43 - - [03/Dec/2013:00:23:19 -0600] "GET /robots.txt HTTP/1.1" 404 - "-" "Mozilla/5.0 (compatible; Googlebot/2.1; +http://www.google.com/bot.html)"
66.249.74.43 - - [03/Dec/2013:00:23:19 -0600] "GET / HTTP/1.1" 200 10635 "-" "DoCoMo/2.0 N905i(c100;TB;W24H16) (compatible; Googlebot-Mobile/2.1; +http://www.google.com/bot.html)"
66.249.74.43 - - [03/Dec/2013:00:32:09 -0600] "GET /favicon.ico HTTP/1.1" 404 - "-" "Googlebot-Image/1.0"
66.249.74.43 - - [03/Dec/2013:00:43:32 -0600] "GET / HTTP/1.1" 200 10635 "-" "Mozilla/5.0 (compatible; Googlebot/2.1; +http://www.google.com/bot.html)"
178.154.243.83 - - [03/Dec/2013:00:44:29 -0600] "GET /events/vet_picnic/images/6.jpg HTTP/1.1" 304 - "-" "Mozilla/5.0 (compatible; YandexImages/3.0; +http://yandex.com/bots)"
66.249.74.43 - - [03/Dec/2013:00:44:43 -0600] "GET /css/footer.css HTTP/1.1" 200 752 "-" "Mozilla/5.0 (compatible; Googlebot/2.1; +http://www.google.com/bot.html)"
66.249.74.43 - - [03/Dec/2013:00:44:43 -0600] "GET /css/global.css HTTP/1.1" 200 13951 "-" "Mozilla/5.0 (compatible; Googlebot/2.1; +http://www.google.com/bot.html)"
178.154.243.83 - - [03/Dec/2013:02:30:36 -0600] "GET /events/ermy_event/images/5.jpg HTTP/1.1" 304 - "-" "Mozilla/5.0 (compatible; YandexImages/3.0; +http://yandex.com/bots)"
157.55.34.27 - - [03/Dec/2013:03:47:01 -0600] "GET /robots.txt HTTP/1.1" 404 - "-" "Mozilla/5.0 (compatible; bingbot/2.0; +http://www.bing.com/bingbot.htm)"
157.55.34.27 - - [03/Dec/2013:03:47:30 -0600] "GET / HTTP/1.1" 200 10635 "-" "Mozilla/5.0 (compatible; bingbot/2.0; +http://www.bing.com/bingbot.htm)"
178.154.243.83 - - [03/Dec/2013:03:50:08 -0600] "GET /events/carousel_11/images/3.jpg HTTP/1.1" 304 - "-" "Mozilla/5.0 (compatible; YandexImages/3.0; +http://yandex.com/bots)"
220.181.89.245 - - [03/Dec/2013:04:16:25 -0600] "GET /robots.txt HTTP/1.1" 404 - "-" "Sogou web spider/4.0(+http://www.sogou.com/docs/help/webmasters.htm#07)"
220.181.89.245 - - [03/Dec/2013:04:16:41 -0600] "GET / HTTP/1.1" 200 10635 "-" "Sogou web spider/4.0(+http://www.sogou.com/docs/help/webmasters.htm#07)"
180.76.5.137 - - [03/Dec/2013:06:11:00 -0600] "GET /pdf/January%20Flyers.pdf HTTP/1.1" 200 5543019 "-" "Mozilla/5.0 (compatible; Baiduspider/2.0; +http://www.baidu.com/search/spider.html)"
157.55.34.27 - - [03/Dec/2013:06:14:33 -0600] "GET /robots.txt HTTP/1.1" 404 - "-" "Mozilla/5.0 (compatible; bingbot/2.0; +http://www.bing.com/bingbot.htm)"
157.55.34.27 - - [03/Dec/2013:06:15:21 -0600] "GET / HTTP/1.1" 200 10635 "-" "Mozilla/5.0 (compatible; bingbot/2.0; +http://www.bing.com/bingbot.htm)"
66.249.74.41 - - [03/Dec/2013:07:30:30 -0600] "GET /robots.txt HTTP/1.1" 404 - "-" "Mozilla/5.0 (compatible; Googlebot/2.1; +http://www.google.com/bot.html)"
66.249.74.41 - - [03/Dec/2013:07:30:30 -0600] "GET / HTTP/1.1" 200 10635 "-" "Mozilla/5.0 (iPhone; CPU iPhone OS 6_0 like Mac OS X) AppleWebKit/536.26 (KHTML, like Gecko) Version/6.0 Mobile/10A5376e Safari/8536.25 (compatible; Googlebot-Mobile/2.1; +http://www.google.com/bot.html)"
66.249.74.43 - - [03/Dec/2013:07:36:24 -0600] "GET / HTTP/1.1" 200 10635 "-" "Mozilla/5.0 (iPhone; CPU iPhone OS 6_0 like Mac OS X) AppleWebKit/536.26 (KHTML, like Gecko) Version/6.0 Mobile/10A5376e Safari/8536.25 (compatible; Googlebot-Mobile/2.1; +http://www.google.com/bot.html)"
74.91.22.84 - - [03/Dec/2013:08:26:19 -0600] "GET /aboutus.php HTTP/1.0" 200 11667 "http://operationspokaneheroes.org/aboutus.php" "Opera/9.80 (Windows NT 6.1; U; ru) Presto/2.10.289 Version/12.02"
211.110.140.155 - - [03/Dec/2013:08:50:24 -0600] "GET /editor/dialog/fck_about.html HTTP/1.1" 404 - "http://operationspokaneheroes.org/editor/dialog/fck_about.html" "Mozilla/4.0 (compatible; MSIE 9.0; Windows NT 6.1; 125LA; .NET CLR 2.0.50727; .NET CLR 3.0.04506.648; .NET CLR 3.5.21022)"
211.110.140.155 - - [03/Dec/2013:08:50:24 -0600] "GET /FCKeditor/editor/dialog/fck_about.html HTTP/1.1" 404 - "http://operationspokaneheroes.org/FCKeditor/editor/dialog/fck_about.html" "Mozilla/4.0 (compatible; MSIE 9.0; Windows NT 6.1; 125LA; .NET CLR 2.0.50727; .NET CLR 3.0.04506.648; .NET CLR 3.5.21022)"
211.110.140.155 - - [03/Dec/2013:08:50:25 -0600] "GET /FCK/editor/dialog/fck_about.html HTTP/1.1" 404 - "http://operationspokaneheroes.org/FCK/editor/dialog/fck_about.html" "Mozilla/4.0 (compatible; MSIE 9.0; Windows NT 6.1; 125LA; .NET CLR 2.0.50727; .NET CLR 3.0.04506.648; .NET CLR 3.5.21022)"
211.110.140.155 - - [03/Dec/2013:08:50:25 -0600] "GET /admin/FCKeditor/editor/dialog/fck_about.html HTTP/1.1" 404 - "http://operationspokaneheroes.org/admin/FCKeditor/editor/dialog/fck_about.html" "Mozilla/4.0 (compatible; MSIE 9.0; Windows NT 6.1; 125LA; .NET CLR 2.0.50727; .NET CLR 3.0.04506.648; .NET CLR 3.5.21022)"
211.110.140.155 - - [03/Dec/2013:08:50:25 -0600] "GET /manage/FCKeditor/editor/dialog/fck_about.html HTTP/1.1" 404 - "http://operationspokaneheroes.org/manage/FCKeditor/editor/dialog/fck_about.html" "Mozilla/4.0 (compatible; MSIE 9.0; Windows NT 6.1; 125LA; .NET CLR 2.0.50727; .NET CLR 3.0.04506.648; .NET CLR 3.5.21022)"
211.110.140.155 - - [03/Dec/2013:08:50:25 -0600] "GET /editor/editor/dialog/fck_about.html HTTP/1.1" 404 - "http://operationspokaneheroes.org/editor/editor/dialog/fck_about.html" "Mozilla/4.0 (compatible; MSIE 9.0; Windows NT 6.1; 125LA; .NET CLR 2.0.50727; .NET CLR 3.0.04506.648; .NET CLR 3.5.21022)"
211.110.140.155 - - [03/Dec/2013:08:50:25 -0600] "GET /editor/FCKeditor/editor/dialog/fck_about.html HTTP/1.1" 404 - "http://operationspokaneheroes.org/editor/FCKeditor/editor/dialog/fck_about.html" "Mozilla/4.0 (compatible; MSIE 9.0; Windows NT 6.1; 125LA; .NET CLR 2.0.50727; .NET CLR 3.0.04506.648; .NET CLR 3.5.21022)"
211.110.140.155 - - [03/Dec/2013:08:51:22 -0600] "GET /admin HTTP/1.1" 404 - "http://operationspokaneheroes.org/admin" "Mozilla/4.0 (compatible; MSIE 9.0; Windows NT 6.1; 125LA; .NET CLR 2.0.50727; .NET CLR 3.0.04506.648; .NET CLR 3.5.21022)"
211.110.140.155 - - [03/Dec/2013:08:51:23 -0600] "GET /administrator HTTP/1.1" 404 - "http://operationspokaneheroes.org/administrator" "Mozilla/4.0 (compatible; MSIE 9.0; Windows NT 6.1; 125LA; .NET CLR 2.0.50727; .NET CLR 3.0.04506.648; .NET CLR 3.5.21022)"
211.110.140.155 - - [03/Dec/2013:08:51:23 -0600] "GET /manage HTTP/1.1" 404 - "http://operationspokaneheroes.org/manage" "Mozilla/4.0 (compatible; MSIE 9.0; Windows NT 6.1; 125LA; .NET CLR 2.0.50727; .NET CLR 3.0.04506.648; .NET CLR 3.5.21022)"
211.110.140.155 - - [03/Dec/2013:08:51:23 -0600] "GET /manager HTTP/1.1" 404 - "http://operationspokaneheroes.org/manager" "Mozilla/4.0 (compatible; MSIE 9.0; Windows NT 6.1; 125LA; .NET CLR 2.0.50727; .NET CLR 3.0.04506.648; .NET CLR 3.5.21022)"
211.110.140.155 - - [03/Dec/2013:08:51:23 -0600] "GET /webadmin HTTP/1.1" 404 - "http://operationspokaneheroes.org/webadmin" "Mozilla/4.0 (compatible; MSIE 9.0; Windows NT 6.1; 125LA; .NET CLR 2.0.50727; .NET CLR 3.0.04506.648; .NET CLR 3.5.21022)"
