175.139.150.129 - - [20/Sep/2012:03:52:22 -0500] "GET /images/contacticon.png HTTP/1.1" 200 4499 "http://operationspokaneheroes.org/" "Mozilla/5.0 (Windows NT 5.1; rv:10.0.2) Gecko/20100101 Firefox/10.0.2"
175.139.150.129 - - [20/Sep/2012:03:52:21 -0500] "GET /css/global.css HTTP/1.1" 200 13951 "http://operationspokaneheroes.org/" "Mozilla/5.0 (Windows NT 5.1; rv:10.0.2) Gecko/20100101 Firefox/10.0.2"
175.139.150.129 - - [20/Sep/2012:03:52:22 -0500] "GET /css/footer.css HTTP/1.1" 200 752 "http://operationspokaneheroes.org/" "Mozilla/5.0 (Windows NT 5.1; rv:10.0.2) Gecko/20100101 Firefox/10.0.2"
175.139.150.129 - - [20/Sep/2012:03:52:22 -0500] "GET /images/global.png HTTP/1.1" 200 5737 "http://operationspokaneheroes.org/" "Mozilla/5.0 (Windows NT 5.1; rv:10.0.2) Gecko/20100101 Firefox/10.0.2"
175.139.150.129 - - [20/Sep/2012:03:52:22 -0500] "GET /images/facebook.png HTTP/1.1" 200 5004 "http://operationspokaneheroes.org/" "Mozilla/5.0 (Windows NT 5.1; rv:10.0.2) Gecko/20100101 Firefox/10.0.2"
175.139.150.129 - - [20/Sep/2012:03:52:22 -0500] "GET /slider.html HTTP/1.1" 200 7752 "http://operationspokaneheroes.org/" "Mozilla/5.0 (Windows NT 5.1; rv:10.0.2) Gecko/20100101 Firefox/10.0.2"
175.139.150.129 - - [20/Sep/2012:03:52:22 -0500] "GET /_inc/slide.php HTTP/1.1" 200 3205 "http://operationspokaneheroes.org/" "Mozilla/5.0 (Windows NT 5.1; rv:10.0.2) Gecko/20100101 Firefox/10.0.2"
175.139.150.129 - - [20/Sep/2012:03:52:22 -0500] "GET /images/nav2.jpg HTTP/1.1" 200 4444 "http://operationspokaneheroes.org/" "Mozilla/5.0 (Windows NT 5.1; rv:10.0.2) Gecko/20100101 Firefox/10.0.2"
175.139.150.129 - - [20/Sep/2012:03:52:23 -0500] "GET /mainbk.png HTTP/1.1" 200 290 "http://operationspokaneheroes.org/" "Mozilla/5.0 (Windows NT 5.1; rv:10.0.2) Gecko/20100101 Firefox/10.0.2"
175.139.150.129 - - [20/Sep/2012:03:52:23 -0500] "GET /css/compact_style.css HTTP/1.1" 200 4934 "http://operationspokaneheroes.org/slider.html" "Mozilla/5.0 (Windows NT 5.1; rv:10.0.2) Gecko/20100101 Firefox/10.0.2"
175.139.150.129 - - [20/Sep/2012:03:52:23 -0500] "GET /css/slide.css HTTP/1.1" 200 2869 "http://operationspokaneheroes.org/_inc/slide.php" "Mozilla/5.0 (Windows NT 5.1; rv:10.0.2) Gecko/20100101 Firefox/10.0.2"
175.139.150.129 - - [20/Sep/2012:03:52:23 -0500] "GET /css/style_global.css HTTP/1.1" 200 2621 "http://operationspokaneheroes.org/_inc/slide.php" "Mozilla/5.0 (Windows NT 5.1; rv:10.0.2) Gecko/20100101 Firefox/10.0.2"
175.139.150.129 - - [20/Sep/2012:03:52:22 -0500] "GET /images/bg2.jpg HTTP/1.1" 200 55206 "http://operationspokaneheroes.org/css/global.css" "Mozilla/5.0 (Windows NT 5.1; rv:10.0.2) Gecko/20100101 Firefox/10.0.2"
175.139.150.129 - - [20/Sep/2012:03:52:23 -0500] "GET /jquery.easing.1.3.js HTTP/1.1" 200 8097 "http://operationspokaneheroes.org/slider.html" "Mozilla/5.0 (Windows NT 5.1; rv:10.0.2) Gecko/20100101 Firefox/10.0.2"
175.139.150.129 - - [20/Sep/2012:03:52:23 -0500] "GET /js/cufon-yui.js HTTP/1.1" 200 18257 "http://operationspokaneheroes.org/slider.html" "Mozilla/5.0 (Windows NT 5.1; rv:10.0.2) Gecko/20100101 Firefox/10.0.2"
175.139.150.129 - - [20/Sep/2012:03:52:23 -0500] "GET /js/Bebas_400.font.js HTTP/1.1" 200 32806 "http://operationspokaneheroes.org/slider.html" "Mozilla/5.0 (Windows NT 5.1; rv:10.0.2) Gecko/20100101 Firefox/10.0.2"
175.139.150.129 - - [20/Sep/2012:03:52:24 -0500] "GET /images/wings_of_freedom.jpg HTTP/1.1" 200 13141 "http://operationspokaneheroes.org/slider.html" "Mozilla/5.0 (Windows NT 5.1; rv:10.0.2) Gecko/20100101 Firefox/10.0.2"
175.139.150.129 - - [20/Sep/2012:03:52:23 -0500] "GET /images/free_clinic.png HTTP/1.1" 200 48993 "http://operationspokaneheroes.org/slider.html" "Mozilla/5.0 (Windows NT 5.1; rv:10.0.2) Gecko/20100101 Firefox/10.0.2"
175.139.150.129 - - [20/Sep/2012:03:52:24 -0500] "GET /images/welcome.jpg HTTP/1.1" 200 27773 "http://operationspokaneheroes.org/slider.html" "Mozilla/5.0 (Windows NT 5.1; rv:10.0.2) Gecko/20100101 Firefox/10.0.2"
175.139.150.129 - - [20/Sep/2012:03:52:24 -0500] "GET /images/prev.png HTTP/1.1" 200 2995 "http://operationspokaneheroes.org/css/compact_style.css" "Mozilla/5.0 (Windows NT 5.1; rv:10.0.2) Gecko/20100101 Firefox/10.0.2"
175.139.150.129 - - [20/Sep/2012:03:52:24 -0500] "GET /images/next.png HTTP/1.1" 200 3022 "http://operationspokaneheroes.org/css/compact_style.css" "Mozilla/5.0 (Windows NT 5.1; rv:10.0.2) Gecko/20100101 Firefox/10.0.2"
175.139.150.129 - - [20/Sep/2012:03:52:23 -0500] "GET /js/combined.js HTTP/1.1" 200 169946 "http://operationspokaneheroes.org/_inc/slide.php" "Mozilla/5.0 (Windows NT 5.1; rv:10.0.2) Gecko/20100101 Firefox/10.0.2"
175.139.150.129 - - [20/Sep/2012:03:52:26 -0500] "GET /images/mission_statement_bg.png HTTP/1.1" 200 11413 "http://operationspokaneheroes.org/css/slide.css" "Mozilla/5.0 (Windows NT 5.1; rv:10.0.2) Gecko/20100101 Firefox/10.0.2"
175.139.150.129 - - [20/Sep/2012:03:52:26 -0500] "GET /images/we_believe.png HTTP/1.1" 200 1785 "http://operationspokaneheroes.org/css/slide.css" "Mozilla/5.0 (Windows NT 5.1; rv:10.0.2) Gecko/20100101 Firefox/10.0.2"
175.139.150.129 - - [20/Sep/2012:03:52:26 -0500] "GET /images/we_strive.png HTTP/1.1" 200 1981 "http://operationspokaneheroes.org/css/slide.css" "Mozilla/5.0 (Windows NT 5.1; rv:10.0.2) Gecko/20100101 Firefox/10.0.2"
175.139.150.129 - - [20/Sep/2012:03:52:26 -0500] "GET /images/we_help.png HTTP/1.1" 200 1514 "http://operationspokaneheroes.org/css/slide.css" "Mozilla/5.0 (Windows NT 5.1; rv:10.0.2) Gecko/20100101 Firefox/10.0.2"
175.139.150.129 - - [20/Sep/2012:03:52:26 -0500] "GET /images/we_need.png HTTP/1.1" 200 2138 "http://operationspokaneheroes.org/css/slide.css" "Mozilla/5.0 (Windows NT 5.1; rv:10.0.2) Gecko/20100101 Firefox/10.0.2"
175.139.150.129 - - [20/Sep/2012:03:52:27 -0500] "GET /assets/images/btn_top_search_hover.png HTTP/1.1" 404 - "http://operationspokaneheroes.org/_inc/slide.php" "Mozilla/5.0 (Windows NT 5.1; rv:10.0.2) Gecko/20100101 Firefox/10.0.2"
175.139.150.129 - - [20/Sep/2012:03:52:27 -0500] "GET /assets/images/btn_main_search_hover.png HTTP/1.1" 404 - "http://operationspokaneheroes.org/_inc/slide.php" "Mozilla/5.0 (Windows NT 5.1; rv:10.0.2) Gecko/20100101 Firefox/10.0.2"
175.139.150.129 - - [20/Sep/2012:03:52:26 -0500] "GET /images/1.jpg HTTP/1.1" 200 142489 "http://operationspokaneheroes.org/_inc/slide.php" "Mozilla/5.0 (Windows NT 5.1; rv:10.0.2) Gecko/20100101 Firefox/10.0.2"
175.139.150.129 - - [20/Sep/2012:03:52:26 -0500] "GET /images/4.jpg HTTP/1.1" 200 186934 "http://operationspokaneheroes.org/_inc/slide.php" "Mozilla/5.0 (Windows NT 5.1; rv:10.0.2) Gecko/20100101 Firefox/10.0.2"
175.139.150.129 - - [20/Sep/2012:03:52:26 -0500] "GET /images/3.jpg HTTP/1.1" 200 240733 "http://operationspokaneheroes.org/_inc/slide.php" "Mozilla/5.0 (Windows NT 5.1; rv:10.0.2) Gecko/20100101 Firefox/10.0.2"
175.139.150.129 - - [20/Sep/2012:03:52:26 -0500] "GET /images/2.jpg HTTP/1.1" 200 170993 "http://operationspokaneheroes.org/_inc/slide.php" "Mozilla/5.0 (Windows NT 5.1; rv:10.0.2) Gecko/20100101 Firefox/10.0.2"
175.139.150.129 - - [20/Sep/2012:03:52:22 -0500] "GET /images/logo.png HTTP/1.1" 200 226129 "http://operationspokaneheroes.org/" "Mozilla/5.0 (Windows NT 5.1; rv:10.0.2) Gecko/20100101 Firefox/10.0.2"
175.139.150.129 - - [20/Sep/2012:03:52:32 -0500] "GET /favicon.ico HTTP/1.1" 404 - "-" "Mozilla/5.0 (Windows NT 5.1; rv:10.0.2) Gecko/20100101 Firefox/10.0.2"
175.139.150.129 - - [20/Sep/2012:03:52:33 -0500] "GET /favicon.ico HTTP/1.1" 404 - "-" "Mozilla/5.0 (Windows NT 5.1; rv:10.0.2) Gecko/20100101 Firefox/10.0.2"
157.56.94.158 - - [20/Sep/2012:05:13:15 -0500] "GET /robots.txt HTTP/1.1" 404 - "-" "msnbot/2.0b (+http://search.msn.com/msnbot.htm)"
157.56.94.158 - - [20/Sep/2012:05:13:16 -0500] "GET / HTTP/1.1" 200 10447 "-" "msnbot/2.0b (+http://search.msn.com/msnbot.htm)"
100.43.83.155 - - [20/Sep/2012:05:37:45 -0500] "GET /events.php HTTP/1.1" 200 6407 "-" "Mozilla/5.0 (compatible; YandexBot/3.0; +http://yandex.com/bots)"
95.168.172.156 - - [20/Sep/2012:07:44:59 -0500] "GET / HTTP/1.1" 200 10447 "http://evoque.ru/" "Mozilla/4.0 (MSIE 6.0; Windows NT 5.1; Search)"
95.168.172.156 - - [20/Sep/2012:07:45:01 -0500] "GET / HTTP/1.1" 200 10267 "http://evoque.ru/" "Mozilla/4.0 (MSIE 6.0; Windows NT 5.1; Search)"
95.168.172.156 - - [20/Sep/2012:07:45:54 -0500] "GET / HTTP/1.1" 200 10447 "http://duster.ru/" "Mozilla/4.0 (MSIE 6.0; Windows NT 5.1; Search)"
95.168.172.156 - - [20/Sep/2012:07:45:55 -0500] "GET / HTTP/1.1" 200 10447 "http://duster.ru/" "Mozilla/4.0 (MSIE 6.0; Windows NT 5.1; Search)"
132.79.9.16 - - [20/Sep/2012:07:47:07 -0500] "GET / HTTP/1.0" 200 10447 "-" "Mozilla/4.0 (compatible;)"
132.79.9.16 - - [20/Sep/2012:07:48:01 -0500] "GET /business.php HTTP/1.0" 200 10703 "-" "Mozilla/4.0 (compatible;)"
208.115.111.70 - - [20/Sep/2012:07:52:43 -0500] "GET /robots.txt HTTP/1.1" 404 - "-" "Mozilla/5.0 (compatible; Ezooms/1.0; ezooms.bot@gmail.com)"
100.43.83.155 - - [20/Sep/2012:07:55:08 -0500] "GET /aboutus.php HTTP/1.1" 200 11557 "-" "Mozilla/5.0 (compatible; YandexBot/3.0; +http://yandex.com/bots)"
202.46.57.140 - - [20/Sep/2012:08:11:32 -0500] "GET /slider.html HTTP/1.1" 200 7752 "-" "Mozilla/5.0 (Windows NT 5.1; rv:6.0.2) Gecko/20100101 Firefox/6.0.2"
202.46.51.123 - - [20/Sep/2012:08:11:32 -0500] "GET /donate.php HTTP/1.1" 200 11589 "-" "Mozilla/5.0 (Windows NT 5.1; rv:6.0.2) Gecko/20100101 Firefox/6.0.2"
202.46.63.40 - - [20/Sep/2012:08:11:38 -0500] "GET /slider.html HTTP/1.1" 200 7752 "-" "Mozilla/5.0 (Windows NT 5.1; rv:6.0.2) Gecko/20100101 Firefox/6.0.2"
202.46.55.208 - - [20/Sep/2012:08:11:32 -0500] "GET /donate.php HTTP/1.1" 200 11589 "-" "Mozilla/5.0 (Windows NT 5.1; rv:6.0.2) Gecko/20100101 Firefox/6.0.2"
202.46.62.129 - - [20/Sep/2012:08:11:37 -0500] "GET /aboutus.php HTTP/1.1" 200 11557 "-" "Mozilla/5.0 (Windows NT 5.1; rv:6.0.2) Gecko/20100101 Firefox/6.0.2"
202.46.56.178 - - [20/Sep/2012:08:11:33 -0500] "GET /aboutus.php HTTP/1.1" 200 11557 "-" "Mozilla/5.0 (Windows NT 5.1; rv:6.0.2) Gecko/20100101 Firefox/6.0.2"
213.110.133.221 - - [20/Sep/2012:08:19:43 -0500] "GET / HTTP/1.1" 200 10267 "http://poisk-zakona.ru/" "Mozilla/4.0 (compatible; Blog Search;)"
213.110.133.221 - - [20/Sep/2012:08:19:45 -0500] "GET / HTTP/1.1" 200 10267 "http://poisk-zakona.ru/" "Mozilla/4.0 (compatible; Blog Search;)"
208.115.111.70 - - [20/Sep/2012:09:38:20 -0500] "GET /aboutus.php HTTP/1.1" 200 11557 "-" "Mozilla/5.0 (compatible; Ezooms/1.0; ezooms.bot@gmail.com)"
100.43.83.155 - - [20/Sep/2012:10:55:42 -0500] "GET /_inc/slide.php HTTP/1.1" 200 3205 "-" "Mozilla/5.0 (compatible; YandexBot/3.0; +http://yandex.com/bots)"
157.56.94.158 - - [20/Sep/2012:11:41:22 -0500] "GET /index.php HTTP/1.1" 200 10447 "-" "msnbot/2.0b (+http://search.msn.com/msnbot.htm)"
157.56.94.158 - - [20/Sep/2012:11:41:26 -0500] "GET /contact.php HTTP/1.1" 200 10409 "-" "msnbot/2.0b (+http://search.msn.com/msnbot.htm)"
157.56.94.158 - - [20/Sep/2012:11:41:29 -0500] "GET /events.php HTTP/1.1" 200 6407 "-" "msnbot/2.0b (+http://search.msn.com/msnbot.htm)"
157.56.94.158 - - [20/Sep/2012:11:41:32 -0500] "GET /calendar.php HTTP/1.1" 200 10599 "-" "msnbot/2.0b (+http://search.msn.com/msnbot.htm)"
157.56.94.158 - - [20/Sep/2012:11:41:36 -0500] "GET /slider.html HTTP/1.1" 200 7752 "-" "msnbot/2.0b (+http://search.msn.com/msnbot.htm)"
157.56.94.158 - - [20/Sep/2012:11:41:37 -0500] "GET /business.php HTTP/1.1" 200 10703 "-" "msnbot/2.0b (+http://search.msn.com/msnbot.htm)"
157.56.94.158 - - [20/Sep/2012:11:41:39 -0500] "GET /aboutus.php HTTP/1.1" 200 11557 "-" "msnbot/2.0b (+http://search.msn.com/msnbot.htm)"
157.56.94.158 - - [20/Sep/2012:11:41:41 -0500] "GET /donate.php HTTP/1.1" 200 11589 "-" "msnbot/2.0b (+http://search.msn.com/msnbot.htm)"
180.76.5.94 - - [20/Sep/2012:12:43:21 -0500] "GET /robots.txt HTTP/1.1" 404 - "-" "Mozilla/5.0 (compatible; Baiduspider/2.0; +http://www.baidu.com/search/spider.html)"
132.79.9.16 - - [20/Sep/2012:15:32:37 -0500] "GET / HTTP/1.0" 200 10447 "-" "Mozilla/4.0 (compatible;)"
157.55.33.110 - - [20/Sep/2012:15:33:15 -0500] "GET /robots.txt HTTP/1.1" 404 - "-" "Mozilla/5.0 (compatible; bingbot/2.0; +http://www.bing.com/bingbot.htm)"
132.79.9.16 - - [20/Sep/2012:15:33:35 -0500] "GET /business.php HTTP/1.0" 200 10703 "-" "Mozilla/4.0 (compatible;)"
157.55.33.110 - - [20/Sep/2012:15:37:58 -0500] "GET /java_for_joes/press_release.pdf HTTP/1.1" 404 - "-" "Mozilla/5.0 (compatible; bingbot/2.0; +http://www.bing.com/bingbot.htm)"
66.249.73.133 - - [20/Sep/2012:16:19:16 -0500] "GET /robots.txt HTTP/1.1" 404 - "-" "Mozilla/5.0 (compatible; Googlebot/2.1; +http://www.google.com/bot.html)"
66.249.73.133 - - [20/Sep/2012:16:19:16 -0500] "GET /contact.php HTTP/1.1" 200 10409 "-" "Mozilla/5.0 (compatible; Googlebot/2.1; +http://www.google.com/bot.html)"
180.76.5.197 - - [20/Sep/2012:16:44:27 -0500] "GET /java_for_joes/index.html HTTP/1.1" 404 - "-" "Mozilla/5.0 (compatible; Baiduspider/2.0; +http://www.baidu.com/search/spider.html)"
46.229.160.208 - - [20/Sep/2012:16:51:54 -0500] "GET /pdf/Operation%20Wings%20of%20Hope.pdf HTTP/1.1" 200 52094 "-" "Mozilla/4.0 (compatible; MSIE 7.0; Windows NT 5.1; .NET CLR 1.1.4322; .NET CLR 2.0.50727)"
213.186.127.10 - - [20/Sep/2012:16:52:04 -0500] "GET /events/ermy_event/ermy.html HTTP/1.1" 200 3507 "-" "Mozilla/5.0 (compatible; AhrefsBot/3.1; +http://ahrefs.com/robot/)"
178.255.215.79 - - [20/Sep/2012:17:01:02 -0500] "GET /robots.txt HTTP/1.1" 404 - "-" "Mozilla/5.0 (compatible; Exabot/3.0; +http://www.exabot.com/go/robot)"
178.255.215.79 - - [20/Sep/2012:17:01:02 -0500] "GET / HTTP/1.1" 200 10447 "-" "Mozilla/5.0 (compatible; Exabot/3.0; +http://www.exabot.com/go/robot)"
85.195.101.146 - - [20/Sep/2012:17:20:53 -0500] "GET / HTTP/1.1" 200 10447 "http://domains.checkparams.com/index.php?q=operationspokaneheroes.org" "Mozilla/5.0 (compatible; DCPbot/1.2; +http://domains.checkparams.com/)"
66.249.73.102 - - [20/Sep/2012:17:22:05 -0500] "GET /robots.txt HTTP/1.1" 404 - "-" "Mozilla/5.0 (compatible; Googlebot/2.1; +http://www.google.com/bot.html)"
66.249.73.102 - - [20/Sep/2012:17:22:05 -0500] "GET /index.php HTTP/1.1" 200 10447 "-" "Mozilla/5.0 (compatible; Googlebot/2.1; +http://www.google.com/bot.html)"
46.229.160.208 - - [20/Sep/2012:18:35:40 -0500] "GET /pdf/Operation%20Wings%20of%20Hope%20-%20Kids.pdf HTTP/1.1" 200 34092 "-" "Mozilla/5.0 (Macintosh; U; Intel Mac OS X 10_5_5; en-us) AppleWebKit/525.18 (KHTML, like Gecko) Version/3.1.2 Safari/525.20.1"
178.137.128.77 - - [20/Sep/2012:19:36:26 -0500] "GET / HTTP/1.1" 200 10267 "http://jizzcandance.com/" "Mozilla/4.0 (compatible; MSIE 6.0; Windows NT 5.1; SV1; .NET CLR 1.1.4322; XMPP Tiscali Communicator v.10.0.2; .NET CLR 2.0.50727)"
178.137.128.77 - - [20/Sep/2012:19:36:27 -0500] "GET / HTTP/1.1" 200 10267 "http://jizzcandance.com/" "Mozilla/4.0 (compatible; MSIE 6.0; Windows NT 5.1; SV1; .NET CLR 1.1.4322; XMPP Tiscali Communicator v.10.0.2; .NET CLR 2.0.50727)"
109.206.183.75 - - [20/Sep/2012:20:28:41 -0500] "GET / HTTP/1.1" 200 10447 "http://www.google.com" "Mozilla/5.0 (X11; Linux i686; rv:2.0b12pre) Gecko/20100101 Firefox/4.0b12pre"
213.186.127.13 - - [20/Sep/2012:21:22:17 -0500] "GET /_inc/slide.php HTTP/1.1" 200 3205 "-" "Mozilla/5.0 (compatible; AhrefsBot/3.1; +http://ahrefs.com/robot/)"
180.76.5.171 - - [20/Sep/2012:22:24:26 -0500] "GET /pdf/2010_top100_ HTTP/1.1" 404 - "-" "Mozilla/5.0 (compatible; Baiduspider/2.0; +http://www.baidu.com/search/spider.html)"
123.125.71.73 - - [20/Sep/2012:22:56:16 -0500] "GET / HTTP/1.1" 200 10447 "-" "Mozilla/5.0 (compatible; Baiduspider/2.0; +http://www.baidu.com/search/spider.html)"
69.171.229.116 - - [20/Sep/2012:23:37:32 -0500] "GET /index.php HTTP/1.1" 200 10447 "-" "facebookexternalhit/1.1 (+http://www.facebook.com/externalhit_uatext.php)"
66.249.73.133 - - [20/Sep/2012:23:55:49 -0500] "GET / HTTP/1.1" 200 10447 "-" "Mozilla/5.0 (compatible; Googlebot/2.1; +http://www.google.com/bot.html)"
157.55.33.110 - - [21/Sep/2012:00:15:48 -0500] "GET /robots.txt HTTP/1.1" 404 - "-" "Mozilla/5.0 (compatible; bingbot/2.0; +http://www.bing.com/bingbot.htm)"
157.55.33.110 - - [21/Sep/2012:00:30:04 -0500] "GET /java_for_joes/press_release.pdf HTTP/1.1" 404 - "-" "Mozilla/5.0 (compatible; bingbot/2.0; +http://www.bing.com/bingbot.htm)"
100.43.83.155 - - [21/Sep/2012:00:55:33 -0500] "GET /robots.txt HTTP/1.1" 404 - "-" "Mozilla/5.0 (compatible; YandexBot/3.0; +http://yandex.com/bots)"
100.43.83.155 - - [21/Sep/2012:01:04:56 -0500] "GET /pdf/OSH%20Freedom%20Fridays%20Sign%20Up%20Sheet.pdf HTTP/1.1" 200 170318 "-" "Mozilla/5.0 (compatible; YandexBot/3.0; +http://yandex.com/bots)"
213.186.122.3 - - [21/Sep/2012:01:52:03 -0500] "GET /business.php HTTP/1.1" 200 10703 "-" "Mozilla/5.0 (compatible; AhrefsBot/3.1; +http://ahrefs.com/robot/)"
97.119.254.28 - - [21/Sep/2012:01:55:34 -0500] "GET / HTTP/1.1" 200 10447 "http://search.yahoo.com/404handler?ei=UTF-8&p=operation+spokane+hero&url=http%3A%2F%2Fwww.operationspokaneheroes.com%2F&src=toolbar&nrd=1&fr=slv502-msgr" "Mozilla/5.0 (Windows NT 6.1; rv:13.0) Gecko/20100101 Firefox/13.0"
97.119.254.28 - - [21/Sep/2012:01:55:35 -0500] "GET /images/global.png HTTP/1.1" 200 5737 "http://operationspokaneheroes.org/" "Mozilla/5.0 (Windows NT 6.1; rv:13.0) Gecko/20100101 Firefox/13.0"
97.119.254.28 - - [21/Sep/2012:01:55:35 -0500] "GET /images/contacticon.png HTTP/1.1" 200 4499 "http://operationspokaneheroes.org/" "Mozilla/5.0 (Windows NT 6.1; rv:13.0) Gecko/20100101 Firefox/13.0"
97.119.254.28 - - [21/Sep/2012:01:55:35 -0500] "GET /css/footer.css HTTP/1.1" 200 752 "http://operationspokaneheroes.org/" "Mozilla/5.0 (Windows NT 6.1; rv:13.0) Gecko/20100101 Firefox/13.0"
97.119.254.28 - - [21/Sep/2012:01:55:35 -0500] "GET /_inc/slide.php HTTP/1.1" 200 3205 "http://operationspokaneheroes.org/" "Mozilla/5.0 (Windows NT 6.1; rv:13.0) Gecko/20100101 Firefox/13.0"
97.119.254.28 - - [21/Sep/2012:01:55:35 -0500] "GET /css/global.css HTTP/1.1" 200 13951 "http://operationspokaneheroes.org/" "Mozilla/5.0 (Windows NT 6.1; rv:13.0) Gecko/20100101 Firefox/13.0"
97.119.254.28 - - [21/Sep/2012:01:55:35 -0500] "GET /slider.html HTTP/1.1" 200 7752 "http://operationspokaneheroes.org/" "Mozilla/5.0 (Windows NT 6.1; rv:13.0) Gecko/20100101 Firefox/13.0"
97.119.254.28 - - [21/Sep/2012:01:55:35 -0500] "GET /css/slide.css HTTP/1.1" 200 2869 "http://operationspokaneheroes.org/_inc/slide.php" "Mozilla/5.0 (Windows NT 6.1; rv:13.0) Gecko/20100101 Firefox/13.0"
97.119.254.28 - - [21/Sep/2012:01:55:35 -0500] "GET /images/facebook.png HTTP/1.1" 200 5004 "http://operationspokaneheroes.org/" "Mozilla/5.0 (Windows NT 6.1; rv:13.0) Gecko/20100101 Firefox/13.0"
97.119.254.28 - - [21/Sep/2012:01:55:35 -0500] "GET /css/style_global.css HTTP/1.1" 200 2621 "http://operationspokaneheroes.org/_inc/slide.php" "Mozilla/5.0 (Windows NT 6.1; rv:13.0) Gecko/20100101 Firefox/13.0"
97.119.254.28 - - [21/Sep/2012:01:55:35 -0500] "GET /images/nav2.jpg HTTP/1.1" 200 4444 "http://operationspokaneheroes.org/" "Mozilla/5.0 (Windows NT 6.1; rv:13.0) Gecko/20100101 Firefox/13.0"
97.119.254.28 - - [21/Sep/2012:01:55:35 -0500] "GET /mainbk.png HTTP/1.1" 200 290 "http://operationspokaneheroes.org/" "Mozilla/5.0 (Windows NT 6.1; rv:13.0) Gecko/20100101 Firefox/13.0"
97.119.254.28 - - [21/Sep/2012:01:55:35 -0500] "GET /css/compact_style.css HTTP/1.1" 200 4934 "http://operationspokaneheroes.org/slider.html" "Mozilla/5.0 (Windows NT 6.1; rv:13.0) Gecko/20100101 Firefox/13.0"
97.119.254.28 - - [21/Sep/2012:01:55:35 -0500] "GET /jquery.easing.1.3.js HTTP/1.1" 200 8097 "http://operationspokaneheroes.org/slider.html" "Mozilla/5.0 (Windows NT 6.1; rv:13.0) Gecko/20100101 Firefox/13.0"
97.119.254.28 - - [21/Sep/2012:01:55:35 -0500] "GET /js/cufon-yui.js HTTP/1.1" 200 18257 "http://operationspokaneheroes.org/slider.html" "Mozilla/5.0 (Windows NT 6.1; rv:13.0) Gecko/20100101 Firefox/13.0"
97.119.254.28 - - [21/Sep/2012:01:55:35 -0500] "GET /js/Bebas_400.font.js HTTP/1.1" 200 32806 "http://operationspokaneheroes.org/slider.html" "Mozilla/5.0 (Windows NT 6.1; rv:13.0) Gecko/20100101 Firefox/13.0"
97.119.254.28 - - [21/Sep/2012:01:55:35 -0500] "GET /images/wings_of_freedom.jpg HTTP/1.1" 200 13141 "http://operationspokaneheroes.org/slider.html" "Mozilla/5.0 (Windows NT 6.1; rv:13.0) Gecko/20100101 Firefox/13.0"
97.119.254.28 - - [21/Sep/2012:01:55:35 -0500] "GET /images/bg2.jpg HTTP/1.1" 200 55206 "http://operationspokaneheroes.org/css/global.css" "Mozilla/5.0 (Windows NT 6.1; rv:13.0) Gecko/20100101 Firefox/13.0"
97.119.254.28 - - [21/Sep/2012:01:55:36 -0500] "GET /images/welcome.jpg HTTP/1.1" 200 27773 "http://operationspokaneheroes.org/slider.html" "Mozilla/5.0 (Windows NT 6.1; rv:13.0) Gecko/20100101 Firefox/13.0"
97.119.254.28 - - [21/Sep/2012:01:55:36 -0500] "GET /images/prev.png HTTP/1.1" 200 2995 "http://operationspokaneheroes.org/css/compact_style.css" "Mozilla/5.0 (Windows NT 6.1; rv:13.0) Gecko/20100101 Firefox/13.0"
97.119.254.28 - - [21/Sep/2012:01:55:36 -0500] "GET /images/next.png HTTP/1.1" 200 3022 "http://operationspokaneheroes.org/css/compact_style.css" "Mozilla/5.0 (Windows NT 6.1; rv:13.0) Gecko/20100101 Firefox/13.0"
97.119.254.28 - - [21/Sep/2012:01:55:35 -0500] "GET /images/logo.png HTTP/1.1" 200 226129 "http://operationspokaneheroes.org/" "Mozilla/5.0 (Windows NT 6.1; rv:13.0) Gecko/20100101 Firefox/13.0"
97.119.254.28 - - [21/Sep/2012:01:55:35 -0500] "GET /images/free_clinic.png HTTP/1.1" 200 48993 "http://operationspokaneheroes.org/slider.html" "Mozilla/5.0 (Windows NT 6.1; rv:13.0) Gecko/20100101 Firefox/13.0"
97.119.254.28 - - [21/Sep/2012:01:55:35 -0500] "GET /js/combined.js HTTP/1.1" 200 169946 "http://operationspokaneheroes.org/_inc/slide.php" "Mozilla/5.0 (Windows NT 6.1; rv:13.0) Gecko/20100101 Firefox/13.0"
97.119.254.28 - - [21/Sep/2012:01:55:36 -0500] "GET /images/mission_statement_bg.png HTTP/1.1" 200 11413 "http://operationspokaneheroes.org/css/slide.css" "Mozilla/5.0 (Windows NT 6.1; rv:13.0) Gecko/20100101 Firefox/13.0"
97.119.254.28 - - [21/Sep/2012:01:55:36 -0500] "GET /images/we_believe.png HTTP/1.1" 200 1785 "http://operationspokaneheroes.org/css/slide.css" "Mozilla/5.0 (Windows NT 6.1; rv:13.0) Gecko/20100101 Firefox/13.0"
97.119.254.28 - - [21/Sep/2012:01:55:36 -0500] "GET /images/we_strive.png HTTP/1.1" 200 1981 "http://operationspokaneheroes.org/css/slide.css" "Mozilla/5.0 (Windows NT 6.1; rv:13.0) Gecko/20100101 Firefox/13.0"
97.119.254.28 - - [21/Sep/2012:01:55:37 -0500] "GET /images/we_help.png HTTP/1.1" 200 1514 "http://operationspokaneheroes.org/css/slide.css" "Mozilla/5.0 (Windows NT 6.1; rv:13.0) Gecko/20100101 Firefox/13.0"
97.119.254.28 - - [21/Sep/2012:01:55:37 -0500] "GET /images/we_need.png HTTP/1.1" 200 2138 "http://operationspokaneheroes.org/css/slide.css" "Mozilla/5.0 (Windows NT 6.1; rv:13.0) Gecko/20100101 Firefox/13.0"
97.119.254.28 - - [21/Sep/2012:01:55:37 -0500] "GET /assets/images/btn_top_search_hover.png HTTP/1.1" 404 - "http://operationspokaneheroes.org/_inc/slide.php" "Mozilla/5.0 (Windows NT 6.1; rv:13.0) Gecko/20100101 Firefox/13.0"
97.119.254.28 - - [21/Sep/2012:01:55:37 -0500] "GET /assets/images/btn_main_search_hover.png HTTP/1.1" 404 - "http://operationspokaneheroes.org/_inc/slide.php" "Mozilla/5.0 (Windows NT 6.1; rv:13.0) Gecko/20100101 Firefox/13.0"
97.119.254.28 - - [21/Sep/2012:01:55:36 -0500] "GET /images/2.jpg HTTP/1.1" 200 170993 "http://operationspokaneheroes.org/_inc/slide.php" "Mozilla/5.0 (Windows NT 6.1; rv:13.0) Gecko/20100101 Firefox/13.0"
97.119.254.28 - - [21/Sep/2012:01:55:36 -0500] "GET /images/4.jpg HTTP/1.1" 200 186934 "http://operationspokaneheroes.org/_inc/slide.php" "Mozilla/5.0 (Windows NT 6.1; rv:13.0) Gecko/20100101 Firefox/13.0"
97.119.254.28 - - [21/Sep/2012:01:55:37 -0500] "GET /images/1.jpg HTTP/1.1" 200 142489 "http://operationspokaneheroes.org/_inc/slide.php" "Mozilla/5.0 (Windows NT 6.1; rv:13.0) Gecko/20100101 Firefox/13.0"
97.119.254.28 - - [21/Sep/2012:01:55:37 -0500] "GET /images/3.jpg HTTP/1.1" 200 240733 "http://operationspokaneheroes.org/_inc/slide.php" "Mozilla/5.0 (Windows NT 6.1; rv:13.0) Gecko/20100101 Firefox/13.0"
97.119.254.28 - - [21/Sep/2012:01:55:38 -0500] "GET /favicon.ico HTTP/1.1" 404 - "-" "Mozilla/5.0 (Windows NT 6.1; rv:13.0) Gecko/20100101 Firefox/13.0"
97.119.254.28 - - [21/Sep/2012:01:55:38 -0500] "GET /favicon.ico HTTP/1.1" 404 - "-" "Mozilla/5.0 (Windows NT 6.1; rv:13.0) Gecko/20100101 Firefox/13.0"
97.119.254.28 - - [21/Sep/2012:01:55:38 -0500] "GET /favicon.ico HTTP/1.1" 404 - "-" "Mozilla/5.0 (Windows NT 6.1; rv:13.0) Gecko/20100101 Firefox/13.0"
97.119.254.28 - - [21/Sep/2012:01:55:42 -0500] "GET /aboutus.php HTTP/1.1" 200 11557 "http://operationspokaneheroes.org/" "Mozilla/5.0 (Windows NT 6.1; rv:13.0) Gecko/20100101 Firefox/13.0"
97.119.254.28 - - [21/Sep/2012:01:55:42 -0500] "GET /_inc/slide.php HTTP/1.1" 200 3205 "http://operationspokaneheroes.org/aboutus.php" "Mozilla/5.0 (Windows NT 6.1; rv:13.0) Gecko/20100101 Firefox/13.0"
97.119.254.28 - - [21/Sep/2012:01:55:43 -0500] "GET /assets/images/btn_top_search_hover.png HTTP/1.1" 404 - "http://operationspokaneheroes.org/_inc/slide.php" "Mozilla/5.0 (Windows NT 6.1; rv:13.0) Gecko/20100101 Firefox/13.0"
97.119.254.28 - - [21/Sep/2012:01:55:43 -0500] "GET /assets/images/btn_main_search_hover.png HTTP/1.1" 404 - "http://operationspokaneheroes.org/_inc/slide.php" "Mozilla/5.0 (Windows NT 6.1; rv:13.0) Gecko/20100101 Firefox/13.0"
97.119.254.28 - - [21/Sep/2012:01:56:03 -0500] "GET /business.php HTTP/1.1" 200 10703 "http://operationspokaneheroes.org/aboutus.php" "Mozilla/5.0 (Windows NT 6.1; rv:13.0) Gecko/20100101 Firefox/13.0"
97.119.254.28 - - [21/Sep/2012:01:56:03 -0500] "GET /_inc/slide.php HTTP/1.1" 200 3205 "http://operationspokaneheroes.org/business.php" "Mozilla/5.0 (Windows NT 6.1; rv:13.0) Gecko/20100101 Firefox/13.0"
97.119.254.28 - - [21/Sep/2012:01:56:04 -0500] "GET /assets/images/btn_top_search_hover.png HTTP/1.1" 404 - "http://operationspokaneheroes.org/_inc/slide.php" "Mozilla/5.0 (Windows NT 6.1; rv:13.0) Gecko/20100101 Firefox/13.0"
97.119.254.28 - - [21/Sep/2012:01:56:04 -0500] "GET /assets/images/btn_main_search_hover.png HTTP/1.1" 404 - "http://operationspokaneheroes.org/_inc/slide.php" "Mozilla/5.0 (Windows NT 6.1; rv:13.0) Gecko/20100101 Firefox/13.0"
180.76.5.161 - - [21/Sep/2012:01:56:05 -0500] "GET /robots.txt HTTP/1.1" 404 - "-" "Mozilla/5.0 (compatible; Baiduspider/2.0; +http://www.baidu.com/search/spider.html)"
97.119.254.28 - - [21/Sep/2012:01:56:10 -0500] "GET /pdf/2010_Top100_Military_Friendly_Employers.pdf HTTP/1.1" 200 711726 "http://operationspokaneheroes.org/business.php" "Mozilla/5.0 (Windows NT 6.1; rv:13.0) Gecko/20100101 Firefox/13.0"
97.119.254.28 - - [21/Sep/2012:01:56:53 -0500] "GET /pdf/174%20Stores%20and%20Business%20Offering%20Military%20Discounts1.pdf HTTP/1.1" 200 122888 "http://operationspokaneheroes.org/business.php" "Mozilla/5.0 (Windows NT 6.1; rv:13.0) Gecko/20100101 Firefox/13.0"
139.18.2.17 - - [21/Sep/2012:02:08:39 -0500] "GET /calendar.php HTTP/1.1" 200 10599 "-" "findlinks/2.6 (+http://wortschatz.uni-leipzig.de/findlinks/)"
66.249.73.133 - - [21/Sep/2012:03:30:07 -0500] "GET /index.php HTTP/1.1" 200 10447 "-" "Mozilla/5.0 (compatible; Googlebot/2.1; +http://www.google.com/bot.html)"
66.249.73.133 - - [21/Sep/2012:04:22:35 -0500] "GET /robots.txt HTTP/1.1" 404 - "-" "Mozilla/5.0 (compatible; Googlebot/2.1; +http://www.google.com/bot.html)"
66.249.73.133 - - [21/Sep/2012:04:22:35 -0500] "GET /pdf/Operation%20Wings%20of%20Hope.pdf HTTP/1.1" 304 - "-" "Mozilla/5.0 (compatible; Googlebot/2.1; +http://www.google.com/bot.html)"
66.249.73.133 - - [21/Sep/2012:04:23:21 -0500] "GET /events.php HTTP/1.1" 200 6407 "-" "Mozilla/5.0 (compatible; Googlebot/2.1; +http://www.google.com/bot.html)"
66.249.73.133 - - [21/Sep/2012:04:35:34 -0500] "GET /events/ermy_event/images/10.jpg HTTP/1.1" 200 123002 "-" "Mozilla/5.0 (compatible; Googlebot/2.1; +http://www.google.com/bot.html)"
66.249.73.133 - - [21/Sep/2012:04:35:35 -0500] "GET /events/vet_picnic/css/style.css HTTP/1.1" 200 1149 "-" "Mozilla/5.0 (compatible; Googlebot/2.1; +http://www.google.com/bot.html)"
66.249.73.133 - - [21/Sep/2012:04:35:35 -0500] "GET /events/ermy_event/js/jquery.movingboxes.min.js HTTP/1.1" 200 4663 "-" "Mozilla/5.0 (compatible; Googlebot/2.1; +http://www.google.com/bot.html)"
66.249.73.133 - - [21/Sep/2012:04:35:37 -0500] "GET /events/ermy_event/images/5.jpg HTTP/1.1" 200 97554 "-" "Mozilla/5.0 (compatible; Googlebot/2.1; +http://www.google.com/bot.html)"
66.249.73.133 - - [21/Sep/2012:04:35:38 -0500] "GET /events/vet_picnic/vet_picnic.html HTTP/1.1" 200 3163 "-" "Mozilla/5.0 (compatible; Googlebot/2.1; +http://www.google.com/bot.html)"
66.249.73.133 - - [21/Sep/2012:04:35:40 -0500] "GET /events/vet_picnic/js/jquery.movingboxes.min.js HTTP/1.1" 200 4663 "-" "Mozilla/5.0 (compatible; Googlebot/2.1; +http://www.google.com/bot.html)"
66.249.73.133 - - [21/Sep/2012:04:35:42 -0500] "GET /events/vet_picnic/images/67.jpg HTTP/1.1" 404 - "-" "Mozilla/5.0 (compatible; Googlebot/2.1; +http://www.google.com/bot.html)"
66.249.73.133 - - [21/Sep/2012:04:35:44 -0500] "GET /events/ermy_event/ermy.html HTTP/1.1" 200 3507 "-" "Mozilla/5.0 (compatible; Googlebot/2.1; +http://www.google.com/bot.html)"
66.249.73.133 - - [21/Sep/2012:04:35:45 -0500] "GET /events/ermy_event/css/style.css HTTP/1.1" 200 1149 "-" "Mozilla/5.0 (compatible; Googlebot/2.1; +http://www.google.com/bot.html)"
66.249.73.133 - - [21/Sep/2012:04:35:47 -0500] "GET /events/carousel_11/carousel_11.html HTTP/1.1" 200 3712 "-" "Mozilla/5.0 (compatible; Googlebot/2.1; +http://www.google.com/bot.html)"
66.249.73.133 - - [21/Sep/2012:04:35:49 -0500] "GET /events/ermy_event/images/leftshadow.png HTTP/1.1" 200 153 "-" "Mozilla/5.0 (compatible; Googlebot/2.1; +http://www.google.com/bot.html)"
66.249.73.133 - - [21/Sep/2012:04:35:52 -0500] "GET /events/vet_picnic/images/4.jpg HTTP/1.1" 200 181214 "-" "Mozilla/5.0 (compatible; Googlebot/2.1; +http://www.google.com/bot.html)"
66.249.73.133 - - [21/Sep/2012:04:46:12 -0500] "GET /pdf/Welcome%20Home%20Event%20Flyer%202012.pdf HTTP/1.1" 304 - "-" "Mozilla/5.0 (compatible; Googlebot/2.1; +http://www.google.com/bot.html)"
100.43.83.155 - - [21/Sep/2012:04:54:20 -0500] "GET / HTTP/1.1" 200 10447 "-" "Mozilla/5.0 (compatible; YandexBot/3.0; +http://yandex.com/bots)"
178.137.128.77 - - [21/Sep/2012:05:14:58 -0500] "GET / HTTP/1.1" 200 10447 "http://www.giftsburg.ru/" "Mozilla/4.0 (compatible; MSIE 6.0; Windows NT 5.1; SV1; InfoPath.1"
178.137.128.77 - - [21/Sep/2012:05:14:59 -0500] "GET / HTTP/1.1" 200 10267 "http://www.giftsburg.ru/" "Mozilla/4.0 (compatible; MSIE 6.0; Windows NT 5.1; SV1; InfoPath.1"
213.186.127.6 - - [21/Sep/2012:06:22:04 -0500] "GET /aboutus.php HTTP/1.1" 200 11557 "-" "Mozilla/5.0 (compatible; AhrefsBot/3.1; +http://ahrefs.com/robot/)"
157.56.94.158 - - [21/Sep/2012:06:22:11 -0500] "GET /robots.txt HTTP/1.1" 404 - "-" "msnbot/2.0b (+http://search.msn.com/msnbot.htm)"
157.56.94.158 - - [21/Sep/2012:06:22:11 -0500] "GET / HTTP/1.1" 200 10447 "-" "msnbot/2.0b (+http://search.msn.com/msnbot.htm)"
132.79.9.16 - - [21/Sep/2012:07:23:43 -0500] "GET / HTTP/1.0" 200 10447 "-" "Mozilla/4.0 (compatible;)"
132.79.9.16 - - [21/Sep/2012:07:24:40 -0500] "GET /business.php HTTP/1.0" 200 10703 "-" "Mozilla/4.0 (compatible;)"
208.115.111.70 - - [21/Sep/2012:07:59:41 -0500] "GET /robots.txt HTTP/1.1" 404 - "-" "Mozilla/5.0 (compatible; Ezooms/1.0; ezooms.bot@gmail.com)"
38.101.148.120 - - [21/Sep/2012:08:46:08 -0500] "GET /robots.txt HTTP/1.1" 404 - "-" "Mozilla/5.0 (compatible; discoverybot/2.0; +http://discoveryengine.com/discoverybot.html)"
38.101.148.120 - - [21/Sep/2012:08:46:15 -0500] "GET /business_discount.php HTTP/1.1" 404 - "-" "Mozilla/5.0 (compatible; discoverybot/2.0; +http://discoveryengine.com/discoverybot.html)"
208.115.111.70 - - [21/Sep/2012:09:29:39 -0500] "GET /calendar.php HTTP/1.1" 200 10599 "-" "Mozilla/5.0 (compatible; Ezooms/1.0; ezooms.bot@gmail.com)"
157.56.94.158 - - [21/Sep/2012:10:24:06 -0500] "GET /index.php HTTP/1.1" 200 10447 "-" "msnbot/2.0b (+http://search.msn.com/msnbot.htm)"
157.56.94.158 - - [21/Sep/2012:10:24:12 -0500] "GET /contact.php HTTP/1.1" 200 10409 "-" "msnbot/2.0b (+http://search.msn.com/msnbot.htm)"
157.56.94.158 - - [21/Sep/2012:10:24:31 -0500] "GET /events.php HTTP/1.1" 200 6407 "-" "msnbot/2.0b (+http://search.msn.com/msnbot.htm)"
157.56.94.158 - - [21/Sep/2012:10:24:35 -0500] "GET /slider.html HTTP/1.1" 200 7752 "-" "msnbot/2.0b (+http://search.msn.com/msnbot.htm)"
157.56.94.158 - - [21/Sep/2012:10:24:37 -0500] "GET /calendar.php HTTP/1.1" 200 10599 "-" "msnbot/2.0b (+http://search.msn.com/msnbot.htm)"
157.56.94.158 - - [21/Sep/2012:10:24:39 -0500] "GET /_inc/slide.php HTTP/1.1" 200 3205 "-" "msnbot/2.0b (+http://search.msn.com/msnbot.htm)"
157.56.94.158 - - [21/Sep/2012:10:24:41 -0500] "GET /business.php HTTP/1.1" 200 10703 "-" "msnbot/2.0b (+http://search.msn.com/msnbot.htm)"
157.56.94.158 - - [21/Sep/2012:10:24:44 -0500] "GET /aboutus.php HTTP/1.1" 200 11557 "-" "msnbot/2.0b (+http://search.msn.com/msnbot.htm)"
157.56.94.158 - - [21/Sep/2012:10:24:45 -0500] "GET /donate.php HTTP/1.1" 200 11589 "-" "msnbot/2.0b (+http://search.msn.com/msnbot.htm)"
213.186.119.138 - - [21/Sep/2012:10:53:26 -0500] "GET /java_for_joes/index.html?68ef3720?b657b8c0?73c785b8 HTTP/1.1" 404 - "-" "Mozilla/5.0 (compatible; AhrefsBot/3.1; +http://ahrefs.com/robot/)"
208.115.111.70 - - [21/Sep/2012:11:45:33 -0500] "GET /robots.txt HTTP/1.1" 404 - "-" "Mozilla/5.0 (compatible; Ezooms/1.0; ezooms.bot@gmail.com)"
193.106.136.38 - - [21/Sep/2012:12:25:09 -0500] "GET / HTTP/1.1" 200 5324 "http://tuningauto.dp.ua/" "Mozilla/4.0 (compatible; MSIE 5.5; Windows 95)"
193.106.136.38 - - [21/Sep/2012:12:25:15 -0500] "GET / HTTP/1.1" 200 7022 "http://tuningauto.dp.ua/" "Mozilla/4.0 (compatible; MSIE 5.5; Windows 95)"
208.115.111.70 - - [21/Sep/2012:13:20:08 -0500] "GET /index.php HTTP/1.1" 200 10447 "-" "Mozilla/5.0 (compatible; Ezooms/1.0; ezooms.bot@gmail.com)"
213.186.122.3 - - [21/Sep/2012:13:42:28 -0500] "GET /robots.txt HTTP/1.1" 404 - "-" "Mozilla/5.0 (compatible; AhrefsBot/3.1; +http://ahrefs.com/robot/)"
213.186.122.3 - - [21/Sep/2012:13:42:29 -0500] "GET /robots.txt HTTP/1.1" 404 - "-" "Mozilla/5.0 (compatible; AhrefsBot/3.1; +http://ahrefs.com/robot/)"
173.236.21.106 - - [21/Sep/2012:13:57:21 -0500] "GET /robots.txt HTTP/1.0" 404 - "-" "Mozilla/5.0 (compatible; MJ12bot/v1.4.3; http://www.majestic12.co.uk/bot.php?+)"
173.236.21.106 - - [21/Sep/2012:13:57:23 -0500] "GET / HTTP/1.0" 200 10447 "-" "Mozilla/5.0 (compatible; MJ12bot/v1.4.3; http://www.majestic12.co.uk/bot.php?+)"
173.236.21.106 - - [21/Sep/2012:13:57:36 -0500] "GET /robots.txt HTTP/1.0" 404 - "-" "Mozilla/5.0 (compatible; MJ12bot/v1.4.3; http://www.majestic12.co.uk/bot.php?+)"
173.236.21.106 - - [21/Sep/2012:13:57:37 -0500] "GET / HTTP/1.0" 200 10447 "-" "Mozilla/5.0 (compatible; MJ12bot/v1.4.3; http://www.majestic12.co.uk/bot.php?+)"
213.186.127.2 - - [21/Sep/2012:15:22:06 -0500] "GET /business.php HTTP/1.1" 200 10703 "-" "Mozilla/5.0 (compatible; AhrefsBot/3.1; +http://ahrefs.com/robot/)"
180.76.5.110 - - [21/Sep/2012:15:32:02 -0500] "GET / HTTP/1.1" 200 10447 "-" "Mozilla/5.0 (compatible; Baiduspider/2.0; +http://www.baidu.com/search/spider.html)"
66.249.73.133 - - [21/Sep/2012:15:42:33 -0500] "GET /aboutus.php HTTP/1.1" 200 11557 "-" "Mozilla/5.0 (compatible; Googlebot/2.1; +http://www.google.com/bot.html)"
66.249.73.133 - - [21/Sep/2012:15:44:42 -0500] "GET /calendar.php HTTP/1.1" 200 10599 "-" "Mozilla/5.0 (compatible; Googlebot/2.1; +http://www.google.com/bot.html)"
93.182.137.34 - - [21/Sep/2012:15:59:46 -0500] "GET /index.php++++++++++++++++++++++++++++++++++++++Result:+no+post+sending+forms+are+found; HTTP/1.0" 404 - "http://operationspokaneheroes.org/index.php++++++++++++++++++++++++++++++++++++++Result:+no+post+sending+forms+are+found;" "Mozilla/5.0 (Windows NT 5.1) AppleWebKit/536.6 (KHTML, like Gecko) Chrome/20.0.1096.1 Safari/536.6"
93.182.137.34 - - [21/Sep/2012:15:59:47 -0500] "GET / HTTP/1.0" 200 10447 "http://operationspokaneheroes.org/" "Mozilla/5.0 (Windows NT 5.1) AppleWebKit/536.6 (KHTML, like Gecko) Chrome/20.0.1096.1 Safari/536.6"
46.229.160.208 - - [21/Sep/2012:16:43:57 -0500] "GET /pdf/174%20Stores%20and%20Business%20Offering%20Military%20Discounts1.pdf HTTP/1.1" 200 122888 "-" "Mozilla/4.0 (compatible; MSIE 7.0; Windows NT 5.1; .NET CLR 1.1.4322)"
123.125.71.78 - - [21/Sep/2012:17:36:08 -0500] "GET / HTTP/1.1" 200 10447 "-" "Mozilla/5.0 (compatible; Baiduspider/2.0; +http://www.baidu.com/search/spider.html)"
92.249.127.111 - - [21/Sep/2012:18:32:19 -0500] "GET / HTTP/1.1" 200 10447 "http://global-partner.name/" "Mozilla/5.0 (compatible; news bot /2.1)"
92.249.127.111 - - [21/Sep/2012:18:32:20 -0500] "GET / HTTP/1.1" 200 10267 "http://global-partner.name/" "Mozilla/5.0 (compatible; news bot /2.1)"
157.56.93.150 - - [21/Sep/2012:19:20:47 -0500] "GET /robots.txt HTTP/1.1" 404 - "-" "Mozilla/5.0 (compatible; bingbot/2.0; +http://www.bing.com/bingbot.htm)"
180.76.6.211 - - [21/Sep/2012:19:22:50 -0500] "GET /robots.txt HTTP/1.1" 404 - "-" "Mozilla/5.0 (compatible; Baiduspider/2.0; +http://www.baidu.com/search/spider.html)"
157.56.93.150 - - [21/Sep/2012:19:30:22 -0500] "GET /contact.php HTTP/1.1" 200 10409 "-" "Mozilla/5.0 (compatible; bingbot/2.0; +http://www.bing.com/bingbot.htm)"
180.76.5.188 - - [21/Sep/2012:19:31:25 -0500] "GET / HTTP/1.1" 200 10447 "-" "Mozilla/5.0 (compatible; Baiduspider/2.0; +http://www.baidu.com/search/spider.html)"
213.186.119.132 - - [21/Sep/2012:19:52:02 -0500] "GET /_inc/slide.php HTTP/1.1" 200 3205 "-" "Mozilla/5.0 (compatible; AhrefsBot/3.1; +http://ahrefs.com/robot/)"
157.55.33.78 - - [21/Sep/2012:20:17:21 -0500] "GET /robots.txt HTTP/1.1" 404 - "-" "Mozilla/5.0 (compatible; bingbot/2.0; +http://www.bing.com/bingbot.htm)"
157.55.33.78 - - [21/Sep/2012:20:33:36 -0500] "GET / HTTP/1.1" 200 10447 "-" "Mozilla/5.0 (compatible; bingbot/2.0; +http://www.bing.com/bingbot.htm)"
65.55.52.115 - - [21/Sep/2012:21:40:51 -0500] "GET /robots.txt HTTP/1.1" 404 - "-" "Mozilla/5.0 (compatible; bingbot/2.0; +http://www.bing.com/bingbot.htm)"
65.55.52.115 - - [21/Sep/2012:22:17:43 -0500] "GET /business.php HTTP/1.1" 200 10703 "-" "Mozilla/5.0 (compatible; bingbot/2.0; +http://www.bing.com/bingbot.htm)"
157.55.33.110 - - [21/Sep/2012:23:25:29 -0500] "GET /robots.txt HTTP/1.1" 404 - "-" "Mozilla/5.0 (compatible; bingbot/2.0; +http://www.bing.com/bingbot.htm)"
180.76.5.103 - - [21/Sep/2012:23:28:33 -0500] "GET /java_for_joes/index.html HTTP/1.1" 404 - "-" "Mozilla/5.0 (compatible; Baiduspider/2.0; +http://www.baidu.com/search/spider.html)"
157.55.33.110 - - [21/Sep/2012:23:31:42 -0500] "GET /events/vet_picnic/vet_picnic.html HTTP/1.1" 304 - "-" "Mozilla/5.0 (compatible; bingbot/2.0; +http://www.bing.com/bingbot.htm)"
72.94.249.37 - - [21/Sep/2012:23:34:28 -0500] "GET / HTTP/1.1" 200 10447 "-" "Mozilla/4.0 (compatible; MSIE 6.0; Windows NT 5.1; SV1; .NET CLR 1.1.4322)"
131.253.47.230 - - [21/Sep/2012:23:44:01 -0500] "GET /calendar.php HTTP/1.1" 200 10599 "-" "Mozilla/5.0 (compatible; bingbot/2.0; +http://www.bing.com/bingbot.htm)"
213.186.119.140 - - [22/Sep/2012:00:22:01 -0500] "GET /events.php HTTP/1.1" 200 6407 "-" "Mozilla/5.0 (compatible; AhrefsBot/3.1; +http://ahrefs.com/robot/)"
95.168.172.156 - - [22/Sep/2012:00:35:40 -0500] "GET / HTTP/1.1" 200 10447 "http://duster.ru/" "Mozilla/4.0 (MSIE 6.0; Windows NT 5.1; Search)"
95.168.172.156 - - [22/Sep/2012:00:35:40 -0500] "GET / HTTP/1.1" 200 10267 "http://duster.ru/" "Mozilla/4.0 (MSIE 6.0; Windows NT 5.1; Search)"
218.30.103.66 - - [22/Sep/2012:01:27:59 -0500] "GET /robots.txt HTTP/1.1" 404 - "-" "-"
218.30.103.66 - - [22/Sep/2012:01:28:09 -0500] "GET / HTTP/1.1" 200 10447 "-" "Sogou web spider/4.0(+http://www.sogou.com/docs/help/webmasters.htm#07)"
123.126.51.92 - - [22/Sep/2012:01:39:57 -0500] "GET /robots.txt HTTP/1.1" 404 - "-" "Sogou web spider/4.0"
123.126.51.92 - - [22/Sep/2012:01:39:59 -0500] "GET / HTTP/1.1" 200 10447 "-" "Sogou web spider/4.0(+http://www.sogou.com/docs/help/webmasters.htm#07)"
94.153.65.7 - - [22/Sep/2012:01:50:25 -0500] "GET / HTTP/1.1" 200 10447 "http://lampokrat.ws/" "Mozilla/5.0 (Windows NT 5.1; U; en) Opera 8.00"
94.153.65.7 - - [22/Sep/2012:01:50:26 -0500] "GET / HTTP/1.1" 200 10267 "http://lampokrat.ws/" "Mozilla/5.0 (Windows NT 5.1; U; en) Opera 8.00"
123.125.71.110 - - [22/Sep/2012:02:04:42 -0500] "GET /robots.txt HTTP/1.1" 404 - "-" "Mozilla/5.0 (Windows NT 5.1; rv:6.0.2) Gecko/20100101 Firefox/6.0.2"
94.153.65.7 - - [22/Sep/2012:02:45:42 -0500] "GET / HTTP/1.1" 200 10447 "http://softkatalog.ru/" "Mozilla/4.0 (compatible; MSIE 6.65.55.52.115 - - [22/Sep/2012:05:16:12 -0500] "GET /events.php HTTP/1.1" 200 6407 "-" "Mozilla/5.0 (compatible; bingbot/2.0; +http://www.bing.com/bingbot.htm)"
157.56.94.158 - - [22/Sep/2012:05:21:22 -0500] "GET /robots.txt HTTP/1.1" 404 - "-" "msnbot/2.0b (+http://search.msn.com/msnbot.htm)"
157.56.94.158 - - [22/Sep/2012:05:21:23 -0500] "GET / HTTP/1.1" 200 10447 "-" "msnbot/2.0b (+http://search.msn.com/msnbot.htm)"
208.115.111.70 - - [22/Sep/2012:07:47:06 -0500] "GET /robots.txt HTTP/1.1" 404 - "-" "Mozilla/5.0 (compatible; Ezooms/1.0; ezooms.bot@gmail.com)"
78.46.47.49 - - [22/Sep/2012:07:47:12 -0500] "GET / HTTP/1.1" 200 10447 "-" "Mozilla/4.0 (compatible; MSIE 8.0; Windows NT 6.1; Trident/4.0)"
208.115.111.70 - - [22/Sep/2012:08:03:24 -0500] "GET /java_for_joes/index.html?2110d400 HTTP/1.1" 404 - "-" "Mozilla/5.0 (compatible; Ezooms/1.0; ezooms.bot@gmail.com)"
65.55.52.117 - - [22/Sep/2012:08:40:06 -0500] "GET /robots.txt HTTP/1.1" 404 - "-" "Mozilla/5.0 (compatible; bingbot/2.0; +http://www.bing.com/bingbot.htm)"
65.55.52.117 - - [22/Sep/2012:08:49:09 -0500] "GET /events/lilac_parade/lilac_parade.html HTTP/1.1" 304 - "-" "Mozilla/5.0 (compatible; bingbot/2.0; +http://www.bing.com/bingbot.htm)"
213.186.119.138 - - [22/Sep/2012:09:22:16 -0500] "GET /events/ermy_event/ermy.html HTTP/1.1" 200 3507 "-" "Mozilla/5.0 (compatible; AhrefsBot/3.1; +http://ahrefs.com/robot/)"
131.253.46.241 - - [22/Sep/2012:09:58:15 -0500] "GET /robots.txt HTTP/1.1" 404 - "-" "Mozilla/5.0 (compatible; bingbot/2.0; +http://www.bing.com/bingbot.htm)"
131.253.46.241 - - [22/Sep/2012:10:07:50 -0500] "GET /join/ HTTP/1.1" 404 - "-" "Mozilla/5.0 (compatible; bingbot/2.0; +http://www.bing.com/bingbot.htm)"
173.192.34.95 - - [22/Sep/2012:10:14:20 -0500] "GET /robots.txt HTTP/1.1" 404 - "-" "Aboundex/0.2 (http://www.aboundex.com/crawler/)"
173.192.34.95 - - [22/Sep/2012:10:14:20 -0500] "GET / HTTP/1.1" 200 10447 "-" "Aboundex/0.2 (http://www.aboundex.com/crawler/)"
173.192.34.95 - - [22/Sep/2012:10:14:21 -0500] "GET /slider.html HTTP/1.1" 200 7752 "-" "Aboundex/0.2 (http://www.aboundex.com/crawler/)"
173.192.34.95 - - [22/Sep/2012:10:14:21 -0500] "GET /_inc/slide.php HTTP/1.1" 200 3205 "-" "Aboundex/0.2 (http://www.aboundex.com/crawler/)"
173.192.34.95 - - [22/Sep/2012:10:14:21 -0500] "GET /aboutus.php HTTP/1.1" 200 11557 "-" "Aboundex/0.2 (http://www.aboundex.com/crawler/)"
173.192.34.95 - - [22/Sep/2012:10:14:22 -0500] "GET /index.php HTTP/1.1" 200 10447 "-" "Aboundex/0.2 (http://www.aboundex.com/crawler/)"
173.192.34.95 - - [22/Sep/2012:10:14:22 -0500] "GET /contact.php HTTP/1.1" 200 10409 "-" "Aboundex/0.2 (http://www.aboundex.com/crawler/)"
173.192.34.95 - - [22/Sep/2012:10:14:22 -0500] "GET /donate.php HTTP/1.1" 200 11589 "-" "Aboundex/0.2 (http://www.aboundex.com/crawler/)"
173.192.34.95 - - [22/Sep/2012:10:14:22 -0500] "GET /business.php HTTP/1.1" 200 10703 "-" "Aboundex/0.2 (http://www.aboundex.com/crawler/)"
173.192.34.95 - - [22/Sep/2012:10:14:22 -0500] "GET /calendar.php HTTP/1.1" 200 10599 "-" "Aboundex/0.2 (http://www.aboundex.com/crawler/)"
173.192.34.95 - - [22/Sep/2012:10:14:23 -0500] "GET /events.php HTTP/1.1" 200 6407 "-" "Aboundex/0.2 (http://www.aboundex.com/crawler/)"
157.56.94.158 - - [22/Sep/2012:11:29:38 -0500] "GET /index.php HTTP/1.1" 200 10447 "-" "msnbot/2.0b (+http://search.msn.com/msnbot.htm)"
157.56.94.158 - - [22/Sep/2012:11:29:40 -0500] "GET /contact.php HTTP/1.1" 200 10409 "-" "msnbot/2.0b (+http://search.msn.com/msnbot.htm)"
157.56.94.158 - - [22/Sep/2012:11:29:42 -0500] "GET /events.php HTTP/1.1" 200 6407 "-" "msnbot/2.0b (+http://search.msn.com/msnbot.htm)"
157.56.94.158 - - [22/Sep/2012:11:29:46 -0500] "GET /slider.html HTTP/1.1" 200 7752 "-" "msnbot/2.0b (+http://search.msn.com/msnbot.htm)"
157.56.94.158 - - [22/Sep/2012:11:29:49 -0500] "GET /calendar.php HTTP/1.1" 200 10599 "-" "msnbot/2.0b (+http://search.msn.com/msnbot.htm)"
157.56.94.158 - - [22/Sep/2012:11:29:51 -0500] "GET /_inc/slide.php HTTP/1.1" 200 3205 "-" "msnbot/2.0b (+http://search.msn.com/msnbot.htm)"
157.56.94.158 - - [22/Sep/2012:11:29:54 -0500] "GET /business.php HTTP/1.1" 200 10703 "-" "msnbot/2.0b (+http://search.msn.com/msnbot.htm)"
157.56.94.158 - - [22/Sep/2012:11:29:59 -0500] "GET /aboutus.php HTTP/1.1" 200 11557 "-" "msnbot/2.0b (+http://search.msn.com/msnbot.htm)"
157.56.94.158 - - [22/Sep/2012:11:30:02 -0500] "GET /donate.php HTTP/1.1" 200 11589 "-" "msnbot/2.0b (+http://search.msn.com/msnbot.htm)"
100.43.83.155 - - [22/Sep/2012:12:14:59 -0500] "GET /robots.txt HTTP/1.1" 404 - "-" "Mozilla/5.0 (compatible; YandexBot/3.0; +http://yandex.com/bots)"
213.186.127.5 - - [22/Sep/2012:13:52:02 -0500] "GET /events/carousel_11/carousel_11.html HTTP/1.1" 200 3712 "-" "Mozilla/5.0 (compatible; AhrefsBot/3.1; +http://ahrefs.com/robot/)"
123.125.71.13 - - [22/Sep/2012:14:05:52 -0500] "GET / HTTP/1.1" 200 10447 "-" "Mozilla/5.0 (compatible; Baiduspider/2.0; +http://www.baidu.com/search/spider.html)"
100.43.83.155 - - [22/Sep/2012:14:40:50 -0500] "GET /business.php HTTP/1.1" 200 10703 "-" "Mozilla/5.0 (compatible; YandexBot/3.0; +http://yandex.com/bots)"
66.249.73.133 - - [22/Sep/2012:15:06:58 -0500] "GET /robots.txt HTTP/1.1" 404 - "-" "Mozilla/5.0 (compatible; Googlebot/2.1; +http://www.google.com/bot.html)"
66.249.73.133 - - [22/Sep/2012:15:06:58 -0500] "GET / HTTP/1.1" 200 10447 "-" "Mozilla/5.0 (compatible; Googlebot/2.1; +http://www.google.com/bot.html)"
109.120.157.179 - - [22/Sep/2012:16:01:35 -0500] "GET / HTTP/1.1" 200 10447 "http://mamki.de/" "Mozilla/5.0 (compatible; Add Catalog/2.1;)"
109.120.157.179 - - [22/Sep/2012:16:01:36 -0500] "GET / HTTP/1.1" 200 10267 "http://mamki.de/" "Mozilla/5.0 (compatible; Add Catalog/2.1;)"
66.249.73.102 - - [22/Sep/2012:16:02:29 -0500] "GET /robots.txt HTTP/1.1" 404 - "-" "Mozilla/5.0 (compatible; Googlebot/2.1; +http://www.google.com/bot.html)"
66.249.73.102 - - [22/Sep/2012:16:02:29 -0500] "GET / HTTP/1.1" 200 10447 "-" "Mozilla/5.0 (iPhone; U; CPU iPhone OS 4_1 like Mac OS X; en-us) AppleWebKit/532.9 (KHTML, like Gecko) Version/4.0.5 Mobile/8B117 Safari/6531.22.7 (compatible; Googlebot-Mobile/2.1; +http://www.google.com/bot.html)"
66.249.73.133 - - [22/Sep/2012:16:33:59 -0500] "GET / HTTP/1.1" 200 10447 "-" "Mozilla/5.0 (iPhone; U; CPU iPhone OS 4_1 like Mac OS X; en-us) AppleWebKit/532.9 (KHTML, like Gecko) Version/4.0.5 Mobile/8B117 Safari/6531.22.7 (compatible; Googlebot-Mobile/2.1; +http://www.google.com/bot.html)"
213.186.122.3 - - [22/Sep/2012:16:46:13 -0500] "GET /robots.txt HTTP/1.1" 404 - "-" "Mozilla/5.0 (compatible; AhrefsBot/3.1; +http://ahrefs.com/robot/)"
213.186.122.3 - - [22/Sep/2012:16:46:14 -0500] "GET /robots.txt HTTP/1.1" 404 - "-" "Mozilla/5.0 (compatible; AhrefsBot/3.1; +http://ahrefs.com/robot/)"
66.249.73.133 - - [22/Sep/2012:16:53:44 -0500] "GET /_inc/contact.php HTTP/1.1" 200 756 "-" "Mozilla/5.0 (compatible; Googlebot/2.1; +http://www.google.com/bot.html)"
132.79.9.16 - - [22/Sep/2012:17:13:13 -0500] "GET / HTTP/1.0" 200 10447 "-" "Mozilla/4.0 (compatible;)"
132.79.9.16 - - [22/Sep/2012:17:14:07 -0500] "GET /business.php HTTP/1.0" 200 10703 "-" "Mozilla/4.0 (compatible;)"
100.43.83.155 - - [22/Sep/2012:17:40:40 -0500] "GET / HTTP/1.1" 200 10447 "-" "Mozilla/5.0 (compatible; YandexBot/3.0; +http://yandex.com/bots)"
69.76.7.140 - - [22/Sep/2012:18:21:11 -0500] "GET /calendar.php HTTP/1.1" 200 10599 "http://operationspokaneheroes.org/" "Mozilla/5.0 (Linux; U; Android 4.0.3; en-us; Sprint APX515CKT Build/IML74K) AppleWebKit/534.30 (KHTML, like Gecko) Version/4.0 Mobile Safari/534.30"
69.76.7.140 - - [22/Sep/2012:18:21:12 -0500] "GET /_inc/slide.php HTTP/1.1" 200 3205 "http://operationspokaneheroes.org/calendar.php" "Mozilla/5.0 (Linux; U; Android 4.0.3; en-us; Sprint APX515CKT Build/IML74K) AppleWebKit/534.30 (KHTML, like Gecko) Version/4.0 Mobile Safari/534.30"
69.76.7.140 - - [22/Sep/2012:18:21:12 -0500] "GET /assets/images/btn_top_search_hover.png HTTP/1.1" 404 - "http://operationspokaneheroes.org/_inc/slide.php" "Mozilla/5.0 (Linux; U; Android 4.0.3; en-us; Sprint APX515CKT Build/IML74K) AppleWebKit/534.30 (KHTML, like Gecko) Version/4.0 Mobile Safari/534.30"
69.76.7.140 - - [22/Sep/2012:18:21:12 -0500] "GET /assets/images/btn_main_search_hover.png HTTP/1.1" 404 - "http://operationspokaneheroes.org/_inc/slide.php" "Mozilla/5.0 (Linux; U; Android 4.0.3; en-us; Sprint APX515CKT Build/IML74K) AppleWebKit/534.30 (KHTML, like Gecko) Version/4.0 Mobile Safari/534.30"
69.76.7.140 - - [22/Sep/2012:18:21:26 -0500] "GET /events.php HTTP/1.1" 200 6407 "http://operationspokaneheroes.org/" "Mozilla/5.0 (Linux; U; Android 4.0.3; en-us; Sprint APX515CKT Build/IML74K) AppleWebKit/534.30 (KHTML, like Gecko) Version/4.0 Mobile Safari/534.30"
69.76.7.140 - - [22/Sep/2012:18:21:26 -0500] "GET /events/carousel_11/carousel_11.html HTTP/1.1" 200 3712 "http://operationspokaneheroes.org/events.php" "Mozilla/5.0 (Linux; U; Android 4.0.3; en-us; Sprint APX515CKT Build/IML74K) AppleWebKit/534.30 (KHTML, like Gecko) Version/4.0 Mobile Safari/534.30"
69.76.7.140 - - [22/Sep/2012:18:21:26 -0500] "GET /events/vet_picnic/vet_picnic.html HTTP/1.1" 200 3163 "http://operationspokaneheroes.org/events.php" "Mozilla/5.0 (Linux; U; Android 4.0.3; en-us; Sprint APX515CKT Build/IML74K) AppleWebKit/534.30 (KHTML, like Gecko) Version/4.0 Mobile Safari/534.30"
