66.249.68.13 - - [15/Mar/2014:15:26:11 -0500] "GET /join/ HTTP/1.1" 404 - "-" "Mozilla/5.0 (iPhone; CPU iPhone OS 6_0 like Mac OS X) AppleWebKit/536.26 (KHTML, like Gecko) Version/6.0 Mobile/10A5376e Safari/8536.25 (compatible; Googlebot/2.1; +http://www.google.com/bot.html)"
132.3.65.80 - - [15/Mar/2014:15:45:44 -0500] "GET /images/we_believe.png HTTP/1.1" 200 1785 "-" "Mozilla/4.0 (compatible;)"
132.3.65.79 - - [15/Mar/2014:15:46:24 -0500] "GET /css/style_global.css HTTP/1.1" 200 2621 "-" "Mozilla/4.0 (compatible;)"
132.3.65.79 - - [15/Mar/2014:15:51:08 -0500] "GET /js/combined.js HTTP/1.1" 200 169946 "-" "Mozilla/4.0 (compatible;)"
157.56.92.149 - - [15/Mar/2014:16:15:43 -0500] "GET /robots.txt HTTP/1.1" 404 - "-" "Mozilla/5.0 (compatible; bingbot/2.0; +http://www.bing.com/bingbot.htm)"
157.56.92.149 - - [15/Mar/2014:16:16:43 -0500] "GET / HTTP/1.1" 200 10635 "-" "Mozilla/5.0 (compatible; bingbot/2.0; +http://www.bing.com/bingbot.htm)"
132.3.65.80 - - [15/Mar/2014:16:28:20 -0500] "GET /images/mission_statement_bg.png HTTP/1.1" 200 11413 "-" "Mozilla/4.0 (compatible;)"
132.3.65.81 - - [15/Mar/2014:16:59:45 -0500] "GET /images/facebook.png HTTP/1.1" 200 5004 "-" "Mozilla/4.0 (compatible;)"
106.120.173.159 - - [15/Mar/2014:17:02:56 -0500] "GET / HTTP/1.1" 200 10635 "-" "Sogou web spider/4.0(+http://www.sogou.com/docs/help/webmasters.htm#07)"
106.120.173.159 - - [15/Mar/2014:17:02:59 -0500] "GET /robots.txt HTTP/1.1" 404 - "-" "Sogou web spider/4.0(+http://www.sogou.com/docs/help/webmasters.htm#07)"
66.249.75.210 - - [15/Mar/2014:17:38:09 -0500] "GET / HTTP/1.1" 200 10635 "-" "DoCoMo/2.0 N905i(c100;TB;W24H16) (compatible; Googlebot-Mobile/2.1; +http://www.google.com/bot.html)"
89.123.62.151 - - [15/Mar/2014:18:12:00 -0500] "GET / HTTP/1.1" 200 10635 "-" "Java/1.6.0_04"
89.123.62.151 - - [15/Mar/2014:18:12:01 -0500] "GET /aboutus.php HTTP/1.1" 200 11667 "-" "Java/1.6.0_04"
89.123.62.151 - - [15/Mar/2014:18:12:02 -0500] "GET /business.php HTTP/1.1" 200 10813 "-" "Java/1.6.0_04"
89.123.62.151 - - [15/Mar/2014:18:12:02 -0500] "GET /calendar.php HTTP/1.1" 200 10644 "-" "Java/1.6.0_04"
89.123.62.151 - - [15/Mar/2014:18:12:03 -0500] "GET /contact.php HTTP/1.1" 200 10519 "-" "Java/1.6.0_04"
89.123.62.151 - - [15/Mar/2014:18:12:04 -0500] "GET /donate.php HTTP/1.1" 200 11699 "-" "Java/1.6.0_04"
89.123.62.151 - - [15/Mar/2014:18:12:05 -0500] "GET /events.php HTTP/1.1" 200 6407 "-" "Java/1.6.0_04"
89.123.62.151 - - [15/Mar/2014:18:12:06 -0500] "GET /freedom.php HTTP/1.1" 200 11227 "-" "Java/1.6.0_04"
89.123.62.151 - - [15/Mar/2014:18:12:07 -0500] "GET /index.php HTTP/1.1" 200 10635 "-" "Java/1.6.0_04"
89.123.62.151 - - [15/Mar/2014:18:12:07 -0500] "GET /_inc/slide.php HTTP/1.1" 200 3205 "-" "Java/1.6.0_04"
89.123.62.151 - - [15/Mar/2014:18:12:08 -0500] "GET /images/contacticon.png HTTP/1.1" 200 4499 "-" "Java/1.6.0_04"
89.123.62.151 - - [15/Mar/2014:18:12:08 -0500] "GET /images/facebook.png HTTP/1.1" 200 5004 "-" "Java/1.6.0_04"
89.123.62.151 - - [15/Mar/2014:18:12:08 -0500] "GET /images/freedom_friday_click_here.png HTTP/1.1" 200 19268 "-" "Java/1.6.0_04"
89.123.62.151 - - [15/Mar/2014:18:12:09 -0500] "GET /images/global.png HTTP/1.1" 200 5737 "-" "Java/1.6.0_04"
89.123.62.151 - - [15/Mar/2014:18:12:09 -0500] "GET /images/logo.png HTTP/1.1" 200 226129 "-" "Java/1.6.0_04"
89.123.62.151 - - [15/Mar/2014:18:12:11 -0500] "GET /slider/index.html HTTP/1.1" 200 2900 "-" "Java/1.6.0_04"
89.123.62.151 - - [15/Mar/2014:18:12:12 -0500] "GET /_inc/contact.php HTTP/1.1" 200 756 "-" "Java/1.6.0_04"
89.123.62.151 - - [15/Mar/2014:18:12:12 -0500] "GET /events/Brittanycozza-.png HTTP/1.1" 200 156325 "-" "Java/1.6.0_04"
89.123.62.151 - - [15/Mar/2014:18:12:14 -0500] "GET /join HTTP/1.1" 404 - "-" "Java/1.6.0_04"
89.123.62.151 - - [15/Mar/2014:18:12:14 -0500] "GET /js/combined.js HTTP/1.1" 200 169946 "-" "Java/1.6.0_04"
89.123.62.151 - - [15/Mar/2014:18:12:20 -0500] "GET /images/imagslider-2.png HTTP/1.1" 200 60039 "-" "Java/1.6.0_04"
89.123.62.151 - - [15/Mar/2014:18:12:22 -0500] "GET /images/imagslider-4.png HTTP/1.1" 200 64386 "-" "Java/1.6.0_04"
89.123.62.151 - - [15/Mar/2014:18:12:23 -0500] "GET /images/imagslider-5.png HTTP/1.1" 200 65260 "-" "Java/1.6.0_04"
89.123.62.151 - - [15/Mar/2014:18:12:23 -0500] "GET /images/imagslider-6.png HTTP/1.1" 200 37295 "-" "Java/1.6.0_04"
89.123.62.151 - - [15/Mar/2014:18:12:24 -0500] "GET /images/slder2.png HTTP/1.1" 200 32853 "-" "Java/1.6.0_04"
89.123.62.151 - - [15/Mar/2014:18:12:24 -0500] "GET /contact/contactengine.php HTTP/1.1" 200 61 "-" "Java/1.6.0_04"
89.123.62.151 - - [15/Mar/2014:18:12:25 -0500] "GET /js/'+opts.iframeSrc+' HTTP/1.1" 404 - "-" "Java/1.6.0_04"
89.123.62.151 - - [15/Mar/2014:18:12:25 -0500] "GET /js/'+s.src+' HTTP/1.1" 404 - "-" "Java/1.6.0_04"
89.123.62.151 - - [15/Mar/2014:18:12:26 -0500] "GET /js/)&&label.html(message);}else{label=$( HTTP/1.1" 404 - "-" "Java/1.6.0_04"
89.123.62.151 - - [15/Mar/2014:18:12:27 -0500] "GET /js/).html(options.highlight(formatted,term)).addClass(i%2==0? HTTP/1.1" 404 - "-" "Java/1.6.0_04"
132.3.65.79 - - [15/Mar/2014:18:19:01 -0500] "GET /images/we_help.png HTTP/1.1" 200 1514 "-" "Mozilla/4.0 (compatible;)"
132.3.65.81 - - [15/Mar/2014:18:21:27 -0500] "GET /css/global.css HTTP/1.1" 200 13951 "-" "Mozilla/4.0 (compatible;)"
132.3.65.79 - - [15/Mar/2014:18:23:40 -0500] "GET /images/we_strive.png HTTP/1.1" 200 1981 "-" "Mozilla/4.0 (compatible;)"
132.3.65.80 - - [15/Mar/2014:18:27:57 -0500] "GET /css/footer.css HTTP/1.1" 200 752 "-" "Mozilla/4.0 (compatible;)"
217.69.133.28 - - [15/Mar/2014:18:34:50 -0500] "GET /robots.txt HTTP/1.1" 404 - "-" "Mozilla/5.0 (compatible; Linux x86_64; Mail.RU_Bot/2.0; +http://go.mail.ru/help/robots)"
217.69.133.28 - - [15/Mar/2014:18:34:52 -0500] "GET /pdf/Survival%20Camp%202013%202%20pg%20flyer.pdf HTTP/1.1" 304 - "-" "Mozilla/5.0 (compatible; Linux x86_64; Mail.RU_Bot/2.0; +http://go.mail.ru/help/robots)"
66.249.68.249 - - [15/Mar/2014:19:07:31 -0500] "GET / HTTP/1.1" 200 10635 "-" "SAMSUNG-SGH-E250/1.0 Profile/MIDP-2.0 Configuration/CLDC-1.1 UP.Browser/6.2.3.3.c.1.101 (GUI) MMP/2.0 (compatible; Googlebot-Mobile/2.1; +http://www.google.com/bot.html)"
132.3.65.81 - - [15/Mar/2014:19:25:41 -0500] "GET /images/nav2.jpg HTTP/1.1" 200 4444 "-" "Mozilla/4.0 (compatible;)"
132.3.65.82 - - [15/Mar/2014:19:25:47 -0500] "GET /images/contacticon.png HTTP/1.1" 200 4499 "-" "Mozilla/4.0 (compatible;)"
132.3.65.82 - - [15/Mar/2014:19:40:14 -0500] "GET /images/logo.png HTTP/1.1" 200 226129 "-" "Mozilla/4.0 (compatible;)"
66.249.75.202 - - [15/Mar/2014:19:44:29 -0500] "GET /robots.txt HTTP/1.1" 404 - "-" "Mozilla/5.0 (compatible; Googlebot/2.1; +http://www.google.com/bot.html)"
66.249.68.254 - - [15/Mar/2014:19:44:29 -0500] "GET / HTTP/1.1" 200 10635 "-" "SAMSUNG-SGH-E250/1.0 Profile/MIDP-2.0 Configuration/CLDC-1.1 UP.Browser/6.2.3.3.c.1.101 (GUI) MMP/2.0 (compatible; Googlebot-Mobile/2.1; +http://www.google.com/bot.html)"
66.249.75.102 - - [15/Mar/2014:20:31:24 -0500] "GET /robots.txt HTTP/1.1" 404 - "-" "Mozilla/5.0 (compatible; Googlebot/2.1; +http://www.google.com/bot.html)"
66.249.75.72 - - [15/Mar/2014:20:31:24 -0500] "GET /pdf/OSH%20Freedom%20Fridays%20Flyer%20w-back.pdf HTTP/1.1" 200 1146408 "-" "Mozilla/5.0 (iPhone; CPU iPhone OS 6_0 like Mac OS X) AppleWebKit/536.26 (KHTML, like Gecko) Version/6.0 Mobile/10A5376e Safari/8536.25 (compatible; Googlebot/2.1; +http://www.google.com/bot.html)"
132.3.65.82 - - [15/Mar/2014:20:55:59 -0500] "GET /css/slide.css HTTP/1.1" 200 2869 "-" "Mozilla/4.0 (compatible;)"
132.3.65.79 - - [15/Mar/2014:21:01:02 -0500] "GET /images/3.jpg HTTP/1.1" 200 240733 "-" "Mozilla/4.0 (compatible;)"
157.55.32.26 - - [15/Mar/2014:21:25:34 -0500] "GET /robots.txt HTTP/1.1" 404 - "-" "Mozilla/5.0 (compatible; bingbot/2.0; +http://www.bing.com/bingbot.htm)"
157.55.32.26 - - [15/Mar/2014:21:26:24 -0500] "GET /donate.php HTTP/1.1" 200 11699 "-" "Mozilla/5.0 (compatible; bingbot/2.0; +http://www.bing.com/bingbot.htm)"
183.60.213.29 - - [15/Mar/2014:21:43:33 -0500] "GET /calendar.php HTTP/1.1" 200 10644 "-" "Mozilla/5.0 (compatible; EasouSpider; +http://www.easou.com/search/spider.html)"
180.76.5.188 - - [15/Mar/2014:22:45:07 -0500] "GET /pdf/WAwillvetsFINAL.pdf HTTP/1.1" 200 4202968 "-" "Mozilla/5.0 (Windows NT 5.1; rv:6.0.2) Gecko/20100101 Firefox/6.0.2"
180.76.5.151 - - [16/Mar/2014:01:34:28 -0500] "GET /pdf/NAVY%20HOLIDAY%20CARE%20PACKAGES.pdf HTTP/1.1" 200 52326 "-" "Mozilla/5.0 (Windows NT 5.1; rv:6.0.2) Gecko/20100101 Firefox/6.0.2"
180.76.5.63 - - [16/Mar/2014:01:52:12 -0500] "GET /java_for_joes/index.html HTTP/1.1" 404 - "-" "Mozilla/5.0 (compatible; Baiduspider/2.0; +http://www.baidu.com/search/spider.html)"
157.56.92.149 - - [16/Mar/2014:02:07:27 -0500] "GET / HTTP/1.1" 200 10635 "-" "Mozilla/5.0 (compatible; bingbot/2.0; +http://www.bing.com/bingbot.htm)"
199.30.20.1 - - [16/Mar/2014:02:16:45 -0500] "GET /robots.txt HTTP/1.1" 404 - "-" "msnbot-media/1.1 (+http://search.msn.com/msnbot.htm)"
199.30.20.1 - - [16/Mar/2014:02:16:45 -0500] "GET /images/1_big.gif HTTP/1.1" 200 24200 "-" "msnbot-media/1.1 (+http://search.msn.com/msnbot.htm)"
157.55.35.101 - - [16/Mar/2014:03:06:44 -0500] "GET /robots.txt HTTP/1.1" 404 - "-" "Mozilla/5.0 (compatible; bingbot/2.0; +http://www.bing.com/bingbot.htm)"
157.55.35.101 - - [16/Mar/2014:03:07:27 -0500] "GET /java_for_joes/press_release.pdf HTTP/1.1" 404 - "-" "Mozilla/5.0 (compatible; bingbot/2.0; +http://www.bing.com/bingbot.htm)"
157.56.92.149 - - [16/Mar/2014:03:40:08 -0500] "GET / HTTP/1.1" 200 10635 "-" "Mozilla/5.0 (compatible; bingbot/2.0; +http://www.bing.com/bingbot.htm)"
157.56.92.149 - - [16/Mar/2014:03:40:19 -0500] "GET / HTTP/1.1" 200 10635 "-" "Mozilla/5.0 (compatible; bingbot/2.0; +http://www.bing.com/bingbot.htm)"
180.76.6.14 - - [16/Mar/2014:03:49:53 -0500] "GET /_inc/slide.php HTTP/1.1" 200 3205 "-" "Mozilla/5.0 (compatible; Baiduspider/2.0; +http://www.baidu.com/search/spider.html)"
157.55.34.100 - - [16/Mar/2014:03:57:47 -0500] "GET /_inc/slide.php HTTP/1.1" 200 3205 "-" "Mozilla/5.0 (compatible; bingbot/2.0; +http://www.bing.com/bingbot.htm)"
68.180.224.176 - - [16/Mar/2014:04:15:20 -0500] "GET /robots.txt HTTP/1.1" 404 - "-" "Mozilla/5.0 (compatible; Yahoo! Slurp; http://help.yahoo.com/help/us/ysearch/slurp)"
68.180.224.176 - - [16/Mar/2014:04:15:20 -0500] "GET /calendar.php HTTP/1.1" 200 10644 "-" "Mozilla/5.0 (compatible; Yahoo! Slurp; http://help.yahoo.com/help/us/ysearch/slurp)"
68.180.224.176 - - [16/Mar/2014:04:18:09 -0500] "GET /contact.php HTTP/1.1" 200 10519 "-" "Mozilla/5.0 (compatible; Yahoo! Slurp; http://help.yahoo.com/help/us/ysearch/slurp)"
68.180.224.176 - - [16/Mar/2014:04:18:26 -0500] "GET /index.php HTTP/1.1" 200 10635 "-" "Mozilla/5.0 (compatible; Yahoo! Slurp; http://help.yahoo.com/help/us/ysearch/slurp)"
180.76.5.62 - - [16/Mar/2014:04:22:34 -0500] "GET /pdf/Operation%20Wings%20of%20Hope.pdf HTTP/1.1" 304 - "-" "Mozilla/5.0 (Windows NT 5.1; rv:6.0.2) Gecko/20100101 Firefox/6.0.2"
180.76.6.48 - - [16/Mar/2014:04:47:06 -0500] "GET /pdf/174%20Stores%20and%20Business%20Offering%20Military%20Discounts1.pdf HTTP/1.1" 200 122888 "-" "Mozilla/5.0 (Windows NT 5.1; rv:6.0.2) Gecko/20100101 Firefox/6.0.2"
217.69.133.60 - - [16/Mar/2014:05:26:05 -0500] "GET /robots.txt HTTP/1.1" 404 - "-" "Mozilla/5.0 (compatible; Linux x86_64; Mail.RU_Bot/2.0; +http://go.mail.ru/help/robots)"
217.69.133.192 - - [16/Mar/2014:05:26:07 -0500] "GET /_inc/contact.php HTTP/1.1" 200 756 "-" "Mozilla/5.0 (compatible; Linux x86_64; Mail.RU_Bot/2.0; +http://go.mail.ru/help/robots)"
178.255.215.83 - - [16/Mar/2014:06:06:19 -0500] "GET /robots.txt HTTP/1.1" 404 - "-" "Mozilla/5.0 (compatible; Exabot/3.0 (BiggerBetter); +http://www.exabot.com/go/robot)"
178.255.215.83 - - [16/Mar/2014:06:06:19 -0500] "GET /index.php HTTP/1.1" 200 10635 "-" "Mozilla/5.0 (compatible; Exabot/3.0 (BiggerBetter); +http://www.exabot.com/go/robot)"
178.255.215.83 - - [16/Mar/2014:06:06:22 -0500] "GET /aboutus.php HTTP/1.1" 200 11667 "-" "Mozilla/5.0 (compatible; Exabot/3.0 (BiggerBetter); +http://www.exabot.com/go/robot)"
178.255.215.83 - - [16/Mar/2014:06:06:25 -0500] "GET /events.php HTTP/1.1" 200 6407 "-" "Mozilla/5.0 (compatible; Exabot/3.0 (BiggerBetter); +http://www.exabot.com/go/robot)"
208.115.111.70 - - [16/Mar/2014:06:22:17 -0500] "GET /robots.txt HTTP/1.1" 404 - "-" "Mozilla/5.0 (compatible; Ezooms/1.0; help@moz.com)"
180.76.6.155 - - [16/Mar/2014:07:35:06 -0500] "GET /pdf/AFLP%203%20Plate.pdf HTTP/1.1" 304 - "-" "Mozilla/5.0 (Windows NT 5.1; rv:6.0.2) Gecko/20100101 Firefox/6.0.2"
180.76.6.37 - - [16/Mar/2014:07:59:32 -0500] "GET / HTTP/1.1" 200 10635 "-" "Mozilla/5.0 (compatible; Baiduspider/2.0; +http://www.baidu.com/search/spider.html)"
183.60.215.29 - - [16/Mar/2014:08:52:37 -0500] "GET /aboutus.php HTTP/1.1" 200 11667 "-" "Mozilla/5.0 (compatible; EasouSpider; +http://www.easou.com/search/spider.html)"
208.115.111.70 - - [16/Mar/2014:08:54:17 -0500] "GET /calendar.php HTTP/1.1" 200 10644 "-" "Mozilla/5.0 (compatible; Ezooms/1.0; help@moz.com)"
193.43.252.252 - - [16/Mar/2014:09:22:50 -0500] "GET / HTTP/1.0" 200 10635 "http://w12files.com" "Mozilla/4.0 (compatible; MSIE 5.0; Windows 2000) Opera 6.0 [en]"
193.43.252.252 - - [16/Mar/2014:09:22:51 -0500] "GET / HTTP/1.0" 200 10635 "http://w12files.com" "Mozilla/4.0 (compatible; MSIE 6.0; Windows NT 5.1)"
193.43.252.252 - - [16/Mar/2014:09:22:51 -0500] "GET / HTTP/1.0" 200 10603 "http://w12files.com" "Mozilla/4.0 (compatible; MSIE 6.0; Windows NT 5.1; SV1; MRA 4.6 (build 01425); MRSPUTNIK 1, 5, 0, 19 SW)"
193.43.252.252 - - [16/Mar/2014:09:22:52 -0500] "GET / HTTP/1.0" 200 10635 "http://w12files.com" "Mozilla/4.0 (compatible; MSIE 6.0; Windows NT 5.2; SV1; .NET CLR 1.1.4322; .NET CLR 2.0.50727)"
188.40.133.218 - - [16/Mar/2014:10:01:11 -0500] "GET /robots.txt HTTP/1.1" 404 - "-" "Mozilla/5.0 (compatible; SearchmetricsBot; http://www.searchmetrics.com/en/searchmetrics-bot/)"
188.40.133.218 - - [16/Mar/2014:10:01:12 -0500] "GET / HTTP/1.1" 200 10635 "-" "Mozilla/5.0 (compatible; SearchmetricsBot; http://www.searchmetrics.com/en/searchmetrics-bot/)"
188.40.133.218 - - [16/Mar/2014:10:01:13 -0500] "GET /business.php HTTP/1.1" 200 10813 "-" "Mozilla/5.0 (compatible; SearchmetricsBot; http://www.searchmetrics.com/en/searchmetrics-bot/)"
188.40.133.218 - - [16/Mar/2014:10:01:14 -0500] "GET /calendar.php HTTP/1.1" 200 10644 "-" "Mozilla/5.0 (compatible; SearchmetricsBot; http://www.searchmetrics.com/en/searchmetrics-bot/)"
188.40.133.218 - - [16/Mar/2014:10:01:15 -0500] "GET /contact.php HTTP/1.1" 200 10519 "-" "Mozilla/5.0 (compatible; SearchmetricsBot; http://www.searchmetrics.com/en/searchmetrics-bot/)"
188.40.133.218 - - [16/Mar/2014:10:01:16 -0500] "GET /index.php HTTP/1.1" 200 10635 "-" "Mozilla/5.0 (compatible; SearchmetricsBot; http://www.searchmetrics.com/en/searchmetrics-bot/)"
188.40.133.218 - - [16/Mar/2014:10:01:17 -0500] "GET /slider/index.html HTTP/1.1" 200 2900 "-" "Mozilla/5.0 (compatible; SearchmetricsBot; http://www.searchmetrics.com/en/searchmetrics-bot/)"
188.40.133.218 - - [16/Mar/2014:10:01:18 -0500] "GET /_inc/slide.php HTTP/1.1" 200 3205 "-" "Mozilla/5.0 (compatible; SearchmetricsBot; http://www.searchmetrics.com/en/searchmetrics-bot/)"
188.40.133.218 - - [16/Mar/2014:10:01:19 -0500] "GET /aboutus.php HTTP/1.1" 200 11667 "-" "Mozilla/5.0 (compatible; SearchmetricsBot; http://www.searchmetrics.com/en/searchmetrics-bot/)"
188.40.133.218 - - [16/Mar/2014:10:01:20 -0500] "GET /events.php HTTP/1.1" 200 6407 "-" "Mozilla/5.0 (compatible; SearchmetricsBot; http://www.searchmetrics.com/en/searchmetrics-bot/)"
188.40.133.218 - - [16/Mar/2014:10:01:21 -0500] "GET /donate.php HTTP/1.1" 200 11699 "-" "Mozilla/5.0 (compatible; SearchmetricsBot; http://www.searchmetrics.com/en/searchmetrics-bot/)"
180.76.5.24 - - [16/Mar/2014:10:23:28 -0500] "GET /pdf/January%20Flyers.pdf HTTP/1.1" 200 5543019 "-" "Mozilla/5.0 (Windows NT 5.1; rv:6.0.2) Gecko/20100101 Firefox/6.0.2"
199.21.99.103 - - [16/Mar/2014:10:54:14 -0500] "GET /robots.txt HTTP/1.1" 404 - "-" "Mozilla/5.0 (compatible; YandexBot/3.0; +http://yandex.com/bots)"
178.154.243.118 - - [16/Mar/2014:10:54:18 -0500] "GET / HTTP/1.1" 200 10635 "-" "Mozilla/5.0 (compatible; YandexBot/3.0; +http://yandex.com/bots)"
98.247.88.78 - - [16/Mar/2014:11:49:12 -0500] "GET / HTTP/1.1" 200 10635 "http://search.yahoo.com/search?ei=utf-8&fr=aaplw&p=operation+spokand+heroes" "Mozilla/5.0 (Macintosh; Intel Mac OS X 10_8_3) AppleWebKit/536.28.10 (KHTML, like Gecko) Version/6.0.3 Safari/536.28.10"
98.247.88.78 - - [16/Mar/2014:11:49:12 -0500] "GET /slider/index.html HTTP/1.1" 200 2900 "http://operationspokaneheroes.org/" "Mozilla/5.0 (Macintosh; Intel Mac OS X 10_8_3) AppleWebKit/536.28.10 (KHTML, like Gecko) Version/6.0.3 Safari/536.28.10"
98.247.88.78 - - [16/Mar/2014:11:49:12 -0500] "GET /css/footer.css HTTP/1.1" 200 752 "http://operationspokaneheroes.org/" "Mozilla/5.0 (Macintosh; Intel Mac OS X 10_8_3) AppleWebKit/536.28.10 (KHTML, like Gecko) Version/6.0.3 Safari/536.28.10"
98.247.88.78 - - [16/Mar/2014:11:49:12 -0500] "GET /slider/css/style.css HTTP/1.1" 200 1379 "http://operationspokaneheroes.org/slider/index.html" "Mozilla/5.0 (Macintosh; Intel Mac OS X 10_8_3) AppleWebKit/536.28.10 (KHTML, like Gecko) Version/6.0.3 Safari/536.28.10"
98.247.88.78 - - [16/Mar/2014:11:49:12 -0500] "GET /images/facebook.png HTTP/1.1" 200 5004 "http://operationspokaneheroes.org/" "Mozilla/5.0 (Macintosh; Intel Mac OS X 10_8_3) AppleWebKit/536.28.10 (KHTML, like Gecko) Version/6.0.3 Safari/536.28.10"
98.247.88.78 - - [16/Mar/2014:11:49:13 -0500] "GET /images/nav2.jpg HTTP/1.1" 200 4444 "http://operationspokaneheroes.org/" "Mozilla/5.0 (Macintosh; Intel Mac OS X 10_8_3) AppleWebKit/536.28.10 (KHTML, like Gecko) Version/6.0.3 Safari/536.28.10"
98.247.88.78 - - [16/Mar/2014:11:49:13 -0500] "GET /mainbk.png HTTP/1.1" 200 290 "http://operationspokaneheroes.org/" "Mozilla/5.0 (Macintosh; Intel Mac OS X 10_8_3) AppleWebKit/536.28.10 (KHTML, like Gecko) Version/6.0.3 Safari/536.28.10"
98.247.88.78 - - [16/Mar/2014:11:49:13 -0500] "GET /images/contacticon.png HTTP/1.1" 200 4499 "http://operationspokaneheroes.org/" "Mozilla/5.0 (Macintosh; Intel Mac OS X 10_8_3) AppleWebKit/536.28.10 (KHTML, like Gecko) Version/6.0.3 Safari/536.28.10"
98.247.88.78 - - [16/Mar/2014:11:49:13 -0500] "GET /images/global.png HTTP/1.1" 200 5737 "http://operationspokaneheroes.org/" "Mozilla/5.0 (Macintosh; Intel Mac OS X 10_8_3) AppleWebKit/536.28.10 (KHTML, like Gecko) Version/6.0.3 Safari/536.28.10"
98.247.88.78 - - [16/Mar/2014:11:49:13 -0500] "GET /slider/js/jquery-1.2.6.js HTTP/1.1" 200 100196 "http://operationspokaneheroes.org/slider/index.html" "Mozilla/5.0 (Macintosh; Intel Mac OS X 10_8_3) AppleWebKit/536.28.10 (KHTML, like Gecko) Version/6.0.3 Safari/536.28.10"
98.247.88.78 - - [16/Mar/2014:11:49:13 -0500] "GET /_inc/slide.php HTTP/1.1" 200 3205 "http://operationspokaneheroes.org/" "Mozilla/5.0 (Macintosh; Intel Mac OS X 10_8_3) AppleWebKit/536.28.10 (KHTML, like Gecko) Version/6.0.3 Safari/536.28.10"
98.247.88.78 - - [16/Mar/2014:11:49:13 -0500] "GET /css/global.css HTTP/1.1" 200 13951 "http://operationspokaneheroes.org/" "Mozilla/5.0 (Macintosh; Intel Mac OS X 10_8_3) AppleWebKit/536.28.10 (KHTML, like Gecko) Version/6.0.3 Safari/536.28.10"
98.247.88.78 - - [16/Mar/2014:11:49:13 -0500] "GET /css/slide.css HTTP/1.1" 200 2869 "http://operationspokaneheroes.org/_inc/slide.php" "Mozilla/5.0 (Macintosh; Intel Mac OS X 10_8_3) AppleWebKit/536.28.10 (KHTML, like Gecko) Version/6.0.3 Safari/536.28.10"
98.247.88.78 - - [16/Mar/2014:11:49:13 -0500] "GET /slider/js/startstop-slider.js HTTP/1.1" 200 1737 "http://operationspokaneheroes.org/slider/index.html" "Mozilla/5.0 (Macintosh; Intel Mac OS X 10_8_3) AppleWebKit/536.28.10 (KHTML, like Gecko) Version/6.0.3 Safari/536.28.10"
98.247.88.78 - - [16/Mar/2014:11:49:13 -0500] "GET /css/style_global.css HTTP/1.1" 200 2621 "http://operationspokaneheroes.org/_inc/slide.php" "Mozilla/5.0 (Macintosh; Intel Mac OS X 10_8_3) AppleWebKit/536.28.10 (KHTML, like Gecko) Version/6.0.3 Safari/536.28.10"
98.247.88.78 - - [16/Mar/2014:11:49:13 -0500] "GET /slider/images/slider-bg.jpg HTTP/1.1" 200 3447 "http://operationspokaneheroes.org/slider/index.html" "Mozilla/5.0 (Macintosh; Intel Mac OS X 10_8_3) AppleWebKit/536.28.10 (KHTML, like Gecko) Version/6.0.3 Safari/536.28.10"
98.247.88.78 - - [16/Mar/2014:11:49:13 -0500] "GET /images/bg2.jpg HTTP/1.1" 200 55206 "http://operationspokaneheroes.org/" "Mozilla/5.0 (Macintosh; Intel Mac OS X 10_8_3) AppleWebKit/536.28.10 (KHTML, like Gecko) Version/6.0.3 Safari/536.28.10"
98.247.88.78 - - [16/Mar/2014:11:49:13 -0500] "GET /slider/images/imagslider-2.png HTTP/1.1" 200 62889 "http://operationspokaneheroes.org/slider/index.html" "Mozilla/5.0 (Macintosh; Intel Mac OS X 10_8_3) AppleWebKit/536.28.10 (KHTML, like Gecko) Version/6.0.3 Safari/536.28.10"
98.247.88.78 - - [16/Mar/2014:11:49:13 -0500] "GET /images/slder2.png HTTP/1.1" 200 32853 "http://operationspokaneheroes.org/slider/index.html" "Mozilla/5.0 (Macintosh; Intel Mac OS X 10_8_3) AppleWebKit/536.28.10 (KHTML, like Gecko) Version/6.0.3 Safari/536.28.10"
98.247.88.78 - - [16/Mar/2014:11:49:13 -0500] "GET /images/logo.png HTTP/1.1" 200 226129 "http://operationspokaneheroes.org/" "Mozilla/5.0 (Macintosh; Intel Mac OS X 10_8_3) AppleWebKit/536.28.10 (KHTML, like Gecko) Version/6.0.3 Safari/536.28.10"
98.247.88.78 - - [16/Mar/2014:11:49:13 -0500] "GET /slider/images/imagslider-1.png HTTP/1.1" 200 69960 "http://operationspokaneheroes.org/slider/index.html" "Mozilla/5.0 (Macintosh; Intel Mac OS X 10_8_3) AppleWebKit/536.28.10 (KHTML, like Gecko) Version/6.0.3 Safari/536.28.10"
98.247.88.78 - - [16/Mar/2014:11:49:13 -0500] "GET /js/combined.js HTTP/1.1" 200 169946 "http://operationspokaneheroes.org/_inc/slide.php" "Mozilla/5.0 (Macintosh; Intel Mac OS X 10_8_3) AppleWebKit/536.28.10 (KHTML, like Gecko) Version/6.0.3 Safari/536.28.10"
98.247.88.78 - - [16/Mar/2014:11:49:14 -0500] "GET /images/we_strive.png HTTP/1.1" 200 1981 "http://operationspokaneheroes.org/_inc/slide.php" "Mozilla/5.0 (Macintosh; Intel Mac OS X 10_8_3) AppleWebKit/536.28.10 (KHTML, like Gecko) Version/6.0.3 Safari/536.28.10"
98.247.88.78 - - [16/Mar/2014:11:49:14 -0500] "GET /images/we_believe.png HTTP/1.1" 200 1785 "http://operationspokaneheroes.org/_inc/slide.php" "Mozilla/5.0 (Macintosh; Intel Mac OS X 10_8_3) AppleWebKit/536.28.10 (KHTML, like Gecko) Version/6.0.3 Safari/536.28.10"
98.247.88.78 - - [16/Mar/2014:11:49:14 -0500] "GET /images/mission_statement_bg.png HTTP/1.1" 200 11413 "http://operationspokaneheroes.org/_inc/slide.php" "Mozilla/5.0 (Macintosh; Intel Mac OS X 10_8_3) AppleWebKit/536.28.10 (KHTML, like Gecko) Version/6.0.3 Safari/536.28.10"
98.247.88.78 - - [16/Mar/2014:11:49:14 -0500] "GET /images/we_help.png HTTP/1.1" 200 1514 "http://operationspokaneheroes.org/_inc/slide.php" "Mozilla/5.0 (Macintosh; Intel Mac OS X 10_8_3) AppleWebKit/536.28.10 (KHTML, like Gecko) Version/6.0.3 Safari/536.28.10"
98.247.88.78 - - [16/Mar/2014:11:49:14 -0500] "GET /images/1.jpg HTTP/1.1" 200 142489 "http://operationspokaneheroes.org/_inc/slide.php" "Mozilla/5.0 (Macintosh; Intel Mac OS X 10_8_3) AppleWebKit/536.28.10 (KHTML, like Gecko) Version/6.0.3 Safari/536.28.10"
98.247.88.78 - - [16/Mar/2014:11:49:14 -0500] "GET /images/3.jpg HTTP/1.1" 200 240733 "http://operationspokaneheroes.org/_inc/slide.php" "Mozilla/5.0 (Macintosh; Intel Mac OS X 10_8_3) AppleWebKit/536.28.10 (KHTML, like Gecko) Version/6.0.3 Safari/536.28.10"
98.247.88.78 - - [16/Mar/2014:11:49:14 -0500] "GET /images/we_need.png HTTP/1.1" 200 2138 "http://operationspokaneheroes.org/_inc/slide.php" "Mozilla/5.0 (Macintosh; Intel Mac OS X 10_8_3) AppleWebKit/536.28.10 (KHTML, like Gecko) Version/6.0.3 Safari/536.28.10"
98.247.88.78 - - [16/Mar/2014:11:49:14 -0500] "GET /assets/images/btn_top_search_hover.png HTTP/1.1" 404 - "http://operationspokaneheroes.org/_inc/slide.php" "Mozilla/5.0 (Macintosh; Intel Mac OS X 10_8_3) AppleWebKit/536.28.10 (KHTML, like Gecko) Version/6.0.3 Safari/536.28.10"
98.247.88.78 - - [16/Mar/2014:11:49:14 -0500] "GET /assets/images/btn_main_search_hover.png HTTP/1.1" 404 - "http://operationspokaneheroes.org/_inc/slide.php" "Mozilla/5.0 (Macintosh; Intel Mac OS X 10_8_3) AppleWebKit/536.28.10 (KHTML, like Gecko) Version/6.0.3 Safari/536.28.10"
98.247.88.78 - - [16/Mar/2014:11:49:14 -0500] "GET /images/2.jpg HTTP/1.1" 200 170993 "http://operationspokaneheroes.org/_inc/slide.php" "Mozilla/5.0 (Macintosh; Intel Mac OS X 10_8_3) AppleWebKit/536.28.10 (KHTML, like Gecko) Version/6.0.3 Safari/536.28.10"
98.247.88.78 - - [16/Mar/2014:11:49:14 -0500] "GET /images/4.jpg HTTP/1.1" 200 186934 "http://operationspokaneheroes.org/_inc/slide.php" "Mozilla/5.0 (Macintosh; Intel Mac OS X 10_8_3) AppleWebKit/536.28.10 (KHTML, like Gecko) Version/6.0.3 Safari/536.28.10"
98.247.88.78 - - [16/Mar/2014:11:49:14 -0500] "GET /favicon.ico HTTP/1.1" 404 - "http://operationspokaneheroes.org/" "Mozilla/5.0 (Macintosh; Intel Mac OS X 10_8_3) AppleWebKit/536.28.10 (KHTML, like Gecko) Version/6.0.3 Safari/536.28.10"
183.60.215.29 - - [16/Mar/2014:12:03:20 -0500] "GET /contact.php HTTP/1.1" 200 10519 "-" "Mozilla/5.0 (compatible; EasouSpider; +http://www.easou.com/search/spider.html)"
157.56.92.149 - - [16/Mar/2014:12:04:26 -0500] "GET /robots.txt HTTP/1.1" 404 - "-" "Mozilla/5.0 (compatible; bingbot/2.0; +http://www.bing.com/bingbot.htm)"
157.56.92.149 - - [16/Mar/2014:12:16:38 -0500] "GET /events.php HTTP/1.1" 200 6407 "-" "Mozilla/5.0 (compatible; bingbot/2.0; +http://www.bing.com/bingbot.htm)"
183.60.215.29 - - [16/Mar/2014:12:51:58 -0500] "GET /_inc/contact.php HTTP/1.1" 200 756 "-" "Mozilla/5.0 (compatible; EasouSpider; +http://www.easou.com/search/spider.html)"
66.249.75.216 - - [16/Mar/2014:12:58:41 -0500] "GET /robots.txt HTTP/1.1" 404 - "-" "Mozilla/5.0 (compatible; Googlebot/2.1; +http://www.google.com/bot.html)"
66.249.68.219 - - [16/Mar/2014:12:58:42 -0500] "GET /business.php HTTP/1.1" 200 10813 "-" "SAMSUNG-SGH-E250/1.0 Profile/MIDP-2.0 Configuration/CLDC-1.1 UP.Browser/6.2.3.3.c.1.101 (GUI) MMP/2.0 (compatible; Googlebot-Mobile/2.1; +http://www.google.com/bot.html)"
180.76.5.172 - - [16/Mar/2014:13:05:35 -0500] "GET /pdf/VetsDay_Flyer2.pdf HTTP/1.1" 200 2364673 "-" "Mozilla/5.0 (Windows NT 5.1; rv:6.0.2) Gecko/20100101 Firefox/6.0.2"
180.76.6.233 - - [16/Mar/2014:13:32:36 -0500] "GET /pdf/OSH%20Freedom%20Fridays%20Flyer%20w-back.pdf HTTP/1.1" 200 1146408 "-" "Mozilla/5.0 (Windows NT 5.1; rv:6.0.2) Gecko/20100101 Firefox/6.0.2"
65.55.215.40 - - [16/Mar/2014:13:42:01 -0500] "GET /robots.txt HTTP/1.1" 404 - "-" "msnbot-media/1.1 (+http://search.msn.com/msnbot.htm)"
65.55.215.40 - - [16/Mar/2014:13:42:01 -0500] "GET /images/free_clinic.png HTTP/1.1" 200 48993 "-" "msnbot-media/1.1 (+http://search.msn.com/msnbot.htm)"
173.252.100.114 - - [16/Mar/2014:14:30:15 -0500] "GET /images/logo.png HTTP/1.1" 200 226129 "-" "facebookexternalhit/1.1 (+http://www.facebook.com/externalhit_uatext.php)"
157.55.34.100 - - [16/Mar/2014:14:56:00 -0500] "GET /robots.txt HTTP/1.1" 404 - "-" "Mozilla/5.0 (compatible; bingbot/2.0; +http://www.bing.com/bingbot.htm)"
157.56.92.149 - - [16/Mar/2014:14:56:17 -0500] "GET / HTTP/1.1" 200 10635 "-" "Mozilla/5.0 (compatible; bingbot/2.0; +http://www.bing.com/bingbot.htm)"
157.55.34.100 - - [16/Mar/2014:14:58:00 -0500] "GET /contact.php HTTP/1.1" 200 10519 "-" "Mozilla/5.0 (compatible; bingbot/2.0; +http://www.bing.com/bingbot.htm)"
66.249.68.13 - - [16/Mar/2014:15:40:16 -0500] "GET /robots.txt HTTP/1.1" 404 - "-" "Mozilla/5.0 (compatible; Googlebot/2.1; +http://www.google.com/bot.html)"
66.249.68.13 - - [16/Mar/2014:15:40:16 -0500] "GET / HTTP/1.1" 200 10635 "-" "Mozilla/5.0 (compatible; Googlebot/2.1; +http://www.google.com/bot.html)"
180.76.6.141 - - [16/Mar/2014:16:14:04 -0500] "GET /pdf/veteran_benefits.pdf HTTP/1.1" 200 111163 "-" "Mozilla/5.0 (Windows NT 5.1; rv:6.0.2) Gecko/20100101 Firefox/6.0.2"
66.249.75.62 - - [16/Mar/2014:17:36:59 -0500] "GET / HTTP/1.1" 200 10635 "-" "Mozilla/5.0 (iPhone; CPU iPhone OS 6_0 like Mac OS X) AppleWebKit/536.26 (KHTML, like Gecko) Version/6.0 Mobile/10A5376e Safari/8536.25 (compatible; Googlebot/2.1; +http://www.google.com/bot.html)"
66.249.68.205 - - [16/Mar/2014:17:43:57 -0500] "GET /slider/css/style.css HTTP/1.1" 200 1379 "-" "Mozilla/5.0 (compatible; Googlebot/2.1; +http://www.google.com/bot.html)"
66.249.75.70 - - [16/Mar/2014:17:43:58 -0500] "GET /css/global.css HTTP/1.1" 200 13951 "-" "Mozilla/5.0 (compatible; Googlebot/2.1; +http://www.google.com/bot.html)"
66.249.68.13 - - [16/Mar/2014:17:43:58 -0500] "GET /css/slide.css HTTP/1.1" 200 2869 "-" "Mozilla/5.0 (compatible; Googlebot/2.1; +http://www.google.com/bot.html)"
66.249.68.205 - - [16/Mar/2014:17:43:59 -0500] "GET /css/footer.css HTTP/1.1" 200 752 "-" "Mozilla/5.0 (compatible; Googlebot/2.1; +http://www.google.com/bot.html)"
66.249.68.13 - - [16/Mar/2014:17:44:00 -0500] "GET /css/style_global.css HTTP/1.1" 200 2621 "-" "Mozilla/5.0 (compatible; Googlebot/2.1; +http://www.google.com/bot.html)"
66.249.68.219 - - [16/Mar/2014:17:53:17 -0500] "GET / HTTP/1.1" 200 10635 "-" "Mozilla/5.0 (iPhone; CPU iPhone OS 6_0 like Mac OS X) AppleWebKit/536.26 (KHTML, like Gecko) Version/6.0 Mobile/10A5376e Safari/8536.25 (compatible; Googlebot/2.1; +http://www.google.com/bot.html)"
66.249.75.220 - - [16/Mar/2014:18:04:18 -0500] "GET /css/global.css HTTP/1.1" 200 13951 "-" "Mozilla/5.0 (compatible; Googlebot/2.1; +http://www.google.com/bot.html)"
66.249.75.236 - - [16/Mar/2014:18:04:18 -0500] "GET /css/slide.css HTTP/1.1" 200 2869 "-" "Mozilla/5.0 (compatible; Googlebot/2.1; +http://www.google.com/bot.html)"
66.249.68.187 - - [16/Mar/2014:18:04:19 -0500] "GET /css/footer.css HTTP/1.1" 200 752 "-" "Mozilla/5.0 (compatible; Googlebot/2.1; +http://www.google.com/bot.html)"
66.249.75.209 - - [16/Mar/2014:18:04:20 -0500] "GET /slider/css/style.css HTTP/1.1" 200 1379 "-" "Mozilla/5.0 (compatible; Googlebot/2.1; +http://www.google.com/bot.html)"
66.249.68.187 - - [16/Mar/2014:18:04:20 -0500] "GET /css/style_global.css HTTP/1.1" 200 2621 "-" "Mozilla/5.0 (compatible; Googlebot/2.1; +http://www.google.com/bot.html)"
157.55.34.100 - - [16/Mar/2014:19:30:15 -0500] "GET /calendar.php HTTP/1.1" 200 10644 "-" "Mozilla/5.0 (compatible; bingbot/2.0; +http://www.bing.com/bingbot.htm)"
66.249.68.205 - - [16/Mar/2014:21:34:00 -0500] "GET /index.php HTTP/1.1" 200 10635 "-" "Mozilla/5.0 (iPhone; CPU iPhone OS 6_0 like Mac OS X) AppleWebKit/536.26 (KHTML, like Gecko) Version/6.0 Mobile/10A5376e Safari/8536.25 (compatible; Googlebot/2.1; +http://www.google.com/bot.html)"
208.115.113.86 - - [16/Mar/2014:22:04:37 -0500] "GET /robots.txt HTTP/1.1" 404 - "-" "Mozilla/5.0 (compatible; Ezooms/1.0; help@moz.com)"
208.115.113.86 - - [16/Mar/2014:23:17:00 -0500] "GET /wedo.php HTTP/1.1" 404 - "-" "Mozilla/5.0 (compatible; Ezooms/1.0; help@moz.com)"
208.115.111.70 - - [16/Mar/2014:23:57:01 -0500] "GET /robots.txt HTTP/1.1" 404 - "-" "Mozilla/5.0 (compatible; Ezooms/1.0; help@moz.com)"
180.76.5.155 - - [17/Mar/2014:00:10:48 -0500] "GET /contact.php HTTP/1.1" 200 10519 "-" "Mozilla/5.0 (compatible; Baiduspider/2.0; +http://www.baidu.com/search/spider.html)"
157.56.92.149 - - [17/Mar/2014:00:31:13 -0500] "GET / HTTP/1.1" 200 10635 "-" "Mozilla/5.0 (compatible; bingbot/2.0; +http://www.bing.com/bingbot.htm)"
157.56.92.149 - - [17/Mar/2014:00:31:13 -0500] "GET /robots.txt HTTP/1.1" 404 - "-" "Mozilla/5.0 (compatible; bingbot/2.0; +http://www.bing.com/bingbot.htm)"
208.115.111.70 - - [17/Mar/2014:01:03:07 -0500] "GET /aboutus.php HTTP/1.1" 200 11667 "-" "Mozilla/5.0 (compatible; Ezooms/1.0; help@moz.com)"
180.76.5.80 - - [17/Mar/2014:02:07:03 -0500] "GET /pdf/2010_Top100_Military_Friendly_Employers.pdf HTTP/1.1" 200 711726 "-" "Mozilla/5.0 (Windows NT 5.1; rv:6.0.2) Gecko/20100101 Firefox/6.0.2"
66.249.68.249 - - [17/Mar/2014:02:35:39 -0500] "GET /pdf/veteran_benefits.pdf HTTP/1.1" 304 - "-" "Mozilla/5.0 (iPhone; CPU iPhone OS 6_0 like Mac OS X) AppleWebKit/536.26 (KHTML, like Gecko) Version/6.0 Mobile/10A5376e Safari/8536.25 (compatible; Googlebot/2.1; +http://www.google.com/bot.html)"
66.249.68.13 - - [17/Mar/2014:02:40:30 -0500] "GET /pdf/Operation%20Wings%20of%20Hope%20Poster.pdf HTTP/1.1" 304 - "-" "Mozilla/5.0 (iPhone; CPU iPhone OS 6_0 like Mac OS X) AppleWebKit/536.26 (KHTML, like Gecko) Version/6.0 Mobile/10A5376e Safari/8536.25 (compatible; Googlebot/2.1; +http://www.google.com/bot.html)"
180.76.5.58 - - [17/Mar/2014:03:22:28 -0500] "GET /pdf/AFLP%203%20Plate.pdf HTTP/1.1" 200 511881 "-" "Mozilla/5.0 (compatible; Baiduspider/2.0; +http://www.baidu.com/search/spider.html)"
157.56.92.149 - - [17/Mar/2014:03:36:54 -0500] "GET /robots.txt HTTP/1.1" 404 - "-" "Mozilla/5.0 (compatible; bingbot/2.0; +http://www.bing.com/bingbot.htm)"
208.115.111.70 - - [17/Mar/2014:03:51:10 -0500] "GET /robots.txt HTTP/1.1" 404 - "-" "Mozilla/5.0 (compatible; Ezooms/1.0; help@moz.com)"
208.115.111.70 - - [17/Mar/2014:03:51:10 -0500] "GET /robots.txt HTTP/1.1" 404 - "-" "Mozilla/5.0 (compatible; Ezooms/1.0; help@moz.com)"
157.56.92.149 - - [17/Mar/2014:03:54:42 -0500] "GET / HTTP/1.1" 200 10635 "-" "Mozilla/5.0 (compatible; bingbot/2.0; +http://www.bing.com/bingbot.htm)"
208.115.111.70 - - [17/Mar/2014:04:08:41 -0500] "GET / HTTP/1.1" 200 10635 "-" "Mozilla/5.0 (compatible; Ezooms/1.0; help@moz.com)"
183.60.215.29 - - [17/Mar/2014:04:19:47 -0500] "GET /events/ermy_event/ermy.html HTTP/1.1" 200 3507 "-" "Mozilla/5.0 (compatible; EasouSpider; +http://www.easou.com/search/spider.html)"
68.180.225.102 - - [17/Mar/2014:05:40:54 -0500] "GET /robots.txt HTTP/1.1" 404 - "-" "Mozilla/5.0 (compatible; Yahoo! Slurp; http://help.yahoo.com/help/us/ysearch/slurp)"
68.180.225.102 - - [17/Mar/2014:05:40:54 -0500] "GET / HTTP/1.1" 200 10635 "-" "Mozilla/5.0 (compatible; Yahoo! Slurp; http://help.yahoo.com/help/us/ysearch/slurp)"
208.115.111.70 - - [17/Mar/2014:05:41:46 -0500] "GET /events.php HTTP/1.1" 200 6407 "-" "Mozilla/5.0 (compatible; Ezooms/1.0; help@moz.com)"
68.180.225.102 - - [17/Mar/2014:05:43:02 -0500] "GET /index.php HTTP/1.1" 200 10635 "-" "Mozilla/5.0 (compatible; Yahoo! Slurp; http://help.yahoo.com/help/us/ysearch/slurp)"
68.180.225.102 - - [17/Mar/2014:05:44:52 -0500] "GET /calendar.php HTTP/1.1" 200 10644 "-" "Mozilla/5.0 (compatible; Yahoo! Slurp; http://help.yahoo.com/help/us/ysearch/slurp)"
66.249.68.155 - - [17/Mar/2014:06:38:06 -0500] "GET /robots.txt HTTP/1.1" 404 - "-" "Mozilla/5.0 (compatible; Googlebot/2.1; +http://www.google.com/bot.html)"
66.249.75.222 - - [17/Mar/2014:06:38:06 -0500] "GET / HTTP/1.1" 200 10635 "-" "Mozilla/5.0 (compatible; Googlebot/2.1; +http://www.google.com/bot.html)"
66.249.75.77 - - [17/Mar/2014:06:38:23 -0500] "GET /robots.txt HTTP/1.1" 404 - "-" "Mozilla/5.0 (compatible; Googlebot/2.1; +http://www.google.com/bot.html)"
66.249.68.205 - - [17/Mar/2014:07:03:24 -0500] "GET /events/vet_picnic/images/6.jpg HTTP/1.1" 200 169784 "-" "Googlebot-Image/1.0"
66.249.75.69 - - [17/Mar/2014:07:18:59 -0500] "GET /events/ermy_event/images/9.jpg HTTP/1.1" 200 115800 "-" "Googlebot-Image/1.0"
66.249.68.249 - - [17/Mar/2014:10:58:04 -0500] "GET /favicon.ico HTTP/1.1" 404 - "-" "Googlebot-Image/1.0"
66.249.68.249 - - [17/Mar/2014:11:13:36 -0500] "GET /images/slder2.png HTTP/1.1" 200 32853 "-" "Googlebot-Image/1.0"
208.115.111.70 - - [17/Mar/2014:11:57:10 -0500] "GET /robots.txt HTTP/1.1" 404 - "-" "Mozilla/5.0 (compatible; Ezooms/1.0; help@moz.com)"
65.55.215.69 - - [17/Mar/2014:12:04:00 -0500] "GET /robots.txt HTTP/1.1" 404 - "-" "msnbot-media/1.1 (+http://search.msn.com/msnbot.htm)"
65.55.215.69 - - [17/Mar/2014:12:04:00 -0500] "GET /images/welcome.jpg HTTP/1.1" 200 27773 "-" "msnbot-media/1.1 (+http://search.msn.com/msnbot.htm)"
188.40.249.83 - - [17/Mar/2014:12:32:24 -0500] "GET / HTTP/1.0" 200 10635 "http://ddlmega.net/" "Mozilla/4.0 (compatible; MSIE 6.0; Windows NT 5.0; .NET CLR 1.0.3705; .NET CLR 1.1.4322)"
188.40.249.83 - - [17/Mar/2014:12:32:25 -0500] "GET / HTTP/1.0" 200 10635 "http://ddlmega.net/" "Mozilla/4.0 (compatible; MSIE 5.5; Windows NT 4.0)"
188.40.249.83 - - [17/Mar/2014:12:32:25 -0500] "GET / HTTP/1.0" 200 10635 "http://ddlmega.net/" "Mozilla/4.0 (compatible; MSIE 6.0; MSIE 5.5; Windows NT 4.0) Opera 7.0 [en]"
188.40.249.83 - - [17/Mar/2014:12:32:26 -0500] "GET / HTTP/1.0" 200 10635 "http://ddlmega.net/" "Opera/9.00 (Windows NT 5.1; U; ru)"
208.115.111.70 - - [17/Mar/2014:13:04:12 -0500] "GET /index.php HTTP/1.1" 200 10635 "-" "Mozilla/5.0 (compatible; Ezooms/1.0; help@moz.com)"
182.118.22.208 - - [17/Mar/2014:13:41:50 -0500] "GET /robots.txt HTTP/1.1" 404 - "http://operationspokaneheroes.org/robots.txt" "Mozilla/5.0 (compatible; MSIE 9.0; Windows NT 6.1; Trident/5.0); 360Spider"
208.115.113.86 - - [17/Mar/2014:14:06:24 -0500] "GET /robots.txt HTTP/1.1" 404 - "-" "Mozilla/5.0 (compatible; Ezooms/1.0; help@moz.com)"
180.76.6.159 - - [17/Mar/2014:14:50:41 -0500] "GET /java_for_joes/index.html HTTP/1.1" 404 - "-" "Mozilla/5.0 (compatible; Baiduspider/2.0; +http://www.baidu.com/search/spider.html)"
180.76.6.131 - - [17/Mar/2014:14:55:27 -0500] "GET / HTTP/1.1" 200 10635 "-" "Mozilla/5.0 (compatible; Baiduspider/2.0; +http://www.baidu.com/search/spider.html)"
202.46.49.128 - - [17/Mar/2014:15:05:41 -0500] "GET /java_for_joes/index.html HTTP/1.1" 404 - "-" "Mozilla/5.0 (Windows NT 6.1; WOW64; rv:22.0) Gecko/20100101 Firefox/22.0"
185.10.104.130 - - [17/Mar/2014:15:20:41 -0500] "GET /java_for_joes/index.html HTTP/1.1" 404 - "-" "Mozilla/5.0 (Windows NT 6.1; WOW64; rv:22.0) Gecko/20100101 Firefox/22.0"
208.115.113.86 - - [17/Mar/2014:15:22:06 -0500] "GET /wedo.php HTTP/1.1" 404 - "-" "Mozilla/5.0 (compatible; Ezooms/1.0; help@moz.com)"
173.252.112.113 - - [17/Mar/2014:15:25:02 -0500] "GET /images/logo.png HTTP/1.1" 200 226129 "-" "facebookexternalhit/1.1 (+http://www.facebook.com/externalhit_uatext.php)"
180.76.5.176 - - [17/Mar/2014:16:08:47 -0500] "GET /pdf/VetsDay_Flyer2.pdf HTTP/1.1" 200 2364673 "-" "Mozilla/5.0 (Windows NT 5.1; rv:6.0.2) Gecko/20100101 Firefox/6.0.2"
178.255.215.79 - - [17/Mar/2014:16:24:52 -0500] "GET /robots.txt HTTP/1.1" 404 - "-" "Mozilla/5.0 (compatible; Exabot/3.0; +http://www.exabot.com/go/robot)"
178.255.215.79 - - [17/Mar/2014:16:24:53 -0500] "GET / HTTP/1.1" 200 10635 "-" "Mozilla/5.0 (compatible; Exabot/3.0; +http://www.exabot.com/go/robot)"
66.249.68.249 - - [17/Mar/2014:16:31:37 -0500] "GET /pdf/REVISION2%20Military%20Kids%20Camp%202012%20(2).pdf HTTP/1.1" 200 1691328 "-" "Mozilla/5.0 (iPhone; CPU iPhone OS 6_0 like Mac OS X) AppleWebKit/536.26 (KHTML, like Gecko) Version/6.0 Mobile/10A5376e Safari/8536.25 (compatible; Googlebot/2.1; +http://www.google.com/bot.html)"
66.249.75.64 - - [17/Mar/2014:16:38:54 -0500] "GET /images/logo.png HTTP/1.1" 200 226129 "-" "Googlebot-Image/1.0"
183.60.213.29 - - [17/Mar/2014:16:55:21 -0500] "GET /slider/index.html HTTP/1.1" 200 2900 "-" "Mozilla/5.0 (compatible; EasouSpider; +http://www.easou.com/search/spider.html)"
66.249.68.249 - - [17/Mar/2014:17:10:52 -0500] "GET /events/vet_picnic/images/1.jpg HTTP/1.1" 304 - "-" "Googlebot-Image/1.0"
31.3.233.120 - - [17/Mar/2014:19:40:42 -0500] "GET / HTTP/1.1" 200 10635 "-" "-"
65.55.52.96 - - [17/Mar/2014:20:01:20 -0500] "GET /robots.txt HTTP/1.1" 404 - "-" "Mozilla/5.0 (compatible; bingbot/2.0; +http://www.bing.com/bingbot.htm)"
65.55.52.96 - - [17/Mar/2014:20:04:05 -0500] "GET /business.php HTTP/1.1" 200 10813 "-" "Mozilla/5.0 (compatible; bingbot/2.0; +http://www.bing.com/bingbot.htm)"
66.249.75.106 - - [17/Mar/2014:20:04:41 -0500] "GET /robots.txt HTTP/1.1" 404 - "-" "Mozilla/5.0 (compatible; Googlebot/2.1; +http://www.google.com/bot.html)"
66.249.68.205 - - [17/Mar/2014:20:04:42 -0500] "GET /pdf/2012%204th%20of%20July%20Pennant%20Run%20Entry%20Form%205-14-12.pdf HTTP/1.1" 200 231633 "-" "Mozilla/5.0 (compatible; Googlebot/2.1; +http://www.google.com/bot.html)"
78.46.145.195 - - [17/Mar/2014:20:54:48 -0500] "GET /java_for_joes/index.html HTTP/1.1" 404 - "-" "ScreenerBot Crawler Beta 2.0 (+http://www.ScreenerBot.com)"
78.46.145.195 - - [17/Mar/2014:20:54:49 -0500] "GET / HTTP/1.1" 200 10635 "-" "ScreenerBot Crawler Beta 2.0 (+http://www.ScreenerBot.com)"
78.46.145.195 - - [17/Mar/2014:20:54:49 -0500] "GET /index.php HTTP/1.1" 200 10635 "-" "ScreenerBot Crawler Beta 2.0 (+http://www.ScreenerBot.com)"
78.46.145.195 - - [17/Mar/2014:20:54:50 -0500] "GET /aboutus.php HTTP/1.1" 200 11667 "-" "ScreenerBot Crawler Beta 2.0 (+http://www.ScreenerBot.com)"
78.46.145.195 - - [17/Mar/2014:20:54:51 -0500] "GET /contact.php HTTP/1.1" 200 10519 "-" "ScreenerBot Crawler Beta 2.0 (+http://www.ScreenerBot.com)"
78.46.145.195 - - [17/Mar/2014:20:54:52 -0500] "GET /donate.php HTTP/1.1" 200 11699 "-" "ScreenerBot Crawler Beta 2.0 (+http://www.ScreenerBot.com)"
78.46.145.195 - - [17/Mar/2014:20:54:52 -0500] "GET /business.php HTTP/1.1" 200 10813 "-" "ScreenerBot Crawler Beta 2.0 (+http://www.ScreenerBot.com)"
78.46.145.195 - - [17/Mar/2014:20:54:53 -0500] "GET /calendar.php HTTP/1.1" 200 10644 "-" "ScreenerBot Crawler Beta 2.0 (+http://www.ScreenerBot.com)"
78.46.145.195 - - [17/Mar/2014:20:54:54 -0500] "GET /events.php HTTP/1.1" 200 6407 "-" "ScreenerBot Crawler Beta 2.0 (+http://www.ScreenerBot.com)"
78.46.145.195 - - [17/Mar/2014:20:54:54 -0500] "GET /freedom.php HTTP/1.1" 200 11227 "-" "ScreenerBot Crawler Beta 2.0 (+http://www.ScreenerBot.com)"
148.251.71.5 - - [17/Mar/2014:22:26:27 -0500] "GET / HTTP/1.0" 200 10635 "http://filesvine.com/" "Mozilla/4.0 (compatible; MSIE 6.0; Windows NT 5.1; Crazy Browser 1.0.5)"
148.251.71.5 - - [17/Mar/2014:22:26:28 -0500] "GET / HTTP/1.0" 200 10635 "http://filesvine.com/" "Mozilla/4.0 (compatible; MSIE 6.0; Windows NT 5.1; SV1; YPC 3.0.2; .NET CLR 1.1.4322; yplus 4.4.02b)"
148.251.71.5 - - [17/Mar/2014:22:26:29 -0500] "GET / HTTP/1.0" 200 10635 "http://filesvine.com/" "Mozilla/4.0 (compatible; MSIE 5.5; Windows 98)"
148.251.71.5 - - [17/Mar/2014:22:26:29 -0500] "GET / HTTP/1.0" 200 10603 "http://filesvine.com/" "Mozilla/4.0 (compatible; MSIE 6.0; Windows ME) Opera 7.11  [en]"
106.120.173.159 - - [17/Mar/2014:23:04:27 -0500] "GET /robots.txt HTTP/1.1" 404 - "-" "Sogou web spider/4.0(+http://www.sogou.com/docs/help/webmasters.htm#07)"
106.120.173.159 - - [17/Mar/2014:23:04:27 -0500] "GET / HTTP/1.1" 200 10635 "-" "Sogou web spider/4.0(+http://www.sogou.com/docs/help/webmasters.htm#07)"
66.249.68.249 - - [17/Mar/2014:23:26:52 -0500] "GET /events/ermy_event/images/3.jpg HTTP/1.1" 304 - "-" "Googlebot-Image/1.0"
157.55.33.182 - - [17/Mar/2014:23:29:39 -0500] "GET / HTTP/1.1" 200 10635 "-" "Mozilla/5.0 (compatible; bingbot/2.0; +http://www.bing.com/bingbot.htm)"
66.249.75.100 - - [18/Mar/2014:00:13:12 -0500] "GET /images/global.png HTTP/1.1" 200 5737 "-" "Googlebot-Image/1.0"
157.55.33.182 - - [18/Mar/2014:00:20:10 -0500] "GET / HTTP/1.1" 200 10635 "-" "Mozilla/5.0 (compatible; bingbot/2.0; +http://www.bing.com/bingbot.htm)"
157.55.33.182 - - [18/Mar/2014:01:24:21 -0500] "GET /robots.txt HTTP/1.1" 404 - "-" "Mozilla/5.0 (compatible; bingbot/2.0; +http://www.bing.com/bingbot.htm)"
66.249.75.61 - - [18/Mar/2014:01:25:01 -0500] "GET / HTTP/1.1" 200 10635 "-" "DoCoMo/2.0 N905i(c100;TB;W24H16) (compatible; Googlebot-Mobile/2.1; +http://www.google.com/bot.html)"
157.55.33.182 - - [18/Mar/2014:01:45:50 -0500] "GET / HTTP/1.1" 200 10635 "-" "Mozilla/5.0 (compatible; bingbot/2.0; +http://www.bing.com/bingbot.htm)"
66.249.68.205 - - [18/Mar/2014:02:00:30 -0500] "GET / HTTP/1.1" 200 10635 "-" "SAMSUNG-SGH-E250/1.0 Profile/MIDP-2.0 Configuration/CLDC-1.1 UP.Browser/6.2.3.3.c.1.101 (GUI) MMP/2.0 (compatible; Googlebot-Mobile/2.1; +http://www.google.com/bot.html)"
66.249.68.219 - - [18/Mar/2014:02:00:50 -0500] "GET /robots.txt HTTP/1.1" 404 - "-" "Mozilla/5.0 (compatible; Googlebot/2.1; +http://www.google.com/bot.html)"
66.249.75.210 - - [18/Mar/2014:02:00:50 -0500] "GET / HTTP/1.1" 200 10635 "-" "DoCoMo/2.0 N905i(c100;TB;W24H16) (compatible; Googlebot-Mobile/2.1; +http://www.google.com/bot.html)"
66.249.68.249 - - [18/Mar/2014:02:03:43 -0500] "GET /pdf/pearl%20harbor_map.pdf HTTP/1.1" 304 - "-" "Mozilla/5.0 (iPhone; CPU iPhone OS 6_0 like Mac OS X) AppleWebKit/536.26 (KHTML, like Gecko) Version/6.0 Mobile/10A5376e Safari/8536.25 (compatible; Googlebot/2.1; +http://www.google.com/bot.html)"
192.96.204.42 - - [18/Mar/2014:02:20:47 -0500] "HEAD / HTTP/1.1" 200 - "http://domainsigma.com/whois/operationspokaneheroes.org" "Mozilla/5.0 (Windows NT 5.1) AppleWebKit/537.36 (KHTML, like Gecko) Chrome/31.0.1650.16 Safari/537.36"
66.249.68.219 - - [18/Mar/2014:02:38:02 -0500] "GET / HTTP/1.1" 200 10635 "-" "SAMSUNG-SGH-E250/1.0 Profile/MIDP-2.0 Configuration/CLDC-1.1 UP.Browser/6.2.3.3.c.1.101 (GUI) MMP/2.0 (compatible; Googlebot-Mobile/2.1; +http://www.google.com/bot.html)"
180.76.6.56 - - [18/Mar/2014:02:57:09 -0500] "GET /pdf/WAwillvetsFINAL.pdf HTTP/1.1" 200 4202968 "-" "Mozilla/5.0 (Windows NT 5.1; rv:6.0.2) Gecko/20100101 Firefox/6.0.2"
178.255.215.83 - - [18/Mar/2014:04:14:29 -0500] "GET /robots.txt HTTP/1.1" 404 - "-" "Mozilla/5.0 (compatible; Exabot/3.0 (BiggerBetter); +http://www.exabot.com/go/robot)"
178.255.215.83 - - [18/Mar/2014:04:14:29 -0500] "GET /calendar.php HTTP/1.1" 200 10644 "-" "Mozilla/5.0 (compatible; Exabot/3.0 (BiggerBetter); +http://www.exabot.com/go/robot)"
178.255.215.83 - - [18/Mar/2014:04:14:32 -0500] "GET /events/carousel_11/carousel_11.html HTTP/1.1" 200 3712 "-" "Mozilla/5.0 (compatible; Exabot/3.0 (BiggerBetter); +http://www.exabot.com/go/robot)"
66.249.68.205 - - [18/Mar/2014:04:53:47 -0500] "GET / HTTP/1.1" 200 10635 "-" "Mozilla/5.0 (iPhone; CPU iPhone OS 6_0 like Mac OS X) AppleWebKit/536.26 (KHTML, like Gecko) Version/6.0 Mobile/10A5376e Safari/8536.25 (compatible; Googlebot/2.1; +http://www.google.com/bot.html)"
188.40.133.218 - - [18/Mar/2014:07:41:52 -0500] "GET /robots.txt HTTP/1.1" 404 - "-" "Mozilla/5.0 (compatible; SearchmetricsBot; http://www.searchmetrics.com/en/searchmetrics-bot/)"
188.40.133.218 - - [18/Mar/2014:07:41:53 -0500] "GET / HTTP/1.1" 200 10635 "-" "Mozilla/5.0 (compatible; SearchmetricsBot; http://www.searchmetrics.com/en/searchmetrics-bot/)"
188.40.133.218 - - [18/Mar/2014:07:41:54 -0500] "GET /_inc/slide.php HTTP/1.1" 200 3205 "-" "Mozilla/5.0 (compatible; SearchmetricsBot; http://www.searchmetrics.com/en/searchmetrics-bot/)"
188.40.133.218 - - [18/Mar/2014:07:41:55 -0500] "GET /events.php HTTP/1.1" 200 6407 "-" "Mozilla/5.0 (compatible; SearchmetricsBot; http://www.searchmetrics.com/en/searchmetrics-bot/)"
188.40.133.218 - - [18/Mar/2014:07:41:56 -0500] "GET /donate.php HTTP/1.1" 200 11699 "-" "Mozilla/5.0 (compatible; SearchmetricsBot; http://www.searchmetrics.com/en/searchmetrics-bot/)"
188.40.133.218 - - [18/Mar/2014:07:41:57 -0500] "GET /slider/index.html HTTP/1.1" 200 2900 "-" "Mozilla/5.0 (compatible; SearchmetricsBot; http://www.searchmetrics.com/en/searchmetrics-bot/)"
188.40.133.218 - - [18/Mar/2014:07:41:58 -0500] "GET /calendar.php HTTP/1.1" 200 10644 "-" "Mozilla/5.0 (compatible; SearchmetricsBot; http://www.searchmetrics.com/en/searchmetrics-bot/)"
188.40.133.218 - - [18/Mar/2014:07:41:59 -0500] "GET /business.php HTTP/1.1" 200 10813 "-" "Mozilla/5.0 (compatible; SearchmetricsBot; http://www.searchmetrics.com/en/searchmetrics-bot/)"
188.40.133.218 - - [18/Mar/2014:07:42:00 -0500] "GET /index.php HTTP/1.1" 200 10635 "-" "Mozilla/5.0 (compatible; SearchmetricsBot; http://www.searchmetrics.com/en/searchmetrics-bot/)"
188.40.133.218 - - [18/Mar/2014:07:42:01 -0500] "GET /aboutus.php HTTP/1.1" 200 11667 "-" "Mozilla/5.0 (compatible; SearchmetricsBot; http://www.searchmetrics.com/en/searchmetrics-bot/)"
188.40.133.218 - - [18/Mar/2014:07:42:03 -0500] "GET /contact.php HTTP/1.1" 200 10519 "-" "Mozilla/5.0 (compatible; SearchmetricsBot; http://www.searchmetrics.com/en/searchmetrics-bot/)"
208.115.111.70 - - [18/Mar/2014:07:52:00 -0500] "GET /robots.txt HTTP/1.1" 404 - "-" "Mozilla/5.0 (compatible; Ezooms/1.0; help@moz.com)"
65.55.52.96 - - [18/Mar/2014:07:57:33 -0500] "GET /pdf/WAwillvets_FINAL_orange.pdf HTTP/1.1" 200 1307012 "-" "Mozilla/5.0 (compatible; bingbot/2.0; +http://www.bing.com/bingbot.htm)"
157.55.33.182 - - [18/Mar/2014:08:11:59 -0500] "GET /robots.txt HTTP/1.1" 404 - "-" "Mozilla/5.0 (compatible; bingbot/2.0; +http://www.bing.com/bingbot.htm)"
157.55.33.182 - - [18/Mar/2014:08:19:08 -0500] "GET / HTTP/1.1" 200 10635 "-" "Mozilla/5.0 (compatible; bingbot/2.0; +http://www.bing.com/bingbot.htm)"
208.115.111.70 - - [18/Mar/2014:09:01:20 -0500] "GET /donate.php HTTP/1.1" 200 11699 "-" "Mozilla/5.0 (compatible; Ezooms/1.0; help@moz.com)"
180.76.6.28 - - [18/Mar/2014:09:17:29 -0500] "GET /pdf/VetsDay_Flyer2.pdf HTTP/1.1" 200 2364673 "-" "Mozilla/5.0 (compatible; Baiduspider/2.0; +http://www.baidu.com/search/spider.html)"
65.55.215.48 - - [18/Mar/2014:10:15:06 -0500] "GET /robots.txt HTTP/1.1" 404 - "-" "msnbot-media/1.1 (+http://search.msn.com/msnbot.htm)"
65.55.215.48 - - [18/Mar/2014:10:15:06 -0500] "GET /events/ermy_event/images/2.jpg HTTP/1.1" 200 114501 "-" "msnbot-media/1.1 (+http://search.msn.com/msnbot.htm)"
157.55.33.182 - - [18/Mar/2014:10:25:25 -0500] "GET / HTTP/1.1" 200 10635 "-" "Mozilla/5.0 (compatible; bingbot/2.0; +http://www.bing.com/bingbot.htm)"
157.55.33.182 - - [18/Mar/2014:10:25:25 -0500] "GET /robots.txt HTTP/1.1" 404 - "-" "Mozilla/5.0 (compatible; bingbot/2.0; +http://www.bing.com/bingbot.htm)"
122.161.6.87 - - [18/Mar/2014:11:53:30 -0500] "GET / HTTP/1.1" 200 10635 "-" "-"
122.161.6.87 - - [18/Mar/2014:11:53:31 -0500] "GET /contact.php HTTP/1.1" 200 10519 "-" "-"
182.118.22.201 - - [18/Mar/2014:12:35:58 -0500] "GET /robots.txt HTTP/1.1" 404 - "http://operationspokaneheroes.org/robots.txt" "Mozilla/5.0 (compatible; MSIE 9.0; Windows NT 6.1; Trident/5.0); 360Spider"
