199.21.99.103 - - [29/Dec/2013:02:50:54 -0600] "GET /robots.txt HTTP/1.1" 404 - "-" "Mozilla/5.0 (compatible; YandexBot/3.0; +http://yandex.com/bots)"
199.21.99.103 - - [29/Dec/2013:02:50:54 -0600] "GET /robots.txt HTTP/1.1" 404 - "-" "Mozilla/5.0 (compatible; YandexBot/3.0; +http://yandex.com/bots)"
199.21.99.103 - - [29/Dec/2013:02:50:56 -0600] "GET / HTTP/1.1" 200 10635 "-" "Mozilla/5.0 (compatible; YandexBot/3.0; +http://yandex.com/bots)"
199.21.99.103 - - [29/Dec/2013:02:50:56 -0600] "GET / HTTP/1.1" 200 10635 "-" "Mozilla/5.0 (compatible; YandexBot/3.0; +http://yandex.com/bots)"
199.21.99.103 - - [29/Dec/2013:02:51:01 -0600] "GET / HTTP/1.1" 200 10635 "-" "Mozilla/5.0 (compatible; YandexBot/3.0; +http://yandex.com/bots)"
199.21.99.103 - - [29/Dec/2013:02:51:01 -0600] "GET / HTTP/1.1" 200 10635 "-" "Mozilla/5.0 (compatible; YandexBot/3.0; +http://yandex.com/bots)"
66.249.75.210 - - [29/Dec/2013:03:34:26 -0600] "GET /pdf/Hiring%20Our%20Heroes%20Sept%202013%20Career%20Fair%20Flyer.pdf HTTP/1.1" 200 406827 "-" "Mozilla/5.0 (compatible; Googlebot/2.1; +http://www.google.com/bot.html)"
66.249.75.61 - - [29/Dec/2013:03:46:56 -0600] "GET /donate.php HTTP/1.1" 200 11699 "-" "Mozilla/5.0 (iPhone; CPU iPhone OS 6_0 like Mac OS X) AppleWebKit/536.26 (KHTML, like Gecko) Version/6.0 Mobile/10A5376e Safari/8536.25 (compatible; Googlebot-Mobile/2.1; +http://www.google.com/bot.html)"
66.249.75.210 - - [29/Dec/2013:03:52:06 -0600] "GET /business.php HTTP/1.1" 200 10813 "-" "Mozilla/5.0 (iPhone; CPU iPhone OS 6_0 like Mac OS X) AppleWebKit/536.26 (KHTML, like Gecko) Version/6.0 Mobile/10A5376e Safari/8536.25 (compatible; Googlebot-Mobile/2.1; +http://www.google.com/bot.html)"
180.76.5.59 - - [29/Dec/2013:04:14:55 -0600] "GET /events/vet_picnic/css/style.css HTTP/1.1" 200 1149 "-" "Mozilla/5.0 (compatible; Baiduspider/2.0; +http://www.baidu.com/search/spider.html)"
157.56.93.94 - - [29/Dec/2013:04:53:17 -0600] "GET /robots.txt HTTP/1.1" 404 - "-" "Mozilla/5.0 (compatible; bingbot/2.0; +http://www.bing.com/bingbot.htm)"
157.56.93.94 - - [29/Dec/2013:05:02:02 -0600] "GET / HTTP/1.1" 200 10635 "-" "Mozilla/5.0 (compatible; bingbot/2.0; +http://www.bing.com/bingbot.htm)"
216.152.243.214 - - [29/Dec/2013:06:03:05 -0600] "GET /aboutus.php HTTP/1.1" 200 11667 "-" "Mozilla/4.0 (compatible; MSIE 6.0; Windows NT 5.1; SV1; Mozilla/4.0 (compatible; MSIE 6.0; Windows NT 5.1; SV1) )"
101.226.166.199 - - [29/Dec/2013:07:22:07 -0600] "GET /robots.txt HTTP/1.1" 404 - "http://operationspokaneheroes.org/robots.txt" "Mozilla/4.0 (compatible; MSIE 8.0; Windows NT 6.1; Trident/4.0; SLCC2; .NET CLR 2.0.50727; .NET CLR 3.5.30729; .NET CLR 3.0.30729; Media Center PC 6.0; MDDR; .NET4.0C; .NET4.0E; .NET CLR 1.1.4322; Tablet PC 2.0); 360Spider"
180.76.5.196 - - [29/Dec/2013:07:25:27 -0600] "GET /pdf/veteran_benefits.pdf HTTP/1.1" 200 111163 "-" "Mozilla/5.0 (compatible; Baiduspider/2.0; +http://www.baidu.com/search/spider.html)"
66.249.75.210 - - [29/Dec/2013:07:55:47 -0600] "GET /robots.txt HTTP/1.1" 404 - "-" "Mozilla/5.0 (compatible; Googlebot/2.1; +http://www.google.com/bot.html)"
66.249.75.210 - - [29/Dec/2013:07:55:47 -0600] "GET /pdf/2013%20-%20Women%20Warriors%20and%20the%20Cowgirls%20Flyer.pdf HTTP/1.1" 304 - "-" "SAMSUNG-SGH-E250/1.0 Profile/MIDP-2.0 Configuration/CLDC-1.1 UP.Browser/6.2.3.3.c.1.101 (GUI) MMP/2.0 (compatible; Googlebot-Mobile/2.1; +http://www.google.com/bot.html)"
157.56.93.93 - - [29/Dec/2013:08:02:16 -0600] "GET /robots.txt HTTP/1.1" 404 - "-" "Mozilla/5.0 (compatible; bingbot/2.0; +http://www.bing.com/bingbot.htm)"
157.56.93.93 - - [29/Dec/2013:08:06:13 -0600] "GET /aboutus.php HTTP/1.1" 200 11667 "-" "Mozilla/5.0 (compatible; bingbot/2.0; +http://www.bing.com/bingbot.htm)"
66.249.75.210 - - [29/Dec/2013:08:14:43 -0600] "GET /pdf/174%20Stores%20and%20Business%20Offering%20Military%20Discounts1.pdf HTTP/1.1" 200 122888 "-" "Mozilla/5.0 (compatible; Googlebot/2.1; +http://www.google.com/bot.html)"
180.76.5.145 - - [29/Dec/2013:10:43:31 -0600] "GET /pdf/Operation%20Wings%20of%20Hope.pdf HTTP/1.1" 200 52094 "-" "Mozilla/5.0 (Windows NT 5.1; rv:6.0.2) Gecko/20100101 Firefox/6.0.2"
220.181.89.245 - - [29/Dec/2013:11:11:46 -0600] "GET /robots.txt HTTP/1.1" 404 - "-" "Sogou web spider/4.0(+http://www.sogou.com/docs/help/webmasters.htm#07)"
220.181.89.245 - - [29/Dec/2013:11:11:50 -0600] "GET / HTTP/1.1" 200 10635 "-" "Sogou web spider/4.0(+http://www.sogou.com/docs/help/webmasters.htm#07)"
157.56.93.103 - - [29/Dec/2013:11:21:11 -0600] "GET /robots.txt HTTP/1.1" 404 - "-" "Mozilla/5.0 (compatible; bingbot/2.0; +http://www.bing.com/bingbot.htm)"
157.56.93.103 - - [29/Dec/2013:11:23:28 -0600] "GET /java_for_joes/index.html HTTP/1.1" 404 - "-" "Mozilla/5.0 (compatible; bingbot/2.0; +http://www.bing.com/bingbot.htm)"
182.118.21.235 - - [29/Dec/2013:11:28:33 -0600] "GET /robots.txt HTTP/1.1" 404 - "http://operationspokaneheroes.org/robots.txt" "Mozilla/5.0 (Windows; U; Windows NT 5.1; zh-CN; )  Firefox/1.5.0.11; 360Spider"
144.76.69.142 - - [29/Dec/2013:11:29:40 -0600] "GET /robots.txt HTTP/1.1" 404 - "-" "Mozilla/5.0 (compatible; SISTRIX Crawler; http://crawler.sistrix.net/)"
144.76.69.142 - - [29/Dec/2013:11:29:41 -0600] "GET / HTTP/1.1" 200 10635 "-" "Mozilla/5.0 (compatible; SISTRIX Crawler; http://crawler.sistrix.net/)"
66.249.75.210 - - [29/Dec/2013:12:24:20 -0600] "GET /donate.php HTTP/1.1" 200 11699 "-" "DoCoMo/2.0 N905i(c100;TB;W24H16) (compatible; Googlebot-Mobile/2.1; +http://www.google.com/bot.html)"
157.56.93.94 - - [29/Dec/2013:14:45:15 -0600] "GET /robots.txt HTTP/1.1" 404 - "-" "Mozilla/5.0 (compatible; bingbot/2.0; +http://www.bing.com/bingbot.htm)"
157.56.93.94 - - [29/Dec/2013:14:50:28 -0600] "GET / HTTP/1.1" 200 10635 "-" "Mozilla/5.0 (compatible; bingbot/2.0; +http://www.bing.com/bingbot.htm)"
66.249.75.61 - - [29/Dec/2013:15:43:36 -0600] "GET /robots.txt HTTP/1.1" 404 - "-" "Mozilla/5.0 (compatible; Googlebot/2.1; +http://www.google.com/bot.html)"
66.249.75.61 - - [29/Dec/2013:15:43:36 -0600] "GET / HTTP/1.1" 200 10635 "-" "SAMSUNG-SGH-E250/1.0 Profile/MIDP-2.0 Configuration/CLDC-1.1 UP.Browser/6.2.3.3.c.1.101 (GUI) MMP/2.0 (compatible; Googlebot-Mobile/2.1; +http://www.google.com/bot.html)"
66.249.75.61 - - [29/Dec/2013:16:01:22 -0600] "GET / HTTP/1.1" 200 10635 "-" "Mozilla/5.0 (iPhone; CPU iPhone OS 6_0 like Mac OS X) AppleWebKit/536.26 (KHTML, like Gecko) Version/6.0 Mobile/10A5376e Safari/8536.25 (compatible; Googlebot-Mobile/2.1; +http://www.google.com/bot.html)"
66.249.75.61 - - [29/Dec/2013:16:05:32 -0600] "GET /css/slide.css HTTP/1.1" 200 2869 "-" "Mozilla/5.0 (compatible; Googlebot/2.1; +http://www.google.com/bot.html)"
66.249.75.61 - - [29/Dec/2013:16:05:36 -0600] "GET /css/global.css HTTP/1.1" 200 13951 "-" "Mozilla/5.0 (compatible; Googlebot/2.1; +http://www.google.com/bot.html)"
66.249.75.61 - - [29/Dec/2013:16:05:39 -0600] "GET /css/style_global.css HTTP/1.1" 200 2621 "-" "Mozilla/5.0 (compatible; Googlebot/2.1; +http://www.google.com/bot.html)"
66.249.75.61 - - [29/Dec/2013:16:05:42 -0600] "GET /css/footer.css HTTP/1.1" 200 752 "-" "Mozilla/5.0 (compatible; Googlebot/2.1; +http://www.google.com/bot.html)"
66.249.75.210 - - [29/Dec/2013:16:07:10 -0600] "GET / HTTP/1.1" 200 10635 "-" "Mozilla/5.0 (iPhone; CPU iPhone OS 6_0 like Mac OS X) AppleWebKit/536.26 (KHTML, like Gecko) Version/6.0 Mobile/10A5376e Safari/8536.25 (compatible; Googlebot-Mobile/2.1; +http://www.google.com/bot.html)"
66.249.75.210 - - [29/Dec/2013:16:14:03 -0600] "GET /css/footer.css HTTP/1.1" 200 752 "-" "Mozilla/5.0 (compatible; Googlebot/2.1; +http://www.google.com/bot.html)"
66.249.75.210 - - [29/Dec/2013:16:14:05 -0600] "GET /css/global.css HTTP/1.1" 200 13951 "-" "Mozilla/5.0 (compatible; Googlebot/2.1; +http://www.google.com/bot.html)"
66.249.75.210 - - [29/Dec/2013:16:14:07 -0600] "GET /css/slide.css HTTP/1.1" 200 2869 "-" "Mozilla/5.0 (compatible; Googlebot/2.1; +http://www.google.com/bot.html)"
66.249.75.210 - - [29/Dec/2013:16:14:10 -0600] "GET /css/style_global.css HTTP/1.1" 200 2621 "-" "Mozilla/5.0 (compatible; Googlebot/2.1; +http://www.google.com/bot.html)"
66.249.75.210 - - [29/Dec/2013:16:14:12 -0600] "GET /slider/css/style.css HTTP/1.1" 200 1379 "-" "Mozilla/5.0 (compatible; Googlebot/2.1; +http://www.google.com/bot.html)"
180.76.5.63 - - [29/Dec/2013:16:18:25 -0600] "GET /slider/ HTTP/1.1" 200 2900 "-" "Mozilla/5.0 (compatible; Baiduspider/2.0; +http://www.baidu.com/search/spider.html)"
66.249.75.210 - - [29/Dec/2013:16:18:42 -0600] "GET / HTTP/1.1" 200 10635 "-" "SAMSUNG-SGH-E250/1.0 Profile/MIDP-2.0 Configuration/CLDC-1.1 UP.Browser/6.2.3.3.c.1.101 (GUI) MMP/2.0 (compatible; Googlebot-Mobile/2.1; +http://www.google.com/bot.html)"
157.56.93.94 - - [29/Dec/2013:16:34:37 -0600] "GET /robots.txt HTTP/1.1" 404 - "-" "Mozilla/5.0 (compatible; bingbot/2.0; +http://www.bing.com/bingbot.htm)"
157.56.93.94 - - [29/Dec/2013:16:35:14 -0600] "GET / HTTP/1.1" 200 10635 "-" "Mozilla/5.0 (compatible; bingbot/2.0; +http://www.bing.com/bingbot.htm)"
180.76.5.27 - - [29/Dec/2013:16:46:55 -0600] "GET /pdf/WAwillvetsFINAL.pdf HTTP/1.1" 200 4202968 "-" "Mozilla/5.0 (Windows NT 5.1; rv:6.0.2) Gecko/20100101 Firefox/6.0.2"
157.56.93.93 - - [29/Dec/2013:16:53:15 -0600] "GET /aboutus.php HTTP/1.1" 200 11667 "-" "Mozilla/5.0 (compatible; bingbot/2.0; +http://www.bing.com/bingbot.htm)"
66.249.75.210 - - [29/Dec/2013:17:04:42 -0600] "GET /events/ermy_event/ermy.html HTTP/1.1" 200 3507 "-" "Mozilla/5.0 (compatible; Googlebot/2.1; +http://www.google.com/bot.html)"
66.249.75.210 - - [29/Dec/2013:17:39:50 -0600] "GET /contact.php HTTP/1.1" 200 10519 "-" "Mozilla/5.0 (iPhone; CPU iPhone OS 6_0 like Mac OS X) AppleWebKit/536.26 (KHTML, like Gecko) Version/6.0 Mobile/10A5376e Safari/8536.25 (compatible; Googlebot-Mobile/2.1; +http://www.google.com/bot.html)"
66.249.75.210 - - [29/Dec/2013:17:43:48 -0600] "GET /css/contact_style.css HTTP/1.1" 200 843 "-" "Mozilla/5.0 (compatible; Googlebot/2.1; +http://www.google.com/bot.html)"
66.249.75.61 - - [29/Dec/2013:17:45:36 -0600] "GET /aboutus.php HTTP/1.1" 200 11667 "-" "Mozilla/5.0 (iPhone; CPU iPhone OS 6_0 like Mac OS X) AppleWebKit/536.26 (KHTML, like Gecko) Version/6.0 Mobile/10A5376e Safari/8536.25 (compatible; Googlebot-Mobile/2.1; +http://www.google.com/bot.html)"
208.115.113.86 - - [29/Dec/2013:21:18:11 -0600] "GET /robots.txt HTTP/1.1" 404 - "-" "Mozilla/5.0 (compatible; Ezooms/1.0; help@moz.com)"
208.115.113.86 - - [29/Dec/2013:21:31:31 -0600] "GET /java_for_joes/index.html HTTP/1.1" 404 - "-" "Mozilla/5.0 (compatible; Ezooms/1.0; help@moz.com)"
66.249.75.61 - - [29/Dec/2013:22:11:57 -0600] "GET /events.php HTTP/1.1" 200 6407 "-" "Mozilla/5.0 (iPhone; CPU iPhone OS 6_0 like Mac OS X) AppleWebKit/536.26 (KHTML, like Gecko) Version/6.0 Mobile/10A5376e Safari/8536.25 (compatible; Googlebot-Mobile/2.1; +http://www.google.com/bot.html)"
66.249.75.61 - - [29/Dec/2013:22:13:58 -0600] "GET /events/ermy_event/css/style.css HTTP/1.1" 200 1149 "-" "Mozilla/5.0 (compatible; Googlebot/2.1; +http://www.google.com/bot.html)"
66.249.75.61 - - [29/Dec/2013:22:14:02 -0600] "GET /events/vet_picnic/css/style.css HTTP/1.1" 200 1149 "-" "Mozilla/5.0 (compatible; Googlebot/2.1; +http://www.google.com/bot.html)"
66.249.75.61 - - [29/Dec/2013:22:14:05 -0600] "GET /events/carousel_11/css/style.css HTTP/1.1" 200 1149 "-" "Mozilla/5.0 (compatible; Googlebot/2.1; +http://www.google.com/bot.html)"
66.249.75.61 - - [29/Dec/2013:22:25:50 -0600] "GET /pdf/Survival%20Camp%202013%202%20pg%20flyer.pdf HTTP/1.1" 200 781521 "-" "Mozilla/5.0 (compatible; Googlebot/2.1; +http://www.google.com/bot.html)"
66.249.75.61 - - [29/Dec/2013:22:48:57 -0600] "GET /pdf/Operation%20Wings%20of%20Hope%20Poster.pdf HTTP/1.1" 304 - "-" "Mozilla/5.0 (compatible; Googlebot/2.1; +http://www.google.com/bot.html)"
70.208.157.138 - - [30/Dec/2013:00:07:34 -0600] "GET /pdf/2013%20-%20Women%20Warriors%20and%20the%20Cowgirls%20Flyer.pdf HTTP/1.1" 200 379297 "https://www.google.com/" "Mozilla/5.0 (iPhone; CPU iPhone OS 7_0_4 like Mac OS X) AppleWebKit/537.51.1 (KHTML, like Gecko) Version/7.0 Mobile/11B554a Safari/9537.53"
193.105.210.216 - - [30/Dec/2013:00:14:14 -0600] "GET /pdf/veteran_benefits.pdf HTTP/1.0" 200 111163 "http://www.operationspokaneheroes.org/pdf/veteran_benefits.pdf" "Mozilla/5.0 (Windows NT 6.1; WOW64) AppleWebKit/536.5 (KHTML, like Gecko) YaBrowser/1.1.1084.5409 Chrome/19.1.1084.5409 Safari/536.5"
66.249.75.61 - - [30/Dec/2013:00:28:02 -0600] "GET /pdf/veteran_benefits.pdf HTTP/1.1" 304 - "-" "Mozilla/5.0 (compatible; Googlebot/2.1; +http://www.google.com/bot.html)"
180.76.6.37 - - [30/Dec/2013:00:34:36 -0600] "GET /java_for_joes/index.html HTTP/1.1" 404 - "-" "Mozilla/5.0 (compatible; Baiduspider/2.0; +http://www.baidu.com/search/spider.html)"
202.46.48.101 - - [30/Dec/2013:01:08:00 -0600] "GET /java_for_joes/index.html HTTP/1.1" 404 - "-" "Mozilla/5.0 (Windows NT 6.1; WOW64; rv:22.0) Gecko/20100101 Firefox/22.0"
66.249.75.61 - - [30/Dec/2013:01:27:29 -0600] "GET /pdf/Operation%20Wings%20of%20Hope%20-%20Kids.pdf HTTP/1.1" 200 34092 "-" "Mozilla/5.0 (compatible; Googlebot/2.1; +http://www.google.com/bot.html)"
185.10.104.131 - - [30/Dec/2013:01:41:16 -0600] "GET /java_for_joes/index.html HTTP/1.1" 404 - "-" "Mozilla/5.0 (Windows NT 6.1; WOW64; rv:22.0) Gecko/20100101 Firefox/22.0"
74.208.5.52 - - [30/Dec/2013:02:17:39 -0600] "GET / HTTP/1.1" 200 10635 "" "Mozilla/5.0 (Windows NT 6.1; WOW64; rv:14.0) Gecko/20100101 Firefox/14.0.1"
74.208.5.52 - - [30/Dec/2013:02:18:02 -0600] "GET / HTTP/1.1" 200 10635 "-" "spider"
157.56.92.173 - - [30/Dec/2013:02:29:50 -0600] "GET /robots.txt HTTP/1.1" 404 - "-" "Mozilla/5.0 (compatible; bingbot/2.0; +http://www.bing.com/bingbot.htm)"
66.249.75.61 - - [30/Dec/2013:02:34:02 -0600] "GET /pdf/OSH%20Freedom%20Fridays%20Flyer%20w-back.pdf HTTP/1.1" 200 1146408 "-" "Mozilla/5.0 (compatible; Googlebot/2.1; +http://www.google.com/bot.html)"
157.56.92.173 - - [30/Dec/2013:02:37:02 -0600] "GET / HTTP/1.1" 200 10635 "-" "Mozilla/5.0 (compatible; bingbot/2.0; +http://www.bing.com/bingbot.htm)"
157.56.92.173 - - [30/Dec/2013:02:37:03 -0600] "GET / HTTP/1.1" 200 10635 "-" "Mozilla/5.0 (compatible; bingbot/2.0; +http://www.bing.com/bingbot.htm)"
162.243.192.189 - - [30/Dec/2013:02:58:48 -0600] "GET /robots.txt HTTP/1.1" 404 - "-" "Mozilla/5.0 (compatible; spbot/4.0.4; +http://www.seoprofiler.com/bot )"
162.243.192.189 - - [30/Dec/2013:02:58:53 -0600] "GET / HTTP/1.1" 200 10635 "-" "Mozilla/5.0 (compatible; spbot/4.0.4; +http://www.seoprofiler.com/bot )"
162.243.192.189 - - [30/Dec/2013:02:58:57 -0600] "GET /index.php HTTP/1.1" 200 10635 "http://www.operationspokaneheroes.org/" "Mozilla/5.0 (compatible; spbot/4.0.4; +http://www.seoprofiler.com/bot )"
162.243.192.189 - - [30/Dec/2013:02:59:01 -0600] "GET /donate.php HTTP/1.1" 200 11699 "http://www.operationspokaneheroes.org/" "Mozilla/5.0 (compatible; spbot/4.0.4; +http://www.seoprofiler.com/bot )"
162.243.192.189 - - [30/Dec/2013:02:59:06 -0600] "GET /events.php HTTP/1.1" 200 6407 "http://www.operationspokaneheroes.org/" "Mozilla/5.0 (compatible; spbot/4.0.4; +http://www.seoprofiler.com/bot )"
162.243.192.189 - - [30/Dec/2013:02:59:10 -0600] "GET /aboutus.php HTTP/1.1" 200 11667 "http://www.operationspokaneheroes.org/" "Mozilla/5.0 (compatible; spbot/4.0.4; +http://www.seoprofiler.com/bot )"
162.243.192.189 - - [30/Dec/2013:02:59:15 -0600] "GET /contact.php HTTP/1.1" 200 10519 "http://www.operationspokaneheroes.org/" "Mozilla/5.0 (compatible; spbot/4.0.4; +http://www.seoprofiler.com/bot )"
162.243.192.189 - - [30/Dec/2013:02:59:25 -0600] "GET /business.php HTTP/1.1" 200 10813 "http://www.operationspokaneheroes.org/" "Mozilla/5.0 (compatible; spbot/4.0.4; +http://www.seoprofiler.com/bot )"
162.243.192.189 - - [30/Dec/2013:02:59:30 -0600] "GET /calendar.php HTTP/1.1" 200 10644 "http://www.operationspokaneheroes.org/" "Mozilla/5.0 (compatible; spbot/4.0.4; +http://www.seoprofiler.com/bot )"
188.237.186.161 - - [30/Dec/2013:03:00:29 -0600] "GET / HTTP/1.1" 200 10635 "http://operationspokaneheroes.org" "Mozilla/5.0 (Windows NT 6.2) AppleWebKit/537.36 (KHTML, like Gecko) Chrome/27.0.1453.116 Safari/537.36"
188.237.186.161 - - [30/Dec/2013:03:00:31 -0600] "GET /_inc/slide.php HTTP/1.1" 200 3205 "http://operationspokaneheroes.org/" "Mozilla/5.0 (Windows NT 6.2) AppleWebKit/537.36 (KHTML, like Gecko) Chrome/27.0.1453.116 Safari/537.36"
46.146.38.200 - - [30/Dec/2013:03:00:44 -0600] "GET /wp-admin/ HTTP/1.1" 404 - "-" "Mozilla/5.0 (compatible; MSIE 10.0; Windows NT 6.1; Trident/6.0)"
46.146.38.200 - - [30/Dec/2013:03:00:44 -0600] "GET /wordpress/wp-admin/ HTTP/1.1" 404 - "-" "Mozilla/5.0 (Macintosh; Intel Mac OS X 10_8_2) AppleWebKit/537.17 (KHTML, like Gecko) Chrome/24.0.1309.0 Safari/537.17"
46.146.38.200 - - [30/Dec/2013:03:00:44 -0600] "GET /blog/wp-admin/ HTTP/1.1" 404 - "-" "Mozilla/5.0 (compatible; MSIE 10.0; Windows NT 6.1; Trident/6.0)"
66.249.75.61 - - [30/Dec/2013:03:33:02 -0600] "GET /pdf/pearl%20harbor_map.pdf HTTP/1.1" 304 - "-" "Mozilla/5.0 (compatible; Googlebot/2.1; +http://www.google.com/bot.html)"
157.56.92.173 - - [30/Dec/2013:04:05:46 -0600] "GET /robots.txt HTTP/1.1" 404 - "-" "Mozilla/5.0 (compatible; bingbot/2.0; +http://www.bing.com/bingbot.htm)"
66.249.75.61 - - [30/Dec/2013:04:30:40 -0600] "GET /robots.txt HTTP/1.1" 404 - "-" "Mozilla/5.0 (compatible; Googlebot/2.1; +http://www.google.com/bot.html)"
66.249.75.61 - - [30/Dec/2013:04:30:40 -0600] "GET /pdf/MCL%20Breakfast%20-%20March%202012.pdf HTTP/1.1" 304 - "-" "Mozilla/5.0 (compatible; Googlebot/2.1; +http://www.google.com/bot.html)"
66.249.75.210 - - [30/Dec/2013:04:34:49 -0600] "GET /robots.txt HTTP/1.1" 404 - "-" "Mozilla/5.0 (compatible; Googlebot/2.1; +http://www.google.com/bot.html)"
66.249.75.210 - - [30/Dec/2013:04:34:49 -0600] "GET /pdf/Hiring%20Our%20Heroes%20Sept%202013%20Career%20Fair%20Flyer.pdf HTTP/1.1" 304 - "-" "Mozilla/5.0 (iPhone; CPU iPhone OS 6_0 like Mac OS X) AppleWebKit/536.26 (KHTML, like Gecko) Version/6.0 Mobile/10A5376e Safari/8536.25 (compatible; Googlebot-Mobile/2.1; +http://www.google.com/bot.html)"
157.56.92.173 - - [30/Dec/2013:04:57:30 -0600] "GET / HTTP/1.1" 200 10635 "-" "Mozilla/5.0 (compatible; bingbot/2.0; +http://www.bing.com/bingbot.htm)"
180.76.5.200 - - [30/Dec/2013:05:08:07 -0600] "GET / HTTP/1.1" 200 10635 "-" "Mozilla/5.0 (compatible; Baiduspider/2.0; +http://www.baidu.com/search/spider.html)"
157.56.92.173 - - [30/Dec/2013:05:17:09 -0600] "GET /robots.txt HTTP/1.1" 404 - "-" "Mozilla/5.0 (compatible; bingbot/2.0; +http://www.bing.com/bingbot.htm)"
66.249.75.61 - - [30/Dec/2013:05:32:06 -0600] "GET /pdf/march_for_the%20_fallen.pdf HTTP/1.1" 200 1178567 "-" "Mozilla/5.0 (compatible; Googlebot/2.1; +http://www.google.com/bot.html)"
157.56.92.173 - - [30/Dec/2013:06:03:30 -0600] "GET / HTTP/1.1" 200 10635 "-" "Mozilla/5.0 (compatible; bingbot/2.0; +http://www.bing.com/bingbot.htm)"
66.249.75.61 - - [30/Dec/2013:06:31:20 -0600] "GET /pdf/REVISION2%20Military%20Kids%20Camp%202012%20(2).pdf HTTP/1.1" 200 1691328 "-" "Mozilla/5.0 (compatible; Googlebot/2.1; +http://www.google.com/bot.html)"
180.76.5.96 - - [30/Dec/2013:06:48:46 -0600] "GET /java_for_joes/index.html HTTP/1.1" 404 - "-" "Mozilla/5.0 (compatible; Baiduspider/2.0; +http://www.baidu.com/search/spider.html)"
66.249.75.61 - - [30/Dec/2013:06:53:28 -0600] "GET /pdf/OSH%20Freedom%20Fridays%20Sign%20Up%20Sheet.pdf HTTP/1.1" 200 170318 "-" "Mozilla/5.0 (compatible; Googlebot/2.1; +http://www.google.com/bot.html)"
66.249.75.61 - - [30/Dec/2013:07:15:38 -0600] "GET /pdf/Spokane%20Indians%20Pennant%20poster-color%20copy.pdf HTTP/1.1" 200 1793914 "-" "Mozilla/5.0 (compatible; Googlebot/2.1; +http://www.google.com/bot.html)"
202.46.63.161 - - [30/Dec/2013:07:22:07 -0600] "GET /java_for_joes/index.html?3e3ea140 HTTP/1.1" 404 - "-" "Mozilla/5.0 (Windows NT 6.1; WOW64; rv:22.0) Gecko/20100101 Firefox/22.0"
178.255.215.79 - - [30/Dec/2013:07:37:35 -0600] "GET /robots.txt HTTP/1.1" 404 - "-" "Mozilla/5.0 (compatible; Exabot/3.0; +http://www.exabot.com/go/robot)"
178.255.215.79 - - [30/Dec/2013:07:37:35 -0600] "GET / HTTP/1.1" 200 10635 "-" "Mozilla/5.0 (compatible; Exabot/3.0; +http://www.exabot.com/go/robot)"
66.249.75.61 - - [30/Dec/2013:07:37:52 -0600] "GET /pdf/11x17%20Pennant%20Run%20Poster.pdf HTTP/1.1" 304 - "-" "Mozilla/5.0 (compatible; Googlebot/2.1; +http://www.google.com/bot.html)"
185.10.104.195 - - [30/Dec/2013:07:55:26 -0600] "GET /java_for_joes/index.html HTTP/1.1" 404 - "-" "Mozilla/5.0 (Windows NT 6.1; WOW64; rv:22.0) Gecko/20100101 Firefox/22.0"
66.249.75.61 - - [30/Dec/2013:07:58:36 -0600] "GET /pdf/Operation%20Wings%20of%20Hope%20Poster.pdf HTTP/1.1" 304 - "-" "Mozilla/5.0 (compatible; Googlebot/2.1; +http://www.google.com/bot.html)"
31.148.246.143 - - [30/Dec/2013:08:14:07 -0600] "GET /aboutus.php HTTP/1.1" 200 11667 "-" "Mozilla/5.0 (Windows NT 6.1; Win64; x64; rv:5.0) Gecko/20110619 Firefox/5.0"
146.120.166.10 - - [30/Dec/2013:08:14:08 -0600] "GET /contact.php HTTP/1.1" 200 10519 "-" "Mozilla/5.0 (Windows NT 5.0; WOW64; rv:5.0) Gecko/20100101 Firefox/5.0"
144.76.42.76 - - [30/Dec/2013:09:46:19 -0600] "GET / HTTP/1.1" 200 10635 "-" "Mozilla/5.0 (Macintosh; Intel Mac OS X 10_8_2) AppleWebKit/537.17 (KHTML, like Gecko) Chrome/24.0.1312.52 Safari/537.17"
180.76.5.29 - - [30/Dec/2013:10:26:58 -0600] "GET /events/carousel_11/carousel_11.html HTTP/1.1" 200 3712 "-" "Mozilla/5.0 (compatible; Baiduspider/2.0; +http://www.baidu.com/search/spider.html)"
180.76.5.119 - - [30/Dec/2013:11:02:22 -0600] "GET /java_for_joes/index.html HTTP/1.1" 404 - "-" "Mozilla/5.0 (compatible; Baiduspider/2.0; +http://www.baidu.com/search/spider.html)"
202.46.62.109 - - [30/Dec/2013:11:35:43 -0600] "GET /java_for_joes/index.html?3e3ea140 HTTP/1.1" 404 - "-" "Mozilla/5.0 (Windows NT 6.1; WOW64; rv:22.0) Gecko/20100101 Firefox/22.0"
185.10.104.131 - - [30/Dec/2013:12:09:01 -0600] "GET /java_for_joes/index.html HTTP/1.1" 404 - "-" "Mozilla/5.0 (Windows NT 6.1; WOW64; rv:22.0) Gecko/20100101 Firefox/22.0"
157.56.92.173 - - [30/Dec/2013:14:25:33 -0600] "GET /robots.txt HTTP/1.1" 404 - "-" "Mozilla/5.0 (compatible; bingbot/2.0; +http://www.bing.com/bingbot.htm)"
157.56.92.173 - - [30/Dec/2013:14:26:17 -0600] "GET / HTTP/1.1" 200 10635 "-" "Mozilla/5.0 (compatible; bingbot/2.0; +http://www.bing.com/bingbot.htm)"
216.152.243.214 - - [30/Dec/2013:15:13:21 -0600] "GET /aboutus.php HTTP/1.1" 200 11667 "-" "Mozilla/4.0 (compatible; MSIE 6.0; Windows NT 5.1)"
65.55.24.245 - - [30/Dec/2013:15:26:17 -0600] "GET /robots.txt HTTP/1.1" 404 - "-" "Mozilla/5.0 (compatible; bingbot/2.0; +http://www.bing.com/bingbot.htm)"
65.55.24.245 - - [30/Dec/2013:15:30:28 -0600] "GET / HTTP/1.1" 200 10635 "-" "Mozilla/5.0 (compatible; bingbot/2.0; +http://www.bing.com/bingbot.htm)"
66.249.75.210 - - [30/Dec/2013:15:37:52 -0600] "GET / HTTP/1.1" 200 10635 "-" "Mozilla/5.0 (compatible; Googlebot/2.1; +http://www.google.com/bot.html)"
213.205.40.28 - - [30/Dec/2013:15:55:57 -0600] "GET / HTTP/1.1" 200 10635 "-" "Mozilla/5.0 (X11; Linux i686; rv:13.0) Gecko/20100101 Firefox/13.0.1"
132.3.65.78 - - [30/Dec/2013:16:43:53 -0600] "GET /slider/js/jquery-1.2.6.js HTTP/1.1" 200 100196 "-" "Mozilla/4.0 (compatible;)"
66.249.75.210 - - [30/Dec/2013:17:34:53 -0600] "GET /robots.txt HTTP/1.1" 404 - "-" "Mozilla/5.0 (compatible; Googlebot/2.1; +http://www.google.com/bot.html)"
66.249.75.210 - - [30/Dec/2013:17:34:53 -0600] "GET /events/vet_picnic/vet_picnic.html HTTP/1.1" 200 3163 "-" "Mozilla/5.0 (compatible; Googlebot/2.1; +http://www.google.com/bot.html)"
180.76.6.143 - - [30/Dec/2013:18:39:21 -0600] "GET /pdf/Spokane%20Indians%20Pennant%20poster-color%20copy.pdf HTTP/1.1" 200 1793914 "-" "Mozilla/5.0 (Windows NT 5.1; rv:6.0.2) Gecko/20100101 Firefox/6.0.2"
66.249.75.210 - - [30/Dec/2013:21:24:46 -0600] "GET /events/carousel_11/carousel_11.html HTTP/1.1" 200 3712 "-" "Mozilla/5.0 (compatible; Googlebot/2.1; +http://www.google.com/bot.html)"
66.249.75.210 - - [30/Dec/2013:21:29:48 -0600] "GET / HTTP/1.1" 200 10635 "-" "DoCoMo/2.0 N905i(c100;TB;W24H16) (compatible; Googlebot-Mobile/2.1; +http://www.google.com/bot.html)"
132.3.65.79 - - [30/Dec/2013:22:19:39 -0600] "GET /images/slder2.png HTTP/1.1" 200 32853 "-" "Mozilla/4.0 (compatible;)"
91.123.195.136 - - [31/Dec/2013:00:35:30 -0600] "GET /java_for_joes/index.html HTTP/1.0" 404 - "-" "Mozilla/5.0 (Windows NT 6.1; WOW64; rv:23.0) Gecko/20100101 Firefox/23.0"
65.55.24.245 - - [31/Dec/2013:00:55:37 -0600] "GET /robots.txt HTTP/1.1" 404 - "-" "Mozilla/5.0 (compatible; bingbot/2.0; +http://www.bing.com/bingbot.htm)"
65.55.24.245 - - [31/Dec/2013:01:12:40 -0600] "GET / HTTP/1.1" 200 10635 "-" "Mozilla/5.0 (compatible; bingbot/2.0; +http://www.bing.com/bingbot.htm)"
199.21.99.103 - - [31/Dec/2013:01:28:00 -0600] "GET /robots.txt HTTP/1.1" 404 - "-" "Mozilla/5.0 (compatible; YandexBot/3.0; +http://yandex.com/bots)"
199.21.99.103 - - [31/Dec/2013:01:28:00 -0600] "GET /robots.txt HTTP/1.1" 404 - "-" "Mozilla/5.0 (compatible; YandexBot/3.0; +http://yandex.com/bots)"
199.21.99.103 - - [31/Dec/2013:01:28:02 -0600] "GET / HTTP/1.1" 200 10635 "-" "Mozilla/5.0 (compatible; YandexBot/3.0; +http://yandex.com/bots)"
199.21.99.103 - - [31/Dec/2013:01:28:02 -0600] "GET / HTTP/1.1" 200 10635 "-" "Mozilla/5.0 (compatible; YandexBot/3.0; +http://yandex.com/bots)"
199.21.99.103 - - [31/Dec/2013:01:28:06 -0600] "GET / HTTP/1.1" 200 10635 "-" "Mozilla/5.0 (compatible; YandexBot/3.0; +http://yandex.com/bots)"
199.21.99.103 - - [31/Dec/2013:01:28:07 -0600] "GET / HTTP/1.1" 200 10635 "-" "Mozilla/5.0 (compatible; YandexBot/3.0; +http://yandex.com/bots)"
65.55.24.245 - - [31/Dec/2013:02:48:52 -0600] "GET /robots.txt HTTP/1.1" 404 - "-" "Mozilla/5.0 (compatible; bingbot/2.0; +http://www.bing.com/bingbot.htm)"
65.55.24.245 - - [31/Dec/2013:02:49:39 -0600] "GET / HTTP/1.1" 200 10635 "-" "Mozilla/5.0 (compatible; bingbot/2.0; +http://www.bing.com/bingbot.htm)"
157.56.93.40 - - [31/Dec/2013:03:05:57 -0600] "GET /java_for_joes/index.html HTTP/1.1" 404 - "-" "Mozilla/5.0 (compatible; bingbot/2.0; +http://www.bing.com/bingbot.htm)"
66.249.75.210 - - [31/Dec/2013:03:56:36 -0600] "GET /slider/css/style.css HTTP/1.1" 200 1379 "-" "Mozilla/5.0 (compatible; Googlebot/2.1; +http://www.google.com/bot.html)"
66.249.75.210 - - [31/Dec/2013:03:56:38 -0600] "GET /css/global.css HTTP/1.1" 200 13951 "-" "Mozilla/5.0 (compatible; Googlebot/2.1; +http://www.google.com/bot.html)"
66.249.75.210 - - [31/Dec/2013:03:56:40 -0600] "GET /css/slide.css HTTP/1.1" 200 2869 "-" "Mozilla/5.0 (compatible; Googlebot/2.1; +http://www.google.com/bot.html)"
66.249.75.210 - - [31/Dec/2013:03:56:46 -0600] "GET /css/footer.css HTTP/1.1" 200 752 "-" "Mozilla/5.0 (compatible; Googlebot/2.1; +http://www.google.com/bot.html)"
66.249.75.210 - - [31/Dec/2013:03:56:53 -0600] "GET /css/style_global.css HTTP/1.1" 200 2621 "-" "Mozilla/5.0 (compatible; Googlebot/2.1; +http://www.google.com/bot.html)"
66.249.75.61 - - [31/Dec/2013:03:57:46 -0600] "GET /robots.txt HTTP/1.1" 404 - "-" "Mozilla/5.0 (compatible; Googlebot/2.1; +http://www.google.com/bot.html)"
66.249.75.61 - - [31/Dec/2013:03:57:51 -0600] "GET / HTTP/1.1" 200 10635 "-" "Mozilla/5.0 (compatible; Googlebot/2.1; +http://www.google.com/bot.html)"
66.249.75.61 - - [31/Dec/2013:04:06:45 -0600] "GET /css/global.css HTTP/1.1" 200 13951 "-" "Mozilla/5.0 (compatible; Googlebot/2.1; +http://www.google.com/bot.html)"
66.249.75.61 - - [31/Dec/2013:04:06:48 -0600] "GET /css/slide.css HTTP/1.1" 200 2869 "-" "Mozilla/5.0 (compatible; Googlebot/2.1; +http://www.google.com/bot.html)"
66.249.75.61 - - [31/Dec/2013:04:06:51 -0600] "GET /css/style_global.css HTTP/1.1" 200 2621 "-" "Mozilla/5.0 (compatible; Googlebot/2.1; +http://www.google.com/bot.html)"
66.249.75.61 - - [31/Dec/2013:04:06:53 -0600] "GET /css/footer.css HTTP/1.1" 200 752 "-" "Mozilla/5.0 (compatible; Googlebot/2.1; +http://www.google.com/bot.html)"
66.249.75.61 - - [31/Dec/2013:04:06:54 -0600] "GET /slider/css/style.css HTTP/1.1" 200 1379 "-" "Mozilla/5.0 (compatible; Googlebot/2.1; +http://www.google.com/bot.html)"
66.249.75.210 - - [31/Dec/2013:05:34:12 -0600] "GET /pdf/2013%20-%20Women%20Warriors%20and%20the%20Cowgirls%20Flyer.pdf HTTP/1.1" 304 - "-" "Mozilla/5.0 (iPhone; CPU iPhone OS 6_0 like Mac OS X) AppleWebKit/536.26 (KHTML, like Gecko) Version/6.0 Mobile/10A5376e Safari/8536.25 (compatible; Googlebot-Mobile/2.1; +http://www.google.com/bot.html)"
192.96.204.42 - - [31/Dec/2013:06:21:12 -0600] "HEAD / HTTP/1.1" 200 - "http://domainsigma.com/whois/operationspokaneheroes.org" "Mozilla/5.0 (Windows NT 5.1) AppleWebKit/537.36 (KHTML, like Gecko) Chrome/31.0.1650.16 Safari/537.36"
157.56.93.40 - - [31/Dec/2013:06:29:51 -0600] "GET /robots.txt HTTP/1.1" 404 - "-" "Mozilla/5.0 (compatible; bingbot/2.0; +http://www.bing.com/bingbot.htm)"
157.56.93.40 - - [31/Dec/2013:06:44:11 -0600] "GET /java_for_joes/index.html HTTP/1.1" 404 - "-" "Mozilla/5.0 (compatible; bingbot/2.0; +http://www.bing.com/bingbot.htm)"
162.243.146.143 - - [31/Dec/2013:07:07:17 -0600] "GET / HTTP/1.1" 200 10635 "-" "Wget/1.13.4 (linux-gnu)"
54.227.40.242 - - [31/Dec/2013:07:15:38 -0600] "GET /index.php HTTP/1.1" 200 10635 "-" "Pinterest/0.1 +http://pinterest.com/"
95.130.250.65 - - [31/Dec/2013:07:27:55 -0600] "GET /java_for_joes/index.html/blog/ HTTP/1.1" 404 - "-" "Mozilla/5.0 (compatible; bingbot/2.0; +http://www.bing.com/bingbot.htm)"
95.130.250.65 - - [31/Dec/2013:07:27:55 -0600] "GET /java_for_joes/index.html/blog/ HTTP/1.1" 404 - "-" "Mozilla/5.0 (compatible; bingbot/2.0; +http://www.bing.com/bingbot.htm)"
199.58.86.211 - - [31/Dec/2013:08:03:35 -0600] "GET /robots.txt HTTP/1.0" 404 - "-" "Mozilla/5.0 (compatible; MJ12bot/v1.4.4; http://www.majestic12.co.uk/bot.php?+)"
199.58.86.211 - - [31/Dec/2013:08:03:39 -0600] "GET / HTTP/1.0" 200 10635 "-" "Mozilla/5.0 (compatible; MJ12bot/v1.4.4; http://www.majestic12.co.uk/bot.php?+)"
180.76.6.41 - - [31/Dec/2013:11:06:53 -0600] "GET / HTTP/1.1" 200 10635 "-" "Mozilla/5.0 (compatible; Baiduspider/2.0; +http://www.baidu.com/search/spider.html)"
180.76.5.116 - - [31/Dec/2013:11:08:40 -0600] "GET /pdf/osh_show.pdf HTTP/1.1" 200 6794939 "-" "Mozilla/5.0 (Windows NT 5.1; rv:6.0.2) Gecko/20100101 Firefox/6.0.2"
65.55.24.245 - - [31/Dec/2013:14:47:47 -0600] "GET /robots.txt HTTP/1.1" 404 - "-" "Mozilla/5.0 (compatible; bingbot/2.0; +http://www.bing.com/bingbot.htm)"
65.55.24.245 - - [31/Dec/2013:14:49:57 -0600] "GET / HTTP/1.1" 200 10635 "-" "Mozilla/5.0 (compatible; bingbot/2.0; +http://www.bing.com/bingbot.htm)"
220.181.89.245 - - [31/Dec/2013:15:52:37 -0600] "GET /robots.txt HTTP/1.1" 404 - "-" "Sogou web spider/4.0(+http://www.sogou.com/docs/help/webmasters.htm#07)"
220.181.89.245 - - [31/Dec/2013:15:52:38 -0600] "GET / HTTP/1.1" 200 10635 "-" "Sogou web spider/4.0(+http://www.sogou.com/docs/help/webmasters.htm#07)"
157.55.33.86 - - [31/Dec/2013:16:02:51 -0600] "GET /robots.txt HTTP/1.1" 404 - "-" "Mozilla/5.0 (compatible; bingbot/2.0; +http://www.bing.com/bingbot.htm)"
157.55.33.86 - - [31/Dec/2013:16:03:49 -0600] "GET /_inc/events.php HTTP/1.1" 200 5967 "-" "Mozilla/5.0 (compatible; bingbot/2.0; +http://www.bing.com/bingbot.htm)"
157.56.93.40 - - [31/Dec/2013:16:04:28 -0600] "GET /css/skin.css HTTP/1.1" 200 1816 "-" "Mozilla/5.0 (compatible; bingbot/2.0; +http://www.bing.com/bingbot.htm)"
157.55.33.86 - - [31/Dec/2013:16:04:51 -0600] "GET /images/2.gif HTTP/1.1" 200 966 "-" "Mozilla/5.0 (compatible; bingbot/2.0; +http://www.bing.com/bingbot.htm)"
157.56.93.40 - - [31/Dec/2013:16:07:08 -0600] "GET /images/3.gif HTTP/1.1" 200 4719 "-" "Mozilla/5.0 (compatible; bingbot/2.0; +http://www.bing.com/bingbot.htm)"
157.55.34.171 - - [31/Dec/2013:16:17:28 -0600] "GET /js/jquery-1.4.2.min.js HTTP/1.1" 200 72174 "-" "Mozilla/5.0 (compatible; bingbot/2.0; +http://www.bing.com/bingbot.htm)"
65.55.24.245 - - [31/Dec/2013:16:17:48 -0600] "GET /images/1_big.gif HTTP/1.1" 200 24200 "-" "Mozilla/5.0 (compatible; bingbot/2.0; +http://www.bing.com/bingbot.htm)"
66.249.75.210 - - [31/Dec/2013:16:22:12 -0600] "GET /robots.txt HTTP/1.1" 404 - "-" "Mozilla/5.0 (compatible; Googlebot/2.1; +http://www.google.com/bot.html)"
66.249.75.210 - - [31/Dec/2013:16:22:13 -0600] "GET /business.php HTTP/1.1" 200 10813 "-" "Mozilla/5.0 (iPhone; CPU iPhone OS 6_0 like Mac OS X) AppleWebKit/536.26 (KHTML, like Gecko) Version/6.0 Mobile/10A5376e Safari/8536.25 (compatible; Googlebot-Mobile/2.1; +http://www.google.com/bot.html)"
65.55.24.245 - - [31/Dec/2013:16:23:48 -0600] "GET /images/1.gif HTTP/1.1" 200 3433 "-" "Mozilla/5.0 (compatible; bingbot/2.0; +http://www.bing.com/bingbot.htm)"
157.56.93.40 - - [31/Dec/2013:16:25:28 -0600] "GET /css/jquery.jcarousel.css HTTP/1.1" 200 915 "-" "Mozilla/5.0 (compatible; bingbot/2.0; +http://www.bing.com/bingbot.htm)"
199.30.25.11 - - [31/Dec/2013:17:08:41 -0600] "GET /js/jquery.jcarousel.pack.js HTTP/1.1" 200 8891 "http://operationspokaneheroes.org/_inc/events.php" "Mozilla/5.0 (Windows NT 6.1; WOW64) AppleWebKit/534+ (KHTML, like Gecko) BingPreview/1.0b"
199.30.25.11 - - [31/Dec/2013:17:08:44 -0600] "GET /css/jquery.jcarousel.css HTTP/1.1" 200 915 "http://operationspokaneheroes.org/_inc/events.php" "Mozilla/5.0 (Windows NT 6.1; WOW64) AppleWebKit/534+ (KHTML, like Gecko) BingPreview/1.0b"
199.30.25.11 - - [31/Dec/2013:17:08:45 -0600] "GET /images/arrow_white.png HTTP/1.1" 200 317 "http://operationspokaneheroes.org/_inc/events.php" "Mozilla/5.0 (Windows NT 6.1; WOW64) AppleWebKit/534+ (KHTML, like Gecko) BingPreview/1.0b"
199.30.25.11 - - [31/Dec/2013:17:08:45 -0600] "GET /images/1_big.gif HTTP/1.1" 200 24200 "http://operationspokaneheroes.org/_inc/events.php" "Mozilla/5.0 (Windows NT 6.1; WOW64) AppleWebKit/534+ (KHTML, like Gecko) BingPreview/1.0b"
66.249.75.210 - - [31/Dec/2013:17:38:33 -0600] "GET /business.php HTTP/1.1" 200 10813 "-" "Mozilla/5.0 (compatible; Googlebot/2.1; +http://www.google.com/bot.html)"
66.249.75.210 - - [31/Dec/2013:18:40:25 -0600] "GET /contact.php HTTP/1.1" 200 10519 "-" "Mozilla/5.0 (compatible; Googlebot/2.1; +http://www.google.com/bot.html)"
66.249.75.210 - - [31/Dec/2013:18:51:25 -0600] "GET /css/contact_style.css HTTP/1.1" 200 843 "-" "Mozilla/5.0 (compatible; Googlebot/2.1; +http://www.google.com/bot.html)"
66.249.75.210 - - [31/Dec/2013:19:26:02 -0600] "GET /pdf/2013%20-%20Women%20Warriors%20and%20the%20Cowgirls%20Flyer.pdf HTTP/1.1" 304 - "-" "Mozilla/5.0 (compatible; Googlebot/2.1; +http://www.google.com/bot.html)"
65.70.247.20 - - [31/Dec/2013:19:38:44 -0600] "GET /blog/ HTTP/1.1" 404 - "-" "Mozilla/5.0 (compatible; bingbot/2.0; +http://www.bing.com/bingbot.htm)"
66.249.75.61 - - [31/Dec/2013:20:49:04 -0600] "GET /robots.txt HTTP/1.1" 404 - "-" "Mozilla/5.0 (compatible; Googlebot/2.1; +http://www.google.com/bot.html)"
66.249.75.61 - - [31/Dec/2013:20:49:04 -0600] "GET / HTTP/1.1" 200 10635 "-" "SAMSUNG-SGH-E250/1.0 Profile/MIDP-2.0 Configuration/CLDC-1.1 UP.Browser/6.2.3.3.c.1.101 (GUI) MMP/2.0 (compatible; Googlebot-Mobile/2.1; +http://www.google.com/bot.html)"
66.249.75.210 - - [31/Dec/2013:21:16:36 -0600] "GET / HTTP/1.1" 200 10635 "-" "SAMSUNG-SGH-E250/1.0 Profile/MIDP-2.0 Configuration/CLDC-1.1 UP.Browser/6.2.3.3.c.1.101 (GUI) MMP/2.0 (compatible; Googlebot-Mobile/2.1; +http://www.google.com/bot.html)"
66.249.75.210 - - [31/Dec/2013:21:24:05 -0600] "GET /pdf/Idaho+DOL+Sep+-+Oct+2013.pdf HTTP/1.1" 304 - "-" "Mozilla/5.0 (compatible; Googlebot/2.1; +http://www.google.com/bot.html)"
178.255.215.79 - - [31/Dec/2013:21:37:16 -0600] "GET /robots.txt HTTP/1.1" 404 - "-" "Mozilla/5.0 (compatible; Exabot/3.0; +http://www.exabot.com/go/robot)"
178.255.215.79 - - [31/Dec/2013:21:37:16 -0600] "GET /donate.php HTTP/1.1" 200 11699 "-" "Mozilla/5.0 (compatible; Exabot/3.0; +http://www.exabot.com/go/robot)"
66.249.75.210 - - [31/Dec/2013:22:44:26 -0600] "GET /pdf/Hiring%20Our%20Heroes%20Sept%202013%20Career%20Fair%20Flyer.pdf HTTP/1.1" 304 - "-" "Mozilla/5.0 (compatible; Googlebot/2.1; +http://www.google.com/bot.html)"
69.171.234.117 - - [31/Dec/2013:22:46:55 -0600] "GET /images/logo.png HTTP/1.1" 200 226129 "-" "facebookexternalhit/1.1 (+http://www.facebook.com/externalhit_uatext.php)"
66.249.75.210 - - [31/Dec/2013:23:19:05 -0600] "GET / HTTP/1.1" 200 10635 "-" "Mozilla/5.0 (compatible; Googlebot/2.1; +http://www.google.com/bot.html)"
54.211.104.54 - - [31/Dec/2013:23:26:01 -0600] "GET / HTTP/1.1" 200 10635 "-" "-"
66.249.75.210 - - [31/Dec/2013:23:50:03 -0600] "GET /slider.html HTTP/1.1" 304 - "-" "Mozilla/5.0 (compatible; Googlebot/2.1; +http://www.google.com/bot.html)"
65.55.24.245 - - [01/Jan/2014:00:18:02 -0600] "GET /robots.txt HTTP/1.1" 404 - "-" "Mozilla/5.0 (compatible; bingbot/2.0; +http://www.bing.com/bingbot.htm)"
65.55.24.245 - - [01/Jan/2014:00:30:53 -0600] "GET / HTTP/1.1" 200 10635 "-" "Mozilla/5.0 (compatible; bingbot/2.0; +http://www.bing.com/bingbot.htm)"
65.55.24.245 - - [01/Jan/2014:01:11:58 -0600] "GET /robots.txt HTTP/1.1" 404 - "-" "Mozilla/5.0 (compatible; bingbot/2.0; +http://www.bing.com/bingbot.htm)"
173.252.100.116 - - [01/Jan/2014:01:15:14 -0600] "GET /images/logo.png HTTP/1.1" 200 226129 "-" "facebookexternalhit/1.1 (+http://www.facebook.com/externalhit_uatext.php)"
65.55.24.245 - - [01/Jan/2014:01:15:57 -0600] "GET /pdf/ready_set_go.pdf HTTP/1.1" 200 208616 "-" "Mozilla/5.0 (compatible; bingbot/2.0; +http://www.bing.com/bingbot.htm)"
70.199.130.217 - - [01/Jan/2014:01:16:03 -0600] "GET / HTTP/1.1" 200 10635 "http://www.facebook.com/l.php?u=http%3A%2F%2Foperationspokaneheroes.org%2F&h=zAQFPOurHAQHry7mBPMLyoncUnelL3JdEJezeQCJnR0h6jw&enc=AZNJqabuF72mNnJboBngzwM05xFP3zkpT8STDyKJMHrTMzT5wlQPZFVM-hLNCNyZENTjIZiyt-KskUpJ3AWPI-Tv&s=1" "Mozilla/5.0 (Windows NT 6.1; WOW64; Trident/7.0; rv:11.0) like Gecko"
70.199.130.217 - - [01/Jan/2014:01:16:11 -0600] "GET /css/global.css HTTP/1.1" 200 13951 "http://operationspokaneheroes.org/" "Mozilla/5.0 (Windows NT 6.1; WOW64; Trident/7.0; rv:11.0) like Gecko"
70.199.130.217 - - [01/Jan/2014:01:16:11 -0600] "GET /css/footer.css HTTP/1.1" 200 752 "http://operationspokaneheroes.org/" "Mozilla/5.0 (Windows NT 6.1; WOW64; Trident/7.0; rv:11.0) like Gecko"
70.199.130.217 - - [01/Jan/2014:01:16:11 -0600] "GET /images/facebook.png HTTP/1.1" 200 5004 "http://operationspokaneheroes.org/" "Mozilla/5.0 (Windows NT 6.1; WOW64; Trident/7.0; rv:11.0) like Gecko"
70.199.130.217 - - [01/Jan/2014:01:16:11 -0600] "GET /images/contacticon.png HTTP/1.1" 200 4499 "http://operationspokaneheroes.org/" "Mozilla/5.0 (Windows NT 6.1; WOW64; Trident/7.0; rv:11.0) like Gecko"
70.199.130.217 - - [01/Jan/2014:01:16:11 -0600] "GET /images/global.png HTTP/1.1" 200 5737 "http://operationspokaneheroes.org/" "Mozilla/5.0 (Windows NT 6.1; WOW64; Trident/7.0; rv:11.0) like Gecko"
70.199.130.217 - - [01/Jan/2014:01:16:03 -0600] "GET /images/logo.png HTTP/1.1" 200 226129 "http://operationspokaneheroes.org/" "Mozilla/5.0 (Windows NT 6.1; WOW64; Trident/7.0; rv:11.0) like Gecko"
70.199.130.217 - - [01/Jan/2014:01:16:11 -0600] "GET /mainbk.png HTTP/1.1" 200 290 "http://operationspokaneheroes.org/" "Mozilla/5.0 (Windows NT 6.1; WOW64; Trident/7.0; rv:11.0) like Gecko"
70.199.130.217 - - [01/Jan/2014:01:16:11 -0600] "GET /slider/index.html HTTP/1.1" 200 2900 "http://operationspokaneheroes.org/" "Mozilla/5.0 (Windows NT 6.1; WOW64; Trident/7.0; rv:11.0) like Gecko"
70.199.130.217 - - [01/Jan/2014:01:16:11 -0600] "GET /images/nav2.jpg HTTP/1.1" 200 4444 "http://operationspokaneheroes.org/" "Mozilla/5.0 (Windows NT 6.1; WOW64; Trident/7.0; rv:11.0) like Gecko"
70.199.130.217 - - [01/Jan/2014:01:16:11 -0600] "GET /images/bg2.jpg HTTP/1.1" 200 55206 "http://operationspokaneheroes.org/" "Mozilla/5.0 (Windows NT 6.1; WOW64; Trident/7.0; rv:11.0) like Gecko"
70.199.130.217 - - [01/Jan/2014:01:16:11 -0600] "GET /slider/css/style.css HTTP/1.1" 200 1379 "http://operationspokaneheroes.org/slider/index.html" "Mozilla/5.0 (Windows NT 6.1; WOW64; Trident/7.0; rv:11.0) like Gecko"
70.199.130.217 - - [01/Jan/2014:01:16:11 -0600] "GET /slider/js/startstop-slider.js HTTP/1.1" 200 1737 "http://operationspokaneheroes.org/slider/index.html" "Mozilla/5.0 (Windows NT 6.1; WOW64; Trident/7.0; rv:11.0) like Gecko"
70.199.130.217 - - [01/Jan/2014:01:16:11 -0600] "GET /slider/images/imagslider-1.png HTTP/1.1" 200 69960 "http://operationspokaneheroes.org/slider/index.html" "Mozilla/5.0 (Windows NT 6.1; WOW64; Trident/7.0; rv:11.0) like Gecko"
70.199.130.217 - - [01/Jan/2014:01:16:11 -0600] "GET /images/slder2.png HTTP/1.1" 200 32853 "http://operationspokaneheroes.org/slider/index.html" "Mozilla/5.0 (Windows NT 6.1; WOW64; Trident/7.0; rv:11.0) like Gecko"
70.199.130.217 - - [01/Jan/2014:01:16:11 -0600] "GET /slider/images/imagslider-2.png HTTP/1.1" 200 62889 "http://operationspokaneheroes.org/slider/index.html" "Mozilla/5.0 (Windows NT 6.1; WOW64; Trident/7.0; rv:11.0) like Gecko"
70.199.130.217 - - [01/Jan/2014:01:16:12 -0600] "GET /slider/js/jquery-1.2.6.js HTTP/1.1" 200 100196 "http://operationspokaneheroes.org/slider/index.html" "Mozilla/5.0 (Windows NT 6.1; WOW64; Trident/7.0; rv:11.0) like Gecko"
70.199.130.217 - - [01/Jan/2014:01:16:12 -0600] "GET /slider/images/slider-bg.jpg HTTP/1.1" 200 3447 "http://operationspokaneheroes.org/slider/index.html" "Mozilla/5.0 (Windows NT 6.1; WOW64; Trident/7.0; rv:11.0) like Gecko"
70.199.130.217 - - [01/Jan/2014:01:16:11 -0600] "GET /_inc/slide.php HTTP/1.1" 200 3205 "http://operationspokaneheroes.org/" "Mozilla/5.0 (Windows NT 6.1; WOW64; Trident/7.0; rv:11.0) like Gecko"
70.199.130.217 - - [01/Jan/2014:01:16:14 -0600] "GET /css/slide.css HTTP/1.1" 200 2869 "http://operationspokaneheroes.org/_inc/slide.php" "Mozilla/5.0 (Windows NT 6.1; WOW64; Trident/7.0; rv:11.0) like Gecko"
70.199.130.217 - - [01/Jan/2014:01:16:14 -0600] "GET /css/style_global.css HTTP/1.1" 200 2621 "http://operationspokaneheroes.org/_inc/slide.php" "Mozilla/5.0 (Windows NT 6.1; WOW64; Trident/7.0; rv:11.0) like Gecko"
70.199.130.217 - - [01/Jan/2014:01:16:14 -0600] "GET /js/combined.js HTTP/1.1" 200 169946 "http://operationspokaneheroes.org/_inc/slide.php" "Mozilla/5.0 (Windows NT 6.1; WOW64; Trident/7.0; rv:11.0) like Gecko"
70.199.130.217 - - [01/Jan/2014:01:16:14 -0600] "GET /assets/images/btn_main_search_hover.png HTTP/1.1" 404 - "http://operationspokaneheroes.org/_inc/slide.php" "Mozilla/5.0 (Windows NT 6.1; WOW64; Trident/7.0; rv:11.0) like Gecko"
70.199.130.217 - - [01/Jan/2014:01:16:14 -0600] "GET /assets/images/btn_top_search_hover.png HTTP/1.1" 404 - "http://operationspokaneheroes.org/_inc/slide.php" "Mozilla/5.0 (Windows NT 6.1; WOW64; Trident/7.0; rv:11.0) like Gecko"
70.199.130.217 - - [01/Jan/2014:01:16:14 -0600] "GET /images/we_believe.png HTTP/1.1" 200 1785 "http://operationspokaneheroes.org/_inc/slide.php" "Mozilla/5.0 (Windows NT 6.1; WOW64; Trident/7.0; rv:11.0) like Gecko"
70.199.130.217 - - [01/Jan/2014:01:16:14 -0600] "GET /images/we_strive.png HTTP/1.1" 200 1981 "http://operationspokaneheroes.org/_inc/slide.php" "Mozilla/5.0 (Windows NT 6.1; WOW64; Trident/7.0; rv:11.0) like Gecko"
70.199.130.217 - - [01/Jan/2014:01:16:14 -0600] "GET /images/we_help.png HTTP/1.1" 200 1514 "http://operationspokaneheroes.org/_inc/slide.php" "Mozilla/5.0 (Windows NT 6.1; WOW64; Trident/7.0; rv:11.0) like Gecko"
70.199.130.217 - - [01/Jan/2014:01:16:14 -0600] "GET /images/3.jpg HTTP/1.1" 200 240733 "http://operationspokaneheroes.org/_inc/slide.php" "Mozilla/5.0 (Windows NT 6.1; WOW64; Trident/7.0; rv:11.0) like Gecko"
70.199.130.217 - - [01/Jan/2014:01:16:14 -0600] "GET /images/we_need.png HTTP/1.1" 200 2138 "http://operationspokaneheroes.org/_inc/slide.php" "Mozilla/5.0 (Windows NT 6.1; WOW64; Trident/7.0; rv:11.0) like Gecko"
70.199.130.217 - - [01/Jan/2014:01:16:14 -0600] "GET /favicon.ico HTTP/1.1" 404 - "-" "Mozilla/5.0 (Windows NT 6.1; Win64; x64; Trident/7.0; rv:11.0) like Gecko"
70.199.130.217 - - [01/Jan/2014:01:16:14 -0600] "GET /images/2.jpg HTTP/1.1" 200 170993 "http://operationspokaneheroes.org/_inc/slide.php" "Mozilla/5.0 (Windows NT 6.1; WOW64; Trident/7.0; rv:11.0) like Gecko"
70.199.130.217 - - [01/Jan/2014:01:16:14 -0600] "GET /images/4.jpg HTTP/1.1" 200 186934 "http://operationspokaneheroes.org/_inc/slide.php" "Mozilla/5.0 (Windows NT 6.1; WOW64; Trident/7.0; rv:11.0) like Gecko"
70.199.130.217 - - [01/Jan/2014:01:16:14 -0600] "GET /images/mission_statement_bg.png HTTP/1.1" 200 11413 "http://operationspokaneheroes.org/_inc/slide.php" "Mozilla/5.0 (Windows NT 6.1; WOW64; Trident/7.0; rv:11.0) like Gecko"
70.199.130.217 - - [01/Jan/2014:01:16:14 -0600] "GET /images/1.jpg HTTP/1.1" 200 142489 "http://operationspokaneheroes.org/_inc/slide.php" "Mozilla/5.0 (Windows NT 6.1; WOW64; Trident/7.0; rv:11.0) like Gecko"
70.199.130.217 - - [01/Jan/2014:01:16:31 -0600] "GET /business.php HTTP/1.1" 200 10813 "http://operationspokaneheroes.org/" "Mozilla/5.0 (Windows NT 6.1; WOW64; Trident/7.0; rv:11.0) like Gecko"
70.199.130.217 - - [01/Jan/2014:01:16:33 -0600] "GET /_inc/slide.php HTTP/1.1" 200 3205 "http://operationspokaneheroes.org/business.php" "Mozilla/5.0 (Windows NT 6.1; WOW64; Trident/7.0; rv:11.0) like Gecko"
70.199.130.217 - - [01/Jan/2014:01:16:34 -0600] "GET /assets/images/btn_main_search_hover.png HTTP/1.1" 404 - "http://operationspokaneheroes.org/_inc/slide.php" "Mozilla/5.0 (Windows NT 6.1; WOW64; Trident/7.0; rv:11.0) like Gecko"
70.199.130.217 - - [01/Jan/2014:01:16:34 -0600] "GET /favicon.ico HTTP/1.1" 404 - "-" "Mozilla/5.0 (Windows NT 6.1; Win64; x64; Trident/7.0; rv:11.0) like Gecko"
70.199.130.217 - - [01/Jan/2014:01:16:34 -0600] "GET /assets/images/btn_top_search_hover.png HTTP/1.1" 404 - "http://operationspokaneheroes.org/_inc/slide.php" "Mozilla/5.0 (Windows NT 6.1; WOW64; Trident/7.0; rv:11.0) like Gecko"
65.55.24.245 - - [01/Jan/2014:02:07:06 -0600] "GET / HTTP/1.1" 200 10635 "-" "Mozilla/5.0 (compatible; bingbot/2.0; +http://www.bing.com/bingbot.htm)"
66.249.75.210 - - [01/Jan/2014:02:20:41 -0600] "GET /donate.php HTTP/1.1" 200 11699 "-" "SAMSUNG-SGH-E250/1.0 Profile/MIDP-2.0 Configuration/CLDC-1.1 UP.Browser/6.2.3.3.c.1.101 (GUI) MMP/2.0 (compatible; Googlebot-Mobile/2.1; +http://www.google.com/bot.html)"
65.55.215.54 - - [01/Jan/2014:02:21:39 -0600] "GET /robots.txt HTTP/1.1" 404 - "-" "msnbot-media/1.1 (+http://search.msn.com/msnbot.htm)"
65.55.215.54 - - [01/Jan/2014:02:21:39 -0600] "GET /images/contacticon.png HTTP/1.1" 200 4499 "-" "msnbot-media/1.1 (+http://search.msn.com/msnbot.htm)"
123.125.71.103 - - [01/Jan/2014:02:45:51 -0600] "GET / HTTP/1.1" 200 10455 "-" "Mozilla/5.0 (compatible; Baiduspider/2.0; +http://www.baidu.com/search/spider.html)"
220.181.108.140 - - [01/Jan/2014:02:45:55 -0600] "GET / HTTP/1.1" 200 10455 "-" "Mozilla/5.0 (compatible; Baiduspider/2.0; +http://www.baidu.com/search/spider.html)"
199.30.20.70 - - [01/Jan/2014:03:37:16 -0600] "GET /robots.txt HTTP/1.1" 404 - "-" "msnbot-media/1.1 (+http://search.msn.com/msnbot.htm)"
199.30.20.70 - - [01/Jan/2014:03:37:16 -0600] "GET /images/global.png HTTP/1.1" 200 5737 "-" "msnbot-media/1.1 (+http://search.msn.com/msnbot.htm)"
66.249.66.61 - - [01/Jan/2014:07:15:44 -0600] "GET /robots.txt HTTP/1.1" 404 - "-" "Mozilla/5.0 (compatible; Googlebot/2.1; +http://www.google.com/bot.html)"
66.249.66.61 - - [01/Jan/2014:07:15:45 -0600] "GET / HTTP/1.1" 200 10635 "-" "Mozilla/5.0 (iPhone; CPU iPhone OS 6_0 like Mac OS X) AppleWebKit/536.26 (KHTML, like Gecko) Version/6.0 Mobile/10A5376e Safari/8536.25 (compatible; Googlebot-Mobile/2.1; +http://www.google.com/bot.html)"
66.249.66.210 - - [01/Jan/2014:07:21:08 -0600] "GET /robots.txt HTTP/1.1" 404 - "-" "Mozilla/5.0 (compatible; Googlebot/2.1; +http://www.google.com/bot.html)"
66.249.66.210 - - [01/Jan/2014:07:21:09 -0600] "GET / HTTP/1.1" 200 10635 "-" "Mozilla/5.0 (iPhone; CPU iPhone OS 6_0 like Mac OS X) AppleWebKit/536.26 (KHTML, like Gecko) Version/6.0 Mobile/10A5376e Safari/8536.25 (compatible; Googlebot-Mobile/2.1; +http://www.google.com/bot.html)"
66.249.66.210 - - [01/Jan/2014:07:24:00 -0600] "GET /slider/css/style.css HTTP/1.1" 200 1379 "-" "Mozilla/5.0 (compatible; Googlebot/2.1; +http://www.google.com/bot.html)"
66.249.66.210 - - [01/Jan/2014:07:24:02 -0600] "GET /css/footer.css HTTP/1.1" 200 752 "-" "Mozilla/5.0 (compatible; Googlebot/2.1; +http://www.google.com/bot.html)"
66.249.66.210 - - [01/Jan/2014:07:24:05 -0600] "GET /css/slide.css HTTP/1.1" 200 2869 "-" "Mozilla/5.0 (compatible; Googlebot/2.1; +http://www.google.com/bot.html)"
66.249.66.61 - - [01/Jan/2014:07:24:10 -0600] "GET /slider/css/style.css HTTP/1.1" 200 1379 "-" "Mozilla/5.0 (compatible; Googlebot/2.1; +http://www.google.com/bot.html)"
66.249.66.210 - - [01/Jan/2014:07:24:14 -0600] "GET /css/global.css HTTP/1.1" 200 13951 "-" "Mozilla/5.0 (compatible; Googlebot/2.1; +http://www.google.com/bot.html)"
66.249.66.210 - - [01/Jan/2014:07:24:19 -0600] "GET /css/style_global.css HTTP/1.1" 200 2621 "-" "Mozilla/5.0 (compatible; Googlebot/2.1; +http://www.google.com/bot.html)"
66.249.66.61 - - [01/Jan/2014:07:24:29 -0600] "GET /css/global.css HTTP/1.1" 200 13951 "-" "Mozilla/5.0 (compatible; Googlebot/2.1; +http://www.google.com/bot.html)"
66.249.66.61 - - [01/Jan/2014:08:26:52 -0600] "GET /css/slide.css HTTP/1.1" 200 2869 "-" "Mozilla/5.0 (compatible; Googlebot/2.1; +http://www.google.com/bot.html)"
217.69.133.30 - - [01/Jan/2014:08:39:51 -0600] "GET /robots.txt HTTP/1.1" 404 - "-" "Mozilla/5.0 (compatible; Linux x86_64; Mail.RU_Bot/2.0; +http://go.mail.ru/help/robots)"
217.69.133.31 - - [01/Jan/2014:08:39:53 -0600] "GET / HTTP/1.1" 200 10635 "-" "Mozilla/5.0 (compatible; Linux x86_64; Mail.RU_Bot/2.0; +http://go.mail.ru/help/robots)"
66.249.66.61 - - [01/Jan/2014:09:04:17 -0600] "GET /css/footer.css HTTP/1.1" 200 752 "-" "Mozilla/5.0 (compatible; Googlebot/2.1; +http://www.google.com/bot.html)"
65.55.24.245 - - [01/Jan/2014:09:05:16 -0600] "GET /robots.txt HTTP/1.1" 404 - "-" "Mozilla/5.0 (compatible; bingbot/2.0; +http://www.bing.com/bingbot.htm)"
