66.249.75.61 - - [10/Aug/2013:15:28:13 -0500] "GET /css/style_global.css HTTP/1.1" 200 2621 "-" "Mozilla/5.0 (compatible; Googlebot/2.1; +http://www.google.com/bot.html)"
66.249.75.61 - - [10/Aug/2013:15:28:14 -0500] "GET /slider/css/style.css HTTP/1.1" 200 1379 "-" "Mozilla/5.0 (compatible; Googlebot/2.1; +http://www.google.com/bot.html)"
84.19.190.55 - - [10/Aug/2013:16:22:17 -0500] "GET /robots.txt HTTP/1.1" 404 - "-" "Mozilla/5.0 (compatible; UnisterBot; crawler@unister.de)"
84.19.190.55 - - [10/Aug/2013:16:22:18 -0500] "GET /aboutus.php HTTP/1.1" 200 11667 "-" "Mozilla/5.0 (compatible; UnisterBot; crawler@unister.de)"
66.249.75.210 - - [10/Aug/2013:16:34:07 -0500] "GET /events/vet_picnic/images/1.jpg HTTP/1.1" 304 - "-" "Googlebot-Image/1.0"
5.10.83.93 - - [10/Aug/2013:17:18:12 -0500] "GET /java_for_joes/index.html?3e3ea140 HTTP/1.1" 404 - "-" "Mozilla/5.0 (compatible; AhrefsBot/5.0; +http://ahrefs.com/robot/)"
198.27.67.130 - - [10/Aug/2013:17:39:59 -0500] "POST /aboutus.php HTTP/1.1" 200 11667 "-" "-"
180.76.6.35 - - [10/Aug/2013:18:16:27 -0500] "GET /robots.txt HTTP/1.1" 404 - "-" "Mozilla/5.0 (Windows NT 5.1; rv:6.0.2) Gecko/20100101 Firefox/6.0.2"
218.30.103.147 - - [10/Aug/2013:18:20:31 -0500] "GET /robots.txt HTTP/1.1" 404 - "-" "Sogou web spider/4.0\xf9iVFQ"
218.30.103.147 - - [10/Aug/2013:18:20:31 -0500] "GET / HTTP/1.1" 200 10635 "-" "Sogou web spider/4.0(+http://www.sogou.com/docs/help/webmasters.htm#07)"
218.30.103.147 - - [10/Aug/2013:18:50:59 -0500] "GET / HTTP/1.1" 200 10635 "-" "Sogou web spider/4.0(+http://www.sogou.com/docs/help/webmasters.htm#07)"
5.10.83.93 - - [10/Aug/2013:19:22:16 -0500] "GET / HTTP/1.1" 200 10635 "-" "Mozilla/5.0 (compatible; AhrefsBot/5.0; +http://ahrefs.com/robot/)"
199.21.99.103 - - [10/Aug/2013:19:35:22 -0500] "GET /robots.txt HTTP/1.1" 404 - "-" "Mozilla/5.0 (compatible; YandexBot/3.0; +http://yandex.com/bots)"
199.21.99.103 - - [10/Aug/2013:19:35:22 -0500] "GET /robots.txt HTTP/1.1" 404 - "-" "Mozilla/5.0 (compatible; YandexBot/3.0; +http://yandex.com/bots)"
199.21.99.103 - - [10/Aug/2013:19:35:24 -0500] "GET / HTTP/1.1" 200 10635 "-" "Mozilla/5.0 (compatible; YandexBot/3.0; +http://yandex.com/bots)"
199.21.99.103 - - [10/Aug/2013:19:35:25 -0500] "GET / HTTP/1.1" 200 10635 "-" "Mozilla/5.0 (compatible; YandexBot/3.0; +http://yandex.com/bots)"
66.249.75.210 - - [10/Aug/2013:19:36:28 -0500] "GET /pdf/Veterans%20Resource%20Fair.pdf HTTP/1.1" 200 390899 "-" "Mozilla/5.0 (compatible; Googlebot/2.1; +http://www.google.com/bot.html)"
49.212.144.52 - - [10/Aug/2013:19:42:08 -0500] "GET / HTTP/1.1" 200 10635 "http://operationspokaneheroes.org/" "QuerySeekerSpider ( http://queryseeker.com/bot.html )"
180.76.5.148 - - [10/Aug/2013:20:50:34 -0500] "GET / HTTP/1.1" 200 10635 "-" "Mozilla/5.0 (compatible; Baiduspider/2.0; +http://www.baidu.com/search/spider.html)"
157.55.35.33 - - [10/Aug/2013:21:40:28 -0500] "GET /robots.txt HTTP/1.1" 404 - "-" "Mozilla/5.0 (compatible; bingbot/2.0; +http://www.bing.com/bingbot.htm)"
157.55.35.33 - - [10/Aug/2013:21:41:13 -0500] "GET / HTTP/1.1" 200 10635 "-" "Mozilla/5.0 (compatible; bingbot/2.0; +http://www.bing.com/bingbot.htm)"
74.208.5.52 - - [10/Aug/2013:22:32:02 -0500] "GET / HTTP/1.1" 200 10635 "" "Mozilla/5.0 (Windows NT 6.1; WOW64; rv:14.0) Gecko/20100101 Firefox/14.0.1"
74.208.5.52 - - [10/Aug/2013:22:32:02 -0500] "GET / HTTP/1.1" 200 10635 "-" "spider"
66.249.75.210 - - [10/Aug/2013:22:47:45 -0500] "GET /robots.txt HTTP/1.1" 404 - "-" "Mozilla/5.0 (compatible; Googlebot/2.1; +http://www.google.com/bot.html)"
66.249.75.210 - - [10/Aug/2013:22:47:45 -0500] "GET /events/oif/images/9.jpg HTTP/1.1" 304 - "-" "Googlebot-Image/1.0"
65.55.52.95 - - [10/Aug/2013:22:53:21 -0500] "GET /robots.txt HTTP/1.1" 404 - "-" "Mozilla/5.0 (compatible; bingbot/2.0; +http://www.bing.com/bingbot.htm)"
65.55.52.95 - - [10/Aug/2013:22:54:13 -0500] "GET / HTTP/1.1" 200 10635 "-" "Mozilla/5.0 (compatible; bingbot/2.0; +http://www.bing.com/bingbot.htm)"
66.249.75.210 - - [11/Aug/2013:00:12:45 -0500] "GET /events/oif/images/6.jpg HTTP/1.1" 304 - "-" "Googlebot-Image/1.0"
66.249.75.61 - - [11/Aug/2013:00:23:42 -0500] "GET / HTTP/1.1" 200 10635 "-" "Mozilla/5.0 (iPhone; U; CPU iPhone OS 4_1 like Mac OS X; en-us) AppleWebKit/532.9 (KHTML, like Gecko) Version/4.0.5 Mobile/8B117 Safari/6531.22.7 (compatible; Googlebot-Mobile/2.1; +http://www.google.com/bot.html)"
66.249.75.210 - - [11/Aug/2013:00:30:30 -0500] "GET / HTTP/1.1" 200 10635 "-" "Mozilla/5.0 (iPhone; U; CPU iPhone OS 4_1 like Mac OS X; en-us) AppleWebKit/532.9 (KHTML, like Gecko) Version/4.0.5 Mobile/8B117 Safari/6531.22.7 (compatible; Googlebot-Mobile/2.1; +http://www.google.com/bot.html)"
66.249.75.210 - - [11/Aug/2013:00:36:09 -0500] "GET /css/footer.css HTTP/1.1" 200 752 "-" "Mozilla/5.0 (compatible; Googlebot/2.1; +http://www.google.com/bot.html)"
66.249.75.210 - - [11/Aug/2013:00:36:10 -0500] "GET /css/global.css HTTP/1.1" 200 13951 "-" "Mozilla/5.0 (compatible; Googlebot/2.1; +http://www.google.com/bot.html)"
66.249.75.210 - - [11/Aug/2013:00:36:11 -0500] "GET /css/style_global.css HTTP/1.1" 200 2621 "-" "Mozilla/5.0 (compatible; Googlebot/2.1; +http://www.google.com/bot.html)"
66.249.75.210 - - [11/Aug/2013:00:36:11 -0500] "GET /css/slide.css HTTP/1.1" 200 2869 "-" "Mozilla/5.0 (compatible; Googlebot/2.1; +http://www.google.com/bot.html)"
66.249.75.210 - - [11/Aug/2013:00:36:12 -0500] "GET /slider/css/style.css HTTP/1.1" 200 1379 "-" "Mozilla/5.0 (compatible; Googlebot/2.1; +http://www.google.com/bot.html)"
66.249.75.61 - - [11/Aug/2013:01:31:36 -0500] "GET /pdf/REVISION2%20Military%20Kids%20Camp%202012%20(2).pdf HTTP/1.1" 304 - "-" "Mozilla/5.0 (iPhone; U; CPU iPhone OS 4_1 like Mac OS X; en-us) AppleWebKit/532.9 (KHTML, like Gecko) Version/4.0.5 Mobile/8B117 Safari/6531.22.7 (compatible; Googlebot-Mobile/2.1; +http://www.google.com/bot.html)"
173.199.119.19 - - [11/Aug/2013:01:32:46 -0500] "GET /events/carousel_11/carousel_11.html HTTP/1.1" 200 3712 "-" "Mozilla/5.0 (compatible; AhrefsBot/4.0; +http://ahrefs.com/robot/)"
173.199.119.19 - - [11/Aug/2013:01:39:24 -0500] "GET /_inc/contact.php HTTP/1.1" 200 756 "-" "Mozilla/5.0 (compatible; AhrefsBot/4.0; +http://ahrefs.com/robot/)"
66.249.75.210 - - [11/Aug/2013:01:45:09 -0500] "GET /events.php HTTP/1.1" 200 6407 "-" "Mozilla/5.0 (iPhone; U; CPU iPhone OS 4_1 like Mac OS X; en-us) AppleWebKit/532.9 (KHTML, like Gecko) Version/4.0.5 Mobile/8B117 Safari/6531.22.7 (compatible; Googlebot-Mobile/2.1; +http://www.google.com/bot.html)"
199.21.99.103 - - [11/Aug/2013:01:46:33 -0500] "GET / HTTP/1.1" 200 10635 "-" "Mozilla/5.0 (compatible; YandexBot/3.0; +http://yandex.com/bots)"
199.21.99.103 - - [11/Aug/2013:01:46:38 -0500] "GET / HTTP/1.1" 200 10635 "-" "Mozilla/5.0 (compatible; YandexBot/3.0; +http://yandex.com/bots)"
199.21.99.103 - - [11/Aug/2013:01:46:46 -0500] "GET / HTTP/1.1" 200 10635 "-" "Mozilla/5.0 (compatible; YandexBot/3.0; +http://yandex.com/bots)"
199.21.99.103 - - [11/Aug/2013:01:47:06 -0500] "GET / HTTP/1.1" 200 10635 "-" "Mozilla/5.0 (compatible; YandexBot/3.0; +http://yandex.com/bots)"
157.55.32.102 - - [11/Aug/2013:02:12:47 -0500] "GET /robots.txt HTTP/1.1" 404 - "-" "Mozilla/5.0 (compatible; bingbot/2.0; +http://www.bing.com/bingbot.htm)"
157.55.32.102 - - [11/Aug/2013:02:14:12 -0500] "GET /index.php HTTP/1.1" 200 10635 "-" "Mozilla/5.0 (compatible; bingbot/2.0; +http://www.bing.com/bingbot.htm)"
173.199.119.19 - - [11/Aug/2013:02:22:27 -0500] "GET /index.php HTTP/1.1" 200 10635 "-" "Mozilla/5.0 (compatible; AhrefsBot/4.0; +http://ahrefs.com/robot/)"
157.55.33.84 - - [11/Aug/2013:02:49:13 -0500] "GET /pdf/Veterans%20Resource%20Fair%20Exhib%20App.pdf HTTP/1.1" 200 26168 "-" "Mozilla/5.0 (compatible; bingbot/2.0; +http://www.bing.com/bingbot.htm)"
74.208.5.52 - - [11/Aug/2013:03:39:10 -0500] "GET / HTTP/1.1" 200 10635 "" "Mozilla/5.0 (Windows NT 6.1; WOW64; rv:14.0) Gecko/20100101 Firefox/14.0.1"
74.208.5.52 - - [11/Aug/2013:03:39:10 -0500] "GET / HTTP/1.1" 200 10635 "-" "spider"
66.249.75.61 - - [11/Aug/2013:03:49:24 -0500] "GET /robots.txt HTTP/1.1" 404 - "-" "Mozilla/5.0 (compatible; Googlebot/2.1; +http://www.google.com/bot.html)"
46.165.197.151 - - [11/Aug/2013:03:53:40 -0500] "GET /robots.txt HTTP/1.0" 404 - "-" "Mozilla/5.0 (compatible; MJ12bot/v1.4.3; http://www.majestic12.co.uk/bot.php?+)"
46.165.197.151 - - [11/Aug/2013:03:53:42 -0500] "GET / HTTP/1.0" 200 10635 "-" "Mozilla/5.0 (compatible; MJ12bot/v1.4.3; http://www.majestic12.co.uk/bot.php?+)"
180.76.5.193 - - [11/Aug/2013:04:42:38 -0500] "GET /js/Bebas_400.font.js HTTP/1.1" 200 32806 "-" "Mozilla/5.0 (compatible; Baiduspider/2.0; +http://www.baidu.com/search/spider.html)"
66.249.75.210 - - [11/Aug/2013:04:52:16 -0500] "GET /java_for_joes/index.html HTTP/1.1" 404 - "-" "Mozilla/5.0 (compatible; Googlebot/2.1; +http://www.google.com/bot.html)"
198.200.32.93 - - [11/Aug/2013:05:36:43 -0500] "GET /aboutus.php HTTP/1.0" 200 11667 "http://operationspokaneheroes.org/aboutus.php" "Mozilla/5.0 (Windows NT 5.1; rv:13.0) Gecko/20100101 Firefox/13.0"
180.76.5.193 - - [11/Aug/2013:06:24:48 -0500] "GET /java_for_joes/index.html HTTP/1.1" 404 - "-" "Mozilla/5.0 (compatible; Baiduspider/2.0; +http://www.baidu.com/search/spider.html)"
180.76.5.168 - - [11/Aug/2013:06:39:48 -0500] "GET /java_for_joes/index.html HTTP/1.1" 404 - "-" "Mozilla/5.0 (compatible; Baiduspider/2.0; +http://www.baidu.com/search/spider.html)"
173.199.119.19 - - [11/Aug/2013:07:07:13 -0500] "GET /business.php HTTP/1.1" 200 10813 "-" "Mozilla/5.0 (compatible; AhrefsBot/4.0; +http://ahrefs.com/robot/)"
202.46.49.27 - - [11/Aug/2013:07:09:48 -0500] "GET /java_for_joes/index.html?3e3ea140 HTTP/1.1" 404 - "-" "Mozilla/4.0 (compatible; MSIE 8.0; Windows NT 6.1)"
173.199.119.19 - - [11/Aug/2013:07:42:03 -0500] "GET /calendar.php HTTP/1.1" 200 10644 "-" "Mozilla/5.0 (compatible; AhrefsBot/4.0; +http://ahrefs.com/robot/)"
132.3.65.79 - - [11/Aug/2013:07:43:13 -0500] "GET /slider/css/style.css HTTP/1.1" 200 1379 "-" "Mozilla/4.0 (compatible;)"
66.249.75.210 - - [11/Aug/2013:07:58:08 -0500] "GET /events/ermy_event/images/3.jpg HTTP/1.1" 304 - "-" "Googlebot-Image/1.0"
173.199.119.19 - - [11/Aug/2013:08:12:37 -0500] "GET /aboutus.php HTTP/1.1" 200 11667 "-" "Mozilla/5.0 (compatible; AhrefsBot/4.0; +http://ahrefs.com/robot/)"
180.76.5.21 - - [11/Aug/2013:08:46:24 -0500] "GET /events/carousel_11/js/jquery.movingboxes.min.js HTTP/1.1" 200 4663 "-" "Mozilla/5.0 (compatible; Baiduspider/2.0; +http://www.baidu.com/search/spider.html)"
157.55.35.44 - - [11/Aug/2013:08:55:27 -0500] "GET /robots.txt HTTP/1.1" 404 - "-" "Mozilla/5.0 (compatible; bingbot/2.0; +http://www.bing.com/bingbot.htm)"
157.55.35.44 - - [11/Aug/2013:09:00:39 -0500] "GET /pdf/2012%204th%20of%20July%20Pennant%20Run%20Entry%20Form%205-14-12.pdf HTTP/1.1" 200 231633 "-" "Mozilla/5.0 (compatible; bingbot/2.0; +http://www.bing.com/bingbot.htm)"
195.234.136.80 - - [11/Aug/2013:09:28:18 -0500] "GET /donate.php HTTP/1.1" 200 11699 "-" "Mozilla/5.0 (Windows NT 6.1; WOW64; rv:5.0) Gecko/20100101 Firefox/5.0"
202.46.50.14 - - [11/Aug/2013:10:14:47 -0500] "GET / HTTP/1.1" 200 10635 "-" "Mozilla/4.0 (compatible; MSIE 7.0; Windows NT 6.0)"
119.63.193.132 - - [11/Aug/2013:10:16:09 -0500] "GET / HTTP/1.1" 200 10635 "-" "Mozilla/4.0 (compatible; MSIE 7.0; Windows NT 6.0)"
46.229.164.101 - - [11/Aug/2013:10:43:00 -0500] "GET / HTTP/1.1" 200 10635 "-" "Mozilla/5.0 (compatible; SemrushBot/0.96.4; +http://www.semrush.com/bot.html)"
46.229.164.100 - - [11/Aug/2013:10:48:32 -0500] "GET /aboutus.php HTTP/1.1" 200 11667 "-" "Mozilla/5.0 (compatible; SemrushBot/0.96.4; +http://www.semrush.com/bot.html)"
66.249.75.210 - - [11/Aug/2013:11:30:02 -0500] "GET /robots.txt HTTP/1.1" 404 - "-" "Mozilla/5.0 (compatible; Googlebot/2.1; +http://www.google.com/bot.html)"
66.249.75.210 - - [11/Aug/2013:11:30:02 -0500] "GET /events/carousel_11/images/5.jpg HTTP/1.1" 304 - "-" "Googlebot-Image/1.0"
157.56.229.247 - - [11/Aug/2013:12:47:39 -0500] "GET /robots.txt HTTP/1.1" 404 - "-" "Mozilla/5.0 (compatible; bingbot/2.0; +http://www.bing.com/bingbot.htm)"
66.249.75.210 - - [11/Aug/2013:13:01:19 -0500] "GET / HTTP/1.1" 200 10635 "-" "Mozilla/5.0 (compatible; Googlebot/2.1; +http://www.google.com/bot.html)"
157.56.229.247 - - [11/Aug/2013:13:09:03 -0500] "GET / HTTP/1.1" 200 10635 "-" "Mozilla/5.0 (compatible; bingbot/2.0; +http://www.bing.com/bingbot.htm)"
66.249.75.210 - - [11/Aug/2013:13:35:03 -0500] "GET /contact.php HTTP/1.1" 200 10519 "-" "Mozilla/5.0 (iPhone; U; CPU iPhone OS 4_1 like Mac OS X; en-us) AppleWebKit/532.9 (KHTML, like Gecko) Version/4.0.5 Mobile/8B117 Safari/6531.22.7 (compatible; Googlebot-Mobile/2.1; +http://www.google.com/bot.html)"
66.249.75.210 - - [11/Aug/2013:14:08:33 -0500] "GET / HTTP/1.1" 200 10635 "-" "DoCoMo/2.0 N905i(c100;TB;W24H16) (compatible; Googlebot-Mobile/2.1; +http://www.google.com/bot.html)"
66.249.73.152 - - [11/Aug/2013:14:42:03 -0500] "GET / HTTP/1.1" 200 10635 "-" "SAMSUNG-SGH-E250/1.0 Profile/MIDP-2.0 Configuration/CLDC-1.1 UP.Browser/6.2.3.3.c.1.101 (GUI) MMP/2.0 (compatible; Googlebot-Mobile/2.1; +http://www.google.com/bot.html)"
180.76.5.98 - - [11/Aug/2013:14:51:57 -0500] "GET /robots.txt HTTP/1.1" 404 - "-" "Mozilla/5.0 (Windows NT 5.1; rv:6.0.2) Gecko/20100101 Firefox/6.0.2"
157.55.33.84 - - [11/Aug/2013:15:12:37 -0500] "GET /robots.txt HTTP/1.1" 404 - "-" "Mozilla/5.0 (compatible; bingbot/2.0; +http://www.bing.com/bingbot.htm)"
157.55.33.84 - - [11/Aug/2013:15:13:09 -0500] "GET /aboutus.php HTTP/1.1" 200 11667 "-" "Mozilla/5.0 (compatible; bingbot/2.0; +http://www.bing.com/bingbot.htm)"
65.55.52.114 - - [11/Aug/2013:15:14:10 -0500] "GET /images/logo.png HTTP/1.1" 200 226129 "-" "Mozilla/5.0 (compatible; bingbot/2.0; +http://www.bing.com/bingbot.htm)"
157.56.93.187 - - [11/Aug/2013:15:14:40 -0500] "GET /mainbk.png HTTP/1.1" 200 290 "-" "Mozilla/5.0 (compatible; bingbot/2.0; +http://www.bing.com/bingbot.htm)"
157.56.229.247 - - [11/Aug/2013:15:21:09 -0500] "GET /css/global.css HTTP/1.1" 200 13951 "-" "Mozilla/5.0 (compatible; bingbot/2.0; +http://www.bing.com/bingbot.htm)"
65.55.52.114 - - [11/Aug/2013:15:22:10 -0500] "GET /css/footer.css HTTP/1.1" 200 752 "-" "Mozilla/5.0 (compatible; bingbot/2.0; +http://www.bing.com/bingbot.htm)"
157.55.33.84 - - [11/Aug/2013:15:22:39 -0500] "GET /_inc/slide.php HTTP/1.1" 200 3205 "-" "Mozilla/5.0 (compatible; bingbot/2.0; +http://www.bing.com/bingbot.htm)"
157.56.93.187 - - [11/Aug/2013:15:23:09 -0500] "GET /images/nav2.jpg HTTP/1.1" 200 4444 "-" "Mozilla/5.0 (compatible; bingbot/2.0; +http://www.bing.com/bingbot.htm)"
78.158.11.226 - - [11/Aug/2013:15:35:19 -0500] "GET / HTTP/1.1" 200 10635 "http://evuln.com/tools/malware-scanner/operationspokaneheroes.org/" "Lynx/2.8.5rel.1 libwww-FM/2.15FC SSL-MM/1.4.1c OpenSSL/0.9.7e-dev"
78.158.11.226 - - [11/Aug/2013:15:35:20 -0500] "GET / HTTP/1.1" 200 10635 "http://www.google.com/url?sa=t&rct=j&q=operationspokaneheroes.org&source=web&cd=5&ved=0CF0QFjAE&url=http:%2F%2Foperationspokaneheroes.org%2F&cad=rja" "Lynx/2.8.5rel.1 libwww-FM/2.15FC SSL-MM/1.4.1c OpenSSL/0.9.7e-dev"
78.158.11.226 - - [11/Aug/2013:15:35:20 -0500] "GET /contact.php HTTP/1.1" 200 10519 "http://operationspokaneheroes.org/" "Lynx/2.8.5rel.1 libwww-FM/2.15FC SSL-MM/1.4.1c OpenSSL/0.9.7e-dev"
78.158.11.226 - - [11/Aug/2013:15:35:21 -0500] "GET /index.php HTTP/1.1" 200 10635 "-" "Lynx/2.8.5rel.1 libwww-FM/2.15FC SSL-MM/1.4.1c OpenSSL/0.9.7e-dev"
199.30.25.104 - - [11/Aug/2013:16:14:23 -0500] "GET /css/slide.css HTTP/1.1" 200 2869 "http://www.operationspokaneheroes.org/_inc/slide.php" "Mozilla/5.0 (Windows NT 6.1; WOW64) AppleWebKit/534+ (KHTML, like Gecko) BingPreview/1.0b"
199.30.25.104 - - [11/Aug/2013:16:14:23 -0500] "GET /css/style_global.css HTTP/1.1" 200 2621 "http://www.operationspokaneheroes.org/_inc/slide.php" "Mozilla/5.0 (Windows NT 6.1; WOW64) AppleWebKit/534+ (KHTML, like Gecko) BingPreview/1.0b"
199.30.25.104 - - [11/Aug/2013:16:14:23 -0500] "GET /images/bg2.jpg HTTP/1.1" 200 55206 "http://www.operationspokaneheroes.org/aboutus.php" "Mozilla/5.0 (Windows NT 6.1; WOW64) AppleWebKit/534+ (KHTML, like Gecko) BingPreview/1.0b"
199.30.25.104 - - [11/Aug/2013:16:14:23 -0500] "GET /js/combined.js HTTP/1.1" 200 169946 "http://www.operationspokaneheroes.org/_inc/slide.php" "Mozilla/5.0 (Windows NT 6.1; WOW64) AppleWebKit/534+ (KHTML, like Gecko) BingPreview/1.0b"
199.30.25.104 - - [11/Aug/2013:16:14:24 -0500] "GET /images/we_believe.png HTTP/1.1" 200 1785 "http://www.operationspokaneheroes.org/_inc/slide.php" "Mozilla/5.0 (Windows NT 6.1; WOW64) AppleWebKit/534+ (KHTML, like Gecko) BingPreview/1.0b"
199.30.25.104 - - [11/Aug/2013:16:14:24 -0500] "GET /images/mission_statement_bg.png HTTP/1.1" 200 11413 "http://www.operationspokaneheroes.org/_inc/slide.php" "Mozilla/5.0 (Windows NT 6.1; WOW64) AppleWebKit/534+ (KHTML, like Gecko) BingPreview/1.0b"
199.30.25.104 - - [11/Aug/2013:16:14:24 -0500] "GET /images/we_strive.png HTTP/1.1" 200 1981 "http://www.operationspokaneheroes.org/_inc/slide.php" "Mozilla/5.0 (Windows NT 6.1; WOW64) AppleWebKit/534+ (KHTML, like Gecko) BingPreview/1.0b"
199.30.25.104 - - [11/Aug/2013:16:14:24 -0500] "GET /images/2.jpg HTTP/1.1" 200 170993 "http://www.operationspokaneheroes.org/_inc/slide.php" "Mozilla/5.0 (Windows NT 6.1; WOW64) AppleWebKit/534+ (KHTML, like Gecko) BingPreview/1.0b"
199.30.25.104 - - [11/Aug/2013:16:14:24 -0500] "GET /images/4.jpg HTTP/1.1" 200 186934 "http://www.operationspokaneheroes.org/_inc/slide.php" "Mozilla/5.0 (Windows NT 6.1; WOW64) AppleWebKit/534+ (KHTML, like Gecko) BingPreview/1.0b"
199.30.25.104 - - [11/Aug/2013:16:14:25 -0500] "GET /images/we_help.png HTTP/1.1" 200 1514 "http://www.operationspokaneheroes.org/_inc/slide.php" "Mozilla/5.0 (Windows NT 6.1; WOW64) AppleWebKit/534+ (KHTML, like Gecko) BingPreview/1.0b"
199.30.25.104 - - [11/Aug/2013:16:14:25 -0500] "GET /images/3.jpg HTTP/1.1" 200 240733 "http://www.operationspokaneheroes.org/_inc/slide.php" "Mozilla/5.0 (Windows NT 6.1; WOW64) AppleWebKit/534+ (KHTML, like Gecko) BingPreview/1.0b"
199.30.25.104 - - [11/Aug/2013:16:14:25 -0500] "GET /images/1.jpg HTTP/1.1" 200 142489 "http://www.operationspokaneheroes.org/_inc/slide.php" "Mozilla/5.0 (Windows NT 6.1; WOW64) AppleWebKit/534+ (KHTML, like Gecko) BingPreview/1.0b"
199.30.25.104 - - [11/Aug/2013:16:14:26 -0500] "GET /images/we_need.png HTTP/1.1" 200 2138 "http://www.operationspokaneheroes.org/_inc/slide.php" "Mozilla/5.0 (Windows NT 6.1; WOW64) AppleWebKit/534+ (KHTML, like Gecko) BingPreview/1.0b"
199.30.25.104 - - [11/Aug/2013:16:14:26 -0500] "GET /assets/images/btn_top_search_hover.png HTTP/1.1" 404 - "http://www.operationspokaneheroes.org/_inc/slide.php" "Mozilla/5.0 (Windows NT 6.1; WOW64) AppleWebKit/534+ (KHTML, like Gecko) BingPreview/1.0b"
199.30.25.104 - - [11/Aug/2013:16:14:26 -0500] "GET /assets/images/btn_main_search_hover.png HTTP/1.1" 404 - "http://www.operationspokaneheroes.org/_inc/slide.php" "Mozilla/5.0 (Windows NT 6.1; WOW64) AppleWebKit/534+ (KHTML, like Gecko) BingPreview/1.0b"
202.46.60.64 - - [11/Aug/2013:17:36:39 -0500] "GET / HTTP/1.1" 200 10635 "-" "Mozilla/4.0 (compatible; MSIE 7.0; Windows NT 6.0)"
119.63.193.132 - - [11/Aug/2013:17:36:41 -0500] "GET / HTTP/1.1" 200 10635 "-" "Mozilla/4.0 (compatible; MSIE 7.0; Windows NT 6.0)"
218.30.103.116 - - [11/Aug/2013:18:55:59 -0500] "GET / HTTP/1.1" 200 10635 "-" "Sogou web spider/4.0(+http://www.sogou.com/docs/help/webmasters.htm#07)"
157.56.229.247 - - [11/Aug/2013:20:24:52 -0500] "GET /robots.txt HTTP/1.1" 404 - "-" "Mozilla/5.0 (compatible; bingbot/2.0; +http://www.bing.com/bingbot.htm)"
157.56.229.247 - - [11/Aug/2013:20:25:30 -0500] "GET / HTTP/1.1" 200 10635 "-" "Mozilla/5.0 (compatible; bingbot/2.0; +http://www.bing.com/bingbot.htm)"
69.171.224.112 - - [11/Aug/2013:21:38:33 -0500] "GET /images/logo.png HTTP/1.1" 200 226129 "-" "facebookexternalhit/1.1 (+http://www.facebook.com/externalhit_uatext.php)"
157.56.229.247 - - [11/Aug/2013:21:57:50 -0500] "GET /robots.txt HTTP/1.1" 404 - "-" "Mozilla/5.0 (compatible; bingbot/2.0; +http://www.bing.com/bingbot.htm)"
157.56.229.247 - - [11/Aug/2013:21:59:43 -0500] "GET / HTTP/1.1" 200 10635 "-" "Mozilla/5.0 (compatible; bingbot/2.0; +http://www.bing.com/bingbot.htm)"
66.249.75.210 - - [11/Aug/2013:23:10:08 -0500] "GET /aboutus.php HTTP/1.1" 200 11667 "-" "Mozilla/5.0 (iPhone; U; CPU iPhone OS 4_1 like Mac OS X; en-us) AppleWebKit/532.9 (KHTML, like Gecko) Version/4.0.5 Mobile/8B117 Safari/6531.22.7 (compatible; Googlebot-Mobile/2.1; +http://www.google.com/bot.html)"
54.221.3.207 - - [12/Aug/2013:03:45:54 -0500] "HEAD / HTTP/1.1" 200 - "-" "python-requests/1.1.0 CPython/2.7.4 Linux/3.8.0-19-generic"
36.250.203.6 - - [12/Aug/2013:05:43:11 -0500] "GET /aboutus.php HTTP/1.0" 200 11667 "http://operationspokaneheroes.org/aboutus.php" "Mozilla/4.0 (compatible; MSIE 6.0; Windows NT 5.1; SV1; .NET CLR 2.0.50727)"
157.55.35.46 - - [12/Aug/2013:07:35:31 -0500] "GET /robots.txt HTTP/1.1" 404 - "-" "Mozilla/5.0 (compatible; bingbot/2.0; +http://www.bing.com/bingbot.htm)"
157.55.35.46 - - [12/Aug/2013:07:40:22 -0500] "GET / HTTP/1.1" 200 10635 "-" "Mozilla/5.0 (compatible; bingbot/2.0; +http://www.bing.com/bingbot.htm)"
54.211.58.60 - - [12/Aug/2013:08:28:45 -0500] "HEAD /java_for_joes/index.html HTTP/1.1" 404 - "-" "python-requests/1.1.0 CPython/2.7.4 Linux/3.8.0-19-generic"
54.211.58.60 - - [12/Aug/2013:08:28:46 -0500] "HEAD /java_for_joes/index.html HTTP/1.1" 404 - "-" "python-requests/1.1.0 CPython/2.7.4 Linux/3.8.0-19-generic"
173.63.150.50 - - [12/Aug/2013:08:57:38 -0500] "GET /wp-login.php HTTP/1.0" 404 - "-" "Mozilla/5.0 (Windows NT 6.1; rv:19.0) Gecko/20100101 Firefox/19.0"
173.63.150.50 - - [12/Aug/2013:08:57:39 -0500] "GET /administrator/index.php HTTP/1.0" 404 - "-" "Mozilla/5.0 (Windows NT 6.1; rv:19.0) Gecko/20100101 Firefox/19.0"
173.63.150.50 - - [12/Aug/2013:08:57:39 -0500] "GET /admin.php HTTP/1.0" 404 - "-" "Mozilla/5.0 (Windows NT 6.1; rv:19.0) Gecko/20100101 Firefox/19.0"
173.224.204.36 - - [12/Aug/2013:09:07:51 -0500] "GET /wp-login.php HTTP/1.0" 404 - "-" "Mozilla/5.0 (Windows NT 6.1; rv:19.0) Gecko/20100101 Firefox/19.0"
173.224.204.36 - - [12/Aug/2013:09:07:51 -0500] "GET /administrator/index.php HTTP/1.0" 404 - "-" "Mozilla/5.0 (Windows NT 6.1; rv:19.0) Gecko/20100101 Firefox/19.0"
173.224.204.36 - - [12/Aug/2013:09:07:51 -0500] "GET /admin.php HTTP/1.0" 404 - "-" "Mozilla/5.0 (Windows NT 6.1; rv:19.0) Gecko/20100101 Firefox/19.0"
66.249.74.41 - - [12/Aug/2013:10:01:41 -0500] "GET /robots.txt HTTP/1.1" 404 - "-" "Mozilla/5.0 (compatible; Googlebot/2.1; +http://www.google.com/bot.html)"
66.249.74.41 - - [12/Aug/2013:10:01:41 -0500] "GET / HTTP/1.1" 200 10635 "-" "Mozilla/5.0 (iPhone; U; CPU iPhone OS 4_1 like Mac OS X; en-us) AppleWebKit/532.9 (KHTML, like Gecko) Version/4.0.5 Mobile/8B117 Safari/6531.22.7 (compatible; Googlebot-Mobile/2.1; +http://www.google.com/bot.html)"
157.55.35.46 - - [12/Aug/2013:10:04:04 -0500] "GET /robots.txt HTTP/1.1" 404 - "-" "Mozilla/5.0 (compatible; bingbot/2.0; +http://www.bing.com/bingbot.htm)"
66.249.74.43 - - [12/Aug/2013:10:10:41 -0500] "GET /robots.txt HTTP/1.1" 404 - "-" "Mozilla/5.0 (compatible; Googlebot/2.1; +http://www.google.com/bot.html)"
66.249.74.43 - - [12/Aug/2013:10:10:41 -0500] "GET / HTTP/1.1" 200 10635 "-" "Mozilla/5.0 (iPhone; U; CPU iPhone OS 4_1 like Mac OS X; en-us) AppleWebKit/532.9 (KHTML, like Gecko) Version/4.0.5 Mobile/8B117 Safari/6531.22.7 (compatible; Googlebot-Mobile/2.1; +http://www.google.com/bot.html)"
157.55.35.46 - - [12/Aug/2013:10:11:26 -0500] "GET / HTTP/1.1" 200 10635 "-" "Mozilla/5.0 (compatible; bingbot/2.0; +http://www.bing.com/bingbot.htm)"
218.30.103.147 - - [12/Aug/2013:10:39:05 -0500] "GET /robots.txt HTTP/1.1" 404 - "-" "Sogou web spider/4.0"
218.30.103.147 - - [12/Aug/2013:10:39:33 -0500] "GET / HTTP/1.1" 200 10635 "-" "Sogou web spider/4.0(+http://www.sogou.com/docs/help/webmasters.htm#07)"
66.249.74.43 - - [12/Aug/2013:11:09:13 -0500] "GET /slider/css/style.css HTTP/1.1" 200 1379 "-" "Mozilla/5.0 (compatible; Googlebot/2.1; +http://www.google.com/bot.html)"
66.249.74.43 - - [12/Aug/2013:11:09:14 -0500] "GET /css/footer.css HTTP/1.1" 200 752 "-" "Mozilla/5.0 (compatible; Googlebot/2.1; +http://www.google.com/bot.html)"
66.249.74.43 - - [12/Aug/2013:11:09:15 -0500] "GET /css/style_global.css HTTP/1.1" 200 2621 "-" "Mozilla/5.0 (compatible; Googlebot/2.1; +http://www.google.com/bot.html)"
66.249.74.43 - - [12/Aug/2013:11:09:15 -0500] "GET /css/global.css HTTP/1.1" 200 13951 "-" "Mozilla/5.0 (compatible; Googlebot/2.1; +http://www.google.com/bot.html)"
66.249.74.43 - - [12/Aug/2013:11:09:16 -0500] "GET /css/slide.css HTTP/1.1" 200 2869 "-" "Mozilla/5.0 (compatible; Googlebot/2.1; +http://www.google.com/bot.html)"
218.30.103.147 - - [12/Aug/2013:11:10:40 -0500] "GET / HTTP/1.1" 200 10635 "-" "Sogou web spider/4.0(+http://www.sogou.com/docs/help/webmasters.htm#07)"
123.125.71.81 - - [12/Aug/2013:11:47:47 -0500] "GET /robots.txt HTTP/1.1" 404 - "-" "Mozilla/5.0 (compatible; Baiduspider/2.0; +http://www.baidu.com/search/spider.html)"
63.224.213.106 - - [12/Aug/2013:11:58:06 -0500] "GET / HTTP/1.0" 200 10635 "http://www.google.com/url?sa=t&rct=j&q=&esrc=s&frm=1&source=web&cd=1&ved=0CDMQFjAA&url=http%3A%2F%2Foperationspokaneheroes.org%2F&ei=GRQJUtKxOtCFyQGrw4GoAg&usg=AFQjCNGGuKExGUEgtWK2o7s2b3sBxGCH3Q&sig2=XqRCYtcveyEM0Zs-8IifHQ&bvm=bv.50500085,d.aWc" "Mozilla/5.0 (compatible; MSIE 9.0; Windows NT 6.1; Trident/5.0)"
63.224.213.106 - - [12/Aug/2013:11:58:06 -0500] "GET /images/contacticon.png HTTP/1.0" 200 4499 "http://operationspokaneheroes.org/" "Mozilla/5.0 (compatible; MSIE 9.0; Windows NT 6.1; Trident/5.0)"
63.224.213.106 - - [12/Aug/2013:11:58:06 -0500] "GET /images/global.png HTTP/1.0" 200 5737 "http://operationspokaneheroes.org/" "Mozilla/5.0 (compatible; MSIE 9.0; Windows NT 6.1; Trident/5.0)"
63.224.213.106 - - [12/Aug/2013:11:58:06 -0500] "GET /images/facebook.png HTTP/1.0" 200 5004 "http://operationspokaneheroes.org/" "Mozilla/5.0 (compatible; MSIE 9.0; Windows NT 6.1; Trident/5.0)"
63.224.213.106 - - [12/Aug/2013:11:58:06 -0500] "GET /css/footer.css HTTP/1.0" 200 752 "http://operationspokaneheroes.org/" "Mozilla/5.0 (compatible; MSIE 9.0; Windows NT 6.1; Trident/5.0)"
63.224.213.106 - - [12/Aug/2013:11:58:06 -0500] "GET /css/global.css HTTP/1.0" 200 13951 "http://operationspokaneheroes.org/" "Mozilla/5.0 (compatible; MSIE 9.0; Windows NT 6.1; Trident/5.0)"
63.224.213.106 - - [12/Aug/2013:11:58:07 -0500] "GET /slider/index.html HTTP/1.0" 200 2952 "http://operationspokaneheroes.org/" "Mozilla/5.0 (compatible; MSIE 9.0; Windows NT 6.1; Trident/5.0)"
63.224.213.106 - - [12/Aug/2013:11:58:07 -0500] "GET /_inc/slide.php HTTP/1.0" 200 3205 "http://operationspokaneheroes.org/" "Mozilla/5.0 (compatible; MSIE 9.0; Windows NT 6.1; Trident/5.0)"
63.224.213.106 - - [12/Aug/2013:11:58:07 -0500] "GET /mainbk.png HTTP/1.0" 200 290 "http://operationspokaneheroes.org/" "Mozilla/5.0 (compatible; MSIE 9.0; Windows NT 6.1; Trident/5.0)"
63.224.213.106 - - [12/Aug/2013:11:58:07 -0500] "GET /images/nav2.jpg HTTP/1.0" 200 4444 "http://operationspokaneheroes.org/" "Mozilla/5.0 (compatible; MSIE 9.0; Windows NT 6.1; Trident/5.0)"
63.224.213.106 - - [12/Aug/2013:11:58:07 -0500] "GET /slider/css/style.css HTTP/1.0" 200 1379 "http://operationspokaneheroes.org/slider/index.html" "Mozilla/5.0 (compatible; MSIE 9.0; Windows NT 6.1; Trident/5.0)"
63.224.213.106 - - [12/Aug/2013:11:58:06 -0500] "GET /images/logo.png HTTP/1.0" 200 226129 "http://operationspokaneheroes.org/" "Mozilla/5.0 (compatible; MSIE 9.0; Windows NT 6.1; Trident/5.0)"
63.224.213.106 - - [12/Aug/2013:11:58:07 -0500] "GET /slider/js/startstop-slider.js HTTP/1.0" 200 1737 "http://operationspokaneheroes.org/slider/index.html" "Mozilla/5.0 (compatible; MSIE 9.0; Windows NT 6.1; Trident/5.0)"
63.224.213.106 - - [12/Aug/2013:11:58:07 -0500] "GET /images/bg2.jpg HTTP/1.0" 200 55206 "http://operationspokaneheroes.org/" "Mozilla/5.0 (compatible; MSIE 9.0; Windows NT 6.1; Trident/5.0)"
63.224.213.106 - - [12/Aug/2013:11:58:07 -0500] "GET /images/slder2.png HTTP/1.0" 200 32853 "http://operationspokaneheroes.org/slider/index.html" "Mozilla/5.0 (compatible; MSIE 9.0; Windows NT 6.1; Trident/5.0)"
63.224.213.106 - - [12/Aug/2013:11:58:07 -0500] "GET /css/slide.css HTTP/1.0" 200 2869 "http://operationspokaneheroes.org/_inc/slide.php" "Mozilla/5.0 (compatible; MSIE 9.0; Windows NT 6.1; Trident/5.0)"
63.224.213.106 - - [12/Aug/2013:11:58:07 -0500] "GET /images/imagslider-1.png HTTP/1.0" 200 53651 "http://operationspokaneheroes.org/slider/index.html" "Mozilla/5.0 (compatible; MSIE 9.0; Windows NT 6.1; Trident/5.0)"
63.224.213.106 - - [12/Aug/2013:11:58:07 -0500] "GET /css/style_global.css HTTP/1.0" 200 2621 "http://operationspokaneheroes.org/_inc/slide.php" "Mozilla/5.0 (compatible; MSIE 9.0; Windows NT 6.1; Trident/5.0)"
63.224.213.106 - - [12/Aug/2013:11:58:07 -0500] "GET /slider/js/jquery-1.2.6.js HTTP/1.0" 200 100196 "http://operationspokaneheroes.org/slider/index.html" "Mozilla/5.0 (compatible; MSIE 9.0; Windows NT 6.1; Trident/5.0)"
63.224.213.106 - - [12/Aug/2013:11:58:07 -0500] "GET /images/imagslider-5.png HTTP/1.0" 200 65260 "http://operationspokaneheroes.org/slider/index.html" "Mozilla/5.0 (compatible; MSIE 9.0; Windows NT 6.1; Trident/5.0)"
63.224.213.106 - - [12/Aug/2013:11:58:07 -0500] "GET /images/imagslider-6.png HTTP/1.0" 200 37295 "http://operationspokaneheroes.org/slider/index.html" "Mozilla/5.0 (compatible; MSIE 9.0; Windows NT 6.1; Trident/5.0)"
63.224.213.106 - - [12/Aug/2013:11:58:07 -0500] "GET /js/combined.js HTTP/1.0" 200 169946 "http://operationspokaneheroes.org/_inc/slide.php" "Mozilla/5.0 (compatible; MSIE 9.0; Windows NT 6.1; Trident/5.0)"
63.224.213.106 - - [12/Aug/2013:11:58:07 -0500] "GET /slider/images/slider-bg.jpg HTTP/1.0" 200 3447 "http://operationspokaneheroes.org/slider/index.html" "Mozilla/5.0 (compatible; MSIE 9.0; Windows NT 6.1; Trident/5.0)"
63.224.213.106 - - [12/Aug/2013:11:58:07 -0500] "GET /assets/images/btn_main_search_hover.png HTTP/1.0" 404 - "http://operationspokaneheroes.org/_inc/slide.php" "Mozilla/5.0 (compatible; MSIE 9.0; Windows NT 6.1; Trident/5.0)"
63.224.213.106 - - [12/Aug/2013:11:58:07 -0500] "GET /assets/images/btn_top_search_hover.png HTTP/1.0" 404 - "http://operationspokaneheroes.org/_inc/slide.php" "Mozilla/5.0 (compatible; MSIE 9.0; Windows NT 6.1; Trident/5.0)"
63.224.213.106 - - [12/Aug/2013:11:58:08 -0500] "GET /favicon.ico HTTP/1.0" 404 - "-" "Mozilla/5.0 (compatible; MSIE 9.0; Windows NT 6.1; Trident/5.0)"
63.224.213.106 - - [12/Aug/2013:11:58:08 -0500] "GET /images/mission_statement_bg.png HTTP/1.0" 200 11413 "http://operationspokaneheroes.org/_inc/slide.php" "Mozilla/5.0 (compatible; MSIE 9.0; Windows NT 6.1; Trident/5.0)"
63.224.213.106 - - [12/Aug/2013:11:58:07 -0500] "GET /images/2.jpg HTTP/1.0" 200 170993 "http://operationspokaneheroes.org/_inc/slide.php" "Mozilla/5.0 (compatible; MSIE 9.0; Windows NT 6.1; Trident/5.0)"
63.224.213.106 - - [12/Aug/2013:11:58:08 -0500] "GET /images/we_strive.png HTTP/1.0" 200 1981 "http://operationspokaneheroes.org/_inc/slide.php" "Mozilla/5.0 (compatible; MSIE 9.0; Windows NT 6.1; Trident/5.0)"
63.224.213.106 - - [12/Aug/2013:11:58:08 -0500] "GET /images/we_believe.png HTTP/1.0" 200 1785 "http://operationspokaneheroes.org/_inc/slide.php" "Mozilla/5.0 (compatible; MSIE 9.0; Windows NT 6.1; Trident/5.0)"
63.224.213.106 - - [12/Aug/2013:11:58:08 -0500] "GET /images/we_help.png HTTP/1.0" 200 1514 "http://operationspokaneheroes.org/_inc/slide.php" "Mozilla/5.0 (compatible; MSIE 9.0; Windows NT 6.1; Trident/5.0)"
63.224.213.106 - - [12/Aug/2013:11:58:07 -0500] "GET /images/4.jpg HTTP/1.0" 200 186934 "http://operationspokaneheroes.org/_inc/slide.php" "Mozilla/5.0 (compatible; MSIE 9.0; Windows NT 6.1; Trident/5.0)"
63.224.213.106 - - [12/Aug/2013:11:58:08 -0500] "GET /images/we_need.png HTTP/1.0" 200 2138 "http://operationspokaneheroes.org/_inc/slide.php" "Mozilla/5.0 (compatible; MSIE 9.0; Windows NT 6.1; Trident/5.0)"
63.224.213.106 - - [12/Aug/2013:11:58:07 -0500] "GET /images/3.jpg HTTP/1.0" 200 240733 "http://operationspokaneheroes.org/_inc/slide.php" "Mozilla/5.0 (compatible; MSIE 9.0; Windows NT 6.1; Trident/5.0)"
63.224.213.106 - - [12/Aug/2013:11:58:07 -0500] "GET /images/1.jpg HTTP/1.0" 200 142489 "http://operationspokaneheroes.org/_inc/slide.php" "Mozilla/5.0 (compatible; MSIE 9.0; Windows NT 6.1; Trident/5.0)"
63.224.213.106 - - [12/Aug/2013:11:58:11 -0500] "GET /aboutus.php HTTP/1.0" 200 11667 "http://operationspokaneheroes.org/" "Mozilla/5.0 (compatible; MSIE 9.0; Windows NT 6.1; Trident/5.0)"
63.224.213.106 - - [12/Aug/2013:11:58:12 -0500] "GET /_inc/slide.php HTTP/1.0" 200 3205 "http://operationspokaneheroes.org/aboutus.php" "Mozilla/5.0 (compatible; MSIE 9.0; Windows NT 6.1; Trident/5.0)"
63.224.213.106 - - [12/Aug/2013:11:58:12 -0500] "GET /assets/images/btn_top_search_hover.png HTTP/1.0" 404 - "http://operationspokaneheroes.org/_inc/slide.php" "Mozilla/5.0 (compatible; MSIE 9.0; Windows NT 6.1; Trident/5.0)"
63.224.213.106 - - [12/Aug/2013:11:58:12 -0500] "GET /assets/images/btn_main_search_hover.png HTTP/1.0" 404 - "http://operationspokaneheroes.org/_inc/slide.php" "Mozilla/5.0 (compatible; MSIE 9.0; Windows NT 6.1; Trident/5.0)"
63.224.213.106 - - [12/Aug/2013:11:58:12 -0500] "GET /favicon.ico HTTP/1.0" 404 - "-" "Mozilla/5.0 (compatible; MSIE 9.0; Windows NT 6.1; Trident/5.0)"
63.224.213.106 - - [12/Aug/2013:11:58:32 -0500] "GET /aboutus.php HTTP/1.0" 200 11667 "http://operationspokaneheroes.org/aboutus.php" "Mozilla/5.0 (compatible; MSIE 9.0; Windows NT 6.1; Trident/5.0)"
63.224.213.106 - - [12/Aug/2013:11:58:33 -0500] "GET /_inc/slide.php HTTP/1.0" 200 3205 "http://operationspokaneheroes.org/aboutus.php" "Mozilla/5.0 (compatible; MSIE 9.0; Windows NT 6.1; Trident/5.0)"
63.224.213.106 - - [12/Aug/2013:11:58:33 -0500] "GET /assets/images/btn_main_search_hover.png HTTP/1.0" 404 - "http://operationspokaneheroes.org/_inc/slide.php" "Mozilla/5.0 (compatible; MSIE 9.0; Windows NT 6.1; Trident/5.0)"
63.224.213.106 - - [12/Aug/2013:11:58:33 -0500] "GET /assets/images/btn_top_search_hover.png HTTP/1.0" 404 - "http://operationspokaneheroes.org/_inc/slide.php" "Mozilla/5.0 (compatible; MSIE 9.0; Windows NT 6.1; Trident/5.0)"
66.249.74.43 - - [12/Aug/2013:11:58:43 -0500] "GET /donate.php HTTP/1.1" 200 11699 "-" "Mozilla/5.0 (iPhone; U; CPU iPhone OS 4_1 like Mac OS X; en-us) AppleWebKit/532.9 (KHTML, like Gecko) Version/4.0.5 Mobile/8B117 Safari/6531.22.7 (compatible; Googlebot-Mobile/2.1; +http://www.google.com/bot.html)"
157.55.32.110 - - [12/Aug/2013:12:11:27 -0500] "GET /robots.txt HTTP/1.1" 404 - "-" "Mozilla/5.0 (compatible; bingbot/2.0; +http://www.bing.com/bingbot.htm)"
157.55.32.110 - - [12/Aug/2013:12:14:24 -0500] "GET /business.php HTTP/1.1" 200 10813 "-" "Mozilla/5.0 (compatible; bingbot/2.0; +http://www.bing.com/bingbot.htm)"
180.76.5.24 - - [12/Aug/2013:14:01:23 -0500] "GET /events.php HTTP/1.1" 200 6407 "-" "Mozilla/5.0 (compatible; Baiduspider/2.0; +http://www.baidu.com/search/spider.html)"
46.229.160.208 - - [12/Aug/2013:14:34:46 -0500] "GET /pdf/174%20Stores%20and%20Business%20Offering%20Military%20Discounts1.pdf HTTP/1.1" 200 122888 "-" "Mozilla/5.0 (Windows; U; Windows NT 5.1; en-US; rv:1.9.0.3) Gecko/2008092417 Firefox/3.0.3 (.NET CLR 3.5.30729)"
46.229.170.197 - - [12/Aug/2013:15:58:36 -0500] "GET / HTTP/1.1" 200 10635 "-" "Mozilla/5.0 (Windows NT 5.1; rv:6.0) Gecko/20100101 Firefox/6.0 FirePHP/0.6"
157.55.32.110 - - [12/Aug/2013:16:08:04 -0500] "GET /robots.txt HTTP/1.1" 404 - "-" "Mozilla/5.0 (compatible; bingbot/2.0; +http://www.bing.com/bingbot.htm)"
157.55.32.110 - - [12/Aug/2013:16:09:21 -0500] "GET /pdf/Welcome%20Home%20Event%20Flyer%202012.pdf HTTP/1.1" 200 462917 "-" "Mozilla/5.0 (compatible; bingbot/2.0; +http://www.bing.com/bingbot.htm)"
88.190.240.66 - - [12/Aug/2013:16:20:31 -0500] "GET /aboutus.php HTTP/1.0" 200 11667 "http://operationspokaneheroes.org/aboutus.php" "Opera/9.80 (Windows NT 6.1; U; ru) Presto/2.10.289 Version/12.02"
199.21.99.103 - - [12/Aug/2013:16:28:21 -0500] "GET /robots.txt HTTP/1.1" 404 - "-" "Mozilla/5.0 (compatible; YandexBot/3.0; +http://yandex.com/bots)"
66.249.74.41 - - [12/Aug/2013:18:09:56 -0500] "GET / HTTP/1.1" 200 10635 "-" "Mozilla/5.0 (compatible; Googlebot/2.1; +http://www.google.com/bot.html)"
66.249.74.41 - - [12/Aug/2013:18:18:34 -0500] "GET /css/global.css HTTP/1.1" 200 13951 "-" "Mozilla/5.0 (compatible; Googlebot/2.1; +http://www.google.com/bot.html)"
66.249.74.41 - - [12/Aug/2013:18:18:35 -0500] "GET /css/footer.css HTTP/1.1" 200 752 "-" "Mozilla/5.0 (compatible; Googlebot/2.1; +http://www.google.com/bot.html)"
66.249.74.41 - - [12/Aug/2013:18:18:35 -0500] "GET /slider/css/style.css HTTP/1.1" 200 1379 "-" "Mozilla/5.0 (compatible; Googlebot/2.1; +http://www.google.com/bot.html)"
66.249.74.41 - - [12/Aug/2013:18:18:36 -0500] "GET /css/slide.css HTTP/1.1" 200 2869 "-" "Mozilla/5.0 (compatible; Googlebot/2.1; +http://www.google.com/bot.html)"
66.249.74.41 - - [12/Aug/2013:18:18:37 -0500] "GET /css/style_global.css HTTP/1.1" 200 2621 "-" "Mozilla/5.0 (compatible; Googlebot/2.1; +http://www.google.com/bot.html)"
199.21.99.103 - - [12/Aug/2013:18:29:05 -0500] "GET /pdf/march_for_the%20_fallen.pdf HTTP/1.1" 200 1178567 "-" "Mozilla/5.0 (compatible; YandexBot/3.0; +http://yandex.com/bots)"
178.156.154.125 - - [12/Aug/2013:18:32:05 -0500] "GET / HTTP/1.1" 200 10635 "-" "Mozilla/5.0 (Windows; U; MSIE 9.0; Windows NT 9.0; en-US)"
192.99.1.164 - - [12/Aug/2013:20:01:07 -0500] "GET /aboutus.php HTTP/1.0" 200 11667 "http://operationspokaneheroes.org/aboutus.php" "Mozilla/5.0 (Windows NT 6.0; WOW64) AppleWebKit/537.11 (KHTML, like Gecko) Chrome/23.0.1271.64 Safari/537.11"
157.55.35.46 - - [12/Aug/2013:20:24:05 -0500] "GET /robots.txt HTTP/1.1" 404 - "-" "Mozilla/5.0 (compatible; bingbot/2.0; +http://www.bing.com/bingbot.htm)"
157.55.35.46 - - [12/Aug/2013:20:24:43 -0500] "GET / HTTP/1.1" 200 10635 "-" "Mozilla/5.0 (compatible; bingbot/2.0; +http://www.bing.com/bingbot.htm)"
199.21.99.103 - - [12/Aug/2013:20:32:14 -0500] "GET /pdf/Spokane%20Indians%20Pennant%20poster-color%20copy.pdf HTTP/1.1" 200 1793914 "-" "Mozilla/5.0 (compatible; YandexBot/3.0; +http://yandex.com/bots)"
157.55.32.110 - - [12/Aug/2013:20:56:22 -0500] "GET /pdf/REVISION2%20Military%20Kids%20Camp%202012%20(2).pdf HTTP/1.1" 200 1691328 "-" "Mozilla/5.0 (compatible; bingbot/2.0; +http://www.bing.com/bingbot.htm)"
123.125.71.76 - - [12/Aug/2013:21:29:33 -0500] "GET /sys_cpanel/images/apache_pb.gif HTTP/1.1" 200 2326 "-" "Baiduspider-image+(+http://www.baidu.com/search/spider.htm)"
157.55.35.46 - - [12/Aug/2013:22:29:18 -0500] "GET /robots.txt HTTP/1.1" 404 - "-" "Mozilla/5.0 (compatible; bingbot/2.0; +http://www.bing.com/bingbot.htm)"
157.55.35.46 - - [12/Aug/2013:22:30:30 -0500] "GET / HTTP/1.1" 200 10635 "-" "Mozilla/5.0 (compatible; bingbot/2.0; +http://www.bing.com/bingbot.htm)"
199.21.99.103 - - [12/Aug/2013:23:32:40 -0500] "GET /pdf/Survival%20Camp%202013%202%20pg%20flyer.pdf HTTP/1.1" 200 781521 "-" "Mozilla/5.0 (compatible; YandexBot/3.0; +http://yandex.com/bots)"
199.21.99.103 - - [13/Aug/2013:00:46:19 -0500] "GET /robots.txt HTTP/1.1" 404 - "-" "Mozilla/5.0 (compatible; YandexBot/3.0; +http://yandex.com/bots)"
199.21.99.103 - - [13/Aug/2013:00:46:21 -0500] "GET / HTTP/1.1" 200 10635 "-" "Mozilla/5.0 (compatible; YandexBot/3.0; +http://yandex.com/bots)"
199.21.99.103 - - [13/Aug/2013:00:46:22 -0500] "GET / HTTP/1.1" 200 10635 "-" "Mozilla/5.0 (compatible; YandexBot/3.0; +http://yandex.com/bots)"
199.21.99.103 - - [13/Aug/2013:00:46:28 -0500] "GET / HTTP/1.1" 200 10635 "-" "Mozilla/5.0 (compatible; YandexBot/3.0; +http://yandex.com/bots)"
199.21.99.103 - - [13/Aug/2013:00:46:30 -0500] "GET / HTTP/1.1" 200 10635 "-" "Mozilla/5.0 (compatible; YandexBot/3.0; +http://yandex.com/bots)"
66.249.74.43 - - [13/Aug/2013:01:00:31 -0500] "GET /robots.txt HTTP/1.1" 404 - "-" "Mozilla/5.0 (compatible; Googlebot/2.1; +http://www.google.com/bot.html)"
66.249.74.43 - - [13/Aug/2013:01:00:31 -0500] "GET /business.php HTTP/1.1" 200 10813 "-" "Mozilla/5.0 (iPhone; U; CPU iPhone OS 4_1 like Mac OS X; en-us) AppleWebKit/532.9 (KHTML, like Gecko) Version/4.0.5 Mobile/8B117 Safari/6531.22.7 (compatible; Googlebot-Mobile/2.1; +http://www.google.com/bot.html)"
66.249.74.43 - - [13/Aug/2013:01:45:39 -0500] "GET /events/ermy_event/images/4.jpg HTTP/1.1" 304 - "-" "Googlebot-Image/1.0"
180.76.5.98 - - [13/Aug/2013:02:00:04 -0500] "GET /slider/js/jquery-1.2.6.js HTTP/1.1" 200 100196 "-" "Mozilla/5.0 (compatible; Baiduspider/2.0; +http://www.baidu.com/search/spider.html)"
198.27.68.174 - - [13/Aug/2013:05:34:20 -0500] "POST /aboutus.php HTTP/1.1" 200 11667 "-" "-"
157.55.35.81 - - [13/Aug/2013:06:13:16 -0500] "GET /robots.txt HTTP/1.1" 404 - "-" "Mozilla/5.0 (compatible; bingbot/2.0; +http://www.bing.com/bingbot.htm)"
157.55.35.81 - - [13/Aug/2013:06:29:13 -0500] "GET /java_for_joes/index.html HTTP/1.1" 404 - "-" "Mozilla/5.0 (compatible; bingbot/2.0; +http://www.bing.com/bingbot.htm)"
66.249.74.43 - - [13/Aug/2013:09:00:18 -0500] "GET /robots.txt HTTP/1.1" 404 - "-" "Mozilla/5.0 (compatible; Googlebot/2.1; +http://www.google.com/bot.html)"
66.249.74.43 - - [13/Aug/2013:09:00:19 -0500] "GET / HTTP/1.1" 200 10635 "-" "SAMSUNG-SGH-E250/1.0 Profile/MIDP-2.0 Configuration/CLDC-1.1 UP.Browser/6.2.3.3.c.1.101 (GUI) MMP/2.0 (compatible; Googlebot-Mobile/2.1; +http://www.google.com/bot.html)"
66.249.74.43 - - [13/Aug/2013:09:08:40 -0500] "GET / HTTP/1.1" 200 10635 "-" "DoCoMo/2.0 N905i(c100;TB;W24H16) (compatible; Googlebot-Mobile/2.1; +http://www.google.com/bot.html)"
202.46.62.97 - - [13/Aug/2013:10:15:05 -0500] "GET / HTTP/1.1" 200 10635 "-" "Mozilla/4.0 (compatible; MSIE 7.0; Windows NT 6.0)"
119.63.193.131 - - [13/Aug/2013:10:16:25 -0500] "GET / HTTP/1.1" 200 10635 "-" "Mozilla/4.0 (compatible; MSIE 7.0; Windows NT 6.0)"
46.229.160.208 - - [13/Aug/2013:11:06:38 -0500] "GET /pdf/veteran_benefits.pdf HTTP/1.1" 200 111163 "-" "Mozilla/5.0 (Macintosh; U; Intel Mac OS X 10_5_6; en-us) AppleWebKit/525.27.1 (KHTML, like Gecko) Version/3.2.1 Safari/525.27"
115.236.138.89 - - [13/Aug/2013:11:14:44 -0500] "GET /robots.txt HTTP/1.1" 404 - "http://operationspokaneheroes.org/" "Mozilla/5.0 (compatible; MSIE 8.0; Windows NT 6.1)"
24.19.155.5 - - [13/Aug/2013:11:17:28 -0500] "GET / HTTP/1.1" 200 10635 "https://www.google.com/" "Mozilla/5.0 (Windows NT 6.1; WOW64) AppleWebKit/537.36 (KHTML, like Gecko) Chrome/28.0.1500.95 Safari/537.36"
24.19.155.5 - - [13/Aug/2013:11:17:28 -0500] "GET /css/global.css HTTP/1.1" 200 13951 "http://operationspokaneheroes.org/" "Mozilla/5.0 (Windows NT 6.1; WOW64) AppleWebKit/537.36 (KHTML, like Gecko) Chrome/28.0.1500.95 Safari/537.36"
24.19.155.5 - - [13/Aug/2013:11:17:28 -0500] "GET /images/global.png HTTP/1.1" 200 5737 "http://operationspokaneheroes.org/" "Mozilla/5.0 (Windows NT 6.1; WOW64) AppleWebKit/537.36 (KHTML, like Gecko) Chrome/28.0.1500.95 Safari/537.36"
24.19.155.5 - - [13/Aug/2013:11:17:29 -0500] "GET /css/footer.css HTTP/1.1" 200 752 "http://operationspokaneheroes.org/" "Mozilla/5.0 (Windows NT 6.1; WOW64) AppleWebKit/537.36 (KHTML, like Gecko) Chrome/28.0.1500.95 Safari/537.36"
24.19.155.5 - - [13/Aug/2013:11:17:29 -0500] "GET /images/contacticon.png HTTP/1.1" 200 4499 "http://operationspokaneheroes.org/" "Mozilla/5.0 (Windows NT 6.1; WOW64) AppleWebKit/537.36 (KHTML, like Gecko) Chrome/28.0.1500.95 Safari/537.36"
24.19.155.5 - - [13/Aug/2013:11:17:29 -0500] "GET /images/facebook.png HTTP/1.1" 200 5004 "http://operationspokaneheroes.org/" "Mozilla/5.0 (Windows NT 6.1; WOW64) AppleWebKit/537.36 (KHTML, like Gecko) Chrome/28.0.1500.95 Safari/537.36"
24.19.155.5 - - [13/Aug/2013:11:17:29 -0500] "GET /slider/index.html HTTP/1.1" 200 2952 "http://operationspokaneheroes.org/" "Mozilla/5.0 (Windows NT 6.1; WOW64) AppleWebKit/537.36 (KHTML, like Gecko) Chrome/28.0.1500.95 Safari/537.36"
24.19.155.5 - - [13/Aug/2013:11:17:29 -0500] "GET /_inc/slide.php HTTP/1.1" 200 3205 "http://operationspokaneheroes.org/" "Mozilla/5.0 (Windows NT 6.1; WOW64) AppleWebKit/537.36 (KHTML, like Gecko) Chrome/28.0.1500.95 Safari/537.36"
24.19.155.5 - - [13/Aug/2013:11:17:29 -0500] "GET /mainbk.png HTTP/1.1" 200 290 "http://operationspokaneheroes.org/" "Mozilla/5.0 (Windows NT 6.1; WOW64) AppleWebKit/537.36 (KHTML, like Gecko) Chrome/28.0.1500.95 Safari/537.36"
24.19.155.5 - - [13/Aug/2013:11:17:29 -0500] "GET /images/nav2.jpg HTTP/1.1" 200 4444 "http://operationspokaneheroes.org/" "Mozilla/5.0 (Windows NT 6.1; WOW64) AppleWebKit/537.36 (KHTML, like Gecko) Chrome/28.0.1500.95 Safari/537.36"
24.19.155.5 - - [13/Aug/2013:11:17:29 -0500] "GET /slider/css/style.css HTTP/1.1" 200 1379 "http://operationspokaneheroes.org/slider/index.html" "Mozilla/5.0 (Windows NT 6.1; WOW64) AppleWebKit/537.36 (KHTML, like Gecko) Chrome/28.0.1500.95 Safari/537.36"
24.19.155.5 - - [13/Aug/2013:11:17:29 -0500] "GET /slider/js/startstop-slider.js HTTP/1.1" 200 1737 "http://operationspokaneheroes.org/slider/index.html" "Mozilla/5.0 (Windows NT 6.1; WOW64) AppleWebKit/537.36 (KHTML, like Gecko) Chrome/28.0.1500.95 Safari/537.36"
24.19.155.5 - - [13/Aug/2013:11:17:29 -0500] "GET /images/bg2.jpg HTTP/1.1" 200 55206 "http://operationspokaneheroes.org/" "Mozilla/5.0 (Windows NT 6.1; WOW64) AppleWebKit/537.36 (KHTML, like Gecko) Chrome/28.0.1500.95 Safari/537.36"
24.19.155.5 - - [13/Aug/2013:11:17:29 -0500] "GET /images/imagslider-6.png HTTP/1.1" 200 37295 "http://operationspokaneheroes.org/slider/index.html" "Mozilla/5.0 (Windows NT 6.1; WOW64) AppleWebKit/537.36 (KHTML, like Gecko) Chrome/28.0.1500.95 Safari/537.36"
24.19.155.5 - - [13/Aug/2013:11:17:28 -0500] "GET /images/logo.png HTTP/1.1" 200 226129 "http://operationspokaneheroes.org/" "Mozilla/5.0 (Windows NT 6.1; WOW64) AppleWebKit/537.36 (KHTML, like Gecko) Chrome/28.0.1500.95 Safari/537.36"
24.19.155.5 - - [13/Aug/2013:11:17:29 -0500] "GET /images/slder2.png HTTP/1.1" 200 32853 "http://operationspokaneheroes.org/slider/index.html" "Mozilla/5.0 (Windows NT 6.1; WOW64) AppleWebKit/537.36 (KHTML, like Gecko) Chrome/28.0.1500.95 Safari/537.36"
24.19.155.5 - - [13/Aug/2013:11:17:29 -0500] "GET /images/imagslider-1.png HTTP/1.1" 200 53651 "http://operationspokaneheroes.org/slider/index.html" "Mozilla/5.0 (Windows NT 6.1; WOW64) AppleWebKit/537.36 (KHTML, like Gecko) Chrome/28.0.1500.95 Safari/537.36"
24.19.155.5 - - [13/Aug/2013:11:17:29 -0500] "GET /css/slide.css HTTP/1.1" 200 2869 "http://operationspokaneheroes.org/_inc/slide.php" "Mozilla/5.0 (Windows NT 6.1; WOW64) AppleWebKit/537.36 (KHTML, like Gecko) Chrome/28.0.1500.95 Safari/537.36"
24.19.155.5 - - [13/Aug/2013:11:17:29 -0500] "GET /slider/js/jquery-1.2.6.js HTTP/1.1" 200 100196 "http://operationspokaneheroes.org/slider/index.html" "Mozilla/5.0 (Windows NT 6.1; WOW64) AppleWebKit/537.36 (KHTML, like Gecko) Chrome/28.0.1500.95 Safari/537.36"
24.19.155.5 - - [13/Aug/2013:11:17:29 -0500] "GET /images/imagslider-5.png HTTP/1.1" 200 65260 "http://operationspokaneheroes.org/slider/index.html" "Mozilla/5.0 (Windows NT 6.1; WOW64) AppleWebKit/537.36 (KHTML, like Gecko) Chrome/28.0.1500.95 Safari/537.36"
24.19.155.5 - - [13/Aug/2013:11:17:29 -0500] "GET /css/style_global.css HTTP/1.1" 200 2621 "http://operationspokaneheroes.org/_inc/slide.php" "Mozilla/5.0 (Windows NT 6.1; WOW64) AppleWebKit/537.36 (KHTML, like Gecko) Chrome/28.0.1500.95 Safari/537.36"
24.19.155.5 - - [13/Aug/2013:11:17:29 -0500] "GET /js/combined.js HTTP/1.1" 200 169946 "http://operationspokaneheroes.org/_inc/slide.php" "Mozilla/5.0 (Windows NT 6.1; WOW64) AppleWebKit/537.36 (KHTML, like Gecko) Chrome/28.0.1500.95 Safari/537.36"
24.19.155.5 - - [13/Aug/2013:11:17:29 -0500] "GET /slider/images/slider-bg.jpg HTTP/1.1" 200 3447 "http://operationspokaneheroes.org/slider/index.html" "Mozilla/5.0 (Windows NT 6.1; WOW64) AppleWebKit/537.36 (KHTML, like Gecko) Chrome/28.0.1500.95 Safari/537.36"
24.19.155.5 - - [13/Aug/2013:11:17:30 -0500] "GET /images/we_strive.png HTTP/1.1" 200 1981 "http://operationspokaneheroes.org/_inc/slide.php" "Mozilla/5.0 (Windows NT 6.1; WOW64) AppleWebKit/537.36 (KHTML, like Gecko) Chrome/28.0.1500.95 Safari/537.36"
24.19.155.5 - - [13/Aug/2013:11:17:30 -0500] "GET /images/we_believe.png HTTP/1.1" 200 1785 "http://operationspokaneheroes.org/_inc/slide.php" "Mozilla/5.0 (Windows NT 6.1; WOW64) AppleWebKit/537.36 (KHTML, like Gecko) Chrome/28.0.1500.95 Safari/537.36"
24.19.155.5 - - [13/Aug/2013:11:17:30 -0500] "GET /images/mission_statement_bg.png HTTP/1.1" 200 11413 "http://operationspokaneheroes.org/_inc/slide.php" "Mozilla/5.0 (Windows NT 6.1; WOW64) AppleWebKit/537.36 (KHTML, like Gecko) Chrome/28.0.1500.95 Safari/537.36"
24.19.155.5 - - [13/Aug/2013:11:17:30 -0500] "GET /images/we_help.png HTTP/1.1" 200 1514 "http://operationspokaneheroes.org/_inc/slide.php" "Mozilla/5.0 (Windows NT 6.1; WOW64) AppleWebKit/537.36 (KHTML, like Gecko) Chrome/28.0.1500.95 Safari/537.36"
24.19.155.5 - - [13/Aug/2013:11:17:30 -0500] "GET /images/we_need.png HTTP/1.1" 200 2138 "http://operationspokaneheroes.org/_inc/slide.php" "Mozilla/5.0 (Windows NT 6.1; WOW64) AppleWebKit/537.36 (KHTML, like Gecko) Chrome/28.0.1500.95 Safari/537.36"
24.19.155.5 - - [13/Aug/2013:11:17:30 -0500] "GET /assets/images/btn_top_search_hover.png HTTP/1.1" 404 - "http://operationspokaneheroes.org/_inc/slide.php" "Mozilla/5.0 (Windows NT 6.1; WOW64) AppleWebKit/537.36 (KHTML, like Gecko) Chrome/28.0.1500.95 Safari/537.36"
24.19.155.5 - - [13/Aug/2013:11:17:30 -0500] "GET /assets/images/btn_main_search_hover.png HTTP/1.1" 404 - "http://operationspokaneheroes.org/_inc/slide.php" "Mozilla/5.0 (Windows NT 6.1; WOW64) AppleWebKit/537.36 (KHTML, like Gecko) Chrome/28.0.1500.95 Safari/537.36"
