66.249.73.82 - - [30/Jun/2012:23:38:31 -0500] "GET /robots.txt HTTP/1.1" 404 - "-" "Mozilla/5.0 (compatible; Googlebot/2.1; +http://www.google.com/bot.html)"
66.249.73.82 - - [30/Jun/2012:23:38:31 -0500] "GET /pdf/pearl%20harbor_map.pdf HTTP/1.1" 304 - "-" "Mozilla/5.0 (iPhone; U; CPU iPhone OS 4_1 like Mac OS X; en-us) AppleWebKit/532.9 (KHTML, like Gecko) Version/4.0.5 Mobile/8B117 Safari/6531.22.7 (compatible; Googlebot-Mobile/2.1; +http://www.google.com/bot.html)"
208.115.111.70 - - [01/Jul/2012:00:09:12 -0500] "GET /robots.txt HTTP/1.1" 404 - "-" "Mozilla/5.0 (compatible; Ezooms/1.0; ezooms.bot@gmail.com)"
157.55.17.192 - - [01/Jul/2012:00:17:18 -0500] "GET /robots.txt HTTP/1.1" 404 - "-" "Mozilla/5.0 (compatible; bingbot/2.0; +http://www.bing.com/bingbot.htm)"
157.55.17.192 - - [01/Jul/2012:00:18:28 -0500] "GET /contact.php HTTP/1.1" 200 10409 "-" "Mozilla/5.0 (compatible; bingbot/2.0; +http://www.bing.com/bingbot.htm)"
1.202.218.8 - - [01/Jul/2012:00:38:32 -0500] "GET /robots.txt HTTP/1.0" 404 - "-" "\"Mozilla/5.0"
208.115.111.70 - - [01/Jul/2012:00:41:23 -0500] "GET /index.php HTTP/1.1" 200 10447 "-" "Mozilla/5.0 (compatible; Ezooms/1.0; ezooms.bot@gmail.com)"
208.115.111.70 - - [01/Jul/2012:01:42:58 -0500] "GET /calendar.php HTTP/1.1" 200 10599 "-" "Mozilla/5.0 (compatible; Ezooms/1.0; ezooms.bot@gmail.com)"
1.202.218.8 - - [01/Jul/2012:03:21:41 -0500] "GET /robots.txt HTTP/1.0" 404 - "-" "\"Mozilla/5.0"
208.115.111.70 - - [01/Jul/2012:04:09:45 -0500] "GET /robots.txt HTTP/1.1" 404 - "-" "Mozilla/5.0 (compatible; Ezooms/1.0; ezooms.bot@gmail.com)"
208.115.111.70 - - [01/Jul/2012:05:04:49 -0500] "GET /calendar.php HTTP/1.1" 200 10599 "-" "Mozilla/5.0 (compatible; Ezooms/1.0; ezooms.bot@gmail.com)"
157.55.17.192 - - [01/Jul/2012:05:32:51 -0500] "GET /donate.php HTTP/1.1" 200 12903 "-" "Mozilla/5.0 (compatible; bingbot/2.0; +http://www.bing.com/bingbot.htm)"
208.115.111.70 - - [01/Jul/2012:05:46:57 -0500] "GET /robots.txt HTTP/1.1" 404 - "-" "Mozilla/5.0 (compatible; Ezooms/1.0; ezooms.bot@gmail.com)"
1.202.218.8 - - [01/Jul/2012:06:03:07 -0500] "GET /robots.txt HTTP/1.0" 404 - "-" "\"Mozilla/5.0"
157.56.94.158 - - [01/Jul/2012:06:20:24 -0500] "GET /robots.txt HTTP/1.1" 404 - "-" "msnbot/2.0b (+http://search.msn.com/msnbot.htm)"
157.56.94.158 - - [01/Jul/2012:06:20:24 -0500] "GET / HTTP/1.1" 200 10447 "-" "msnbot/2.0b (+http://search.msn.com/msnbot.htm)"
208.115.111.70 - - [01/Jul/2012:06:54:46 -0500] "GET /index.php HTTP/1.1" 200 10447 "-" "Mozilla/5.0 (compatible; Ezooms/1.0; ezooms.bot@gmail.com)"
65.52.110.199 - - [01/Jul/2012:06:59:01 -0500] "GET /robots.txt HTTP/1.1" 404 - "-" "Mozilla/5.0 (compatible; bingbot/2.0; +http://www.bing.com/bingbot.htm)"
100.43.83.155 - - [01/Jul/2012:07:35:06 -0500] "GET /calendar.php HTTP/1.1" 200 10599 "-" "Mozilla/5.0 (compatible; YandexBot/3.0; +http://yandex.com/bots)"
180.76.5.150 - - [01/Jul/2012:07:37:33 -0500] "GET /java_for_joes/index.html HTTP/1.1" 404 - "-" "Mozilla/5.0 (compatible; Baiduspider/2.0; +http://www.baidu.com/search/spider.html)"
123.125.71.41 - - [01/Jul/2012:08:20:34 -0500] "GET /events.php HTTP/1.1" 200 6407 "-" "Mozilla/5.0 (compatible; Baiduspider/2.0; +http://www.baidu.com/search/spider.html)"
1.202.218.8 - - [01/Jul/2012:08:45:17 -0500] "GET /robots.txt HTTP/1.0" 404 - "-" "\"Mozilla/5.0"
100.43.83.155 - - [01/Jul/2012:08:49:50 -0500] "GET /index.php HTTP/1.1" 200 10447 "-" "Mozilla/5.0 (compatible; YandexBot/3.0; +http://yandex.com/bots)"
178.137.129.128 - - [01/Jul/2012:09:23:01 -0500] "GET / HTTP/1.1" 200 10267 "http://dlm.dn.ua/" "Mozilla/4.0 (compatible; MSIE 6.0; Windows NT 5.0; KTXN)"
178.137.129.128 - - [01/Jul/2012:09:23:01 -0500] "GET / HTTP/1.1" 200 10267 "http://dlm.dn.ua/" "Mozilla/4.0 (compatible; MSIE 6.0; Windows NT 5.0; KTXN)"
157.56.94.158 - - [01/Jul/2012:10:16:17 -0500] "GET /index.php HTTP/1.1" 200 10447 "-" "msnbot/2.0b (+http://search.msn.com/msnbot.htm)"
157.56.94.158 - - [01/Jul/2012:10:16:19 -0500] "GET /contact.php HTTP/1.1" 200 10409 "-" "msnbot/2.0b (+http://search.msn.com/msnbot.htm)"
157.56.94.158 - - [01/Jul/2012:10:16:21 -0500] "GET /_inc/slide.php HTTP/1.1" 200 3205 "-" "msnbot/2.0b (+http://search.msn.com/msnbot.htm)"
157.56.94.158 - - [01/Jul/2012:10:16:23 -0500] "GET /events.php HTTP/1.1" 200 6407 "-" "msnbot/2.0b (+http://search.msn.com/msnbot.htm)"
157.56.94.158 - - [01/Jul/2012:10:16:26 -0500] "GET /slider.html HTTP/1.1" 200 7878 "-" "msnbot/2.0b (+http://search.msn.com/msnbot.htm)"
157.56.94.158 - - [01/Jul/2012:10:16:29 -0500] "GET /calendar.php HTTP/1.1" 200 10599 "-" "msnbot/2.0b (+http://search.msn.com/msnbot.htm)"
157.56.94.158 - - [01/Jul/2012:10:16:31 -0500] "GET /aboutus.php HTTP/1.1" 200 11557 "-" "msnbot/2.0b (+http://search.msn.com/msnbot.htm)"
157.56.94.158 - - [01/Jul/2012:10:16:33 -0500] "GET /business.php HTTP/1.1" 200 10703 "-" "msnbot/2.0b (+http://search.msn.com/msnbot.htm)"
123.126.68.20 - - [01/Jul/2012:11:17:59 -0500] "GET /robots.txt HTTP/1.1" 404 - "-" "-"
123.126.68.20 - - [01/Jul/2012:11:18:09 -0500] "GET / HTTP/1.1" 200 10447 "-" "Sogou web spider/4.0(+http://www.sogou.com/docs/help/webmasters.htm#07)"
1.202.218.8 - - [01/Jul/2012:11:26:20 -0500] "GET /robots.txt HTTP/1.0" 404 - "-" "\"Mozilla/5.0"
207.46.13.118 - - [01/Jul/2012:12:18:00 -0500] "GET /robots.txt HTTP/1.1" 404 - "-" "Mozilla/5.0 (compatible; bingbot/2.0; +http://www.bing.com/bingbot.htm)"
207.46.13.118 - - [01/Jul/2012:12:18:56 -0500] "GET /java_for_joes/index.html HTTP/1.1" 404 - "-" "Mozilla/5.0 (compatible; bingbot/2.0; +http://www.bing.com/bingbot.htm)"
139.18.2.17 - - [01/Jul/2012:12:24:37 -0500] "GET /events.php HTTP/1.1" 200 6407 "-" "findlinks/2.6 (+http://wortschatz.uni-leipzig.de/findlinks/)"
95.108.150.235 - - [01/Jul/2012:13:11:53 -0500] "GET /robots.txt HTTP/1.1" 404 - "-" "Mozilla/5.0 (compatible; YandexBot/3.0; +http://yandex.com/bots)"
95.108.150.235 - - [01/Jul/2012:13:11:53 -0500] "GET /robots.txt HTTP/1.1" 404 - "-" "Mozilla/5.0 (compatible; YandexBot/3.0; +http://yandex.com/bots)"
95.108.150.235 - - [01/Jul/2012:13:11:54 -0500] "GET / HTTP/1.1" 200 10447 "-" "Mozilla/5.0 (compatible; YandexBot/3.0; +http://yandex.com/bots)"
95.108.150.235 - - [01/Jul/2012:13:11:54 -0500] "GET / HTTP/1.1" 200 10447 "-" "Mozilla/5.0 (compatible; YandexBot/3.0; +http://yandex.com/bots)"
95.108.150.235 - - [01/Jul/2012:13:11:55 -0500] "GET / HTTP/1.1" 200 10447 "-" "Mozilla/5.0 (compatible; YandexBot/3.0; +http://yandex.com/bots)"
95.108.150.235 - - [01/Jul/2012:13:11:55 -0500] "GET / HTTP/1.1" 200 10447 "-" "Mozilla/5.0 (compatible; YandexBot/3.0; +http://yandex.com/bots)"
1.202.218.8 - - [01/Jul/2012:14:05:34 -0500] "GET /robots.txt HTTP/1.0" 404 - "-" "\"Mozilla/5.0"
100.43.83.155 - - [01/Jul/2012:14:22:45 -0500] "GET /robots.txt HTTP/1.1" 404 - "-" "Mozilla/5.0 (compatible; YandexBot/3.0; +http://yandex.com/bots)"
100.43.83.155 - - [01/Jul/2012:15:22:49 -0500] "GET /pdf/Invite%20for%20vets%20listening%20session%20(mm%20edits).pdf HTTP/1.1" 404 - "-" "Mozilla/5.0 (compatible; YandexBot/3.0; +http://yandex.com/bots)"
131.253.41.203 - - [01/Jul/2012:15:38:56 -0500] "GET /robots.txt HTTP/1.1" 404 - "-" "msnbot-media/1.1 (+http://search.msn.com/msnbot.htm)"
131.253.41.203 - - [01/Jul/2012:15:38:56 -0500] "GET /images/campfire.jpg HTTP/1.1" 200 17397 "-" "msnbot-media/1.1 (+http://search.msn.com/msnbot.htm)"
131.253.41.203 - - [01/Jul/2012:15:38:56 -0500] "GET /slider.html HTTP/1.1" 200 7878 "-" "msnbot-media/1.1 (+http://search.msn.com/msnbot.htm)"
1.202.218.8 - - [01/Jul/2012:16:40:36 -0500] "GET /robots.txt HTTP/1.0" 404 - "-" "\"Mozilla/5.0"
209.249.53.140 - - [01/Jul/2012:16:44:45 -0500] "GET /donate.php HTTP/1.1" 200 12903 "-" "Mozilla/4.0 (compatible; MSIE 6.0; Windows NT 5.1; SV1 + FairShare-http://fairshare.cc)"
209.249.53.132 - - [01/Jul/2012:16:53:05 -0500] "GET /aboutus.php HTTP/1.1" 200 11557 "-" "Mozilla/4.0 (compatible; MSIE 6.0; Windows NT 5.1; SV1 + FairShare-http://fairshare.cc)"
123.125.71.98 - - [01/Jul/2012:18:19:17 -0500] "GET /robots.txt HTTP/1.1" 404 - "-" "Mozilla/5.0 (Windows NT 5.1; rv:6.0.2) Gecko/20100101 Firefox/6.0.2"
180.76.5.100 - - [01/Jul/2012:19:34:08 -0500] "GET / HTTP/1.1" 200 10447 "-" "Mozilla/5.0 (compatible; Baiduspider/2.0; +http://www.baidu.com/search/spider.html)"
100.43.83.155 - - [01/Jul/2012:19:49:25 -0500] "GET /contact.php HTTP/1.1" 200 10409 "-" "Mozilla/5.0 (compatible; YandexBot/3.0; +http://yandex.com/bots)"
71.34.222.22 - - [01/Jul/2012:20:19:38 -0500] "GET / HTTP/1.1" 200 10447 "-" "integrity/3"
98.247.89.248 - - [01/Jul/2012:21:31:22 -0500] "GET / HTTP/1.1" 200 10447 "http://www.google.com/url?sa=D&q=http://www.operationspokaneheroes.org/&usg=AFQjCNGJ3w00Bw8nwG0_F2j-EOqbw9I8kw" "Mozilla/5.0 (compatible; MSIE 9.0; Windows NT 6.1; WOW64; Trident/5.0; yie9)"
98.247.89.248 - - [01/Jul/2012:21:31:22 -0500] "GET /images/global.png HTTP/1.1" 200 5737 "http://www.operationspokaneheroes.org/" "Mozilla/5.0 (compatible; MSIE 9.0; Windows NT 6.1; WOW64; Trident/5.0; yie9)"
98.247.89.248 - - [01/Jul/2012:21:31:22 -0500] "GET /images/facebook.png HTTP/1.1" 200 5004 "http://www.operationspokaneheroes.org/" "Mozilla/5.0 (compatible; MSIE 9.0; Windows NT 6.1; WOW64; Trident/5.0; yie9)"
98.247.89.248 - - [01/Jul/2012:21:31:22 -0500] "GET /images/contacticon.png HTTP/1.1" 200 4499 "http://www.operationspokaneheroes.org/" "Mozilla/5.0 (compatible; MSIE 9.0; Windows NT 6.1; WOW64; Trident/5.0; yie9)"
98.247.89.248 - - [01/Jul/2012:21:31:22 -0500] "GET /css/global.css HTTP/1.1" 200 13951 "http://www.operationspokaneheroes.org/" "Mozilla/5.0 (compatible; MSIE 9.0; Windows NT 6.1; WOW64; Trident/5.0; yie9)"
98.247.89.248 - - [01/Jul/2012:21:31:22 -0500] "GET /css/footer.css HTTP/1.1" 200 752 "http://www.operationspokaneheroes.org/" "Mozilla/5.0 (compatible; MSIE 9.0; Windows NT 6.1; WOW64; Trident/5.0; yie9)"
98.247.89.248 - - [01/Jul/2012:21:31:23 -0500] "GET /slider.html HTTP/1.1" 200 7878 "http://www.operationspokaneheroes.org/" "Mozilla/5.0 (compatible; MSIE 9.0; Windows NT 6.1; WOW64; Trident/5.0; yie9)"
98.247.89.248 - - [01/Jul/2012:21:31:23 -0500] "GET /images/nav2.jpg HTTP/1.1" 200 4444 "http://www.operationspokaneheroes.org/" "Mozilla/5.0 (compatible; MSIE 9.0; Windows NT 6.1; WOW64; Trident/5.0; yie9)"
98.247.89.248 - - [01/Jul/2012:21:31:23 -0500] "GET /mainbk.png HTTP/1.1" 200 290 "http://www.operationspokaneheroes.org/" "Mozilla/5.0 (compatible; MSIE 9.0; Windows NT 6.1; WOW64; Trident/5.0; yie9)"
98.247.89.248 - - [01/Jul/2012:21:31:23 -0500] "GET /_inc/slide.php HTTP/1.1" 200 3205 "http://www.operationspokaneheroes.org/" "Mozilla/5.0 (compatible; MSIE 9.0; Windows NT 6.1; WOW64; Trident/5.0; yie9)"
98.247.89.248 - - [01/Jul/2012:21:31:23 -0500] "GET /css/compact_style.css HTTP/1.1" 200 4934 "http://www.operationspokaneheroes.org/slider.html" "Mozilla/5.0 (compatible; MSIE 9.0; Windows NT 6.1; WOW64; Trident/5.0; yie9)"
98.247.89.248 - - [01/Jul/2012:21:31:23 -0500] "GET /jquery.easing.1.3.js HTTP/1.1" 200 8097 "http://www.operationspokaneheroes.org/slider.html" "Mozilla/5.0 (compatible; MSIE 9.0; Windows NT 6.1; WOW64; Trident/5.0; yie9)"
98.247.89.248 - - [01/Jul/2012:21:31:23 -0500] "GET /css/slide.css HTTP/1.1" 200 2869 "http://www.operationspokaneheroes.org/_inc/slide.php" "Mozilla/5.0 (compatible; MSIE 9.0; Windows NT 6.1; WOW64; Trident/5.0; yie9)"
98.247.89.248 - - [01/Jul/2012:21:31:23 -0500] "GET /images/bg2.jpg HTTP/1.1" 200 55206 "http://www.operationspokaneheroes.org/" "Mozilla/5.0 (compatible; MSIE 9.0; Windows NT 6.1; WOW64; Trident/5.0; yie9)"
98.247.89.248 - - [01/Jul/2012:21:31:23 -0500] "GET /images/campfire.jpg HTTP/1.1" 200 17397 "http://www.operationspokaneheroes.org/slider.html" "Mozilla/5.0 (compatible; MSIE 9.0; Windows NT 6.1; WOW64; Trident/5.0; yie9)"
98.247.89.248 - - [01/Jul/2012:21:31:23 -0500] "GET /images/welcome.jpg HTTP/1.1" 200 27773 "http://www.operationspokaneheroes.org/slider.html" "Mozilla/5.0 (compatible; MSIE 9.0; Windows NT 6.1; WOW64; Trident/5.0; yie9)"
98.247.89.248 - - [01/Jul/2012:21:31:23 -0500] "GET /js/cufon-yui.js HTTP/1.1" 200 18257 "http://www.operationspokaneheroes.org/slider.html" "Mozilla/5.0 (compatible; MSIE 9.0; Windows NT 6.1; WOW64; Trident/5.0; yie9)"
98.247.89.248 - - [01/Jul/2012:21:31:23 -0500] "GET /css/style_global.css HTTP/1.1" 200 2621 "http://www.operationspokaneheroes.org/_inc/slide.php" "Mozilla/5.0 (compatible; MSIE 9.0; Windows NT 6.1; WOW64; Trident/5.0; yie9)"
98.247.89.248 - - [01/Jul/2012:21:31:23 -0500] "GET /images/indians.jpg HTTP/1.1" 200 23184 "http://www.operationspokaneheroes.org/slider.html" "Mozilla/5.0 (compatible; MSIE 9.0; Windows NT 6.1; WOW64; Trident/5.0; yie9)"
98.247.89.248 - - [01/Jul/2012:21:31:23 -0500] "GET /js/Bebas_400.font.js HTTP/1.1" 200 32806 "http://www.operationspokaneheroes.org/slider.html" "Mozilla/5.0 (compatible; MSIE 9.0; Windows NT 6.1; WOW64; Trident/5.0; yie9)"
98.247.89.248 - - [01/Jul/2012:21:31:22 -0500] "GET /images/logo.png HTTP/1.1" 200 226129 "http://www.operationspokaneheroes.org/" "Mozilla/5.0 (compatible; MSIE 9.0; Windows NT 6.1; WOW64; Trident/5.0; yie9)"
98.247.89.248 - - [01/Jul/2012:21:31:24 -0500] "GET /images/next.png HTTP/1.1" 200 3022 "http://www.operationspokaneheroes.org/slider.html" "Mozilla/5.0 (compatible; MSIE 9.0; Windows NT 6.1; WOW64; Trident/5.0; yie9)"
98.247.89.248 - - [01/Jul/2012:21:31:24 -0500] "GET /images/prev.png HTTP/1.1" 200 2995 "http://www.operationspokaneheroes.org/slider.html" "Mozilla/5.0 (compatible; MSIE 9.0; Windows NT 6.1; WOW64; Trident/5.0; yie9)"
98.247.89.248 - - [01/Jul/2012:21:31:23 -0500] "GET /js/combined.js HTTP/1.1" 200 169946 "http://www.operationspokaneheroes.org/_inc/slide.php" "Mozilla/5.0 (compatible; MSIE 9.0; Windows NT 6.1; WOW64; Trident/5.0; yie9)"
98.247.89.248 - - [01/Jul/2012:21:31:25 -0500] "GET /assets/images/btn_main_search_hover.png HTTP/1.1" 404 - "http://www.operationspokaneheroes.org/_inc/slide.php" "Mozilla/5.0 (compatible; MSIE 9.0; Windows NT 6.1; WOW64; Trident/5.0; yie9)"
98.247.89.248 - - [01/Jul/2012:21:31:25 -0500] "GET /assets/images/btn_top_search_hover.png HTTP/1.1" 404 - "http://www.operationspokaneheroes.org/_inc/slide.php" "Mozilla/5.0 (compatible; MSIE 9.0; Windows NT 6.1; WOW64; Trident/5.0; yie9)"
98.247.89.248 - - [01/Jul/2012:21:31:25 -0500] "GET /favicon.ico HTTP/1.1" 404 - "-" "Mozilla/5.0 (compatible; MSIE 9.0; Windows NT 6.1; WOW64; Trident/5.0; yie9)"
98.247.89.248 - - [01/Jul/2012:21:31:25 -0500] "GET /images/we_need.png HTTP/1.1" 200 2138 "http://www.operationspokaneheroes.org/_inc/slide.php" "Mozilla/5.0 (compatible; MSIE 9.0; Windows NT 6.1; WOW64; Trident/5.0; yie9)"
98.247.89.248 - - [01/Jul/2012:21:31:25 -0500] "GET /images/we_strive.png HTTP/1.1" 200 1981 "http://www.operationspokaneheroes.org/_inc/slide.php" "Mozilla/5.0 (compatible; MSIE 9.0; Windows NT 6.1; WOW64; Trident/5.0; yie9)"
98.247.89.248 - - [01/Jul/2012:21:31:25 -0500] "GET /images/we_help.png HTTP/1.1" 200 1514 "http://www.operationspokaneheroes.org/_inc/slide.php" "Mozilla/5.0 (compatible; MSIE 9.0; Windows NT 6.1; WOW64; Trident/5.0; yie9)"
98.247.89.248 - - [01/Jul/2012:21:31:25 -0500] "GET /images/we_believe.png HTTP/1.1" 200 1785 "http://www.operationspokaneheroes.org/_inc/slide.php" "Mozilla/5.0 (compatible; MSIE 9.0; Windows NT 6.1; WOW64; Trident/5.0; yie9)"
98.247.89.248 - - [01/Jul/2012:21:31:25 -0500] "GET /images/mission_statement_bg.png HTTP/1.1" 200 11413 "http://www.operationspokaneheroes.org/_inc/slide.php" "Mozilla/5.0 (compatible; MSIE 9.0; Windows NT 6.1; WOW64; Trident/5.0; yie9)"
98.247.89.248 - - [01/Jul/2012:21:31:25 -0500] "GET /images/1.jpg HTTP/1.1" 200 142489 "http://www.operationspokaneheroes.org/_inc/slide.php" "Mozilla/5.0 (compatible; MSIE 9.0; Windows NT 6.1; WOW64; Trident/5.0; yie9)"
98.247.89.248 - - [01/Jul/2012:21:31:25 -0500] "GET /images/2.jpg HTTP/1.1" 200 170993 "http://www.operationspokaneheroes.org/_inc/slide.php" "Mozilla/5.0 (compatible; MSIE 9.0; Windows NT 6.1; WOW64; Trident/5.0; yie9)"
98.247.89.248 - - [01/Jul/2012:21:31:25 -0500] "GET /images/3.jpg HTTP/1.1" 200 240733 "http://www.operationspokaneheroes.org/_inc/slide.php" "Mozilla/5.0 (compatible; MSIE 9.0; Windows NT 6.1; WOW64; Trident/5.0; yie9)"
98.247.89.248 - - [01/Jul/2012:21:31:25 -0500] "GET /images/4.jpg HTTP/1.1" 200 186934 "http://www.operationspokaneheroes.org/_inc/slide.php" "Mozilla/5.0 (compatible; MSIE 9.0; Windows NT 6.1; WOW64; Trident/5.0; yie9)"
98.247.89.248 - - [01/Jul/2012:21:31:25 -0500] "GET /donate.php HTTP/1.1" 200 12903 "http://www.operationspokaneheroes.org/" "Mozilla/5.0 (compatible; MSIE 9.0; Windows NT 6.1; WOW64; Trident/5.0; yie9)"
98.247.89.248 - - [01/Jul/2012:21:31:26 -0500] "GET /_inc/slide.php HTTP/1.1" 200 3205 "http://www.operationspokaneheroes.org/donate.php" "Mozilla/5.0 (compatible; MSIE 9.0; Windows NT 6.1; WOW64; Trident/5.0; yie9)"
98.247.89.248 - - [01/Jul/2012:21:31:26 -0500] "GET /assets/images/btn_top_search_hover.png HTTP/1.1" 404 - "http://www.operationspokaneheroes.org/_inc/slide.php" "Mozilla/5.0 (compatible; MSIE 9.0; Windows NT 6.1; WOW64; Trident/5.0; yie9)"
98.247.89.248 - - [01/Jul/2012:21:31:26 -0500] "GET /assets/images/btn_main_search_hover.png HTTP/1.1" 404 - "http://www.operationspokaneheroes.org/_inc/slide.php" "Mozilla/5.0 (compatible; MSIE 9.0; Windows NT 6.1; WOW64; Trident/5.0; yie9)"
98.247.89.248 - - [01/Jul/2012:21:31:26 -0500] "GET /images/mission_statement_bg.png HTTP/1.1" 206 7426 "http://www.operationspokaneheroes.org/_inc/slide.php" "Mozilla/5.0 (compatible; MSIE 9.0; Windows NT 6.1; WOW64; Trident/5.0; yie9)"
98.247.89.248 - - [01/Jul/2012:21:31:26 -0500] "GET /images/3.jpg HTTP/1.1" 206 219229 "http://www.operationspokaneheroes.org/_inc/slide.php" "Mozilla/5.0 (compatible; MSIE 9.0; Windows NT 6.1; WOW64; Trident/5.0; yie9)"
98.247.89.248 - - [01/Jul/2012:21:31:26 -0500] "GET /images/2.jpg HTTP/1.1" 206 117369 "http://www.operationspokaneheroes.org/_inc/slide.php" "Mozilla/5.0 (compatible; MSIE 9.0; Windows NT 6.1; WOW64; Trident/5.0; yie9)"
98.247.89.248 - - [01/Jul/2012:21:31:26 -0500] "GET /images/4.jpg HTTP/1.1" 206 178570 "http://www.operationspokaneheroes.org/_inc/slide.php" "Mozilla/5.0 (compatible; MSIE 9.0; Windows NT 6.1; WOW64; Trident/5.0; yie9)"
98.247.89.248 - - [01/Jul/2012:21:31:28 -0500] "GET /donate.php HTTP/1.1" 200 12903 "http://www.operationspokaneheroes.org/donate.php" "Mozilla/5.0 (compatible; MSIE 9.0; Windows NT 6.1; WOW64; Trident/5.0; yie9)"
98.247.89.248 - - [01/Jul/2012:21:31:26 -0500] "GET /images/1.jpg HTTP/1.1" 206 139965 "http://www.operationspokaneheroes.org/_inc/slide.php" "Mozilla/5.0 (compatible; MSIE 9.0; Windows NT 6.1; WOW64; Trident/5.0; yie9)"
98.247.89.248 - - [01/Jul/2012:21:31:28 -0500] "GET /_inc/slide.php HTTP/1.1" 200 3205 "http://www.operationspokaneheroes.org/donate.php" "Mozilla/5.0 (compatible; MSIE 9.0; Windows NT 6.1; WOW64; Trident/5.0; yie9)"
98.247.89.248 - - [01/Jul/2012:21:31:28 -0500] "GET /assets/images/btn_main_search_hover.png HTTP/1.1" 404 - "http://www.operationspokaneheroes.org/_inc/slide.php" "Mozilla/5.0 (compatible; MSIE 9.0; Windows NT 6.1; WOW64; Trident/5.0; yie9)"
98.247.89.248 - - [01/Jul/2012:21:31:28 -0500] "GET /assets/images/btn_top_search_hover.png HTTP/1.1" 404 - "http://www.operationspokaneheroes.org/_inc/slide.php" "Mozilla/5.0 (compatible; MSIE 9.0; Windows NT 6.1; WOW64; Trident/5.0; yie9)"
98.247.89.248 - - [01/Jul/2012:21:31:28 -0500] "GET /images/3.jpg HTTP/1.1" 206 680 "http://www.operationspokaneheroes.org/_inc/slide.php" "Mozilla/5.0 (compatible; MSIE 9.0; Windows NT 6.1; WOW64; Trident/5.0; yie9)"
98.247.89.248 - - [01/Jul/2012:21:31:28 -0500] "GET /images/2.jpg HTTP/1.1" 206 8321 "http://www.operationspokaneheroes.org/_inc/slide.php" "Mozilla/5.0 (compatible; MSIE 9.0; Windows NT 6.1; WOW64; Trident/5.0; yie9)"
98.247.89.248 - - [01/Jul/2012:21:31:28 -0500] "GET /images/1.jpg HTTP/1.1" 206 45515 "http://www.operationspokaneheroes.org/_inc/slide.php" "Mozilla/5.0 (compatible; MSIE 9.0; Windows NT 6.1; WOW64; Trident/5.0; yie9)"
98.247.89.248 - - [01/Jul/2012:21:31:28 -0500] "GET /images/4.jpg HTTP/1.1" 206 27181 "http://www.operationspokaneheroes.org/_inc/slide.php" "Mozilla/5.0 (compatible; MSIE 9.0; Windows NT 6.1; WOW64; Trident/5.0; yie9)"
98.247.89.248 - - [01/Jul/2012:21:31:29 -0500] "GET /favicon.ico HTTP/1.1" 404 - "-" "Mozilla/5.0 (compatible; MSIE 9.0; Windows NT 6.1; WOW64; Trident/5.0; yie9)"
69.171.237.1 - - [01/Jul/2012:21:31:55 -0500] "GET /donate.php HTTP/1.1" 200 12903 "-" "facebookexternalhit/1.1 (+http://www.facebook.com/externalhit_uatext.php)"
69.171.228.245 - - [01/Jul/2012:21:31:57 -0500] "GET /images/contacticon.png HTTP/1.1" 200 4499 "-" "facebookexternalhit/1.0 (+http://www.facebook.com/externalhit_uatext.php)"
66.220.149.249 - - [01/Jul/2012:21:31:57 -0500] "GET /images/facebook.png HTTP/1.1" 200 5004 "-" "facebookexternalhit/1.0 (+http://www.facebook.com/externalhit_uatext.php)"
66.220.146.248 - - [01/Jul/2012:21:31:57 -0500] "GET /images/global.png HTTP/1.1" 200 5737 "-" "facebookexternalhit/1.0 (+http://www.facebook.com/externalhit_uatext.php)"
69.171.228.246 - - [01/Jul/2012:21:31:57 -0500] "GET /images/logo.png HTTP/1.1" 200 226129 "-" "facebookexternalhit/1.0 (+http://www.facebook.com/externalhit_uatext.php)"
69.171.228.247 - - [01/Jul/2012:21:36:30 -0500] "GET /images/contacticon.png HTTP/1.1" 200 4499 "-" "facebookexternalhit/1.0 (+http://www.facebook.com/externalhit_uatext.php)"
66.249.73.82 - - [01/Jul/2012:21:36:34 -0500] "GET /robots.txt HTTP/1.1" 404 - "-" "Mozilla/5.0 (compatible; Googlebot/2.1; +http://www.google.com/bot.html)"
66.249.73.82 - - [01/Jul/2012:21:36:34 -0500] "GET /donate.php HTTP/1.1" 200 12903 "-" "Mozilla/5.0 (compatible; Googlebot/2.1; +http://www.google.com/bot.html)"
65.52.0.56 - - [01/Jul/2012:21:36:37 -0500] "GET /donate.php HTTP/1.1" 200 12903 "-" "Mozilla/4.0 (compatible; MSIE 7.0; Windows NT 6.0)"
66.220.149.248 - - [01/Jul/2012:21:37:36 -0500] "GET /images/contacticon.png HTTP/1.1" 200 4499 "-" "facebookexternalhit/1.0 (+http://www.facebook.com/externalhit_uatext.php)"
69.171.228.245 - - [01/Jul/2012:21:37:42 -0500] "GET /images/contacticon.png HTTP/1.1" 200 4499 "-" "facebookexternalhit/1.0 (+http://www.facebook.com/externalhit_uatext.php)"
69.171.237.2 - - [01/Jul/2012:21:38:49 -0500] "GET /images/contacticon.png HTTP/1.1" 200 4499 "-" "facebookexternalhit/1.0 (+http://www.facebook.com/externalhit_uatext.php)"
173.192.79.101 - - [01/Jul/2012:21:44:32 -0500] "GET /donate.php HTTP/1.1" 200 12903 "-" "ShowyouBot (http://showyou.com/crawler)"
69.171.224.1 - - [01/Jul/2012:21:49:30 -0500] "GET /images/contacticon.png HTTP/1.1" 200 4499 "-" "facebookexternalhit/1.0 (+http://www.facebook.com/externalhit_uatext.php)"
69.171.237.1 - - [01/Jul/2012:21:50:01 -0500] "GET /images/contacticon.png HTTP/1.1" 200 4499 "-" "facebookexternalhit/1.0 (+http://www.facebook.com/externalhit_uatext.php)"
66.220.149.247 - - [01/Jul/2012:21:59:04 -0500] "GET /images/contacticon.png HTTP/1.1" 200 4499 "-" "facebookexternalhit/1.0 (+http://www.facebook.com/externalhit_uatext.php)"
208.115.113.86 - - [01/Jul/2012:22:05:54 -0500] "GET /robots.txt HTTP/1.1" 404 - "-" "Mozilla/5.0 (compatible; Ezooms/1.0; ezooms.bot@gmail.com)"
69.171.234.3 - - [01/Jul/2012:22:10:16 -0500] "GET /images/contacticon.png HTTP/1.1" 200 4499 "-" "facebookexternalhit/1.0 (+http://www.facebook.com/externalhit_uatext.php)"
69.171.237.2 - - [01/Jul/2012:22:15:51 -0500] "GET /images/contacticon.png HTTP/1.1" 200 4499 "-" "facebookexternalhit/1.0 (+http://www.facebook.com/externalhit_uatext.php)"
180.76.5.94 - - [01/Jul/2012:22:17:02 -0500] "GET /java_for_joes/index.html HTTP/1.1" 404 - "-" "Mozilla/5.0 (compatible; Baiduspider/2.0; +http://www.baidu.com/search/spider.html)"
66.220.149.249 - - [01/Jul/2012:22:17:42 -0500] "GET /images/contacticon.png HTTP/1.1" 200 4499 "-" "facebookexternalhit/1.0 (+http://www.facebook.com/externalhit_uatext.php)"
69.171.237.1 - - [01/Jul/2012:22:19:57 -0500] "GET /images/contacticon.png HTTP/1.1" 200 4499 "-" "facebookexternalhit/1.0 (+http://www.facebook.com/externalhit_uatext.php)"
69.171.229.248 - - [01/Jul/2012:22:25:08 -0500] "GET /images/contacticon.png HTTP/1.1" 200 4499 "-" "facebookexternalhit/1.0 (+http://www.facebook.com/externalhit_uatext.php)"
69.171.234.4 - - [01/Jul/2012:22:31:55 -0500] "GET /images/contacticon.png HTTP/1.1" 200 4499 "-" "facebookexternalhit/1.0 (+http://www.facebook.com/externalhit_uatext.php)"
69.171.237.0 - - [01/Jul/2012:22:49:16 -0500] "GET /images/contacticon.png HTTP/1.1" 200 4499 "-" "facebookexternalhit/1.0 (+http://www.facebook.com/externalhit_uatext.php)"
208.115.113.86 - - [01/Jul/2012:22:49:59 -0500] "GET /robots.txt HTTP/1.1" 404 - "-" "Mozilla/5.0 (compatible; Ezooms/1.0; ezooms.bot@gmail.com)"
69.171.237.5 - - [01/Jul/2012:22:59:44 -0500] "GET /images/contacticon.png HTTP/1.1" 200 4499 "-" "facebookexternalhit/1.0 (+http://www.facebook.com/externalhit_uatext.php)"
69.171.237.0 - - [01/Jul/2012:23:10:30 -0500] "GET /images/contacticon.png HTTP/1.1" 200 4499 "-" "facebookexternalhit/1.0 (+http://www.facebook.com/externalhit_uatext.php)"
69.171.224.0 - - [01/Jul/2012:23:12:33 -0500] "GET /images/contacticon.png HTTP/1.1" 200 4499 "-" "facebookexternalhit/1.0 (+http://www.facebook.com/externalhit_uatext.php)"
69.171.237.1 - - [01/Jul/2012:23:34:29 -0500] "GET /images/contacticon.png HTTP/1.1" 200 4499 "-" "facebookexternalhit/1.0 (+http://www.facebook.com/externalhit_uatext.php)"
66.220.149.244 - - [01/Jul/2012:23:36:39 -0500] "GET /images/contacticon.png HTTP/1.1" 200 4499 "-" "facebookexternalhit/1.0 (+http://www.facebook.com/externalhit_uatext.php)"
69.171.229.244 - - [01/Jul/2012:23:38:46 -0500] "GET /images/contacticon.png HTTP/1.1" 200 4499 "-" "facebookexternalhit/1.0 (+http://www.facebook.com/externalhit_uatext.php)"
1.202.218.8 - - [01/Jul/2012:23:53:01 -0500] "GET /robots.txt HTTP/1.0" 404 - "-" "\"Mozilla/5.0"
69.171.234.5 - - [01/Jul/2012:23:58:58 -0500] "GET /images/contacticon.png HTTP/1.1" 200 4499 "-" "facebookexternalhit/1.0 (+http://www.facebook.com/externalhit_uatext.php)"
208.115.113.86 - - [02/Jul/2012:00:09:30 -0500] "GET /benefits.php HTTP/1.1" 404 - "-" "Mozilla/5.0 (compatible; Ezooms/1.0; ezooms.bot@gmail.com)"
66.220.149.244 - - [02/Jul/2012:00:22:07 -0500] "GET /images/contacticon.png HTTP/1.1" 200 4499 "-" "facebookexternalhit/1.0 (+http://www.facebook.com/externalhit_uatext.php)"
69.171.234.2 - - [02/Jul/2012:00:31:00 -0500] "GET /images/contacticon.png HTTP/1.1" 200 4499 "-" "facebookexternalhit/1.0 (+http://www.facebook.com/externalhit_uatext.php)"
69.171.237.6 - - [02/Jul/2012:00:31:09 -0500] "GET /images/contacticon.png HTTP/1.1" 200 4499 "-" "facebookexternalhit/1.0 (+http://www.facebook.com/externalhit_uatext.php)"
69.171.237.4 - - [02/Jul/2012:00:43:16 -0500] "GET /images/contacticon.png HTTP/1.1" 200 4499 "-" "facebookexternalhit/1.0 (+http://www.facebook.com/externalhit_uatext.php)"
66.220.147.249 - - [02/Jul/2012:00:46:28 -0500] "GET /images/contacticon.png HTTP/1.1" 200 4499 "-" "facebookexternalhit/1.0 (+http://www.facebook.com/externalhit_uatext.php)"
69.171.224.5 - - [02/Jul/2012:01:13:40 -0500] "GET /images/contacticon.png HTTP/1.1" 200 4499 "-" "facebookexternalhit/1.0 (+http://www.facebook.com/externalhit_uatext.php)"
69.171.237.1 - - [02/Jul/2012:01:49:56 -0500] "GET /images/contacticon.png HTTP/1.1" 200 4499 "-" "facebookexternalhit/1.0 (+http://www.facebook.com/externalhit_uatext.php)"
89.182.69.133 - - [02/Jul/2012:01:50:34 -0500] "GET /index.php HTTP/1.1" 200 10447 "-" "findlinks/2.0.2 (+http://wortschatz.uni-leipzig.de/findlinks/)"
123.125.71.116 - - [02/Jul/2012:02:28:16 -0500] "GET /events.php HTTP/1.1" 200 6407 "-" "Mozilla/5.0 (compatible; Baiduspider/2.0; +http://www.baidu.com/search/spider.html)"
69.171.237.3 - - [02/Jul/2012:02:29:54 -0500] "GET /images/contacticon.png HTTP/1.1" 200 4499 "-" "facebookexternalhit/1.0 (+http://www.facebook.com/externalhit_uatext.php)"
69.171.234.7 - - [02/Jul/2012:02:45:27 -0500] "GET /images/contacticon.png HTTP/1.1" 200 4499 "-" "facebookexternalhit/1.0 (+http://www.facebook.com/externalhit_uatext.php)"
132.79.9.15 - - [02/Jul/2012:04:05:10 -0500] "GET /_inc/slide.php HTTP/1.0" 200 3205 "-" "Mozilla/4.0 (compatible;)"
1.202.218.8 - - [02/Jul/2012:05:40:40 -0500] "GET /robots.txt HTTP/1.0" 404 - "-" "\"Mozilla/5.0"
212.113.37.106 - - [02/Jul/2012:05:41:05 -0500] "GET /join/ HTTP/1.1" 404 - "-" "Mozilla/5.0 (compatible; AhrefsBot/3.1; +http://ahrefs.com/robot/)"
180.76.5.61 - - [02/Jul/2012:05:44:45 -0500] "GET /cgi-sys/defaultwebpage.cgi HTTP/1.1" 200 3477 "-" "Mozilla/5.0 (compatible; Baiduspider/2.0; +http://www.baidu.com/search/spider.html)"
69.171.229.249 - - [02/Jul/2012:07:50:51 -0500] "GET /images/contacticon.png HTTP/1.1" 200 4499 "-" "facebookexternalhit/1.0 (+http://www.facebook.com/externalhit_uatext.php)"
69.171.229.245 - - [02/Jul/2012:07:57:50 -0500] "GET /images/contacticon.png HTTP/1.1" 200 4499 "-" "facebookexternalhit/1.0 (+http://www.facebook.com/externalhit_uatext.php)"
1.202.218.8 - - [02/Jul/2012:08:49:13 -0500] "GET /robots.txt HTTP/1.0" 404 - "-" "\"Mozilla/5.0"
157.55.17.91 - - [02/Jul/2012:09:46:07 -0500] "GET /business.php HTTP/1.1" 200 10703 "-" "Mozilla/4.0 (compatible; MSIE 7.0; Windows NT 5.2;  SLCC1;  .NET CLR 1.1.4322;  .NET CLR 2.0.40607;  .NET CLR 3.0.30729;  .NET CLR 3.5.30707;  MS-RTC LM 8)"
157.55.17.91 - - [02/Jul/2012:09:46:09 -0500] "GET /css/global.css HTTP/1.1" 200 13951 "http://operationspokaneheroes.org/business.php" "Mozilla/4.0 (compatible; MSIE 7.0; Windows NT 5.2;  SLCC1;  .NET CLR 1.1.4322;  .NET CLR 2.0.40607;  .NET CLR 3.0.30729;  .NET CLR 3.5.30707;  MS-RTC LM 8)"
157.55.17.91 - - [02/Jul/2012:09:46:11 -0500] "GET /css/footer.css HTTP/1.1" 200 752 "http://operationspokaneheroes.org/business.php" "Mozilla/4.0 (compatible; MSIE 7.0; Windows NT 5.2;  SLCC1;  .NET CLR 1.1.4322;  .NET CLR 2.0.40607;  .NET CLR 3.0.30729;  .NET CLR 3.5.30707;  MS-RTC LM 8)"
157.55.17.91 - - [02/Jul/2012:09:46:13 -0500] "GET /_inc/slide.php HTTP/1.1" 200 3205 "http://operationspokaneheroes.org/business.php" "Mozilla/4.0 (compatible; MSIE 7.0; Windows NT 5.2;  SLCC1;  .NET CLR 1.1.4322;  .NET CLR 2.0.40607;  .NET CLR 3.0.30729;  .NET CLR 3.5.30707;  MS-RTC LM 8)"
69.171.234.3 - - [02/Jul/2012:10:12:22 -0500] "GET /images/contacticon.png HTTP/1.1" 200 4499 "-" "facebookexternalhit/1.0 (+http://www.facebook.com/externalhit_uatext.php)"
69.171.237.1 - - [02/Jul/2012:10:29:05 -0500] "GET /images/contacticon.png HTTP/1.1" 200 4499 "-" "facebookexternalhit/1.0 (+http://www.facebook.com/externalhit_uatext.php)"
69.171.234.2 - - [02/Jul/2012:10:34:20 -0500] "GET /images/contacticon.png HTTP/1.1" 200 4499 "-" "facebookexternalhit/1.0 (+http://www.facebook.com/externalhit_uatext.php)"
69.171.234.7 - - [02/Jul/2012:10:36:19 -0500] "GET /images/contacticon.png HTTP/1.1" 200 4499 "-" "facebookexternalhit/1.0 (+http://www.facebook.com/externalhit_uatext.php)"
1.202.218.8 - - [02/Jul/2012:11:49:20 -0500] "GET /robots.txt HTTP/1.0" 404 - "-" "\"Mozilla/5.0"
69.171.237.3 - - [02/Jul/2012:12:13:27 -0500] "GET /images/contacticon.png HTTP/1.1" 200 4499 "-" "facebookexternalhit/1.0 (+http://www.facebook.com/externalhit_uatext.php)"
69.171.237.4 - - [02/Jul/2012:13:24:18 -0500] "GET /images/contacticon.png HTTP/1.1" 200 4499 "-" "facebookexternalhit/1.0 (+http://www.facebook.com/externalhit_uatext.php)"
98.139.241.251 - - [02/Jul/2012:13:32:46 -0500] "GET / HTTP/1.1" 200 8383 "-" "YahooCacheSystem"
69.171.224.0 - - [02/Jul/2012:13:35:13 -0500] "GET /index.php HTTP/1.1" 200 10447 "-" "facebookexternalhit/1.1 (+http://www.facebook.com/externalhit_uatext.php)"
100.43.83.155 - - [02/Jul/2012:13:37:13 -0500] "GET /business.php HTTP/1.1" 200 10703 "-" "Mozilla/5.0 (compatible; YandexBot/3.0; +http://yandex.com/bots)"
69.171.234.3 - - [02/Jul/2012:13:44:42 -0500] "GET /images/contacticon.png HTTP/1.1" 200 4499 "-" "facebookexternalhit/1.0 (+http://www.facebook.com/externalhit_uatext.php)"
1.202.218.8 - - [02/Jul/2012:14:40:07 -0500] "GET /robots.txt HTTP/1.0" 404 - "-" "\"Mozilla/5.0"
69.171.237.2 - - [02/Jul/2012:14:42:27 -0500] "GET /images/contacticon.png HTTP/1.1" 200 4499 "-" "facebookexternalhit/1.0 (+http://www.facebook.com/externalhit_uatext.php)"
69.171.234.7 - - [02/Jul/2012:14:44:33 -0500] "GET /images/contacticon.png HTTP/1.1" 200 4499 "-" "facebookexternalhit/1.0 (+http://www.facebook.com/externalhit_uatext.php)"
208.115.113.86 - - [02/Jul/2012:16:11:25 -0500] "GET /robots.txt HTTP/1.1" 404 - "-" "Mozilla/5.0 (compatible; Ezooms/1.0; ezooms.bot@gmail.com)"
199.58.86.211 - - [02/Jul/2012:16:28:21 -0500] "GET /robots.txt HTTP/1.0" 404 - "-" "Mozilla/5.0 (compatible; MJ12bot/v1.4.3; http://www.majestic12.co.uk/bot.php?+)"
199.58.86.211 - - [02/Jul/2012:16:28:26 -0500] "GET /java_for_joes/index.html HTTP/1.0" 404 - "-" "Mozilla/5.0 (compatible; MJ12bot/v1.4.3; http://www.majestic12.co.uk/bot.php?+)"
208.115.113.86 - - [02/Jul/2012:17:25:39 -0500] "GET /business_discount.php HTTP/1.1" 404 - "-" "Mozilla/5.0 (compatible; Ezooms/1.0; ezooms.bot@gmail.com)"
1.202.218.8 - - [02/Jul/2012:17:31:12 -0500] "GET /robots.txt HTTP/1.0" 404 - "-" "\"Mozilla/5.0"
66.220.149.250 - - [02/Jul/2012:18:07:11 -0500] "GET /images/contacticon.png HTTP/1.1" 200 4499 "-" "facebookexternalhit/1.0 (+http://www.facebook.com/externalhit_uatext.php)"
100.43.83.155 - - [02/Jul/2012:18:51:15 -0500] "GET /robots.txt HTTP/1.1" 404 - "-" "Mozilla/5.0 (compatible; YandexBot/3.0; +http://yandex.com/bots)"
100.43.83.155 - - [02/Jul/2012:18:51:17 -0500] "GET /events.php HTTP/1.1" 200 6407 "-" "Mozilla/5.0 (compatible; YandexBot/3.0; +http://yandex.com/bots)"
100.43.83.155 - - [02/Jul/2012:18:51:20 -0500] "GET / HTTP/1.1" 200 10447 "-" "Mozilla/5.0 (compatible; YandexBot/3.0; +http://yandex.com/bots)"
100.43.83.155 - - [02/Jul/2012:18:55:39 -0500] "GET /_inc/slide.php HTTP/1.1" 200 3205 "-" "Mozilla/5.0 (compatible; YandexBot/3.0; +http://yandex.com/bots)"
100.43.83.155 - - [02/Jul/2012:18:55:41 -0500] "GET /donate.php HTTP/1.1" 200 12903 "-" "Mozilla/5.0 (compatible; YandexBot/3.0; +http://yandex.com/bots)"
100.43.83.155 - - [02/Jul/2012:19:04:42 -0500] "GET /slider.html HTTP/1.1" 200 7878 "-" "Mozilla/5.0 (compatible; YandexBot/3.0; +http://yandex.com/bots)"
69.171.237.2 - - [02/Jul/2012:19:17:10 -0500] "GET /images/contacticon.png HTTP/1.1" 200 4499 "-" "facebookexternalhit/1.0 (+http://www.facebook.com/externalhit_uatext.php)"
69.171.224.0 - - [02/Jul/2012:20:03:36 -0500] "GET /images/contacticon.png HTTP/1.1" 200 4499 "-" "facebookexternalhit/1.0 (+http://www.facebook.com/externalhit_uatext.php)"
1.202.218.8 - - [02/Jul/2012:20:22:42 -0500] "GET /robots.txt HTTP/1.0" 404 - "-" "\"Mozilla/5.0"
69.171.224.0 - - [02/Jul/2012:21:28:31 -0500] "GET /images/contacticon.png HTTP/1.1" 200 4499 "-" "facebookexternalhit/1.0 (+http://www.facebook.com/externalhit_uatext.php)"
69.171.237.3 - - [02/Jul/2012:21:32:07 -0500] "GET /images/contacticon.png HTTP/1.1" 200 4499 "-" "facebookexternalhit/1.0 (+http://www.facebook.com/externalhit_uatext.php)"
89.123.40.173 - - [02/Jul/2012:22:42:49 -0500] "GET / HTTP/1.1" 200 10447 "-" "Java/1.6.0_04"
89.123.40.173 - - [02/Jul/2012:22:42:51 -0500] "GET /aboutus.php HTTP/1.1" 200 11557 "-" "Java/1.6.0_04"
89.123.40.173 - - [02/Jul/2012:22:42:52 -0500] "GET /business.php HTTP/1.1" 200 10703 "-" "Java/1.6.0_04"
89.123.40.173 - - [02/Jul/2012:22:42:53 -0500] "GET /calendar.php HTTP/1.1" 200 10599 "-" "Java/1.6.0_04"
89.123.40.173 - - [02/Jul/2012:22:42:54 -0500] "GET /contact.php HTTP/1.1" 200 10409 "-" "Java/1.6.0_04"
89.123.40.173 - - [02/Jul/2012:22:42:54 -0500] "GET /donate.php HTTP/1.1" 200 12903 "-" "Java/1.6.0_04"
89.123.40.173 - - [02/Jul/2012:22:42:56 -0500] "GET /events.php HTTP/1.1" 200 6407 "-" "Java/1.6.0_04"
89.123.40.173 - - [02/Jul/2012:22:42:57 -0500] "GET /index.php HTTP/1.1" 200 10447 "-" "Java/1.6.0_04"
89.123.40.173 - - [02/Jul/2012:22:42:58 -0500] "GET /slider.html HTTP/1.1" 200 7878 "-" "Java/1.6.0_04"
89.123.40.173 - - [02/Jul/2012:22:42:59 -0500] "GET /jquery.easing.1.3.js HTTP/1.1" 200 8097 "-" "Java/1.6.0_04"
89.123.40.173 - - [02/Jul/2012:22:42:59 -0500] "GET /_inc/slide.php HTTP/1.1" 200 3205 "-" "Java/1.6.0_04"
89.123.40.173 - - [02/Jul/2012:22:43:00 -0500] "GET /images/contacticon.png HTTP/1.1" 200 4499 "-" "Java/1.6.0_04"
89.123.40.173 - - [02/Jul/2012:22:43:00 -0500] "GET /images/facebook.png HTTP/1.1" 200 5004 "-" "Java/1.6.0_04"
89.123.40.173 - - [02/Jul/2012:22:43:00 -0500] "GET /images/global.png HTTP/1.1" 200 5737 "-" "Java/1.6.0_04"
89.123.40.173 - - [02/Jul/2012:22:43:01 -0500] "GET /images/logo.png HTTP/1.1" 200 226129 "-" "Java/1.6.0_04"
89.123.40.173 - - [02/Jul/2012:22:45:43 -0500] "GET /_inc/contact.php HTTP/1.1" 200 756 "-" "Java/1.6.0_04"
89.123.40.173 - - [02/Jul/2012:22:45:45 -0500] "GET /events/Brittanycozza-.png HTTP/1.1" 200 156325 "-" "Java/1.6.0_04"
89.123.40.173 - - [02/Jul/2012:22:45:51 -0500] "GET /js/Bebas_400.font.js HTTP/1.1" 200 32806 "-" "Java/1.6.0_04"
89.123.40.173 - - [02/Jul/2012:22:45:52 -0500] "GET /js/cufon-yui.js HTTP/1.1" 200 18257 "-" "Java/1.6.0_04"
89.123.40.173 - - [02/Jul/2012:22:45:52 -0500] "GET /join HTTP/1.1" 404 - "-" "Java/1.6.0_04"
89.123.40.173 - - [02/Jul/2012:22:45:53 -0500] "GET /js/combined.js HTTP/1.1" 200 169946 "-" "Java/1.6.0_04"
89.123.40.173 - - [02/Jul/2012:22:45:57 -0500] "GET /contact/contactengine.php HTTP/1.1" 200 61 "-" "Java/1.6.0_04"
89.123.40.173 - - [02/Jul/2012:22:45:57 -0500] "GET /js/'+opts.iframeSrc+' HTTP/1.1" 404 - "-" "Java/1.6.0_04"
89.123.40.173 - - [02/Jul/2012:22:45:58 -0500] "GET /js/'+s.src+' HTTP/1.1" 404 - "-" "Java/1.6.0_04"
89.123.40.173 - - [02/Jul/2012:22:45:58 -0500] "GET /js/)&&label.html(message);}else{label=$( HTTP/1.1" 404 - "-" "Java/1.6.0_04"
89.123.40.173 - - [02/Jul/2012:22:45:59 -0500] "GET /js/).html(options.highlight(formatted,term)).addClass(i%2==0? HTTP/1.1" 404 - "-" "Java/1.6.0_04"
89.123.40.173 - - [02/Jul/2012:22:45:59 -0500] "GET /js/).html(unescape($c.find( HTTP/1.1" 404 - "-" "Java/1.6.0_04"
89.123.40.173 - - [02/Jul/2012:22:46:00 -0500] "GET /js/).show().html(unescape($c.attr( HTTP/1.1" 404 - "-" "Java/1.6.0_04"
89.123.40.173 - - [02/Jul/2012:22:46:00 -0500] "GET /js/)j.html(e?c( HTTP/1.1" 404 - "-" "Java/1.6.0_04"
89.123.40.173 - - [02/Jul/2012:22:46:01 -0500] "GET /js/,f);var t=o(r);if(g.tip&&j){l.html(f.data( HTTP/1.1" 404 - "-" "Java/1.6.0_04"
89.123.40.173 - - [02/Jul/2012:22:46:01 -0500] "GET /js/:this.idOrName(element),generated:true}).addClass(this.settings.errorClass).html(message|| HTTP/1.1" 404 - "-" "Java/1.6.0_04"
89.123.40.173 - - [02/Jul/2012:22:46:02 -0500] "GET /js/]};F.optgroup=F.option;F.tbody=F.tfoot=F.colgroup=F.caption=F.thead;F.th=F.td;if(!c.support.htmlSerialize)F._default=[1, HTTP/1.1" 404 - "-" "Java/1.6.0_04"
89.123.40.173 - - [02/Jul/2012:22:46:02 -0500] "GET /contact/0;URL=contactthanks.php HTTP/1.1" 404 - "-" "Java/1.6.0_04"
89.123.40.173 - - [02/Jul/2012:22:46:03 -0500] "GET /events/carousel_11/carousel_11.html HTTP/1.1" 200 3712 "-" "Java/1.6.0_04"
69.171.237.2 - - [02/Jul/2012:23:07:37 -0500] "GET /images/contacticon.png HTTP/1.1" 200 4499 "-" "facebookexternalhit/1.0 (+http://www.facebook.com/externalhit_uatext.php)"
1.202.218.8 - - [02/Jul/2012:23:15:35 -0500] "GET /robots.txt HTTP/1.0" 404 - "-" "\"Mozilla/5.0"
208.115.111.70 - - [02/Jul/2012:23:52:03 -0500] "GET /robots.txt HTTP/1.1" 404 - "-" "Mozilla/5.0 (compatible; Ezooms/1.0; ezooms.bot@gmail.com)"
23.20.69.31 - - [02/Jul/2012:23:59:01 -0500] "GET /robots.txt HTTP/1.1" 404 - "-" "Mozilla/5.0 (Macintosh; U; Intel Mac OS X 10.6; en-US; rv:1.9.2) Gecko/20100115 Firefox/3.6 (FlipboardProxy/1.1; +http://flipboard.com/browserproxy)"
23.20.69.31 - - [02/Jul/2012:23:59:01 -0500] "GET /donate.php HTTP/1.1" 200 12903 "-" "Mozilla/5.0 (Macintosh; U; Intel Mac OS X 10.6; en-US; rv:1.9.2) Gecko/20100115 Firefox/3.6 (FlipboardProxy/1.1; +http://flipboard.com/browserproxy)"
23.22.224.140 - - [02/Jul/2012:23:59:02 -0500] "GET /robots.txt HTTP/1.1" 404 - "-" "Mozilla/5.0 (Macintosh; U; Intel Mac OS X 10.6; en-US; rv:1.9.2) Gecko/20100115 Firefox/3.6 (FlipboardProxy/0.0.5; +http://flipboard.com/browserproxy)"
174.129.122.137 - - [02/Jul/2012:23:59:02 -0500] "GET /images/logo.png HTTP/1.1" 200 226129 "http://www.operationspokaneheroes.org/donate.php" "Mozilla/5.0 (Macintosh; U; Intel Mac OS X 10.6; en-US; rv:1.9.2) Gecko/20100115 Firefox/3.6 (FlipboardProxy/0.0.5; +http://flipboard.com/browserproxy)"
66.249.73.82 - - [03/Jul/2012:00:39:20 -0500] "GET /robots.txt HTTP/1.1" 404 - "-" "Mozilla/5.0 (compatible; Googlebot/2.1; +http://www.google.com/bot.html)"
66.249.73.82 - - [03/Jul/2012:00:39:20 -0500] "GET /donate.php HTTP/1.1" 200 12903 "-" "Mozilla/5.0 (iPhone; U; CPU iPhone OS 4_1 like Mac OS X; en-us) AppleWebKit/532.9 (KHTML, like Gecko) Version/4.0.5 Mobile/8B117 Safari/6531.22.7 (compatible; Googlebot-Mobile/2.1; +http://www.google.com/bot.html)"
66.249.73.82 - - [03/Jul/2012:00:58:36 -0500] "GET / HTTP/1.1" 200 10447 "-" "Mozilla/5.0 (compatible; Googlebot/2.1; +http://www.google.com/bot.html)"
208.90.56.152 - - [03/Jul/2012:01:18:17 -0500] "GET / HTTP/1.1" 200 10447 "-" "Mozilla/5.0 (Macintosh; Intel Mac OS X 10.6; rv:2.0.1) Gecko/20100101 Firefox/4.0.1"
208.90.56.152 - - [03/Jul/2012:01:18:22 -0500] "GET /aboutus.php HTTP/1.1" 200 11557 "-" "Mozilla/5.0 (Macintosh; Intel Mac OS X 10.6; rv:2.0.1) Gecko/20100101 Firefox/4.0.1"
208.90.56.152 - - [03/Jul/2012:01:18:27 -0500] "GET /slider.html HTTP/1.1" 200 7878 "-" "Mozilla/5.0 (Macintosh; Intel Mac OS X 10.6; rv:2.0.1) Gecko/20100101 Firefox/4.0.1"
208.90.56.152 - - [03/Jul/2012:01:18:28 -0500] "GET /_inc/slide.php HTTP/1.1" 200 3205 "-" "Mozilla/5.0 (Macintosh; Intel Mac OS X 10.6; rv:2.0.1) Gecko/20100101 Firefox/4.0.1"
208.115.111.70 - - [03/Jul/2012:01:50:10 -0500] "GET /events.php HTTP/1.1" 200 6407 "-" "Mozilla/5.0 (compatible; Ezooms/1.0; ezooms.bot@gmail.com)"
1.202.218.8 - - [03/Jul/2012:02:25:57 -0500] "GET /robots.txt HTTP/1.0" 404 - "-" "\"Mozilla/5.0"
157.56.94.158 - - [03/Jul/2012:05:25:24 -0500] "GET /robots.txt HTTP/1.1" 404 - "-" "msnbot/2.0b (+http://search.msn.com/msnbot.htm)"
157.56.94.158 - - [03/Jul/2012:05:25:24 -0500] "GET / HTTP/1.1" 200 10447 "-" "msnbot/2.0b (+http://search.msn.com/msnbot.htm)"
208.115.111.70 - - [03/Jul/2012:07:24:39 -0500] "GET /robots.txt HTTP/1.1" 404 - "-" "Mozilla/5.0 (compatible; Ezooms/1.0; ezooms.bot@gmail.com)"
157.56.94.158 - - [03/Jul/2012:08:12:35 -0500] "GET /robots.txt HTTP/1.1" 404 - "-" "msnbot/2.0b (+http://search.msn.com/msnbot.htm)"
157.56.94.158 - - [03/Jul/2012:08:12:35 -0500] "GET /donate.php HTTP/1.1" 200 12903 "-" "msnbot/2.0b (+http://search.msn.com/msnbot.htm)"
69.171.237.4 - - [03/Jul/2012:08:29:05 -0500] "GET /images/contacticon.png HTTP/1.1" 200 4499 "-" "facebookexternalhit/1.0 (+http://www.facebook.com/externalhit_uatext.php)"
208.115.111.70 - - [03/Jul/2012:09:06:21 -0500] "GET /robots.txt HTTP/1.1" 404 - "-" "Mozilla/5.0 (compatible; Ezooms/1.0; ezooms.bot@gmail.com)"
1.202.218.8 - - [03/Jul/2012:09:46:48 -0500] "GET /robots.txt HTTP/1.0" 404 - "-" "\"Mozilla/5.0"
208.115.111.70 - - [03/Jul/2012:10:27:03 -0500] "GET /employers.php HTTP/1.1" 404 - "-" "Mozilla/5.0 (compatible; Ezooms/1.0; ezooms.bot@gmail.com)"
157.56.94.158 - - [03/Jul/2012:11:12:18 -0500] "GET /index.php HTTP/1.1" 200 10447 "-" "msnbot/2.0b (+http://search.msn.com/msnbot.htm)"
157.56.94.158 - - [03/Jul/2012:11:12:22 -0500] "GET /contact.php HTTP/1.1" 200 10409 "-" "msnbot/2.0b (+http://search.msn.com/msnbot.htm)"
157.56.94.158 - - [03/Jul/2012:11:12:24 -0500] "GET /events.php HTTP/1.1" 200 6407 "-" "msnbot/2.0b (+http://search.msn.com/msnbot.htm)"
157.56.94.158 - - [03/Jul/2012:11:12:26 -0500] "GET /slider.html HTTP/1.1" 200 7878 "-" "msnbot/2.0b (+http://search.msn.com/msnbot.htm)"
157.56.94.158 - - [03/Jul/2012:11:12:27 -0500] "GET /calendar.php HTTP/1.1" 200 10599 "-" "msnbot/2.0b (+http://search.msn.com/msnbot.htm)"
157.56.94.158 - - [03/Jul/2012:11:12:29 -0500] "GET /_inc/slide.php HTTP/1.1" 200 3205 "-" "msnbot/2.0b (+http://search.msn.com/msnbot.htm)"
157.56.94.158 - - [03/Jul/2012:11:12:30 -0500] "GET /business.php HTTP/1.1" 200 10703 "-" "msnbot/2.0b (+http://search.msn.com/msnbot.htm)"
157.56.94.158 - - [03/Jul/2012:11:12:32 -0500] "GET /aboutus.php HTTP/1.1" 200 11557 "-" "msnbot/2.0b (+http://search.msn.com/msnbot.htm)"
157.56.94.158 - - [03/Jul/2012:11:12:34 -0500] "GET /donate.php HTTP/1.1" 200 12903 "-" "msnbot/2.0b (+http://search.msn.com/msnbot.htm)"
65.52.110.199 - - [03/Jul/2012:12:27:41 -0500] "GET /robots.txt HTTP/1.1" 404 - "-" "Mozilla/5.0 (compatible; bingbot/2.0; +http://www.bing.com/bingbot.htm)"
65.52.110.199 - - [03/Jul/2012:12:28:20 -0500] "GET / HTTP/1.1" 200 10447 "-" "Mozilla/5.0 (compatible; bingbot/2.0; +http://www.bing.com/bingbot.htm)"
69.171.224.3 - - [03/Jul/2012:13:44:07 -0500] "GET /java_for_joes/index.html HTTP/1.1" 404 - "-" "facebookexternalhit/1.1 (+http://www.facebook.com/externalhit_uatext.php)"
65.113.247.2 - - [03/Jul/2012:14:06:48 -0500] "GET / HTTP/1.1" 200 10447 "-" "Mozilla/4.0 (compatible; MSIE 7.0; Windows NT 5.1; GTB7.3; .NET CLR 1.1.4322; .NET CLR 2.0.50727; .NET CLR 3.0.04506.30; .NET CLR 3.0.4506.2152; .NET CLR 3.5.30729)"
65.113.247.2 - - [03/Jul/2012:14:06:48 -0500] "GET /css/global.css HTTP/1.1" 200 13951 "http://operationspokaneheroes.org/" "Mozilla/4.0 (compatible; MSIE 7.0; Windows NT 5.1; GTB7.3; .NET CLR 1.1.4322; .NET CLR 2.0.50727; .NET CLR 3.0.04506.30; .NET CLR 3.0.4506.2152; .NET CLR 3.5.30729)"
65.113.247.2 - - [03/Jul/2012:14:06:49 -0500] "GET /images/bg2.jpg HTTP/1.1" 200 55206 "http://operationspokaneheroes.org/" "Mozilla/4.0 (compatible; MSIE 7.0; Windows NT 5.1; GTB7.3; .NET CLR 1.1.4322; .NET CLR 2.0.50727; .NET CLR 3.0.04506.30; .NET CLR 3.0.4506.2152; .NET CLR 3.5.30729)"
65.113.247.2 - - [03/Jul/2012:14:06:49 -0500] "GET /images/logo.png HTTP/1.1" 200 226129 "http://operationspokaneheroes.org/" "Mozilla/4.0 (compatible; MSIE 7.0; Windows NT 5.1; GTB7.3; .NET CLR 1.1.4322; .NET CLR 2.0.50727; .NET CLR 3.0.04506.30; .NET CLR 3.0.4506.2152; .NET CLR 3.5.30729)"
65.113.247.2 - - [03/Jul/2012:14:06:50 -0500] "GET /slider.html HTTP/1.1" 200 7878 "http://operationspokaneheroes.org/" "Mozilla/4.0 (compatible; MSIE 7.0; Windows NT 5.1; GTB7.3; .NET CLR 1.1.4322; .NET CLR 2.0.50727; .NET CLR 3.0.04506.30; .NET CLR 3.0.4506.2152; .NET CLR 3.5.30729)"
65.113.247.2 - - [03/Jul/2012:14:06:50 -0500] "GET /_inc/slide.php HTTP/1.1" 200 3205 "http://operationspokaneheroes.org/" "Mozilla/4.0 (compatible; MSIE 7.0; Windows NT 5.1; GTB7.3; .NET CLR 1.1.4322; .NET CLR 2.0.50727; .NET CLR 3.0.04506.30; .NET CLR 3.0.4506.2152; .NET CLR 3.5.30729)"
65.113.247.2 - - [03/Jul/2012:14:06:50 -0500] "GET /images/nav2.jpg HTTP/1.1" 200 4444 "http://operationspokaneheroes.org/" "Mozilla/4.0 (compatible; MSIE 7.0; Windows NT 5.1; GTB7.3; .NET CLR 1.1.4322; .NET CLR 2.0.50727; .NET CLR 3.0.04506.30; .NET CLR 3.0.4506.2152; .NET CLR 3.5.30729)"
65.113.247.2 - - [03/Jul/2012:14:06:50 -0500] "GET /images/facebook.png HTTP/1.1" 200 5004 "http://operationspokaneheroes.org/" "Mozilla/4.0 (compatible; MSIE 7.0; Windows NT 5.1; GTB7.3; .NET CLR 1.1.4322; .NET CLR 2.0.50727; .NET CLR 3.0.04506.30; .NET CLR 3.0.4506.2152; .NET CLR 3.5.30729)"
65.113.247.2 - - [03/Jul/2012:14:06:50 -0500] "GET /mainbk.png HTTP/1.1" 200 290 "http://operationspokaneheroes.org/" "Mozilla/4.0 (compatible; MSIE 7.0; Windows NT 5.1; GTB7.3; .NET CLR 1.1.4322; .NET CLR 2.0.50727; .NET CLR 3.0.04506.30; .NET CLR 3.0.4506.2152; .NET CLR 3.5.30729)"
65.113.247.2 - - [03/Jul/2012:14:06:50 -0500] "GET /images/global.png HTTP/1.1" 200 5737 "http://operationspokaneheroes.org/" "Mozilla/4.0 (compatible; MSIE 7.0; Windows NT 5.1; GTB7.3; .NET CLR 1.1.4322; .NET CLR 2.0.50727; .NET CLR 3.0.04506.30; .NET CLR 3.0.4506.2152; .NET CLR 3.5.30729)"
65.113.247.2 - - [03/Jul/2012:14:06:50 -0500] "GET /images/contacticon.png HTTP/1.1" 200 4499 "http://operationspokaneheroes.org/" "Mozilla/4.0 (compatible; MSIE 7.0; Windows NT 5.1; GTB7.3; .NET CLR 1.1.4322; .NET CLR 2.0.50727; .NET CLR 3.0.04506.30; .NET CLR 3.0.4506.2152; .NET CLR 3.5.30729)"
65.113.247.2 - - [03/Jul/2012:14:06:51 -0500] "GET /css/footer.css HTTP/1.1" 200 752 "http://operationspokaneheroes.org/" "Mozilla/4.0 (compatible; MSIE 7.0; Windows NT 5.1; GTB7.3; .NET CLR 1.1.4322; .NET CLR 2.0.50727; .NET CLR 3.0.04506.30; .NET CLR 3.0.4506.2152; .NET CLR 3.5.30729)"
65.113.247.2 - - [03/Jul/2012:14:06:51 -0500] "GET /css/compact_style.css HTTP/1.1" 200 4934 "http://operationspokaneheroes.org/slider.html" "Mozilla/4.0 (compatible; MSIE 7.0; Windows NT 5.1; GTB7.3; .NET CLR 1.1.4322; .NET CLR 2.0.50727; .NET CLR 3.0.04506.30; .NET CLR 3.0.4506.2152; .NET CLR 3.5.30729)"
65.113.247.2 - - [03/Jul/2012:14:06:51 -0500] "GET /js/cufon-yui.js HTTP/1.1" 200 18257 "http://operationspokaneheroes.org/slider.html" "Mozilla/4.0 (compatible; MSIE 7.0; Windows NT 5.1; GTB7.3; .NET CLR 1.1.4322; .NET CLR 2.0.50727; .NET CLR 3.0.04506.30; .NET CLR 3.0.4506.2152; .NET CLR 3.5.30729)"
65.113.247.2 - - [03/Jul/2012:14:06:51 -0500] "GET /css/slide.css HTTP/1.1" 200 2869 "http://operationspokaneheroes.org/_inc/slide.php" "Mozilla/4.0 (compatible; MSIE 7.0; Windows NT 5.1; GTB7.3; .NET CLR 1.1.4322; .NET CLR 2.0.50727; .NET CLR 3.0.04506.30; .NET CLR 3.0.4506.2152; .NET CLR 3.5.30729)"
65.113.247.2 - - [03/Jul/2012:14:06:51 -0500] "GET /css/style_global.css HTTP/1.1" 200 2621 "http://operationspokaneheroes.org/_inc/slide.php" "Mozilla/4.0 (compatible; MSIE 7.0; Windows NT 5.1; GTB7.3; .NET CLR 1.1.4322; .NET CLR 2.0.50727; .NET CLR 3.0.04506.30; .NET CLR 3.0.4506.2152; .NET CLR 3.5.30729)"
65.113.247.2 - - [03/Jul/2012:14:06:51 -0500] "GET /js/Bebas_400.font.js HTTP/1.1" 200 32806 "http://operationspokaneheroes.org/slider.html" "Mozilla/4.0 (compatible; MSIE 7.0; Windows NT 5.1; GTB7.3; .NET CLR 1.1.4322; .NET CLR 2.0.50727; .NET CLR 3.0.04506.30; .NET CLR 3.0.4506.2152; .NET CLR 3.5.30729)"
